parselog
1  : pgn=129038 line=Rx 10275390 11 f8 0e 01 60 1b c1 7e e1 df 15 be
1  : pgn=129038 line=Rx 10275390 11 f8 0e 01 61 20 0e b7 2b 2d 68 1c
1  : pgn=129038 line=Rx 10275391 11 f8 0e 01 62 55 81 d4 00 00 00 00
1  : pgn=129038 line=Rx 10275391 11 f8 0e 01 63 00 68 03 00 00 f0 fe
0  : pgn=127250 line=Rx 10275400 09 f1 12 00 ff a0 3f ff 7f ff 7f fd
source=0: pgn=Vessel Heading(127250): values=Heading=(93.32 deg) Deviation=(None) Variation=(None) Reference=("1")

0  : pgn=127245 line=Rx 10275401 09 f1 0d 00 00 f8 ff 7f 00 00 ff ff
source=0: pgn=Rudder(127245): values=Instance=(0) DirectionOrder=("0") AngleOrder=(None) Position=(0.00 deg)

3  : pgn=129029 line=Tx 10275402 0d f8 05 03 20 2b 52 06 40 08 77 09
3  : pgn=129029 line=Tx 10275402 0d f8 05 03 21 2c 00 8a 7e 25 2b e3
3  : pgn=129029 line=Tx 10275402 0d f8 05 03 22 9e 06 00 8c f9 53 6b
3  : pgn=129029 line=Tx 10275402 0d f8 05 03 23 3a 00 ef ff ff ff ff
3  : pgn=129029 line=Tx 10275402 0d f8 05 03 24 ff ff ff 7f 23 fc 09
3  : pgn=129029 line=Tx 10275402 0d f8 05 03 25 54 00 ff 7f ff ff ff
3  : pgn=129029 line=Tx 10275402 0d f8 05 03 26 7f 00 ff ff ff ff ff
3  : pgn=129025 line=Tx 10275402 09 f8 01 03 61 7c 6f 1c 4e 48 fd b6
source=3: pgn=Position, Rapid Update(129025): values=Latitude=(47.706838499999996 deg) Longitude=(-122.49148659999999 deg)

3  : pgn=129033 line=Tx 10275402 0d f8 09 03 06 40 08 77 09 2c 5c fe
source=3: pgn=Time & Date(129033): values=Date=(16390 d) Time=(73881.78 s) LocalOffset=(-25200.0 s)

32 : pgn=128259 line=Rx 10275407 09 f5 03 20 14 39 01 ff ff ff ff ff
source=32: pgn=Speed(128259): values=SpeedWaterReferenced=(3.13 m/s) SpeedGroundReferenced=(None) SpeedWaterReferencedType=(None) SpeedDirection=(None)

32 : pgn=130310 line=Rx 10275410 15 fd 06 20 99 ff ff ff ff ff ff ff
source=32: pgn=Environmental Parameters (obsolete)(130310): values=WaterTemperature=(None) OutsideAmbientAirTemperature=(None) AtmosphericPressure=(None)

4  : pgn=65384  line=Rx 10275411 1c ff 68 04 3b 9f 00 00 00 00 00 00
32 : pgn=128275 line=Rx 10275419 19 f5 13 20 60 0e ff ff ff ff ff ff
32 : pgn=128275 line=Rx 10275424 19 f5 13 20 61 43 ad 3c 00 43 ad 3c
0  : pgn=65359  line=Rx 10275428 1c ff 4f 00 3b 9f ff ff ff a0 3f ff
source=0: pgn=Seatalk: Pilot Heading(65359): values=ManufacturerCode=(1851) IndustryCode=(4) HeadingTrue=(None) HeadingMagnetic=(93.32 deg)

32 : pgn=128275 line=Rx 10275429 19 f5 13 20 62 00 ff ff ff ff ff ff
1  : pgn=59936  line=Rx 10275449 18 ea 20 01 00 ee 00 00 00 00 00 00
0  : pgn=127250 line=Rx 10275496 09 f1 12 00 ff af 3f ff 7f ff 7f fd
source=0: pgn=Vessel Heading(127250): values=Heading=(93.41 deg) Deviation=(None) Variation=(None) Reference=("1")

0  : pgn=127245 line=Rx 10275497 09 f1 0d 00 00 f8 ff 7f 00 00 ff ff
source=0: pgn=Rudder(127245): values=Instance=(0) DirectionOrder=("0") AngleOrder=(None) Position=(0.00 deg)

3  : pgn=129026 line=Tx 10275502 09 f8 02 03 ff fc f3 42 3c 01 ff ff
source=3: pgn=COG & SOG, Rapid Update(129026): values=COGReference=("0") COG=(98.20 deg) SOG=(3.16 m/s)

3  : pgn=129025 line=Tx 10275502 09 f8 01 03 61 7c 6f 1c 4e 48 fd b6
source=3: pgn=Position, Rapid Update(129025): values=Latitude=(47.706838499999996 deg) Longitude=(-122.49148659999999 deg)

3  : pgn=126992 line=Tx 10275502 0d f0 10 03 ff ff 06 40 08 77 09 2c
source=3: pgn=System Time(126992): values=Source=(None) Date=(16390 d) Time=(73881.78 s)

0  : pgn=65359  line=Rx 10275503 1c ff 4f 00 3b 9f ff ff ff af 3f ff
source=0: pgn=Seatalk: Pilot Heading(65359): values=ManufacturerCode=(1851) IndustryCode=(4) HeadingTrue=(None) HeadingMagnetic=(93.41 deg)

32 : pgn=128259 line=Rx 10275505 09 f5 03 20 15 2a 01 ff ff ff ff ff
0  : pgn=127250 line=Rx 10275596 09 f1 12 00 ff c2 3f ff 7f ff 7f fd
source=0: pgn=Vessel Heading(127250): values=Heading=(93.52 deg) Deviation=(None) Variation=(None) Reference=("1")

0  : pgn=127245 line=Rx 10275597 09 f1 0d 00 00 f8 ff 7f 00 00 ff ff
source=0: pgn=Rudder(127245): values=Instance=(0) DirectionOrder=("0") AngleOrder=(None) Position=(0.00 deg)

0  : pgn=65379  line=Rx 10275601 1c ff 63 00 3b 9f 00 00 00 00 01 ff
source=0: pgn=Seatalk: Pilot Mode(65379): values=ManufacturerCode=(1851) IndustryCode=(4) PilotMode=(0) SubMode=(0) PilotModeData=(0)

0  : pgn=65359  line=Rx 10275602 1c ff 4f 00 3b 9f ff ff ff c2 3f ff
source=0: pgn=Seatalk: Pilot Heading(65359): values=ManufacturerCode=(1851) IndustryCode=(4) HeadingTrue=(None) HeadingMagnetic=(93.52 deg)

32 : pgn=128259 line=Rx 10275604 09 f5 03 20 16 29 01 ff ff ff ff ff
source=32: pgn=Speed(128259): values=SpeedWaterReferenced=(2.97 m/s) SpeedGroundReferenced=(None) SpeedWaterReferencedType=(None) SpeedDirection=(None)

3  : pgn=129025 line=Tx 10275604 09 f8 01 03 61 7c 6f 1c 4e 48 fd b6
source=3: pgn=Position, Rapid Update(129025): values=Latitude=(47.706838499999996 deg) Longitude=(-122.49148659999999 deg)

0  : pgn=126975 line=Rx 10275611 1d ef ff 00 20 0d 3b 9f f0 81 84 d6
0  : pgn=126975 line=Rx 10275613 1d ef ff 00 21 41 07 00 00 00 02 05
0  : pgn=127250 line=Rx 10275696 09 f1 12 00 ff cb 3f ff 7f ff 7f fd
source=0: pgn=Vessel Heading(127250): values=Heading=(93.57 deg) Deviation=(None) Variation=(None) Reference=("1")

0  : pgn=127245 line=Rx 10275697 09 f1 0d 00 00 f8 ff 7f 00 00 ff ff
source=0: pgn=Rudder(127245): values=Instance=(0) DirectionOrder=("0") AngleOrder=(None) Position=(0.00 deg)

32 : pgn=128259 line=Rx 10275703 09 f5 03 20 17 2a 01 ff ff ff ff ff
source=32: pgn=Speed(128259): values=SpeedWaterReferenced=(2.98 m/s) SpeedGroundReferenced=(None) SpeedWaterReferencedType=(None) SpeedDirection=(None)

0  : pgn=65359  line=Rx 10275704 1c ff 4f 00 3b 9f ff ff ff cb 3f ff
source=0: pgn=Seatalk: Pilot Heading(65359): values=ManufacturerCode=(1851) IndustryCode=(4) HeadingTrue=(None) HeadingMagnetic=(93.57 deg)

3  : pgn=129026 line=Tx 10275704 09 f8 02 03 ff fc 16 43 3c 01 ff ff
source=3: pgn=COG & SOG, Rapid Update(129026): values=COGReference=("0") COG=(98.40 deg) SOG=(3.16 m/s)

3  : pgn=129025 line=Tx 10275704 09 f8 01 03 51 7c 6f 1c 9d 48 fd b6
source=3: pgn=Position, Rapid Update(129025): values=Latitude=(47.7068369 deg) Longitude=(-122.49147869999999 deg)

3  : pgn=129291 line=Tx 10275704 0d f9 0b 03 ff fc 6d 11 3d 00 ff ff
source=3: pgn=Set & Drift, Rapid Update(129291): values=SetReference=("0") Set=(25.56 deg) Drift=(0.61 m/s)

0  : pgn=126975 line=Rx 10275723 1d ef ff 00 40 09 3b 9f f0 81 ae 02
0  : pgn=126975 line=Rx 10275725 1d ef ff 00 41 00 08 00 ff ff ff ff
0  : pgn=127250 line=Rx 10275795 09 f1 12 00 ff df 3f ff 7f ff 7f fd
source=0: pgn=Vessel Heading(127250): values=Heading=(93.68 deg) Deviation=(None) Variation=(None) Reference=("1")

0  : pgn=127245 line=Rx 10275796 09 f1 0d 00 00 f8 ff 7f 00 00 ff ff
source=0: pgn=Rudder(127245): values=Instance=(0) DirectionOrder=("0") AngleOrder=(None) Position=(0.00 deg)

0  : pgn=65359  line=Rx 10275802 1c ff 4f 00 3b 9f ff ff ff df 3f ff
source=0: pgn=Seatalk: Pilot Heading(65359): values=ManufacturerCode=(1851) IndustryCode=(4) HeadingTrue=(None) HeadingMagnetic=(93.68 deg)

32 : pgn=128259 line=Rx 10275803 09 f5 03 20 18 2f 01 ff ff ff ff ff
source=32: pgn=Speed(128259): values=SpeedWaterReferenced=(3.0300000000000002 m/s) SpeedGroundReferenced=(None) SpeedWaterReferencedType=(None) SpeedDirection=(None)

3  : pgn=129025 line=Tx 10275806 09 f8 01 03 51 7c 6f 1c 9d 48 fd b6
source=3: pgn=Position, Rapid Update(129025): values=Latitude=(47.7068369 deg) Longitude=(-122.49147869999999 deg)

0  : pgn=127250 line=Rx 10275895 09 f1 12 00 ff f5 3f ff 7f ff 7f fd
source=0: pgn=Vessel Heading(127250): values=Heading=(93.81 deg) Deviation=(None) Variation=(None) Reference=("1")

0  : pgn=127245 line=Rx 10275896 09 f1 0d 00 00 f8 ff 7f 00 00 ff ff
source=0: pgn=Rudder(127245): values=Instance=(0) DirectionOrder=("0") AngleOrder=(None) Position=(0.00 deg)

32 : pgn=128259 line=Rx 10275902 09 f5 03 20 19 27 01 ff ff ff ff ff
source=32: pgn=Speed(128259): values=SpeedWaterReferenced=(2.95 m/s) SpeedGroundReferenced=(None) SpeedWaterReferencedType=(None) SpeedDirection=(None)

0  : pgn=65359  line=Rx 10275903 1c ff 4f 00 3b 9f ff ff ff f5 3f ff
source=0: pgn=Seatalk: Pilot Heading(65359): values=ManufacturerCode=(1851) IndustryCode=(4) HeadingTrue=(None) HeadingMagnetic=(93.81 deg)

3  : pgn=129026 line=Tx 10275906 09 f8 02 03 ff fc 39 43 3c 01 ff ff
source=3: pgn=COG & SOG, Rapid Update(129026): values=COGReference=("0") COG=(98.60 deg) SOG=(3.16 m/s)

3  : pgn=130577 line=Tx 10275906 0d fe 11 03 40 0e c0 53 39 43 3c 01
3  : pgn=130577 line=Tx 10275906 0d fe 11 03 41 ff ff ff ff 6d 11 3d
3  : pgn=130577 line=Tx 10275906 0d fe 11 03 42 00 ff ff ff ff ff ff
3  : pgn=129025 line=Tx 10275906 09 f8 01 03 41 7c 6f 1c f0 48 fd b6
3  : pgn=130306 line=Tx 10275906 09 fd 02 03 ff 60 03 36 cd fa ff ff
source=3: pgn=Wind Data(130306): values=WindSpeed=(8.64 m/s) WindAngle=(301.00 deg) Reference=("2")

0  : pgn=127250 line=Rx 10275995 09 f1 12 00 ff 01 40 ff 7f ff 7f fd
source=0: pgn=Vessel Heading(127250): values=Heading=(93.88 deg) Deviation=(None) Variation=(None) Reference=("1")

0  : pgn=127245 line=Rx 10275996 09 f1 0d 00 00 f8 ff 7f 00 00 ff ff
source=0: pgn=Rudder(127245): values=Instance=(0) DirectionOrder=("0") AngleOrder=(None) Position=(0.00 deg)

0  : pgn=65359  line=Rx 10276000 1c ff 4f 00 3b 9f ff ff ff 01 40 ff
source=0: pgn=Seatalk: Pilot Heading(65359): values=ManufacturerCode=(1851) IndustryCode=(4) HeadingTrue=(None) HeadingMagnetic=(93.88 deg)

3  : pgn=129283 line=Tx 10276006 0d f9 03 03 ff 7f ff ff ff 7f ff ff
source=3: pgn=Cross Track Error(129283): values=XTEmode=(None) NavigationTerminated=("1") XTE=(None)

3  : pgn=129025 line=Tx 10276006 09 f8 01 03 41 7c 6f 1c f0 48 fd b6
source=3: pgn=Position, Rapid Update(129025): values=Latitude=(47.706835299999995 deg) Longitude=(-122.4914704 deg)

3  : pgn=128267 line=Tx 10276006 0d f5 0b 03 ff 6d 3b 00 00 00 00 ff
source=3: pgn=Water Depth(128267): values=Depth=(152.13 m) Offset=(0.0 m) Range=(None)

32 : pgn=128259 line=Rx 10276007 09 f5 03 20 1a 27 01 ff ff ff ff ff
source=32: pgn=Speed(128259): values=SpeedWaterReferenced=(2.95 m/s) SpeedGroundReferenced=(None) SpeedWaterReferencedType=(None) SpeedDirection=(None)

32 : pgn=65368  line=Rx 10276012 1c ff 58 20 3b 9f 35 56 71 ff ff ff
0  : pgn=127250 line=Rx 10276095 09 f1 12 00 ff 23 40 ff 7f ff 7f fd
source=0: pgn=Vessel Heading(127250): values=Heading=(94.07 deg) Deviation=(None) Variation=(None) Reference=("1")

0  : pgn=127245 line=Rx 10276096 09 f1 0d 00 00 f8 ff 7f 00 00 ff ff
source=0: pgn=Rudder(127245): values=Instance=(0) DirectionOrder=("0") AngleOrder=(None) Position=(0.00 deg)

32 : pgn=128259 line=Rx 10276102 09 f5 03 20 1b 27 01 ff ff ff ff ff
source=32: pgn=Speed(128259): values=SpeedWaterReferenced=(2.95 m/s) SpeedGroundReferenced=(None) SpeedWaterReferencedType=(None) SpeedDirection=(None)

0  : pgn=65359  line=Rx 10276105 1c ff 4f 00 3b 9f ff ff ff 23 40 ff
source=0: pgn=Seatalk: Pilot Heading(65359): values=ManufacturerCode=(1851) IndustryCode=(4) HeadingTrue=(None) HeadingMagnetic=(94.07 deg)

3  : pgn=129026 line=Tx 10276106 09 f8 02 03 ff fc 39 43 3c 01 ff ff
source=3: pgn=COG & SOG, Rapid Update(129026): values=COGReference=("0") COG=(98.60 deg) SOG=(3.16 m/s)

3  : pgn=129025 line=Tx 10276106 09 f8 01 03 41 7c 6f 1c f0 48 fd b6
source=3: pgn=Position, Rapid Update(129025): values=Latitude=(47.706835299999995 deg) Longitude=(-122.4914704 deg)

3  : pgn=129542 line=Tx 10276106 19 fa 06 03 40 0f 53 62 01 00 00 00
3  : pgn=129542 line=Tx 10276106 19 fa 06 03 41 00 00 00 00 00 00 00
3  : pgn=129542 line=Tx 10276106 19 fa 06 03 42 00 00 ff ff ff ff ff
3  : pgn=65364  line=Tx 10276106 1c ff 54 03 3b 9f 60 03 36 cd ff ff
0  : pgn=126975 line=Rx 10276107 1d ef ff 00 60 08 3b 9f f0 81 9c 11
0  : pgn=126975 line=Rx 10276109 1d ef ff 00 61 02 00 ff ff ff ff ff
0  : pgn=127250 line=Rx 10276195 09 f1 12 00 ff 38 40 ff 7f ff 7f fd
source=0: pgn=Vessel Heading(127250): values=Heading=(94.19 deg) Deviation=(None) Variation=(None) Reference=("1")

0  : pgn=127245 line=Rx 10276196 09 f1 0d 00 00 f8 ff 7f 00 00 ff ff
source=0: pgn=Rudder(127245): values=Instance=(0) DirectionOrder=("0") AngleOrder=(None) Position=(0.00 deg)

0  : pgn=65359  line=Rx 10276201 1c ff 4f 00 3b 9f ff ff ff 38 40 ff
source=0: pgn=Seatalk: Pilot Heading(65359): values=ManufacturerCode=(1851) IndustryCode=(4) HeadingTrue=(None) HeadingMagnetic=(94.19 deg)

32 : pgn=128259 line=Rx 10276201 09 f5 03 20 1c 26 01 ff ff ff ff ff
source=32: pgn=Speed(128259): values=SpeedWaterReferenced=(2.94 m/s) SpeedGroundReferenced=(None) SpeedWaterReferencedType=(None) SpeedDirection=(None)

3  : pgn=129540 line=Tx 10276207 19 fa 04 03 80 9f 75 ff 0d 03 45 1b
source=3: pgn=GNSS Sats in View(129540): values=RangeResidualMode=(None) SatsinView=(117) PRN=(None) Elevation=(4.47 deg) Azimuth=(40.00 deg) SNR=(0.0 dB) Rangeresiduals=(0) Status=("0")

3  : pgn=129540 line=Tx 10276207 19 fa 04 03 81 2e 26 00 00 00 00 00
source=3: pgn=GNSS Sats in View(129540): values=RangeResidualMode=("0") SatsinView=(38) PRN=(0) Elevation=(0.00 deg) Azimuth=(0.00 deg) SNR=(0.0 dB) Rangeresiduals=(0) Status=("0")

3  : pgn=129540 line=Tx 10276207 19 fa 04 03 82 00 f3 0f ff 1d 5c 3d
source=3: pgn=GNSS Sats in View(129540): values=RangeResidualMode=("0") SatsinView=(243) PRN=(15) Elevation=(44.00 deg) Azimuth=(90.00 deg) SNR=(0.0 dB) Rangeresiduals=(0) Status=("0")

3  : pgn=129540 line=Tx 10276207 19 fa 04 03 83 f0 0a 00 00 00 00 f5
source=3: pgn=GNSS Sats in View(129540): values=RangeResidualMode=("0") SatsinView=(10) PRN=(0) Elevation=(0.00 deg) Azimuth=(359.36 deg) SNR=(0.0 dB) Rangeresiduals=(0) Status=("0")

3  : pgn=129540 line=Tx 10276207 19 fa 04 03 84 10 17 13 71 b9 d8 0e
source=3: pgn=GNSS Sats in View(129540): values=RangeResidualMode=("0") SatsinView=(23) PRN=(19) Elevation=(-103.49 deg) Azimuth=(21.77 deg) SNR=(0.0 dB) Rangeresiduals=(0) Status=("0")

3  : pgn=129540 line=Tx 10276207 19 fa 04 03 85 00 00 00 00 f5 12 16
source=3: pgn=GNSS Sats in View(129540): values=RangeResidualMode=("0") SatsinView=(0) PRN=(0) Elevation=(-16.13 deg) Azimuth=(32.37 deg) SNR=(0.0 dB) Rangeresiduals=(0) Status=("0")

3  : pgn=129540 line=Tx 10276207 19 fa 04 03 86 31 f2 93 68 10 00 00
source=3: pgn=GNSS Sats in View(129540): values=RangeResidualMode=("1") SatsinView=(242) PRN=(147) Elevation=(24.06 deg) Azimuth=(0.00 deg) SNR=(0.0 dB) Rangeresiduals=(0) Status=("0")

3  : pgn=129540 line=Tx 10276207 19 fa 04 03 87 00 00 f5 13 ba 02 1f
source=3: pgn=GNSS Sats in View(129540): values=RangeResidualMode=("0") SatsinView=(0) PRN=(245) Elevation=(-102.57 deg) Azimuth=(45.48 deg) SNR=(0.0 dB) Rangeresiduals=(0) Status=("0")

3  : pgn=129540 line=Tx 10276207 19 fa 04 03 88 d8 74 0e 00 00 00 00
source=3: pgn=GNSS Sats in View(129540): values=RangeResidualMode=("0") SatsinView=(116) PRN=(14) Elevation=(0.00 deg) Azimuth=(0.00 deg) SNR=(0.0 dB) Rangeresiduals=(0) Status=("0")

3  : pgn=129540 line=Tx 10276207 19 fa 04 03 89 f5 15 e8 37 5d 1f 3c
source=3: pgn=GNSS Sats in View(129540): values=RangeResidualMode=("1") SatsinView=(21) PRN=(232) Elevation=(136.72 deg) Azimuth=(88.18 deg) SNR=(0.0 dB) Rangeresiduals=(0) Status=("0")

3  : pgn=129540 line=Tx 10276207 19 fa 04 03 8a 0f 00 00 00 00 f5 16
source=3: pgn=GNSS Sats in View(129540): values=RangeResidualMode=(None) SatsinView=(0) PRN=(0) Elevation=(0.00 deg) Azimuth=(33.67 deg) SNR=(0.0 dB) Rangeresiduals=(0) Status=("0")

3  : pgn=129540 line=Tx 10276208 19 fa 04 03 8b d1 15 cf 9c 68 10 00
source=3: pgn=GNSS Sats in View(129540): values=RangeResidualMode=("1") SatsinView=(21) PRN=(207) Elevation=(153.44 deg) Azimuth=(0.09 deg) SNR=(0.0 dB) Rangeresiduals=(0) Status=("0")

1  : pgn=129038 line=Rx 10276209 11 f8 0e 01 80 1b c1 78 cf e8 15 cb
3  : pgn=129540 line=Tx 10276209 19 fa 04 03 8c 00 00 00 f5 1a ae 0f
source=3: pgn=GNSS Sats in View(129540): values=RangeResidualMode=("0") SatsinView=(0) PRN=(0) Elevation=(39.54 deg) Azimuth=(23.00 deg) SNR=(0.0 dB) Rangeresiduals=(0) Status=("0")

1  : pgn=129038 line=Rx 10276209 11 f8 0e 01 81 74 13 b7 d1 74 5a 1c
1  : pgn=129038 line=Rx 10276210 11 f8 0e 01 82 5c 94 a4 00 00 00 00
1  : pgn=129038 line=Rx 10276211 11 f8 0e 01 83 00 4f 77 00 00 f0 fe
3  : pgn=129540 line=Tx 10276212 19 fa 04 03 8d 0b 20 80 0c 00 00 00
source=3: pgn=GNSS Sats in View(129540): values=RangeResidualMode=(None) SatsinView=(32) PRN=(128) Elevation=(0.07 deg) Azimuth=(0.00 deg) SNR=(0.0 dB) Rangeresiduals=(0) Status=("0")

3  : pgn=129540 line=Tx 10276213 19 fa 04 03 8e 00 f5 1b 23 15 ab d2
source=3: pgn=GNSS Sats in View(129540): values=RangeResidualMode=("0") SatsinView=(245) PRN=(27) Elevation=(31.00 deg) Azimuth=(309.00 deg) SNR=(0.0 dB) Rangeresiduals=(0) Status=("0")

3  : pgn=129540 line=Tx 10276213 19 fa 04 03 8f 1c 0c 00 00 00 00 f5
source=3: pgn=GNSS Sats in View(129540): values=RangeResidualMode=("0") SatsinView=(12) PRN=(0) Elevation=(0.00 deg) Azimuth=(359.36 deg) SNR=(0.0 dB) Rangeresiduals=(0) Status=("0")

3  : pgn=129540 line=Tx 10276214 19 fa 04 03 90 1d 00 0f a1 67 3c 0f
source=3: pgn=GNSS Sats in View(129540): values=RangeResidualMode=("1") SatsinView=(0) PRN=(15) Elevation=(152.00 deg) Azimuth=(22.35 deg) SNR=(0.0 dB) Rangeresiduals=(0) Status=("0")

3  : pgn=129540 line=Tx 10276215 19 fa 04 03 91 00 00 00 00 f5 23 d1
source=3: pgn=GNSS Sats in View(129540): values=RangeResidualMode=("0") SatsinView=(0) PRN=(0) Elevation=(-16.13 deg) Azimuth=(306.76 deg) SNR=(0.0 dB) Rangeresiduals=(0) Status=("0")

3  : pgn=129540 line=Tx 10276215 19 fa 04 03 92 15 c3 8b 00 00 00 00
source=3: pgn=GNSS Sats in View(129540): values=RangeResidualMode=("1") SatsinView=(195) PRN=(139) Elevation=(0.00 deg) Azimuth=(0.00 deg) SNR=(0.0 dB) Rangeresiduals=(0) Status=("0")

3  : pgn=129540 line=Tx 10276216 19 fa 04 03 93 00 00 f3 30 2e 17 43
source=3: pgn=GNSS Sats in View(129540): values=RangeResidualMode=("0") SatsinView=(0) PRN=(243) Elevation=(67.75 deg) Azimuth=(98.41 deg) SNR=(0.0 dB) Rangeresiduals=(0) Status=("0")

3  : pgn=129540 line=Tx 10276218 19 fa 04 03 94 84 ac 0d 00 00 00 00
source=3: pgn=GNSS Sats in View(129540): values=RangeResidualMode=("0") SatsinView=(172) PRN=(13) Elevation=(0.00 deg) Azimuth=(0.00 deg) SNR=(0.0 dB) Rangeresiduals=(0) Status=("0")

3  : pgn=129540 line=Tx 10276219 19 fa 04 03 95 f5 33 80 16 67 6c e4
source=3: pgn=GNSS Sats in View(129540): values=RangeResidualMode=("1") SatsinView=(51) PRN=(128) Elevation=(151.20 deg) Azimuth=(335.04 deg) SNR=(0.0 dB) Rangeresiduals=(0) Status=("0")

3  : pgn=129540 line=Tx 10276219 19 fa 04 03 96 0c 00 00 00 00 f5 ff
source=3: pgn=GNSS Sats in View(129540): values=RangeResidualMode=("0") SatsinView=(0) PRN=(0) Elevation=(0.00 deg) Azimuth=(375.43 deg) SNR=(0.0 dB) Rangeresiduals=(0) Status=("0")

3  : pgn=129025 line=Tx 10276220 09 f8 01 03 24 7c 6f 1c 95 49 fd b6
source=3: pgn=Position, Rapid Update(129025): values=Latitude=(47.706832399999996 deg) Longitude=(-122.4914539 deg)

3  : pgn=127258 line=Tx 10276221 19 f1 1a 03 ff f6 12 39 fa 0a ff ff
source=3: pgn=Magnetic Variation(127258): values=Source=("6") Ageofservice=(14610 d) Variation=(16.10 deg)

0  : pgn=127250 line=Rx 10276296 09 f1 12 00 ff 66 40 ff 7f ff 7f fd
source=0: pgn=Vessel Heading(127250): values=Heading=(94.46 deg) Deviation=(None) Variation=(None) Reference=("1")

0  : pgn=127245 line=Rx 10276296 09 f1 0d 00 00 f8 ff 7f 00 00 ff ff
source=0: pgn=Rudder(127245): values=Instance=(0) DirectionOrder=("0") AngleOrder=(None) Position=(0.00 deg)

32 : pgn=128259 line=Rx 10276301 09 f5 03 20 1d 2f 01 ff ff ff ff ff
source=32: pgn=Speed(128259): values=SpeedWaterReferenced=(3.0300000000000002 m/s) SpeedGroundReferenced=(None) SpeedWaterReferencedType=(None) SpeedDirection=(None)

0  : pgn=65359  line=Rx 10276306 1c ff 4f 00 3b 9f ff ff ff 66 40 ff
source=0: pgn=Seatalk: Pilot Heading(65359): values=ManufacturerCode=(1851) IndustryCode=(4) HeadingTrue=(None) HeadingMagnetic=(94.46 deg)

3  : pgn=129026 line=Tx 10276307 09 f8 02 03 ff fc 4a 43 3c 01 ff ff
source=3: pgn=COG & SOG, Rapid Update(129026): values=COGReference=("0") COG=(98.70 deg) SOG=(3.16 m/s)

3  : pgn=129025 line=Tx 10276307 09 f8 01 03 24 7c 6f 1c 95 49 fd b6
source=3: pgn=Position, Rapid Update(129025): values=Latitude=(47.706832399999996 deg) Longitude=(-122.4914539 deg)

1  : pgn=129794 line=Rx 10276362 19 fb 02 01 a0 4b 05 25 49 e5 15 62
1  : pgn=129794 line=Rx 10276363 19 fb 02 01 a1 d0 78 00 57 44 45 34
1  : pgn=129794 line=Rx 10276363 19 fb 02 01 a2 30 37 35 48 41 52 4d
1  : pgn=129794 line=Rx 10276364 19 fb 02 01 a3 4f 4e 59 20 31 20 20
1  : pgn=129794 line=Rx 10276364 19 fb 02 01 a4 20 20 20 20 20 20 20
1  : pgn=129794 line=Rx 10276365 19 fb 02 01 a5 20 20 5a 18 01 50 00
1  : pgn=129794 line=Rx 10276366 19 fb 02 01 a6 ff ff ff ff b6 3f 00
1  : pgn=129794 line=Rx 10276366 19 fb 02 01 a7 51 25 02 2c 01 53 45
1  : pgn=129794 line=Rx 10276367 19 fb 02 01 a8 41 54 54 4c 45 20 20
1  : pgn=129794 line=Rx 10276367 19 fb 02 01 a9 20 20 20 20 20 20 20
1  : pgn=129794 line=Rx 10276368 19 fb 02 01 aa 20 20 20 20 04 e1 ff
0  : pgn=127250 line=Rx 10276395 09 f1 12 00 ff 8f 40 ff 7f ff 7f fd
source=0: pgn=Vessel Heading(127250): values=Heading=(94.69 deg) Deviation=(None) Variation=(None) Reference=("1")

0  : pgn=127245 line=Rx 10276396 09 f1 0d 00 00 f8 ff 7f 00 00 ff ff
source=0: pgn=Rudder(127245): values=Instance=(0) DirectionOrder=("0") AngleOrder=(None) Position=(0.00 deg)

0  : pgn=65359  line=Rx 10276401 1c ff 4f 00 3b 9f ff ff ff 8f 40 ff
source=0: pgn=Seatalk: Pilot Heading(65359): values=ManufacturerCode=(1851) IndustryCode=(4) HeadingTrue=(None) HeadingMagnetic=(94.69 deg)

32 : pgn=128259 line=Rx 10276402 09 f5 03 20 1e 27 01 ff ff ff ff ff
source=32: pgn=Speed(128259): values=SpeedWaterReferenced=(2.95 m/s) SpeedGroundReferenced=(None) SpeedWaterReferencedType=(None) SpeedDirection=(None)

32 : pgn=130310 line=Rx 10276406 15 fd 06 20 9a ff ff ff ff ff ff ff
source=32: pgn=Environmental Parameters (obsolete)(130310): values=WaterTemperature=(None) OutsideAmbientAirTemperature=(None) AtmosphericPressure=(None)

3  : pgn=129029 line=Tx 10276407 0d f8 05 03 40 2b 53 06 40 b4 93 09
3  : pgn=129029 line=Tx 10276407 0d f8 05 03 41 2c 00 68 9c f1 1c e3
3  : pgn=129029 line=Tx 10276407 0d f8 05 03 42 9e 06 00 92 b1 76 b7
3  : pgn=129029 line=Tx 10276407 0d f8 05 03 43 3a 00 ef ff ff ff ff
3  : pgn=129029 line=Tx 10276407 0d f8 05 03 44 ff ff ff 7f 23 fc 09
3  : pgn=129029 line=Tx 10276407 0d f8 05 03 45 54 00 ff 7f ff ff ff
3  : pgn=129029 line=Tx 10276407 0d f8 05 03 46 7f 00 ff ff ff ff ff
3  : pgn=129025 line=Tx 10276407 09 f8 01 03 24 7c 6f 1c 95 49 fd b6
source=3: pgn=Position, Rapid Update(129025): values=Latitude=(47.706832399999996 deg) Longitude=(-122.4914539 deg)

3  : pgn=129033 line=Tx 10276407 0d f8 09 03 06 40 b4 93 09 2c 5c fe
source=3: pgn=Time & Date(129033): values=Date=(16390 d) Time=(73882.51400000001 s) LocalOffset=(-25200.0 s)

4  : pgn=65384  line=Rx 10276410 1c ff 68 04 3b 9f 00 00 00 00 00 00
32 : pgn=128275 line=Rx 10276415 19 f5 13 20 80 0e ff ff ff ff ff ff
32 : pgn=128275 line=Rx 10276420 19 f5 13 20 81 55 ad 3c 00 55 ad 3c
1  : pgn=129038 line=Rx 10276423 11 f8 0e 01 a0 1b c3 4e 83 dc 15 b5
1  : pgn=129038 line=Rx 10276423 11 f8 0e 01 a1 9c 08 b7 af e0 52 1c
1  : pgn=129038 line=Rx 10276424 11 f8 0e 01 a2 59 a7 35 b6 02 00 00
1  : pgn=129038 line=Rx 10276424 11 f8 0e 01 a3 00 21 33 2e 1a f0 fe
32 : pgn=128275 line=Rx 10276426 19 f5 13 20 82 00 ff ff ff ff ff ff
1  : pgn=59936  line=Rx 10276454 18 ea 20 01 00 ee 00 00 00 00 00 00
1  : pgn=129038 line=Rx 10276455 11 f8 0e 01 c0 1b c3 fa 89 e8 15 c2
1  : pgn=129038 line=Rx 10276455 11 f8 0e 01 c1 a7 13 b7 15 47 60 1c
1  : pgn=129038 line=Rx 10276456 11 f8 0e 01 c2 58 41 de 91 01 00 00
1  : pgn=129038 line=Rx 10276457 11 f8 0e 01 c3 00 07 e3 00 00 ff fe
0  : pgn=127250 line=Rx 10276495 09 f1 12 00 ff a4 40 ff 7f ff 7f fd
source=0: pgn=Vessel Heading(127250): values=Heading=(94.81 deg) Deviation=(None) Variation=(None) Reference=("1")

0  : pgn=127245 line=Rx 10276496 09 f1 0d 00 00 f8 ff 7f 00 00 ff ff
source=0: pgn=Rudder(127245): values=Instance=(0) DirectionOrder=("0") AngleOrder=(None) Position=(0.00 deg)

32 : pgn=128259 line=Rx 10276500 09 f5 03 20 1f 29 01 ff ff ff ff ff
0  : pgn=65359  line=Rx 10276505 1c ff 4f 00 3b 9f ff ff ff a4 40 ff
source=0: pgn=Seatalk: Pilot Heading(65359): values=ManufacturerCode=(1851) IndustryCode=(4) HeadingTrue=(None) HeadingMagnetic=(94.81 deg)

3  : pgn=129026 line=Tx 10276507 09 f8 02 03 ff fc 5c 43 3c 01 ff ff
source=3: pgn=COG & SOG, Rapid Update(129026): values=COGReference=("0") COG=(98.80 deg) SOG=(3.16 m/s)

3  : pgn=129025 line=Tx 10276507 09 f8 01 03 19 7c 6f 1c e8 49 fd b6
source=3: pgn=Position, Rapid Update(129025): values=Latitude=(47.7068313 deg) Longitude=(-122.49144559999999 deg)

3  : pgn=126992 line=Tx 10276507 0d f0 10 03 ff ff 06 40 76 9f 09 2c
source=3: pgn=System Time(126992): values=Source=(None) Date=(16390 d) Time=(73882.815 s)

1  : pgn=129793 line=Rx 10276545 1d fb 01 01 00 1a 04 a0 fc 37 00 cf
source=1: pgn=AIS UTC and Date Report(129793): values=MessageID=(0) RepeatIndicator=("0") UserID=(4238345242) Longitude=(0.0 deg) Latitude=(0.0 deg) PositionAccuracy=("0") RAIM=("0") PositionTime=(0.0 s) CommunicationState=(0) AISTransceiverinformation=("0") PositionDate=(0 d) GNSStype=("0") Spare=(0)

1  : pgn=129793 line=Rx 10276546 1d fb 01 01 01 6d d0 b6 d2 63 57 1c
source=1: pgn=AIS UTC and Date Report(129793): values=MessageID=(1) RepeatIndicator=("0") UserID=(3535196269) Longitude=(0.0 deg) Latitude=(0.0 deg) PositionAccuracy=("0") RAIM=("0") PositionTime=(0.0 s) CommunicationState=(0) AISTransceiverinformation=("0") PositionDate=(0 d) GNSStype=("0") Spare=(0)

1  : pgn=129793 line=Rx 10276547 1d fb 01 01 02 ff a0 7f 09 2c 00 00
source=1: pgn=AIS UTC and Date Report(129793): values=MessageID=(2) RepeatIndicator=("0") UserID=(159359231) Longitude=(0.0 deg) Latitude=(0.0 deg) PositionAccuracy=("0") RAIM=("0") PositionTime=(0.0 s) CommunicationState=(0) AISTransceiverinformation=("0") PositionDate=(0 d) GNSStype=("0") Spare=(0)

1  : pgn=129793 line=Rx 10276547 1d fb 01 01 03 00 06 40 ff 00 fc ff
source=1: pgn=AIS UTC and Date Report(129793): values=MessageID=(3) RepeatIndicator=("0") UserID=(4282385920) Longitude=(0.0 deg) Latitude=(0.0 deg) PositionAccuracy=("0") RAIM=("0") PositionTime=(0.0 s) CommunicationState=(0) AISTransceiverinformation=("0") PositionDate=(0 d) GNSStype=("0") Spare=(0)

0  : pgn=127250 line=Rx 10276595 09 f1 12 00 ff ca 40 ff 7f ff 7f fd
source=0: pgn=Vessel Heading(127250): values=Heading=(95.03 deg) Deviation=(None) Variation=(None) Reference=("1")

0  : pgn=127245 line=Rx 10276596 09 f1 0d 00 00 f8 ff 7f 00 00 ff ff
source=0: pgn=Rudder(127245): values=Instance=(0) DirectionOrder=("0") AngleOrder=(None) Position=(0.00 deg)

32 : pgn=128259 line=Rx 10276599 09 f5 03 20 20 2a 01 ff ff ff ff ff
source=32: pgn=Speed(128259): values=SpeedWaterReferenced=(2.98 m/s) SpeedGroundReferenced=(None) SpeedWaterReferencedType=(None) SpeedDirection=(None)

0  : pgn=65379  line=Rx 10276603 1c ff 63 00 3b 9f 00 00 00 00 01 ff
source=0: pgn=Seatalk: Pilot Mode(65379): values=ManufacturerCode=(1851) IndustryCode=(4) PilotMode=(0) SubMode=(0) PilotModeData=(0)

0  : pgn=65359  line=Rx 10276604 1c ff 4f 00 3b 9f ff ff ff ca 40 ff
source=0: pgn=Seatalk: Pilot Heading(65359): values=ManufacturerCode=(1851) IndustryCode=(4) HeadingTrue=(None) HeadingMagnetic=(95.03 deg)

3  : pgn=129025 line=Tx 10276608 09 f8 01 03 19 7c 6f 1c e8 49 fd b6
source=3: pgn=Position, Rapid Update(129025): values=Latitude=(47.7068313 deg) Longitude=(-122.49144559999999 deg)

0  : pgn=126975 line=Rx 10276614 1d ef ff 00 80 0d 3b 9f f0 81 84 96
0  : pgn=126975 line=Rx 10276617 1d ef ff 00 81 42 0a 00 00 00 02 05
32 : pgn=128259 line=Rx 10276699 09 f5 03 20 21 2a 01 ff ff ff ff ff
source=32: pgn=Speed(128259): values=SpeedWaterReferenced=(2.98 m/s) SpeedGroundReferenced=(None) SpeedWaterReferencedType=(None) SpeedDirection=(None)

0  : pgn=127250 line=Rx 10276700 09 f1 12 00 ff e4 40 ff 7f ff 7f fd
source=0: pgn=Vessel Heading(127250): values=Heading=(95.18 deg) Deviation=(None) Variation=(None) Reference=("1")

0  : pgn=127245 line=Rx 10276702 09 f1 0d 00 00 f8 ff 7f 00 00 ff ff
source=0: pgn=Rudder(127245): values=Instance=(0) DirectionOrder=("0") AngleOrder=(None) Position=(0.00 deg)

0  : pgn=65359  line=Rx 10276709 1c ff 4f 00 3b 9f ff ff ff e4 40 ff
source=0: pgn=Seatalk: Pilot Heading(65359): values=ManufacturerCode=(1851) IndustryCode=(4) HeadingTrue=(None) HeadingMagnetic=(95.18 deg)

3  : pgn=129026 line=Tx 10276709 09 f8 02 03 ff fc 5c 43 3c 01 ff ff
source=3: pgn=COG & SOG, Rapid Update(129026): values=COGReference=("0") COG=(98.80 deg) SOG=(3.16 m/s)

3  : pgn=129025 line=Tx 10276709 09 f8 01 03 19 7c 6f 1c e8 49 fd b6
source=3: pgn=Position, Rapid Update(129025): values=Latitude=(47.7068313 deg) Longitude=(-122.49144559999999 deg)

3  : pgn=129291 line=Tx 10276709 0d f9 0b 03 ff fc 86 11 42 00 ff ff
source=3: pgn=Set & Drift, Rapid Update(129291): values=SetReference=("0") Set=(25.70 deg) Drift=(0.66 m/s)

0  : pgn=126975 line=Rx 10276734 1d ef ff 00 a0 09 3b 9f f0 81 ae 02
0  : pgn=126975 line=Rx 10276737 1d ef ff 00 a1 00 08 00 ff ff ff ff
1  : pgn=129038 line=Rx 10276759 11 f8 0e 01 e0 1b c1 7c ac df 15 e9
1  : pgn=129038 line=Rx 10276759 11 f8 0e 01 e1 7e 0b b7 c2 ff 7a 1c
1  : pgn=129038 line=Rx 10276760 11 f8 0e 01 e2 58 25 97 00 00 00 00
1  : pgn=129038 line=Rx 10276760 11 f8 0e 01 e3 00 ff ff ff 7f f0 fe
1  : pgn=129038 line=Rx 10276792 11 f8 0e 01 00 1b c1 2c fc df 15 98
source=1: pgn=AIS Class A Position Report(129038): values=MessageID=(0) RepeatIndicator=("0") UserID=(4230791451) Longitude=(0.0 deg) Latitude=(0.0 deg) PositionAccuracy=("0") RAIM=("0") TimeStamp=("0") COG=(0.00 deg) SOG=(0.0 m/s) CommunicationState=(0) AISTransceiverinformation=("0") Heading=(0.00 deg) RateofTurn=(0.00 deg/s) NavStatus=("0") SpecialManeuverIndicator=("0") Spare=(0) SequenceID=(0)

1  : pgn=129038 line=Rx 10276792 11 f8 0e 01 01 27 0d b7 dc bd 68 1c
source=1: pgn=AIS Class A Position Report(129038): values=MessageID=(1) RepeatIndicator=("0") UserID=(3702983975) Longitude=(0.0 deg) Latitude=(0.0 deg) PositionAccuracy=("0") RAIM=("0") TimeStamp=("0") COG=(0.00 deg) SOG=(0.0 m/s) CommunicationState=(0) AISTransceiverinformation=("0") Heading=(0.00 deg) RateofTurn=(0.00 deg/s) NavStatus=("0") SpecialManeuverIndicator=("0") Spare=(0) SequenceID=(0)

1  : pgn=129038 line=Rx 10276793 11 f8 0e 01 02 50 59 b5 00 00 00 00
source=1: pgn=AIS Class A Position Report(129038): values=MessageID=(2) RepeatIndicator=("0") UserID=(11884880) Longitude=(0.0 deg) Latitude=(0.0 deg) PositionAccuracy=("0") RAIM=("0") TimeStamp=("0") COG=(0.00 deg) SOG=(0.0 m/s) CommunicationState=(0) AISTransceiverinformation=("0") Heading=(0.00 deg) RateofTurn=(0.00 deg/s) NavStatus=("0") SpecialManeuverIndicator=("0") Spare=(0) SequenceID=(0)

1  : pgn=129038 line=Rx 10276793 11 f8 0e 01 03 00 39 37 00 00 f0 fe
source=1: pgn=AIS Class A Position Report(129038): values=MessageID=(3) RepeatIndicator=("0") UserID=(3619072) Longitude=(0.0 deg) Latitude=(0.0 deg) PositionAccuracy=("0") RAIM=("0") TimeStamp=("0") COG=(0.00 deg) SOG=(0.0 m/s) CommunicationState=(0) AISTransceiverinformation=("0") Heading=(0.00 deg) RateofTurn=(0.00 deg/s) NavStatus=("0") SpecialManeuverIndicator=("0") Spare=(0) SequenceID=(0)

0  : pgn=127250 line=Rx 10276797 09 f1 12 00 ff ef 40 ff 7f ff 7f fd
source=0: pgn=Vessel Heading(127250): values=Heading=(95.24 deg) Deviation=(None) Variation=(None) Reference=("1")

0  : pgn=127245 line=Rx 10276798 09 f1 0d 00 00 f8 ff 7f 00 00 ff ff
source=0: pgn=Rudder(127245): values=Instance=(0) DirectionOrder=("0") AngleOrder=(None) Position=(0.00 deg)

32 : pgn=128259 line=Rx 10276799 09 f5 03 20 22 27 01 ff ff ff ff ff
source=32: pgn=Speed(128259): values=SpeedWaterReferenced=(2.95 m/s) SpeedGroundReferenced=(None) SpeedWaterReferencedType=(None) SpeedDirection=(None)

0  : pgn=65359  line=Rx 10276807 1c ff 4f 00 3b 9f ff ff ff ef 40 ff
source=0: pgn=Seatalk: Pilot Heading(65359): values=ManufacturerCode=(1851) IndustryCode=(4) HeadingTrue=(None) HeadingMagnetic=(95.24 deg)

3  : pgn=129025 line=Tx 10276810 09 f8 01 03 fc 7b 6f 1c 8e 4a fd b6
source=3: pgn=Position, Rapid Update(129025): values=Latitude=(47.7068284 deg) Longitude=(-122.491429 deg)

1  : pgn=129041 line=Rx 10276821 11 f8 11 01 a0 30 55 75 89 3a 3b 6d
1  : pgn=129041 line=Rx 10276822 11 f8 11 01 a1 8b 0a b7 5b f8 47 1c
1  : pgn=129041 line=Rx 10276822 11 f8 11 01 a2 f4 00 00 00 00 00 00
1  : pgn=129041 line=Rx 10276823 11 f8 11 01 a3 ff ff 12 ee ff e1 16
1  : pgn=129041 line=Rx 10276823 11 f8 11 01 a4 01 50 53 20 54 53 4c
1  : pgn=129041 line=Rx 10276824 11 f8 11 01 a5 20 4c 42 20 54 41 20
1  : pgn=129041 line=Rx 10276825 11 f8 11 01 a6 20 20 20 20 20 20 20
0  : pgn=127250 line=Rx 10276895 09 f1 12 00 ff f9 40 ff 7f ff 7f fd
source=0: pgn=Vessel Heading(127250): values=Heading=(95.30 deg) Deviation=(None) Variation=(None) Reference=("1")

0  : pgn=127245 line=Rx 10276896 09 f1 0d 00 00 f8 ff 7f 00 00 ff ff
source=0: pgn=Rudder(127245): values=Instance=(0) DirectionOrder=("0") AngleOrder=(None) Position=(0.00 deg)

32 : pgn=128259 line=Rx 10276898 09 f5 03 20 23 24 01 ff ff ff ff ff
source=32: pgn=Speed(128259): values=SpeedWaterReferenced=(2.92 m/s) SpeedGroundReferenced=(None) SpeedWaterReferencedType=(None) SpeedDirection=(None)

0  : pgn=65359  line=Rx 10276905 1c ff 4f 00 3b 9f ff ff ff f9 40 ff
source=0: pgn=Seatalk: Pilot Heading(65359): values=ManufacturerCode=(1851) IndustryCode=(4) HeadingTrue=(None) HeadingMagnetic=(95.30 deg)

3  : pgn=129026 line=Tx 10276911 09 f8 02 03 ff fc 7f 43 3c 01 ff ff
source=3: pgn=COG & SOG, Rapid Update(129026): values=COGReference=("0") COG=(99.00 deg) SOG=(3.16 m/s)

3  : pgn=130577 line=Tx 10276911 0d fe 11 03 60 0e c0 54 7f 43 3c 01
3  : pgn=130577 line=Tx 10276911 0d fe 11 03 61 ff ff ff ff 86 11 42
3  : pgn=130577 line=Tx 10276911 0d fe 11 03 62 00 ff ff ff ff ff ff
3  : pgn=129025 line=Tx 10276911 09 f8 01 03 fc 7b 6f 1c 8e 4a fd b6
3  : pgn=130306 line=Tx 10276911 09 fd 02 03 ff 60 03 36 cd fa ff ff
source=3: pgn=Wind Data(130306): values=WindSpeed=(8.64 m/s) WindAngle=(301.00 deg) Reference=("2")

1  : pgn=129038 line=Rx 10276914 11 f8 0e 01 20 1b c1 a0 c1 e2 15 77
1  : pgn=129038 line=Rx 10276915 11 f8 0e 01 21 5b 14 b7 80 4d 66 1c
1  : pgn=129038 line=Rx 10276916 11 f8 0e 01 22 58 62 2f 00 00 00 00
1  : pgn=129038 line=Rx 10276917 11 f8 0e 01 23 00 ff ff ff 7f f0 fe
0  : pgn=127250 line=Rx 10276995 09 f1 12 00 ff fa 40 ff 7f ff 7f fd
source=0: pgn=Vessel Heading(127250): values=Heading=(95.31 deg) Deviation=(None) Variation=(None) Reference=("1")

0  : pgn=127245 line=Rx 10276996 09 f1 0d 00 00 f8 ff 7f 00 00 ff ff
source=0: pgn=Rudder(127245): values=Instance=(0) DirectionOrder=("0") AngleOrder=(None) Position=(0.00 deg)

32 : pgn=128259 line=Rx 10276997 09 f5 03 20 24 23 01 ff ff ff ff ff
source=32: pgn=Speed(128259): values=SpeedWaterReferenced=(2.91 m/s) SpeedGroundReferenced=(None) SpeedWaterReferencedType=(None) SpeedDirection=(None)

0  : pgn=65359  line=Rx 10277003 1c ff 4f 00 3b 9f ff ff ff fa 40 ff
source=0: pgn=Seatalk: Pilot Heading(65359): values=ManufacturerCode=(1851) IndustryCode=(4) HeadingTrue=(None) HeadingMagnetic=(95.31 deg)

3  : pgn=129283 line=Tx 10277011 0d f9 03 03 ff 7f ff ff ff 7f ff ff
source=3: pgn=Cross Track Error(129283): values=XTEmode=(None) NavigationTerminated=("1") XTE=(None)

3  : pgn=129025 line=Tx 10277011 09 f8 01 03 f0 7b 6f 1c e8 4a fd b6
source=3: pgn=Position, Rapid Update(129025): values=Latitude=(47.7068272 deg) Longitude=(-122.49141999999999 deg)

3  : pgn=128267 line=Tx 10277011 0d f5 0b 03 ff 79 3b 00 00 00 00 ff
source=3: pgn=Water Depth(128267): values=Depth=(152.25 m) Offset=(0.0 m) Range=(None)

4  : pgn=126975 line=Rx 10277069 1d ef ff 04 c0 07 3b 9f f0 81 90 00
4  : pgn=126975 line=Rx 10277070 1d ef ff 04 c1 03 ff ff ff ff ff ff
0  : pgn=127250 line=Rx 10277095 09 f1 12 00 ff ee 40 ff 7f ff 7f fd
source=0: pgn=Vessel Heading(127250): values=Heading=(95.24 deg) Deviation=(None) Variation=(None) Reference=("1")

0  : pgn=127245 line=Rx 10277096 09 f1 0d 00 00 f8 ff 7f 00 00 ff ff
source=0: pgn=Rudder(127245): values=Instance=(0) DirectionOrder=("0") AngleOrder=(None) Position=(0.00 deg)

32 : pgn=128259 line=Rx 10277097 09 f5 03 20 25 22 01 ff ff ff ff ff
source=32: pgn=Speed(128259): values=SpeedWaterReferenced=(2.9 m/s) SpeedGroundReferenced=(None) SpeedWaterReferencedType=(None) SpeedDirection=(None)

0  : pgn=65359  line=Rx 10277105 1c ff 4f 00 3b 9f ff ff ff ee 40 ff
source=0: pgn=Seatalk: Pilot Heading(65359): values=ManufacturerCode=(1851) IndustryCode=(4) HeadingTrue=(None) HeadingMagnetic=(95.24 deg)

3  : pgn=129026 line=Tx 10277112 09 f8 02 03 ff fc 90 43 3c 01 ff ff
source=3: pgn=COG & SOG, Rapid Update(129026): values=COGReference=("0") COG=(99.10 deg) SOG=(3.16 m/s)

3  : pgn=129025 line=Tx 10277112 09 f8 01 03 f0 7b 6f 1c e8 4a fd b6
source=3: pgn=Position, Rapid Update(129025): values=Latitude=(47.7068272 deg) Longitude=(-122.49141999999999 deg)

3  : pgn=129542 line=Tx 10277112 19 fa 06 03 60 0f 54 5f 01 00 00 00
3  : pgn=129542 line=Tx 10277112 19 fa 06 03 61 00 00 00 00 00 00 00
3  : pgn=129542 line=Tx 10277112 19 fa 06 03 62 00 00 ff ff ff ff ff
3  : pgn=65364  line=Tx 10277112 1c ff 54 03 3b 9f 60 03 36 cd ff ff
0  : pgn=126975 line=Rx 10277139 1d ef ff 00 c0 08 3b 9f f0 81 9c 91
0  : pgn=126975 line=Rx 10277142 1d ef ff 00 c1 02 00 ff ff ff ff ff
1  : pgn=59908  line=Rx 10277185 18 ea 04 01 00 ee 00 00 00 00 00 00
1  : pgn=129038 line=Rx 10277186 11 f8 0e 01 40 1b c3 4e aa e2 15 ea
1  : pgn=129038 line=Rx 10277186 11 f8 0e 01 41 51 0e b7 25 29 68 1c
1  : pgn=129038 line=Rx 10277187 11 f8 0e 01 42 5a 34 06 00 00 00 00
1  : pgn=129038 line=Rx 10277187 11 f8 0e 01 43 00 ff ff ff 7f f5 fe
4  : pgn=61183  line=Rx 10277188 18 ee ff 04 3d 83 6c e7 1c 96 a0 c0
0  : pgn=127250 line=Rx 10277198 09 f1 12 00 ff d6 40 ff 7f ff 7f fd
source=0: pgn=Vessel Heading(127250): values=Heading=(95.10 deg) Deviation=(None) Variation=(None) Reference=("1")

0  : pgn=127245 line=Rx 10277200 09 f1 0d 00 00 f8 ff 7f 00 00 ff ff
source=0: pgn=Rudder(127245): values=Instance=(0) DirectionOrder=("0") AngleOrder=(None) Position=(0.00 deg)

32 : pgn=128259 line=Rx 10277200 09 f5 03 20 26 23 01 ff ff ff ff ff
source=32: pgn=Speed(128259): values=SpeedWaterReferenced=(2.91 m/s) SpeedGroundReferenced=(None) SpeedWaterReferencedType=(None) SpeedDirection=(None)

0  : pgn=65359  line=Rx 10277206 1c ff 4f 00 3b 9f ff ff ff d6 40 ff
source=0: pgn=Seatalk: Pilot Heading(65359): values=ManufacturerCode=(1851) IndustryCode=(4) HeadingTrue=(None) HeadingMagnetic=(95.10 deg)

3  : pgn=129540 line=Tx 10277212 19 fa 04 03 a0 9f 76 ff 0d 03 45 1b
source=3: pgn=GNSS Sats in View(129540): values=RangeResidualMode=(None) SatsinView=(118) PRN=(None) Elevation=(4.47 deg) Azimuth=(40.00 deg) SNR=(0.0 dB) Rangeresiduals=(0) Status=("0")

3  : pgn=129540 line=Tx 10277212 19 fa 04 03 a1 2e 26 00 00 00 00 00
source=3: pgn=GNSS Sats in View(129540): values=RangeResidualMode=("0") SatsinView=(38) PRN=(0) Elevation=(0.00 deg) Azimuth=(0.00 deg) SNR=(0.0 dB) Rangeresiduals=(0) Status=("0")

3  : pgn=129540 line=Tx 10277212 19 fa 04 03 a2 00 f3 0f ff 1d 5c 3d
source=3: pgn=GNSS Sats in View(129540): values=RangeResidualMode=("0") SatsinView=(243) PRN=(15) Elevation=(44.00 deg) Azimuth=(90.00 deg) SNR=(0.0 dB) Rangeresiduals=(0) Status=("0")

3  : pgn=129540 line=Tx 10277212 19 fa 04 03 a3 80 0c 00 00 00 00 f5
source=3: pgn=GNSS Sats in View(129540): values=RangeResidualMode=("0") SatsinView=(12) PRN=(0) Elevation=(0.00 deg) Azimuth=(359.36 deg) SNR=(0.0 dB) Rangeresiduals=(0) Status=("0")

3  : pgn=129540 line=Tx 10277212 19 fa 04 03 a4 10 17 13 71 b9 48 0d
source=3: pgn=GNSS Sats in View(129540): values=RangeResidualMode=("0") SatsinView=(23) PRN=(19) Elevation=(-103.49 deg) Azimuth=(19.48 deg) SNR=(0.0 dB) Rangeresiduals=(0) Status=("0")

3  : pgn=129540 line=Tx 10277212 19 fa 04 03 a5 00 00 00 00 f5 12 16
source=3: pgn=GNSS Sats in View(129540): values=RangeResidualMode=("0") SatsinView=(0) PRN=(0) Elevation=(-16.13 deg) Azimuth=(32.37 deg) SNR=(0.0 dB) Rangeresiduals=(0) Status=("0")

3  : pgn=129540 line=Tx 10277212 19 fa 04 03 a6 31 f2 93 d8 0e 00 00
source=3: pgn=GNSS Sats in View(129540): values=RangeResidualMode=("1") SatsinView=(242) PRN=(147) Elevation=(21.77 deg) Azimuth=(0.00 deg) SNR=(0.0 dB) Rangeresiduals=(0) Status=("0")

3  : pgn=129540 line=Tx 10277212 19 fa 04 03 a7 00 00 f5 13 ba 02 1f
source=3: pgn=GNSS Sats in View(129540): values=RangeResidualMode=("0") SatsinView=(0) PRN=(245) Elevation=(-102.57 deg) Azimuth=(45.48 deg) SNR=(0.0 dB) Rangeresiduals=(0) Status=("0")

3  : pgn=129540 line=Tx 10277212 19 fa 04 03 a8 d8 1c 0c 00 00 00 00
source=3: pgn=GNSS Sats in View(129540): values=RangeResidualMode=("0") SatsinView=(28) PRN=(12) Elevation=(0.00 deg) Azimuth=(0.00 deg) SNR=(0.0 dB) Rangeresiduals=(0) Status=("0")

3  : pgn=129540 line=Tx 10277212 19 fa 04 03 a9 f5 15 e8 37 5d 1f d8
source=3: pgn=GNSS Sats in View(129540): values=RangeResidualMode=("1") SatsinView=(21) PRN=(232) Elevation=(136.72 deg) Azimuth=(317.00 deg) SNR=(0.0 dB) Rangeresiduals=(0) Status=("0")

3  : pgn=129540 line=Tx 10277212 19 fa 04 03 aa 0e 00 00 00 00 f5 16
source=3: pgn=GNSS Sats in View(129540): values=RangeResidualMode=("0") SatsinView=(0) PRN=(0) Elevation=(0.00 deg) Azimuth=(33.67 deg) SNR=(0.0 dB) Rangeresiduals=(0) Status=("0")

3  : pgn=129540 line=Tx 10277213 19 fa 04 03 ab d1 15 cf 9c 74 0e 00
source=3: pgn=GNSS Sats in View(129540): values=RangeResidualMode=("1") SatsinView=(21) PRN=(207) Elevation=(171.04 deg) Azimuth=(0.08 deg) SNR=(0.0 dB) Rangeresiduals=(0) Status=("0")

3  : pgn=129540 line=Tx 10277214 19 fa 04 03 ac 00 00 00 f5 1a ae 0f
source=3: pgn=GNSS Sats in View(129540): values=RangeResidualMode=("0") SatsinView=(0) PRN=(0) Elevation=(39.54 deg) Azimuth=(23.00 deg) SNR=(0.0 dB) Rangeresiduals=(0) Status=("0")

3  : pgn=129540 line=Tx 10277214 19 fa 04 03 ad 0b 20 c4 09 00 00 00
source=3: pgn=GNSS Sats in View(129540): values=RangeResidualMode=(None) SatsinView=(32) PRN=(196) Elevation=(0.05 deg) Azimuth=(0.00 deg) SNR=(0.0 dB) Rangeresiduals=(0) Status=("0")

3  : pgn=129540 line=Tx 10277215 19 fa 04 03 ae 00 f5 1b 23 15 ab d2
source=3: pgn=GNSS Sats in View(129540): values=RangeResidualMode=("0") SatsinView=(245) PRN=(27) Elevation=(31.00 deg) Azimuth=(309.00 deg) SNR=(0.0 dB) Rangeresiduals=(0) Status=("0")

3  : pgn=129540 line=Tx 10277217 19 fa 04 03 af 80 0c 00 00 00 00 f5
source=3: pgn=GNSS Sats in View(129540): values=RangeResidualMode=("0") SatsinView=(12) PRN=(0) Elevation=(0.00 deg) Azimuth=(359.36 deg) SNR=(0.0 dB) Rangeresiduals=(0) Status=("0")

3  : pgn=129540 line=Tx 10277218 19 fa 04 03 b0 1d 00 0f a1 67 10 0e
source=3: pgn=GNSS Sats in View(129540): values=RangeResidualMode=("1") SatsinView=(0) PRN=(15) Elevation=(152.00 deg) Azimuth=(20.63 deg) SNR=(0.0 dB) Rangeresiduals=(0) Status=("0")

3  : pgn=129540 line=Tx 10277218 19 fa 04 03 b1 00 00 00 00 f5 23 d1
source=3: pgn=GNSS Sats in View(129540): values=RangeResidualMode=("0") SatsinView=(0) PRN=(0) Elevation=(-16.13 deg) Azimuth=(306.76 deg) SNR=(0.0 dB) Rangeresiduals=(0) Status=("0")

3  : pgn=129540 line=Tx 10277219 19 fa 04 03 b2 15 c3 8b 00 00 00 00
source=3: pgn=GNSS Sats in View(129540): values=RangeResidualMode=("1") SatsinView=(195) PRN=(139) Elevation=(0.00 deg) Azimuth=(0.00 deg) SNR=(0.0 dB) Rangeresiduals=(0) Status=("0")

3  : pgn=129540 line=Tx 10277220 19 fa 04 03 b3 00 00 f3 30 2e 17 43
source=3: pgn=GNSS Sats in View(129540): values=RangeResidualMode=("0") SatsinView=(0) PRN=(243) Elevation=(67.75 deg) Azimuth=(98.41 deg) SNR=(0.0 dB) Rangeresiduals=(0) Status=("0")

3  : pgn=129540 line=Tx 10277221 19 fa 04 03 b4 84 e4 0c 00 00 00 00
source=3: pgn=GNSS Sats in View(129540): values=RangeResidualMode=("0") SatsinView=(228) PRN=(12) Elevation=(0.00 deg) Azimuth=(0.00 deg) SNR=(0.0 dB) Rangeresiduals=(0) Status=("0")

3  : pgn=129540 line=Tx 10277221 19 fa 04 03 b5 f5 33 80 16 67 6c 10
source=3: pgn=GNSS Sats in View(129540): values=RangeResidualMode=("1") SatsinView=(51) PRN=(128) Elevation=(151.20 deg) Azimuth=(24.09 deg) SNR=(0.0 dB) Rangeresiduals=(0) Status=("0")

3  : pgn=129540 line=Tx 10277222 19 fa 04 03 b6 0e 00 00 00 00 f5 ff
source=3: pgn=GNSS Sats in View(129540): values=RangeResidualMode=("0") SatsinView=(0) PRN=(0) Elevation=(0.00 deg) Azimuth=(375.43 deg) SNR=(0.0 dB) Rangeresiduals=(0) Status=("0")

3  : pgn=129025 line=Tx 10277223 09 f8 01 03 f0 7b 6f 1c e8 4a fd b6
source=3: pgn=Position, Rapid Update(129025): values=Latitude=(47.7068272 deg) Longitude=(-122.49141999999999 deg)

3  : pgn=127258 line=Tx 10277224 19 f1 1a 03 ff f6 12 39 fa 0a ff ff
source=3: pgn=Magnetic Variation(127258): values=Source=("6") Ageofservice=(14610 d) Variation=(16.10 deg)

1  : pgn=129038 line=Rx 10277248 11 f8 0e 01 60 1b c1 d0 05 2f 14 5c
1  : pgn=129038 line=Rx 10277248 11 f8 0e 01 61 2f 16 b7 c1 80 64 1c
1  : pgn=129038 line=Rx 10277249 11 f8 0e 01 62 5c 25 b8 00 00 00 00
1  : pgn=129038 line=Rx 10277249 11 f8 0e 01 63 00 9f c1 00 00 ff fe
0  : pgn=127250 line=Rx 10277295 09 f1 12 00 ff c5 40 ff 7f ff 7f fd
source=0: pgn=Vessel Heading(127250): values=Heading=(95.00 deg) Deviation=(None) Variation=(None) Reference=("1")

0  : pgn=127245 line=Rx 10277296 09 f1 0d 00 00 f8 ff 7f 00 00 ff ff
source=0: pgn=Rudder(127245): values=Instance=(0) DirectionOrder=("0") AngleOrder=(None) Position=(0.00 deg)

32 : pgn=128259 line=Rx 10277296 09 f5 03 20 27 23 01 ff ff ff ff ff
source=32: pgn=Speed(128259): values=SpeedWaterReferenced=(2.91 m/s) SpeedGroundReferenced=(None) SpeedWaterReferencedType=(None) SpeedDirection=(None)

0  : pgn=65359  line=Rx 10277306 1c ff 4f 00 3b 9f ff ff ff c5 40 ff
source=0: pgn=Seatalk: Pilot Heading(65359): values=ManufacturerCode=(1851) IndustryCode=(4) HeadingTrue=(None) HeadingMagnetic=(95.00 deg)

1  : pgn=129038 line=Rx 10277312 11 f8 0e 01 80 1b c1 2c 37 e1 15 49
3  : pgn=129026 line=Tx 10277312 09 f8 02 03 ff fc 7f 43 3e 01 ff ff
source=3: pgn=COG & SOG, Rapid Update(129026): values=COGReference=("0") COG=(99.00 deg) SOG=(3.18 m/s)

3  : pgn=129025 line=Tx 10277312 09 f8 01 03 e4 7b 6f 1c 43 4b fd b6
source=3: pgn=Position, Rapid Update(129025): values=Latitude=(47.706826 deg) Longitude=(-122.49141089999999 deg)

1  : pgn=129038 line=Rx 10277312 11 f8 0e 01 81 65 0c b7 41 28 69 1c
1  : pgn=129038 line=Rx 10277314 11 f8 0e 01 82 54 00 00 00 00 00 00
1  : pgn=129038 line=Rx 10277315 11 f8 0e 01 83 00 ff ff ff 7f f0 fe
1  : pgn=129038 line=Rx 10277341 11 f8 0e 01 a0 1b c1 30 83 dc 15 11
1  : pgn=129038 line=Rx 10277341 11 f8 0e 01 a1 f9 f9 b6 b2 3d 62 1c
1  : pgn=129038 line=Rx 10277342 11 f8 0e 01 a2 61 a5 c2 05 00 00 00
1  : pgn=129038 line=Rx 10277342 11 f8 0e 01 a3 00 70 c8 00 00 ff fe
0  : pgn=127250 line=Rx 10277395 09 f1 12 00 ff 9a 40 ff 7f ff 7f fd
source=0: pgn=Vessel Heading(127250): values=Heading=(94.76 deg) Deviation=(None) Variation=(None) Reference=("1")

0  : pgn=127245 line=Rx 10277396 09 f1 0d 00 00 f8 ff 7f 00 00 ff ff
source=0: pgn=Rudder(127245): values=Instance=(0) DirectionOrder=("0") AngleOrder=(None) Position=(0.00 deg)

32 : pgn=128259 line=Rx 10277398 09 f5 03 20 28 23 01 ff ff ff ff ff
source=32: pgn=Speed(128259): values=SpeedWaterReferenced=(2.91 m/s) SpeedGroundReferenced=(None) SpeedWaterReferencedType=(None) SpeedDirection=(None)

32 : pgn=130310 line=Rx 10277401 15 fd 06 20 9b ff ff ff ff ff ff ff
source=32: pgn=Environmental Parameters (obsolete)(130310): values=WaterTemperature=(None) OutsideAmbientAirTemperature=(None) AtmosphericPressure=(None)

0  : pgn=65359  line=Rx 10277403 1c ff 4f 00 3b 9f ff ff ff 9a 40 ff
source=0: pgn=Seatalk: Pilot Heading(65359): values=ManufacturerCode=(1851) IndustryCode=(4) HeadingTrue=(None) HeadingMagnetic=(94.76 deg)

4  : pgn=65384  line=Rx 10277410 1c ff 68 04 3b 9f 00 00 00 00 00 00
32 : pgn=128275 line=Rx 10277411 19 f5 13 20 a0 0e ff ff ff ff ff ff
3  : pgn=129029 line=Tx 10277412 0d f8 05 03 60 2b 54 06 40 92 ba 09
3  : pgn=129029 line=Tx 10277413 0d f8 05 03 61 2c 00 e8 e9 0a 0e e3
3  : pgn=129029 line=Tx 10277413 0d f8 05 03 62 9e 06 00 de b0 94 1b
3  : pgn=129029 line=Tx 10277413 0d f8 05 03 63 3b 00 ef ff ff ff ff
3  : pgn=129029 line=Tx 10277413 0d f8 05 03 64 ff ff ff 7f 23 fc 09
3  : pgn=129029 line=Tx 10277413 0d f8 05 03 65 54 00 ff 7f ff ff ff
3  : pgn=129029 line=Tx 10277413 0d f8 05 03 66 7f 00 ff ff ff ff ff
3  : pgn=129025 line=Tx 10277413 09 f8 01 03 e4 7b 6f 1c 43 4b fd b6
source=3: pgn=Position, Rapid Update(129025): values=Latitude=(47.706826 deg) Longitude=(-122.49141089999999 deg)

3  : pgn=129033 line=Tx 10277413 0d f8 09 03 06 40 92 ba 09 2c 5c fe
source=3: pgn=Time & Date(129033): values=Date=(16390 d) Time=(73883.509 s) LocalOffset=(-25200.0 s)

32 : pgn=128275 line=Rx 10277416 19 f5 13 20 a1 55 ad 3c 00 55 ad 3c
32 : pgn=128275 line=Rx 10277421 19 f5 13 20 a2 00 ff ff ff ff ff ff
1  : pgn=59936  line=Rx 10277461 18 ea 20 01 00 ee 00 00 00 00 00 00
32 : pgn=128259 line=Rx 10277495 09 f5 03 20 29 22 01 ff ff ff ff ff
0  : pgn=127250 line=Rx 10277496 09 f1 12 00 ff 7d 40 ff 7f ff 7f fd
source=0: pgn=Vessel Heading(127250): values=Heading=(94.59 deg) Deviation=(None) Variation=(None) Reference=("1")

0  : pgn=127245 line=Rx 10277498 09 f1 0d 00 00 f8 ff 7f 00 00 ff ff
source=0: pgn=Rudder(127245): values=Instance=(0) DirectionOrder=("0") AngleOrder=(None) Position=(0.00 deg)

0  : pgn=65359  line=Rx 10277505 1c ff 4f 00 3b 9f ff ff ff 7d 40 ff
source=0: pgn=Seatalk: Pilot Heading(65359): values=ManufacturerCode=(1851) IndustryCode=(4) HeadingTrue=(None) HeadingMagnetic=(94.59 deg)

3  : pgn=129026 line=Tx 10277513 09 f8 02 03 ff fc 7f 43 3e 01 ff ff
source=3: pgn=COG & SOG, Rapid Update(129026): values=COGReference=("0") COG=(99.00 deg) SOG=(3.18 m/s)

3  : pgn=129025 line=Tx 10277513 09 f8 01 03 e4 7b 6f 1c 43 4b fd b6
source=3: pgn=Position, Rapid Update(129025): values=Latitude=(47.706826 deg) Longitude=(-122.49141089999999 deg)

3  : pgn=126992 line=Tx 10277513 0d f0 10 03 ff ff 06 40 d8 c4 09 2c
source=3: pgn=System Time(126992): values=Source=(None) Date=(16390 d) Time=(73883.772 s)

1  : pgn=129038 line=Rx 10277526 11 f8 0e 01 c0 1b c1 b8 21 2b 14 87
1  : pgn=129038 line=Rx 10277526 11 f8 0e 01 c1 62 e7 b6 31 f3 fb 1c
1  : pgn=129038 line=Rx 10277527 11 f8 0e 01 c2 61 8f 52 fd 01 00 00
1  : pgn=129038 line=Rx 10277527 11 f8 0e 01 c3 00 cf 51 00 00 f0 fe
1  : pgn=129038 line=Rx 10277556 11 f8 0e 01 e0 1b c1 62 83 dc 15 2f
1  : pgn=129038 line=Rx 10277557 11 f8 0e 01 e1 e7 f9 b6 16 4e 62 1c
1  : pgn=129038 line=Rx 10277557 11 f8 0e 01 e2 61 64 d2 05 00 00 00
1  : pgn=129038 line=Rx 10277558 11 f8 0e 01 e3 00 7c ca 00 00 ff fe
32 : pgn=128259 line=Rx 10277595 09 f5 03 20 2a 23 01 ff ff ff ff ff
source=32: pgn=Speed(128259): values=SpeedWaterReferenced=(2.91 m/s) SpeedGroundReferenced=(None) SpeedWaterReferencedType=(None) SpeedDirection=(None)

0  : pgn=127250 line=Rx 10277595 09 f1 12 00 ff 46 40 ff 7f ff 7f fd
source=0: pgn=Vessel Heading(127250): values=Heading=(94.27 deg) Deviation=(None) Variation=(None) Reference=("1")

0  : pgn=127245 line=Rx 10277598 09 f1 0d 00 00 f8 ff 7f 00 00 ff ff
source=0: pgn=Rudder(127245): values=Instance=(0) DirectionOrder=("0") AngleOrder=(None) Position=(0.00 deg)

0  : pgn=65379  line=Rx 10277602 1c ff 63 00 3b 9f 00 00 00 00 01 ff
source=0: pgn=Seatalk: Pilot Mode(65379): values=ManufacturerCode=(1851) IndustryCode=(4) PilotMode=(0) SubMode=(0) PilotModeData=(0)

0  : pgn=65359  line=Rx 10277603 1c ff 4f 00 3b 9f ff ff ff 46 40 ff
source=0: pgn=Seatalk: Pilot Heading(65359): values=ManufacturerCode=(1851) IndustryCode=(4) HeadingTrue=(None) HeadingMagnetic=(94.27 deg)

0  : pgn=126975 line=Rx 10277611 1d ef ff 00 e0 0d 3b 9f f0 81 84 56
0  : pgn=126975 line=Rx 10277613 1d ef ff 00 e1 42 09 00 00 00 02 05
3  : pgn=129025 line=Tx 10277613 09 f8 01 03 b3 7b 6f 1c c9 4b fd b6
source=3: pgn=Position, Rapid Update(129025): values=Latitude=(47.7068211 deg) Longitude=(-122.49139749999999 deg)

32 : pgn=128259 line=Rx 10277694 09 f5 03 20 2b 29 01 ff ff ff ff ff
source=32: pgn=Speed(128259): values=SpeedWaterReferenced=(2.97 m/s) SpeedGroundReferenced=(None) SpeedWaterReferencedType=(None) SpeedDirection=(None)

0  : pgn=127250 line=Rx 10277698 09 f1 12 00 ff 11 40 ff 7f ff 7f fd
source=0: pgn=Vessel Heading(127250): values=Heading=(93.97 deg) Deviation=(None) Variation=(None) Reference=("1")

0  : pgn=127245 line=Rx 10277698 09 f1 0d 00 00 f8 ff 7f 00 00 ff ff
source=0: pgn=Rudder(127245): values=Instance=(0) DirectionOrder=("0") AngleOrder=(None) Position=(0.00 deg)

0  : pgn=65359  line=Rx 10277705 1c ff 4f 00 3b 9f ff ff ff 11 40 ff
source=0: pgn=Seatalk: Pilot Heading(65359): values=ManufacturerCode=(1851) IndustryCode=(4) HeadingTrue=(None) HeadingMagnetic=(93.97 deg)

3  : pgn=129026 line=Tx 10277713 09 f8 02 03 ff fc 90 43 3d 01 ff ff
source=3: pgn=COG & SOG, Rapid Update(129026): values=COGReference=("0") COG=(99.10 deg) SOG=(3.17 m/s)

3  : pgn=129025 line=Tx 10277713 09 f8 01 03 b3 7b 6f 1c c9 4b fd b6
source=3: pgn=Position, Rapid Update(129025): values=Latitude=(47.7068211 deg) Longitude=(-122.49139749999999 deg)

3  : pgn=129291 line=Tx 10277713 0d f9 0b 03 ff fc 05 1b 44 00 ff ff
source=3: pgn=Set & Drift, Rapid Update(129291): values=SetReference=("0") Set=(39.63 deg) Drift=(0.68 m/s)

0  : pgn=126975 line=Rx 10277739 1d ef ff 00 00 09 3b 9f f0 81 ae 02
0  : pgn=126975 line=Rx 10277741 1d ef ff 00 01 00 08 00 ff ff ff ff
32 : pgn=128259 line=Rx 10277794 09 f5 03 20 2c 29 01 ff ff ff ff ff
source=32: pgn=Speed(128259): values=SpeedWaterReferenced=(2.97 m/s) SpeedGroundReferenced=(None) SpeedWaterReferencedType=(None) SpeedDirection=(None)

0  : pgn=127250 line=Rx 10277798 09 f1 12 00 ff fc 3f ff 7f ff 7f fd
source=0: pgn=Vessel Heading(127250): values=Heading=(93.85 deg) Deviation=(None) Variation=(None) Reference=("1")

0  : pgn=127245 line=Rx 10277799 09 f1 0d 00 00 f8 ff 7f 00 00 ff ff
source=0: pgn=Rudder(127245): values=Instance=(0) DirectionOrder=("0") AngleOrder=(None) Position=(0.00 deg)

1  : pgn=129038 line=Rx 10277799 11 f8 0e 01 00 1b c1 0e 28 dc 15 0b
source=1: pgn=AIS Class A Position Report(129038): values=MessageID=(0) RepeatIndicator=("0") UserID=(672055579) Longitude=(0.0 deg) Latitude=(0.0 deg) PositionAccuracy=("0") RAIM=("0") TimeStamp=("0") COG=(0.00 deg) SOG=(0.0 m/s) CommunicationState=(0) AISTransceiverinformation=("0") Heading=(0.00 deg) RateofTurn=(0.00 deg/s) NavStatus=("0") SpecialManeuverIndicator=("0") Spare=(0) SequenceID=(0)

1  : pgn=129038 line=Rx 10277800 11 f8 0e 01 01 59 01 b7 70 3e 60 1c
source=1: pgn=AIS Class A Position Report(129038): values=MessageID=(1) RepeatIndicator=("0") UserID=(1891041625) Longitude=(0.0 deg) Latitude=(0.0 deg) PositionAccuracy=("0") RAIM=("0") TimeStamp=("0") COG=(0.00 deg) SOG=(0.0 m/s) CommunicationState=(0) AISTransceiverinformation=("0") Heading=(0.00 deg) RateofTurn=(0.00 deg/s) NavStatus=("0") SpecialManeuverIndicator=("0") Spare=(0) SequenceID=(0)

1  : pgn=129038 line=Rx 10277800 11 f8 0e 01 02 61 d6 37 db 03 00 00
source=1: pgn=AIS Class A Position Report(129038): values=MessageID=(2) RepeatIndicator=("0") UserID=(3677869665) Longitude=(0.0 deg) Latitude=(0.0 deg) PositionAccuracy=("0") RAIM=("0") TimeStamp=("0") COG=(0.00 deg) SOG=(0.0 m/s) CommunicationState=(0) AISTransceiverinformation=("0") Heading=(0.00 deg) RateofTurn=(0.00 deg/s) NavStatus=("0") SpecialManeuverIndicator=("0") Spare=(0) SequenceID=(0)

1  : pgn=129038 line=Rx 10277801 11 f8 0e 01 03 00 dc 35 00 00 f0 fe
source=1: pgn=AIS Class A Position Report(129038): values=MessageID=(3) RepeatIndicator=("0") UserID=(3529728) Longitude=(0.0 deg) Latitude=(0.0 deg) PositionAccuracy=("0") RAIM=("0") TimeStamp=("0") COG=(0.00 deg) SOG=(0.0 m/s) CommunicationState=(0) AISTransceiverinformation=("0") Heading=(0.00 deg) RateofTurn=(0.00 deg/s) NavStatus=("0") SpecialManeuverIndicator=("0") Spare=(0) SequenceID=(0)

0  : pgn=65359  line=Rx 10277807 1c ff 4f 00 3b 9f ff ff ff fc 3f ff
source=0: pgn=Seatalk: Pilot Heading(65359): values=ManufacturerCode=(1851) IndustryCode=(4) HeadingTrue=(None) HeadingMagnetic=(93.85 deg)

3  : pgn=129025 line=Tx 10277814 09 f8 01 03 9d 7b 6f 1c 11 4c fd b6
source=3: pgn=Position, Rapid Update(129025): values=Latitude=(47.706818899999995 deg) Longitude=(-122.49139029999999 deg)

1  : pgn=129038 line=Rx 10277888 11 f8 0e 01 20 1b c1 8e 0b e7 15 6a
1  : pgn=129038 line=Rx 10277889 11 f8 0e 01 21 be 18 b7 43 44 66 1c
1  : pgn=129038 line=Rx 10277890 11 f8 0e 01 22 62 30 cc 00 00 00 00
1  : pgn=129038 line=Rx 10277890 11 f8 0e 01 23 00 ff ff ff 7f ff fe
32 : pgn=128259 line=Rx 10277893 09 f5 03 20 2d 2d 01 ff ff ff ff ff
source=32: pgn=Speed(128259): values=SpeedWaterReferenced=(3.0100000000000002 m/s) SpeedGroundReferenced=(None) SpeedWaterReferencedType=(None) SpeedDirection=(None)

0  : pgn=127250 line=Rx 10277897 09 f1 12 00 ff e5 3f ff 7f ff 7f fd
source=0: pgn=Vessel Heading(127250): values=Heading=(93.72 deg) Deviation=(None) Variation=(None) Reference=("1")

0  : pgn=127245 line=Rx 10277898 09 f1 0d 00 00 f8 ff 7f 00 00 ff ff
source=0: pgn=Rudder(127245): values=Instance=(0) DirectionOrder=("0") AngleOrder=(None) Position=(0.00 deg)

0  : pgn=65359  line=Rx 10277905 1c ff 4f 00 3b 9f ff ff ff e5 3f ff
source=0: pgn=Seatalk: Pilot Heading(65359): values=ManufacturerCode=(1851) IndustryCode=(4) HeadingTrue=(None) HeadingMagnetic=(93.72 deg)

3  : pgn=129026 line=Tx 10277914 09 f8 02 03 ff fc 7f 43 3c 01 ff ff
source=3: pgn=COG & SOG, Rapid Update(129026): values=COGReference=("0") COG=(99.00 deg) SOG=(3.16 m/s)

3  : pgn=130577 line=Tx 10277914 0d fe 11 03 80 0e c0 55 7f 43 3c 01
3  : pgn=130577 line=Tx 10277914 0d fe 11 03 81 ff ff ff ff 05 1b 44
3  : pgn=130577 line=Tx 10277914 0d fe 11 03 82 00 ff ff ff ff ff ff
3  : pgn=129025 line=Tx 10277914 09 f8 01 03 9d 7b 6f 1c 11 4c fd b6
3  : pgn=130306 line=Tx 10277914 09 fd 02 03 ff 4c 03 42 cf fa ff ff
source=3: pgn=Wind Data(130306): values=WindSpeed=(8.44 m/s) WindAngle=(304.00 deg) Reference=("2")

32 : pgn=128259 line=Rx 10277993 09 f5 03 20 2e 2e 01 ff ff ff ff ff
source=32: pgn=Speed(128259): values=SpeedWaterReferenced=(3.02 m/s) SpeedGroundReferenced=(None) SpeedWaterReferencedType=(None) SpeedDirection=(None)

0  : pgn=127250 line=Rx 10277998 09 f1 12 00 ff eb 3f ff 7f ff 7f fd
source=0: pgn=Vessel Heading(127250): values=Heading=(93.75 deg) Deviation=(None) Variation=(None) Reference=("1")

0  : pgn=127245 line=Rx 10277999 09 f1 0d 00 00 f8 ff 7f 00 00 ff ff
source=0: pgn=Rudder(127245): values=Instance=(0) DirectionOrder=("0") AngleOrder=(None) Position=(0.00 deg)

0  : pgn=65359  line=Rx 10278003 1c ff 4f 00 3b 9f ff ff ff eb 3f ff
source=0: pgn=Seatalk: Pilot Heading(65359): values=ManufacturerCode=(1851) IndustryCode=(4) HeadingTrue=(None) HeadingMagnetic=(93.75 deg)

3  : pgn=129283 line=Tx 10278015 0d f9 03 03 ff 7f ff ff ff 7f ff ff
source=3: pgn=Cross Track Error(129283): values=XTEmode=(None) NavigationTerminated=("1") XTE=(None)

3  : pgn=129025 line=Tx 10278015 09 f8 01 03 9d 7b 6f 1c 11 4c fd b6
source=3: pgn=Position, Rapid Update(129025): values=Latitude=(47.706818899999995 deg) Longitude=(-122.49139029999999 deg)

3  : pgn=128267 line=Tx 10278015 0d f5 0b 03 ff 82 3b 00 00 00 00 ff
source=3: pgn=Water Depth(128267): values=Depth=(152.34 m) Offset=(0.0 m) Range=(None)

32 : pgn=128259 line=Rx 10278092 09 f5 03 20 2f 32 01 ff ff ff ff ff
source=32: pgn=Speed(128259): values=SpeedWaterReferenced=(3.06 m/s) SpeedGroundReferenced=(None) SpeedWaterReferencedType=(None) SpeedDirection=(None)

0  : pgn=127250 line=Rx 10278097 09 f1 12 00 ff 01 40 ff 7f ff 7f fd
source=0: pgn=Vessel Heading(127250): values=Heading=(93.88 deg) Deviation=(None) Variation=(None) Reference=("1")

0  : pgn=127245 line=Rx 10278098 09 f1 0d 00 00 f8 ff 7f 00 00 ff ff
source=0: pgn=Rudder(127245): values=Instance=(0) DirectionOrder=("0") AngleOrder=(None) Position=(0.00 deg)

0  : pgn=65359  line=Rx 10278105 1c ff 4f 00 3b 9f ff ff ff 01 40 ff
source=0: pgn=Seatalk: Pilot Heading(65359): values=ManufacturerCode=(1851) IndustryCode=(4) HeadingTrue=(None) HeadingMagnetic=(93.88 deg)

3  : pgn=129026 line=Tx 10278115 09 f8 02 03 ff fc 7f 43 3c 01 ff ff
source=3: pgn=COG & SOG, Rapid Update(129026): values=COGReference=("0") COG=(99.00 deg) SOG=(3.16 m/s)

3  : pgn=129025 line=Tx 10278115 09 f8 01 03 8a 7b 6f 1c 65 4c fd b6
source=3: pgn=Position, Rapid Update(129025): values=Latitude=(47.706817 deg) Longitude=(-122.4913819 deg)

3  : pgn=129542 line=Tx 10278115 19 fa 06 03 80 0f 55 58 01 00 00 00
3  : pgn=129542 line=Tx 10278115 19 fa 06 03 81 00 00 00 00 00 00 00
3  : pgn=129542 line=Tx 10278115 19 fa 06 03 82 00 00 ff ff ff ff ff
3  : pgn=65364  line=Tx 10278115 1c ff 54 03 3b 9f 4c 03 42 cf ff ff
0  : pgn=126975 line=Rx 10278126 1d ef ff 00 20 08 3b 9f f0 81 9c 11
0  : pgn=126975 line=Rx 10278128 1d ef ff 00 21 02 00 ff ff ff ff ff
32 : pgn=128259 line=Rx 10278192 09 f5 03 20 30 32 01 ff ff ff ff ff
source=32: pgn=Speed(128259): values=SpeedWaterReferenced=(3.06 m/s) SpeedGroundReferenced=(None) SpeedWaterReferencedType=(None) SpeedDirection=(None)

0  : pgn=127250 line=Rx 10278197 09 f1 12 00 ff 2f 40 ff 7f ff 7f fd
source=0: pgn=Vessel Heading(127250): values=Heading=(94.14 deg) Deviation=(None) Variation=(None) Reference=("1")

0  : pgn=127245 line=Rx 10278198 09 f1 0d 00 00 f8 ff 7f 00 00 ff ff
source=0: pgn=Rudder(127245): values=Instance=(0) DirectionOrder=("0") AngleOrder=(None) Position=(0.00 deg)

0  : pgn=65359  line=Rx 10278202 1c ff 4f 00 3b 9f ff ff ff 2f 40 ff
source=0: pgn=Seatalk: Pilot Heading(65359): values=ManufacturerCode=(1851) IndustryCode=(4) HeadingTrue=(None) HeadingMagnetic=(94.14 deg)

3  : pgn=129540 line=Tx 10278218 19 fa 04 03 c0 9f 77 ff 0d 03 45 1b
source=3: pgn=GNSS Sats in View(129540): values=RangeResidualMode=(None) SatsinView=(119) PRN=(None) Elevation=(4.47 deg) Azimuth=(40.00 deg) SNR=(0.0 dB) Rangeresiduals=(0) Status=("0")

3  : pgn=129540 line=Tx 10278218 19 fa 04 03 c1 2e 26 00 00 00 00 00
source=3: pgn=GNSS Sats in View(129540): values=RangeResidualMode=("0") SatsinView=(38) PRN=(0) Elevation=(0.00 deg) Azimuth=(0.00 deg) SNR=(0.0 dB) Rangeresiduals=(0) Status=("0")

3  : pgn=129540 line=Tx 10278218 19 fa 04 03 c2 00 f3 0f ff 1d 5c 3d
source=3: pgn=GNSS Sats in View(129540): values=RangeResidualMode=("0") SatsinView=(243) PRN=(15) Elevation=(44.00 deg) Azimuth=(90.00 deg) SNR=(0.0 dB) Rangeresiduals=(0) Status=("0")

3  : pgn=129540 line=Tx 10278218 19 fa 04 03 c3 80 0c 00 00 00 00 f5
source=3: pgn=GNSS Sats in View(129540): values=RangeResidualMode=("0") SatsinView=(12) PRN=(0) Elevation=(0.00 deg) Azimuth=(359.36 deg) SNR=(0.0 dB) Rangeresiduals=(0) Status=("0")

3  : pgn=129540 line=Tx 10278218 19 fa 04 03 c4 10 17 13 71 b9 48 0d
source=3: pgn=GNSS Sats in View(129540): values=RangeResidualMode=("0") SatsinView=(23) PRN=(19) Elevation=(-103.49 deg) Azimuth=(19.48 deg) SNR=(0.0 dB) Rangeresiduals=(0) Status=("0")

3  : pgn=129540 line=Tx 10278218 19 fa 04 03 c5 00 00 00 00 f5 12 16
source=3: pgn=GNSS Sats in View(129540): values=RangeResidualMode=("0") SatsinView=(0) PRN=(0) Elevation=(-16.13 deg) Azimuth=(32.37 deg) SNR=(0.0 dB) Rangeresiduals=(0) Status=("0")

3  : pgn=129540 line=Tx 10278218 19 fa 04 03 c6 31 f2 93 d8 0e 00 00
source=3: pgn=GNSS Sats in View(129540): values=RangeResidualMode=("1") SatsinView=(242) PRN=(147) Elevation=(21.77 deg) Azimuth=(0.00 deg) SNR=(0.0 dB) Rangeresiduals=(0) Status=("0")

3  : pgn=129540 line=Tx 10278218 19 fa 04 03 c7 00 00 f5 13 ba 02 1f
source=3: pgn=GNSS Sats in View(129540): values=RangeResidualMode=("0") SatsinView=(0) PRN=(245) Elevation=(-102.57 deg) Azimuth=(45.48 deg) SNR=(0.0 dB) Rangeresiduals=(0) Status=("0")

3  : pgn=129540 line=Tx 10278218 19 fa 04 03 c8 d8 1c 0c 00 00 00 00
source=3: pgn=GNSS Sats in View(129540): values=RangeResidualMode=("0") SatsinView=(28) PRN=(12) Elevation=(0.00 deg) Azimuth=(0.00 deg) SNR=(0.0 dB) Rangeresiduals=(0) Status=("0")

3  : pgn=129540 line=Tx 10278218 19 fa 04 03 c9 f5 15 e8 37 5d 1f d8
source=3: pgn=GNSS Sats in View(129540): values=RangeResidualMode=("1") SatsinView=(21) PRN=(232) Elevation=(136.72 deg) Azimuth=(317.00 deg) SNR=(0.0 dB) Rangeresiduals=(0) Status=("0")

3  : pgn=129540 line=Tx 10278218 19 fa 04 03 ca 0e 00 00 00 00 f5 16
source=3: pgn=GNSS Sats in View(129540): values=RangeResidualMode=("0") SatsinView=(0) PRN=(0) Elevation=(0.00 deg) Azimuth=(33.67 deg) SNR=(0.0 dB) Rangeresiduals=(0) Status=("0")

3  : pgn=129540 line=Tx 10278220 19 fa 04 03 cb d1 15 cf 9c 74 0e 00
source=3: pgn=GNSS Sats in View(129540): values=RangeResidualMode=("1") SatsinView=(21) PRN=(207) Elevation=(171.04 deg) Azimuth=(0.08 deg) SNR=(0.0 dB) Rangeresiduals=(0) Status=("0")

3  : pgn=129540 line=Tx 10278221 19 fa 04 03 cc 00 00 00 f5 1a ae 0f
source=3: pgn=GNSS Sats in View(129540): values=RangeResidualMode=("0") SatsinView=(0) PRN=(0) Elevation=(39.54 deg) Azimuth=(23.00 deg) SNR=(0.0 dB) Rangeresiduals=(0) Status=("0")

3  : pgn=129540 line=Tx 10278222 19 fa 04 03 cd 0b 20 c4 09 00 00 00
source=3: pgn=GNSS Sats in View(129540): values=RangeResidualMode=(None) SatsinView=(32) PRN=(196) Elevation=(0.05 deg) Azimuth=(0.00 deg) SNR=(0.0 dB) Rangeresiduals=(0) Status=("0")

3  : pgn=129540 line=Tx 10278222 19 fa 04 03 ce 00 f5 1b 23 15 ab d2
source=3: pgn=GNSS Sats in View(129540): values=RangeResidualMode=("0") SatsinView=(245) PRN=(27) Elevation=(31.00 deg) Azimuth=(309.00 deg) SNR=(0.0 dB) Rangeresiduals=(0) Status=("0")

3  : pgn=129540 line=Tx 10278223 19 fa 04 03 cf 80 0c 00 00 00 00 f5
source=3: pgn=GNSS Sats in View(129540): values=RangeResidualMode=("0") SatsinView=(12) PRN=(0) Elevation=(0.00 deg) Azimuth=(359.36 deg) SNR=(0.0 dB) Rangeresiduals=(0) Status=("0")

3  : pgn=129540 line=Tx 10278224 19 fa 04 03 d0 1d 00 0f a1 67 10 0e
source=3: pgn=GNSS Sats in View(129540): values=RangeResidualMode=("1") SatsinView=(0) PRN=(15) Elevation=(152.00 deg) Azimuth=(20.63 deg) SNR=(0.0 dB) Rangeresiduals=(0) Status=("0")

3  : pgn=129540 line=Tx 10278224 19 fa 04 03 d1 00 00 00 00 f5 23 d1
source=3: pgn=GNSS Sats in View(129540): values=RangeResidualMode=("0") SatsinView=(0) PRN=(0) Elevation=(-16.13 deg) Azimuth=(306.76 deg) SNR=(0.0 dB) Rangeresiduals=(0) Status=("0")

3  : pgn=129540 line=Tx 10278225 19 fa 04 03 d2 15 c3 8b 00 00 00 00
source=3: pgn=GNSS Sats in View(129540): values=RangeResidualMode=("1") SatsinView=(195) PRN=(139) Elevation=(0.00 deg) Azimuth=(0.00 deg) SNR=(0.0 dB) Rangeresiduals=(0) Status=("0")

3  : pgn=129540 line=Tx 10278226 19 fa 04 03 d3 00 00 f3 30 2e 17 43
source=3: pgn=GNSS Sats in View(129540): values=RangeResidualMode=("0") SatsinView=(0) PRN=(243) Elevation=(67.75 deg) Azimuth=(98.41 deg) SNR=(0.0 dB) Rangeresiduals=(0) Status=("0")

3  : pgn=129540 line=Tx 10278227 19 fa 04 03 d4 84 e4 0c 00 00 00 00
source=3: pgn=GNSS Sats in View(129540): values=RangeResidualMode=("0") SatsinView=(228) PRN=(12) Elevation=(0.00 deg) Azimuth=(0.00 deg) SNR=(0.0 dB) Rangeresiduals=(0) Status=("0")

3  : pgn=129540 line=Tx 10278227 19 fa 04 03 d5 f5 33 80 16 67 6c 10
source=3: pgn=GNSS Sats in View(129540): values=RangeResidualMode=("1") SatsinView=(51) PRN=(128) Elevation=(151.20 deg) Azimuth=(24.09 deg) SNR=(0.0 dB) Rangeresiduals=(0) Status=("0")

3  : pgn=129540 line=Tx 10278228 19 fa 04 03 d6 0e 00 00 00 00 f5 ff
source=3: pgn=GNSS Sats in View(129540): values=RangeResidualMode=("0") SatsinView=(0) PRN=(0) Elevation=(0.00 deg) Azimuth=(375.43 deg) SNR=(0.0 dB) Rangeresiduals=(0) Status=("0")

3  : pgn=129025 line=Tx 10278230 09 f8 01 03 8a 7b 6f 1c 65 4c fd b6
source=3: pgn=Position, Rapid Update(129025): values=Latitude=(47.706817 deg) Longitude=(-122.4913819 deg)

3  : pgn=127258 line=Tx 10278231 19 f1 1a 03 ff f6 12 39 fa 0a ff ff
source=3: pgn=Magnetic Variation(127258): values=Source=("6") Ageofservice=(14610 d) Variation=(16.10 deg)

32 : pgn=128259 line=Rx 10278291 09 f5 03 20 31 32 01 ff ff ff ff ff
source=32: pgn=Speed(128259): values=SpeedWaterReferenced=(3.06 m/s) SpeedGroundReferenced=(None) SpeedWaterReferencedType=(None) SpeedDirection=(None)

0  : pgn=127250 line=Rx 10278297 09 f1 12 00 ff 4f 40 ff 7f ff 7f fd
source=0: pgn=Vessel Heading(127250): values=Heading=(94.33 deg) Deviation=(None) Variation=(None) Reference=("1")

0  : pgn=127245 line=Rx 10278298 09 f1 0d 00 00 f8 ff 7f 00 00 ff ff
source=0: pgn=Rudder(127245): values=Instance=(0) DirectionOrder=("0") AngleOrder=(None) Position=(0.00 deg)

0  : pgn=65359  line=Rx 10278306 1c ff 4f 00 3b 9f ff ff ff 4f 40 ff
source=0: pgn=Seatalk: Pilot Heading(65359): values=ManufacturerCode=(1851) IndustryCode=(4) HeadingTrue=(None) HeadingMagnetic=(94.33 deg)

3  : pgn=129026 line=Tx 10278320 09 f8 02 03 ff fc 7f 43 3c 01 ff ff
source=3: pgn=COG & SOG, Rapid Update(129026): values=COGReference=("0") COG=(99.00 deg) SOG=(3.16 m/s)

3  : pgn=129025 line=Tx 10278320 09 f8 01 03 8a 7b 6f 1c 65 4c fd b6
source=3: pgn=Position, Rapid Update(129025): values=Latitude=(47.706817 deg) Longitude=(-122.4913819 deg)

1  : pgn=129038 line=Rx 10278346 11 f8 0e 01 40 1b c1 50 c6 e2 15 ff
1  : pgn=129038 line=Rx 10278346 11 f8 0e 01 41 ff ff 7f ff ff ff 7f
1  : pgn=129038 line=Rx 10278347 11 f8 0e 01 42 fc ff ff ff ff 03 00
1  : pgn=129038 line=Rx 10278347 11 f8 0e 01 43 18 ff ff ff 7f f0 fe
1  : pgn=129038 line=Rx 10278348 11 f8 0e 01 60 1b c3 68 27 3c 16 4d
1  : pgn=129038 line=Rx 10278348 11 f8 0e 01 61 62 0a b7 9f 7d 62 1c
1  : pgn=129038 line=Rx 10278349 11 f8 0e 01 62 60 5a 97 05 00 00 00
1  : pgn=129038 line=Rx 10278349 11 f8 0e 01 63 00 c5 04 00 00 f1 fe
32 : pgn=128259 line=Rx 10278393 09 f5 03 20 32 30 01 ff ff ff ff ff
source=32: pgn=Speed(128259): values=SpeedWaterReferenced=(3.04 m/s) SpeedGroundReferenced=(None) SpeedWaterReferencedType=(None) SpeedDirection=(None)

32 : pgn=130310 line=Rx 10278396 15 fd 06 20 9c ff ff ff ff ff ff ff
source=32: pgn=Environmental Parameters (obsolete)(130310): values=WaterTemperature=(None) OutsideAmbientAirTemperature=(None) AtmosphericPressure=(None)

0  : pgn=127250 line=Rx 10278398 09 f1 12 00 ff 91 40 ff 7f ff 7f fd
source=0: pgn=Vessel Heading(127250): values=Heading=(94.70 deg) Deviation=(None) Variation=(None) Reference=("1")

0  : pgn=127245 line=Rx 10278399 09 f1 0d 00 00 f8 ff 7f 00 00 ff ff
source=0: pgn=Rudder(127245): values=Instance=(0) DirectionOrder=("0") AngleOrder=(None) Position=(0.00 deg)

0  : pgn=65359  line=Rx 10278403 1c ff 4f 00 3b 9f ff ff ff 91 40 ff
source=0: pgn=Seatalk: Pilot Heading(65359): values=ManufacturerCode=(1851) IndustryCode=(4) HeadingTrue=(None) HeadingMagnetic=(94.70 deg)

32 : pgn=128275 line=Rx 10278406 19 f5 13 20 c0 0e ff ff ff ff ff ff
4  : pgn=65384  line=Rx 10278410 1c ff 68 04 3b 9f 00 00 00 00 00 00
32 : pgn=128275 line=Rx 10278411 19 f5 13 20 c1 55 ad 3c 00 55 ad 3c
32 : pgn=128275 line=Rx 10278416 19 f5 13 20 c2 00 ff ff ff ff ff ff
3  : pgn=129029 line=Tx 10278420 0d f8 05 03 80 2b 55 06 40 ca eb 09
3  : pgn=129029 line=Tx 10278420 0d f8 05 03 81 2c 00 02 f6 55 f2 e2
3  : pgn=129029 line=Tx 10278420 0d f8 05 03 82 9e 06 00 50 98 0d 85
3  : pgn=129029 line=Tx 10278420 0d f8 05 03 83 3b 00 ef ff ff ff ff
3  : pgn=129029 line=Tx 10278420 0d f8 05 03 84 ff ff ff 7f 23 fc 09
3  : pgn=129029 line=Tx 10278420 0d f8 05 03 85 54 00 ff 7f ff ff ff
3  : pgn=129029 line=Tx 10278420 0d f8 05 03 86 7f 00 ff ff ff ff ff
3  : pgn=129025 line=Tx 10278420 09 f8 01 03 6d 7b 6f 1c 08 4d fd b6
source=3: pgn=Position, Rapid Update(129025): values=Latitude=(47.706814099999995 deg) Longitude=(-122.4913656 deg)

3  : pgn=129033 line=Tx 10278420 0d f8 09 03 06 40 ca eb 09 2c 5c fe
source=3: pgn=Time & Date(129033): values=Date=(16390 d) Time=(73884.769 s) LocalOffset=(-25200.0 s)

1  : pgn=59936  line=Rx 10278434 18 ea 20 01 00 ee 00 00 00 00 00 00
32 : pgn=128259 line=Rx 10278490 09 f5 03 20 33 30 01 ff ff ff ff ff
0  : pgn=127250 line=Rx 10278506 09 f1 12 00 ff db 40 ff 7f ff 7f fd
source=0: pgn=Vessel Heading(127250): values=Heading=(95.13 deg) Deviation=(None) Variation=(None) Reference=("1")

0  : pgn=127245 line=Rx 10278507 09 f1 0d 00 00 f8 ff 7f 00 00 ff ff
source=0: pgn=Rudder(127245): values=Instance=(0) DirectionOrder=("0") AngleOrder=(None) Position=(0.00 deg)

0  : pgn=65359  line=Rx 10278513 1c ff 4f 00 3b 9f ff ff ff db 40 ff
source=0: pgn=Seatalk: Pilot Heading(65359): values=ManufacturerCode=(1851) IndustryCode=(4) HeadingTrue=(None) HeadingMagnetic=(95.13 deg)

3  : pgn=129026 line=Tx 10278520 09 f8 02 03 ff fc 6d 43 3b 01 ff ff
source=3: pgn=COG & SOG, Rapid Update(129026): values=COGReference=("0") COG=(98.90 deg) SOG=(3.15 m/s)

3  : pgn=129025 line=Tx 10278520 09 f8 01 03 6d 7b 6f 1c 08 4d fd b6
source=3: pgn=Position, Rapid Update(129025): values=Latitude=(47.706814099999995 deg) Longitude=(-122.4913656 deg)

3  : pgn=126992 line=Tx 10278520 0d f0 10 03 ff ff 06 40 ca eb 09 2c
source=3: pgn=System Time(126992): values=Source=(None) Date=(16390 d) Time=(73884.769 s)

32 : pgn=128259 line=Rx 10278590 09 f5 03 20 34 2d 01 ff ff ff ff ff
source=32: pgn=Speed(128259): values=SpeedWaterReferenced=(3.0100000000000002 m/s) SpeedGroundReferenced=(None) SpeedWaterReferencedType=(None) SpeedDirection=(None)

0  : pgn=127250 line=Rx 10278596 09 f1 12 00 ff fa 40 ff 7f ff 7f fd
source=0: pgn=Vessel Heading(127250): values=Heading=(95.31 deg) Deviation=(None) Variation=(None) Reference=("1")

0  : pgn=127245 line=Rx 10278597 09 f1 0d 00 00 f8 ff 7f 00 00 ff ff
source=0: pgn=Rudder(127245): values=Instance=(0) DirectionOrder=("0") AngleOrder=(None) Position=(0.00 deg)

0  : pgn=65379  line=Rx 10278601 1c ff 63 00 3b 9f 00 00 00 00 01 ff
source=0: pgn=Seatalk: Pilot Mode(65379): values=ManufacturerCode=(1851) IndustryCode=(4) PilotMode=(0) SubMode=(0) PilotModeData=(0)

0  : pgn=65359  line=Rx 10278603 1c ff 4f 00 3b 9f ff ff ff fa 40 ff
source=0: pgn=Seatalk: Pilot Heading(65359): values=ManufacturerCode=(1851) IndustryCode=(4) HeadingTrue=(None) HeadingMagnetic=(95.31 deg)

0  : pgn=126975 line=Rx 10278609 1d ef ff 00 40 0d 3b 9f f0 81 84 d6
0  : pgn=126975 line=Rx 10278611 1d ef ff 00 41 42 0b 00 00 00 02 05
1  : pgn=129038 line=Rx 10278619 11 f8 0e 01 80 1b c1 0e 44 de 15 d5
1  : pgn=129038 line=Rx 10278619 11 f8 0e 01 81 22 10 b7 9f 65 5d 1c
1  : pgn=129038 line=Rx 10278620 11 f8 0e 01 82 66 b7 7a 05 00 00 00
1  : pgn=129038 line=Rx 10278620 11 f8 0e 01 83 00 9e df 00 00 ff fe
3  : pgn=129025 line=Tx 10278621 09 f8 01 03 5d 7b 6f 1c 5f 4d fd b6
source=3: pgn=Position, Rapid Update(129025): values=Latitude=(47.7068125 deg) Longitude=(-122.4913569 deg)

32 : pgn=128259 line=Rx 10278690 09 f5 03 20 35 2b 01 ff ff ff ff ff
source=32: pgn=Speed(128259): values=SpeedWaterReferenced=(2.99 m/s) SpeedGroundReferenced=(None) SpeedWaterReferencedType=(None) SpeedDirection=(None)

0  : pgn=127250 line=Rx 10278696 09 f1 12 00 ff 3c 41 ff 7f ff 7f fd
source=0: pgn=Vessel Heading(127250): values=Heading=(95.68 deg) Deviation=(None) Variation=(None) Reference=("1")

0  : pgn=127245 line=Rx 10278697 09 f1 0d 00 00 f8 ff 7f 00 00 ff ff
source=0: pgn=Rudder(127245): values=Instance=(0) DirectionOrder=("0") AngleOrder=(None) Position=(0.00 deg)

0  : pgn=65359  line=Rx 10278703 1c ff 4f 00 3b 9f ff ff ff 3c 41 ff
source=0: pgn=Seatalk: Pilot Heading(65359): values=ManufacturerCode=(1851) IndustryCode=(4) HeadingTrue=(None) HeadingMagnetic=(95.68 deg)

0  : pgn=126975 line=Rx 10278718 1d ef ff 00 60 09 3b 9f f0 81 ae 02
0  : pgn=126975 line=Rx 10278719 1d ef ff 00 61 00 08 00 ff ff ff ff
3  : pgn=129026 line=Tx 10278721 09 f8 02 03 ff fc 7f 43 3c 01 ff ff
source=3: pgn=COG & SOG, Rapid Update(129026): values=COGReference=("0") COG=(99.00 deg) SOG=(3.16 m/s)

3  : pgn=129025 line=Tx 10278721 09 f8 01 03 5d 7b 6f 1c 5f 4d fd b6
source=3: pgn=Position, Rapid Update(129025): values=Latitude=(47.7068125 deg) Longitude=(-122.4913569 deg)

3  : pgn=129291 line=Tx 10278721 0d f9 0b 03 ff fc f0 10 42 00 ff ff
source=3: pgn=Set & Drift, Rapid Update(129291): values=SetReference=("0") Set=(24.84 deg) Drift=(0.66 m/s)

3  : pgn=129044 line=Tx 10278721 19 f8 14 03 80 14 57 38 34 00 00 00
3  : pgn=129044 line=Tx 10278721 19 f8 14 03 81 00 00 00 00 00 00 00
3  : pgn=129044 line=Tx 10278721 19 f8 14 03 82 00 00 00 57 38 34 00
1  : pgn=129038 line=Rx 10278741 11 f8 0e 01 a0 1b c1 2e 9d e2 15 14
1  : pgn=129038 line=Rx 10278741 11 f8 0e 01 a1 75 0c b7 01 e4 68 1c
1  : pgn=129038 line=Rx 10278742 11 f8 0e 01 a2 60 85 0b 00 00 00 00
1  : pgn=129038 line=Rx 10278742 11 f8 0e 01 a3 00 ff ff ff 7f f0 fe
32 : pgn=128259 line=Rx 10278789 09 f5 03 20 36 2c 01 ff ff ff ff ff
source=32: pgn=Speed(128259): values=SpeedWaterReferenced=(3.0 m/s) SpeedGroundReferenced=(None) SpeedWaterReferencedType=(None) SpeedDirection=(None)

0  : pgn=127250 line=Rx 10278797 09 f1 12 00 ff 5b 41 ff 7f ff 7f fd
source=0: pgn=Vessel Heading(127250): values=Heading=(95.86 deg) Deviation=(None) Variation=(None) Reference=("1")

0  : pgn=127245 line=Rx 10278798 09 f1 0d 00 00 f8 ff 7f 00 00 ff ff
source=0: pgn=Rudder(127245): values=Instance=(0) DirectionOrder=("0") AngleOrder=(None) Position=(0.00 deg)

0  : pgn=65359  line=Rx 10278804 1c ff 4f 00 3b 9f ff ff ff 5b 41 ff
source=0: pgn=Seatalk: Pilot Heading(65359): values=ManufacturerCode=(1851) IndustryCode=(4) HeadingTrue=(None) HeadingMagnetic=(95.86 deg)

3  : pgn=129025 line=Tx 10278822 09 f8 01 03 5d 7b 6f 1c 5f 4d fd b6
1  : pgn=129038 line=Rx 10278862 11 f8 0e 01 c0 1b c1 44 d6 e0 15 fd
1  : pgn=129038 line=Rx 10278863 11 f8 0e 01 c1 eb 0c b7 b3 55 69 1c
1  : pgn=129038 line=Rx 10278863 11 f8 0e 01 c2 62 51 14 00 00 00 00
1  : pgn=129038 line=Rx 10278864 11 f8 0e 01 c3 00 ff ff ff 7f f0 fe
32 : pgn=128259 line=Rx 10278888 09 f5 03 20 37 1f 01 ff ff ff ff ff
source=32: pgn=Speed(128259): values=SpeedWaterReferenced=(2.87 m/s) SpeedGroundReferenced=(None) SpeedWaterReferencedType=(None) SpeedDirection=(None)

0  : pgn=127250 line=Rx 10278906 09 f1 12 00 ff 78 41 ff 7f ff 7f fd
source=0: pgn=Vessel Heading(127250): values=Heading=(96.03 deg) Deviation=(None) Variation=(None) Reference=("1")

0  : pgn=127245 line=Rx 10278907 09 f1 0d 00 00 f8 ff 7f 00 00 ff ff
source=0: pgn=Rudder(127245): values=Instance=(0) DirectionOrder=("0") AngleOrder=(None) Position=(0.00 deg)

0  : pgn=65359  line=Rx 10278914 1c ff 4f 00 3b 9f ff ff ff 78 41 ff
source=0: pgn=Seatalk: Pilot Heading(65359): values=ManufacturerCode=(1851) IndustryCode=(4) HeadingTrue=(None) HeadingMagnetic=(96.03 deg)

3  : pgn=129026 line=Tx 10278922 09 f8 02 03 ff fc 7f 43 3c 01 ff ff
source=3: pgn=COG & SOG, Rapid Update(129026): values=COGReference=("0") COG=(99.00 deg) SOG=(3.16 m/s)

3  : pgn=130577 line=Tx 10278922 0d fe 11 03 a0 0e c0 56 7f 43 3c 01
3  : pgn=130577 line=Tx 10278922 0d fe 11 03 a1 ff ff ff ff f0 10 42
3  : pgn=130577 line=Tx 10278922 0d fe 11 03 a2 00 ff ff ff ff ff ff
3  : pgn=129025 line=Tx 10278922 09 f8 01 03 33 7b 6f 1c 0b 4e fd b6
3  : pgn=130306 line=Tx 10278922 09 fd 02 03 ff 23 03 ce c9 fa ff ff
source=3: pgn=Wind Data(130306): values=WindSpeed=(8.03 m/s) WindAngle=(296.00 deg) Reference=("2")

1  : pgn=129038 line=Rx 10278954 11 f8 0e 01 e0 1b c1 7c 61 df 15 65
1  : pgn=129038 line=Rx 10278955 11 f8 0e 01 e1 64 0f b7 5d 62 68 1c
1  : pgn=129038 line=Rx 10278955 11 f8 0e 01 e2 60 28 0d 00 00 00 00
1  : pgn=129038 line=Rx 10278956 11 f8 0e 01 e3 00 ff ff ff 7f f0 fe
32 : pgn=128259 line=Rx 10278988 09 f5 03 20 38 19 01 ff ff ff ff ff
source=32: pgn=Speed(128259): values=SpeedWaterReferenced=(2.81 m/s) SpeedGroundReferenced=(None) SpeedWaterReferencedType=(None) SpeedDirection=(None)

0  : pgn=127250 line=Rx 10278996 09 f1 12 00 ff 88 41 ff 7f ff 7f fd
source=0: pgn=Vessel Heading(127250): values=Heading=(96.12 deg) Deviation=(None) Variation=(None) Reference=("1")

0  : pgn=127245 line=Rx 10278996 09 f1 0d 00 00 f8 ff 7f 00 00 ff ff
source=0: pgn=Rudder(127245): values=Instance=(0) DirectionOrder=("0") AngleOrder=(None) Position=(0.00 deg)

0  : pgn=65359  line=Rx 10279000 1c ff 4f 00 3b 9f ff ff ff 88 41 ff
source=0: pgn=Seatalk: Pilot Heading(65359): values=ManufacturerCode=(1851) IndustryCode=(4) HeadingTrue=(None) HeadingMagnetic=(96.12 deg)

3  : pgn=129283 line=Tx 10279022 0d f9 03 03 ff 7f ff ff ff 7f ff ff
source=3: pgn=Cross Track Error(129283): values=XTEmode=(None) NavigationTerminated=("1") XTE=(None)

3  : pgn=129025 line=Tx 10279022 09 f8 01 03 33 7b 6f 1c 0b 4e fd b6
source=3: pgn=Position, Rapid Update(129025): values=Latitude=(47.7068083 deg) Longitude=(-122.4913397 deg)

3  : pgn=128267 line=Tx 10279022 0d f5 0b 03 ff 82 3b 00 00 00 00 ff
source=3: pgn=Water Depth(128267): values=Depth=(152.34 m) Offset=(0.0 m) Range=(None)

4  : pgn=126975 line=Rx 10279069 1d ef ff 04 e0 07 3b 9f f0 81 90 00
4  : pgn=126975 line=Rx 10279070 1d ef ff 04 e1 03 ff ff ff ff ff ff
32 : pgn=128259 line=Rx 10279087 09 f5 03 20 39 19 01 ff ff ff ff ff
source=32: pgn=Speed(128259): values=SpeedWaterReferenced=(2.81 m/s) SpeedGroundReferenced=(None) SpeedWaterReferencedType=(None) SpeedDirection=(None)

0  : pgn=127250 line=Rx 10279105 09 f1 12 00 ff 85 41 ff 7f ff 7f fd
source=0: pgn=Vessel Heading(127250): values=Heading=(96.10 deg) Deviation=(None) Variation=(None) Reference=("1")

0  : pgn=127245 line=Rx 10279106 09 f1 0d 00 00 f8 ff 7f 00 00 ff ff
source=0: pgn=Rudder(127245): values=Instance=(0) DirectionOrder=("0") AngleOrder=(None) Position=(0.00 deg)

0  : pgn=65359  line=Rx 10279113 1c ff 4f 00 3b 9f ff ff ff 85 41 ff
source=0: pgn=Seatalk: Pilot Heading(65359): values=ManufacturerCode=(1851) IndustryCode=(4) HeadingTrue=(None) HeadingMagnetic=(96.10 deg)

0  : pgn=126975 line=Rx 10279114 1d ef ff 00 80 08 3b 9f f0 81 9c 11
0  : pgn=126975 line=Rx 10279116 1d ef ff 00 81 03 00 ff ff ff ff ff
3  : pgn=129026 line=Tx 10279122 09 f8 02 03 ff fc 7f 43 3c 01 ff ff
source=3: pgn=COG & SOG, Rapid Update(129026): values=COGReference=("0") COG=(99.00 deg) SOG=(3.16 m/s)

3  : pgn=129025 line=Tx 10279122 09 f8 01 03 33 7b 6f 1c 0b 4e fd b6
source=3: pgn=Position, Rapid Update(129025): values=Latitude=(47.7068083 deg) Longitude=(-122.4913397 deg)

3  : pgn=129542 line=Tx 10279122 19 fa 06 03 a0 0f 56 5d 01 00 00 00
3  : pgn=129542 line=Tx 10279122 19 fa 06 03 a1 00 00 00 00 00 00 00
3  : pgn=129542 line=Tx 10279122 19 fa 06 03 a2 00 00 ff ff ff ff ff
3  : pgn=65364  line=Tx 10279122 1c ff 54 03 3b 9f 23 03 ce c9 ff ff
32 : pgn=128259 line=Rx 10279187 09 f5 03 20 3a 24 01 ff ff ff ff ff
source=32: pgn=Speed(128259): values=SpeedWaterReferenced=(2.92 m/s) SpeedGroundReferenced=(None) SpeedWaterReferencedType=(None) SpeedDirection=(None)

0  : pgn=127250 line=Rx 10279199 09 f1 12 00 ff 73 41 ff 7f ff 7f fd
source=0: pgn=Vessel Heading(127250): values=Heading=(96.00 deg) Deviation=(None) Variation=(None) Reference=("1")

0  : pgn=127245 line=Rx 10279200 09 f1 0d 00 00 f8 ff 7f 00 00 ff ff
source=0: pgn=Rudder(127245): values=Instance=(0) DirectionOrder=("0") AngleOrder=(None) Position=(0.00 deg)

0  : pgn=65359  line=Rx 10279204 1c ff 4f 00 3b 9f ff ff ff 73 41 ff
source=0: pgn=Seatalk: Pilot Heading(65359): values=ManufacturerCode=(1851) IndustryCode=(4) HeadingTrue=(None) HeadingMagnetic=(96.00 deg)

3  : pgn=129540 line=Tx 10279223 19 fa 04 03 e0 9f 78 ff 0d 03 45 1b
source=3: pgn=GNSS Sats in View(129540): values=RangeResidualMode=(None) SatsinView=(120) PRN=(None) Elevation=(4.47 deg) Azimuth=(40.00 deg) SNR=(0.0 dB) Rangeresiduals=(0) Status=("0")

3  : pgn=129540 line=Tx 10279223 19 fa 04 03 e1 2e 26 00 00 00 00 00
source=3: pgn=GNSS Sats in View(129540): values=RangeResidualMode=("0") SatsinView=(38) PRN=(0) Elevation=(0.00 deg) Azimuth=(0.00 deg) SNR=(0.0 dB) Rangeresiduals=(0) Status=("0")

3  : pgn=129540 line=Tx 10279223 19 fa 04 03 e2 00 f3 0f ff 1d 5c 3d
source=3: pgn=GNSS Sats in View(129540): values=RangeResidualMode=("0") SatsinView=(243) PRN=(15) Elevation=(44.00 deg) Azimuth=(90.00 deg) SNR=(0.0 dB) Rangeresiduals=(0) Status=("0")

3  : pgn=129540 line=Tx 10279223 19 fa 04 03 e3 8c 0a 00 00 00 00 f5
source=3: pgn=GNSS Sats in View(129540): values=RangeResidualMode=("0") SatsinView=(10) PRN=(0) Elevation=(0.00 deg) Azimuth=(359.36 deg) SNR=(0.0 dB) Rangeresiduals=(0) Status=("0")

3  : pgn=129540 line=Tx 10279223 19 fa 04 03 e4 10 17 13 71 b9 74 0e
source=3: pgn=GNSS Sats in View(129540): values=RangeResidualMode=("0") SatsinView=(23) PRN=(19) Elevation=(-103.49 deg) Azimuth=(21.20 deg) SNR=(0.0 dB) Rangeresiduals=(0) Status=("0")

3  : pgn=129540 line=Tx 10279223 19 fa 04 03 e5 00 00 00 00 f5 12 c5
source=3: pgn=GNSS Sats in View(129540): values=RangeResidualMode=("0") SatsinView=(0) PRN=(0) Elevation=(-16.13 deg) Azimuth=(289.06 deg) SNR=(0.0 dB) Rangeresiduals=(0) Status=("0")

3  : pgn=129540 line=Tx 10279223 19 fa 04 03 e6 31 f2 93 d8 0e 00 00
source=3: pgn=GNSS Sats in View(129540): values=RangeResidualMode=("1") SatsinView=(242) PRN=(147) Elevation=(21.77 deg) Azimuth=(0.00 deg) SNR=(0.0 dB) Rangeresiduals=(0) Status=("0")

3  : pgn=129540 line=Tx 10279223 19 fa 04 03 e7 00 00 f5 13 ba 02 1f
source=3: pgn=GNSS Sats in View(129540): values=RangeResidualMode=("0") SatsinView=(0) PRN=(245) Elevation=(-102.57 deg) Azimuth=(45.48 deg) SNR=(0.0 dB) Rangeresiduals=(0) Status=("0")

3  : pgn=129540 line=Tx 10279223 19 fa 04 03 e8 d8 10 0e 00 00 00 00
source=3: pgn=GNSS Sats in View(129540): values=RangeResidualMode=("0") SatsinView=(16) PRN=(14) Elevation=(0.00 deg) Azimuth=(0.00 deg) SNR=(0.0 dB) Rangeresiduals=(0) Status=("0")

3  : pgn=129540 line=Tx 10279223 19 fa 04 03 e9 f5 15 e8 37 5d 1f 10
source=3: pgn=GNSS Sats in View(129540): values=RangeResidualMode=("1") SatsinView=(21) PRN=(232) Elevation=(136.72 deg) Azimuth=(23.65 deg) SNR=(0.0 dB) Rangeresiduals=(0) Status=("0")

3  : pgn=129540 line=Tx 10279223 19 fa 04 03 ea 0e 00 00 00 00 f5 16
source=3: pgn=GNSS Sats in View(129540): values=RangeResidualMode=("0") SatsinView=(0) PRN=(0) Elevation=(0.00 deg) Azimuth=(33.67 deg) SNR=(0.0 dB) Rangeresiduals=(0) Status=("0")

3  : pgn=129540 line=Tx 10279224 19 fa 04 03 eb d1 15 cf 9c ac 0d 00
source=3: pgn=GNSS Sats in View(129540): values=RangeResidualMode=("1") SatsinView=(21) PRN=(207) Elevation=(-122.32 deg) Azimuth=(0.07 deg) SNR=(0.0 dB) Rangeresiduals=(0) Status=("0")

3  : pgn=129540 line=Tx 10279225 19 fa 04 03 ec 00 00 00 f5 1a ae 0f
source=3: pgn=GNSS Sats in View(129540): values=RangeResidualMode=("0") SatsinView=(0) PRN=(0) Elevation=(39.54 deg) Azimuth=(23.00 deg) SNR=(0.0 dB) Rangeresiduals=(0) Status=("0")

3  : pgn=129540 line=Tx 10279226 19 fa 04 03 ed 0b 20 28 0a 00 00 00
source=3: pgn=GNSS Sats in View(129540): values=RangeResidualMode=(None) SatsinView=(32) PRN=(40) Elevation=(0.06 deg) Azimuth=(0.00 deg) SNR=(0.0 dB) Rangeresiduals=(0) Status=("0")

3  : pgn=129540 line=Tx 10279226 19 fa 04 03 ee 00 f5 1b 23 15 ab d2
source=3: pgn=GNSS Sats in View(129540): values=RangeResidualMode=("0") SatsinView=(245) PRN=(27) Elevation=(31.00 deg) Azimuth=(309.00 deg) SNR=(0.0 dB) Rangeresiduals=(0) Status=("0")

1  : pgn=129038 line=Rx 10279227 11 f8 0e 01 00 1b c1 aa eb e0 15 d9
source=1: pgn=AIS Class A Position Report(129038): values=MessageID=(0) RepeatIndicator=("0") UserID=(3953836315) Longitude=(0.0 deg) Latitude=(0.0 deg) PositionAccuracy=("0") RAIM=("0") TimeStamp=("0") COG=(0.00 deg) SOG=(0.0 m/s) CommunicationState=(0) AISTransceiverinformation=("0") Heading=(0.00 deg) RateofTurn=(0.00 deg/s) NavStatus=("0") SpecialManeuverIndicator=("0") Spare=(0) SequenceID=(0)

1  : pgn=129038 line=Rx 10279227 11 f8 0e 01 01 1f 0e b7 84 3c 68 1c
source=1: pgn=AIS Class A Position Report(129038): values=MessageID=(1) RepeatIndicator=("0") UserID=(2226589215) Longitude=(0.0 deg) Latitude=(0.0 deg) PositionAccuracy=("0") RAIM=("0") TimeStamp=("0") COG=(0.00 deg) SOG=(0.0 m/s) CommunicationState=(0) AISTransceiverinformation=("0") Heading=(0.00 deg) RateofTurn=(0.00 deg/s) NavStatus=("0") SpecialManeuverIndicator=("0") Spare=(0) SequenceID=(0)

1  : pgn=129038 line=Rx 10279228 11 f8 0e 01 02 60 97 0b 00 00 00 00
source=1: pgn=AIS Class A Position Report(129038): values=MessageID=(2) RepeatIndicator=("0") UserID=(759648) Longitude=(0.0 deg) Latitude=(0.0 deg) PositionAccuracy=("0") RAIM=("0") TimeStamp=("0") COG=(0.00 deg) SOG=(0.0 m/s) CommunicationState=(0) AISTransceiverinformation=("0") Heading=(0.00 deg) RateofTurn=(0.00 deg/s) NavStatus=("0") SpecialManeuverIndicator=("0") Spare=(0) SequenceID=(0)

1  : pgn=129038 line=Rx 10279228 11 f8 0e 01 03 00 ff ff ff 7f f8 fe
source=1: pgn=AIS Class A Position Report(129038): values=MessageID=(3) RepeatIndicator=("0") UserID=(4294967040) Longitude=(0.0 deg) Latitude=(0.0 deg) PositionAccuracy=("0") RAIM=("0") TimeStamp=("0") COG=(0.00 deg) SOG=(0.0 m/s) CommunicationState=(0) AISTransceiverinformation=("0") Heading=(0.00 deg) RateofTurn=(0.00 deg/s) NavStatus=("0") SpecialManeuverIndicator=("0") Spare=(0) SequenceID=(0)

3  : pgn=129540 line=Tx 10279230 19 fa 04 03 ef 10 0e 00 00 00 00 f5
source=3: pgn=GNSS Sats in View(129540): values=RangeResidualMode=("0") SatsinView=(14) PRN=(0) Elevation=(0.00 deg) Azimuth=(359.36 deg) SNR=(0.0 dB) Rangeresiduals=(0) Status=("0")

3  : pgn=129540 line=Tx 10279231 19 fa 04 03 f0 1d 00 0f a1 67 48 0d
source=3: pgn=GNSS Sats in View(129540): values=RangeResidualMode=("1") SatsinView=(0) PRN=(15) Elevation=(152.00 deg) Azimuth=(19.48 deg) SNR=(0.0 dB) Rangeresiduals=(0) Status=("0")

3  : pgn=129540 line=Tx 10279231 19 fa 04 03 f1 00 00 00 00 f5 23 d1
source=3: pgn=GNSS Sats in View(129540): values=RangeResidualMode=("0") SatsinView=(0) PRN=(0) Elevation=(-16.13 deg) Azimuth=(306.76 deg) SNR=(0.0 dB) Rangeresiduals=(0) Status=("0")

3  : pgn=129540 line=Tx 10279232 19 fa 04 03 f2 15 c3 8b 00 00 00 00
source=3: pgn=GNSS Sats in View(129540): values=RangeResidualMode=("1") SatsinView=(195) PRN=(139) Elevation=(0.00 deg) Azimuth=(0.00 deg) SNR=(0.0 dB) Rangeresiduals=(0) Status=("0")

3  : pgn=129540 line=Tx 10279233 19 fa 04 03 f3 00 00 f3 30 2e 17 43
source=3: pgn=GNSS Sats in View(129540): values=RangeResidualMode=("0") SatsinView=(0) PRN=(243) Elevation=(67.75 deg) Azimuth=(98.41 deg) SNR=(0.0 dB) Rangeresiduals=(0) Status=("0")

3  : pgn=129540 line=Tx 10279234 19 fa 04 03 f4 84 a0 0f 00 00 00 00
source=3: pgn=GNSS Sats in View(129540): values=RangeResidualMode=("0") SatsinView=(160) PRN=(15) Elevation=(0.00 deg) Azimuth=(0.00 deg) SNR=(0.0 dB) Rangeresiduals=(0) Status=("0")

3  : pgn=129540 line=Tx 10279234 19 fa 04 03 f5 f5 33 80 16 67 6c 10
source=3: pgn=GNSS Sats in View(129540): values=RangeResidualMode=("1") SatsinView=(51) PRN=(128) Elevation=(151.20 deg) Azimuth=(24.09 deg) SNR=(0.0 dB) Rangeresiduals=(0) Status=("0")

3  : pgn=129540 line=Tx 10279236 19 fa 04 03 f6 0e 00 00 00 00 f5 ff
source=3: pgn=GNSS Sats in View(129540): values=RangeResidualMode=("0") SatsinView=(0) PRN=(0) Elevation=(0.00 deg) Azimuth=(375.43 deg) SNR=(0.0 dB) Rangeresiduals=(0) Status=("0")

3  : pgn=129025 line=Tx 10279237 09 f8 01 03 07 7b 6f 1c 4b 4e fd b6
source=3: pgn=Position, Rapid Update(129025): values=Latitude=(47.7068039 deg) Longitude=(-122.4913333 deg)

3  : pgn=127258 line=Tx 10279237 19 f1 1a 03 ff f6 12 39 fa 0a ff ff
source=3: pgn=Magnetic Variation(127258): values=Source=("6") Ageofservice=(14610 d) Variation=(16.10 deg)

3  : pgn=65311  line=Tx 10279238 1c ff 1f 03 3b 9f ff fa 0a ff ff ff
32 : pgn=128259 line=Rx 10279287 09 f5 03 20 3b 1a 01 ff ff ff ff ff
source=32: pgn=Speed(128259): values=SpeedWaterReferenced=(2.82 m/s) SpeedGroundReferenced=(None) SpeedWaterReferencedType=(None) SpeedDirection=(None)

0  : pgn=127250 line=Rx 10279307 09 f1 12 00 ff 5e 41 ff 7f ff 7f fd
source=0: pgn=Vessel Heading(127250): values=Heading=(95.88 deg) Deviation=(None) Variation=(None) Reference=("1")

0  : pgn=127245 line=Rx 10279308 09 f1 0d 00 00 f8 ff 7f 00 00 ff ff
source=0: pgn=Rudder(127245): values=Instance=(0) DirectionOrder=("0") AngleOrder=(None) Position=(0.00 deg)

0  : pgn=65359  line=Rx 10279316 1c ff 4f 00 3b 9f ff ff ff 5e 41 ff
source=0: pgn=Seatalk: Pilot Heading(65359): values=ManufacturerCode=(1851) IndustryCode=(4) HeadingTrue=(None) HeadingMagnetic=(95.88 deg)

3  : pgn=129026 line=Tx 10279323 09 f8 02 03 ff fc d6 43 3c 01 ff ff
source=3: pgn=COG & SOG, Rapid Update(129026): values=COGReference=("0") COG=(99.50 deg) SOG=(3.16 m/s)

3  : pgn=129025 line=Tx 10279323 09 f8 01 03 07 7b 6f 1c 4b 4e fd b6
source=3: pgn=Position, Rapid Update(129025): values=Latitude=(47.7068039 deg) Longitude=(-122.4913333 deg)

1  : pgn=129038 line=Rx 10279347 11 f8 0e 01 20 1b c3 0a 8c db 15 85
1  : pgn=129038 line=Rx 10279348 11 f8 0e 01 21 a6 fc b6 18 ee 51 1c
1  : pgn=129038 line=Rx 10279348 11 f8 0e 01 22 65 f7 9d 05 00 00 00
1  : pgn=129038 line=Rx 10279349 11 f8 0e 01 23 00 2b 8f 00 00 f8 fe
32 : pgn=128259 line=Rx 10279390 09 f5 03 20 3c 1a 01 ff ff ff ff ff
source=32: pgn=Speed(128259): values=SpeedWaterReferenced=(2.82 m/s) SpeedGroundReferenced=(None) SpeedWaterReferencedType=(None) SpeedDirection=(None)

32 : pgn=130310 line=Rx 10279392 15 fd 06 20 9d ff ff ff ff ff ff ff
source=32: pgn=Environmental Parameters (obsolete)(130310): values=WaterTemperature=(None) OutsideAmbientAirTemperature=(None) AtmosphericPressure=(None)

0  : pgn=127250 line=Rx 10279396 09 f1 12 00 ff 32 41 ff 7f ff 7f fd
source=0: pgn=Vessel Heading(127250): values=Heading=(95.63 deg) Deviation=(None) Variation=(None) Reference=("1")

0  : pgn=127245 line=Rx 10279397 09 f1 0d 00 00 f8 ff 7f 00 00 ff ff
source=0: pgn=Rudder(127245): values=Instance=(0) DirectionOrder=("0") AngleOrder=(None) Position=(0.00 deg)

32 : pgn=128275 line=Rx 10279401 19 f5 13 20 e0 0e ff ff ff ff ff ff
0  : pgn=65359  line=Rx 10279402 1c ff 4f 00 3b 9f ff ff ff 32 41 ff
source=0: pgn=Seatalk: Pilot Heading(65359): values=ManufacturerCode=(1851) IndustryCode=(4) HeadingTrue=(None) HeadingMagnetic=(95.63 deg)

32 : pgn=128275 line=Rx 10279406 19 f5 13 20 e1 55 ad 3c 00 55 ad 3c
4  : pgn=65384  line=Rx 10279410 1c ff 68 04 3b 9f 00 00 00 00 00 00
32 : pgn=128275 line=Rx 10279411 19 f5 13 20 e2 00 ff ff ff ff ff ff
32 : pgn=130846 line=Rx 10279421 1d ff 1e 20 60 0c 3b 9f 04 01 35 56
3  : pgn=129029 line=Tx 10279423 0d f8 05 03 a0 2b 56 06 40 84 13 0a
3  : pgn=129029 line=Tx 10279423 0d f8 05 03 a1 2c 00 60 61 3b d5 e2
3  : pgn=129029 line=Tx 10279423 0d f8 05 03 a2 9e 06 00 e4 fc ec de
3  : pgn=129029 line=Tx 10279423 0d f8 05 03 a3 3b 00 ef ff ff ff ff
3  : pgn=129029 line=Tx 10279423 0d f8 05 03 a4 ff ff ff 7f 23 fc 09
3  : pgn=129029 line=Tx 10279423 0d f8 05 03 a5 54 00 ff 7f ff ff ff
3  : pgn=129029 line=Tx 10279423 0d f8 05 03 a6 7f 00 ff ff ff ff ff
3  : pgn=129025 line=Tx 10279423 09 f8 01 03 f0 7a 6f 1c 8a 4e fd b6
source=3: pgn=Position, Rapid Update(129025): values=Latitude=(47.7068016 deg) Longitude=(-122.491327 deg)

3  : pgn=129033 line=Tx 10279423 0d f8 09 03 06 40 84 13 0a 2c 5c fe
source=3: pgn=Time & Date(129033): values=Date=(16390 d) Time=(73885.78600000001 s) LocalOffset=(-25200.0 s)

32 : pgn=130846 line=Rx 10279426 1d ff 1e 20 61 07 09 15 00 d8 04 ff
source=32: pgn=Furuno: Motion Sensor Status Extended(130846): values=ManufacturerCode=(1889) IndustryCode=(0)

1  : pgn=59936  line=Rx 10279438 18 ea 20 01 00 ee 00 00 00 00 00 00
32 : pgn=128259 line=Rx 10279486 09 f5 03 20 3d 1a 01 ff ff ff ff ff
source=32: pgn=Speed(128259): values=SpeedWaterReferenced=(2.82 m/s) SpeedGroundReferenced=(None) SpeedWaterReferencedType=(None) SpeedDirection=(None)

0  : pgn=127250 line=Rx 10279498 09 f1 12 00 ff 09 41 ff 7f ff 7f fd
source=0: pgn=Vessel Heading(127250): values=Heading=(95.39 deg) Deviation=(None) Variation=(None) Reference=("1")

0  : pgn=127245 line=Rx 10279499 09 f1 0d 00 00 f8 ff 7f 00 00 ff ff
source=0: pgn=Rudder(127245): values=Instance=(0) DirectionOrder=("0") AngleOrder=(None) Position=(0.00 deg)

0  : pgn=65359  line=Rx 10279505 1c ff 4f 00 3b 9f ff ff ff 09 41 ff
source=0: pgn=Seatalk: Pilot Heading(65359): values=ManufacturerCode=(1851) IndustryCode=(4) HeadingTrue=(None) HeadingMagnetic=(95.39 deg)

3  : pgn=129026 line=Tx 10279523 09 f8 02 03 ff fc f9 43 3c 01 ff ff
source=3: pgn=COG & SOG, Rapid Update(129026): values=COGReference=("0") COG=(99.70 deg) SOG=(3.16 m/s)

3  : pgn=129025 line=Tx 10279523 09 f8 01 03 f0 7a 6f 1c 8a 4e fd b6
source=3: pgn=Position, Rapid Update(129025): values=Latitude=(47.7068016 deg) Longitude=(-122.491327 deg)

3  : pgn=126992 line=Tx 10279523 0d f0 10 03 ff ff 06 40 84 13 0a 2c
source=3: pgn=System Time(126992): values=Source=(None) Date=(16390 d) Time=(73885.78600000001 s)

32 : pgn=128259 line=Rx 10279585 09 f5 03 20 3e 1d 01 ff ff ff ff ff
source=32: pgn=Speed(128259): values=SpeedWaterReferenced=(2.85 m/s) SpeedGroundReferenced=(None) SpeedWaterReferencedType=(None) SpeedDirection=(None)

0  : pgn=127250 line=Rx 10279597 09 f1 12 00 ff f5 40 ff 7f ff 7f fd
source=0: pgn=Vessel Heading(127250): values=Heading=(95.28 deg) Deviation=(None) Variation=(None) Reference=("1")

0  : pgn=127245 line=Rx 10279598 09 f1 0d 00 00 f8 ff 7f 00 00 ff ff
source=0: pgn=Rudder(127245): values=Instance=(0) DirectionOrder=("0") AngleOrder=(None) Position=(0.00 deg)

0  : pgn=65379  line=Rx 10279602 1c ff 63 00 3b 9f 00 00 00 00 01 ff
source=0: pgn=Seatalk: Pilot Mode(65379): values=ManufacturerCode=(1851) IndustryCode=(4) PilotMode=(0) SubMode=(0) PilotModeData=(0)

0  : pgn=65359  line=Rx 10279603 1c ff 4f 00 3b 9f ff ff ff f5 40 ff
source=0: pgn=Seatalk: Pilot Heading(65359): values=ManufacturerCode=(1851) IndustryCode=(4) HeadingTrue=(None) HeadingMagnetic=(95.28 deg)

0  : pgn=126975 line=Rx 10279607 1d ef ff 00 a0 0d 3b 9f f0 81 84 d6
0  : pgn=126975 line=Rx 10279609 1d ef ff 00 a1 42 0b 00 00 00 02 05
3  : pgn=129025 line=Tx 10279624 09 f8 01 03 f0 7a 6f 1c 8a 4e fd b6
source=3: pgn=Position, Rapid Update(129025): values=Latitude=(47.7068016 deg) Longitude=(-122.491327 deg)

32 : pgn=128259 line=Rx 10279685 09 f5 03 20 3f 20 01 ff ff ff ff ff
source=32: pgn=Speed(128259): values=SpeedWaterReferenced=(2.88 m/s) SpeedGroundReferenced=(None) SpeedWaterReferencedType=(None) SpeedDirection=(None)

0  : pgn=127250 line=Rx 10279703 09 f1 12 00 ff e1 40 ff 7f ff 7f fd
source=0: pgn=Vessel Heading(127250): values=Heading=(95.16 deg) Deviation=(None) Variation=(None) Reference=("1")

0  : pgn=127245 line=Rx 10279703 09 f1 0d 00 00 f8 ff 7f 00 00 ff ff
source=0: pgn=Rudder(127245): values=Instance=(0) DirectionOrder=("0") AngleOrder=(None) Position=(0.00 deg)

1  : pgn=129794 line=Rx 10279708 19 fb 02 01 c0 4b 05 78 74 0c 16 ff
1  : pgn=129794 line=Rx 10279709 19 fb 02 01 c1 ff ff ff 4e 41 59 56
1  : pgn=129794 line=Rx 10279709 19 fb 02 01 c2 20 20 20 43 47 20 46
1  : pgn=129794 line=Rx 10279710 19 fb 02 01 c3 49 52 20 20 20 20 20
1  : pgn=129794 line=Rx 10279711 19 fb 02 01 c4 20 20 20 20 20 20 20
1  : pgn=129794 line=Rx 10279711 19 fb 02 01 c5 20 20 33 a8 02 8c 00
1  : pgn=129794 line=Rx 10279712 19 fb 02 01 c6 ff ff ff ff ff ff 00
1  : pgn=129794 line=Rx 10279712 19 fb 02 01 c7 00 00 00 90 01 ff 45
1  : pgn=129794 line=Rx 10279713 19 fb 02 01 c8 41 54 54 4c 45 20 20
1  : pgn=129794 line=Rx 10279713 19 fb 02 01 c9 20 20 20 20 20 20 20
1  : pgn=129794 line=Rx 10279714 19 fb 02 01 ca 20 20 20 20 04 e0 ff
0  : pgn=65359  line=Rx 10279716 1c ff 4f 00 3b 9f ff ff ff e1 40 ff
source=0: pgn=Seatalk: Pilot Heading(65359): values=ManufacturerCode=(1851) IndustryCode=(4) HeadingTrue=(None) HeadingMagnetic=(95.16 deg)

0  : pgn=126975 line=Rx 10279719 1d ef ff 00 c0 09 3b 9f f0 81 ae 02
0  : pgn=126975 line=Rx 10279721 1d ef ff 00 c1 00 08 00 ff ff ff ff
3  : pgn=129026 line=Tx 10279725 09 f8 02 03 ff fc 3f 44 3c 01 ff ff
source=3: pgn=COG & SOG, Rapid Update(129026): values=COGReference=("0") COG=(100.10 deg) SOG=(3.16 m/s)

3  : pgn=129025 line=Tx 10279725 09 f8 01 03 d4 7a 6f 1c d2 4e fd b6
source=3: pgn=Position, Rapid Update(129025): values=Latitude=(47.7067988 deg) Longitude=(-122.4913198 deg)

3  : pgn=129291 line=Tx 10279725 0d f9 0b 03 ff fc d5 1c 44 00 ff ff
source=3: pgn=Set & Drift, Rapid Update(129291): values=SetReference=("0") Set=(42.29 deg) Drift=(0.68 m/s)

3  : pgn=65362  line=Tx 10279725 1c ff 52 03 3b 9f 90 9d ff ff ff ff
32 : pgn=128259 line=Rx 10279784 09 f5 03 20 40 25 01 ff ff ff ff ff
source=32: pgn=Speed(128259): values=SpeedWaterReferenced=(2.93 m/s) SpeedGroundReferenced=(None) SpeedWaterReferencedType=(None) SpeedDirection=(None)

0  : pgn=127250 line=Rx 10279801 09 f1 12 00 ff d4 40 ff 7f ff 7f fd
source=0: pgn=Vessel Heading(127250): values=Heading=(95.09 deg) Deviation=(None) Variation=(None) Reference=("1")

0  : pgn=127245 line=Rx 10279802 09 f1 0d 00 00 f8 ff 7f 00 00 ff ff
source=0: pgn=Rudder(127245): values=Instance=(0) DirectionOrder=("0") AngleOrder=(None) Position=(0.00 deg)

0  : pgn=65359  line=Rx 10279808 1c ff 4f 00 3b 9f ff ff ff d4 40 ff
source=0: pgn=Seatalk: Pilot Heading(65359): values=ManufacturerCode=(1851) IndustryCode=(4) HeadingTrue=(None) HeadingMagnetic=(95.09 deg)

3  : pgn=129025 line=Tx 10279825 09 f8 01 03 d4 7a 6f 1c d2 4e fd b6
source=3: pgn=Position, Rapid Update(129025): values=Latitude=(47.7067988 deg) Longitude=(-122.4913198 deg)

32 : pgn=128259 line=Rx 10279884 09 f5 03 20 41 2a 01 ff ff ff ff ff
source=32: pgn=Speed(128259): values=SpeedWaterReferenced=(2.98 m/s) SpeedGroundReferenced=(None) SpeedWaterReferencedType=(None) SpeedDirection=(None)

0  : pgn=127250 line=Rx 10279902 09 f1 12 00 ff d2 40 ff 7f ff 7f fd
source=0: pgn=Vessel Heading(127250): values=Heading=(95.08 deg) Deviation=(None) Variation=(None) Reference=("1")

0  : pgn=127245 line=Rx 10279902 09 f1 0d 00 00 f8 ff 7f 00 00 ff ff
source=0: pgn=Rudder(127245): values=Instance=(0) DirectionOrder=("0") AngleOrder=(None) Position=(0.00 deg)

0  : pgn=65359  line=Rx 10279909 1c ff 4f 00 3b 9f ff ff ff d2 40 ff
source=0: pgn=Seatalk: Pilot Heading(65359): values=ManufacturerCode=(1851) IndustryCode=(4) HeadingTrue=(None) HeadingMagnetic=(95.08 deg)

3  : pgn=129026 line=Tx 10279925 09 f8 02 03 ff fc 3f 44 3c 01 ff ff
source=3: pgn=COG & SOG, Rapid Update(129026): values=COGReference=("0") COG=(100.10 deg) SOG=(3.16 m/s)

3  : pgn=130577 line=Tx 10279925 0d fe 11 03 c0 0e c0 57 3f 44 3c 01
3  : pgn=130577 line=Tx 10279925 0d fe 11 03 c1 ff ff ff ff d5 1c 44
3  : pgn=130577 line=Tx 10279926 0d fe 11 03 c2 00 ff ff ff ff ff ff
3  : pgn=129025 line=Tx 10279926 09 f8 01 03 d4 7a 6f 1c d2 4e fd b6
3  : pgn=130306 line=Tx 10279926 09 fd 02 03 ff 23 03 2b cb fa ff ff
source=3: pgn=Wind Data(130306): values=WindSpeed=(8.03 m/s) WindAngle=(298.00 deg) Reference=("2")

32 : pgn=128259 line=Rx 10279983 09 f5 03 20 42 2a 01 ff ff ff ff ff
source=32: pgn=Speed(128259): values=SpeedWaterReferenced=(2.98 m/s) SpeedGroundReferenced=(None) SpeedWaterReferencedType=(None) SpeedDirection=(None)

0  : pgn=127250 line=Rx 10279995 09 f1 12 00 ff cf 40 ff 7f ff 7f fd
source=0: pgn=Vessel Heading(127250): values=Heading=(95.06 deg) Deviation=(None) Variation=(None) Reference=("1")

0  : pgn=127245 line=Rx 10279996 09 f1 0d 00 00 f8 ff 7f 00 00 ff ff
source=0: pgn=Rudder(127245): values=Instance=(0) DirectionOrder=("0") AngleOrder=(None) Position=(0.00 deg)

0  : pgn=65359  line=Rx 10280000 1c ff 4f 00 3b 9f ff ff ff cf 40 ff
source=0: pgn=Seatalk: Pilot Heading(65359): values=ManufacturerCode=(1851) IndustryCode=(4) HeadingTrue=(None) HeadingMagnetic=(95.06 deg)

3  : pgn=129283 line=Tx 10280026 0d f9 03 03 ff 7f ff ff ff 7f ff ff
source=3: pgn=Cross Track Error(129283): values=XTEmode=(None) NavigationTerminated=("1") XTE=(None)

3  : pgn=129025 line=Tx 10280026 09 f8 01 03 b4 7a 6f 1c 74 4f fd b6
source=3: pgn=Position, Rapid Update(129025): values=Latitude=(47.7067956 deg) Longitude=(-122.4913036 deg)

3  : pgn=128267 line=Tx 10280026 0d f5 0b 03 ff 91 3b 00 00 00 00 ff
source=3: pgn=Water Depth(128267): values=Depth=(152.49 m) Offset=(0.0 m) Range=(None)

32 : pgn=128259 line=Rx 10280083 09 f5 03 20 43 36 01 ff ff ff ff ff
source=32: pgn=Speed(128259): values=SpeedWaterReferenced=(3.1 m/s) SpeedGroundReferenced=(None) SpeedWaterReferencedType=(None) SpeedDirection=(None)

0  : pgn=127250 line=Rx 10280101 09 f1 12 00 ff d4 40 ff 7f ff 7f fd
source=0: pgn=Vessel Heading(127250): values=Heading=(95.09 deg) Deviation=(None) Variation=(None) Reference=("1")

0  : pgn=127245 line=Rx 10280102 09 f1 0d 00 00 f8 ff 7f 00 00 ff ff
source=0: pgn=Rudder(127245): values=Instance=(0) DirectionOrder=("0") AngleOrder=(None) Position=(0.00 deg)

0  : pgn=65359  line=Rx 10280108 1c ff 4f 00 3b 9f ff ff ff d4 40 ff
source=0: pgn=Seatalk: Pilot Heading(65359): values=ManufacturerCode=(1851) IndustryCode=(4) HeadingTrue=(None) HeadingMagnetic=(95.09 deg)

0  : pgn=126975 line=Rx 10280117 1d ef ff 00 e0 08 3b 9f f0 81 9c 91
0  : pgn=126975 line=Rx 10280119 1d ef ff 00 e1 02 00 ff ff ff ff ff
3  : pgn=129026 line=Tx 10280126 09 f8 02 03 ff fc 96 44 3b 01 ff ff
source=3: pgn=COG & SOG, Rapid Update(129026): values=COGReference=("0") COG=(100.60 deg) SOG=(3.15 m/s)

3  : pgn=129025 line=Tx 10280126 09 f8 01 03 b4 7a 6f 1c 74 4f fd b6
source=3: pgn=Position, Rapid Update(129025): values=Latitude=(47.7067956 deg) Longitude=(-122.4913036 deg)

3  : pgn=129542 line=Tx 10280126 19 fa 06 03 c0 0f 57 59 01 00 00 00
3  : pgn=129542 line=Tx 10280126 19 fa 06 03 c1 00 00 00 00 00 00 00
3  : pgn=129542 line=Tx 10280126 19 fa 06 03 c2 00 00 ff ff ff ff ff
3  : pgn=65364  line=Tx 10280126 1c ff 54 03 3b 9f 23 03 2b cb ff ff
3  : pgn=130846 line=Tx 10280126 1d ff 1e 03 80 0c 3b 9f 0b 1a 13 cc
source=3: pgn=Furuno: Motion Sensor Status Extended(130846): values=ManufacturerCode=(1152) IndustryCode=(0)

3  : pgn=130846 line=Tx 10280126 1d ff 1e 03 81 05 01 40 01 ff ff ff
source=3: pgn=Furuno: Motion Sensor Status Extended(130846): values=ManufacturerCode=(1409) IndustryCode=(0)

1  : pgn=129038 line=Rx 10280132 11 f8 0e 01 40 1b c1 70 64 01 16 32
1  : pgn=129038 line=Rx 10280132 11 f8 0e 01 41 36 0c b7 80 46 69 1c
1  : pgn=129038 line=Rx 10280133 11 f8 0e 01 42 60 76 d2 00 00 01 00
1  : pgn=129038 line=Rx 10280133 11 f8 0e 01 43 08 fd 77 01 00 f0 fe
32 : pgn=128259 line=Rx 10280182 09 f5 03 20 44 24 01 ff ff ff ff ff
source=32: pgn=Speed(128259): values=SpeedWaterReferenced=(2.92 m/s) SpeedGroundReferenced=(None) SpeedWaterReferencedType=(None) SpeedDirection=(None)

0  : pgn=127250 line=Rx 10280194 09 f1 12 00 ff e9 40 ff 7f ff 7f fd
source=0: pgn=Vessel Heading(127250): values=Heading=(95.21 deg) Deviation=(None) Variation=(None) Reference=("1")

0  : pgn=127245 line=Rx 10280195 09 f1 0d 00 00 f8 ff 7f 00 00 ff ff
source=0: pgn=Rudder(127245): values=Instance=(0) DirectionOrder=("0") AngleOrder=(None) Position=(0.00 deg)

0  : pgn=65359  line=Rx 10280199 1c ff 4f 00 3b 9f ff ff ff e9 40 ff
source=0: pgn=Seatalk: Pilot Heading(65359): values=ManufacturerCode=(1851) IndustryCode=(4) HeadingTrue=(None) HeadingMagnetic=(95.21 deg)

3  : pgn=129540 line=Tx 10280226 19 fa 04 03 00 9f 79 ff 0d 03 45 1b
source=3: pgn=GNSS Sats in View(129540): values=RangeResidualMode=(None) SatsinView=(121) PRN=(None) Elevation=(4.47 deg) Azimuth=(40.00 deg) SNR=(0.0 dB) Rangeresiduals=(0) Status=("0")

3  : pgn=129540 line=Tx 10280226 19 fa 04 03 01 2e 26 00 00 00 00 00
source=3: pgn=GNSS Sats in View(129540): values=RangeResidualMode=("0") SatsinView=(38) PRN=(0) Elevation=(0.00 deg) Azimuth=(0.00 deg) SNR=(0.0 dB) Rangeresiduals=(0) Status=("0")

3  : pgn=129540 line=Tx 10280226 19 fa 04 03 02 00 f3 0f ff 1d 5c 3d
source=3: pgn=GNSS Sats in View(129540): values=RangeResidualMode=("0") SatsinView=(243) PRN=(15) Elevation=(44.00 deg) Azimuth=(90.00 deg) SNR=(0.0 dB) Rangeresiduals=(0) Status=("0")

3  : pgn=129540 line=Tx 10280226 19 fa 04 03 03 8c 0a 00 00 00 00 f5
source=3: pgn=GNSS Sats in View(129540): values=RangeResidualMode=("0") SatsinView=(10) PRN=(0) Elevation=(0.00 deg) Azimuth=(359.36 deg) SNR=(0.0 dB) Rangeresiduals=(0) Status=("0")

3  : pgn=129540 line=Tx 10280226 19 fa 04 03 04 10 17 13 71 b9 74 0e
source=3: pgn=GNSS Sats in View(129540): values=RangeResidualMode=("0") SatsinView=(23) PRN=(19) Elevation=(-103.49 deg) Azimuth=(21.20 deg) SNR=(0.0 dB) Rangeresiduals=(0) Status=("0")

3  : pgn=129540 line=Tx 10280226 19 fa 04 03 05 00 00 00 00 f5 12 c5
source=3: pgn=GNSS Sats in View(129540): values=RangeResidualMode=("0") SatsinView=(0) PRN=(0) Elevation=(-16.13 deg) Azimuth=(289.06 deg) SNR=(0.0 dB) Rangeresiduals=(0) Status=("0")

3  : pgn=129540 line=Tx 10280226 19 fa 04 03 06 31 f2 93 d8 0e 00 00
source=3: pgn=GNSS Sats in View(129540): values=RangeResidualMode=("1") SatsinView=(242) PRN=(147) Elevation=(21.77 deg) Azimuth=(0.00 deg) SNR=(0.0 dB) Rangeresiduals=(0) Status=("0")

3  : pgn=129540 line=Tx 10280226 19 fa 04 03 07 00 00 f5 13 ba 02 1f
source=3: pgn=GNSS Sats in View(129540): values=RangeResidualMode=("0") SatsinView=(0) PRN=(245) Elevation=(-102.57 deg) Azimuth=(45.48 deg) SNR=(0.0 dB) Rangeresiduals=(0) Status=("0")

3  : pgn=129540 line=Tx 10280227 19 fa 04 03 08 d8 10 0e 00 00 00 00
source=3: pgn=GNSS Sats in View(129540): values=RangeResidualMode=("0") SatsinView=(16) PRN=(14) Elevation=(0.00 deg) Azimuth=(0.00 deg) SNR=(0.0 dB) Rangeresiduals=(0) Status=("0")

3  : pgn=129540 line=Tx 10280227 19 fa 04 03 09 f5 15 e8 37 5d 1f 10
source=3: pgn=GNSS Sats in View(129540): values=RangeResidualMode=("1") SatsinView=(21) PRN=(232) Elevation=(136.72 deg) Azimuth=(23.65 deg) SNR=(0.0 dB) Rangeresiduals=(0) Status=("0")

3  : pgn=129540 line=Tx 10280227 19 fa 04 03 0a 0e 00 00 00 00 f5 16
source=3: pgn=GNSS Sats in View(129540): values=RangeResidualMode=("0") SatsinView=(0) PRN=(0) Elevation=(0.00 deg) Azimuth=(33.67 deg) SNR=(0.0 dB) Rangeresiduals=(0) Status=("0")

3  : pgn=129540 line=Tx 10280228 19 fa 04 03 0b d1 15 cf 9c ac 0d 00
source=3: pgn=GNSS Sats in View(129540): values=RangeResidualMode=("1") SatsinView=(21) PRN=(207) Elevation=(-122.32 deg) Azimuth=(0.07 deg) SNR=(0.0 dB) Rangeresiduals=(0) Status=("0")

3  : pgn=129540 line=Tx 10280229 19 fa 04 03 0c 00 00 00 f5 1a ae 0f
source=3: pgn=GNSS Sats in View(129540): values=RangeResidualMode=("0") SatsinView=(0) PRN=(0) Elevation=(39.54 deg) Azimuth=(23.00 deg) SNR=(0.0 dB) Rangeresiduals=(0) Status=("0")

3  : pgn=129540 line=Tx 10280230 19 fa 04 03 0d 0b 20 28 0a 00 00 00
source=3: pgn=GNSS Sats in View(129540): values=RangeResidualMode=(None) SatsinView=(32) PRN=(40) Elevation=(0.06 deg) Azimuth=(0.00 deg) SNR=(0.0 dB) Rangeresiduals=(0) Status=("0")

3  : pgn=129540 line=Tx 10280230 19 fa 04 03 0e 00 f5 1b 23 15 ab d2
source=3: pgn=GNSS Sats in View(129540): values=RangeResidualMode=("0") SatsinView=(245) PRN=(27) Elevation=(31.00 deg) Azimuth=(309.00 deg) SNR=(0.0 dB) Rangeresiduals=(0) Status=("0")

3  : pgn=129540 line=Tx 10280231 19 fa 04 03 0f 10 0e 00 00 00 00 f5
source=3: pgn=GNSS Sats in View(129540): values=RangeResidualMode=("0") SatsinView=(14) PRN=(0) Elevation=(0.00 deg) Azimuth=(359.36 deg) SNR=(0.0 dB) Rangeresiduals=(0) Status=("0")

3  : pgn=129540 line=Tx 10280232 19 fa 04 03 10 1d 00 0f a1 67 48 0d
source=3: pgn=GNSS Sats in View(129540): values=RangeResidualMode=("1") SatsinView=(0) PRN=(15) Elevation=(152.00 deg) Azimuth=(19.48 deg) SNR=(0.0 dB) Rangeresiduals=(0) Status=("0")

3  : pgn=129540 line=Tx 10280233 19 fa 04 03 11 00 00 00 00 f5 23 d1
source=3: pgn=GNSS Sats in View(129540): values=RangeResidualMode=("0") SatsinView=(0) PRN=(0) Elevation=(-16.13 deg) Azimuth=(306.76 deg) SNR=(0.0 dB) Rangeresiduals=(0) Status=("0")

3  : pgn=129540 line=Tx 10280233 19 fa 04 03 12 15 c3 8b 00 00 00 00
source=3: pgn=GNSS Sats in View(129540): values=RangeResidualMode=("1") SatsinView=(195) PRN=(139) Elevation=(0.00 deg) Azimuth=(0.00 deg) SNR=(0.0 dB) Rangeresiduals=(0) Status=("0")

3  : pgn=129540 line=Tx 10280234 19 fa 04 03 13 00 00 f3 30 2e 17 43
source=3: pgn=GNSS Sats in View(129540): values=RangeResidualMode=("0") SatsinView=(0) PRN=(243) Elevation=(67.75 deg) Azimuth=(98.41 deg) SNR=(0.0 dB) Rangeresiduals=(0) Status=("0")

3  : pgn=129540 line=Tx 10280235 19 fa 04 03 14 84 a0 0f 00 00 00 00
source=3: pgn=GNSS Sats in View(129540): values=RangeResidualMode=("0") SatsinView=(160) PRN=(15) Elevation=(0.00 deg) Azimuth=(0.00 deg) SNR=(0.0 dB) Rangeresiduals=(0) Status=("0")

3  : pgn=129540 line=Tx 10280237 19 fa 04 03 15 f5 33 80 16 67 6c 10
source=3: pgn=GNSS Sats in View(129540): values=RangeResidualMode=("1") SatsinView=(51) PRN=(128) Elevation=(151.20 deg) Azimuth=(24.09 deg) SNR=(0.0 dB) Rangeresiduals=(0) Status=("0")

3  : pgn=129540 line=Tx 10280237 19 fa 04 03 16 0e 00 00 00 00 f5 ff
source=3: pgn=GNSS Sats in View(129540): values=RangeResidualMode=("0") SatsinView=(0) PRN=(0) Elevation=(0.00 deg) Azimuth=(375.43 deg) SNR=(0.0 dB) Rangeresiduals=(0) Status=("0")

3  : pgn=129025 line=Tx 10280238 09 f8 01 03 99 7a 6f 1c d8 4f fd b6
source=3: pgn=Position, Rapid Update(129025): values=Latitude=(47.706792899999996 deg) Longitude=(-122.49129359999999 deg)

3  : pgn=127258 line=Tx 10280239 19 f1 1a 03 ff f6 12 39 fa 0a ff ff
source=3: pgn=Magnetic Variation(127258): values=Source=("6") Ageofservice=(14610 d) Variation=(16.10 deg)

32 : pgn=128259 line=Rx 10280282 09 f5 03 20 45 21 01 ff ff ff ff ff
source=32: pgn=Speed(128259): values=SpeedWaterReferenced=(2.89 m/s) SpeedGroundReferenced=(None) SpeedWaterReferencedType=(None) SpeedDirection=(None)

0  : pgn=127250 line=Rx 10280310 09 f1 12 00 ff 0e 41 ff 7f ff 7f fd
source=0: pgn=Vessel Heading(127250): values=Heading=(95.42 deg) Deviation=(None) Variation=(None) Reference=("1")

0  : pgn=127245 line=Rx 10280311 09 f1 0d 00 00 f8 ff 7f 00 00 ff ff
source=0: pgn=Rudder(127245): values=Instance=(0) DirectionOrder=("0") AngleOrder=(None) Position=(0.00 deg)

1  : pgn=129038 line=Rx 10280313 11 f8 0e 01 60 1b c1 1e ae e6 15 cd
1  : pgn=129038 line=Rx 10280314 11 f8 0e 01 61 28 14 b7 ab 82 58 1c
1  : pgn=129038 line=Rx 10280314 11 f8 0e 01 62 69 f6 d6 00 00 00 00
1  : pgn=129038 line=Rx 10280315 11 f8 0e 01 63 00 f0 c0 00 00 f0 fe
0  : pgn=65359  line=Rx 10280321 1c ff 4f 00 3b 9f ff ff ff 0e 41 ff
source=0: pgn=Seatalk: Pilot Heading(65359): values=ManufacturerCode=(1851) IndustryCode=(4) HeadingTrue=(None) HeadingMagnetic=(95.42 deg)

3  : pgn=129026 line=Tx 10280327 09 f8 02 03 ff fc ca 44 3c 01 ff ff
source=3: pgn=COG & SOG, Rapid Update(129026): values=COGReference=("0") COG=(100.90 deg) SOG=(3.16 m/s)

3  : pgn=129025 line=Tx 10280327 09 f8 01 03 99 7a 6f 1c d8 4f fd b6
source=3: pgn=Position, Rapid Update(129025): values=Latitude=(47.706792899999996 deg) Longitude=(-122.49129359999999 deg)

32 : pgn=128259 line=Rx 10280383 09 f5 03 20 46 24 01 ff ff ff ff ff
source=32: pgn=Speed(128259): values=SpeedWaterReferenced=(2.92 m/s) SpeedGroundReferenced=(None) SpeedWaterReferencedType=(None) SpeedDirection=(None)

32 : pgn=130310 line=Rx 10280387 15 fd 06 20 9e ff ff ff ff ff ff ff
source=32: pgn=Environmental Parameters (obsolete)(130310): values=WaterTemperature=(None) OutsideAmbientAirTemperature=(None) AtmosphericPressure=(None)

0  : pgn=127250 line=Rx 10280396 09 f1 12 00 ff 20 41 ff 7f ff 7f fd
source=0: pgn=Vessel Heading(127250): values=Heading=(95.52 deg) Deviation=(None) Variation=(None) Reference=("1")

32 : pgn=128275 line=Rx 10280397 19 f5 13 20 00 0e ff ff ff ff ff ff
source=32: pgn=Distance Log(128275): values=Date=(3584 d) Time=(None) Log=(0 m) TripLog=(0 m)

0  : pgn=127245 line=Rx 10280398 09 f1 0d 00 00 f8 ff 7f 00 00 ff ff
source=0: pgn=Rudder(127245): values=Instance=(0) DirectionOrder=("0") AngleOrder=(None) Position=(0.00 deg)

32 : pgn=128275 line=Rx 10280401 19 f5 13 20 01 55 ad 3c 00 55 ad 3c
source=32: pgn=Distance Log(128275): values=Date=(21761 d) Time=(142607.8893 s) Log=(0 m) TripLog=(0 m)

0  : pgn=65359  line=Rx 10280402 1c ff 4f 00 3b 9f ff ff ff 20 41 ff
source=0: pgn=Seatalk: Pilot Heading(65359): values=ManufacturerCode=(1851) IndustryCode=(4) HeadingTrue=(None) HeadingMagnetic=(95.52 deg)

32 : pgn=128275 line=Rx 10280406 19 f5 13 20 02 00 ff ff ff ff ff ff
source=32: pgn=Distance Log(128275): values=Date=(2 d) Time=(None) Log=(0 m) TripLog=(0 m)

4  : pgn=65384  line=Rx 10280410 1c ff 68 04 3b 9f 00 00 00 00 00 00
3  : pgn=129029 line=Tx 10280427 0d f8 05 03 c0 2b 57 06 40 4e 30 0a
3  : pgn=129029 line=Tx 10280427 0d f8 05 03 c1 2c 00 ba c6 f9 c0 e2
3  : pgn=129029 line=Tx 10280427 0d f8 05 03 c2 9e 06 00 70 f0 b0 2c
3  : pgn=129029 line=Tx 10280427 0d f8 05 03 c3 3c 00 ef ff ff ff ff
3  : pgn=129029 line=Tx 10280427 0d f8 05 03 c4 ff ff ff 7f 23 fc 09
3  : pgn=129029 line=Tx 10280427 0d f8 05 03 c5 54 00 ff 7f ff ff ff
3  : pgn=129029 line=Tx 10280427 0d f8 05 03 c6 7f 00 ff ff ff ff ff
3  : pgn=129025 line=Tx 10280427 09 f8 01 03 99 7a 6f 1c d8 4f fd b6
source=3: pgn=Position, Rapid Update(129025): values=Latitude=(47.706792899999996 deg) Longitude=(-122.49129359999999 deg)

3  : pgn=129033 line=Tx 10280427 0d f8 09 03 06 40 4e 30 0a 2c 5c fe
source=3: pgn=Time & Date(129033): values=Date=(16390 d) Time=(73886.523 s) LocalOffset=(-25200.0 s)

1  : pgn=59936  line=Rx 10280433 18 ea 20 01 00 ee 00 00 00 00 00 00
1  : pgn=129041 line=Rx 10280466 11 f8 11 01 c0 30 55 75 89 3a 3b 6d
1  : pgn=129041 line=Rx 10280467 11 f8 11 01 c1 8b 0a b7 5b f8 47 1c
1  : pgn=129041 line=Rx 10280467 11 f8 11 01 c2 f4 00 00 00 00 00 00
1  : pgn=129041 line=Rx 10280468 11 f8 11 01 c3 ff ff 12 ee ff e1 16
1  : pgn=129041 line=Rx 10280468 11 f8 11 01 c4 01 50 53 20 54 53 4c
1  : pgn=129041 line=Rx 10280469 11 f8 11 01 c5 20 4c 42 20 54 41 20
1  : pgn=129041 line=Rx 10280469 11 f8 11 01 c6 20 20 20 20 20 20 20
32 : pgn=128259 line=Rx 10280481 09 f5 03 20 47 2b 01 ff ff ff ff ff
source=32: pgn=Speed(128259): values=SpeedWaterReferenced=(2.99 m/s) SpeedGroundReferenced=(None) SpeedWaterReferencedType=(None) SpeedDirection=(None)

0  : pgn=127250 line=Rx 10280495 09 f1 12 00 ff 51 41 ff 7f ff 7f fd
source=0: pgn=Vessel Heading(127250): values=Heading=(95.80 deg) Deviation=(None) Variation=(None) Reference=("1")

0  : pgn=127245 line=Rx 10280496 09 f1 0d 00 00 f8 ff 7f 00 00 ff ff
source=0: pgn=Rudder(127245): values=Instance=(0) DirectionOrder=("0") AngleOrder=(None) Position=(0.00 deg)

0  : pgn=65359  line=Rx 10280502 1c ff 4f 00 3b 9f ff ff ff 51 41 ff
source=0: pgn=Seatalk: Pilot Heading(65359): values=ManufacturerCode=(1851) IndustryCode=(4) HeadingTrue=(None) HeadingMagnetic=(95.80 deg)

3  : pgn=129026 line=Tx 10280527 09 f8 02 03 ff fc dc 44 3c 01 ff ff
source=3: pgn=COG & SOG, Rapid Update(129026): values=COGReference=("0") COG=(101.00 deg) SOG=(3.16 m/s)

3  : pgn=129025 line=Tx 10280527 09 f8 01 03 85 7a 6f 1c 94 50 fd b6
source=3: pgn=Position, Rapid Update(129025): values=Latitude=(47.706790899999994 deg) Longitude=(-122.4912748 deg)

3  : pgn=126992 line=Tx 10280527 0d f0 10 03 ff ff 06 40 f0 42 0a 2c
source=3: pgn=System Time(126992): values=Source=(None) Date=(16390 d) Time=(73887.0 s)

32 : pgn=128259 line=Rx 10280580 09 f5 03 20 48 2b 01 ff ff ff ff ff
source=32: pgn=Speed(128259): values=SpeedWaterReferenced=(2.99 m/s) SpeedGroundReferenced=(None) SpeedWaterReferencedType=(None) SpeedDirection=(None)

0  : pgn=127250 line=Rx 10280594 09 f1 12 00 ff 6c 41 ff 7f ff 7f fd
source=0: pgn=Vessel Heading(127250): values=Heading=(95.96 deg) Deviation=(None) Variation=(None) Reference=("1")

0  : pgn=127245 line=Rx 10280595 09 f1 0d 00 00 f8 ff 7f 00 00 ff ff
source=0: pgn=Rudder(127245): values=Instance=(0) DirectionOrder=("0") AngleOrder=(None) Position=(0.00 deg)

0  : pgn=65379  line=Rx 10280600 1c ff 63 00 3b 9f 00 00 00 00 01 ff
source=0: pgn=Seatalk: Pilot Mode(65379): values=ManufacturerCode=(1851) IndustryCode=(4) PilotMode=(0) SubMode=(0) PilotModeData=(0)

0  : pgn=65359  line=Rx 10280601 1c ff 4f 00 3b 9f ff ff ff 6c 41 ff
source=0: pgn=Seatalk: Pilot Heading(65359): values=ManufacturerCode=(1851) IndustryCode=(4) HeadingTrue=(None) HeadingMagnetic=(95.96 deg)

0  : pgn=126975 line=Rx 10280609 1d ef ff 00 00 0d 3b 9f f0 81 84 16
0  : pgn=126975 line=Rx 10280611 1d ef ff 00 01 43 0c 00 00 00 02 05
3  : pgn=129025 line=Tx 10280628 09 f8 01 03 85 7a 6f 1c 94 50 fd b6
source=3: pgn=Position, Rapid Update(129025): values=Latitude=(47.706790899999994 deg) Longitude=(-122.4912748 deg)

32 : pgn=128259 line=Rx 10280680 09 f5 03 20 49 2a 01 ff ff ff ff ff
source=32: pgn=Speed(128259): values=SpeedWaterReferenced=(2.98 m/s) SpeedGroundReferenced=(None) SpeedWaterReferencedType=(None) SpeedDirection=(None)

0  : pgn=127250 line=Rx 10280698 09 f1 12 00 ff 85 41 ff 7f ff 7f fd
source=0: pgn=Vessel Heading(127250): values=Heading=(96.10 deg) Deviation=(None) Variation=(None) Reference=("1")

0  : pgn=127245 line=Rx 10280699 09 f1 0d 00 00 f8 ff 7f 00 00 ff ff
source=0: pgn=Rudder(127245): values=Instance=(0) DirectionOrder=("0") AngleOrder=(None) Position=(0.00 deg)

0  : pgn=65359  line=Rx 10280706 1c ff 4f 00 3b 9f ff ff ff 85 41 ff
source=0: pgn=Seatalk: Pilot Heading(65359): values=ManufacturerCode=(1851) IndustryCode=(4) HeadingTrue=(None) HeadingMagnetic=(96.10 deg)

0  : pgn=126975 line=Rx 10280708 1d ef ff 00 20 09 3b 9f f0 81 ae 02
0  : pgn=126975 line=Rx 10280711 1d ef ff 00 21 00 08 00 ff ff ff ff
3  : pgn=129026 line=Tx 10280732 09 f8 02 03 ff fc dc 44 3c 01 ff ff
source=3: pgn=COG & SOG, Rapid Update(129026): values=COGReference=("0") COG=(101.00 deg) SOG=(3.16 m/s)

3  : pgn=129025 line=Tx 10280732 09 f8 01 03 85 7a 6f 1c 94 50 fd b6
source=3: pgn=Position, Rapid Update(129025): values=Latitude=(47.706790899999994 deg) Longitude=(-122.4912748 deg)

3  : pgn=129291 line=Tx 10280732 0d f9 0b 03 ff fc bb 16 3d 00 ff ff
source=3: pgn=Set & Drift, Rapid Update(129291): values=SetReference=("0") Set=(33.34 deg) Drift=(0.61 m/s)

1  : pgn=129038 line=Rx 10280766 11 f8 0e 01 80 1b c1 a8 2c e8 15 1f
1  : pgn=129038 line=Rx 10280767 11 f8 0e 01 81 c9 0c b7 c8 76 69 1c
1  : pgn=129038 line=Rx 10280767 11 f8 0e 01 82 64 b9 0e 00 00 00 00
1  : pgn=129038 line=Rx 10280768 11 f8 0e 01 83 00 ff ff ff 7f ff fe
32 : pgn=128259 line=Rx 10280779 09 f5 03 20 4a 2b 01 ff ff ff ff ff
source=32: pgn=Speed(128259): values=SpeedWaterReferenced=(2.99 m/s) SpeedGroundReferenced=(None) SpeedWaterReferencedType=(None) SpeedDirection=(None)

0  : pgn=127250 line=Rx 10280798 09 f1 12 00 ff 88 41 ff 7f ff 7f fd
source=0: pgn=Vessel Heading(127250): values=Heading=(96.12 deg) Deviation=(None) Variation=(None) Reference=("1")

0  : pgn=127245 line=Rx 10280799 09 f1 0d 00 00 f8 ff 7f 00 00 ff ff
source=0: pgn=Rudder(127245): values=Instance=(0) DirectionOrder=("0") AngleOrder=(None) Position=(0.00 deg)

0  : pgn=65359  line=Rx 10280805 1c ff 4f 00 3b 9f ff ff ff 88 41 ff
source=0: pgn=Seatalk: Pilot Heading(65359): values=ManufacturerCode=(1851) IndustryCode=(4) HeadingTrue=(None) HeadingMagnetic=(96.12 deg)

3  : pgn=129025 line=Tx 10280832 09 f8 01 03 73 7a 6f 1c e9 50 fd b6
source=3: pgn=Position, Rapid Update(129025): values=Latitude=(47.706789099999995 deg) Longitude=(-122.49126629999999 deg)

1  : pgn=129038 line=Rx 10280859 11 f8 0e 01 a0 1b c1 76 c0 e0 15 0a
1  : pgn=129038 line=Rx 10280860 11 f8 0e 01 a1 a8 0c b7 22 60 69 1c
1  : pgn=129038 line=Rx 10280860 11 f8 0e 01 a2 64 ac 72 00 00 00 00
1  : pgn=129038 line=Rx 10280861 11 f8 0e 01 a3 00 ff ff ff 7f ff fe
32 : pgn=128259 line=Rx 10280879 09 f5 03 20 4b 29 01 ff ff ff ff ff
source=32: pgn=Speed(128259): values=SpeedWaterReferenced=(2.97 m/s) SpeedGroundReferenced=(None) SpeedWaterReferencedType=(None) SpeedDirection=(None)

0  : pgn=127250 line=Rx 10280897 09 f1 12 00 ff 82 41 ff 7f ff 7f fd
source=0: pgn=Vessel Heading(127250): values=Heading=(96.09 deg) Deviation=(None) Variation=(None) Reference=("1")

0  : pgn=127245 line=Rx 10280898 09 f1 0d 00 00 f8 ff 7f 00 00 ff ff
source=0: pgn=Rudder(127245): values=Instance=(0) DirectionOrder=("0") AngleOrder=(None) Position=(0.00 deg)

0  : pgn=65359  line=Rx 10280905 1c ff 4f 00 3b 9f ff ff ff 82 41 ff
source=0: pgn=Seatalk: Pilot Heading(65359): values=ManufacturerCode=(1851) IndustryCode=(4) HeadingTrue=(None) HeadingMagnetic=(96.09 deg)

3  : pgn=129026 line=Tx 10280932 09 f8 02 03 ff fc ff 44 3d 01 ff ff
source=3: pgn=COG & SOG, Rapid Update(129026): values=COGReference=("0") COG=(101.20 deg) SOG=(3.17 m/s)

3  : pgn=130577 line=Tx 10280932 0d fe 11 03 e0 0e c0 58 ff 44 3d 01
3  : pgn=130577 line=Tx 10280932 0d fe 11 03 e1 ff ff ff ff bb 16 3d
3  : pgn=130577 line=Tx 10280932 0d fe 11 03 e2 00 ff ff ff ff ff ff
3  : pgn=129025 line=Tx 10280932 09 f8 01 03 73 7a 6f 1c e9 50 fd b6
3  : pgn=130306 line=Tx 10280932 09 fd 02 03 ff 13 03 c2 c7 fa ff ff
source=3: pgn=Wind Data(130306): values=WindSpeed=(7.87 m/s) WindAngle=(293.00 deg) Reference=("2")

32 : pgn=128259 line=Rx 10280979 09 f5 03 20 4c 27 01 ff ff ff ff ff
source=32: pgn=Speed(128259): values=SpeedWaterReferenced=(2.95 m/s) SpeedGroundReferenced=(None) SpeedWaterReferencedType=(None) SpeedDirection=(None)

1  : pgn=129038 line=Rx 10280981 11 f8 0e 01 c0 1b c1 12 f9 de 15 2e
1  : pgn=129038 line=Rx 10280982 11 f8 0e 01 c1 85 10 b7 7b 76 67 1c
1  : pgn=129038 line=Rx 10280982 11 f8 0e 01 c2 67 9c 39 00 00 01 00
1  : pgn=129038 line=Rx 10280983 11 f8 0e 01 c3 08 88 90 00 00 f0 fe
0  : pgn=127250 line=Rx 10280994 09 f1 12 00 ff 61 41 ff 7f ff 7f fd
source=0: pgn=Vessel Heading(127250): values=Heading=(95.90 deg) Deviation=(None) Variation=(None) Reference=("1")

0  : pgn=127245 line=Rx 10280995 09 f1 0d 00 00 f8 ff 7f 00 00 ff ff
source=0: pgn=Rudder(127245): values=Instance=(0) DirectionOrder=("0") AngleOrder=(None) Position=(0.00 deg)

0  : pgn=65359  line=Rx 10280999 1c ff 4f 00 3b 9f ff ff ff 61 41 ff
source=0: pgn=Seatalk: Pilot Heading(65359): values=ManufacturerCode=(1851) IndustryCode=(4) HeadingTrue=(None) HeadingMagnetic=(95.90 deg)

3  : pgn=129283 line=Tx 10281033 0d f9 03 03 ff 7f ff ff ff 7f ff ff
source=3: pgn=Cross Track Error(129283): values=XTEmode=(None) NavigationTerminated=("1") XTE=(None)

3  : pgn=129025 line=Tx 10281033 09 f8 01 03 73 7a 6f 1c e9 50 fd b6
source=3: pgn=Position, Rapid Update(129025): values=Latitude=(47.706789099999995 deg) Longitude=(-122.49126629999999 deg)

3  : pgn=128267 line=Tx 10281033 0d f5 0b 03 ff a3 3b 00 00 00 00 ff
source=3: pgn=Water Depth(128267): values=Depth=(152.67000000000002 m) Offset=(0.0 m) Range=(None)

4  : pgn=126975 line=Rx 10281069 1d ef ff 04 00 07 3b 9f f0 81 90 00
4  : pgn=126975 line=Rx 10281069 1d ef ff 04 01 03 ff ff ff ff ff ff
32 : pgn=128259 line=Rx 10281078 09 f5 03 20 4d 2a 01 ff ff ff ff ff
source=32: pgn=Speed(128259): values=SpeedWaterReferenced=(2.98 m/s) SpeedGroundReferenced=(None) SpeedWaterReferencedType=(None) SpeedDirection=(None)

0  : pgn=127250 line=Rx 10281098 09 f1 12 00 ff 49 41 ff 7f ff 7f fd
source=0: pgn=Vessel Heading(127250): values=Heading=(95.76 deg) Deviation=(None) Variation=(None) Reference=("1")

0  : pgn=127245 line=Rx 10281098 09 f1 0d 00 00 f8 ff 7f 00 00 ff ff
source=0: pgn=Rudder(127245): values=Instance=(0) DirectionOrder=("0") AngleOrder=(None) Position=(0.00 deg)

0  : pgn=65359  line=Rx 10281105 1c ff 4f 00 3b 9f ff ff ff 49 41 ff
source=0: pgn=Seatalk: Pilot Heading(65359): values=ManufacturerCode=(1851) IndustryCode=(4) HeadingTrue=(None) HeadingMagnetic=(95.76 deg)

0  : pgn=126975 line=Rx 10281112 1d ef ff 00 40 08 3b 9f f0 81 9c d1
0  : pgn=126975 line=Rx 10281114 1d ef ff 00 41 02 00 ff ff ff ff ff
3  : pgn=129026 line=Tx 10281133 09 f8 02 03 ff fc 10 45 3e 01 ff ff
source=3: pgn=COG & SOG, Rapid Update(129026): values=COGReference=("0") COG=(101.30 deg) SOG=(3.18 m/s)

3  : pgn=129025 line=Tx 10281133 09 f8 01 03 69 7a 6f 1c 39 51 fd b6
source=3: pgn=Position, Rapid Update(129025): values=Latitude=(47.7067881 deg) Longitude=(-122.4912583 deg)

3  : pgn=129542 line=Tx 10281133 19 fa 06 03 e0 0f 58 5c 01 00 00 00
3  : pgn=129542 line=Tx 10281133 19 fa 06 03 e1 00 00 00 00 00 00 00
3  : pgn=129542 line=Tx 10281133 19 fa 06 03 e2 00 00 ff ff ff ff ff
3  : pgn=65364  line=Tx 10281133 1c ff 54 03 3b 9f 13 03 c2 c7 ff ff
1  : pgn=129038 line=Rx 10281135 11 f8 0e 01 e0 1b c3 3c aa e5 15 04
1  : pgn=129038 line=Rx 10281136 11 f8 0e 01 e1 ae 13 b7 83 62 66 1c
1  : pgn=129038 line=Rx 10281137 11 f8 0e 01 e2 68 c7 d4 00 00 00 00
1  : pgn=129038 line=Rx 10281137 11 f8 0e 01 e3 00 b7 7a 00 00 f5 fe
1  : pgn=129038 line=Rx 10281166 11 f8 0e 01 00 1b c1 fa 89 e8 15 49
source=1: pgn=AIS Class A Position Report(129038): values=MessageID=(0) RepeatIndicator=("0") UserID=(2314912027) Longitude=(0.0 deg) Latitude=(0.0 deg) PositionAccuracy=("0") RAIM=("0") TimeStamp=("0") COG=(0.00 deg) SOG=(0.0 m/s) CommunicationState=(0) AISTransceiverinformation=("0") Heading=(0.00 deg) RateofTurn=(0.00 deg/s) NavStatus=("0") SpecialManeuverIndicator=("0") Spare=(0) SequenceID=(0)

1  : pgn=129038 line=Rx 10281167 11 f8 0e 01 01 a3 13 b7 ff 4b 60 1c
source=1: pgn=AIS Class A Position Report(129038): values=MessageID=(1) RepeatIndicator=("0") UserID=(4290188195) Longitude=(0.0 deg) Latitude=(0.0 deg) PositionAccuracy=("0") RAIM=("0") TimeStamp=("0") COG=(0.00 deg) SOG=(0.0 m/s) CommunicationState=(0) AISTransceiverinformation=("0") Heading=(0.00 deg) RateofTurn=(0.00 deg/s) NavStatus=("0") SpecialManeuverIndicator=("0") Spare=(0) SequenceID=(0)

1  : pgn=129038 line=Rx 10281167 11 f8 0e 01 02 68 9e df 96 01 00 00
source=1: pgn=AIS Class A Position Report(129038): values=MessageID=(2) RepeatIndicator=("0") UserID=(2531237480) Longitude=(0.0 deg) Latitude=(0.0 deg) PositionAccuracy=("0") RAIM=("0") TimeStamp=("0") COG=(0.00 deg) SOG=(0.0 m/s) CommunicationState=(0) AISTransceiverinformation=("0") Heading=(0.00 deg) RateofTurn=(0.00 deg/s) NavStatus=("0") SpecialManeuverIndicator=("0") Spare=(0) SequenceID=(0)

1  : pgn=129038 line=Rx 10281168 11 f8 0e 01 03 00 9e df d2 e5 ff fe
source=1: pgn=AIS Class A Position Report(129038): values=MessageID=(3) RepeatIndicator=("0") UserID=(3537870336) Longitude=(0.0 deg) Latitude=(0.0 deg) PositionAccuracy=("0") RAIM=("0") TimeStamp=("0") COG=(0.00 deg) SOG=(0.0 m/s) CommunicationState=(0) AISTransceiverinformation=("0") Heading=(0.00 deg) RateofTurn=(0.00 deg/s) NavStatus=("0") SpecialManeuverIndicator=("0") Spare=(0) SequenceID=(0)

32 : pgn=128259 line=Rx 10281178 09 f5 03 20 4e 2e 01 ff ff ff ff ff
source=32: pgn=Speed(128259): values=SpeedWaterReferenced=(3.02 m/s) SpeedGroundReferenced=(None) SpeedWaterReferencedType=(None) SpeedDirection=(None)

0  : pgn=127250 line=Rx 10281194 09 f1 12 00 ff 0a 41 ff 7f ff 7f fd
source=0: pgn=Vessel Heading(127250): values=Heading=(95.40 deg) Deviation=(None) Variation=(None) Reference=("1")

0  : pgn=127245 line=Rx 10281195 09 f1 0d 00 00 f8 ff 7f 00 00 ff ff
source=0: pgn=Rudder(127245): values=Instance=(0) DirectionOrder=("0") AngleOrder=(None) Position=(0.00 deg)

1  : pgn=129041 line=Rx 10281196 11 f8 11 01 e0 30 15 76 89 3a 3b ed
1  : pgn=129041 line=Rx 10281197 11 f8 11 01 e1 61 e3 b6 67 78 ad 1c
1  : pgn=129041 line=Rx 10281197 11 f8 11 01 e2 f4 00 00 00 00 00 00
1  : pgn=129041 line=Rx 10281198 11 f8 11 01 e3 ff ff 52 ee ff e1 16
1  : pgn=129041 line=Rx 10281198 11 f8 11 01 e4 01 50 53 20 54 53 4c
1  : pgn=129041 line=Rx 10281199 11 f8 11 01 e5 20 53 42 20 20 20 20
1  : pgn=129041 line=Rx 10281200 11 f8 11 01 e6 20 20 20 20 20 20 20
0  : pgn=65359  line=Rx 10281203 1c ff 4f 00 3b 9f ff ff ff 0a 41 ff
source=0: pgn=Seatalk: Pilot Heading(65359): values=ManufacturerCode=(1851) IndustryCode=(4) HeadingTrue=(None) HeadingMagnetic=(95.40 deg)

3  : pgn=129540 line=Tx 10281234 19 fa 04 03 20 9f 7a ff 0d 03 45 1b
source=3: pgn=GNSS Sats in View(129540): values=RangeResidualMode=(None) SatsinView=(122) PRN=(None) Elevation=(4.47 deg) Azimuth=(40.00 deg) SNR=(0.0 dB) Rangeresiduals=(0) Status=("0")

3  : pgn=129540 line=Tx 10281234 19 fa 04 03 21 2e 26 00 00 00 00 00
source=3: pgn=GNSS Sats in View(129540): values=RangeResidualMode=("0") SatsinView=(38) PRN=(0) Elevation=(0.00 deg) Azimuth=(0.00 deg) SNR=(0.0 dB) Rangeresiduals=(0) Status=("0")

3  : pgn=129540 line=Tx 10281234 19 fa 04 03 22 00 f3 0f ff 1d 5c 3d
source=3: pgn=GNSS Sats in View(129540): values=RangeResidualMode=("0") SatsinView=(243) PRN=(15) Elevation=(44.00 deg) Azimuth=(90.00 deg) SNR=(0.0 dB) Rangeresiduals=(0) Status=("0")

3  : pgn=129540 line=Tx 10281234 19 fa 04 03 23 1c 0c 00 00 00 00 f5
source=3: pgn=GNSS Sats in View(129540): values=RangeResidualMode=("0") SatsinView=(12) PRN=(0) Elevation=(0.00 deg) Azimuth=(359.36 deg) SNR=(0.0 dB) Rangeresiduals=(0) Status=("0")

3  : pgn=129540 line=Tx 10281234 19 fa 04 03 24 10 17 13 71 b9 48 0d
source=3: pgn=GNSS Sats in View(129540): values=RangeResidualMode=("0") SatsinView=(23) PRN=(19) Elevation=(-103.49 deg) Azimuth=(19.48 deg) SNR=(0.0 dB) Rangeresiduals=(0) Status=("0")

3  : pgn=129540 line=Tx 10281234 19 fa 04 03 25 00 00 00 00 f5 12 c5
source=3: pgn=GNSS Sats in View(129540): values=RangeResidualMode=("0") SatsinView=(0) PRN=(0) Elevation=(-16.13 deg) Azimuth=(289.06 deg) SNR=(0.0 dB) Rangeresiduals=(0) Status=("0")

3  : pgn=129540 line=Tx 10281234 19 fa 04 03 26 31 f2 93 74 0e 00 00
source=3: pgn=GNSS Sats in View(129540): values=RangeResidualMode=("1") SatsinView=(242) PRN=(147) Elevation=(21.20 deg) Azimuth=(0.00 deg) SNR=(0.0 dB) Rangeresiduals=(0) Status=("0")

3  : pgn=129540 line=Tx 10281234 19 fa 04 03 27 00 00 f5 13 ba 02 1f
source=3: pgn=GNSS Sats in View(129540): values=RangeResidualMode=("0") SatsinView=(0) PRN=(245) Elevation=(-102.57 deg) Azimuth=(45.48 deg) SNR=(0.0 dB) Rangeresiduals=(0) Status=("0")

3  : pgn=129540 line=Tx 10281234 19 fa 04 03 28 d8 80 0c 00 00 00 00
source=3: pgn=GNSS Sats in View(129540): values=RangeResidualMode=("0") SatsinView=(128) PRN=(12) Elevation=(0.00 deg) Azimuth=(0.00 deg) SNR=(0.0 dB) Rangeresiduals=(0) Status=("0")

3  : pgn=129540 line=Tx 10281234 19 fa 04 03 29 f5 15 e8 37 5d 1f d8
source=3: pgn=GNSS Sats in View(129540): values=RangeResidualMode=("1") SatsinView=(21) PRN=(232) Elevation=(136.72 deg) Azimuth=(317.00 deg) SNR=(0.0 dB) Rangeresiduals=(0) Status=("0")

3  : pgn=129540 line=Tx 10281234 19 fa 04 03 2a 0e 00 00 00 00 f5 16
source=3: pgn=GNSS Sats in View(129540): values=RangeResidualMode=("0") SatsinView=(0) PRN=(0) Elevation=(0.00 deg) Azimuth=(33.67 deg) SNR=(0.0 dB) Rangeresiduals=(0) Status=("0")

3  : pgn=129540 line=Tx 10281235 19 fa 04 03 2b d1 15 cf 9c cc 10 00
source=3: pgn=GNSS Sats in View(129540): values=RangeResidualMode=("1") SatsinView=(21) PRN=(207) Elevation=(-75.38 deg) Azimuth=(0.09 deg) SNR=(0.0 dB) Rangeresiduals=(0) Status=("0")

3  : pgn=129540 line=Tx 10281236 19 fa 04 03 2c 00 00 00 f5 1a ae 0f
source=3: pgn=GNSS Sats in View(129540): values=RangeResidualMode=("0") SatsinView=(0) PRN=(0) Elevation=(39.54 deg) Azimuth=(23.00 deg) SNR=(0.0 dB) Rangeresiduals=(0) Status=("0")

3  : pgn=129540 line=Tx 10281237 19 fa 04 03 2d 0b 20 8c 0a 00 00 00
source=3: pgn=GNSS Sats in View(129540): values=RangeResidualMode=(None) SatsinView=(32) PRN=(140) Elevation=(0.06 deg) Azimuth=(0.00 deg) SNR=(0.0 dB) Rangeresiduals=(0) Status=("0")

3  : pgn=129540 line=Tx 10281237 19 fa 04 03 2e 00 f5 1b d1 15 ab d2
source=3: pgn=GNSS Sats in View(129540): values=RangeResidualMode=("0") SatsinView=(245) PRN=(27) Elevation=(32.00 deg) Azimuth=(309.00 deg) SNR=(0.0 dB) Rangeresiduals=(0) Status=("0")

3  : pgn=129540 line=Tx 10281238 19 fa 04 03 2f 8c 0a 00 00 00 00 f5
source=3: pgn=GNSS Sats in View(129540): values=RangeResidualMode=("0") SatsinView=(10) PRN=(0) Elevation=(0.00 deg) Azimuth=(359.36 deg) SNR=(0.0 dB) Rangeresiduals=(0) Status=("0")

3  : pgn=129540 line=Tx 10281239 19 fa 04 03 30 1d 00 0f a1 67 c4 09
source=3: pgn=GNSS Sats in View(129540): values=RangeResidualMode=("1") SatsinView=(0) PRN=(15) Elevation=(152.00 deg) Azimuth=(14.32 deg) SNR=(0.0 dB) Rangeresiduals=(0) Status=("0")

3  : pgn=129540 line=Tx 10281239 19 fa 04 03 31 00 00 00 00 f5 23 d1
source=3: pgn=GNSS Sats in View(129540): values=RangeResidualMode=("0") SatsinView=(0) PRN=(0) Elevation=(-16.13 deg) Azimuth=(306.76 deg) SNR=(0.0 dB) Rangeresiduals=(0) Status=("0")

3  : pgn=129540 line=Tx 10281240 19 fa 04 03 32 15 c3 8b 00 00 00 00
source=3: pgn=GNSS Sats in View(129540): values=RangeResidualMode=("1") SatsinView=(195) PRN=(139) Elevation=(0.00 deg) Azimuth=(0.00 deg) SNR=(0.0 dB) Rangeresiduals=(0) Status=("0")

3  : pgn=129540 line=Tx 10281242 19 fa 04 03 33 00 00 f3 30 2e 17 43
source=3: pgn=GNSS Sats in View(129540): values=RangeResidualMode=("0") SatsinView=(0) PRN=(243) Elevation=(67.75 deg) Azimuth=(98.41 deg) SNR=(0.0 dB) Rangeresiduals=(0) Status=("0")

3  : pgn=129540 line=Tx 10281243 19 fa 04 03 34 84 48 0d 00 00 00 00
source=3: pgn=GNSS Sats in View(129540): values=RangeResidualMode=("0") SatsinView=(72) PRN=(13) Elevation=(0.00 deg) Azimuth=(0.00 deg) SNR=(0.0 dB) Rangeresiduals=(0) Status=("0")

3  : pgn=129540 line=Tx 10281243 19 fa 04 03 35 f5 33 80 16 67 6c 80
source=3: pgn=GNSS Sats in View(129540): values=RangeResidualMode=("1") SatsinView=(51) PRN=(128) Elevation=(151.20 deg) Azimuth=(188.37 deg) SNR=(0.0 dB) Rangeresiduals=(0) Status=("0")

3  : pgn=129540 line=Tx 10281244 19 fa 04 03 36 0c 00 00 00 00 f5 ff
source=3: pgn=GNSS Sats in View(129540): values=RangeResidualMode=("0") SatsinView=(0) PRN=(0) Elevation=(0.00 deg) Azimuth=(375.43 deg) SNR=(0.0 dB) Rangeresiduals=(0) Status=("0")

3  : pgn=129025 line=Tx 10281245 09 f8 01 03 69 7a 6f 1c 39 51 fd b6
source=3: pgn=Position, Rapid Update(129025): values=Latitude=(47.7067881 deg) Longitude=(-122.4912583 deg)

3  : pgn=127258 line=Tx 10281246 19 f1 1a 03 ff f6 12 39 fa 0a ff ff
source=3: pgn=Magnetic Variation(127258): values=Source=("6") Ageofservice=(14610 d) Variation=(16.10 deg)

32 : pgn=128259 line=Rx 10281277 09 f5 03 20 4f 30 01 ff ff ff ff ff
source=32: pgn=Speed(128259): values=SpeedWaterReferenced=(3.04 m/s) SpeedGroundReferenced=(None) SpeedWaterReferencedType=(None) SpeedDirection=(None)

0  : pgn=127250 line=Rx 10281303 09 f1 12 00 ff ca 40 ff 7f ff 7f fd
source=0: pgn=Vessel Heading(127250): values=Heading=(95.03 deg) Deviation=(None) Variation=(None) Reference=("1")

0  : pgn=127245 line=Rx 10281304 09 f1 0d 00 00 f8 ff 7f 00 00 ff ff
source=0: pgn=Rudder(127245): values=Instance=(0) DirectionOrder=("0") AngleOrder=(None) Position=(0.00 deg)

0  : pgn=65359  line=Rx 10281312 1c ff 4f 00 3b 9f ff ff ff ca 40 ff
source=0: pgn=Seatalk: Pilot Heading(65359): values=ManufacturerCode=(1851) IndustryCode=(4) HeadingTrue=(None) HeadingMagnetic=(95.03 deg)

3  : pgn=129026 line=Tx 10281334 09 f8 02 03 ff fc ff 44 3e 01 ff ff
source=3: pgn=COG & SOG, Rapid Update(129026): values=COGReference=("0") COG=(101.20 deg) SOG=(3.18 m/s)

3  : pgn=129025 line=Tx 10281334 09 f8 01 03 63 7a 6f 1c da 51 fd b6
source=3: pgn=Position, Rapid Update(129025): values=Latitude=(47.7067875 deg) Longitude=(-122.49124219999999 deg)

32 : pgn=128259 line=Rx 10281379 09 f5 03 20 50 2c 01 ff ff ff ff ff
source=32: pgn=Speed(128259): values=SpeedWaterReferenced=(3.0 m/s) SpeedGroundReferenced=(None) SpeedWaterReferencedType=(None) SpeedDirection=(None)

32 : pgn=130310 line=Rx 10281382 15 fd 06 20 9f ff ff ff ff ff ff ff
source=32: pgn=Environmental Parameters (obsolete)(130310): values=WaterTemperature=(None) OutsideAmbientAirTemperature=(None) AtmosphericPressure=(None)

32 : pgn=128275 line=Rx 10281392 19 f5 13 20 20 0e ff ff ff ff ff ff
0  : pgn=127250 line=Rx 10281395 09 f1 12 00 ff a6 40 ff 7f ff 7f fd
source=0: pgn=Vessel Heading(127250): values=Heading=(94.82 deg) Deviation=(None) Variation=(None) Reference=("1")

0  : pgn=127245 line=Rx 10281396 09 f1 0d 00 00 f8 ff 7f 00 00 ff ff
source=0: pgn=Rudder(127245): values=Instance=(0) DirectionOrder=("0") AngleOrder=(None) Position=(0.00 deg)

32 : pgn=128275 line=Rx 10281397 19 f5 13 20 21 55 ad 3c 00 55 ad 3c
0  : pgn=65359  line=Rx 10281401 1c ff 4f 00 3b 9f ff ff ff a6 40 ff
source=0: pgn=Seatalk: Pilot Heading(65359): values=ManufacturerCode=(1851) IndustryCode=(4) HeadingTrue=(None) HeadingMagnetic=(94.82 deg)

32 : pgn=128275 line=Rx 10281402 19 f5 13 20 22 00 ff ff ff ff ff ff
1  : pgn=129038 line=Rx 10281409 11 f8 0e 01 20 1b c1 ec 10 e8 15 ec
1  : pgn=129038 line=Rx 10281410 11 f8 0e 01 21 5f 0e b7 7f ec 67 1c
1  : pgn=129038 line=Rx 10281410 11 f8 0e 01 22 6c 62 29 00 00 00 00
1  : pgn=129038 line=Rx 10281411 11 f8 0e 01 23 00 ff ff ff 7f f0 fe
1  : pgn=129041 line=Rx 10281412 11 f8 11 01 00 30 55 75 89 3a 3b 6d
1  : pgn=129041 line=Rx 10281412 11 f8 11 01 01 8b 0a b7 5b f8 47 1c
source=1: pgn=AIS Aids to Navigation (AtoN) Report(129041): values=MessageID=(1) RepeatIndicator=("0") UserID=(1538722443) Longitude=(0.0 deg) Latitude=(0.0 deg) PositionAccuracy=("0") RAIM=("0") TimeStamp=("0") Length/Diameter=(0.0 m) Beam/Diameter=(0.0 m) PositionReferencefromStarboardEdge=(0.0 m) PositionReferencefromTrueNorthFacingEdge=(0.0 m) AtoNType=("0") OffPositionIndicator=("0") VirtualAtoNFlag=("0") AssignedModeFlag=("0") Spare=(0) PositionFixingDeviceType=("0") AtoNStatus=(0) AISTransceiverinformation=("0") AtoNName=(None)

1  : pgn=129041 line=Rx 10281413 11 f8 11 01 02 f4 00 00 00 00 00 00
source=1: pgn=AIS Aids to Navigation (AtoN) Report(129041): values=MessageID=(2) RepeatIndicator=("0") UserID=(244) Longitude=(0.0 deg) Latitude=(0.0 deg) PositionAccuracy=("0") RAIM=("0") TimeStamp=("0") Length/Diameter=(0.0 m) Beam/Diameter=(0.0 m) PositionReferencefromStarboardEdge=(0.0 m) PositionReferencefromTrueNorthFacingEdge=(0.0 m) AtoNType=("0") OffPositionIndicator=("0") VirtualAtoNFlag=("0") AssignedModeFlag=("0") Spare=(0) PositionFixingDeviceType=("0") AtoNStatus=(0) AISTransceiverinformation=("0") AtoNName=(None)

1  : pgn=129041 line=Rx 10281413 11 f8 11 01 03 ff ff 12 ee ff e0 16
source=1: pgn=AIS Aids to Navigation (AtoN) Report(129041): values=MessageID=(3) RepeatIndicator=("0") UserID=(3994222591) Longitude=(0.0 deg) Latitude=(0.0 deg) PositionAccuracy=("0") RAIM=("0") TimeStamp=("0") Length/Diameter=(0.0 m) Beam/Diameter=(0.0 m) PositionReferencefromStarboardEdge=(0.0 m) PositionReferencefromTrueNorthFacingEdge=(0.0 m) AtoNType=("0") OffPositionIndicator=("0") VirtualAtoNFlag=("0") AssignedModeFlag=("0") Spare=(0) PositionFixingDeviceType=("0") AtoNStatus=(0) AISTransceiverinformation=("0") AtoNName=(None)

1  : pgn=129041 line=Rx 10281414 11 f8 11 01 04 01 50 53 20 54 53 4c
source=1: pgn=AIS Aids to Navigation (AtoN) Report(129041): values=MessageID=(4) RepeatIndicator=("0") UserID=(542330881) Longitude=(0.0 deg) Latitude=(0.0 deg) PositionAccuracy=("0") RAIM=("0") TimeStamp=("0") Length/Diameter=(0.0 m) Beam/Diameter=(0.0 m) PositionReferencefromStarboardEdge=(0.0 m) PositionReferencefromTrueNorthFacingEdge=(0.0 m) AtoNType=("0") OffPositionIndicator=("0") VirtualAtoNFlag=("0") AssignedModeFlag=("0") Spare=(0) PositionFixingDeviceType=("0") AtoNStatus=(0) AISTransceiverinformation=("0") AtoNName=(None)

1  : pgn=129041 line=Rx 10281414 11 f8 11 01 05 20 4c 42 20 54 41 20
source=1: pgn=AIS Aids to Navigation (AtoN) Report(129041): values=MessageID=(5) RepeatIndicator=("0") UserID=(541215776) Longitude=(0.0 deg) Latitude=(0.0 deg) PositionAccuracy=("0") RAIM=("0") TimeStamp=("0") Length/Diameter=(0.0 m) Beam/Diameter=(0.0 m) PositionReferencefromStarboardEdge=(0.0 m) PositionReferencefromTrueNorthFacingEdge=(0.0 m) AtoNType=("0") OffPositionIndicator=("0") VirtualAtoNFlag=("0") AssignedModeFlag=("0") Spare=(0) PositionFixingDeviceType=("0") AtoNStatus=(0) AISTransceiverinformation=("0") AtoNName=(None)

1  : pgn=129041 line=Rx 10281415 11 f8 11 01 06 20 20 20 20 20 20 20
source=1: pgn=AIS Aids to Navigation (AtoN) Report(129041): values=MessageID=(6) RepeatIndicator=("0") UserID=(538976288) Longitude=(0.0 deg) Latitude=(0.0 deg) PositionAccuracy=("0") RAIM=("0") TimeStamp=("0") Length/Diameter=(0.0 m) Beam/Diameter=(0.0 m) PositionReferencefromStarboardEdge=(0.0 m) PositionReferencefromTrueNorthFacingEdge=(0.0 m) AtoNType=("0") OffPositionIndicator=("0") VirtualAtoNFlag=("0") AssignedModeFlag=("0") Spare=(0) PositionFixingDeviceType=("0") AtoNStatus=(0) AISTransceiverinformation=("0") AtoNName=(None)

4  : pgn=65384  line=Rx 10281416 1c ff 68 04 3b 9f 00 00 00 00 00 00
3  : pgn=129029 line=Tx 10281435 0d f8 05 03 e0 2b 58 06 40 04 61 0a
3  : pgn=129029 line=Tx 10281435 0d f8 05 03 e1 2c 00 1e 20 67 b4 e2
3  : pgn=129029 line=Tx 10281435 0d f8 05 03 e2 9e 06 00 04 ba 5d a4
3  : pgn=129029 line=Tx 10281435 0d f8 05 03 e3 3c 00 ef ff ff ff ff
3  : pgn=129029 line=Tx 10281435 0d f8 05 03 e4 ff ff ff 7f 23 fc 09
3  : pgn=129029 line=Tx 10281435 0d f8 05 03 e5 54 00 ff 7f ff ff ff
3  : pgn=129029 line=Tx 10281435 0d f8 05 03 e6 7f 00 ff ff ff ff ff
3  : pgn=129025 line=Tx 10281435 09 f8 01 03 63 7a 6f 1c da 51 fd b6
source=3: pgn=Position, Rapid Update(129025): values=Latitude=(47.7067875 deg) Longitude=(-122.49124219999999 deg)

3  : pgn=129033 line=Tx 10281435 0d f8 09 03 06 40 04 61 0a 2c 5c fe
source=3: pgn=Time & Date(129033): values=Date=(16390 d) Time=(73887.77 s) LocalOffset=(-25200.0 s)

1  : pgn=59936  line=Rx 10281439 18 ea 20 01 00 ee 00 00 00 00 00 00
32 : pgn=128259 line=Rx 10281476 09 f5 03 20 51 2a 01 ff ff ff ff ff
0  : pgn=127250 line=Rx 10281494 09 f1 12 00 ff 76 40 ff 7f ff 7f fd
source=0: pgn=Vessel Heading(127250): values=Heading=(94.55 deg) Deviation=(None) Variation=(None) Reference=("1")

0  : pgn=127245 line=Rx 10281495 09 f1 0d 00 00 f8 ff 7f 00 00 ff ff
source=0: pgn=Rudder(127245): values=Instance=(0) DirectionOrder=("0") AngleOrder=(None) Position=(0.00 deg)

0  : pgn=65359  line=Rx 10281502 1c ff 4f 00 3b 9f ff ff ff 76 40 ff
source=0: pgn=Seatalk: Pilot Heading(65359): values=ManufacturerCode=(1851) IndustryCode=(4) HeadingTrue=(None) HeadingMagnetic=(94.55 deg)

1  : pgn=129038 line=Rx 10281534 11 f8 0e 01 40 1b c1 95 05 06 16 a5
1  : pgn=129038 line=Rx 10281535 11 f8 0e 01 41 5b d7 b6 5d b1 73 1c
3  : pgn=129026 line=Tx 10281535 09 f8 02 03 ff fc ff 44 3e 01 ff ff
source=3: pgn=COG & SOG, Rapid Update(129026): values=COGReference=("0") COG=(101.20 deg) SOG=(3.18 m/s)

3  : pgn=129025 line=Tx 10281535 09 f8 01 03 63 7a 6f 1c da 51 fd b6
source=3: pgn=Position, Rapid Update(129025): values=Latitude=(47.7067875 deg) Longitude=(-122.49124219999999 deg)

3  : pgn=126992 line=Tx 10281535 0d f0 10 03 ff ff 06 40 04 61 0a 2c
source=3: pgn=System Time(126992): values=Source=(None) Date=(16390 d) Time=(73887.77 s)

1  : pgn=129038 line=Rx 10281535 11 f8 0e 01 42 6d 08 a4 00 00 00 00
1  : pgn=129038 line=Rx 10281536 11 f8 0e 01 43 00 ff ff ff 7f f0 fe
1  : pgn=129038 line=Rx 10281563 11 f8 0e 01 60 1b c1 40 3c e6 15 fd
1  : pgn=129038 line=Rx 10281564 11 f8 0e 01 61 91 0d b7 db e3 68 1c
1  : pgn=129038 line=Rx 10281564 11 f8 0e 01 62 72 0d bd 00 00 00 00
1  : pgn=129038 line=Rx 10281565 11 f8 0e 01 63 00 ff ff ff 7f f0 fe
32 : pgn=128259 line=Rx 10281576 09 f5 03 20 52 2e 01 ff ff ff ff ff
source=32: pgn=Speed(128259): values=SpeedWaterReferenced=(3.02 m/s) SpeedGroundReferenced=(None) SpeedWaterReferencedType=(None) SpeedDirection=(None)

0  : pgn=127250 line=Rx 10281596 09 f1 12 00 ff 4b 40 ff 7f ff 7f fd
source=0: pgn=Vessel Heading(127250): values=Heading=(94.30 deg) Deviation=(None) Variation=(None) Reference=("1")

0  : pgn=127245 line=Rx 10281597 09 f1 0d 00 00 f8 ff 7f 00 00 ff ff
source=0: pgn=Rudder(127245): values=Instance=(0) DirectionOrder=("0") AngleOrder=(None) Position=(0.00 deg)

0  : pgn=65379  line=Rx 10281602 1c ff 63 00 3b 9f 00 00 00 00 01 ff
source=0: pgn=Seatalk: Pilot Mode(65379): values=ManufacturerCode=(1851) IndustryCode=(4) PilotMode=(0) SubMode=(0) PilotModeData=(0)

0  : pgn=65359  line=Rx 10281603 1c ff 4f 00 3b 9f ff ff ff 4b 40 ff
source=0: pgn=Seatalk: Pilot Heading(65359): values=ManufacturerCode=(1851) IndustryCode=(4) HeadingTrue=(None) HeadingMagnetic=(94.30 deg)

0  : pgn=126975 line=Rx 10281604 1d ef ff 00 60 0d 3b 9f f0 81 84 56
0  : pgn=126975 line=Rx 10281606 1d ef ff 00 61 42 09 00 00 00 02 05
3  : pgn=129025 line=Tx 10281636 09 f8 01 03 5a 7a 6f 1c 33 52 fd b6
source=3: pgn=Position, Rapid Update(129025): values=Latitude=(47.7067866 deg) Longitude=(-122.49123329999999 deg)

1  : pgn=129038 line=Rx 10281654 11 f8 0e 01 80 1b c1 00 b9 ef 15 b6
1  : pgn=129038 line=Rx 10281655 11 f8 0e 01 81 61 0e b7 aa a4 63 1c
1  : pgn=129038 line=Rx 10281655 11 f8 0e 01 82 70 2a ce 00 00 00 00
1  : pgn=129038 line=Rx 10281656 11 f8 0e 01 83 00 c3 7c 00 00 f0 fe
32 : pgn=128259 line=Rx 10281675 09 f5 03 20 53 23 01 ff ff ff ff ff
source=32: pgn=Speed(128259): values=SpeedWaterReferenced=(2.91 m/s) SpeedGroundReferenced=(None) SpeedWaterReferencedType=(None) SpeedDirection=(None)

0  : pgn=127250 line=Rx 10281694 09 f1 12 00 ff 3b 40 ff 7f ff 7f fd
source=0: pgn=Vessel Heading(127250): values=Heading=(94.21 deg) Deviation=(None) Variation=(None) Reference=("1")

0  : pgn=127245 line=Rx 10281695 09 f1 0d 00 00 f8 ff 7f 00 00 ff ff
source=0: pgn=Rudder(127245): values=Instance=(0) DirectionOrder=("0") AngleOrder=(None) Position=(0.00 deg)

0  : pgn=65359  line=Rx 10281702 1c ff 4f 00 3b 9f ff ff ff 3b 40 ff
source=0: pgn=Seatalk: Pilot Heading(65359): values=ManufacturerCode=(1851) IndustryCode=(4) HeadingTrue=(None) HeadingMagnetic=(94.21 deg)

0  : pgn=126975 line=Rx 10281705 1d ef ff 00 80 09 3b 9f f0 81 ae 02
0  : pgn=126975 line=Rx 10281707 1d ef ff 00 81 00 08 00 ff ff ff ff
3  : pgn=129026 line=Tx 10281736 09 f8 02 03 ff fc dc 44 3e 01 ff ff
source=3: pgn=COG & SOG, Rapid Update(129026): values=COGReference=("0") COG=(101.00 deg) SOG=(3.18 m/s)

3  : pgn=129025 line=Tx 10281736 09 f8 01 03 5a 7a 6f 1c 33 52 fd b6
source=3: pgn=Position, Rapid Update(129025): values=Latitude=(47.7067866 deg) Longitude=(-122.49123329999999 deg)

3  : pgn=129291 line=Tx 10281736 0d f9 0b 03 ff fc 13 17 34 00 ff ff
source=3: pgn=Set & Drift, Rapid Update(129291): values=SetReference=("0") Set=(33.84 deg) Drift=(0.52 m/s)

32 : pgn=128259 line=Rx 10281775 09 f5 03 20 54 23 01 ff ff ff ff ff
source=32: pgn=Speed(128259): values=SpeedWaterReferenced=(2.91 m/s) SpeedGroundReferenced=(None) SpeedWaterReferencedType=(None) SpeedDirection=(None)

1  : pgn=129038 line=Rx 10281783 11 f8 0e 01 a0 1b c1 fa 6c e7 15 f8
1  : pgn=129038 line=Rx 10281783 11 f8 0e 01 a1 b3 0f b7 25 fc 67 1c
1  : pgn=129038 line=Rx 10281784 11 f8 0e 01 a2 6c e8 0d 00 00 00 00
1  : pgn=129038 line=Rx 10281784 11 f8 0e 01 a3 00 ff ff ff 7f ff fe
0  : pgn=127250 line=Rx 10281794 09 f1 12 00 ff 21 40 ff 7f ff 7f fd
source=0: pgn=Vessel Heading(127250): values=Heading=(94.06 deg) Deviation=(None) Variation=(None) Reference=("1")

0  : pgn=127245 line=Rx 10281795 09 f1 0d 00 00 f8 ff 7f 00 00 ff ff
source=0: pgn=Rudder(127245): values=Instance=(0) DirectionOrder=("0") AngleOrder=(None) Position=(0.00 deg)

0  : pgn=65359  line=Rx 10281801 1c ff 4f 00 3b 9f ff ff ff 21 40 ff
source=0: pgn=Seatalk: Pilot Heading(65359): values=ManufacturerCode=(1851) IndustryCode=(4) HeadingTrue=(None) HeadingMagnetic=(94.06 deg)

0  : pgn=126975 line=Rx 10281805 1d ef ff 00 a0 07 3b 9f f0 81 90 10
0  : pgn=126975 line=Rx 10281807 1d ef ff 00 a1 05 ff ff ff ff ff ff
1  : pgn=129038 line=Rx 10281809 11 f8 0e 01 c0 1b c1 be c9 df 15 b4
1  : pgn=129038 line=Rx 10281810 11 f8 0e 01 c1 f9 0f b7 6d 06 68 1c
1  : pgn=129038 line=Rx 10281810 11 f8 0e 01 c2 70 4d d1 00 00 00 00
1  : pgn=129038 line=Rx 10281811 11 f8 0e 01 c3 00 13 d6 00 00 f0 fe
3  : pgn=129025 line=Tx 10281837 09 f8 01 03 5a 7a 6f 1c 33 52 fd b6
source=3: pgn=Position, Rapid Update(129025): values=Latitude=(47.7067866 deg) Longitude=(-122.49123329999999 deg)

32 : pgn=128259 line=Rx 10281874 09 f5 03 20 55 23 01 ff ff ff ff ff
source=32: pgn=Speed(128259): values=SpeedWaterReferenced=(2.91 m/s) SpeedGroundReferenced=(None) SpeedWaterReferencedType=(None) SpeedDirection=(None)

0  : pgn=127250 line=Rx 10281894 09 f1 12 00 ff 19 40 ff 7f ff 7f fd
source=0: pgn=Vessel Heading(127250): values=Heading=(94.02 deg) Deviation=(None) Variation=(None) Reference=("1")

0  : pgn=127245 line=Rx 10281895 09 f1 0d 00 00 f8 ff 7f 00 00 ff ff
source=0: pgn=Rudder(127245): values=Instance=(0) DirectionOrder=("0") AngleOrder=(None) Position=(0.00 deg)

0  : pgn=65359  line=Rx 10281901 1c ff 4f 00 3b 9f ff ff ff 19 40 ff
source=0: pgn=Seatalk: Pilot Heading(65359): values=ManufacturerCode=(1851) IndustryCode=(4) HeadingTrue=(None) HeadingMagnetic=(94.02 deg)

3  : pgn=129026 line=Tx 10281937 09 f8 02 03 ff fc a7 44 3e 01 ff ff
source=3: pgn=COG & SOG, Rapid Update(129026): values=COGReference=("0") COG=(100.70 deg) SOG=(3.18 m/s)

3  : pgn=130577 line=Tx 10281937 0d fe 11 03 00 0e c0 59 a7 44 3e 01
source=3: pgn=Direction Data(130577): values=DataMode=("0") COGReference=("0") COG=(131.64 deg) SOG=(175.75 m/s) Heading=(1.82 deg) SpeedthroughWater=(0.0 m/s) Set=(0.00 deg) Drift=(0.0 m/s)

3  : pgn=130577 line=Tx 10281937 0d fe 11 03 01 ff ff ff ff 13 17 34
source=3: pgn=Direction Data(130577): values=DataMode=("1") COGReference=("0") COG=(None) SOG=(51.19 m/s) Heading=(76.40 deg) SpeedthroughWater=(0.0 m/s) Set=(0.00 deg) Drift=(0.0 m/s)

3  : pgn=130577 line=Tx 10281937 0d fe 11 03 02 00 ff ff ff ff ff ff
source=3: pgn=Direction Data(130577): values=DataMode=("2") COGReference=("0") COG=(None) SOG=(None) Heading=(None) SpeedthroughWater=(0.0 m/s) Set=(0.00 deg) Drift=(0.0 m/s)

3  : pgn=129025 line=Tx 10281937 09 f8 01 03 53 7a 6f 1c 82 52 fd b6
source=3: pgn=Position, Rapid Update(129025): values=Latitude=(47.7067859 deg) Longitude=(-122.49122539999999 deg)

3  : pgn=130306 line=Tx 10281937 09 fd 02 03 ff 13 03 ce c9 fa ff ff
source=3: pgn=Wind Data(130306): values=WindSpeed=(7.87 m/s) WindAngle=(296.00 deg) Reference=("2")

32 : pgn=128259 line=Rx 10281974 09 f5 03 20 56 21 01 ff ff ff ff ff
source=32: pgn=Speed(128259): values=SpeedWaterReferenced=(2.89 m/s) SpeedGroundReferenced=(None) SpeedWaterReferencedType=(None) SpeedDirection=(None)

0  : pgn=127250 line=Rx 10281994 09 f1 12 00 ff 17 40 ff 7f ff 7f fd
source=0: pgn=Vessel Heading(127250): values=Heading=(94.01 deg) Deviation=(None) Variation=(None) Reference=("1")

0  : pgn=127245 line=Rx 10281995 09 f1 0d 00 00 f8 ff 7f 00 00 ff ff
source=0: pgn=Rudder(127245): values=Instance=(0) DirectionOrder=("0") AngleOrder=(None) Position=(0.00 deg)

0  : pgn=65359  line=Rx 10281999 1c ff 4f 00 3b 9f ff ff ff 17 40 ff
source=0: pgn=Seatalk: Pilot Heading(65359): values=ManufacturerCode=(1851) IndustryCode=(4) HeadingTrue=(None) HeadingMagnetic=(94.01 deg)

3  : pgn=129283 line=Tx 10282037 0d f9 03 03 ff 7f ff ff ff 7f ff ff
source=3: pgn=Cross Track Error(129283): values=XTEmode=(None) NavigationTerminated=("1") XTE=(None)

3  : pgn=129025 line=Tx 10282037 09 f8 01 03 53 7a 6f 1c 82 52 fd b6
source=3: pgn=Position, Rapid Update(129025): values=Latitude=(47.7067859 deg) Longitude=(-122.49122539999999 deg)

3  : pgn=128267 line=Tx 10282037 0d f5 0b 03 ff b0 3b 00 00 00 00 ff
source=3: pgn=Water Depth(128267): values=Depth=(152.8 m) Offset=(0.0 m) Range=(None)

32 : pgn=128259 line=Rx 10282073 09 f5 03 20 57 1e 01 ff ff ff ff ff
source=32: pgn=Speed(128259): values=SpeedWaterReferenced=(2.86 m/s) SpeedGroundReferenced=(None) SpeedWaterReferencedType=(None) SpeedDirection=(None)

0  : pgn=127250 line=Rx 10282100 09 f1 12 00 ff 18 40 ff 7f ff 7f fd
source=0: pgn=Vessel Heading(127250): values=Heading=(94.01 deg) Deviation=(None) Variation=(None) Reference=("1")

0  : pgn=127245 line=Rx 10282101 09 f1 0d 00 00 f8 ff 7f 00 00 ff ff
source=0: pgn=Rudder(127245): values=Instance=(0) DirectionOrder=("0") AngleOrder=(None) Position=(0.00 deg)

0  : pgn=65359  line=Rx 10282108 1c ff 4f 00 3b 9f ff ff ff 18 40 ff
source=0: pgn=Seatalk: Pilot Heading(65359): values=ManufacturerCode=(1851) IndustryCode=(4) HeadingTrue=(None) HeadingMagnetic=(94.01 deg)

0  : pgn=126975 line=Rx 10282109 1d ef ff 00 c0 08 3b 9f f0 81 9c 11
0  : pgn=126975 line=Rx 10282112 1d ef ff 00 c1 02 00 ff ff ff ff ff
3  : pgn=129026 line=Tx 10282138 09 f8 02 03 ff fc 73 44 3e 01 ff ff
source=3: pgn=COG & SOG, Rapid Update(129026): values=COGReference=("0") COG=(100.40 deg) SOG=(3.18 m/s)

3  : pgn=129025 line=Tx 10282138 09 f8 01 03 3f 7a 6f 1c 2f 53 fd b6
source=3: pgn=Position, Rapid Update(129025): values=Latitude=(47.7067839 deg) Longitude=(-122.4912081 deg)

3  : pgn=129542 line=Tx 10282138 19 fa 06 03 00 0f 59 7a 01 00 00 00
source=3: pgn=GNSS Pseudorange Noise Statistics(129542): values=RMSofPositionUncertainty=(22799) STDofMajoraxis=(122) STDofMinoraxis=(1) OrientationofMajoraxis=(0) STDofLatError=(0) STDofLonError=(0) STDofAltError=(0)

3  : pgn=129542 line=Tx 10282138 19 fa 06 03 01 00 00 00 00 00 00 00
source=3: pgn=GNSS Pseudorange Noise Statistics(129542): values=RMSofPositionUncertainty=(0) STDofMajoraxis=(0) STDofMinoraxis=(0) OrientationofMajoraxis=(0) STDofLatError=(0) STDofLonError=(0) STDofAltError=(0)

3  : pgn=129542 line=Tx 10282138 19 fa 06 03 02 00 00 ff ff ff ff ff
source=3: pgn=GNSS Pseudorange Noise Statistics(129542): values=RMSofPositionUncertainty=(0) STDofMajoraxis=(None) STDofMinoraxis=(None) OrientationofMajoraxis=(None) STDofLatError=(None) STDofLonError=(None) STDofAltError=(0)

3  : pgn=65364  line=Tx 10282138 1c ff 54 03 3b 9f 13 03 ce c9 ff ff
32 : pgn=128259 line=Rx 10282173 09 f5 03 20 58 18 01 ff ff ff ff ff
source=32: pgn=Speed(128259): values=SpeedWaterReferenced=(2.8000000000000003 m/s) SpeedGroundReferenced=(None) SpeedWaterReferencedType=(None) SpeedDirection=(None)

1  : pgn=129038 line=Rx 10282174 11 f8 0e 01 e0 1b c1 fa f5 db 15 cf
1  : pgn=129038 line=Rx 10282175 11 f8 0e 01 e1 ce 18 b7 12 43 66 1c
1  : pgn=129038 line=Rx 10282175 11 f8 0e 01 e2 71 bc cc 00 00 00 00
1  : pgn=129038 line=Rx 10282176 11 f8 0e 01 e3 00 50 3b 00 00 f0 fe
32 : pgn=65368  line=Rx 10282188 1c ff 58 20 3b 9f 35 56 71 ff ff ff
0  : pgn=127250 line=Rx 10282194 09 f1 12 00 ff 16 40 ff 7f ff 7f fd
source=0: pgn=Vessel Heading(127250): values=Heading=(94.00 deg) Deviation=(None) Variation=(None) Reference=("1")

0  : pgn=127245 line=Rx 10282195 09 f1 0d 00 00 f8 ff 7f 00 00 ff ff
source=0: pgn=Rudder(127245): values=Instance=(0) DirectionOrder=("0") AngleOrder=(None) Position=(0.00 deg)

0  : pgn=65359  line=Rx 10282200 1c ff 4f 00 3b 9f ff ff ff 16 40 ff
source=0: pgn=Seatalk: Pilot Heading(65359): values=ManufacturerCode=(1851) IndustryCode=(4) HeadingTrue=(None) HeadingMagnetic=(94.00 deg)

3  : pgn=129540 line=Tx 10282238 19 fa 04 03 40 9f 7b ff 0d 03 45 1b
source=3: pgn=GNSS Sats in View(129540): values=RangeResidualMode=(None) SatsinView=(123) PRN=(None) Elevation=(4.47 deg) Azimuth=(40.00 deg) SNR=(0.0 dB) Rangeresiduals=(0) Status=("0")

3  : pgn=129540 line=Tx 10282238 19 fa 04 03 41 2e 26 00 00 00 00 00
source=3: pgn=GNSS Sats in View(129540): values=RangeResidualMode=("0") SatsinView=(38) PRN=(0) Elevation=(0.00 deg) Azimuth=(0.00 deg) SNR=(0.0 dB) Rangeresiduals=(0) Status=("0")

3  : pgn=129540 line=Tx 10282238 19 fa 04 03 42 00 f3 0f ff 1d 5c 3d
source=3: pgn=GNSS Sats in View(129540): values=RangeResidualMode=("0") SatsinView=(243) PRN=(15) Elevation=(44.00 deg) Azimuth=(90.00 deg) SNR=(0.0 dB) Rangeresiduals=(0) Status=("0")

3  : pgn=129540 line=Tx 10282238 19 fa 04 03 43 1c 0c 00 00 00 00 f5
source=3: pgn=GNSS Sats in View(129540): values=RangeResidualMode=("0") SatsinView=(12) PRN=(0) Elevation=(0.00 deg) Azimuth=(359.36 deg) SNR=(0.0 dB) Rangeresiduals=(0) Status=("0")

3  : pgn=129540 line=Tx 10282238 19 fa 04 03 44 10 17 13 71 b9 48 0d
source=3: pgn=GNSS Sats in View(129540): values=RangeResidualMode=("0") SatsinView=(23) PRN=(19) Elevation=(-103.49 deg) Azimuth=(19.48 deg) SNR=(0.0 dB) Rangeresiduals=(0) Status=("0")

3  : pgn=129540 line=Tx 10282238 19 fa 04 03 45 00 00 00 00 f5 12 c5
source=3: pgn=GNSS Sats in View(129540): values=RangeResidualMode=("0") SatsinView=(0) PRN=(0) Elevation=(-16.13 deg) Azimuth=(289.06 deg) SNR=(0.0 dB) Rangeresiduals=(0) Status=("0")

3  : pgn=129540 line=Tx 10282238 19 fa 04 03 46 31 f2 93 74 0e 00 00
source=3: pgn=GNSS Sats in View(129540): values=RangeResidualMode=("1") SatsinView=(242) PRN=(147) Elevation=(21.20 deg) Azimuth=(0.00 deg) SNR=(0.0 dB) Rangeresiduals=(0) Status=("0")

3  : pgn=129540 line=Tx 10282238 19 fa 04 03 47 00 00 f5 13 ba 02 1f
source=3: pgn=GNSS Sats in View(129540): values=RangeResidualMode=("0") SatsinView=(0) PRN=(245) Elevation=(-102.57 deg) Azimuth=(45.48 deg) SNR=(0.0 dB) Rangeresiduals=(0) Status=("0")

3  : pgn=129540 line=Tx 10282238 19 fa 04 03 48 d8 80 0c 00 00 00 00
source=3: pgn=GNSS Sats in View(129540): values=RangeResidualMode=("0") SatsinView=(128) PRN=(12) Elevation=(0.00 deg) Azimuth=(0.00 deg) SNR=(0.0 dB) Rangeresiduals=(0) Status=("0")

3  : pgn=129540 line=Tx 10282238 19 fa 04 03 49 f5 15 e8 37 5d 1f d8
source=3: pgn=GNSS Sats in View(129540): values=RangeResidualMode=("1") SatsinView=(21) PRN=(232) Elevation=(136.72 deg) Azimuth=(317.00 deg) SNR=(0.0 dB) Rangeresiduals=(0) Status=("0")

3  : pgn=129540 line=Tx 10282238 19 fa 04 03 4a 0e 00 00 00 00 f5 16
source=3: pgn=GNSS Sats in View(129540): values=RangeResidualMode=("0") SatsinView=(0) PRN=(0) Elevation=(0.00 deg) Azimuth=(33.67 deg) SNR=(0.0 dB) Rangeresiduals=(0) Status=("0")

3  : pgn=129540 line=Tx 10282239 19 fa 04 03 4b d1 15 cf 9c cc 10 00
source=3: pgn=GNSS Sats in View(129540): values=RangeResidualMode=("1") SatsinView=(21) PRN=(207) Elevation=(-75.38 deg) Azimuth=(0.09 deg) SNR=(0.0 dB) Rangeresiduals=(0) Status=("0")

3  : pgn=129540 line=Tx 10282240 19 fa 04 03 4c 00 00 00 f5 1a ae 0f
source=3: pgn=GNSS Sats in View(129540): values=RangeResidualMode=("0") SatsinView=(0) PRN=(0) Elevation=(39.54 deg) Azimuth=(23.00 deg) SNR=(0.0 dB) Rangeresiduals=(0) Status=("0")

3  : pgn=129540 line=Tx 10282242 19 fa 04 03 4d 0b 20 8c 0a 00 00 00
source=3: pgn=GNSS Sats in View(129540): values=RangeResidualMode=(None) SatsinView=(32) PRN=(140) Elevation=(0.06 deg) Azimuth=(0.00 deg) SNR=(0.0 dB) Rangeresiduals=(0) Status=("0")

3  : pgn=129540 line=Tx 10282242 19 fa 04 03 4e 00 f5 1b d1 15 ab d2
source=3: pgn=GNSS Sats in View(129540): values=RangeResidualMode=("0") SatsinView=(245) PRN=(27) Elevation=(32.00 deg) Azimuth=(309.00 deg) SNR=(0.0 dB) Rangeresiduals=(0) Status=("0")

3  : pgn=129540 line=Tx 10282243 19 fa 04 03 4f 8c 0a 00 00 00 00 f5
source=3: pgn=GNSS Sats in View(129540): values=RangeResidualMode=("0") SatsinView=(10) PRN=(0) Elevation=(0.00 deg) Azimuth=(359.36 deg) SNR=(0.0 dB) Rangeresiduals=(0) Status=("0")

3  : pgn=129540 line=Tx 10282244 19 fa 04 03 50 1d 00 0f a1 67 c4 09
source=3: pgn=GNSS Sats in View(129540): values=RangeResidualMode=("1") SatsinView=(0) PRN=(15) Elevation=(152.00 deg) Azimuth=(14.32 deg) SNR=(0.0 dB) Rangeresiduals=(0) Status=("0")

3  : pgn=129540 line=Tx 10282244 19 fa 04 03 51 00 00 00 00 f5 23 d1
source=3: pgn=GNSS Sats in View(129540): values=RangeResidualMode=("0") SatsinView=(0) PRN=(0) Elevation=(-16.13 deg) Azimuth=(306.76 deg) SNR=(0.0 dB) Rangeresiduals=(0) Status=("0")

3  : pgn=129540 line=Tx 10282245 19 fa 04 03 52 15 c3 8b 00 00 00 00
source=3: pgn=GNSS Sats in View(129540): values=RangeResidualMode=("1") SatsinView=(195) PRN=(139) Elevation=(0.00 deg) Azimuth=(0.00 deg) SNR=(0.0 dB) Rangeresiduals=(0) Status=("0")

3  : pgn=129540 line=Tx 10282246 19 fa 04 03 53 00 00 f3 30 2e 17 43
source=3: pgn=GNSS Sats in View(129540): values=RangeResidualMode=("0") SatsinView=(0) PRN=(243) Elevation=(67.75 deg) Azimuth=(98.41 deg) SNR=(0.0 dB) Rangeresiduals=(0) Status=("0")

3  : pgn=129540 line=Tx 10282247 19 fa 04 03 54 84 48 0d 00 00 00 00
source=3: pgn=GNSS Sats in View(129540): values=RangeResidualMode=("0") SatsinView=(72) PRN=(13) Elevation=(0.00 deg) Azimuth=(0.00 deg) SNR=(0.0 dB) Rangeresiduals=(0) Status=("0")

3  : pgn=129540 line=Tx 10282247 19 fa 04 03 55 f5 33 80 16 67 6c 80
source=3: pgn=GNSS Sats in View(129540): values=RangeResidualMode=("1") SatsinView=(51) PRN=(128) Elevation=(151.20 deg) Azimuth=(188.37 deg) SNR=(0.0 dB) Rangeresiduals=(0) Status=("0")

3  : pgn=129540 line=Tx 10282248 19 fa 04 03 56 0c 00 00 00 00 f5 ff
source=3: pgn=GNSS Sats in View(129540): values=RangeResidualMode=("0") SatsinView=(0) PRN=(0) Elevation=(0.00 deg) Azimuth=(375.43 deg) SNR=(0.0 dB) Rangeresiduals=(0) Status=("0")

3  : pgn=129025 line=Tx 10282249 09 f8 01 03 3f 7a 6f 1c 2f 53 fd b6
source=3: pgn=Position, Rapid Update(129025): values=Latitude=(47.7067839 deg) Longitude=(-122.4912081 deg)

3  : pgn=127258 line=Tx 10282250 19 f1 1a 03 ff f6 12 39 fa 0a ff ff
source=3: pgn=Magnetic Variation(127258): values=Source=("6") Ageofservice=(14610 d) Variation=(16.10 deg)

32 : pgn=128259 line=Rx 10282272 09 f5 03 20 59 17 01 ff ff ff ff ff
source=32: pgn=Speed(128259): values=SpeedWaterReferenced=(2.79 m/s) SpeedGroundReferenced=(None) SpeedWaterReferencedType=(None) SpeedDirection=(None)

0  : pgn=127250 line=Rx 10282295 09 f1 12 00 ff 12 40 ff 7f ff 7f fd
source=0: pgn=Vessel Heading(127250): values=Heading=(93.98 deg) Deviation=(None) Variation=(None) Reference=("1")

0  : pgn=127245 line=Rx 10282296 09 f1 0d 00 00 f8 ff 7f 00 00 ff ff
source=0: pgn=Rudder(127245): values=Instance=(0) DirectionOrder=("0") AngleOrder=(None) Position=(0.00 deg)

0  : pgn=65359  line=Rx 10282303 1c ff 4f 00 3b 9f ff ff ff 12 40 ff
source=0: pgn=Seatalk: Pilot Heading(65359): values=ManufacturerCode=(1851) IndustryCode=(4) HeadingTrue=(None) HeadingMagnetic=(93.98 deg)

3  : pgn=129026 line=Tx 10282338 09 f8 02 03 ff fc 73 44 3e 01 ff ff
source=3: pgn=COG & SOG, Rapid Update(129026): values=COGReference=("0") COG=(100.40 deg) SOG=(3.18 m/s)

3  : pgn=129025 line=Tx 10282338 09 f8 01 03 3f 7a 6f 1c 2f 53 fd b6
source=3: pgn=Position, Rapid Update(129025): values=Latitude=(47.7067839 deg) Longitude=(-122.4912081 deg)

32 : pgn=128259 line=Rx 10282374 09 f5 03 20 5a 1c 01 ff ff ff ff ff
source=32: pgn=Speed(128259): values=SpeedWaterReferenced=(2.84 m/s) SpeedGroundReferenced=(None) SpeedWaterReferencedType=(None) SpeedDirection=(None)

32 : pgn=130310 line=Rx 10282377 15 fd 06 20 a0 ff ff ff ff ff ff ff
source=32: pgn=Environmental Parameters (obsolete)(130310): values=WaterTemperature=(None) OutsideAmbientAirTemperature=(None) AtmosphericPressure=(None)

32 : pgn=128275 line=Rx 10282387 19 f5 13 20 40 0e ff ff ff ff ff ff
1  : pgn=129038 line=Rx 10282387 11 f8 0e 01 00 1b c1 9a cc e2 15 f9
source=1: pgn=AIS Class A Position Report(129038): values=MessageID=(0) RepeatIndicator=("0") UserID=(3432694043) Longitude=(0.0 deg) Latitude=(0.0 deg) PositionAccuracy=("0") RAIM=("0") TimeStamp=("0") COG=(0.00 deg) SOG=(0.0 m/s) CommunicationState=(0) AISTransceiverinformation=("0") Heading=(0.00 deg) RateofTurn=(0.00 deg/s) NavStatus=("0") SpecialManeuverIndicator=("0") Spare=(0) SequenceID=(0)

1  : pgn=129038 line=Rx 10282388 11 f8 0e 01 01 3a 10 b7 cb e5 67 1c
source=1: pgn=AIS Class A Position Report(129038): values=MessageID=(1) RepeatIndicator=("0") UserID=(3417772090) Longitude=(0.0 deg) Latitude=(0.0 deg) PositionAccuracy=("0") RAIM=("0") TimeStamp=("0") COG=(0.00 deg) SOG=(0.0 m/s) CommunicationState=(0) AISTransceiverinformation=("0") Heading=(0.00 deg) RateofTurn=(0.00 deg/s) NavStatus=("0") SpecialManeuverIndicator=("0") Spare=(0) SequenceID=(0)

1  : pgn=129038 line=Rx 10282388 11 f8 0e 01 02 70 96 2c 00 00 00 00
source=1: pgn=AIS Class A Position Report(129038): values=MessageID=(2) RepeatIndicator=("0") UserID=(2922096) Longitude=(0.0 deg) Latitude=(0.0 deg) PositionAccuracy=("0") RAIM=("0") TimeStamp=("0") COG=(0.00 deg) SOG=(0.0 m/s) CommunicationState=(0) AISTransceiverinformation=("0") Heading=(0.00 deg) RateofTurn=(0.00 deg/s) NavStatus=("0") SpecialManeuverIndicator=("0") Spare=(0) SequenceID=(0)

1  : pgn=129038 line=Rx 10282389 11 f8 0e 01 03 00 ff ff ff 7f f0 fe
source=1: pgn=AIS Class A Position Report(129038): values=MessageID=(3) RepeatIndicator=("0") UserID=(4294967040) Longitude=(0.0 deg) Latitude=(0.0 deg) PositionAccuracy=("0") RAIM=("0") TimeStamp=("0") COG=(0.00 deg) SOG=(0.0 m/s) CommunicationState=(0) AISTransceiverinformation=("0") Heading=(0.00 deg) RateofTurn=(0.00 deg/s) NavStatus=("0") SpecialManeuverIndicator=("0") Spare=(0) SequenceID=(0)

32 : pgn=128275 line=Rx 10282392 19 f5 13 20 41 67 ad 3c 00 67 ad 3c
0  : pgn=127250 line=Rx 10282394 09 f1 12 00 ff 0f 40 ff 7f ff 7f fd
source=0: pgn=Vessel Heading(127250): values=Heading=(93.96 deg) Deviation=(None) Variation=(None) Reference=("1")

0  : pgn=127245 line=Rx 10282395 09 f1 0d 00 00 f8 ff 7f 00 00 ff ff
source=0: pgn=Rudder(127245): values=Instance=(0) DirectionOrder=("0") AngleOrder=(None) Position=(0.00 deg)

32 : pgn=128275 line=Rx 10282397 19 f5 13 20 42 00 ff ff ff ff ff ff
0  : pgn=65359  line=Rx 10282400 1c ff 4f 00 3b 9f ff ff ff 0f 40 ff
source=0: pgn=Seatalk: Pilot Heading(65359): values=ManufacturerCode=(1851) IndustryCode=(4) HeadingTrue=(None) HeadingMagnetic=(93.96 deg)

4  : pgn=65384  line=Rx 10282410 1c ff 68 04 3b 9f 00 00 00 00 00 00
1  : pgn=59936  line=Rx 10282419 18 ea 20 01 00 ee 00 00 00 00 00 00
1  : pgn=129038 line=Rx 10282420 11 f8 0e 01 20 1b c1 3a 83 dc 15 05
1  : pgn=129038 line=Rx 10282420 11 f8 0e 01 21 f1 f9 b6 29 34 62 1c
1  : pgn=129038 line=Rx 10282421 11 f8 0e 01 22 75 77 ab 00 00 00 00
1  : pgn=129038 line=Rx 10282421 11 f8 0e 01 23 00 cd c9 00 00 ff fe
3  : pgn=129029 line=Tx 10282439 0d f8 05 03 00 2b 59 06 40 22 89 0a
source=3: pgn=GNSS Position Data(129029): values=Date=(22827 d) Time=(230072.3206 s) Latitude=(0.0 deg) Longitude=(0.0 deg) Altitude=(0.0 m) GNSStype=("0") Method=("0") Integrity=("0") NumberofSVs=(0) HDOP=(0.0) PDOP=(0.0) GeoidalSeparation=(0.0 m) ReferenceStations=(0) ReferenceStationType=("0") ReferenceStationID=(0) AgeofDGNSSCorrections=(0.0 s)

3  : pgn=129029 line=Tx 10282439 0d f8 05 03 01 2c 00 aa e4 c2 a8 e2
source=3: pgn=GNSS Position Data(129029): values=Date=(44 d) Time=(283134.481 s) Latitude=(0.0 deg) Longitude=(0.0 deg) Altitude=(0.0 m) GNSStype=("0") Method=("0") Integrity=("0") NumberofSVs=(0) HDOP=(0.0) PDOP=(0.0) GeoidalSeparation=(0.0 m) ReferenceStations=(0) ReferenceStationType=("0") ReferenceStationID=(0) AgeofDGNSSCorrections=(0.0 s)

3  : pgn=129029 line=Tx 10282439 0d f8 05 03 02 9e 06 00 94 18 16 07
source=3: pgn=GNSS Position Data(129029): values=Date=(1694 d) Time=(37070.9504 s) Latitude=(0.0 deg) Longitude=(0.0 deg) Altitude=(0.0 m) GNSStype=("0") Method=("0") Integrity=("0") NumberofSVs=(0) HDOP=(0.0) PDOP=(0.0) GeoidalSeparation=(0.0 m) ReferenceStations=(0) ReferenceStationType=("0") ReferenceStationID=(0) AgeofDGNSSCorrections=(0.0 s)

3  : pgn=129029 line=Tx 10282439 0d f8 05 03 03 3d 00 ef ff ff ff ff
source=3: pgn=GNSS Position Data(129029): values=Date=(61 d) Time=(429496.7279 s) Latitude=(0.0 deg) Longitude=(0.0 deg) Altitude=(0.0 m) GNSStype=("0") Method=("0") Integrity=("0") NumberofSVs=(0) HDOP=(0.0) PDOP=(0.0) GeoidalSeparation=(0.0 m) ReferenceStations=(0) ReferenceStationType=("0") ReferenceStationID=(0) AgeofDGNSSCorrections=(0.0 s)

3  : pgn=129029 line=Tx 10282439 0d f8 05 03 04 ff ff ff 7f 23 fc 09
source=3: pgn=GNSS Position Data(129029): values=Date=(None) Time=(423018.49590000004 s) Latitude=(0.0 deg) Longitude=(0.0 deg) Altitude=(0.0 m) GNSStype=("0") Method=("0") Integrity=("0") NumberofSVs=(0) HDOP=(0.0) PDOP=(0.0) GeoidalSeparation=(0.0 m) ReferenceStations=(0) ReferenceStationType=("0") ReferenceStationID=(0) AgeofDGNSSCorrections=(0.0 s)

3  : pgn=129029 line=Tx 10282439 0d f8 05 03 05 54 00 ff 7f ff ff ff
source=3: pgn=GNSS Position Data(129029): values=Date=(84 d) Time=(429493.4527 s) Latitude=(0.0 deg) Longitude=(0.0 deg) Altitude=(0.0 m) GNSStype=("0") Method=("0") Integrity=("0") NumberofSVs=(0) HDOP=(0.0) PDOP=(0.0) GeoidalSeparation=(0.0 m) ReferenceStations=(0) ReferenceStationType=("0") ReferenceStationID=(0) AgeofDGNSSCorrections=(0.0 s)

3  : pgn=129029 line=Tx 10282439 0d f8 05 03 06 7f 00 ff ff ff ff ff
source=3: pgn=GNSS Position Data(129029): values=Date=(127 d) Time=(None) Latitude=(0.0 deg) Longitude=(0.0 deg) Altitude=(0.0 m) GNSStype=("0") Method=("0") Integrity=("0") NumberofSVs=(0) HDOP=(0.0) PDOP=(0.0) GeoidalSeparation=(0.0 m) ReferenceStations=(0) ReferenceStationType=("0") ReferenceStationID=(0) AgeofDGNSSCorrections=(0.0 s)

3  : pgn=129025 line=Tx 10282439 09 f8 01 03 31 7a 6f 1c 82 53 fd b6
source=3: pgn=Position, Rapid Update(129025): values=Latitude=(47.706782499999996 deg) Longitude=(-122.49119979999999 deg)

3  : pgn=129033 line=Tx 10282439 0d f8 09 03 06 40 22 89 0a 2c 5c fe
source=3: pgn=Time & Date(129033): values=Date=(16390 d) Time=(73888.797 s) LocalOffset=(-25200.0 s)

32 : pgn=128259 line=Rx 10282472 09 f5 03 20 5b 1e 01 ff ff ff ff ff
0  : pgn=127250 line=Rx 10282494 09 f1 12 00 ff 00 40 ff 7f ff 7f fd
source=0: pgn=Vessel Heading(127250): values=Heading=(93.87 deg) Deviation=(None) Variation=(None) Reference=("1")

0  : pgn=127245 line=Rx 10282495 09 f1 0d 00 00 f8 ff 7f 00 00 ff ff
source=0: pgn=Rudder(127245): values=Instance=(0) DirectionOrder=("0") AngleOrder=(None) Position=(0.00 deg)

0  : pgn=65359  line=Rx 10282501 1c ff 4f 00 3b 9f ff ff ff 00 40 ff
source=0: pgn=Seatalk: Pilot Heading(65359): values=ManufacturerCode=(1851) IndustryCode=(4) HeadingTrue=(None) HeadingMagnetic=(93.87 deg)

3  : pgn=129026 line=Tx 10282539 09 f8 02 03 ff fc 50 44 3f 01 ff ff
source=3: pgn=COG & SOG, Rapid Update(129026): values=COGReference=("0") COG=(100.20 deg) SOG=(3.19 m/s)

3  : pgn=129025 line=Tx 10282539 09 f8 01 03 31 7a 6f 1c 82 53 fd b6
source=3: pgn=Position, Rapid Update(129025): values=Latitude=(47.706782499999996 deg) Longitude=(-122.49119979999999 deg)

3  : pgn=126992 line=Tx 10282539 0d f0 10 03 ff ff 06 40 22 89 0a 2c
source=3: pgn=System Time(126992): values=Source=(None) Date=(16390 d) Time=(73888.797 s)

32 : pgn=128259 line=Rx 10282571 09 f5 03 20 5c 23 01 ff ff ff ff ff
source=32: pgn=Speed(128259): values=SpeedWaterReferenced=(2.91 m/s) SpeedGroundReferenced=(None) SpeedWaterReferencedType=(None) SpeedDirection=(None)

0  : pgn=127250 line=Rx 10282594 09 f1 12 00 ff ea 3f ff 7f ff 7f fd
source=0: pgn=Vessel Heading(127250): values=Heading=(93.75 deg) Deviation=(None) Variation=(None) Reference=("1")

0  : pgn=127245 line=Rx 10282595 09 f1 0d 00 00 f8 ff 7f 00 00 ff ff
source=0: pgn=Rudder(127245): values=Instance=(0) DirectionOrder=("0") AngleOrder=(None) Position=(0.00 deg)

0  : pgn=65379  line=Rx 10282599 1c ff 63 00 3b 9f 00 00 00 00 01 ff
source=0: pgn=Seatalk: Pilot Mode(65379): values=ManufacturerCode=(1851) IndustryCode=(4) PilotMode=(0) SubMode=(0) PilotModeData=(0)

0  : pgn=65359  line=Rx 10282600 1c ff 4f 00 3b 9f ff ff ff ea 3f ff
source=0: pgn=Seatalk: Pilot Heading(65359): values=ManufacturerCode=(1851) IndustryCode=(4) HeadingTrue=(None) HeadingMagnetic=(93.75 deg)

0  : pgn=126975 line=Rx 10282603 1d ef ff 00 e0 0d 3b 9f f0 81 84 d6
0  : pgn=126975 line=Rx 10282605 1d ef ff 00 e1 41 07 00 00 00 02 05
3  : pgn=129025 line=Tx 10282640 09 f8 01 03 31 7a 6f 1c 82 53 fd b6
source=3: pgn=Position, Rapid Update(129025): values=Latitude=(47.706782499999996 deg) Longitude=(-122.49119979999999 deg)

32 : pgn=128259 line=Rx 10282670 09 f5 03 20 5d 29 01 ff ff ff ff ff
source=32: pgn=Speed(128259): values=SpeedWaterReferenced=(2.97 m/s) SpeedGroundReferenced=(None) SpeedWaterReferencedType=(None) SpeedDirection=(None)

0  : pgn=127250 line=Rx 10282694 09 f1 12 00 ff de 3f ff 7f ff 7f fd
source=0: pgn=Vessel Heading(127250): values=Heading=(93.68 deg) Deviation=(None) Variation=(None) Reference=("1")

0  : pgn=127245 line=Rx 10282695 09 f1 0d 00 00 f8 ff 7f 00 00 ff ff
source=0: pgn=Rudder(127245): values=Instance=(0) DirectionOrder=("0") AngleOrder=(None) Position=(0.00 deg)

0  : pgn=65359  line=Rx 10282701 1c ff 4f 00 3b 9f ff ff ff de 3f ff
source=0: pgn=Seatalk: Pilot Heading(65359): values=ManufacturerCode=(1851) IndustryCode=(4) HeadingTrue=(None) HeadingMagnetic=(93.68 deg)

0  : pgn=126975 line=Rx 10282706 1d ef ff 00 00 09 3b 9f f0 81 ae 02
0  : pgn=126975 line=Rx 10282708 1d ef ff 00 01 00 08 00 ff ff ff ff
3  : pgn=129026 line=Tx 10282740 09 f8 02 03 ff fc 3f 44 3f 01 ff ff
source=3: pgn=COG & SOG, Rapid Update(129026): values=COGReference=("0") COG=(100.10 deg) SOG=(3.19 m/s)

3  : pgn=129025 line=Tx 10282740 09 f8 01 03 24 7a 6f 1c d1 53 fd b6
source=3: pgn=Position, Rapid Update(129025): values=Latitude=(47.706781199999995 deg) Longitude=(-122.49119189999999 deg)

3  : pgn=129291 line=Tx 10282740 0d f9 0b 03 ff fc 3c 1a 37 00 ff ff
source=3: pgn=Set & Drift, Rapid Update(129291): values=SetReference=("0") Set=(38.48 deg) Drift=(0.55 m/s)

32 : pgn=128259 line=Rx 10282770 09 f5 03 20 5e 29 01 ff ff ff ff ff
source=32: pgn=Speed(128259): values=SpeedWaterReferenced=(2.97 m/s) SpeedGroundReferenced=(None) SpeedWaterReferencedType=(None) SpeedDirection=(None)

0  : pgn=127250 line=Rx 10282794 09 f1 12 00 ff c8 3f ff 7f ff 7f fd
source=0: pgn=Vessel Heading(127250): values=Heading=(93.55 deg) Deviation=(None) Variation=(None) Reference=("1")

0  : pgn=127245 line=Rx 10282795 09 f1 0d 00 00 f8 ff 7f 00 00 ff ff
source=0: pgn=Rudder(127245): values=Instance=(0) DirectionOrder=("0") AngleOrder=(None) Position=(0.00 deg)

0  : pgn=65359  line=Rx 10282801 1c ff 4f 00 3b 9f ff ff ff c8 3f ff
source=0: pgn=Seatalk: Pilot Heading(65359): values=ManufacturerCode=(1851) IndustryCode=(4) HeadingTrue=(None) HeadingMagnetic=(93.55 deg)

3  : pgn=129025 line=Tx 10282841 09 f8 01 03 24 7a 6f 1c d1 53 fd b6
source=3: pgn=Position, Rapid Update(129025): values=Latitude=(47.706781199999995 deg) Longitude=(-122.49119189999999 deg)

1  : pgn=129039 line=Rx 10282844 11 f8 0f 01 40 1a 12 70 8c e8 15 3d
1  : pgn=129039 line=Rx 10282845 11 f8 0f 01 41 f1 d0 b6 5b 43 ac 1c
1  : pgn=129039 line=Rx 10282845 11 f8 0f 01 42 73 ff ff 00 00 03 00
1  : pgn=129039 line=Rx 10282846 11 f8 0f 01 43 08 ff ff 00 fc ff ff
32 : pgn=128259 line=Rx 10282870 09 f5 03 20 5f 2b 01 ff ff ff ff ff
source=32: pgn=Speed(128259): values=SpeedWaterReferenced=(2.99 m/s) SpeedGroundReferenced=(None) SpeedWaterReferencedType=(None) SpeedDirection=(None)

1  : pgn=129038 line=Rx 10282875 11 f8 0e 01 40 1b c1 58 92 12 12 b2
1  : pgn=129038 line=Rx 10282876 11 f8 0e 01 41 45 0e b7 85 43 68 1c
1  : pgn=129038 line=Rx 10282876 11 f8 0e 01 42 70 73 17 00 00 00 00
1  : pgn=129038 line=Rx 10282877 11 f8 0e 01 43 00 ff ff ff 7f f0 fe
0  : pgn=127250 line=Rx 10282898 09 f1 12 00 ff b1 3f ff 7f ff 7f fd
source=0: pgn=Vessel Heading(127250): values=Heading=(93.42 deg) Deviation=(None) Variation=(None) Reference=("1")

0  : pgn=127245 line=Rx 10282899 09 f1 0d 00 00 f8 ff 7f 00 00 ff ff
source=0: pgn=Rudder(127245): values=Instance=(0) DirectionOrder=("0") AngleOrder=(None) Position=(0.00 deg)

0  : pgn=65359  line=Rx 10282906 1c ff 4f 00 3b 9f ff ff ff b1 3f ff
source=0: pgn=Seatalk: Pilot Heading(65359): values=ManufacturerCode=(1851) IndustryCode=(4) HeadingTrue=(None) HeadingMagnetic=(93.42 deg)

3  : pgn=129026 line=Tx 10282942 09 f8 02 03 ff fc 3f 44 3f 01 ff ff
source=3: pgn=COG & SOG, Rapid Update(129026): values=COGReference=("0") COG=(100.10 deg) SOG=(3.19 m/s)

3  : pgn=130577 line=Tx 10282942 0d fe 11 03 20 0e c0 5a 3f 44 3f 01
3  : pgn=130577 line=Tx 10282942 0d fe 11 03 21 ff ff ff ff 3c 1a 37
3  : pgn=130577 line=Tx 10282942 0d fe 11 03 22 00 ff ff ff ff ff ff
3  : pgn=129025 line=Tx 10282942 09 f8 01 03 24 7a 6f 1c d1 53 fd b6
3  : pgn=130306 line=Tx 10282942 09 fd 02 03 ff 23 03 d9 cb fa ff ff
source=3: pgn=Wind Data(130306): values=WindSpeed=(8.03 m/s) WindAngle=(299.00 deg) Reference=("2")

32 : pgn=128259 line=Rx 10282969 09 f5 03 20 60 2e 01 ff ff ff ff ff
source=32: pgn=Speed(128259): values=SpeedWaterReferenced=(3.02 m/s) SpeedGroundReferenced=(None) SpeedWaterReferencedType=(None) SpeedDirection=(None)

0  : pgn=127250 line=Rx 10282994 09 f1 12 00 ff a3 3f ff 7f ff 7f fd
source=0: pgn=Vessel Heading(127250): values=Heading=(93.34 deg) Deviation=(None) Variation=(None) Reference=("1")

0  : pgn=127245 line=Rx 10282995 09 f1 0d 00 00 f8 ff 7f 00 00 ff ff
source=0: pgn=Rudder(127245): values=Instance=(0) DirectionOrder=("0") AngleOrder=(None) Position=(0.00 deg)

1  : pgn=129038 line=Rx 10282996 11 f8 0e 01 60 1b c1 84 b4 de 15 01
1  : pgn=129038 line=Rx 10282997 11 f8 0e 01 61 35 0c b7 12 62 69 1c
1  : pgn=129038 line=Rx 10282997 11 f8 0e 01 62 70 16 13 05 00 00 00
1  : pgn=129038 line=Rx 10282998 11 f8 0e 01 63 00 ff ff ff 7f f0 fe
0  : pgn=65359  line=Rx 10283001 1c ff 4f 00 3b 9f ff ff ff a3 3f ff
source=0: pgn=Seatalk: Pilot Heading(65359): values=ManufacturerCode=(1851) IndustryCode=(4) HeadingTrue=(None) HeadingMagnetic=(93.34 deg)

3  : pgn=129283 line=Tx 10283042 0d f9 03 03 ff 7f ff ff ff 7f ff ff
source=3: pgn=Cross Track Error(129283): values=XTEmode=(None) NavigationTerminated=("1") XTE=(None)

3  : pgn=129025 line=Tx 10283042 09 f8 01 03 1e 7a 6f 1c 7b 54 fd b6
source=3: pgn=Position, Rapid Update(129025): values=Latitude=(47.706780599999995 deg) Longitude=(-122.49117489999999 deg)

3  : pgn=128267 line=Tx 10283042 0d f5 0b 03 ff b9 3b 00 00 00 00 ff
source=3: pgn=Water Depth(128267): values=Depth=(152.89000000000001 m) Offset=(0.0 m) Range=(None)

32 : pgn=128259 line=Rx 10283069 09 f5 03 20 61 29 01 ff ff ff ff ff
source=32: pgn=Speed(128259): values=SpeedWaterReferenced=(2.97 m/s) SpeedGroundReferenced=(None) SpeedWaterReferencedType=(None) SpeedDirection=(None)

4  : pgn=126975 line=Rx 10283070 1d ef ff 04 20 07 3b 9f f0 81 90 00
4  : pgn=126975 line=Rx 10283070 1d ef ff 04 21 03 ff ff ff ff ff ff
0  : pgn=127250 line=Rx 10283095 09 f1 12 00 ff 94 3f ff 7f ff 7f fd
source=0: pgn=Vessel Heading(127250): values=Heading=(93.25 deg) Deviation=(None) Variation=(None) Reference=("1")

0  : pgn=127245 line=Rx 10283096 09 f1 0d 00 00 f8 ff 7f 00 00 ff ff
source=0: pgn=Rudder(127245): values=Instance=(0) DirectionOrder=("0") AngleOrder=(None) Position=(0.00 deg)

0  : pgn=65359  line=Rx 10283102 1c ff 4f 00 3b 9f ff ff ff 94 3f ff
source=0: pgn=Seatalk: Pilot Heading(65359): values=ManufacturerCode=(1851) IndustryCode=(4) HeadingTrue=(None) HeadingMagnetic=(93.25 deg)

0  : pgn=126975 line=Rx 10283104 1d ef ff 00 20 08 3b 9f f0 81 9c d1
0  : pgn=126975 line=Rx 10283106 1d ef ff 00 21 01 00 ff ff ff ff ff
3  : pgn=129026 line=Tx 10283143 09 f8 02 03 ff fc 1c 44 40 01 ff ff
source=3: pgn=COG & SOG, Rapid Update(129026): values=COGReference=("0") COG=(99.90 deg) SOG=(3.2 m/s)

3  : pgn=129025 line=Tx 10283144 09 f8 01 03 1e 7a 6f 1c 7b 54 fd b6
source=3: pgn=Position, Rapid Update(129025): values=Latitude=(47.706780599999995 deg) Longitude=(-122.49117489999999 deg)

3  : pgn=129542 line=Tx 10283144 19 fa 06 03 20 0f 5a 86 01 00 00 00
3  : pgn=129542 line=Tx 10283144 19 fa 06 03 21 00 00 00 00 00 00 00
3  : pgn=129542 line=Tx 10283144 19 fa 06 03 22 00 00 ff ff ff ff ff
3  : pgn=65364  line=Tx 10283144 1c ff 54 03 3b 9f 23 03 d9 cb ff ff
1  : pgn=129038 line=Rx 10283148 11 f8 0e 01 80 1b c1 18 6d e7 15 cc
1  : pgn=129038 line=Rx 10283149 11 f8 0e 01 81 af 0f b7 dd f8 67 1c
1  : pgn=129038 line=Rx 10283150 11 f8 0e 01 82 70 74 0e 00 00 00 00
1  : pgn=129038 line=Rx 10283150 11 f8 0e 01 83 00 ff ff ff 7f f0 fe
32 : pgn=128259 line=Rx 10283168 09 f5 03 20 62 33 01 ff ff ff ff ff
source=32: pgn=Speed(128259): values=SpeedWaterReferenced=(3.0700000000000003 m/s) SpeedGroundReferenced=(None) SpeedWaterReferencedType=(None) SpeedDirection=(None)

0  : pgn=127250 line=Rx 10283194 09 f1 12 00 ff 8b 3f ff 7f ff 7f fd
source=0: pgn=Vessel Heading(127250): values=Heading=(93.20 deg) Deviation=(None) Variation=(None) Reference=("1")

0  : pgn=127245 line=Rx 10283194 09 f1 0d 00 00 f8 ff 7f 00 00 ff ff
source=0: pgn=Rudder(127245): values=Instance=(0) DirectionOrder=("0") AngleOrder=(None) Position=(0.00 deg)

0  : pgn=65359  line=Rx 10283199 1c ff 4f 00 3b 9f ff ff ff 8b 3f ff
source=0: pgn=Seatalk: Pilot Heading(65359): values=ManufacturerCode=(1851) IndustryCode=(4) HeadingTrue=(None) HeadingMagnetic=(93.20 deg)

1  : pgn=129794 line=Rx 10283212 19 fb 02 01 e0 4b 05 c0 72 34 16 1c
1  : pgn=129794 line=Rx 10283213 19 fb 02 01 e1 2a 8e 00 33 45 4a 4a
1  : pgn=129794 line=Rx 10283213 19 fb 02 01 e2 33 20 20 43 4f 52 41
1  : pgn=129794 line=Rx 10283214 19 fb 02 01 e3 4c 20 45 4d 45 52 41
1  : pgn=129794 line=Rx 10283214 19 fb 02 01 e4 4c 44 20 20 20 20 20
1  : pgn=129794 line=Rx 10283215 19 fb 02 01 e5 20 20 46 ca 08 40 01
1  : pgn=129794 line=Rx 10283216 19 fb 02 01 e6 ff ff ff ff 01 40 c0
1  : pgn=129794 line=Rx 10283216 19 fb 02 01 e7 e2 7b 0e 80 02 50 2e
1  : pgn=129794 line=Rx 10283217 19 fb 02 01 e8 41 4e 47 45 4c 45 53
1  : pgn=129794 line=Rx 10283217 19 fb 02 01 e9 20 20 20 20 20 20 20
1  : pgn=129794 line=Rx 10283218 19 fb 02 01 ea 20 20 20 20 04 e1 ff
1  : pgn=129038 line=Rx 10283243 11 f8 0e 01 a0 1b c1 4a 6c de 15 4e
1  : pgn=129038 line=Rx 10283244 11 f8 0e 01 a1 05 04 b7 be 0e 5a 1c
3  : pgn=129540 line=Tx 10283244 19 fa 04 03 60 9f 7c ff 0d 03 45 1b
source=3: pgn=GNSS Sats in View(129540): values=RangeResidualMode=(None) SatsinView=(124) PRN=(None) Elevation=(4.47 deg) Azimuth=(40.00 deg) SNR=(0.0 dB) Rangeresiduals=(0) Status=("0")

3  : pgn=129540 line=Tx 10283244 19 fa 04 03 61 2e 26 00 00 00 00 00
source=3: pgn=GNSS Sats in View(129540): values=RangeResidualMode=("0") SatsinView=(38) PRN=(0) Elevation=(0.00 deg) Azimuth=(0.00 deg) SNR=(0.0 dB) Rangeresiduals=(0) Status=("0")

3  : pgn=129540 line=Tx 10283244 19 fa 04 03 62 00 f3 0f ff 1d 5c 3d
source=3: pgn=GNSS Sats in View(129540): values=RangeResidualMode=("0") SatsinView=(243) PRN=(15) Elevation=(44.00 deg) Azimuth=(90.00 deg) SNR=(0.0 dB) Rangeresiduals=(0) Status=("0")

3  : pgn=129540 line=Tx 10283244 19 fa 04 03 63 f0 0a 00 00 00 00 f5
source=3: pgn=GNSS Sats in View(129540): values=RangeResidualMode=("0") SatsinView=(10) PRN=(0) Elevation=(0.00 deg) Azimuth=(359.36 deg) SNR=(0.0 dB) Rangeresiduals=(0) Status=("0")

3  : pgn=129540 line=Tx 10283244 19 fa 04 03 64 10 17 13 71 b9 10 0e
source=3: pgn=GNSS Sats in View(129540): values=RangeResidualMode=("0") SatsinView=(23) PRN=(19) Elevation=(-103.49 deg) Azimuth=(20.63 deg) SNR=(0.0 dB) Rangeresiduals=(0) Status=("0")

3  : pgn=129540 line=Tx 10283244 19 fa 04 03 65 00 00 00 00 f5 12 c5
source=3: pgn=GNSS Sats in View(129540): values=RangeResidualMode=("0") SatsinView=(0) PRN=(0) Elevation=(-16.13 deg) Azimuth=(289.06 deg) SNR=(0.0 dB) Rangeresiduals=(0) Status=("0")

3  : pgn=129540 line=Tx 10283244 19 fa 04 03 66 31 f2 93 10 0e 00 00
source=3: pgn=GNSS Sats in View(129540): values=RangeResidualMode=("1") SatsinView=(242) PRN=(147) Elevation=(20.63 deg) Azimuth=(0.00 deg) SNR=(0.0 dB) Rangeresiduals=(0) Status=("0")

3  : pgn=129540 line=Tx 10283244 19 fa 04 03 67 00 00 f5 13 ba 02 1f
source=3: pgn=GNSS Sats in View(129540): values=RangeResidualMode=("0") SatsinView=(0) PRN=(245) Elevation=(-102.57 deg) Azimuth=(45.48 deg) SNR=(0.0 dB) Rangeresiduals=(0) Status=("0")

3  : pgn=129540 line=Tx 10283244 19 fa 04 03 68 d8 f0 0a 00 00 00 00
source=3: pgn=GNSS Sats in View(129540): values=RangeResidualMode=("0") SatsinView=(240) PRN=(10) Elevation=(0.00 deg) Azimuth=(0.00 deg) SNR=(0.0 dB) Rangeresiduals=(0) Status=("0")

3  : pgn=129540 line=Tx 10283244 19 fa 04 03 69 f5 15 e8 37 5d 1f e4
source=3: pgn=GNSS Sats in View(129540): values=RangeResidualMode=("1") SatsinView=(21) PRN=(232) Elevation=(136.72 deg) Azimuth=(334.60 deg) SNR=(0.0 dB) Rangeresiduals=(0) Status=("0")

3  : pgn=129540 line=Tx 10283244 19 fa 04 03 6a 0c 00 00 00 00 f5 16
source=3: pgn=GNSS Sats in View(129540): values=RangeResidualMode=("0") SatsinView=(0) PRN=(0) Elevation=(0.00 deg) Azimuth=(33.67 deg) SNR=(0.0 dB) Rangeresiduals=(0) Status=("0")

1  : pgn=129038 line=Rx 10283244 11 f8 0e 01 a2 78 2b 9b 02 02 00 00
1  : pgn=129038 line=Rx 10283245 11 f8 0e 01 a3 00 2b 9e 00 00 ff fe
3  : pgn=129540 line=Tx 10283246 19 fa 04 03 6b d1 15 cf 9c 30 11 00
source=3: pgn=GNSS Sats in View(129540): values=RangeResidualMode=("1") SatsinView=(21) PRN=(207) Elevation=(71.30 deg) Azimuth=(0.10 deg) SNR=(0.0 dB) Rangeresiduals=(0) Status=("0")

3  : pgn=129540 line=Tx 10283246 19 fa 04 03 6c 00 00 00 f5 1a ae 0f
source=3: pgn=GNSS Sats in View(129540): values=RangeResidualMode=("0") SatsinView=(0) PRN=(0) Elevation=(39.54 deg) Azimuth=(23.00 deg) SNR=(0.0 dB) Rangeresiduals=(0) Status=("0")

3  : pgn=129540 line=Tx 10283247 19 fa 04 03 6d 0b 20 60 09 00 00 00
source=3: pgn=GNSS Sats in View(129540): values=RangeResidualMode=(None) SatsinView=(32) PRN=(96) Elevation=(0.05 deg) Azimuth=(0.00 deg) SNR=(0.0 dB) Rangeresiduals=(0) Status=("0")

3  : pgn=129540 line=Tx 10283249 19 fa 04 03 6e 00 f5 1b d1 15 ab d2
source=3: pgn=GNSS Sats in View(129540): values=RangeResidualMode=("0") SatsinView=(245) PRN=(27) Elevation=(32.00 deg) Azimuth=(309.00 deg) SNR=(0.0 dB) Rangeresiduals=(0) Status=("0")

3  : pgn=129540 line=Tx 10283250 19 fa 04 03 6f ac 0d 00 00 00 00 f5
source=3: pgn=GNSS Sats in View(129540): values=RangeResidualMode=("0") SatsinView=(13) PRN=(0) Elevation=(0.00 deg) Azimuth=(359.36 deg) SNR=(0.0 dB) Rangeresiduals=(0) Status=("0")

3  : pgn=129540 line=Tx 10283250 19 fa 04 03 70 1d 00 0f a1 67 e4 0c
source=3: pgn=GNSS Sats in View(129540): values=RangeResidualMode=("1") SatsinView=(0) PRN=(15) Elevation=(152.00 deg) Azimuth=(18.91 deg) SNR=(0.0 dB) Rangeresiduals=(0) Status=("0")

3  : pgn=129540 line=Tx 10283251 19 fa 04 03 71 00 00 00 00 f5 23 d1
source=3: pgn=GNSS Sats in View(129540): values=RangeResidualMode=("0") SatsinView=(0) PRN=(0) Elevation=(-16.13 deg) Azimuth=(306.76 deg) SNR=(0.0 dB) Rangeresiduals=(0) Status=("0")

3  : pgn=129540 line=Tx 10283252 19 fa 04 03 72 15 c3 8b 00 00 00 00
source=3: pgn=GNSS Sats in View(129540): values=RangeResidualMode=("1") SatsinView=(195) PRN=(139) Elevation=(0.00 deg) Azimuth=(0.00 deg) SNR=(0.0 dB) Rangeresiduals=(0) Status=("0")

3  : pgn=129540 line=Tx 10283252 19 fa 04 03 73 00 00 f3 30 2e 17 43
source=3: pgn=GNSS Sats in View(129540): values=RangeResidualMode=("0") SatsinView=(0) PRN=(243) Elevation=(67.75 deg) Azimuth=(98.41 deg) SNR=(0.0 dB) Rangeresiduals=(0) Status=("0")

3  : pgn=129540 line=Tx 10283253 19 fa 04 03 74 84 d8 0e 00 00 00 00
source=3: pgn=GNSS Sats in View(129540): values=RangeResidualMode=("0") SatsinView=(216) PRN=(14) Elevation=(0.00 deg) Azimuth=(0.00 deg) SNR=(0.0 dB) Rangeresiduals=(0) Status=("0")

3  : pgn=129540 line=Tx 10283255 19 fa 04 03 75 f5 33 80 16 67 6c e4
source=3: pgn=GNSS Sats in View(129540): values=RangeResidualMode=("1") SatsinView=(51) PRN=(128) Elevation=(151.20 deg) Azimuth=(335.04 deg) SNR=(0.0 dB) Rangeresiduals=(0) Status=("0")

3  : pgn=129540 line=Tx 10283255 19 fa 04 03 76 0c 00 00 00 00 f5 ff
source=3: pgn=GNSS Sats in View(129540): values=RangeResidualMode=("0") SatsinView=(0) PRN=(0) Elevation=(0.00 deg) Azimuth=(375.43 deg) SNR=(0.0 dB) Rangeresiduals=(0) Status=("0")

3  : pgn=129025 line=Tx 10283256 09 f8 01 03 00 7a 6f 1c b2 54 fd b6
source=3: pgn=Position, Rapid Update(129025): values=Latitude=(47.706777599999995 deg) Longitude=(-122.49116939999999 deg)

3  : pgn=127258 line=Tx 10283257 19 f1 1a 03 ff f6 12 39 fa 0a ff ff
source=3: pgn=Magnetic Variation(127258): values=Source=("6") Ageofservice=(14610 d) Variation=(16.10 deg)

32 : pgn=128259 line=Rx 10283268 09 f5 03 20 63 2f 01 ff ff ff ff ff
source=32: pgn=Speed(128259): values=SpeedWaterReferenced=(3.0300000000000002 m/s) SpeedGroundReferenced=(None) SpeedWaterReferencedType=(None) SpeedDirection=(None)

1  : pgn=129038 line=Rx 10283273 11 f8 0e 01 c0 1b c1 c6 60 e6 15 c8
1  : pgn=129038 line=Rx 10283274 11 f8 0e 01 c1 74 0d b7 39 9d 68 1c
1  : pgn=129038 line=Rx 10283275 11 f8 0e 01 c2 76 08 bc 00 00 00 00
1  : pgn=129038 line=Rx 10283275 11 f8 0e 01 c3 00 22 15 00 00 f0 fe
0  : pgn=127250 line=Rx 10283298 09 f1 12 00 ff 75 3f ff 7f ff 7f fd
source=0: pgn=Vessel Heading(127250): values=Heading=(93.08 deg) Deviation=(None) Variation=(None) Reference=("1")

0  : pgn=127245 line=Rx 10283299 09 f1 0d 00 00 f8 ff 7f 00 00 ff ff
source=0: pgn=Rudder(127245): values=Instance=(0) DirectionOrder=("0") AngleOrder=(None) Position=(0.00 deg)

0  : pgn=65359  line=Rx 10283306 1c ff 4f 00 3b 9f ff ff ff 75 3f ff
source=0: pgn=Seatalk: Pilot Heading(65359): values=ManufacturerCode=(1851) IndustryCode=(4) HeadingTrue=(None) HeadingMagnetic=(93.08 deg)

3  : pgn=129026 line=Tx 10283345 09 f8 02 03 ff fc e7 43 40 01 ff ff
source=3: pgn=COG & SOG, Rapid Update(129026): values=COGReference=("0") COG=(99.60 deg) SOG=(3.2 m/s)

3  : pgn=129025 line=Tx 10283345 09 f8 01 03 00 7a 6f 1c b2 54 fd b6
source=3: pgn=Position, Rapid Update(129025): values=Latitude=(47.706777599999995 deg) Longitude=(-122.49116939999999 deg)

32 : pgn=128259 line=Rx 10283369 09 f5 03 20 64 2b 01 ff ff ff ff ff
source=32: pgn=Speed(128259): values=SpeedWaterReferenced=(2.99 m/s) SpeedGroundReferenced=(None) SpeedWaterReferencedType=(None) SpeedDirection=(None)

32 : pgn=130310 line=Rx 10283372 15 fd 06 20 a1 ff ff ff ff ff ff ff
source=32: pgn=Environmental Parameters (obsolete)(130310): values=WaterTemperature=(None) OutsideAmbientAirTemperature=(None) AtmosphericPressure=(None)

32 : pgn=128275 line=Rx 10283382 19 f5 13 20 60 0e ff ff ff ff ff ff
32 : pgn=128275 line=Rx 10283387 19 f5 13 20 61 67 ad 3c 00 67 ad 3c
32 : pgn=128275 line=Rx 10283392 19 f5 13 20 62 00 ff ff ff ff ff ff
0  : pgn=127250 line=Rx 10283396 09 f1 12 00 ff 62 3f ff 7f ff 7f fd
source=0: pgn=Vessel Heading(127250): values=Heading=(92.97 deg) Deviation=(None) Variation=(None) Reference=("1")

0  : pgn=127245 line=Rx 10283396 09 f1 0d 00 00 f8 ff 7f 00 00 ff ff
source=0: pgn=Rudder(127245): values=Instance=(0) DirectionOrder=("0") AngleOrder=(None) Position=(0.00 deg)

0  : pgn=65359  line=Rx 10283401 1c ff 4f 00 3b 9f ff ff ff 62 3f ff
source=0: pgn=Seatalk: Pilot Heading(65359): values=ManufacturerCode=(1851) IndustryCode=(4) HeadingTrue=(None) HeadingMagnetic=(92.97 deg)

4  : pgn=65384  line=Rx 10283410 1c ff 68 04 3b 9f 00 00 00 00 00 00
1  : pgn=59936  line=Rx 10283426 18 ea 20 01 00 ee 00 00 00 00 00 00
1  : pgn=129041 line=Rx 10283427 11 f8 11 01 20 30 15 76 89 3a 3b ed
1  : pgn=129041 line=Rx 10283427 11 f8 11 01 21 61 e3 b6 67 78 ad 1c
1  : pgn=129041 line=Rx 10283428 11 f8 11 01 22 f4 00 00 00 00 00 00
1  : pgn=129041 line=Rx 10283428 11 f8 11 01 23 ff ff 52 ee ff e1 16
1  : pgn=129041 line=Rx 10283429 11 f8 11 01 24 01 50 53 20 54 53 4c
1  : pgn=129041 line=Rx 10283429 11 f8 11 01 25 20 53 42 20 20 20 20
1  : pgn=129041 line=Rx 10283430 11 f8 11 01 26 20 20 20 20 20 20 20
3  : pgn=129029 line=Tx 10283445 0d f8 05 03 20 2b 5a 06 40 ce a5 0a
3  : pgn=129029 line=Tx 10283445 0d f8 05 03 21 2c 00 00 44 5a 9d e2
3  : pgn=129029 line=Tx 10283445 0d f8 05 03 22 9e 06 00 74 e8 dd 4d
3  : pgn=129029 line=Tx 10283445 0d f8 05 03 23 3d 00 ef ff ff ff ff
3  : pgn=129029 line=Tx 10283445 0d f8 05 03 24 ff ff ff 7f 23 fc 09
3  : pgn=129029 line=Tx 10283445 0d f8 05 03 25 54 00 ff 7f ff ff ff
3  : pgn=129029 line=Tx 10283445 0d f8 05 03 26 7f 00 ff ff ff ff ff
3  : pgn=129025 line=Tx 10283445 09 f8 01 03 00 7a 6f 1c b2 54 fd b6
source=3: pgn=Position, Rapid Update(129025): values=Latitude=(47.706777599999995 deg) Longitude=(-122.49116939999999 deg)

3  : pgn=129033 line=Tx 10283445 0d f8 09 03 06 40 ce a5 0a 2c 5c fe
source=3: pgn=Time & Date(129033): values=Date=(16390 d) Time=(73889.531 s) LocalOffset=(-25200.0 s)

32 : pgn=128259 line=Rx 10283467 09 f5 03 20 65 2d 01 ff ff ff ff ff
1  : pgn=129038 line=Rx 10283489 11 f8 0e 01 e0 1b c1 0e 29 e0 15 49
1  : pgn=129038 line=Rx 10283489 11 f8 0e 01 e1 bf 0c b7 af 5f 69 1c
1  : pgn=129038 line=Rx 10283490 11 f8 0e 01 e2 68 42 c0 00 00 01 00
1  : pgn=129038 line=Rx 10283491 11 f8 0e 01 e3 08 ff ff ff 7f f0 fe
0  : pgn=127250 line=Rx 10283496 09 f1 12 00 ff 51 3f ff 7f ff 7f fd
source=0: pgn=Vessel Heading(127250): values=Heading=(92.87 deg) Deviation=(None) Variation=(None) Reference=("1")

0  : pgn=127245 line=Rx 10283497 09 f1 0d 00 00 f8 ff 7f 00 00 ff ff
source=0: pgn=Rudder(127245): values=Instance=(0) DirectionOrder=("0") AngleOrder=(None) Position=(0.00 deg)

0  : pgn=65359  line=Rx 10283503 1c ff 4f 00 3b 9f ff ff ff 51 3f ff
source=0: pgn=Seatalk: Pilot Heading(65359): values=ManufacturerCode=(1851) IndustryCode=(4) HeadingTrue=(None) HeadingMagnetic=(92.87 deg)

1  : pgn=129038 line=Rx 10283520 11 f8 0e 01 00 1b c1 d0 57 e0 15 df
1  : pgn=129038 line=Rx 10283521 11 f8 0e 01 01 76 0e b7 16 b9 67 1c
1  : pgn=129038 line=Rx 10283521 11 f8 0e 01 02 74 85 0e 00 00 00 00
source=1: pgn=AIS Class A Position Report(129038): values=MessageID=(2) RepeatIndicator=("0") UserID=(951668) Longitude=(0.0 deg) Latitude=(0.0 deg) PositionAccuracy=("0") RAIM=("0") TimeStamp=("0") COG=(0.00 deg) SOG=(0.0 m/s) CommunicationState=(0) AISTransceiverinformation=("0") Heading=(0.00 deg) RateofTurn=(0.00 deg/s) NavStatus=("0") SpecialManeuverIndicator=("0") Spare=(0) SequenceID=(0)

1  : pgn=129038 line=Rx 10283522 11 f8 0e 01 03 00 ff ff ff 7f f0 fe
source=1: pgn=AIS Class A Position Report(129038): values=MessageID=(3) RepeatIndicator=("0") UserID=(4294967040) Longitude=(0.0 deg) Latitude=(0.0 deg) PositionAccuracy=("0") RAIM=("0") TimeStamp=("0") COG=(0.00 deg) SOG=(0.0 m/s) CommunicationState=(0) AISTransceiverinformation=("0") Heading=(0.00 deg) RateofTurn=(0.00 deg/s) NavStatus=("0") SpecialManeuverIndicator=("0") Spare=(0) SequenceID=(0)

3  : pgn=129026 line=Tx 10283546 09 f8 02 03 ff fc f9 43 40 01 ff ff
source=3: pgn=COG & SOG, Rapid Update(129026): values=COGReference=("0") COG=(99.70 deg) SOG=(3.2 m/s)

3  : pgn=129025 line=Tx 10283546 09 f8 01 03 d0 79 6f 1c 58 55 fd b6
source=3: pgn=Position, Rapid Update(129025): values=Latitude=(47.706772799999996 deg) Longitude=(-122.4911528 deg)

3  : pgn=126992 line=Tx 10283546 0d f0 10 03 ff ff 06 40 20 b8 0a 2c
source=3: pgn=System Time(126992): values=Source=(None) Date=(16390 d) Time=(73890.0 s)

32 : pgn=128259 line=Rx 10283567 09 f5 03 20 66 1f 01 ff ff ff ff ff
source=32: pgn=Speed(128259): values=SpeedWaterReferenced=(2.87 m/s) SpeedGroundReferenced=(None) SpeedWaterReferencedType=(None) SpeedDirection=(None)

0  : pgn=127250 line=Rx 10283594 09 f1 12 00 ff 32 3f ff 7f ff 7f fd
source=0: pgn=Vessel Heading(127250): values=Heading=(92.69 deg) Deviation=(None) Variation=(None) Reference=("1")

0  : pgn=127245 line=Rx 10283595 09 f1 0d 00 00 f8 ff 7f 00 00 ff ff
source=0: pgn=Rudder(127245): values=Instance=(0) DirectionOrder=("0") AngleOrder=(None) Position=(0.00 deg)

0  : pgn=65379  line=Rx 10283599 1c ff 63 00 3b 9f 00 00 00 00 01 ff
source=0: pgn=Seatalk: Pilot Mode(65379): values=ManufacturerCode=(1851) IndustryCode=(4) PilotMode=(0) SubMode=(0) PilotModeData=(0)

0  : pgn=65359  line=Rx 10283600 1c ff 4f 00 3b 9f ff ff ff 32 3f ff
source=0: pgn=Seatalk: Pilot Heading(65359): values=ManufacturerCode=(1851) IndustryCode=(4) HeadingTrue=(None) HeadingMagnetic=(92.69 deg)

0  : pgn=126975 line=Rx 10283603 1d ef ff 00 40 0d 3b 9f f0 81 84 56
0  : pgn=126975 line=Rx 10283605 1d ef ff 00 41 41 05 00 00 00 02 05
1  : pgn=129038 line=Rx 10283613 11 f8 0e 01 20 1b c1 0e 93 df 15 e0
1  : pgn=129038 line=Rx 10283613 11 f8 0e 01 21 76 11 b7 85 a1 5b 1c
1  : pgn=129038 line=Rx 10283614 11 f8 0e 01 22 77 70 ec 58 01 00 00
1  : pgn=129038 line=Rx 10283614 11 f8 0e 01 23 00 ff ff ff 7f f0 fe
3  : pgn=129025 line=Tx 10283647 09 f8 01 03 d0 79 6f 1c 58 55 fd b6
source=3: pgn=Position, Rapid Update(129025): values=Latitude=(47.706772799999996 deg) Longitude=(-122.4911528 deg)

32 : pgn=128259 line=Rx 10283666 09 f5 03 20 67 1d 01 ff ff ff ff ff
source=32: pgn=Speed(128259): values=SpeedWaterReferenced=(2.85 m/s) SpeedGroundReferenced=(None) SpeedWaterReferencedType=(None) SpeedDirection=(None)

0  : pgn=127250 line=Rx 10283694 09 f1 12 00 ff 1f 3f ff 7f ff 7f fd
source=0: pgn=Vessel Heading(127250): values=Heading=(92.58 deg) Deviation=(None) Variation=(None) Reference=("1")

0  : pgn=127245 line=Rx 10283695 09 f1 0d 00 00 f8 ff 7f 00 00 ff ff
source=0: pgn=Rudder(127245): values=Instance=(0) DirectionOrder=("0") AngleOrder=(None) Position=(0.00 deg)

0  : pgn=65359  line=Rx 10283701 1c ff 4f 00 3b 9f ff ff ff 1f 3f ff
source=0: pgn=Seatalk: Pilot Heading(65359): values=ManufacturerCode=(1851) IndustryCode=(4) HeadingTrue=(None) HeadingMagnetic=(92.58 deg)

1  : pgn=129038 line=Rx 10283703 11 f8 0e 01 40 1b c1 38 45 e0 15 50
1  : pgn=129038 line=Rx 10283704 11 f8 0e 01 41 bc 0f b7 0e f3 67 1c
1  : pgn=129038 line=Rx 10283704 11 f8 0e 01 42 74 6e 0d 00 00 00 00
1  : pgn=129038 line=Rx 10283705 11 f8 0e 01 43 00 ff ff ff 7f f0 fe
0  : pgn=126975 line=Rx 10283713 1d ef ff 00 60 09 3b 9f f0 81 ae 02
0  : pgn=126975 line=Rx 10283715 1d ef ff 00 61 00 08 00 ff ff ff ff
3  : pgn=129026 line=Tx 10283748 09 f8 02 03 ff fc f9 43 40 01 ff ff
source=3: pgn=COG & SOG, Rapid Update(129026): values=COGReference=("0") COG=(99.70 deg) SOG=(3.2 m/s)

3  : pgn=129025 line=Tx 10283748 09 f8 01 03 d0 79 6f 1c 58 55 fd b6
source=3: pgn=Position, Rapid Update(129025): values=Latitude=(47.706772799999996 deg) Longitude=(-122.4911528 deg)

3  : pgn=129291 line=Tx 10283748 0d f9 0b 03 ff fc 81 22 3a 00 ff ff
source=3: pgn=Set & Drift, Rapid Update(129291): values=SetReference=("0") Set=(50.61 deg) Drift=(0.58 m/s)

32 : pgn=128259 line=Rx 10283765 09 f5 03 20 68 1c 01 ff ff ff ff ff
source=32: pgn=Speed(128259): values=SpeedWaterReferenced=(2.84 m/s) SpeedGroundReferenced=(None) SpeedWaterReferencedType=(None) SpeedDirection=(None)

0  : pgn=127250 line=Rx 10283793 09 f1 12 00 ff dc 3e ff 7f ff 7f fd
source=0: pgn=Vessel Heading(127250): values=Heading=(92.20 deg) Deviation=(None) Variation=(None) Reference=("1")

0  : pgn=127245 line=Rx 10283794 09 f1 0d 00 00 f8 ff 7f 00 00 ff ff
source=0: pgn=Rudder(127245): values=Instance=(0) DirectionOrder=("0") AngleOrder=(None) Position=(0.00 deg)

0  : pgn=65359  line=Rx 10283800 1c ff 4f 00 3b 9f ff ff ff dc 3e ff
source=0: pgn=Seatalk: Pilot Heading(65359): values=ManufacturerCode=(1851) IndustryCode=(4) HeadingTrue=(None) HeadingMagnetic=(92.20 deg)

1  : pgn=129038 line=Rx 10283824 11 f8 0e 01 60 1b c1 70 80 32 14 e1
1  : pgn=129038 line=Rx 10283824 11 f8 0e 01 61 1c 14 b7 71 e8 57 1c
1  : pgn=129038 line=Rx 10283825 11 f8 0e 01 62 7c 4e b3 00 00 00 00
1  : pgn=129038 line=Rx 10283826 11 f8 0e 01 63 00 15 6d 00 00 f0 fe
3  : pgn=129025 line=Tx 10283848 09 f8 01 03 bf 79 6f 1c af 55 fd b6
source=3: pgn=Position, Rapid Update(129025): values=Latitude=(47.7067711 deg) Longitude=(-122.4911441 deg)

32 : pgn=128259 line=Rx 10283865 09 f5 03 20 69 1c 01 ff ff ff ff ff
source=32: pgn=Speed(128259): values=SpeedWaterReferenced=(2.84 m/s) SpeedGroundReferenced=(None) SpeedWaterReferencedType=(None) SpeedDirection=(None)

0  : pgn=127250 line=Rx 10283893 09 f1 12 00 ff a0 3e ff 7f ff 7f fd
source=0: pgn=Vessel Heading(127250): values=Heading=(91.86 deg) Deviation=(None) Variation=(None) Reference=("1")

0  : pgn=127245 line=Rx 10283894 09 f1 0d 00 00 f8 ff 7f 00 00 ff ff
source=0: pgn=Rudder(127245): values=Instance=(0) DirectionOrder=("0") AngleOrder=(None) Position=(0.00 deg)

0  : pgn=65359  line=Rx 10283901 1c ff 4f 00 3b 9f ff ff ff a0 3e ff
source=0: pgn=Seatalk: Pilot Heading(65359): values=ManufacturerCode=(1851) IndustryCode=(4) HeadingTrue=(None) HeadingMagnetic=(91.86 deg)

1  : pgn=129041 line=Rx 10283917 11 f8 11 01 40 30 15 76 89 3a 3b ed
1  : pgn=129041 line=Rx 10283918 11 f8 11 01 41 61 e3 b6 67 78 ad 1c
1  : pgn=129041 line=Rx 10283918 11 f8 11 01 42 f4 00 00 00 00 00 00
1  : pgn=129041 line=Rx 10283919 11 f8 11 01 43 ff ff 52 ee ff e0 16
1  : pgn=129041 line=Rx 10283919 11 f8 11 01 44 01 50 53 20 54 53 4c
1  : pgn=129041 line=Rx 10283920 11 f8 11 01 45 20 53 42 20 20 20 20
1  : pgn=129041 line=Rx 10283920 11 f8 11 01 46 20 20 20 20 20 20 20
1  : pgn=129038 line=Rx 10283922 11 f8 0e 01 80 1b c1 18 97 f4 15 e7
1  : pgn=129038 line=Rx 10283922 11 f8 0e 01 81 81 10 b7 e3 7c 67 1c
1  : pgn=129038 line=Rx 10283922 11 f8 0e 01 82 77 7c a9 00 00 00 00
1  : pgn=129038 line=Rx 10283923 11 f8 0e 01 83 00 ff ff ff 7f f0 fe
3  : pgn=129026 line=Tx 10283948 09 f8 02 03 ff fc 0a 44 41 01 ff ff
source=3: pgn=COG & SOG, Rapid Update(129026): values=COGReference=("0") COG=(99.80 deg) SOG=(3.21 m/s)

3  : pgn=130577 line=Tx 10283948 0d fe 11 03 40 0e c0 5b 0a 44 41 01
3  : pgn=130577 line=Tx 10283948 0d fe 11 03 41 ff ff ff ff 81 22 3a
3  : pgn=130577 line=Tx 10283948 0d fe 11 03 42 00 ff ff ff ff ff ff
3  : pgn=129025 line=Tx 10283948 09 f8 01 03 bf 79 6f 1c af 55 fd b6
3  : pgn=130306 line=Tx 10283948 09 fd 02 03 ff 23 03 d9 cb fa ff ff
source=3: pgn=Wind Data(130306): values=WindSpeed=(8.03 m/s) WindAngle=(299.00 deg) Reference=("2")

32 : pgn=128259 line=Rx 10283964 09 f5 03 20 6a 1f 01 ff ff ff ff ff
source=32: pgn=Speed(128259): values=SpeedWaterReferenced=(2.87 m/s) SpeedGroundReferenced=(None) SpeedWaterReferencedType=(None) SpeedDirection=(None)

0  : pgn=127250 line=Rx 10283993 09 f1 12 00 ff 76 3e ff 7f ff 7f fd
source=0: pgn=Vessel Heading(127250): values=Heading=(91.62 deg) Deviation=(None) Variation=(None) Reference=("1")

0  : pgn=127245 line=Rx 10283994 09 f1 0d 00 00 f8 ff 7f 00 00 ff ff
source=0: pgn=Rudder(127245): values=Instance=(0) DirectionOrder=("0") AngleOrder=(None) Position=(0.00 deg)

0  : pgn=65359  line=Rx 10283998 1c ff 4f 00 3b 9f ff ff ff 76 3e ff
source=0: pgn=Seatalk: Pilot Heading(65359): values=ManufacturerCode=(1851) IndustryCode=(4) HeadingTrue=(None) HeadingMagnetic=(91.62 deg)

1  : pgn=129793 line=Rx 10284009 1d fb 01 01 20 1a 04 a2 fc 37 00 75
1  : pgn=129793 line=Rx 10284010 1d fb 01 01 21 12 19 b7 a1 8b 61 1c
1  : pgn=129793 line=Rx 10284010 1d fb 01 01 22 ff 10 91 0a 2c 00 00
1  : pgn=129793 line=Rx 10284011 1d fb 01 01 23 00 06 40 ff 00 fc ff
3  : pgn=129283 line=Tx 10284049 0d f9 03 03 ff 7f ff ff ff 7f ff ff
source=3: pgn=Cross Track Error(129283): values=XTEmode=(None) NavigationTerminated=("1") XTE=(None)

3  : pgn=129025 line=Tx 10284049 09 f8 01 03 ad 79 6f 1c 06 56 fd b6
source=3: pgn=Position, Rapid Update(129025): values=Latitude=(47.7067693 deg) Longitude=(-122.49113539999999 deg)

3  : pgn=128267 line=Tx 10284049 0d f5 0b 03 ff c5 3b 00 00 00 00 ff
source=3: pgn=Water Depth(128267): values=Depth=(153.01 m) Offset=(0.0 m) Range=(None)

32 : pgn=128259 line=Rx 10284064 09 f5 03 20 6b 21 01 ff ff ff ff ff
source=32: pgn=Speed(128259): values=SpeedWaterReferenced=(2.89 m/s) SpeedGroundReferenced=(None) SpeedWaterReferencedType=(None) SpeedDirection=(None)

0  : pgn=127250 line=Rx 10284093 09 f1 12 00 ff 1e 3e ff 7f ff 7f fd
source=0: pgn=Vessel Heading(127250): values=Heading=(91.11 deg) Deviation=(None) Variation=(None) Reference=("1")

0  : pgn=127245 line=Rx 10284094 09 f1 0d 00 00 f8 ff 7f 00 00 ff ff
source=0: pgn=Rudder(127245): values=Instance=(0) DirectionOrder=("0") AngleOrder=(None) Position=(0.00 deg)

0  : pgn=65359  line=Rx 10284101 1c ff 4f 00 3b 9f ff ff ff 1e 3e ff
source=0: pgn=Seatalk: Pilot Heading(65359): values=ManufacturerCode=(1851) IndustryCode=(4) HeadingTrue=(None) HeadingMagnetic=(91.11 deg)

0  : pgn=126975 line=Rx 10284103 1d ef ff 00 80 08 3b 9f f0 81 9c 91
0  : pgn=126975 line=Rx 10284105 1d ef ff 00 81 00 00 ff ff ff ff ff
1  : pgn=129038 line=Rx 10284131 11 f8 0e 01 a0 1b c3 82 a6 df 15 bc
1  : pgn=129038 line=Rx 10284132 11 f8 0e 01 a1 7d 13 b7 e5 87 5d 1c
1  : pgn=129038 line=Rx 10284132 11 f8 0e 01 a2 78 3c b9 00 00 00 00
1  : pgn=129038 line=Rx 10284133 11 f8 0e 01 a3 00 d8 e9 00 00 f5 fe
3  : pgn=129026 line=Tx 10284153 09 f8 02 03 ff fc 1c 44 43 01 ff ff
source=3: pgn=COG & SOG, Rapid Update(129026): values=COGReference=("0") COG=(99.90 deg) SOG=(3.23 m/s)

3  : pgn=129025 line=Tx 10284153 09 f8 01 03 ad 79 6f 1c 06 56 fd b6
source=3: pgn=Position, Rapid Update(129025): values=Latitude=(47.7067693 deg) Longitude=(-122.49113539999999 deg)

3  : pgn=129542 line=Tx 10284153 19 fa 06 03 40 0f 5b 80 01 00 00 00
3  : pgn=129542 line=Tx 10284153 19 fa 06 03 41 00 00 00 00 00 00 00
3  : pgn=129542 line=Tx 10284153 19 fa 06 03 42 00 00 ff ff ff ff ff
3  : pgn=65364  line=Tx 10284153 1c ff 54 03 3b 9f 37 03 42 cf ff ff
32 : pgn=128259 line=Rx 10284163 09 f5 03 20 6c 26 01 ff ff ff ff ff
source=32: pgn=Speed(128259): values=SpeedWaterReferenced=(2.94 m/s) SpeedGroundReferenced=(None) SpeedWaterReferencedType=(None) SpeedDirection=(None)

0  : pgn=127250 line=Rx 10284195 09 f1 12 00 ff ff 3d ff 7f ff 7f fd
source=0: pgn=Vessel Heading(127250): values=Heading=(90.93 deg) Deviation=(None) Variation=(None) Reference=("1")

0  : pgn=127245 line=Rx 10284195 09 f1 0d 00 00 f8 ff 7f 00 00 ff ff
source=0: pgn=Rudder(127245): values=Instance=(0) DirectionOrder=("0") AngleOrder=(None) Position=(0.00 deg)

0  : pgn=65359  line=Rx 10284200 1c ff 4f 00 3b 9f ff ff ff ff 3d ff
source=0: pgn=Seatalk: Pilot Heading(65359): values=ManufacturerCode=(1851) IndustryCode=(4) HeadingTrue=(None) HeadingMagnetic=(90.93 deg)

3  : pgn=129540 line=Tx 10284253 19 fa 04 03 80 9f 7d ff 0d 03 45 1b
source=3: pgn=GNSS Sats in View(129540): values=RangeResidualMode=(None) SatsinView=(125) PRN=(None) Elevation=(4.47 deg) Azimuth=(40.00 deg) SNR=(0.0 dB) Rangeresiduals=(0) Status=("0")

3  : pgn=129540 line=Tx 10284253 19 fa 04 03 81 2e 26 00 00 00 00 00
source=3: pgn=GNSS Sats in View(129540): values=RangeResidualMode=("0") SatsinView=(38) PRN=(0) Elevation=(0.00 deg) Azimuth=(0.00 deg) SNR=(0.0 dB) Rangeresiduals=(0) Status=("0")

3  : pgn=129540 line=Tx 10284253 19 fa 04 03 82 00 f3 0f ff 1d 5c 3d
source=3: pgn=GNSS Sats in View(129540): values=RangeResidualMode=("0") SatsinView=(243) PRN=(15) Elevation=(44.00 deg) Azimuth=(90.00 deg) SNR=(0.0 dB) Rangeresiduals=(0) Status=("0")

3  : pgn=129540 line=Tx 10284253 19 fa 04 03 83 f0 0a 00 00 00 00 f5
source=3: pgn=GNSS Sats in View(129540): values=RangeResidualMode=("0") SatsinView=(10) PRN=(0) Elevation=(0.00 deg) Azimuth=(359.36 deg) SNR=(0.0 dB) Rangeresiduals=(0) Status=("0")

3  : pgn=129540 line=Tx 10284253 19 fa 04 03 84 10 17 13 71 b9 10 0e
source=3: pgn=GNSS Sats in View(129540): values=RangeResidualMode=("0") SatsinView=(23) PRN=(19) Elevation=(-103.49 deg) Azimuth=(20.63 deg) SNR=(0.0 dB) Rangeresiduals=(0) Status=("0")

3  : pgn=129540 line=Tx 10284253 19 fa 04 03 85 00 00 00 00 f5 12 c5
source=3: pgn=GNSS Sats in View(129540): values=RangeResidualMode=("0") SatsinView=(0) PRN=(0) Elevation=(-16.13 deg) Azimuth=(289.06 deg) SNR=(0.0 dB) Rangeresiduals=(0) Status=("0")

3  : pgn=129540 line=Tx 10284253 19 fa 04 03 86 31 f2 93 10 0e 00 00
source=3: pgn=GNSS Sats in View(129540): values=RangeResidualMode=("1") SatsinView=(242) PRN=(147) Elevation=(20.63 deg) Azimuth=(0.00 deg) SNR=(0.0 dB) Rangeresiduals=(0) Status=("0")

1  : pgn=129038 line=Rx 10284253 11 f8 0e 01 c0 1b c3 0e 28 dc 15 67
3  : pgn=129540 line=Tx 10284253 19 fa 04 03 87 00 00 f5 13 ba 02 1f
source=3: pgn=GNSS Sats in View(129540): values=RangeResidualMode=("0") SatsinView=(0) PRN=(245) Elevation=(-102.57 deg) Azimuth=(45.48 deg) SNR=(0.0 dB) Rangeresiduals=(0) Status=("0")

3  : pgn=129540 line=Tx 10284253 19 fa 04 03 88 d8 f0 0a 00 00 00 00
source=3: pgn=GNSS Sats in View(129540): values=RangeResidualMode=("0") SatsinView=(240) PRN=(10) Elevation=(0.00 deg) Azimuth=(0.00 deg) SNR=(0.0 dB) Rangeresiduals=(0) Status=("0")

3  : pgn=129540 line=Tx 10284253 19 fa 04 03 89 f5 15 e8 37 5d 1f e4
source=3: pgn=GNSS Sats in View(129540): values=RangeResidualMode=("1") SatsinView=(21) PRN=(232) Elevation=(136.72 deg) Azimuth=(334.60 deg) SNR=(0.0 dB) Rangeresiduals=(0) Status=("0")

3  : pgn=129540 line=Tx 10284253 19 fa 04 03 8a 0c 00 00 00 00 f5 16
source=3: pgn=GNSS Sats in View(129540): values=RangeResidualMode=("0") SatsinView=(0) PRN=(0) Elevation=(0.00 deg) Azimuth=(33.67 deg) SNR=(0.0 dB) Rangeresiduals=(0) Status=("0")

1  : pgn=129038 line=Rx 10284254 11 f8 0e 01 c1 7d 01 b7 50 42 60 1c
1  : pgn=129038 line=Rx 10284254 11 f8 0e 01 c2 79 2d 38 e0 03 00 00
1  : pgn=129038 line=Rx 10284255 11 f8 0e 01 c3 00 dc 35 00 00 f0 fe
1  : pgn=129038 line=Rx 10284255 11 f8 0e 01 e0 1b c3 fa 89 e8 15 d1
1  : pgn=129038 line=Rx 10284256 11 f8 0e 01 e1 9e 13 b7 9e 50 60 1c
1  : pgn=129038 line=Rx 10284256 11 f8 0e 01 e2 78 13 df 91 01 00 00
1  : pgn=129038 line=Rx 10284257 11 f8 0e 01 e3 00 e4 dc d2 e5 ff fe
3  : pgn=129540 line=Tx 10284259 19 fa 04 03 8b d1 15 cf 9c 30 11 00
source=3: pgn=GNSS Sats in View(129540): values=RangeResidualMode=("1") SatsinView=(21) PRN=(207) Elevation=(71.30 deg) Azimuth=(0.10 deg) SNR=(0.0 dB) Rangeresiduals=(0) Status=("0")

3  : pgn=129540 line=Tx 10284259 19 fa 04 03 8c 00 00 00 f5 1a ae 0f
source=3: pgn=GNSS Sats in View(129540): values=RangeResidualMode=("0") SatsinView=(0) PRN=(0) Elevation=(39.54 deg) Azimuth=(23.00 deg) SNR=(0.0 dB) Rangeresiduals=(0) Status=("0")

3  : pgn=129540 line=Tx 10284260 19 fa 04 03 8d 0b 20 60 09 00 00 00
source=3: pgn=GNSS Sats in View(129540): values=RangeResidualMode=(None) SatsinView=(32) PRN=(96) Elevation=(0.05 deg) Azimuth=(0.00 deg) SNR=(0.0 dB) Rangeresiduals=(0) Status=("0")

3  : pgn=129540 line=Tx 10284261 19 fa 04 03 8e 00 f5 1b d1 15 ab d2
source=3: pgn=GNSS Sats in View(129540): values=RangeResidualMode=("0") SatsinView=(245) PRN=(27) Elevation=(32.00 deg) Azimuth=(309.00 deg) SNR=(0.0 dB) Rangeresiduals=(0) Status=("0")

3  : pgn=129540 line=Tx 10284261 19 fa 04 03 8f ac 0d 00 00 00 00 f5
source=3: pgn=GNSS Sats in View(129540): values=RangeResidualMode=("0") SatsinView=(13) PRN=(0) Elevation=(0.00 deg) Azimuth=(359.36 deg) SNR=(0.0 dB) Rangeresiduals=(0) Status=("0")

3  : pgn=129540 line=Tx 10284262 19 fa 04 03 90 1d 00 0f a1 67 e4 0c
source=3: pgn=GNSS Sats in View(129540): values=RangeResidualMode=("1") SatsinView=(0) PRN=(15) Elevation=(152.00 deg) Azimuth=(18.91 deg) SNR=(0.0 dB) Rangeresiduals=(0) Status=("0")

32 : pgn=128259 line=Rx 10284263 09 f5 03 20 6d 2b 01 ff ff ff ff ff
source=32: pgn=Speed(128259): values=SpeedWaterReferenced=(2.99 m/s) SpeedGroundReferenced=(None) SpeedWaterReferencedType=(None) SpeedDirection=(None)

3  : pgn=129540 line=Tx 10284263 19 fa 04 03 91 00 00 00 00 f5 23 d1
source=3: pgn=GNSS Sats in View(129540): values=RangeResidualMode=("0") SatsinView=(0) PRN=(0) Elevation=(-16.13 deg) Azimuth=(306.76 deg) SNR=(0.0 dB) Rangeresiduals=(0) Status=("0")

3  : pgn=129540 line=Tx 10284264 19 fa 04 03 92 15 c3 8b 00 00 00 00
source=3: pgn=GNSS Sats in View(129540): values=RangeResidualMode=("1") SatsinView=(195) PRN=(139) Elevation=(0.00 deg) Azimuth=(0.00 deg) SNR=(0.0 dB) Rangeresiduals=(0) Status=("0")

3  : pgn=129540 line=Tx 10284264 19 fa 04 03 93 00 00 f3 30 2e 17 43
source=3: pgn=GNSS Sats in View(129540): values=RangeResidualMode=("0") SatsinView=(0) PRN=(243) Elevation=(67.75 deg) Azimuth=(98.41 deg) SNR=(0.0 dB) Rangeresiduals=(0) Status=("0")

3  : pgn=129540 line=Tx 10284266 19 fa 04 03 94 84 d8 0e 00 00 00 00
source=3: pgn=GNSS Sats in View(129540): values=RangeResidualMode=("0") SatsinView=(216) PRN=(14) Elevation=(0.00 deg) Azimuth=(0.00 deg) SNR=(0.0 dB) Rangeresiduals=(0) Status=("0")

3  : pgn=129540 line=Tx 10284267 19 fa 04 03 95 f5 33 80 16 67 6c e4
source=3: pgn=GNSS Sats in View(129540): values=RangeResidualMode=("1") SatsinView=(51) PRN=(128) Elevation=(151.20 deg) Azimuth=(335.04 deg) SNR=(0.0 dB) Rangeresiduals=(0) Status=("0")

3  : pgn=129540 line=Tx 10284267 19 fa 04 03 96 0c 00 00 00 00 f5 ff
source=3: pgn=GNSS Sats in View(129540): values=RangeResidualMode=("0") SatsinView=(0) PRN=(0) Elevation=(0.00 deg) Azimuth=(375.43 deg) SNR=(0.0 dB) Rangeresiduals=(0) Status=("0")

3  : pgn=129025 line=Tx 10284268 09 f8 01 03 ad 79 6f 1c 06 56 fd b6
source=3: pgn=Position, Rapid Update(129025): values=Latitude=(47.7067693 deg) Longitude=(-122.49113539999999 deg)

3  : pgn=127258 line=Tx 10284269 19 f1 1a 03 ff f6 12 39 fa 0a ff ff
source=3: pgn=Magnetic Variation(127258): values=Source=("6") Ageofservice=(14610 d) Variation=(16.10 deg)

1  : pgn=129038 line=Rx 10284285 11 f8 0e 01 00 1b c1 da 4c dc 15 cd
source=1: pgn=AIS Class A Position Report(129038): values=MessageID=(0) RepeatIndicator=("0") UserID=(1289404699) Longitude=(0.0 deg) Latitude=(0.0 deg) PositionAccuracy=("0") RAIM=("0") TimeStamp=("0") COG=(0.00 deg) SOG=(0.0 m/s) CommunicationState=(0) AISTransceiverinformation=("0") Heading=(0.00 deg) RateofTurn=(0.00 deg/s) NavStatus=("0") SpecialManeuverIndicator=("0") Spare=(0) SequenceID=(0)

1  : pgn=129038 line=Rx 10284286 11 f8 0e 01 01 52 09 b7 2c 84 5f 1c
source=1: pgn=AIS Class A Position Report(129038): values=MessageID=(1) RepeatIndicator=("0") UserID=(750192978) Longitude=(0.0 deg) Latitude=(0.0 deg) PositionAccuracy=("0") RAIM=("0") TimeStamp=("0") COG=(0.00 deg) SOG=(0.0 m/s) CommunicationState=(0) AISTransceiverinformation=("0") Heading=(0.00 deg) RateofTurn=(0.00 deg/s) NavStatus=("0") SpecialManeuverIndicator=("0") Spare=(0) SequenceID=(0)

1  : pgn=129038 line=Rx 10284286 11 f8 0e 01 02 7d 88 b4 98 03 00 00
source=1: pgn=AIS Class A Position Report(129038): values=MessageID=(2) RepeatIndicator=("0") UserID=(2561968253) Longitude=(0.0 deg) Latitude=(0.0 deg) PositionAccuracy=("0") RAIM=("0") TimeStamp=("0") COG=(0.00 deg) SOG=(0.0 m/s) CommunicationState=(0) AISTransceiverinformation=("0") Heading=(0.00 deg) RateofTurn=(0.00 deg/s) NavStatus=("0") SpecialManeuverIndicator=("0") Spare=(0) SequenceID=(0)

1  : pgn=129038 line=Rx 10284287 11 f8 0e 01 03 00 ab b4 00 00 ff fe
source=1: pgn=AIS Class A Position Report(129038): values=MessageID=(3) RepeatIndicator=("0") UserID=(11840256) Longitude=(0.0 deg) Latitude=(0.0 deg) PositionAccuracy=("0") RAIM=("0") TimeStamp=("0") COG=(0.00 deg) SOG=(0.0 m/s) CommunicationState=(0) AISTransceiverinformation=("0") Heading=(0.00 deg) RateofTurn=(0.00 deg/s) NavStatus=("0") SpecialManeuverIndicator=("0") Spare=(0) SequenceID=(0)

0  : pgn=127250 line=Rx 10284293 09 f1 12 00 ff bd 3d ff 7f ff 7f fd
source=0: pgn=Vessel Heading(127250): values=Heading=(90.56 deg) Deviation=(None) Variation=(None) Reference=("1")

0  : pgn=127245 line=Rx 10284294 09 f1 0d 00 00 f8 ff 7f 00 00 ff ff
source=0: pgn=Rudder(127245): values=Instance=(0) DirectionOrder=("0") AngleOrder=(None) Position=(0.00 deg)

0  : pgn=65359  line=Rx 10284302 1c ff 4f 00 3b 9f ff ff ff bd 3d ff
source=0: pgn=Seatalk: Pilot Heading(65359): values=ManufacturerCode=(1851) IndustryCode=(4) HeadingTrue=(None) HeadingMagnetic=(90.56 deg)

3  : pgn=129026 line=Tx 10284358 09 f8 02 03 ff fc 0a 44 45 01 ff ff
source=3: pgn=COG & SOG, Rapid Update(129026): values=COGReference=("0") COG=(99.80 deg) SOG=(3.25 m/s)

3  : pgn=129025 line=Tx 10284358 09 f8 01 03 83 79 6f 1c a6 56 fd b6
source=3: pgn=Position, Rapid Update(129025): values=Latitude=(47.7067651 deg) Longitude=(-122.49111939999999 deg)

32 : pgn=128259 line=Rx 10284364 09 f5 03 20 6e 2e 01 ff ff ff ff ff
source=32: pgn=Speed(128259): values=SpeedWaterReferenced=(3.02 m/s) SpeedGroundReferenced=(None) SpeedWaterReferencedType=(None) SpeedDirection=(None)

32 : pgn=130310 line=Rx 10284368 15 fd 06 20 a2 ff ff ff ff ff ff ff
source=32: pgn=Environmental Parameters (obsolete)(130310): values=WaterTemperature=(None) OutsideAmbientAirTemperature=(None) AtmosphericPressure=(None)

32 : pgn=128275 line=Rx 10284377 19 f5 13 20 80 0e ff ff ff ff ff ff
32 : pgn=128275 line=Rx 10284382 19 f5 13 20 81 67 ad 3c 00 67 ad 3c
32 : pgn=128275 line=Rx 10284387 19 f5 13 20 82 00 ff ff ff ff ff ff
0  : pgn=127250 line=Rx 10284394 09 f1 12 00 ff 93 3d ff 7f ff 7f fd
source=0: pgn=Vessel Heading(127250): values=Heading=(90.32 deg) Deviation=(None) Variation=(None) Reference=("1")

0  : pgn=127245 line=Rx 10284395 09 f1 0d 00 00 f8 ff 7f 00 00 ff ff
source=0: pgn=Rudder(127245): values=Instance=(0) DirectionOrder=("0") AngleOrder=(None) Position=(0.00 deg)

0  : pgn=65359  line=Rx 10284400 1c ff 4f 00 3b 9f ff ff ff 93 3d ff
source=0: pgn=Seatalk: Pilot Heading(65359): values=ManufacturerCode=(1851) IndustryCode=(4) HeadingTrue=(None) HeadingMagnetic=(90.32 deg)

1  : pgn=59936  line=Rx 10284407 18 ea 20 01 00 ee 00 00 00 00 00 00
4  : pgn=65384  line=Rx 10284409 1c ff 68 04 3b 9f 00 00 00 00 00 00
3  : pgn=129029 line=Tx 10284458 0d f8 05 03 40 2b 5b 06 40 3e d6 0a
3  : pgn=129029 line=Tx 10284458 0d f8 05 03 41 2c 00 5e af 3f 80 e2
3  : pgn=129029 line=Tx 10284458 0d f8 05 03 42 9e 06 00 fc 3a 48 c2
3  : pgn=129029 line=Tx 10284458 0d f8 05 03 43 3d 00 ef ff ff ff ff
3  : pgn=129029 line=Tx 10284458 0d f8 05 03 44 ff ff ff 7f 23 fc 09
3  : pgn=129029 line=Tx 10284458 0d f8 05 03 45 54 00 ff 7f ff ff ff
3  : pgn=129029 line=Tx 10284458 0d f8 05 03 46 7f 00 ff ff ff ff ff
3  : pgn=129025 line=Tx 10284458 09 f8 01 03 83 79 6f 1c a6 56 fd b6
source=3: pgn=Position, Rapid Update(129025): values=Latitude=(47.7067651 deg) Longitude=(-122.49111939999999 deg)

3  : pgn=129033 line=Tx 10284458 0d f8 09 03 06 40 3e d6 0a 2c 5c fe
source=3: pgn=Time & Date(129033): values=Date=(16390 d) Time=(73890.77100000001 s) LocalOffset=(-25200.0 s)

32 : pgn=128259 line=Rx 10284462 09 f5 03 20 6f 32 01 ff ff ff ff ff
0  : pgn=127250 line=Rx 10284497 09 f1 12 00 ff 86 3d ff 7f ff 7f fd
source=0: pgn=Vessel Heading(127250): values=Heading=(90.24 deg) Deviation=(None) Variation=(None) Reference=("1")

0  : pgn=127245 line=Rx 10284497 09 f1 0d 00 00 f8 ff 7f 00 00 ff ff
source=0: pgn=Rudder(127245): values=Instance=(0) DirectionOrder=("0") AngleOrder=(None) Position=(0.00 deg)

0  : pgn=65359  line=Rx 10284504 1c ff 4f 00 3b 9f ff ff ff 86 3d ff
source=0: pgn=Seatalk: Pilot Heading(65359): values=ManufacturerCode=(1851) IndustryCode=(4) HeadingTrue=(None) HeadingMagnetic=(90.24 deg)

3  : pgn=129026 line=Tx 10284558 09 f8 02 03 ff fc 0a 44 45 01 ff ff
source=3: pgn=COG & SOG, Rapid Update(129026): values=COGReference=("0") COG=(99.80 deg) SOG=(3.25 m/s)

3  : pgn=129025 line=Tx 10284558 09 f8 01 03 83 79 6f 1c a6 56 fd b6
source=3: pgn=Position, Rapid Update(129025): values=Latitude=(47.7067651 deg) Longitude=(-122.49111939999999 deg)

3  : pgn=126992 line=Tx 10284558 0d f0 10 03 ff ff 06 40 3e d6 0a 2c
source=3: pgn=System Time(126992): values=Source=(None) Date=(16390 d) Time=(73890.77100000001 s)

32 : pgn=128259 line=Rx 10284561 09 f5 03 20 70 32 01 ff ff ff ff ff
source=32: pgn=Speed(128259): values=SpeedWaterReferenced=(3.06 m/s) SpeedGroundReferenced=(None) SpeedWaterReferencedType=(None) SpeedDirection=(None)

0  : pgn=127250 line=Rx 10284596 09 f1 12 00 ff 7b 3d ff 7f ff 7f fd
source=0: pgn=Vessel Heading(127250): values=Heading=(90.18 deg) Deviation=(None) Variation=(None) Reference=("1")

0  : pgn=127245 line=Rx 10284597 09 f1 0d 00 00 f8 ff 7f 00 00 ff ff
source=0: pgn=Rudder(127245): values=Instance=(0) DirectionOrder=("0") AngleOrder=(None) Position=(0.00 deg)

0  : pgn=65379  line=Rx 10284601 1c ff 63 00 3b 9f 00 00 00 00 01 ff
source=0: pgn=Seatalk: Pilot Mode(65379): values=ManufacturerCode=(1851) IndustryCode=(4) PilotMode=(0) SubMode=(0) PilotModeData=(0)

0  : pgn=65359  line=Rx 10284602 1c ff 4f 00 3b 9f ff ff ff 7b 3d ff
source=0: pgn=Seatalk: Pilot Heading(65359): values=ManufacturerCode=(1851) IndustryCode=(4) HeadingTrue=(None) HeadingMagnetic=(90.18 deg)

0  : pgn=126975 line=Rx 10284604 1d ef ff 00 a0 0d 3b 9f f0 81 84 16
0  : pgn=126975 line=Rx 10284606 1d ef ff 00 a1 40 00 00 00 00 02 05
3  : pgn=129025 line=Tx 10284659 09 f8 01 03 75 79 6f 1c f9 56 fd b6
source=3: pgn=Position, Rapid Update(129025): values=Latitude=(47.706763699999996 deg) Longitude=(-122.4911111 deg)

32 : pgn=128259 line=Rx 10284668 09 f5 03 20 71 32 01 ff ff ff ff ff
source=32: pgn=Speed(128259): values=SpeedWaterReferenced=(3.06 m/s) SpeedGroundReferenced=(None) SpeedWaterReferencedType=(None) SpeedDirection=(None)

0  : pgn=127250 line=Rx 10284696 09 f1 12 00 ff 88 3d ff 7f ff 7f fd
source=0: pgn=Vessel Heading(127250): values=Heading=(90.25 deg) Deviation=(None) Variation=(None) Reference=("1")

0  : pgn=127245 line=Rx 10284697 09 f1 0d 00 00 f8 ff 7f 00 00 ff ff
source=0: pgn=Rudder(127245): values=Instance=(0) DirectionOrder=("0") AngleOrder=(None) Position=(0.00 deg)

0  : pgn=65359  line=Rx 10284703 1c ff 4f 00 3b 9f ff ff ff 88 3d ff
source=0: pgn=Seatalk: Pilot Heading(65359): values=ManufacturerCode=(1851) IndustryCode=(4) HeadingTrue=(None) HeadingMagnetic=(90.25 deg)

0  : pgn=126975 line=Rx 10284706 1d ef ff 00 c0 09 3b 9f f0 81 ae 02
0  : pgn=126975 line=Rx 10284709 1d ef ff 00 c1 00 08 00 ff ff ff ff
3  : pgn=129026 line=Tx 10284759 09 f8 02 03 ff fc f9 43 47 01 ff ff
source=3: pgn=COG & SOG, Rapid Update(129026): values=COGReference=("0") COG=(99.70 deg) SOG=(3.27 m/s)

3  : pgn=129025 line=Tx 10284759 09 f8 01 03 75 79 6f 1c f9 56 fd b6
source=3: pgn=Position, Rapid Update(129025): values=Latitude=(47.706763699999996 deg) Longitude=(-122.4911111 deg)

3  : pgn=129291 line=Tx 10284759 0d f9 0b 03 ff fc f2 1d 29 00 ff ff
source=3: pgn=Set & Drift, Rapid Update(129291): values=SetReference=("0") Set=(43.92 deg) Drift=(0.41000000000000003 m/s)

32 : pgn=128259 line=Rx 10284761 09 f5 03 20 72 2c 01 ff ff ff ff ff
source=32: pgn=Speed(128259): values=SpeedWaterReferenced=(3.0 m/s) SpeedGroundReferenced=(None) SpeedWaterReferencedType=(None) SpeedDirection=(None)

1  : pgn=129038 line=Rx 10284770 11 f8 0e 01 20 1b c1 d0 8a f8 15 d7
1  : pgn=129038 line=Rx 10284771 11 f8 0e 01 21 98 0c b7 87 51 69 1c
1  : pgn=129038 line=Rx 10284771 11 f8 0e 01 22 78 0b 0e 00 00 00 00
1  : pgn=129038 line=Rx 10284772 11 f8 0e 01 23 00 ff ff ff 7f f0 fe
0  : pgn=127250 line=Rx 10284793 09 f1 12 00 ff 98 3d ff 7f ff 7f fd
source=0: pgn=Vessel Heading(127250): values=Heading=(90.34 deg) Deviation=(None) Variation=(None) Reference=("1")

0  : pgn=127245 line=Rx 10284794 09 f1 0d 00 00 f8 ff 7f 00 00 ff ff
source=0: pgn=Rudder(127245): values=Instance=(0) DirectionOrder=("0") AngleOrder=(None) Position=(0.00 deg)

0  : pgn=65359  line=Rx 10284800 1c ff 4f 00 3b 9f ff ff ff 98 3d ff
source=0: pgn=Seatalk: Pilot Heading(65359): values=ManufacturerCode=(1851) IndustryCode=(4) HeadingTrue=(None) HeadingMagnetic=(90.34 deg)

32 : pgn=128259 line=Rx 10284860 09 f5 03 20 73 29 01 ff ff ff ff ff
source=32: pgn=Speed(128259): values=SpeedWaterReferenced=(2.97 m/s) SpeedGroundReferenced=(None) SpeedWaterReferencedType=(None) SpeedDirection=(None)

3  : pgn=129025 line=Tx 10284862 09 f8 01 03 75 79 6f 1c f9 56 fd b6
source=3: pgn=Position, Rapid Update(129025): values=Latitude=(47.706763699999996 deg) Longitude=(-122.4911111 deg)

0  : pgn=127250 line=Rx 10284893 09 f1 12 00 ff cb 3d ff 7f ff 7f fd
source=0: pgn=Vessel Heading(127250): values=Heading=(90.64 deg) Deviation=(None) Variation=(None) Reference=("1")

0  : pgn=127245 line=Rx 10284894 09 f1 0d 00 00 f8 ff 7f 00 00 ff ff
source=0: pgn=Rudder(127245): values=Instance=(0) DirectionOrder=("0") AngleOrder=(None) Position=(0.00 deg)

0  : pgn=65359  line=Rx 10284901 1c ff 4f 00 3b 9f ff ff ff cb 3d ff
source=0: pgn=Seatalk: Pilot Heading(65359): values=ManufacturerCode=(1851) IndustryCode=(4) HeadingTrue=(None) HeadingMagnetic=(90.64 deg)

1  : pgn=129038 line=Rx 10284921 11 f8 0e 01 40 1b c1 e0 bd e2 15 49
1  : pgn=129038 line=Rx 10284922 11 f8 0e 01 41 49 15 b7 60 df 63 1c
1  : pgn=129038 line=Rx 10284922 11 f8 0e 01 42 7b f1 99 33 00 00 00
1  : pgn=129038 line=Rx 10284923 11 f8 0e 01 43 00 ff ff ff 7f f0 fe
32 : pgn=128259 line=Rx 10284960 09 f5 03 20 74 23 01 ff ff ff ff ff
source=32: pgn=Speed(128259): values=SpeedWaterReferenced=(2.91 m/s) SpeedGroundReferenced=(None) SpeedWaterReferencedType=(None) SpeedDirection=(None)

3  : pgn=129026 line=Tx 10284962 09 f8 02 03 ff fc f9 43 48 01 ff ff
source=3: pgn=COG & SOG, Rapid Update(129026): values=COGReference=("0") COG=(99.70 deg) SOG=(3.2800000000000002 m/s)

3  : pgn=130577 line=Tx 10284962 0d fe 11 03 60 0e c0 5c f9 43 48 01
3  : pgn=130577 line=Tx 10284962 0d fe 11 03 61 ff ff ff ff f2 1d 29
3  : pgn=130577 line=Tx 10284962 0d fe 11 03 62 00 ff ff ff ff ff ff
3  : pgn=129025 line=Tx 10284962 09 f8 01 03 69 79 6f 1c 90 57 fd b6
3  : pgn=130306 line=Tx 10284962 09 fd 02 03 ff 37 03 42 cf fa ff ff
source=3: pgn=Wind Data(130306): values=WindSpeed=(8.23 m/s) WindAngle=(304.00 deg) Reference=("2")

0  : pgn=127250 line=Rx 10284998 09 f1 12 00 ff e1 3d ff 7f ff 7f fd
source=0: pgn=Vessel Heading(127250): values=Heading=(90.76 deg) Deviation=(None) Variation=(None) Reference=("1")

0  : pgn=127245 line=Rx 10284999 09 f1 0d 00 00 f8 ff 7f 00 00 ff ff
source=0: pgn=Rudder(127245): values=Instance=(0) DirectionOrder=("0") AngleOrder=(None) Position=(0.00 deg)

0  : pgn=65359  line=Rx 10285003 1c ff 4f 00 3b 9f ff ff ff e1 3d ff
source=0: pgn=Seatalk: Pilot Heading(65359): values=ManufacturerCode=(1851) IndustryCode=(4) HeadingTrue=(None) HeadingMagnetic=(90.76 deg)

32 : pgn=128259 line=Rx 10285059 09 f5 03 20 75 1e 01 ff ff ff ff ff
source=32: pgn=Speed(128259): values=SpeedWaterReferenced=(2.86 m/s) SpeedGroundReferenced=(None) SpeedWaterReferencedType=(None) SpeedDirection=(None)

3  : pgn=129283 line=Tx 10285062 0d f9 03 03 ff 7f ff ff ff 7f ff ff
source=3: pgn=Cross Track Error(129283): values=XTEmode=(None) NavigationTerminated=("1") XTE=(None)

3  : pgn=129025 line=Tx 10285062 09 f8 01 03 69 79 6f 1c 90 57 fd b6
source=3: pgn=Position, Rapid Update(129025): values=Latitude=(47.706762499999996 deg) Longitude=(-122.491096 deg)

3  : pgn=128267 line=Tx 10285062 0d f5 0b 03 ff ce 3b 00 00 00 00 ff
source=3: pgn=Water Depth(128267): values=Depth=(153.1 m) Offset=(0.0 m) Range=(None)

4  : pgn=126975 line=Rx 10285068 1d ef ff 04 40 07 3b 9f f0 81 90 00
4  : pgn=126975 line=Rx 10285069 1d ef ff 04 41 03 ff ff ff ff ff ff
0  : pgn=127250 line=Rx 10285093 09 f1 12 00 ff 05 3e ff 7f ff 7f fd
source=0: pgn=Vessel Heading(127250): values=Heading=(90.97 deg) Deviation=(None) Variation=(None) Reference=("1")

0  : pgn=127245 line=Rx 10285094 09 f1 0d 00 00 f8 ff 7f 00 00 ff ff
source=0: pgn=Rudder(127245): values=Instance=(0) DirectionOrder=("0") AngleOrder=(None) Position=(0.00 deg)

0  : pgn=65359  line=Rx 10285101 1c ff 4f 00 3b 9f ff ff ff 05 3e ff
source=0: pgn=Seatalk: Pilot Heading(65359): values=ManufacturerCode=(1851) IndustryCode=(4) HeadingTrue=(None) HeadingMagnetic=(90.97 deg)

0  : pgn=126975 line=Rx 10285103 1d ef ff 00 e0 08 3b 9f f0 81 9c 91
0  : pgn=126975 line=Rx 10285105 1d ef ff 00 e1 00 00 ff ff ff ff ff
32 : pgn=128259 line=Rx 10285159 09 f5 03 20 76 1f 01 ff ff ff ff ff
source=32: pgn=Speed(128259): values=SpeedWaterReferenced=(2.87 m/s) SpeedGroundReferenced=(None) SpeedWaterReferencedType=(None) SpeedDirection=(None)

3  : pgn=129026 line=Tx 10285164 09 f8 02 03 ff fc f9 43 48 01 ff ff
source=3: pgn=COG & SOG, Rapid Update(129026): values=COGReference=("0") COG=(99.70 deg) SOG=(3.2800000000000002 m/s)

3  : pgn=129025 line=Tx 10285164 09 f8 01 03 69 79 6f 1c 90 57 fd b6
source=3: pgn=Position, Rapid Update(129025): values=Latitude=(47.706762499999996 deg) Longitude=(-122.491096 deg)

3  : pgn=129542 line=Tx 10285164 19 fa 06 03 60 0f 5c 7f 01 00 00 00
3  : pgn=129542 line=Tx 10285164 19 fa 06 03 61 00 00 00 00 00 00 00
3  : pgn=129542 line=Tx 10285164 19 fa 06 03 62 00 00 ff ff ff ff ff
3  : pgn=65364  line=Tx 10285164 1c ff 54 03 3b 9f 37 03 d9 cb ff ff
1  : pgn=129038 line=Rx 10285194 11 f8 0e 01 60 1b c1 1a 90 db 15 f9
1  : pgn=129038 line=Rx 10285195 11 f8 0e 01 61 da fc b6 17 ec 7c 1c
1  : pgn=129038 line=Rx 10285195 11 f8 0e 01 62 7c bc c0 00 00 00 00
1  : pgn=129038 line=Rx 10285196 11 f8 0e 01 63 00 c2 c7 00 00 f0 fe
0  : pgn=127250 line=Rx 10285201 09 f1 12 00 ff 17 3e ff 7f ff 7f fd
source=0: pgn=Vessel Heading(127250): values=Heading=(91.07 deg) Deviation=(None) Variation=(None) Reference=("1")

0  : pgn=127245 line=Rx 10285202 09 f1 0d 00 00 f8 ff 7f 00 00 ff ff
source=0: pgn=Rudder(127245): values=Instance=(0) DirectionOrder=("0") AngleOrder=(None) Position=(0.00 deg)

0  : pgn=65359  line=Rx 10285207 1c ff 4f 00 3b 9f ff ff ff 17 3e ff
source=0: pgn=Seatalk: Pilot Heading(65359): values=ManufacturerCode=(1851) IndustryCode=(4) HeadingTrue=(None) HeadingMagnetic=(91.07 deg)

32 : pgn=128259 line=Rx 10285258 09 f5 03 20 77 21 01 ff ff ff ff ff
source=32: pgn=Speed(128259): values=SpeedWaterReferenced=(2.89 m/s) SpeedGroundReferenced=(None) SpeedWaterReferencedType=(None) SpeedDirection=(None)

3  : pgn=129540 line=Tx 10285264 19 fa 04 03 a0 9f 7e ff 0d 03 45 1b
source=3: pgn=GNSS Sats in View(129540): values=RangeResidualMode=(None) SatsinView=(126) PRN=(None) Elevation=(4.47 deg) Azimuth=(40.00 deg) SNR=(0.0 dB) Rangeresiduals=(0) Status=("0")

3  : pgn=129540 line=Tx 10285264 19 fa 04 03 a1 2e 26 00 00 00 00 00
source=3: pgn=GNSS Sats in View(129540): values=RangeResidualMode=("0") SatsinView=(38) PRN=(0) Elevation=(0.00 deg) Azimuth=(0.00 deg) SNR=(0.0 dB) Rangeresiduals=(0) Status=("0")

3  : pgn=129540 line=Tx 10285264 19 fa 04 03 a2 00 f3 0f ff 1d 5c 3d
source=3: pgn=GNSS Sats in View(129540): values=RangeResidualMode=("0") SatsinView=(243) PRN=(15) Elevation=(44.00 deg) Azimuth=(90.00 deg) SNR=(0.0 dB) Rangeresiduals=(0) Status=("0")

3  : pgn=129540 line=Tx 10285264 19 fa 04 03 a3 80 0c 00 00 00 00 f5
source=3: pgn=GNSS Sats in View(129540): values=RangeResidualMode=("0") SatsinView=(12) PRN=(0) Elevation=(0.00 deg) Azimuth=(359.36 deg) SNR=(0.0 dB) Rangeresiduals=(0) Status=("0")

3  : pgn=129540 line=Tx 10285264 19 fa 04 03 a4 10 17 13 71 b9 d8 0e
source=3: pgn=GNSS Sats in View(129540): values=RangeResidualMode=("0") SatsinView=(23) PRN=(19) Elevation=(-103.49 deg) Azimuth=(21.77 deg) SNR=(0.0 dB) Rangeresiduals=(0) Status=("0")

3  : pgn=129540 line=Tx 10285264 19 fa 04 03 a5 00 00 00 00 f5 12 c5
source=3: pgn=GNSS Sats in View(129540): values=RangeResidualMode=("0") SatsinView=(0) PRN=(0) Elevation=(-16.13 deg) Azimuth=(289.06 deg) SNR=(0.0 dB) Rangeresiduals=(0) Status=("0")

3  : pgn=129540 line=Tx 10285264 19 fa 04 03 a6 31 f2 93 48 0d 00 00
source=3: pgn=GNSS Sats in View(129540): values=RangeResidualMode=("1") SatsinView=(242) PRN=(147) Elevation=(19.48 deg) Azimuth=(0.00 deg) SNR=(0.0 dB) Rangeresiduals=(0) Status=("0")

3  : pgn=129540 line=Tx 10285264 19 fa 04 03 a7 00 00 f5 13 ba 02 1f
source=3: pgn=GNSS Sats in View(129540): values=RangeResidualMode=("0") SatsinView=(0) PRN=(245) Elevation=(-102.57 deg) Azimuth=(45.48 deg) SNR=(0.0 dB) Rangeresiduals=(0) Status=("0")

3  : pgn=129540 line=Tx 10285264 19 fa 04 03 a8 d8 e4 0c 00 00 00 00
source=3: pgn=GNSS Sats in View(129540): values=RangeResidualMode=("0") SatsinView=(228) PRN=(12) Elevation=(0.00 deg) Azimuth=(0.00 deg) SNR=(0.0 dB) Rangeresiduals=(0) Status=("0")

3  : pgn=129540 line=Tx 10285264 19 fa 04 03 a9 f5 15 e8 37 5d 1f 48
source=3: pgn=GNSS Sats in View(129540): values=RangeResidualMode=("1") SatsinView=(21) PRN=(232) Elevation=(136.72 deg) Azimuth=(105.79 deg) SNR=(0.0 dB) Rangeresiduals=(0) Status=("0")

3  : pgn=129540 line=Tx 10285264 19 fa 04 03 aa 0d 00 00 00 00 f5 16
source=3: pgn=GNSS Sats in View(129540): values=RangeResidualMode=("1") SatsinView=(0) PRN=(0) Elevation=(0.00 deg) Azimuth=(33.67 deg) SNR=(0.0 dB) Rangeresiduals=(0) Status=("0")

3  : pgn=129540 line=Tx 10285265 19 fa 04 03 ab d1 15 cf 9c 30 11 00
source=3: pgn=GNSS Sats in View(129540): values=RangeResidualMode=("1") SatsinView=(21) PRN=(207) Elevation=(71.30 deg) Azimuth=(0.10 deg) SNR=(0.0 dB) Rangeresiduals=(0) Status=("0")

3  : pgn=129540 line=Tx 10285266 19 fa 04 03 ac 00 00 00 f5 1a ae 0f
source=3: pgn=GNSS Sats in View(129540): values=RangeResidualMode=("0") SatsinView=(0) PRN=(0) Elevation=(39.54 deg) Azimuth=(23.00 deg) SNR=(0.0 dB) Rangeresiduals=(0) Status=("0")

3  : pgn=129540 line=Tx 10285267 19 fa 04 03 ad 0b 20 fc 08 00 00 00
source=3: pgn=GNSS Sats in View(129540): values=RangeResidualMode=(None) SatsinView=(32) PRN=(252) Elevation=(0.05 deg) Azimuth=(0.00 deg) SNR=(0.0 dB) Rangeresiduals=(0) Status=("0")

3  : pgn=129540 line=Tx 10285267 19 fa 04 03 ae 00 f5 1b d1 15 ab d2
source=3: pgn=GNSS Sats in View(129540): values=RangeResidualMode=("0") SatsinView=(245) PRN=(27) Elevation=(32.00 deg) Azimuth=(309.00 deg) SNR=(0.0 dB) Rangeresiduals=(0) Status=("0")

3  : pgn=129540 line=Tx 10285268 19 fa 04 03 af 80 0c 00 00 00 00 f5
source=3: pgn=GNSS Sats in View(129540): values=RangeResidualMode=("0") SatsinView=(12) PRN=(0) Elevation=(0.00 deg) Azimuth=(359.36 deg) SNR=(0.0 dB) Rangeresiduals=(0) Status=("0")

3  : pgn=129540 line=Tx 10285269 19 fa 04 03 b0 1d 00 0f a1 67 80 0c
source=3: pgn=GNSS Sats in View(129540): values=RangeResidualMode=("1") SatsinView=(0) PRN=(15) Elevation=(152.00 deg) Azimuth=(18.33 deg) SNR=(0.0 dB) Rangeresiduals=(0) Status=("0")

3  : pgn=129540 line=Tx 10285269 19 fa 04 03 b1 00 00 00 00 f5 23 d1
source=3: pgn=GNSS Sats in View(129540): values=RangeResidualMode=("0") SatsinView=(0) PRN=(0) Elevation=(-16.13 deg) Azimuth=(306.76 deg) SNR=(0.0 dB) Rangeresiduals=(0) Status=("0")

3  : pgn=129540 line=Tx 10285271 19 fa 04 03 b2 15 c3 8b 00 00 00 00
source=3: pgn=GNSS Sats in View(129540): values=RangeResidualMode=("1") SatsinView=(195) PRN=(139) Elevation=(0.00 deg) Azimuth=(0.00 deg) SNR=(0.0 dB) Rangeresiduals=(0) Status=("0")

3  : pgn=129540 line=Tx 10285272 19 fa 04 03 b3 00 00 f3 30 2e 17 43
source=3: pgn=GNSS Sats in View(129540): values=RangeResidualMode=("0") SatsinView=(0) PRN=(243) Elevation=(67.75 deg) Azimuth=(98.41 deg) SNR=(0.0 dB) Rangeresiduals=(0) Status=("0")

3  : pgn=129540 line=Tx 10285273 19 fa 04 03 b4 84 8c 0a 00 00 00 00
source=3: pgn=GNSS Sats in View(129540): values=RangeResidualMode=("0") SatsinView=(140) PRN=(10) Elevation=(0.00 deg) Azimuth=(0.00 deg) SNR=(0.0 dB) Rangeresiduals=(0) Status=("0")

3  : pgn=129540 line=Tx 10285273 19 fa 04 03 b5 f5 33 80 16 67 6c 54
source=3: pgn=GNSS Sats in View(129540): values=RangeResidualMode=("1") SatsinView=(51) PRN=(128) Elevation=(151.20 deg) Azimuth=(123.83 deg) SNR=(0.0 dB) Rangeresiduals=(0) Status=("0")

3  : pgn=129540 line=Tx 10285274 19 fa 04 03 b6 0b 00 00 00 00 f5 ff
source=3: pgn=GNSS Sats in View(129540): values=RangeResidualMode=(None) SatsinView=(0) PRN=(0) Elevation=(0.00 deg) Azimuth=(375.43 deg) SNR=(0.0 dB) Rangeresiduals=(0) Status=("0")

3  : pgn=129025 line=Tx 10285275 09 f8 01 03 5e 79 6f 1c e2 57 fd b6
source=3: pgn=Position, Rapid Update(129025): values=Latitude=(47.7067614 deg) Longitude=(-122.49108779999999 deg)

3  : pgn=127258 line=Tx 10285276 19 f1 1a 03 ff f6 12 39 fa 0a ff ff
source=3: pgn=Magnetic Variation(127258): values=Source=("6") Ageofservice=(14610 d) Variation=(16.10 deg)

0  : pgn=127250 line=Rx 10285293 09 f1 12 00 ff 13 3e ff 7f ff 7f fd
source=0: pgn=Vessel Heading(127250): values=Heading=(91.05 deg) Deviation=(None) Variation=(None) Reference=("1")

0  : pgn=127245 line=Rx 10285294 09 f1 0d 00 00 f8 ff 7f 00 00 ff ff
source=0: pgn=Rudder(127245): values=Instance=(0) DirectionOrder=("0") AngleOrder=(None) Position=(0.00 deg)

0  : pgn=65359  line=Rx 10285301 1c ff 4f 00 3b 9f ff ff ff 13 3e ff
source=0: pgn=Seatalk: Pilot Heading(65359): values=ManufacturerCode=(1851) IndustryCode=(4) HeadingTrue=(None) HeadingMagnetic=(91.05 deg)

32 : pgn=128259 line=Rx 10285360 09 f5 03 20 78 20 01 ff ff ff ff ff
source=32: pgn=Speed(128259): values=SpeedWaterReferenced=(2.88 m/s) SpeedGroundReferenced=(None) SpeedWaterReferencedType=(None) SpeedDirection=(None)

32 : pgn=130310 line=Rx 10285363 15 fd 06 20 a3 ff ff ff ff ff ff ff
source=32: pgn=Environmental Parameters (obsolete)(130310): values=WaterTemperature=(None) OutsideAmbientAirTemperature=(None) AtmosphericPressure=(None)

3  : pgn=129026 line=Tx 10285365 09 f8 02 03 ff fc e7 43 48 01 ff ff
source=3: pgn=COG & SOG, Rapid Update(129026): values=COGReference=("0") COG=(99.60 deg) SOG=(3.2800000000000002 m/s)

3  : pgn=129025 line=Tx 10285365 09 f8 01 03 5e 79 6f 1c e2 57 fd b6
source=3: pgn=Position, Rapid Update(129025): values=Latitude=(47.7067614 deg) Longitude=(-122.49108779999999 deg)

32 : pgn=128275 line=Rx 10285373 19 f5 13 20 a0 0e ff ff ff ff ff ff
32 : pgn=128275 line=Rx 10285379 19 f5 13 20 a1 67 ad 3c 00 67 ad 3c
32 : pgn=128275 line=Rx 10285383 19 f5 13 20 a2 00 ff ff ff ff ff ff
0  : pgn=127250 line=Rx 10285399 09 f1 12 00 ff da 3d ff 7f ff 7f fd
source=0: pgn=Vessel Heading(127250): values=Heading=(90.72 deg) Deviation=(None) Variation=(None) Reference=("1")

0  : pgn=127245 line=Rx 10285400 09 f1 0d 00 00 f8 ff 7f 00 00 ff ff
source=0: pgn=Rudder(127245): values=Instance=(0) DirectionOrder=("0") AngleOrder=(None) Position=(0.00 deg)

0  : pgn=65359  line=Rx 10285405 1c ff 4f 00 3b 9f ff ff ff da 3d ff
source=0: pgn=Seatalk: Pilot Heading(65359): values=ManufacturerCode=(1851) IndustryCode=(4) HeadingTrue=(None) HeadingMagnetic=(90.72 deg)

1  : pgn=59936  line=Rx 10285407 18 ea 20 01 00 ee 00 00 00 00 00 00
4  : pgn=65384  line=Rx 10285409 1c ff 68 04 3b 9f 00 00 00 00 00 00
32 : pgn=128259 line=Rx 10285457 09 f5 03 20 79 1f 01 ff ff ff ff ff
3  : pgn=129029 line=Tx 10285465 0d f8 05 03 60 2b 5c 06 40 7a fe 0a
3  : pgn=129029 line=Tx 10285465 0d f8 05 03 61 2c 00 9a 9d be 72 e2
3  : pgn=129029 line=Tx 10285465 0d f8 05 03 62 9e 06 00 de f2 70 22
3  : pgn=129029 line=Tx 10285465 0d f8 05 03 63 3e 00 ef ff ff ff ff
3  : pgn=129029 line=Tx 10285465 0d f8 05 03 64 ff ff ff 7f 23 fc 09
3  : pgn=129029 line=Tx 10285465 0d f8 05 03 65 54 00 ff 7f ff ff ff
3  : pgn=129029 line=Tx 10285465 0d f8 05 03 66 7f 00 ff ff ff ff ff
3  : pgn=129025 line=Tx 10285465 09 f8 01 03 49 79 6f 1c 43 58 fd b6
source=3: pgn=Position, Rapid Update(129025): values=Latitude=(47.706759299999995 deg) Longitude=(-122.4910781 deg)

3  : pgn=129033 line=Tx 10285465 0d f8 09 03 06 40 7a fe 0a 2c 5c fe
source=3: pgn=Time & Date(129033): values=Date=(16390 d) Time=(73891.801 s) LocalOffset=(-25200.0 s)

0  : pgn=127250 line=Rx 10285498 09 f1 12 00 ff c3 3d ff 7f ff 7f fd
source=0: pgn=Vessel Heading(127250): values=Heading=(90.59 deg) Deviation=(None) Variation=(None) Reference=("1")

0  : pgn=127245 line=Rx 10285498 09 f1 0d 00 00 f8 ff 7f 00 00 ff ff
source=0: pgn=Rudder(127245): values=Instance=(0) DirectionOrder=("0") AngleOrder=(None) Position=(0.00 deg)

0  : pgn=65359  line=Rx 10285505 1c ff 4f 00 3b 9f ff ff ff c3 3d ff
source=0: pgn=Seatalk: Pilot Heading(65359): values=ManufacturerCode=(1851) IndustryCode=(4) HeadingTrue=(None) HeadingMagnetic=(90.59 deg)

32 : pgn=128259 line=Rx 10285557 09 f5 03 20 7a 20 01 ff ff ff ff ff
source=32: pgn=Speed(128259): values=SpeedWaterReferenced=(2.88 m/s) SpeedGroundReferenced=(None) SpeedWaterReferencedType=(None) SpeedDirection=(None)

3  : pgn=129026 line=Tx 10285565 09 f8 02 03 ff fc d6 43 4a 01 ff ff
source=3: pgn=COG & SOG, Rapid Update(129026): values=COGReference=("0") COG=(99.50 deg) SOG=(3.3000000000000003 m/s)

3  : pgn=129025 line=Tx 10285565 09 f8 01 03 49 79 6f 1c 43 58 fd b6
source=3: pgn=Position, Rapid Update(129025): values=Latitude=(47.706759299999995 deg) Longitude=(-122.4910781 deg)

3  : pgn=126992 line=Tx 10285565 0d f0 10 03 ff ff 06 40 7a fe 0a 2c
source=3: pgn=System Time(126992): values=Source=(None) Date=(16390 d) Time=(73891.801 s)

0  : pgn=127250 line=Rx 10285593 09 f1 12 00 ff 6c 3d ff 7f ff 7f fd
source=0: pgn=Vessel Heading(127250): values=Heading=(90.09 deg) Deviation=(None) Variation=(None) Reference=("1")

0  : pgn=127245 line=Rx 10285594 09 f1 0d 00 00 f8 ff 7f 00 00 ff ff
source=0: pgn=Rudder(127245): values=Instance=(0) DirectionOrder=("0") AngleOrder=(None) Position=(0.00 deg)

0  : pgn=65379  line=Rx 10285599 1c ff 63 00 3b 9f 00 00 00 00 01 ff
source=0: pgn=Seatalk: Pilot Mode(65379): values=ManufacturerCode=(1851) IndustryCode=(4) PilotMode=(0) SubMode=(0) PilotModeData=(0)

0  : pgn=65359  line=Rx 10285599 1c ff 4f 00 3b 9f ff ff ff 6c 3d ff
source=0: pgn=Seatalk: Pilot Heading(65359): values=ManufacturerCode=(1851) IndustryCode=(4) HeadingTrue=(None) HeadingMagnetic=(90.09 deg)

0  : pgn=126975 line=Rx 10285603 1d ef ff 00 00 0d 3b 9f f0 81 84 16
0  : pgn=126975 line=Rx 10285605 1d ef ff 00 01 40 00 00 00 00 02 05
32 : pgn=128259 line=Rx 10285656 09 f5 03 20 7b 19 01 ff ff ff ff ff
source=32: pgn=Speed(128259): values=SpeedWaterReferenced=(2.81 m/s) SpeedGroundReferenced=(None) SpeedWaterReferencedType=(None) SpeedDirection=(None)

3  : pgn=129025 line=Tx 10285666 09 f8 01 03 49 79 6f 1c 43 58 fd b6
source=3: pgn=Position, Rapid Update(129025): values=Latitude=(47.706759299999995 deg) Longitude=(-122.4910781 deg)

0  : pgn=127250 line=Rx 10285693 09 f1 12 00 ff 0f 3d ff 7f ff 7f fd
source=0: pgn=Vessel Heading(127250): values=Heading=(89.56 deg) Deviation=(None) Variation=(None) Reference=("1")

0  : pgn=127245 line=Rx 10285695 09 f1 0d 00 00 f8 ff 7f 00 00 ff ff
source=0: pgn=Rudder(127245): values=Instance=(0) DirectionOrder=("0") AngleOrder=(None) Position=(0.00 deg)

0  : pgn=65359  line=Rx 10285701 1c ff 4f 00 3b 9f ff ff ff 0f 3d ff
source=0: pgn=Seatalk: Pilot Heading(65359): values=ManufacturerCode=(1851) IndustryCode=(4) HeadingTrue=(None) HeadingMagnetic=(89.56 deg)

0  : pgn=126975 line=Rx 10285704 1d ef ff 00 20 09 3b 9f f0 81 ae 02
0  : pgn=126975 line=Rx 10285706 1d ef ff 00 21 00 08 00 ff ff ff ff
32 : pgn=128259 line=Rx 10285756 09 f5 03 20 7c 29 01 ff ff ff ff ff
source=32: pgn=Speed(128259): values=SpeedWaterReferenced=(2.97 m/s) SpeedGroundReferenced=(None) SpeedWaterReferencedType=(None) SpeedDirection=(None)

3  : pgn=129026 line=Tx 10285766 09 f8 02 03 ff fc e7 43 4c 01 ff ff
source=3: pgn=COG & SOG, Rapid Update(129026): values=COGReference=("0") COG=(99.60 deg) SOG=(3.3200000000000003 m/s)

3  : pgn=129025 line=Tx 10285766 09 f8 01 03 20 79 6f 1c e3 58 fd b6
source=3: pgn=Position, Rapid Update(129025): values=Latitude=(47.706755199999996 deg) Longitude=(-122.4910621 deg)

3  : pgn=129291 line=Tx 10285766 0d f9 0b 03 ff fc 96 2f 3d 00 ff ff
source=3: pgn=Set & Drift, Rapid Update(129291): values=SetReference=("0") Set=(69.80 deg) Drift=(0.61 m/s)

0  : pgn=127250 line=Rx 10285794 09 f1 12 00 ff de 3c ff 7f ff 7f fd
source=0: pgn=Vessel Heading(127250): values=Heading=(89.28 deg) Deviation=(None) Variation=(None) Reference=("1")

0  : pgn=127245 line=Rx 10285795 09 f1 0d 00 00 f8 ff 7f 00 00 ff ff
source=0: pgn=Rudder(127245): values=Instance=(0) DirectionOrder=("0") AngleOrder=(None) Position=(0.00 deg)

0  : pgn=65359  line=Rx 10285801 1c ff 4f 00 3b 9f ff ff ff de 3c ff
source=0: pgn=Seatalk: Pilot Heading(65359): values=ManufacturerCode=(1851) IndustryCode=(4) HeadingTrue=(None) HeadingMagnetic=(89.28 deg)

1  : pgn=129038 line=Rx 10285802 11 f8 0e 01 80 1b c1 2a ef df 15 b4
1  : pgn=129038 line=Rx 10285803 11 f8 0e 01 81 91 14 b7 9e 95 63 1c
1  : pgn=129038 line=Rx 10285803 11 f8 0e 01 82 82 93 b9 00 00 00 00
1  : pgn=129038 line=Rx 10285804 11 f8 0e 01 83 00 ff ff ff 7f f0 fe
1  : pgn=129794 line=Rx 10285806 19 fb 02 01 00 4b 05 8a ff e7 15 ff
source=1: pgn=AIS Class A Static and Voyage Related Data(129794): values=MessageID=(0) RepeatIndicator=("0") UserID=(4287235403) IMOnumber=(0) Callsign=(0) Name=(0) Typeofship=("0") Length=(0.0 m) Beam=(0.0 m) PositionreferencefromStarboard=(0.0 m) PositionreferencefromBow=(0.0 m) ETADate=(0 d) ETATime=(0.0 s) Draft=(0.0 m) Destination=(0) AISversionindicator=("0") GNSStype=("0") DTE=("0") AISTransceiverinformation=("0")

1  : pgn=129794 line=Rx 10285806 19 fb 02 01 01 ff ff ff 57 44 47 33
source=1: pgn=AIS Class A Static and Voyage Related Data(129794): values=MessageID=(1) RepeatIndicator=("0") UserID=(1476395007) IMOnumber=(0) Callsign=(0) Name=(0) Typeofship=("0") Length=(0.0 m) Beam=(0.0 m) PositionreferencefromStarboard=(0.0 m) PositionreferencefromBow=(0.0 m) ETADate=(0 d) ETATime=(0.0 s) Draft=(0.0 m) Destination=(0) AISversionindicator=("0") GNSStype=("0") DTE=("0") AISTransceiverinformation=("0")

1  : pgn=129794 line=Rx 10285806 19 fb 02 01 02 34 31 31 54 55 47 49
source=1: pgn=AIS Class A Static and Voyage Related Data(129794): values=MessageID=(2) RepeatIndicator=("0") UserID=(1412510004) IMOnumber=(0) Callsign=(0) Name=(0) Typeofship=("0") Length=(0.0 m) Beam=(0.0 m) PositionreferencefromStarboard=(0.0 m) PositionreferencefromBow=(0.0 m) ETADate=(0 d) ETATime=(0.0 s) Draft=(0.0 m) Destination=(0) AISversionindicator=("0") GNSStype=("0") DTE=("0") AISTransceiverinformation=("0")

1  : pgn=129794 line=Rx 10285806 19 fb 02 01 03 44 41 4b 20 20 20 20
source=1: pgn=AIS Class A Static and Voyage Related Data(129794): values=MessageID=(3) RepeatIndicator=("0") UserID=(541802820) IMOnumber=(0) Callsign=(0) Name=(0) Typeofship=("0") Length=(0.0 m) Beam=(0.0 m) PositionreferencefromStarboard=(0.0 m) PositionreferencefromBow=(0.0 m) ETADate=(0 d) ETATime=(0.0 s) Draft=(0.0 m) Destination=(0) AISversionindicator=("0") GNSStype=("0") DTE=("0") AISTransceiverinformation=("0")

1  : pgn=129794 line=Rx 10285807 19 fb 02 01 04 20 20 20 20 20 20 20
source=1: pgn=AIS Class A Static and Voyage Related Data(129794): values=MessageID=(4) RepeatIndicator=("0") UserID=(538976288) IMOnumber=(0) Callsign=(0) Name=(0) Typeofship=("0") Length=(0.0 m) Beam=(0.0 m) PositionreferencefromStarboard=(0.0 m) PositionreferencefromBow=(0.0 m) ETADate=(0 d) ETATime=(0.0 s) Draft=(0.0 m) Destination=(0) AISversionindicator=("0") GNSStype=("0") DTE=("0") AISTransceiverinformation=("0")

1  : pgn=129794 line=Rx 10285807 19 fb 02 01 05 20 20 46 90 01 50 00
source=1: pgn=AIS Class A Static and Voyage Related Data(129794): values=MessageID=(5) RepeatIndicator=("0") UserID=(2420514848) IMOnumber=(0) Callsign=(0) Name=(0) Typeofship=("0") Length=(0.0 m) Beam=(0.0 m) PositionreferencefromStarboard=(0.0 m) PositionreferencefromBow=(0.0 m) ETADate=(0 d) ETATime=(0.0 s) Draft=(0.0 m) Destination=(0) AISversionindicator=("0") GNSStype=("0") DTE=("0") AISTransceiverinformation=("0")

1  : pgn=129794 line=Rx 10285808 19 fb 02 01 06 ff ff ff ff ff ff 00
source=1: pgn=AIS Class A Static and Voyage Related Data(129794): values=MessageID=(6) RepeatIndicator=("0") UserID=(None) IMOnumber=(0) Callsign=(0) Name=(0) Typeofship=("0") Length=(0.0 m) Beam=(0.0 m) PositionreferencefromStarboard=(0.0 m) PositionreferencefromBow=(0.0 m) ETADate=(0 d) ETATime=(0.0 s) Draft=(0.0 m) Destination=(0) AISversionindicator=("0") GNSStype=("0") DTE=("0") AISTransceiverinformation=("0")

1  : pgn=129794 line=Rx 10285808 19 fb 02 01 07 00 00 00 ff ff 53 45
1  : pgn=129794 line=Rx 10285832 19 fb 02 01 08 41 54 54 4c 45 20 20
1  : pgn=129794 line=Rx 10285833 19 fb 02 01 09 20 20 20 20 20 20 20
1  : pgn=129794 line=Rx 10285833 19 fb 02 01 0a 20 20 20 20 04 e1 ff
source=1: pgn=AIS Class A Static and Voyage Related Data(129794): values=MessageID=(32) RepeatIndicator=("0") UserID=(538976288) IMOnumber=(538976288) Callsign=(0) Name=(0) Typeofship=("0") Length=(0.0 m) Beam=(0.0 m) PositionreferencefromStarboard=(0.0 m) PositionreferencefromBow=(0.0 m) ETADate=(0 d) ETATime=(0.0 s) Draft=(0.0 m) Destination=(0) AISversionindicator=("0") GNSStype=("0") DTE=("0") AISTransceiverinformation=("0")

32 : pgn=128259 line=Rx 10285855 09 f5 03 20 7d 2d 01 ff ff ff ff ff
source=32: pgn=Speed(128259): values=SpeedWaterReferenced=(3.0100000000000002 m/s) SpeedGroundReferenced=(None) SpeedWaterReferencedType=(None) SpeedDirection=(None)

3  : pgn=129025 line=Tx 10285867 09 f8 01 03 20 79 6f 1c e3 58 fd b6
source=3: pgn=Position, Rapid Update(129025): values=Latitude=(47.706755199999996 deg) Longitude=(-122.4910621 deg)

0  : pgn=127250 line=Rx 10285893 09 f1 12 00 ff 93 3c ff 7f ff 7f fd
source=0: pgn=Vessel Heading(127250): values=Heading=(88.85 deg) Deviation=(None) Variation=(None) Reference=("1")

0  : pgn=127245 line=Rx 10285894 09 f1 0d 00 00 f8 ff 7f 00 00 ff ff
source=0: pgn=Rudder(127245): values=Instance=(0) DirectionOrder=("0") AngleOrder=(None) Position=(0.00 deg)

0  : pgn=65359  line=Rx 10285901 1c ff 4f 00 3b 9f ff ff ff 93 3c ff
source=0: pgn=Seatalk: Pilot Heading(65359): values=ManufacturerCode=(1851) IndustryCode=(4) HeadingTrue=(None) HeadingMagnetic=(88.85 deg)

32 : pgn=128259 line=Rx 10285955 09 f5 03 20 7e 35 01 ff ff ff ff ff
source=32: pgn=Speed(128259): values=SpeedWaterReferenced=(3.09 m/s) SpeedGroundReferenced=(None) SpeedWaterReferencedType=(None) SpeedDirection=(None)

3  : pgn=129026 line=Tx 10285967 09 f8 02 03 ff fc e7 43 4c 01 ff ff
source=3: pgn=COG & SOG, Rapid Update(129026): values=COGReference=("0") COG=(99.60 deg) SOG=(3.3200000000000003 m/s)

3  : pgn=130577 line=Tx 10285967 0d fe 11 03 80 0e c0 5d e7 43 4c 01
3  : pgn=130577 line=Tx 10285967 0d fe 11 03 81 ff ff ff ff 96 2f 3d
3  : pgn=130577 line=Tx 10285967 0d fe 11 03 82 00 ff ff ff ff ff ff
3  : pgn=129025 line=Tx 10285967 09 f8 01 03 20 79 6f 1c e3 58 fd b6
3  : pgn=130306 line=Tx 10285967 09 fd 02 03 ff 37 03 d9 cb fa ff ff
source=3: pgn=Wind Data(130306): values=WindSpeed=(8.23 m/s) WindAngle=(299.00 deg) Reference=("2")

1  : pgn=129039 line=Rx 10285987 11 f8 0f 01 60 1a 12 8d 7b 27 14 22
1  : pgn=129039 line=Rx 10285988 11 f8 0f 01 61 df f6 b6 8b 05 6e 1c
1  : pgn=129039 line=Rx 10285988 11 f8 0f 01 62 78 85 0b 05 00 03 00
1  : pgn=129039 line=Rx 10285989 11 f8 0f 01 63 08 ff ff 00 fc ff ff
1  : pgn=129038 line=Rx 10285989 11 f8 0e 01 a0 1b c1 28 71 e0 15 a7
1  : pgn=129038 line=Rx 10285990 11 f8 0e 01 a1 6a 0e b7 a2 2a 68 1c
1  : pgn=129038 line=Rx 10285990 11 f8 0e 01 a2 7c c8 c2 00 00 00 00
1  : pgn=129038 line=Rx 10285991 11 f8 0e 01 a3 00 ff ff ff 7f f0 fe
0  : pgn=127250 line=Rx 10286010 09 f1 12 00 ff 64 3c ff 7f ff 7f fd
source=0: pgn=Vessel Heading(127250): values=Heading=(88.58 deg) Deviation=(None) Variation=(None) Reference=("1")

0  : pgn=127245 line=Rx 10286010 09 f1 0d 00 00 f8 ff 7f 00 00 ff ff
source=0: pgn=Rudder(127245): values=Instance=(0) DirectionOrder=("0") AngleOrder=(None) Position=(0.00 deg)

0  : pgn=65359  line=Rx 10286014 1c ff 4f 00 3b 9f ff ff ff 64 3c ff
source=0: pgn=Seatalk: Pilot Heading(65359): values=ManufacturerCode=(1851) IndustryCode=(4) HeadingTrue=(None) HeadingMagnetic=(88.58 deg)

32 : pgn=128259 line=Rx 10286054 09 f5 03 20 7f 36 01 ff ff ff ff ff
source=32: pgn=Speed(128259): values=SpeedWaterReferenced=(3.1 m/s) SpeedGroundReferenced=(None) SpeedWaterReferencedType=(None) SpeedDirection=(None)

3  : pgn=129283 line=Tx 10286067 0d f9 03 03 ff 7f ff ff ff 7f ff ff
source=3: pgn=Cross Track Error(129283): values=XTEmode=(None) NavigationTerminated=("1") XTE=(None)

3  : pgn=129025 line=Tx 10286067 09 f8 01 03 13 79 6f 1c 3b 59 fd b6
source=3: pgn=Position, Rapid Update(129025): values=Latitude=(47.706753899999995 deg) Longitude=(-122.49105329999999 deg)

3  : pgn=128267 line=Tx 10286067 0d f5 0b 03 ff ea 3b 00 00 00 00 ff
source=3: pgn=Water Depth(128267): values=Depth=(153.38 m) Offset=(0.0 m) Range=(None)

0  : pgn=127250 line=Rx 10286093 09 f1 12 00 ff 58 3c ff 7f ff 7f fd
source=0: pgn=Vessel Heading(127250): values=Heading=(88.51 deg) Deviation=(None) Variation=(None) Reference=("1")

0  : pgn=127245 line=Rx 10286094 09 f1 0d 00 00 f8 ff 7f 00 00 ff ff
source=0: pgn=Rudder(127245): values=Instance=(0) DirectionOrder=("0") AngleOrder=(None) Position=(0.00 deg)

0  : pgn=65359  line=Rx 10286100 1c ff 4f 00 3b 9f ff ff ff 58 3c ff
source=0: pgn=Seatalk: Pilot Heading(65359): values=ManufacturerCode=(1851) IndustryCode=(4) HeadingTrue=(None) HeadingMagnetic=(88.51 deg)

0  : pgn=126975 line=Rx 10286103 1d ef ff 00 40 08 3b 9f f0 81 9c 41
0  : pgn=126975 line=Rx 10286105 1d ef ff 00 41 2c 00 ff ff ff ff ff
32 : pgn=128259 line=Rx 10286154 09 f5 03 20 80 33 01 ff ff ff ff ff
source=32: pgn=Speed(128259): values=SpeedWaterReferenced=(3.0700000000000003 m/s) SpeedGroundReferenced=(None) SpeedWaterReferencedType=(None) SpeedDirection=(None)

3  : pgn=129026 line=Tx 10286168 09 f8 02 03 ff fc e7 43 4e 01 ff ff
source=3: pgn=COG & SOG, Rapid Update(129026): values=COGReference=("0") COG=(99.60 deg) SOG=(3.34 m/s)

3  : pgn=129025 line=Tx 10286168 09 f8 01 03 13 79 6f 1c 3b 59 fd b6
source=3: pgn=Position, Rapid Update(129025): values=Latitude=(47.706753899999995 deg) Longitude=(-122.49105329999999 deg)

3  : pgn=129542 line=Tx 10286168 19 fa 06 03 80 0f 5d 80 01 00 00 00
3  : pgn=129542 line=Tx 10286168 19 fa 06 03 81 00 00 00 00 00 00 00
3  : pgn=129542 line=Tx 10286168 19 fa 06 03 82 00 00 ff ff ff ff ff
3  : pgn=65364  line=Tx 10286168 1c ff 54 03 3b 9f 37 03 d9 cb ff ff
1  : pgn=129038 line=Rx 10286169 11 f8 0e 01 c0 1b c1 82 40 e1 15 54
1  : pgn=129038 line=Rx 10286170 11 f8 0e 01 c1 5f 0e b7 b3 e3 63 1c
1  : pgn=129038 line=Rx 10286171 11 f8 0e 01 c2 7c b4 0d 00 00 00 00
1  : pgn=129038 line=Rx 10286172 11 f8 0e 01 c3 00 ff ff ff 7f ff fe
0  : pgn=127250 line=Rx 10286202 09 f1 12 00 ff 3e 3c ff 7f ff 7f fd
source=0: pgn=Vessel Heading(127250): values=Heading=(88.36 deg) Deviation=(None) Variation=(None) Reference=("1")

0  : pgn=127245 line=Rx 10286203 09 f1 0d 00 00 f8 ff 7f 00 00 ff ff
source=0: pgn=Rudder(127245): values=Instance=(0) DirectionOrder=("0") AngleOrder=(None) Position=(0.00 deg)

0  : pgn=65359  line=Rx 10286207 1c ff 4f 00 3b 9f ff ff ff 3e 3c ff
source=0: pgn=Seatalk: Pilot Heading(65359): values=ManufacturerCode=(1851) IndustryCode=(4) HeadingTrue=(None) HeadingMagnetic=(88.36 deg)

1  : pgn=129038 line=Rx 10286232 11 f8 0e 01 e0 1b c1 fe 82 dc 15 52
1  : pgn=129038 line=Rx 10286233 11 f8 0e 01 e1 62 14 b7 93 7c 5f 1c
1  : pgn=129038 line=Rx 10286233 11 f8 0e 01 e2 81 d3 b8 00 00 00 00
1  : pgn=129038 line=Rx 10286234 11 f8 0e 01 e3 00 e7 37 00 00 ff fe
32 : pgn=128259 line=Rx 10286253 09 f5 03 20 81 2e 01 ff ff ff ff ff
source=32: pgn=Speed(128259): values=SpeedWaterReferenced=(3.02 m/s) SpeedGroundReferenced=(None) SpeedWaterReferencedType=(None) SpeedDirection=(None)

3  : pgn=129540 line=Tx 10286268 19 fa 04 03 c0 9f 7f ff 0d 03 45 1b
source=3: pgn=GNSS Sats in View(129540): values=RangeResidualMode=(None) SatsinView=(127) PRN=(None) Elevation=(4.47 deg) Azimuth=(40.00 deg) SNR=(0.0 dB) Rangeresiduals=(0) Status=("0")

3  : pgn=129540 line=Tx 10286268 19 fa 04 03 c1 2e 26 00 00 00 00 00
source=3: pgn=GNSS Sats in View(129540): values=RangeResidualMode=("0") SatsinView=(38) PRN=(0) Elevation=(0.00 deg) Azimuth=(0.00 deg) SNR=(0.0 dB) Rangeresiduals=(0) Status=("0")

3  : pgn=129540 line=Tx 10286268 19 fa 04 03 c2 00 f3 0f ff 1d 5c 3d
source=3: pgn=GNSS Sats in View(129540): values=RangeResidualMode=("0") SatsinView=(243) PRN=(15) Elevation=(44.00 deg) Azimuth=(90.00 deg) SNR=(0.0 dB) Rangeresiduals=(0) Status=("0")

3  : pgn=129540 line=Tx 10286268 19 fa 04 03 c3 80 0c 00 00 00 00 f5
source=3: pgn=GNSS Sats in View(129540): values=RangeResidualMode=("0") SatsinView=(12) PRN=(0) Elevation=(0.00 deg) Azimuth=(359.36 deg) SNR=(0.0 dB) Rangeresiduals=(0) Status=("0")

3  : pgn=129540 line=Tx 10286268 19 fa 04 03 c4 10 17 13 71 b9 d8 0e
source=3: pgn=GNSS Sats in View(129540): values=RangeResidualMode=("0") SatsinView=(23) PRN=(19) Elevation=(-103.49 deg) Azimuth=(21.77 deg) SNR=(0.0 dB) Rangeresiduals=(0) Status=("0")

3  : pgn=129540 line=Tx 10286268 19 fa 04 03 c5 00 00 00 00 f5 12 c5
source=3: pgn=GNSS Sats in View(129540): values=RangeResidualMode=("0") SatsinView=(0) PRN=(0) Elevation=(-16.13 deg) Azimuth=(289.06 deg) SNR=(0.0 dB) Rangeresiduals=(0) Status=("0")

3  : pgn=129540 line=Tx 10286268 19 fa 04 03 c6 31 f2 93 48 0d 00 00
source=3: pgn=GNSS Sats in View(129540): values=RangeResidualMode=("1") SatsinView=(242) PRN=(147) Elevation=(19.48 deg) Azimuth=(0.00 deg) SNR=(0.0 dB) Rangeresiduals=(0) Status=("0")

3  : pgn=129540 line=Tx 10286268 19 fa 04 03 c7 00 00 f5 13 ba 02 1f
source=3: pgn=GNSS Sats in View(129540): values=RangeResidualMode=("0") SatsinView=(0) PRN=(245) Elevation=(-102.57 deg) Azimuth=(45.48 deg) SNR=(0.0 dB) Rangeresiduals=(0) Status=("0")

3  : pgn=129540 line=Tx 10286268 19 fa 04 03 c8 d8 e4 0c 00 00 00 00
source=3: pgn=GNSS Sats in View(129540): values=RangeResidualMode=("0") SatsinView=(228) PRN=(12) Elevation=(0.00 deg) Azimuth=(0.00 deg) SNR=(0.0 dB) Rangeresiduals=(0) Status=("0")

3  : pgn=129540 line=Tx 10286268 19 fa 04 03 c9 f5 15 e8 37 5d 1f 48
source=3: pgn=GNSS Sats in View(129540): values=RangeResidualMode=("1") SatsinView=(21) PRN=(232) Elevation=(136.72 deg) Azimuth=(105.79 deg) SNR=(0.0 dB) Rangeresiduals=(0) Status=("0")

3  : pgn=129540 line=Tx 10286268 19 fa 04 03 ca 0d 00 00 00 00 f5 16
source=3: pgn=GNSS Sats in View(129540): values=RangeResidualMode=("1") SatsinView=(0) PRN=(0) Elevation=(0.00 deg) Azimuth=(33.67 deg) SNR=(0.0 dB) Rangeresiduals=(0) Status=("0")

3  : pgn=129540 line=Tx 10286269 19 fa 04 03 cb d1 15 cf 9c 30 11 00
source=3: pgn=GNSS Sats in View(129540): values=RangeResidualMode=("1") SatsinView=(21) PRN=(207) Elevation=(71.30 deg) Azimuth=(0.10 deg) SNR=(0.0 dB) Rangeresiduals=(0) Status=("0")

3  : pgn=129540 line=Tx 10286270 19 fa 04 03 cc 00 00 00 f5 1a ae 0f
source=3: pgn=GNSS Sats in View(129540): values=RangeResidualMode=("0") SatsinView=(0) PRN=(0) Elevation=(39.54 deg) Azimuth=(23.00 deg) SNR=(0.0 dB) Rangeresiduals=(0) Status=("0")

3  : pgn=129540 line=Tx 10286271 19 fa 04 03 cd 0b 20 fc 08 00 00 00
source=3: pgn=GNSS Sats in View(129540): values=RangeResidualMode=(None) SatsinView=(32) PRN=(252) Elevation=(0.05 deg) Azimuth=(0.00 deg) SNR=(0.0 dB) Rangeresiduals=(0) Status=("0")

3  : pgn=129540 line=Tx 10286271 19 fa 04 03 ce 00 f5 1b d1 15 ab d2
source=3: pgn=GNSS Sats in View(129540): values=RangeResidualMode=("0") SatsinView=(245) PRN=(27) Elevation=(32.00 deg) Azimuth=(309.00 deg) SNR=(0.0 dB) Rangeresiduals=(0) Status=("0")

3  : pgn=129540 line=Tx 10286274 19 fa 04 03 cf 80 0c 00 00 00 00 f5
source=3: pgn=GNSS Sats in View(129540): values=RangeResidualMode=("0") SatsinView=(12) PRN=(0) Elevation=(0.00 deg) Azimuth=(359.36 deg) SNR=(0.0 dB) Rangeresiduals=(0) Status=("0")

3  : pgn=129540 line=Tx 10286274 19 fa 04 03 d0 1d 00 0f a1 67 80 0c
source=3: pgn=GNSS Sats in View(129540): values=RangeResidualMode=("1") SatsinView=(0) PRN=(15) Elevation=(152.00 deg) Azimuth=(18.33 deg) SNR=(0.0 dB) Rangeresiduals=(0) Status=("0")

3  : pgn=129540 line=Tx 10286275 19 fa 04 03 d1 00 00 00 00 f5 23 d1
source=3: pgn=GNSS Sats in View(129540): values=RangeResidualMode=("0") SatsinView=(0) PRN=(0) Elevation=(-16.13 deg) Azimuth=(306.76 deg) SNR=(0.0 dB) Rangeresiduals=(0) Status=("0")

3  : pgn=129540 line=Tx 10286276 19 fa 04 03 d2 15 c3 8b 00 00 00 00
source=3: pgn=GNSS Sats in View(129540): values=RangeResidualMode=("1") SatsinView=(195) PRN=(139) Elevation=(0.00 deg) Azimuth=(0.00 deg) SNR=(0.0 dB) Rangeresiduals=(0) Status=("0")

3  : pgn=129540 line=Tx 10286277 19 fa 04 03 d3 00 00 f3 30 2e 17 43
source=3: pgn=GNSS Sats in View(129540): values=RangeResidualMode=("0") SatsinView=(0) PRN=(243) Elevation=(67.75 deg) Azimuth=(98.41 deg) SNR=(0.0 dB) Rangeresiduals=(0) Status=("0")

3  : pgn=129540 line=Tx 10286277 19 fa 04 03 d4 84 8c 0a 00 00 00 00
source=3: pgn=GNSS Sats in View(129540): values=RangeResidualMode=("0") SatsinView=(140) PRN=(10) Elevation=(0.00 deg) Azimuth=(0.00 deg) SNR=(0.0 dB) Rangeresiduals=(0) Status=("0")

3  : pgn=129540 line=Tx 10286278 19 fa 04 03 d5 f5 33 80 16 67 6c 54
source=3: pgn=GNSS Sats in View(129540): values=RangeResidualMode=("1") SatsinView=(51) PRN=(128) Elevation=(151.20 deg) Azimuth=(123.83 deg) SNR=(0.0 dB) Rangeresiduals=(0) Status=("0")

3  : pgn=129540 line=Tx 10286279 19 fa 04 03 d6 0b 00 00 00 00 f5 ff
source=3: pgn=GNSS Sats in View(129540): values=RangeResidualMode=(None) SatsinView=(0) PRN=(0) Elevation=(0.00 deg) Azimuth=(375.43 deg) SNR=(0.0 dB) Rangeresiduals=(0) Status=("0")

3  : pgn=129025 line=Tx 10286280 09 f8 01 03 1e 79 6f 1c 91 59 fd b6
source=3: pgn=Position, Rapid Update(129025): values=Latitude=(47.706755 deg) Longitude=(-122.49104469999999 deg)

3  : pgn=127258 line=Tx 10286280 19 f1 1a 03 ff f6 12 39 fa 0a ff ff
source=3: pgn=Magnetic Variation(127258): values=Source=("6") Ageofservice=(14610 d) Variation=(16.10 deg)

0  : pgn=127250 line=Rx 10286298 09 f1 12 00 ff 36 3c ff 7f ff 7f fd
source=0: pgn=Vessel Heading(127250): values=Heading=(88.32 deg) Deviation=(None) Variation=(None) Reference=("1")

0  : pgn=127245 line=Rx 10286299 09 f1 0d 00 00 f8 ff 7f 00 00 ff ff
source=0: pgn=Rudder(127245): values=Instance=(0) DirectionOrder=("0") AngleOrder=(None) Position=(0.00 deg)

0  : pgn=65359  line=Rx 10286306 1c ff 4f 00 3b 9f ff ff ff 36 3c ff
source=0: pgn=Seatalk: Pilot Heading(65359): values=ManufacturerCode=(1851) IndustryCode=(4) HeadingTrue=(None) HeadingMagnetic=(88.32 deg)

32 : pgn=128259 line=Rx 10286355 09 f5 03 20 82 29 01 ff ff ff ff ff
source=32: pgn=Speed(128259): values=SpeedWaterReferenced=(2.97 m/s) SpeedGroundReferenced=(None) SpeedWaterReferencedType=(None) SpeedDirection=(None)

32 : pgn=130310 line=Rx 10286358 15 fd 06 20 a4 ff ff ff ff ff ff ff
source=32: pgn=Environmental Parameters (obsolete)(130310): values=WaterTemperature=(None) OutsideAmbientAirTemperature=(None) AtmosphericPressure=(None)

32 : pgn=128275 line=Rx 10286368 19 f5 13 20 c0 0e ff ff ff ff ff ff
3  : pgn=129026 line=Tx 10286368 09 f8 02 03 ff fc 7f 43 50 01 ff ff
source=3: pgn=COG & SOG, Rapid Update(129026): values=COGReference=("0") COG=(99.00 deg) SOG=(3.36 m/s)

3  : pgn=129025 line=Tx 10286368 09 f8 01 03 1e 79 6f 1c 91 59 fd b6
source=3: pgn=Position, Rapid Update(129025): values=Latitude=(47.706755 deg) Longitude=(-122.49104469999999 deg)

32 : pgn=128275 line=Rx 10286373 19 f5 13 20 c1 67 ad 3c 00 67 ad 3c
32 : pgn=128275 line=Rx 10286378 19 f5 13 20 c2 00 ff ff ff ff ff ff
1  : pgn=129793 line=Rx 10286384 1d fb 01 01 40 1a 04 a0 fc 37 00 37
1  : pgn=129793 line=Rx 10286385 1d fb 01 01 41 6d d0 b6 d2 63 57 1c
1  : pgn=129793 line=Rx 10286385 1d fb 01 01 42 ff 40 06 0b 2c 00 00
1  : pgn=129793 line=Rx 10286386 1d fb 01 01 43 08 06 40 ff 00 fc ff
0  : pgn=127250 line=Rx 10286399 09 f1 12 00 ff 1b 3c ff 7f ff 7f fd
source=0: pgn=Vessel Heading(127250): values=Heading=(88.16 deg) Deviation=(None) Variation=(None) Reference=("1")

0  : pgn=127245 line=Rx 10286399 09 f1 0d 00 00 f8 ff 7f 00 00 ff ff
source=0: pgn=Rudder(127245): values=Instance=(0) DirectionOrder=("0") AngleOrder=(None) Position=(0.00 deg)

0  : pgn=65359  line=Rx 10286404 1c ff 4f 00 3b 9f ff ff ff 1b 3c ff
source=0: pgn=Seatalk: Pilot Heading(65359): values=ManufacturerCode=(1851) IndustryCode=(4) HeadingTrue=(None) HeadingMagnetic=(88.16 deg)

4  : pgn=65384  line=Rx 10286409 1c ff 68 04 3b 9f 00 00 00 00 00 00
1  : pgn=59936  line=Rx 10286415 18 ea 20 01 00 ee 00 00 00 00 00 00
32 : pgn=128259 line=Rx 10286453 09 f5 03 20 83 26 01 ff ff ff ff ff
3  : pgn=129029 line=Tx 10286469 0d f8 05 03 80 2b 5d 06 40 36 1a 0b
3  : pgn=129029 line=Tx 10286469 0d f8 05 03 81 2c 00 ac 9d bb 68 e2
3  : pgn=129029 line=Tx 10286469 0d f8 05 03 82 9e 06 00 6a e6 34 70
3  : pgn=129029 line=Tx 10286469 0d f8 05 03 83 3e 00 ef ff ff ff ff
3  : pgn=129029 line=Tx 10286469 0d f8 05 03 84 ff ff ff 7f 23 fc 09
3  : pgn=129029 line=Tx 10286469 0d f8 05 03 85 54 00 ff 7f ff ff ff
3  : pgn=129029 line=Tx 10286469 0d f8 05 03 86 7f 00 ff ff ff ff ff
3  : pgn=129025 line=Tx 10286469 09 f8 01 03 1e 79 6f 1c 91 59 fd b6
source=3: pgn=Position, Rapid Update(129025): values=Latitude=(47.706755 deg) Longitude=(-122.49104469999999 deg)

3  : pgn=129033 line=Tx 10286469 0d f8 09 03 06 40 36 1a 0b 2c 5c fe
source=3: pgn=Time & Date(129033): values=Date=(16390 d) Time=(73892.511 s) LocalOffset=(-25200.0 s)

1  : pgn=129038 line=Rx 10286493 11 f8 0e 01 00 1b c1 b8 21 2b 14 fd
source=1: pgn=AIS Class A Position Report(129038): values=MessageID=(0) RepeatIndicator=("0") UserID=(565756187) Longitude=(0.0 deg) Latitude=(0.0 deg) PositionAccuracy=("0") RAIM=("0") TimeStamp=("0") COG=(0.00 deg) SOG=(0.0 m/s) CommunicationState=(0) AISTransceiverinformation=("0") Heading=(0.00 deg) RateofTurn=(0.00 deg/s) NavStatus=("0") SpecialManeuverIndicator=("0") Spare=(0) SequenceID=(0)

1  : pgn=129038 line=Rx 10286493 11 f8 0e 01 01 77 e7 b6 ff ea fb 1c
source=1: pgn=AIS Class A Position Report(129038): values=MessageID=(1) RepeatIndicator=("0") UserID=(4290176887) Longitude=(0.0 deg) Latitude=(0.0 deg) PositionAccuracy=("0") RAIM=("0") TimeStamp=("0") COG=(0.00 deg) SOG=(0.0 m/s) CommunicationState=(0) AISTransceiverinformation=("0") Heading=(0.00 deg) RateofTurn=(0.00 deg/s) NavStatus=("0") SpecialManeuverIndicator=("0") Spare=(0) SequenceID=(0)

1  : pgn=129038 line=Rx 10286494 11 f8 0e 01 02 85 27 52 fd 01 00 00
source=1: pgn=AIS Class A Position Report(129038): values=MessageID=(2) RepeatIndicator=("0") UserID=(4250019717) Longitude=(0.0 deg) Latitude=(0.0 deg) PositionAccuracy=("0") RAIM=("0") TimeStamp=("0") COG=(0.00 deg) SOG=(0.0 m/s) CommunicationState=(0) AISTransceiverinformation=("0") Heading=(0.00 deg) RateofTurn=(0.00 deg/s) NavStatus=("0") SpecialManeuverIndicator=("0") Spare=(0) SequenceID=(0)

1  : pgn=129038 line=Rx 10286495 11 f8 0e 01 03 00 cf 51 00 00 f0 fe
source=1: pgn=AIS Class A Position Report(129038): values=MessageID=(3) RepeatIndicator=("0") UserID=(5361408) Longitude=(0.0 deg) Latitude=(0.0 deg) PositionAccuracy=("0") RAIM=("0") TimeStamp=("0") COG=(0.00 deg) SOG=(0.0 m/s) CommunicationState=(0) AISTransceiverinformation=("0") Heading=(0.00 deg) RateofTurn=(0.00 deg/s) NavStatus=("0") SpecialManeuverIndicator=("0") Spare=(0) SequenceID=(0)

1  : pgn=129794 line=Rx 10286509 19 fb 02 01 20 4b 05 30 2d 1d 12 f4
1  : pgn=129794 line=Rx 10286510 19 fb 02 01 21 99 8a 00 4e 45 50 50
1  : pgn=129794 line=Rx 10286510 19 fb 02 01 22 20 20 20 43 47 20 48
1  : pgn=129794 line=Rx 10286511 19 fb 02 01 23 45 41 4c 59 20 20 20
1  : pgn=129794 line=Rx 10286511 19 fb 02 01 24 20 20 20 20 20 20 20
1  : pgn=129794 line=Rx 10286512 19 fb 02 01 25 20 20 21 92 04 c8 00
1  : pgn=129794 line=Rx 10286512 19 fb 02 01 26 ff ff ff ff cc 3f 00
1  : pgn=129794 line=Rx 10286513 19 fb 02 01 27 d9 4f 13 4c 04 53 45
1  : pgn=129794 line=Rx 10286513 19 fb 02 01 28 41 54 54 4c 45 20 57
1  : pgn=129794 line=Rx 10286514 19 fb 02 01 29 41 53 48 49 4e 47 54
1  : pgn=129794 line=Rx 10286515 19 fb 02 01 2a 4f 4e 20 20 04 e0 ff
0  : pgn=127250 line=Rx 10286518 09 f1 12 00 ff 03 3c ff 7f ff 7f fd
source=0: pgn=Vessel Heading(127250): values=Heading=(88.02 deg) Deviation=(None) Variation=(None) Reference=("1")

0  : pgn=127245 line=Rx 10286519 09 f1 0d 00 00 f8 ff 7f 00 00 ff ff
source=0: pgn=Rudder(127245): values=Instance=(0) DirectionOrder=("0") AngleOrder=(None) Position=(0.00 deg)

0  : pgn=65359  line=Rx 10286526 1c ff 4f 00 3b 9f ff ff ff 03 3c ff
source=0: pgn=Seatalk: Pilot Heading(65359): values=ManufacturerCode=(1851) IndustryCode=(4) HeadingTrue=(None) HeadingMagnetic=(88.02 deg)

1  : pgn=129038 line=Rx 10286543 11 f8 0e 01 20 1b c1 8c 83 df 15 8d
1  : pgn=129038 line=Rx 10286544 11 f8 0e 01 21 5d 14 b7 e3 29 66 1c
1  : pgn=129038 line=Rx 10286544 11 f8 0e 01 22 78 e6 7f 00 00 00 00
1  : pgn=129038 line=Rx 10286545 11 f8 0e 01 23 00 ff ff ff 7f f0 fe
32 : pgn=128259 line=Rx 10286552 09 f5 03 20 84 23 01 ff ff ff ff ff
source=32: pgn=Speed(128259): values=SpeedWaterReferenced=(2.91 m/s) SpeedGroundReferenced=(None) SpeedWaterReferencedType=(None) SpeedDirection=(None)

3  : pgn=129026 line=Tx 10286569 09 f8 02 03 ff fc 4a 43 4f 01 ff ff
source=3: pgn=COG & SOG, Rapid Update(129026): values=COGReference=("0") COG=(98.70 deg) SOG=(3.35 m/s)

3  : pgn=129025 line=Tx 10286569 09 f8 01 03 fa 78 6f 1c 09 5a fd b6
source=3: pgn=Position, Rapid Update(129025): values=Latitude=(47.706751399999995 deg) Longitude=(-122.49103269999999 deg)

3  : pgn=126992 line=Tx 10286569 0d f0 10 03 ff ff 06 40 50 2d 0b 2c
source=3: pgn=System Time(126992): values=Source=(None) Date=(16390 d) Time=(73893.0 s)

0  : pgn=127250 line=Rx 10286596 09 f1 12 00 ff f8 3b ff 7f ff 7f fd
source=0: pgn=Vessel Heading(127250): values=Heading=(87.96 deg) Deviation=(None) Variation=(None) Reference=("1")

0  : pgn=127245 line=Rx 10286597 09 f1 0d 00 00 f8 ff 7f 00 00 ff ff
source=0: pgn=Rudder(127245): values=Instance=(0) DirectionOrder=("0") AngleOrder=(None) Position=(0.00 deg)

0  : pgn=65379  line=Rx 10286602 1c ff 63 00 3b 9f 00 00 00 00 01 ff
source=0: pgn=Seatalk: Pilot Mode(65379): values=ManufacturerCode=(1851) IndustryCode=(4) PilotMode=(0) SubMode=(0) PilotModeData=(0)

0  : pgn=65359  line=Rx 10286603 1c ff 4f 00 3b 9f ff ff ff f8 3b ff
source=0: pgn=Seatalk: Pilot Heading(65359): values=ManufacturerCode=(1851) IndustryCode=(4) HeadingTrue=(None) HeadingMagnetic=(87.96 deg)

0  : pgn=126975 line=Rx 10286604 1d ef ff 00 60 0d 3b 9f f0 81 84 06
0  : pgn=126975 line=Rx 10286606 1d ef ff 00 61 2c b0 00 00 00 02 05
1  : pgn=129038 line=Rx 10286634 11 f8 0e 01 40 1b c1 fa 89 e8 15 22
1  : pgn=129038 line=Rx 10286635 11 f8 0e 01 41 9c 13 b7 da 52 60 1c
1  : pgn=129038 line=Rx 10286635 11 f8 0e 01 42 80 76 de 91 01 00 00
1  : pgn=129038 line=Rx 10286636 11 f8 0e 01 43 00 2a da d2 e5 ff fe
32 : pgn=128259 line=Rx 10286652 09 f5 03 20 85 2e 01 ff ff ff ff ff
source=32: pgn=Speed(128259): values=SpeedWaterReferenced=(3.02 m/s) SpeedGroundReferenced=(None) SpeedWaterReferencedType=(None) SpeedDirection=(None)

3  : pgn=129025 line=Tx 10286672 09 f8 01 03 fa 78 6f 1c 09 5a fd b6
source=3: pgn=Position, Rapid Update(129025): values=Latitude=(47.706751399999995 deg) Longitude=(-122.49103269999999 deg)

0  : pgn=127250 line=Rx 10286693 09 f1 12 00 ff e6 3b ff 7f ff 7f fd
source=0: pgn=Vessel Heading(127250): values=Heading=(87.86 deg) Deviation=(None) Variation=(None) Reference=("1")

0  : pgn=127245 line=Rx 10286694 09 f1 0d 00 00 f8 ff 7f 00 00 ff ff
source=0: pgn=Rudder(127245): values=Instance=(0) DirectionOrder=("0") AngleOrder=(None) Position=(0.00 deg)

0  : pgn=65359  line=Rx 10286700 1c ff 4f 00 3b 9f ff ff ff e6 3b ff
source=0: pgn=Seatalk: Pilot Heading(65359): values=ManufacturerCode=(1851) IndustryCode=(4) HeadingTrue=(None) HeadingMagnetic=(87.86 deg)

0  : pgn=126975 line=Rx 10286703 1d ef ff 00 80 09 3b 9f f0 81 ae 02
0  : pgn=126975 line=Rx 10286705 1d ef ff 00 81 00 08 00 ff ff ff ff
32 : pgn=128259 line=Rx 10286751 09 f5 03 20 86 26 01 ff ff ff ff ff
source=32: pgn=Speed(128259): values=SpeedWaterReferenced=(2.94 m/s) SpeedGroundReferenced=(None) SpeedWaterReferencedType=(None) SpeedDirection=(None)

3  : pgn=129026 line=Tx 10286772 09 f8 02 03 ff fc 4a 43 4f 01 ff ff
source=3: pgn=COG & SOG, Rapid Update(129026): values=COGReference=("0") COG=(98.70 deg) SOG=(3.35 m/s)

3  : pgn=129025 line=Tx 10286772 09 f8 01 03 fa 78 6f 1c 09 5a fd b6
source=3: pgn=Position, Rapid Update(129025): values=Latitude=(47.706751399999995 deg) Longitude=(-122.49103269999999 deg)

3  : pgn=129291 line=Tx 10286772 0d f9 0b 03 ff fc ff 2c 32 00 ff ff
source=3: pgn=Set & Drift, Rapid Update(129291): values=SetReference=("0") Set=(66.00 deg) Drift=(0.5 m/s)

0  : pgn=127250 line=Rx 10286797 09 f1 12 00 ff d8 3b ff 7f ff 7f fd
source=0: pgn=Vessel Heading(127250): values=Heading=(87.78 deg) Deviation=(None) Variation=(None) Reference=("1")

0  : pgn=127245 line=Rx 10286798 09 f1 0d 00 00 f8 ff 7f 00 00 ff ff
source=0: pgn=Rudder(127245): values=Instance=(0) DirectionOrder=("0") AngleOrder=(None) Position=(0.00 deg)

0  : pgn=65359  line=Rx 10286805 1c ff 4f 00 3b 9f ff ff ff d8 3b ff
source=0: pgn=Seatalk: Pilot Heading(65359): values=ManufacturerCode=(1851) IndustryCode=(4) HeadingTrue=(None) HeadingMagnetic=(87.78 deg)

32 : pgn=128259 line=Rx 10286851 09 f5 03 20 87 23 01 ff ff ff ff ff
source=32: pgn=Speed(128259): values=SpeedWaterReferenced=(2.91 m/s) SpeedGroundReferenced=(None) SpeedWaterReferencedType=(None) SpeedDirection=(None)

3  : pgn=129025 line=Tx 10286873 09 f8 01 03 ee 78 6f 1c 5f 5a fd b6
source=3: pgn=Position, Rapid Update(129025): values=Latitude=(47.706750199999995 deg) Longitude=(-122.49102409999999 deg)

1  : pgn=129794 line=Rx 10286876 19 fb 02 01 40 4b 05 2a ef df 15 ff
1  : pgn=129794 line=Rx 10286876 19 fb 02 01 41 ff ff ff 57 43 50 34
1  : pgn=129794 line=Rx 10286877 19 fb 02 01 42 35 38 34 43 48 41 4d
1  : pgn=129794 line=Rx 10286877 19 fb 02 01 43 50 41 47 4e 45 20 4c
1  : pgn=129794 line=Rx 10286878 19 fb 02 01 44 41 44 59 20 20 20 20
1  : pgn=129794 line=Rx 10286879 19 fb 02 01 45 20 20 44 fa 00 3c 00
1  : pgn=129794 line=Rx 10286879 19 fb 02 01 46 ff ff ff ff ff ff 00
1  : pgn=129794 line=Rx 10286880 19 fb 02 01 47 d9 4f 13 aa 00 ff 45
1  : pgn=129794 line=Rx 10286880 19 fb 02 01 48 41 54 54 4c 45 20 57
1  : pgn=129794 line=Rx 10286881 19 fb 02 01 49 41 53 48 49 4e 47 54
1  : pgn=129794 line=Rx 10286881 19 fb 02 01 4a 4f 4e 20 20 05 e0 ff
0  : pgn=127250 line=Rx 10286893 09 f1 12 00 ff a8 3b ff 7f ff 7f fd
source=0: pgn=Vessel Heading(127250): values=Heading=(87.50 deg) Deviation=(None) Variation=(None) Reference=("1")

0  : pgn=127245 line=Rx 10286894 09 f1 0d 00 00 f8 ff 7f 00 00 ff ff
source=0: pgn=Rudder(127245): values=Instance=(0) DirectionOrder=("0") AngleOrder=(None) Position=(0.00 deg)

0  : pgn=65359  line=Rx 10286900 1c ff 4f 00 3b 9f ff ff ff a8 3b ff
source=0: pgn=Seatalk: Pilot Heading(65359): values=ManufacturerCode=(1851) IndustryCode=(4) HeadingTrue=(None) HeadingMagnetic=(87.50 deg)

32 : pgn=128259 line=Rx 10286950 09 f5 03 20 88 1f 01 ff ff ff ff ff
source=32: pgn=Speed(128259): values=SpeedWaterReferenced=(2.87 m/s) SpeedGroundReferenced=(None) SpeedWaterReferencedType=(None) SpeedDirection=(None)

1  : pgn=129038 line=Rx 10286967 11 f8 0e 01 60 1b c1 d0 05 2f 14 5c
1  : pgn=129038 line=Rx 10286967 11 f8 0e 01 61 2f 16 b7 c1 80 64 1c
1  : pgn=129038 line=Rx 10286968 11 f8 0e 01 62 84 1f ba 00 00 00 00
1  : pgn=129038 line=Rx 10286969 11 f8 0e 01 63 00 9f c1 00 00 ff fe
3  : pgn=129026 line=Tx 10286973 09 f8 02 03 ff fc 27 43 4f 01 ff ff
source=3: pgn=COG & SOG, Rapid Update(129026): values=COGReference=("0") COG=(98.50 deg) SOG=(3.35 m/s)

3  : pgn=130577 line=Tx 10286973 0d fe 11 03 a0 0e c0 5e 27 43 4f 01
3  : pgn=130577 line=Tx 10286973 0d fe 11 03 a1 ff ff ff ff ff 2c 32
3  : pgn=130577 line=Tx 10286973 0d fe 11 03 a2 00 ff ff ff ff ff ff
3  : pgn=129025 line=Tx 10286973 09 f8 01 03 ee 78 6f 1c 5f 5a fd b6
3  : pgn=130306 line=Tx 10286973 09 fd 02 03 ff 37 03 93 ce fa ff ff
source=3: pgn=Wind Data(130306): values=WindSpeed=(8.23 m/s) WindAngle=(303.00 deg) Reference=("2")

0  : pgn=127250 line=Rx 10287011 09 f1 12 00 ff 61 3b ff 7f ff 7f fd
source=0: pgn=Vessel Heading(127250): values=Heading=(87.10 deg) Deviation=(None) Variation=(None) Reference=("1")

0  : pgn=127245 line=Rx 10287012 09 f1 0d 00 00 f8 ff 7f 00 00 ff ff
source=0: pgn=Rudder(127245): values=Instance=(0) DirectionOrder=("0") AngleOrder=(None) Position=(0.00 deg)

0  : pgn=65359  line=Rx 10287016 1c ff 4f 00 3b 9f ff ff ff 61 3b ff
source=0: pgn=Seatalk: Pilot Heading(65359): values=ManufacturerCode=(1851) IndustryCode=(4) HeadingTrue=(None) HeadingMagnetic=(87.10 deg)

32 : pgn=128259 line=Rx 10287050 09 f5 03 20 89 19 01 ff ff ff ff ff
source=32: pgn=Speed(128259): values=SpeedWaterReferenced=(2.81 m/s) SpeedGroundReferenced=(None) SpeedWaterReferencedType=(None) SpeedDirection=(None)

4  : pgn=126975 line=Rx 10287068 1d ef ff 04 60 07 3b 9f f0 81 90 00
4  : pgn=126975 line=Rx 10287069 1d ef ff 04 61 03 ff ff ff ff ff ff
3  : pgn=129283 line=Tx 10287073 0d f9 03 03 ff 7f ff ff ff 7f ff ff
source=3: pgn=Cross Track Error(129283): values=XTEmode=(None) NavigationTerminated=("1") XTE=(None)

3  : pgn=129025 line=Tx 10287073 09 f8 01 03 e2 78 6f 1c b9 5a fd b6
source=3: pgn=Position, Rapid Update(129025): values=Latitude=(47.706748999999995 deg) Longitude=(-122.4910151 deg)

3  : pgn=128267 line=Tx 10287073 0d f5 0b 03 ff f6 3b 00 00 00 00 ff
source=3: pgn=Water Depth(128267): values=Depth=(153.5 m) Offset=(0.0 m) Range=(None)

0  : pgn=127250 line=Rx 10287093 09 f1 12 00 ff 4c 3b ff 7f ff 7f fd
source=0: pgn=Vessel Heading(127250): values=Heading=(86.97 deg) Deviation=(None) Variation=(None) Reference=("1")

0  : pgn=127245 line=Rx 10287094 09 f1 0d 00 00 f8 ff 7f 00 00 ff ff
source=0: pgn=Rudder(127245): values=Instance=(0) DirectionOrder=("0") AngleOrder=(None) Position=(0.00 deg)

0  : pgn=65359  line=Rx 10287100 1c ff 4f 00 3b 9f ff ff ff 4c 3b ff
source=0: pgn=Seatalk: Pilot Heading(65359): values=ManufacturerCode=(1851) IndustryCode=(4) HeadingTrue=(None) HeadingMagnetic=(86.97 deg)

0  : pgn=126975 line=Rx 10287102 1d ef ff 00 a0 08 3b 9f f0 81 9c 81
0  : pgn=126975 line=Rx 10287104 1d ef ff 00 a1 2b 00 ff ff ff ff ff
32 : pgn=128259 line=Rx 10287149 09 f5 03 20 8a 18 01 ff ff ff ff ff
source=32: pgn=Speed(128259): values=SpeedWaterReferenced=(2.8000000000000003 m/s) SpeedGroundReferenced=(None) SpeedWaterReferencedType=(None) SpeedDirection=(None)

3  : pgn=129026 line=Tx 10287175 09 f8 02 03 ff fc 16 43 50 01 ff ff
source=3: pgn=COG & SOG, Rapid Update(129026): values=COGReference=("0") COG=(98.40 deg) SOG=(3.36 m/s)

3  : pgn=129025 line=Tx 10287175 09 f8 01 03 e2 78 6f 1c b9 5a fd b6
source=3: pgn=Position, Rapid Update(129025): values=Latitude=(47.706748999999995 deg) Longitude=(-122.4910151 deg)

3  : pgn=129542 line=Tx 10287175 19 fa 06 03 a0 0f 5e 79 01 00 00 00
3  : pgn=129542 line=Tx 10287175 19 fa 06 03 a1 00 00 00 00 00 00 00
3  : pgn=129542 line=Tx 10287175 19 fa 06 03 a2 00 00 ff ff ff ff ff
3  : pgn=65364  line=Tx 10287175 1c ff 54 03 3b 9f 37 03 93 ce ff ff
0  : pgn=127250 line=Rx 10287203 09 f1 12 00 ff 10 3b ff 7f ff 7f fd
source=0: pgn=Vessel Heading(127250): values=Heading=(86.63 deg) Deviation=(None) Variation=(None) Reference=("1")

0  : pgn=127245 line=Rx 10287204 09 f1 0d 00 00 f8 ff 7f 00 00 ff ff
source=0: pgn=Rudder(127245): values=Instance=(0) DirectionOrder=("0") AngleOrder=(None) Position=(0.00 deg)

0  : pgn=65359  line=Rx 10287208 1c ff 4f 00 3b 9f ff ff ff 10 3b ff
source=0: pgn=Seatalk: Pilot Heading(65359): values=ManufacturerCode=(1851) IndustryCode=(4) HeadingTrue=(None) HeadingMagnetic=(86.63 deg)

32 : pgn=128259 line=Rx 10287249 09 f5 03 20 8b 1c 01 ff ff ff ff ff
source=32: pgn=Speed(128259): values=SpeedWaterReferenced=(2.84 m/s) SpeedGroundReferenced=(None) SpeedWaterReferencedType=(None) SpeedDirection=(None)

3  : pgn=129540 line=Tx 10287275 19 fa 04 03 e0 9f 80 ff 0d 03 45 1b
source=3: pgn=GNSS Sats in View(129540): values=RangeResidualMode=(None) SatsinView=(128) PRN=(None) Elevation=(4.47 deg) Azimuth=(40.00 deg) SNR=(0.0 dB) Rangeresiduals=(0) Status=("0")

3  : pgn=129540 line=Tx 10287275 19 fa 04 03 e1 2e 26 00 00 00 00 00
source=3: pgn=GNSS Sats in View(129540): values=RangeResidualMode=("0") SatsinView=(38) PRN=(0) Elevation=(0.00 deg) Azimuth=(0.00 deg) SNR=(0.0 dB) Rangeresiduals=(0) Status=("0")

3  : pgn=129540 line=Tx 10287275 19 fa 04 03 e2 00 f3 0f ff 1d 5c 3d
source=3: pgn=GNSS Sats in View(129540): values=RangeResidualMode=("0") SatsinView=(243) PRN=(15) Elevation=(44.00 deg) Azimuth=(90.00 deg) SNR=(0.0 dB) Rangeresiduals=(0) Status=("0")

3  : pgn=129540 line=Tx 10287275 19 fa 04 03 e3 48 0d 00 00 00 00 f5
source=3: pgn=GNSS Sats in View(129540): values=RangeResidualMode=("0") SatsinView=(13) PRN=(0) Elevation=(0.00 deg) Azimuth=(359.36 deg) SNR=(0.0 dB) Rangeresiduals=(0) Status=("0")

3  : pgn=129540 line=Tx 10287275 19 fa 04 03 e4 10 17 13 71 b9 10 0e
source=3: pgn=GNSS Sats in View(129540): values=RangeResidualMode=("0") SatsinView=(23) PRN=(19) Elevation=(-103.49 deg) Azimuth=(20.63 deg) SNR=(0.0 dB) Rangeresiduals=(0) Status=("0")

3  : pgn=129540 line=Tx 10287275 19 fa 04 03 e5 00 00 00 00 f5 12 c5
source=3: pgn=GNSS Sats in View(129540): values=RangeResidualMode=("0") SatsinView=(0) PRN=(0) Elevation=(-16.13 deg) Azimuth=(289.06 deg) SNR=(0.0 dB) Rangeresiduals=(0) Status=("0")

3  : pgn=129540 line=Tx 10287275 19 fa 04 03 e6 31 f2 93 48 0d 00 00
source=3: pgn=GNSS Sats in View(129540): values=RangeResidualMode=("1") SatsinView=(242) PRN=(147) Elevation=(19.48 deg) Azimuth=(0.00 deg) SNR=(0.0 dB) Rangeresiduals=(0) Status=("0")

3  : pgn=129540 line=Tx 10287275 19 fa 04 03 e7 00 00 f5 13 ba 02 1f
source=3: pgn=GNSS Sats in View(129540): values=RangeResidualMode=("0") SatsinView=(0) PRN=(245) Elevation=(-102.57 deg) Azimuth=(45.48 deg) SNR=(0.0 dB) Rangeresiduals=(0) Status=("0")

3  : pgn=129540 line=Tx 10287275 19 fa 04 03 e8 d8 80 0c 00 00 00 00
source=3: pgn=GNSS Sats in View(129540): values=RangeResidualMode=("0") SatsinView=(128) PRN=(12) Elevation=(0.00 deg) Azimuth=(0.00 deg) SNR=(0.0 dB) Rangeresiduals=(0) Status=("0")

3  : pgn=129540 line=Tx 10287275 19 fa 04 03 e9 f5 15 e8 37 5d 1f e4
source=3: pgn=GNSS Sats in View(129540): values=RangeResidualMode=("1") SatsinView=(21) PRN=(232) Elevation=(136.72 deg) Azimuth=(334.60 deg) SNR=(0.0 dB) Rangeresiduals=(0) Status=("0")

3  : pgn=129540 line=Tx 10287275 19 fa 04 03 ea 0c 00 00 00 00 f5 16
source=3: pgn=GNSS Sats in View(129540): values=RangeResidualMode=("0") SatsinView=(0) PRN=(0) Elevation=(0.00 deg) Azimuth=(33.67 deg) SNR=(0.0 dB) Rangeresiduals=(0) Status=("0")

1  : pgn=129794 line=Rx 10287276 19 fb 02 01 60 4b 05 f8 9b 13 12 c2
3  : pgn=129540 line=Tx 10287276 19 fa 04 03 eb d1 15 cf 9c a0 0f 00
source=3: pgn=GNSS Sats in View(129540): values=RangeResidualMode=("1") SatsinView=(21) PRN=(207) Elevation=(-139.92 deg) Azimuth=(0.09 deg) SNR=(0.0 dB) Rangeresiduals=(0) Status=("0")

1  : pgn=129794 line=Rx 10287277 19 fb 02 01 61 9f 72 00 57 59 4c 34
3  : pgn=129540 line=Tx 10287277 19 fa 04 03 ec 00 00 00 f5 1a ae 0f
source=3: pgn=GNSS Sats in View(129540): values=RangeResidualMode=("0") SatsinView=(0) PRN=(0) Elevation=(39.54 deg) Azimuth=(23.00 deg) SNR=(0.0 dB) Rangeresiduals=(0) Status=("0")

1  : pgn=129794 line=Rx 10287278 19 fb 02 01 62 39 37 38 4a 55 53 54
3  : pgn=129540 line=Tx 10287278 19 fa 04 03 ed 0b 20 b8 0b 00 00 00
source=3: pgn=GNSS Sats in View(129540): values=RangeResidualMode=(None) SatsinView=(32) PRN=(184) Elevation=(0.06 deg) Azimuth=(0.00 deg) SNR=(0.0 dB) Rangeresiduals=(0) Status=("0")

1  : pgn=129794 line=Rx 10287279 19 fb 02 01 63 49 4e 45 20 46 4f 53
3  : pgn=129540 line=Tx 10287279 19 fa 04 03 ee 00 f5 1b d1 15 ab d2
source=3: pgn=GNSS Sats in View(129540): values=RangeResidualMode=("0") SatsinView=(245) PRN=(27) Elevation=(32.00 deg) Azimuth=(309.00 deg) SNR=(0.0 dB) Rangeresiduals=(0) Status=("0")

1  : pgn=129794 line=Rx 10287281 19 fb 02 01 64 53 20 20 20 20 20 20
3  : pgn=129540 line=Tx 10287281 19 fa 04 03 ef 48 0d 00 00 00 00 f5
source=3: pgn=GNSS Sats in View(129540): values=RangeResidualMode=("0") SatsinView=(13) PRN=(0) Elevation=(0.00 deg) Azimuth=(359.36 deg) SNR=(0.0 dB) Rangeresiduals=(0) Status=("0")

1  : pgn=129794 line=Rx 10287282 19 fb 02 01 65 20 20 1f 72 01 6e 00
3  : pgn=129540 line=Tx 10287282 19 fa 04 03 f0 1d 00 0f a1 67 ac 0d
source=3: pgn=GNSS Sats in View(129540): values=RangeResidualMode=("1") SatsinView=(0) PRN=(15) Elevation=(152.00 deg) Azimuth=(20.05 deg) SNR=(0.0 dB) Rangeresiduals=(0) Status=("0")

1  : pgn=129794 line=Rx 10287283 19 fb 02 01 66 ff ff ff ff f5 3f 00
3  : pgn=129540 line=Tx 10287283 19 fa 04 03 f1 00 00 00 00 f5 23 d1
source=3: pgn=GNSS Sats in View(129540): values=RangeResidualMode=("0") SatsinView=(0) PRN=(0) Elevation=(-16.13 deg) Azimuth=(306.76 deg) SNR=(0.0 dB) Rangeresiduals=(0) Status=("0")

1  : pgn=129794 line=Rx 10287284 19 fb 02 01 67 03 c5 28 f4 01 53 45
3  : pgn=129540 line=Tx 10287284 19 fa 04 03 f2 15 c3 8b 00 00 00 00
source=3: pgn=GNSS Sats in View(129540): values=RangeResidualMode=("1") SatsinView=(195) PRN=(139) Elevation=(0.00 deg) Azimuth=(0.00 deg) SNR=(0.0 dB) Rangeresiduals=(0) Status=("0")

1  : pgn=129794 line=Rx 10287285 19 fb 02 01 68 41 54 54 4c 45 20 20
3  : pgn=129540 line=Tx 10287285 19 fa 04 03 f3 00 00 f3 30 2e 17 43
source=3: pgn=GNSS Sats in View(129540): values=RangeResidualMode=("0") SatsinView=(0) PRN=(243) Elevation=(67.75 deg) Azimuth=(98.41 deg) SNR=(0.0 dB) Rangeresiduals=(0) Status=("0")

1  : pgn=129794 line=Rx 10287286 19 fb 02 01 69 20 20 20 20 20 20 20
3  : pgn=129540 line=Tx 10287286 19 fa 04 03 f4 84 1c 0c 00 00 00 00
source=3: pgn=GNSS Sats in View(129540): values=RangeResidualMode=("0") SatsinView=(28) PRN=(12) Elevation=(0.00 deg) Azimuth=(0.00 deg) SNR=(0.0 dB) Rangeresiduals=(0) Status=("0")

1  : pgn=129794 line=Rx 10287287 19 fb 02 01 6a 20 20 20 20 45 e0 ff
3  : pgn=129540 line=Tx 10287287 19 fa 04 03 f5 f5 33 80 16 67 6c f0
source=3: pgn=GNSS Sats in View(129540): values=RangeResidualMode=("1") SatsinView=(51) PRN=(128) Elevation=(151.20 deg) Azimuth=(352.64 deg) SNR=(0.0 dB) Rangeresiduals=(0) Status=("0")

3  : pgn=129540 line=Tx 10287288 19 fa 04 03 f6 0a 00 00 00 00 f5 ff
source=3: pgn=GNSS Sats in View(129540): values=RangeResidualMode=("0") SatsinView=(0) PRN=(0) Elevation=(0.00 deg) Azimuth=(375.43 deg) SNR=(0.0 dB) Rangeresiduals=(0) Status=("0")

3  : pgn=129025 line=Tx 10287290 09 f8 01 03 e2 78 6f 1c b9 5a fd b6
source=3: pgn=Position, Rapid Update(129025): values=Latitude=(47.706748999999995 deg) Longitude=(-122.4910151 deg)

3  : pgn=127258 line=Tx 10287290 19 f1 1a 03 ff f6 12 39 fa 0a ff ff
source=3: pgn=Magnetic Variation(127258): values=Source=("6") Ageofservice=(14610 d) Variation=(16.10 deg)

0  : pgn=127250 line=Rx 10287306 09 f1 12 00 ff f3 3a ff 7f ff 7f fd
source=0: pgn=Vessel Heading(127250): values=Heading=(86.47 deg) Deviation=(None) Variation=(None) Reference=("1")

0  : pgn=127245 line=Rx 10287307 09 f1 0d 00 00 f8 ff 7f 00 00 ff ff
source=0: pgn=Rudder(127245): values=Instance=(0) DirectionOrder=("0") AngleOrder=(None) Position=(0.00 deg)

0  : pgn=65359  line=Rx 10287315 1c ff 4f 00 3b 9f ff ff ff f3 3a ff
source=0: pgn=Seatalk: Pilot Heading(65359): values=ManufacturerCode=(1851) IndustryCode=(4) HeadingTrue=(None) HeadingMagnetic=(86.47 deg)

32 : pgn=128259 line=Rx 10287350 09 f5 03 20 8c 21 01 ff ff ff ff ff
source=32: pgn=Speed(128259): values=SpeedWaterReferenced=(2.89 m/s) SpeedGroundReferenced=(None) SpeedWaterReferencedType=(None) SpeedDirection=(None)

32 : pgn=130310 line=Rx 10287354 15 fd 06 20 a5 ff ff ff ff ff ff ff
source=32: pgn=Environmental Parameters (obsolete)(130310): values=WaterTemperature=(None) OutsideAmbientAirTemperature=(None) AtmosphericPressure=(None)

32 : pgn=128275 line=Rx 10287363 19 f5 13 20 e0 0e ff ff ff ff ff ff
32 : pgn=128275 line=Rx 10287368 19 f5 13 20 e1 67 ad 3c 00 67 ad 3c
32 : pgn=128275 line=Rx 10287373 19 f5 13 20 e2 00 ff ff ff ff ff ff
3  : pgn=129026 line=Tx 10287375 09 f8 02 03 ff fc e2 42 50 01 ff ff
source=3: pgn=COG & SOG, Rapid Update(129026): values=COGReference=("0") COG=(98.10 deg) SOG=(3.36 m/s)

3  : pgn=129025 line=Tx 10287375 09 f8 01 03 e2 78 6f 1c 64 5b fd b6
source=3: pgn=Position, Rapid Update(129025): values=Latitude=(47.706748999999995 deg) Longitude=(-122.49099799999999 deg)

1  : pgn=59936  line=Rx 10287395 18 ea 20 01 00 ee 00 00 00 00 00 00
0  : pgn=127250 line=Rx 10287400 09 f1 12 00 ff c3 3a ff 7f ff 7f fd
source=0: pgn=Vessel Heading(127250): values=Heading=(86.19 deg) Deviation=(None) Variation=(None) Reference=("1")

0  : pgn=127245 line=Rx 10287401 09 f1 0d 00 00 f8 ff 7f 00 00 ff ff
source=0: pgn=Rudder(127245): values=Instance=(0) DirectionOrder=("0") AngleOrder=(None) Position=(0.00 deg)

0  : pgn=65359  line=Rx 10287406 1c ff 4f 00 3b 9f ff ff ff c3 3a ff
source=0: pgn=Seatalk: Pilot Heading(65359): values=ManufacturerCode=(1851) IndustryCode=(4) HeadingTrue=(None) HeadingMagnetic=(86.19 deg)

4  : pgn=65384  line=Rx 10287409 1c ff 68 04 3b 9f 00 00 00 00 00 00
32 : pgn=128259 line=Rx 10287448 09 f5 03 20 8d 1c 01 ff ff ff ff ff
3  : pgn=129029 line=Tx 10287476 0d f8 05 03 a0 2b 5e 06 40 8c 4b 0b
3  : pgn=129029 line=Tx 10287476 0d f8 05 03 a1 2c 00 54 56 c3 5a e2
3  : pgn=129029 line=Tx 10287476 0d f8 05 03 a2 9e 06 00 e8 44 f0 dc
3  : pgn=129029 line=Tx 10287476 0d f8 05 03 a3 3e 00 ef ff ff ff ff
3  : pgn=129029 line=Tx 10287476 0d f8 05 03 a4 ff ff ff 7f 23 fc 09
3  : pgn=129029 line=Tx 10287476 0d f8 05 03 a5 54 00 ff 7f ff ff ff
3  : pgn=129029 line=Tx 10287476 0d f8 05 03 a6 7f 00 ff ff ff ff ff
3  : pgn=129025 line=Tx 10287476 09 f8 01 03 e2 78 6f 1c 64 5b fd b6
source=3: pgn=Position, Rapid Update(129025): values=Latitude=(47.706748999999995 deg) Longitude=(-122.49099799999999 deg)

3  : pgn=129033 line=Tx 10287476 0d f8 09 03 06 40 8c 4b 0b 2c 5c fe
source=3: pgn=Time & Date(129033): values=Date=(16390 d) Time=(73893.774 s) LocalOffset=(-25200.0 s)

0  : pgn=127250 line=Rx 10287505 09 f1 12 00 ff 9c 3a ff 7f ff 7f fd
source=0: pgn=Vessel Heading(127250): values=Heading=(85.97 deg) Deviation=(None) Variation=(None) Reference=("1")

0  : pgn=127245 line=Rx 10287505 09 f1 0d 00 00 f8 ff 7f 00 00 ff ff
source=0: pgn=Rudder(127245): values=Instance=(0) DirectionOrder=("0") AngleOrder=(None) Position=(0.00 deg)

0  : pgn=65359  line=Rx 10287512 1c ff 4f 00 3b 9f ff ff ff 9c 3a ff
source=0: pgn=Seatalk: Pilot Heading(65359): values=ManufacturerCode=(1851) IndustryCode=(4) HeadingTrue=(None) HeadingMagnetic=(85.97 deg)

32 : pgn=128259 line=Rx 10287547 09 f5 03 20 8e 26 01 ff ff ff ff ff
source=32: pgn=Speed(128259): values=SpeedWaterReferenced=(2.94 m/s) SpeedGroundReferenced=(None) SpeedWaterReferencedType=(None) SpeedDirection=(None)

1  : pgn=129038 line=Rx 10287550 11 f8 0e 01 80 1b c3 30 57 16 12 32
1  : pgn=129038 line=Rx 10287550 11 f8 0e 01 81 1a 14 b7 b8 b3 65 1c
1  : pgn=129038 line=Rx 10287551 11 f8 0e 01 82 84 9f a6 00 00 00 00
1  : pgn=129038 line=Rx 10287551 11 f8 0e 01 83 00 ab a5 00 00 f5 fe
3  : pgn=129026 line=Tx 10287576 09 f8 02 03 ff fc e2 42 50 01 ff ff
source=3: pgn=COG & SOG, Rapid Update(129026): values=COGReference=("0") COG=(98.10 deg) SOG=(3.36 m/s)

3  : pgn=129025 line=Tx 10287576 09 f8 01 03 e2 78 6f 1c 64 5b fd b6
source=3: pgn=Position, Rapid Update(129025): values=Latitude=(47.706748999999995 deg) Longitude=(-122.49099799999999 deg)

3  : pgn=126992 line=Tx 10287576 0d f0 10 03 ff ff 06 40 8c 4b 0b 2c
source=3: pgn=System Time(126992): values=Source=(None) Date=(16390 d) Time=(73893.774 s)

0  : pgn=127250 line=Rx 10287603 09 f1 12 00 ff 90 3a ff 7f ff 7f fd
source=0: pgn=Vessel Heading(127250): values=Heading=(85.90 deg) Deviation=(None) Variation=(None) Reference=("1")

0  : pgn=127245 line=Rx 10287604 09 f1 0d 00 00 f8 ff 7f 00 00 ff ff
source=0: pgn=Rudder(127245): values=Instance=(0) DirectionOrder=("0") AngleOrder=(None) Position=(0.00 deg)

0  : pgn=65379  line=Rx 10287608 1c ff 63 00 3b 9f 00 00 00 00 01 ff
source=0: pgn=Seatalk: Pilot Mode(65379): values=ManufacturerCode=(1851) IndustryCode=(4) PilotMode=(0) SubMode=(0) PilotModeData=(0)

0  : pgn=65359  line=Rx 10287609 1c ff 4f 00 3b 9f ff ff ff 90 3a ff
source=0: pgn=Seatalk: Pilot Heading(65359): values=ManufacturerCode=(1851) IndustryCode=(4) HeadingTrue=(None) HeadingMagnetic=(85.90 deg)

0  : pgn=126975 line=Rx 10287617 1d ef ff 00 c0 0d 3b 9f f0 81 84 06
0  : pgn=126975 line=Rx 10287619 1d ef ff 00 c1 2b ac 00 00 00 02 05
32 : pgn=128259 line=Rx 10287647 09 f5 03 20 8f 20 01 ff ff ff ff ff
source=32: pgn=Speed(128259): values=SpeedWaterReferenced=(2.88 m/s) SpeedGroundReferenced=(None) SpeedWaterReferencedType=(None) SpeedDirection=(None)

3  : pgn=129025 line=Tx 10287677 09 f8 01 03 d8 78 6f 1c a8 5b fd b6
source=3: pgn=Position, Rapid Update(129025): values=Latitude=(47.706748 deg) Longitude=(-122.4909912 deg)

0  : pgn=127250 line=Rx 10287693 09 f1 12 00 ff 7f 3a ff 7f ff 7f fd
source=0: pgn=Vessel Heading(127250): values=Heading=(85.80 deg) Deviation=(None) Variation=(None) Reference=("1")

0  : pgn=127245 line=Rx 10287694 09 f1 0d 00 00 f8 ff 7f 00 00 ff ff
source=0: pgn=Rudder(127245): values=Instance=(0) DirectionOrder=("0") AngleOrder=(None) Position=(0.00 deg)

1  : pgn=129039 line=Rx 10287700 11 f8 0f 01 80 1a 12 be d9 e8 15 dd
1  : pgn=129039 line=Rx 10287701 11 f8 0f 01 81 76 0a b7 d4 70 6c 1c
1  : pgn=129039 line=Rx 10287701 11 f8 0f 01 82 80 fd 83 ec 00 03 00
1  : pgn=129039 line=Rx 10287702 11 f8 0f 01 83 00 ff ff 00 fc ff ff
0  : pgn=65359  line=Rx 10287702 1c ff 4f 00 3b 9f ff ff ff 7f 3a ff
source=0: pgn=Seatalk: Pilot Heading(65359): values=ManufacturerCode=(1851) IndustryCode=(4) HeadingTrue=(None) HeadingMagnetic=(85.80 deg)

0  : pgn=126975 line=Rx 10287705 1d ef ff 00 e0 09 3b 9f f0 81 ae 02
0  : pgn=126975 line=Rx 10287707 1d ef ff 00 e1 00 08 00 ff ff ff ff
1  : pgn=129038 line=Rx 10287731 11 f8 0e 01 a0 1b c1 d2 d5 e2 15 ff
1  : pgn=129038 line=Rx 10287731 11 f8 0e 01 a1 ff ff 7f ff ff ff 7f
1  : pgn=129038 line=Rx 10287732 11 f8 0e 01 a2 fc ff ff ff ff 00 00
1  : pgn=129038 line=Rx 10287732 11 f8 0e 01 a3 00 ff ff ff 7f f0 fe
32 : pgn=128259 line=Rx 10287746 09 f5 03 20 90 1a 01 ff ff ff ff ff
source=32: pgn=Speed(128259): values=SpeedWaterReferenced=(2.82 m/s) SpeedGroundReferenced=(None) SpeedWaterReferencedType=(None) SpeedDirection=(None)

3  : pgn=129026 line=Tx 10287777 09 f8 02 03 ff fc 68 42 4f 01 ff ff
source=3: pgn=COG & SOG, Rapid Update(129026): values=COGReference=("0") COG=(97.40 deg) SOG=(3.35 m/s)

3  : pgn=129025 line=Tx 10287777 09 f8 01 03 d8 78 6f 1c a8 5b fd b6
source=3: pgn=Position, Rapid Update(129025): values=Latitude=(47.706748 deg) Longitude=(-122.4909912 deg)

3  : pgn=129291 line=Tx 10287777 0d f9 0b 03 ff fc ff 2c 32 00 ff ff
source=3: pgn=Set & Drift, Rapid Update(129291): values=SetReference=("0") Set=(66.00 deg) Drift=(0.5 m/s)

1  : pgn=129038 line=Rx 10287794 11 f8 0e 01 c0 1b c1 50 c6 e2 15 ff
1  : pgn=129038 line=Rx 10287795 11 f8 0e 01 c1 ff ff 7f ff ff ff 7f
1  : pgn=129038 line=Rx 10287795 11 f8 0e 01 c2 fc ff ff ff ff 03 00
1  : pgn=129038 line=Rx 10287796 11 f8 0e 01 c3 18 ff ff ff 7f f0 fe
0  : pgn=127250 line=Rx 10287811 09 f1 12 00 ff 6d 3a ff 7f ff 7f fd
source=0: pgn=Vessel Heading(127250): values=Heading=(85.70 deg) Deviation=(None) Variation=(None) Reference=("1")

0  : pgn=127245 line=Rx 10287812 09 f1 0d 00 00 f8 ff 7f 00 00 ff ff
source=0: pgn=Rudder(127245): values=Instance=(0) DirectionOrder=("0") AngleOrder=(None) Position=(0.00 deg)

0  : pgn=65359  line=Rx 10287818 1c ff 4f 00 3b 9f ff ff ff 6d 3a ff
source=0: pgn=Seatalk: Pilot Heading(65359): values=ManufacturerCode=(1851) IndustryCode=(4) HeadingTrue=(None) HeadingMagnetic=(85.70 deg)

32 : pgn=128259 line=Rx 10287846 09 f5 03 20 91 19 01 ff ff ff ff ff
source=32: pgn=Speed(128259): values=SpeedWaterReferenced=(2.81 m/s) SpeedGroundReferenced=(None) SpeedWaterReferencedType=(None) SpeedDirection=(None)

3  : pgn=129025 line=Tx 10287877 09 f8 01 03 c6 78 6f 1c f3 5b fd b6
source=3: pgn=Position, Rapid Update(129025): values=Latitude=(47.7067462 deg) Longitude=(-122.4909837 deg)

0  : pgn=127250 line=Rx 10287893 09 f1 12 00 ff 63 3a ff 7f ff 7f fd
source=0: pgn=Vessel Heading(127250): values=Heading=(85.64 deg) Deviation=(None) Variation=(None) Reference=("1")

0  : pgn=127245 line=Rx 10287893 09 f1 0d 00 00 f8 ff 7f 00 00 ff ff
source=0: pgn=Rudder(127245): values=Instance=(0) DirectionOrder=("0") AngleOrder=(None) Position=(0.00 deg)

0  : pgn=65359  line=Rx 10287900 1c ff 4f 00 3b 9f ff ff ff 63 3a ff
source=0: pgn=Seatalk: Pilot Heading(65359): values=ManufacturerCode=(1851) IndustryCode=(4) HeadingTrue=(None) HeadingMagnetic=(85.64 deg)

1  : pgn=129041 line=Rx 10287915 11 f8 11 01 60 30 55 75 89 3a 3b 6d
1  : pgn=129041 line=Rx 10287916 11 f8 11 01 61 8b 0a b7 5b f8 47 1c
1  : pgn=129041 line=Rx 10287916 11 f8 11 01 62 f4 00 00 00 00 00 00
1  : pgn=129041 line=Rx 10287917 11 f8 11 01 63 ff ff 12 ee ff e0 16
1  : pgn=129041 line=Rx 10287917 11 f8 11 01 64 01 50 53 20 54 53 4c
1  : pgn=129041 line=Rx 10287918 11 f8 11 01 65 20 4c 42 20 54 41 20
1  : pgn=129041 line=Rx 10287918 11 f8 11 01 66 20 20 20 20 20 20 20
32 : pgn=128259 line=Rx 10287945 09 f5 03 20 92 19 01 ff ff ff ff ff
source=32: pgn=Speed(128259): values=SpeedWaterReferenced=(2.81 m/s) SpeedGroundReferenced=(None) SpeedWaterReferencedType=(None) SpeedDirection=(None)

3  : pgn=129026 line=Tx 10287978 09 f8 02 03 ff fc ff 41 4e 01 ff ff
source=3: pgn=COG & SOG, Rapid Update(129026): values=COGReference=("0") COG=(96.80 deg) SOG=(3.34 m/s)

3  : pgn=130577 line=Tx 10287978 0d fe 11 03 c0 0e c0 5f ff 41 4e 01
3  : pgn=130577 line=Tx 10287978 0d fe 11 03 c1 ff ff ff ff 3a 33 3a
3  : pgn=130577 line=Tx 10287978 0d fe 11 03 c2 00 ff ff ff ff ff ff
3  : pgn=129025 line=Tx 10287978 09 f8 01 03 c6 78 6f 1c f3 5b fd b6
3  : pgn=130306 line=Tx 10287978 09 fd 02 03 ff 37 03 59 d3 fa ff ff
source=3: pgn=Wind Data(130306): values=WindSpeed=(8.23 m/s) WindAngle=(310.00 deg) Reference=("2")

1  : pgn=129794 line=Rx 10288008 19 fb 02 01 80 4b 05 1a 90 db 15 ff
1  : pgn=129794 line=Rx 10288009 19 fb 02 01 81 ff ff ff 57 59 58 32
1  : pgn=129794 line=Rx 10288009 19 fb 02 01 82 31 35 38 57 53 46 20
1  : pgn=129794 line=Rx 10288010 19 fb 02 01 83 57 41 4c 4c 41 20 57
1  : pgn=129794 line=Rx 10288010 19 fb 02 01 84 41 4c 4c 41 20 20 20
1  : pgn=129794 line=Rx 10288011 19 fb 02 01 85 20 20 3c 3c 05 04 01
1  : pgn=129794 line=Rx 10288011 19 fb 02 01 86 ff ff ff ff ff ff 00
1  : pgn=129794 line=Rx 10288012 19 fb 02 01 87 03 c5 28 ff ff ff 45
1  : pgn=129794 line=Rx 10288012 19 fb 02 01 88 41 54 54 4c 45 20 20
1  : pgn=129794 line=Rx 10288013 19 fb 02 01 89 20 20 20 20 20 20 20
1  : pgn=129794 line=Rx 10288014 19 fb 02 01 8a 20 20 20 20 05 e1 ff
0  : pgn=127250 line=Rx 10288017 09 f1 12 00 ff 47 3a ff 7f ff 7f fd
source=0: pgn=Vessel Heading(127250): values=Heading=(85.48 deg) Deviation=(None) Variation=(None) Reference=("1")

0  : pgn=127245 line=Rx 10288017 09 f1 0d 00 00 f8 ff 7f 00 00 ff ff
source=0: pgn=Rudder(127245): values=Instance=(0) DirectionOrder=("0") AngleOrder=(None) Position=(0.00 deg)

0  : pgn=65359  line=Rx 10288021 1c ff 4f 00 3b 9f ff ff ff 47 3a ff
source=0: pgn=Seatalk: Pilot Heading(65359): values=ManufacturerCode=(1851) IndustryCode=(4) HeadingTrue=(None) HeadingMagnetic=(85.48 deg)

1  : pgn=129038 line=Rx 10288038 11 f8 0e 01 e0 1b c1 62 83 dc 15 7c
1  : pgn=129038 line=Rx 10288038 11 f8 0e 01 e1 e7 f9 b6 f0 4d 62 1c
1  : pgn=129038 line=Rx 10288039 11 f8 0e 01 e2 89 64 d2 00 00 00 00
1  : pgn=129038 line=Rx 10288039 11 f8 0e 01 e3 00 cd c9 00 00 ff fe
32 : pgn=128259 line=Rx 10288045 09 f5 03 20 93 19 01 ff ff ff ff ff
source=32: pgn=Speed(128259): values=SpeedWaterReferenced=(2.81 m/s) SpeedGroundReferenced=(None) SpeedWaterReferencedType=(None) SpeedDirection=(None)

3  : pgn=129283 line=Tx 10288078 0d f9 03 03 ff 7f ff ff ff 7f ff ff
source=3: pgn=Cross Track Error(129283): values=XTEmode=(None) NavigationTerminated=("1") XTE=(None)

3  : pgn=129025 line=Tx 10288078 09 f8 01 03 c6 78 6f 1c f3 5b fd b6
source=3: pgn=Position, Rapid Update(129025): values=Latitude=(47.7067462 deg) Longitude=(-122.4909837 deg)

3  : pgn=128267 line=Tx 10288078 0d f5 0b 03 ff 02 3c 00 00 00 00 ff
source=3: pgn=Water Depth(128267): values=Depth=(153.62 m) Offset=(0.0 m) Range=(None)

0  : pgn=127250 line=Rx 10288092 09 f1 12 00 ff 33 3a ff 7f ff 7f fd
source=0: pgn=Vessel Heading(127250): values=Heading=(85.36 deg) Deviation=(None) Variation=(None) Reference=("1")

0  : pgn=127245 line=Rx 10288093 09 f1 0d 00 00 f8 ff 7f 00 00 ff ff
source=0: pgn=Rudder(127245): values=Instance=(0) DirectionOrder=("0") AngleOrder=(None) Position=(0.00 deg)

0  : pgn=65359  line=Rx 10288100 1c ff 4f 00 3b 9f ff ff ff 33 3a ff
source=0: pgn=Seatalk: Pilot Heading(65359): values=ManufacturerCode=(1851) IndustryCode=(4) HeadingTrue=(None) HeadingMagnetic=(85.36 deg)

0  : pgn=126975 line=Rx 10288109 1d ef ff 00 00 08 3b 9f f0 81 9c 81
0  : pgn=126975 line=Rx 10288111 1d ef ff 00 01 2a 00 ff ff ff ff ff
32 : pgn=128259 line=Rx 10288144 09 f5 03 20 94 19 01 ff ff ff ff ff
source=32: pgn=Speed(128259): values=SpeedWaterReferenced=(2.81 m/s) SpeedGroundReferenced=(None) SpeedWaterReferencedType=(None) SpeedDirection=(None)

3  : pgn=129026 line=Tx 10288179 09 f8 02 03 ff fc a8 41 4d 01 ff ff
source=3: pgn=COG & SOG, Rapid Update(129026): values=COGReference=("0") COG=(96.30 deg) SOG=(3.33 m/s)

3  : pgn=129025 line=Tx 10288179 09 f8 01 03 aa 78 6f 1c 7d 5c fd b6
source=3: pgn=Position, Rapid Update(129025): values=Latitude=(47.7067434 deg) Longitude=(-122.4909699 deg)

3  : pgn=129542 line=Tx 10288179 19 fa 06 03 c0 0f 5f 88 01 00 00 00
3  : pgn=129542 line=Tx 10288179 19 fa 06 03 c1 00 00 00 00 00 00 00
3  : pgn=129542 line=Tx 10288179 19 fa 06 03 c2 00 00 ff ff ff ff ff
3  : pgn=65364  line=Tx 10288179 1c ff 54 03 3b 9f 37 03 59 d3 ff ff
0  : pgn=127250 line=Rx 10288207 09 f1 12 00 ff 00 3a ff 7f ff 7f fd
source=0: pgn=Vessel Heading(127250): values=Heading=(85.07 deg) Deviation=(None) Variation=(None) Reference=("1")

0  : pgn=127245 line=Rx 10288208 09 f1 0d 00 00 f8 ff 7f 00 00 ff ff
source=0: pgn=Rudder(127245): values=Instance=(0) DirectionOrder=("0") AngleOrder=(None) Position=(0.00 deg)

0  : pgn=65359  line=Rx 10288212 1c ff 4f 00 3b 9f ff ff ff 00 3a ff
source=0: pgn=Seatalk: Pilot Heading(65359): values=ManufacturerCode=(1851) IndustryCode=(4) HeadingTrue=(None) HeadingMagnetic=(85.07 deg)

32 : pgn=128259 line=Rx 10288244 09 f5 03 20 95 17 01 ff ff ff ff ff
source=32: pgn=Speed(128259): values=SpeedWaterReferenced=(2.79 m/s) SpeedGroundReferenced=(None) SpeedWaterReferencedType=(None) SpeedDirection=(None)

32 : pgn=65368  line=Rx 10288278 1c ff 58 20 3b 9f 35 56 71 ff ff ff
1  : pgn=129041 line=Rx 10288279 11 f8 11 01 80 30 55 75 89 3a 3b 6d
3  : pgn=129540 line=Tx 10288279 19 fa 04 03 00 9f 81 ff 0d 03 45 1b
source=3: pgn=GNSS Sats in View(129540): values=RangeResidualMode=(None) SatsinView=(129) PRN=(None) Elevation=(4.47 deg) Azimuth=(40.00 deg) SNR=(0.0 dB) Rangeresiduals=(0) Status=("0")

3  : pgn=129540 line=Tx 10288279 19 fa 04 03 01 2e 26 00 00 00 00 00
source=3: pgn=GNSS Sats in View(129540): values=RangeResidualMode=("0") SatsinView=(38) PRN=(0) Elevation=(0.00 deg) Azimuth=(0.00 deg) SNR=(0.0 dB) Rangeresiduals=(0) Status=("0")

3  : pgn=129540 line=Tx 10288279 19 fa 04 03 02 00 f3 0f ff 1d 5c 3d
source=3: pgn=GNSS Sats in View(129540): values=RangeResidualMode=("0") SatsinView=(243) PRN=(15) Elevation=(44.00 deg) Azimuth=(90.00 deg) SNR=(0.0 dB) Rangeresiduals=(0) Status=("0")

3  : pgn=129540 line=Tx 10288279 19 fa 04 03 03 48 0d 00 00 00 00 f5
source=3: pgn=GNSS Sats in View(129540): values=RangeResidualMode=("0") SatsinView=(13) PRN=(0) Elevation=(0.00 deg) Azimuth=(359.36 deg) SNR=(0.0 dB) Rangeresiduals=(0) Status=("0")

3  : pgn=129540 line=Tx 10288279 19 fa 04 03 04 10 17 13 71 b9 10 0e
source=3: pgn=GNSS Sats in View(129540): values=RangeResidualMode=("0") SatsinView=(23) PRN=(19) Elevation=(-103.49 deg) Azimuth=(20.63 deg) SNR=(0.0 dB) Rangeresiduals=(0) Status=("0")

3  : pgn=129540 line=Tx 10288279 19 fa 04 03 05 00 00 00 00 f5 12 c5
source=3: pgn=GNSS Sats in View(129540): values=RangeResidualMode=("0") SatsinView=(0) PRN=(0) Elevation=(-16.13 deg) Azimuth=(289.06 deg) SNR=(0.0 dB) Rangeresiduals=(0) Status=("0")

3  : pgn=129540 line=Tx 10288279 19 fa 04 03 06 31 f2 93 48 0d 00 00
source=3: pgn=GNSS Sats in View(129540): values=RangeResidualMode=("1") SatsinView=(242) PRN=(147) Elevation=(19.48 deg) Azimuth=(0.00 deg) SNR=(0.0 dB) Rangeresiduals=(0) Status=("0")

3  : pgn=129540 line=Tx 10288279 19 fa 04 03 07 00 00 f5 13 ba 02 1f
source=3: pgn=GNSS Sats in View(129540): values=RangeResidualMode=("0") SatsinView=(0) PRN=(245) Elevation=(-102.57 deg) Azimuth=(45.48 deg) SNR=(0.0 dB) Rangeresiduals=(0) Status=("0")

3  : pgn=129540 line=Tx 10288279 19 fa 04 03 08 d8 80 0c 00 00 00 00
source=3: pgn=GNSS Sats in View(129540): values=RangeResidualMode=("0") SatsinView=(128) PRN=(12) Elevation=(0.00 deg) Azimuth=(0.00 deg) SNR=(0.0 dB) Rangeresiduals=(0) Status=("0")

3  : pgn=129540 line=Tx 10288279 19 fa 04 03 09 f5 15 e8 37 5d 1f e4
source=3: pgn=GNSS Sats in View(129540): values=RangeResidualMode=("1") SatsinView=(21) PRN=(232) Elevation=(136.72 deg) Azimuth=(334.60 deg) SNR=(0.0 dB) Rangeresiduals=(0) Status=("0")

3  : pgn=129540 line=Tx 10288279 19 fa 04 03 0a 0c 00 00 00 00 f5 16
source=3: pgn=GNSS Sats in View(129540): values=RangeResidualMode=("0") SatsinView=(0) PRN=(0) Elevation=(0.00 deg) Azimuth=(33.67 deg) SNR=(0.0 dB) Rangeresiduals=(0) Status=("0")

1  : pgn=129041 line=Rx 10288279 11 f8 11 01 81 8b 0a b7 5b f8 47 1c
1  : pgn=129041 line=Rx 10288280 11 f8 11 01 82 f4 00 00 00 00 00 00
1  : pgn=129041 line=Rx 10288281 11 f8 11 01 83 ff ff 12 ee ff e0 16
1  : pgn=129041 line=Rx 10288281 11 f8 11 01 84 01 50 53 20 54 53 4c
1  : pgn=129041 line=Rx 10288282 11 f8 11 01 85 20 4c 42 20 54 41 20
1  : pgn=129041 line=Rx 10288282 11 f8 11 01 86 20 20 20 20 20 20 20
3  : pgn=129540 line=Tx 10288283 19 fa 04 03 0b d1 15 cf 9c a0 0f 00
source=3: pgn=GNSS Sats in View(129540): values=RangeResidualMode=("1") SatsinView=(21) PRN=(207) Elevation=(-139.92 deg) Azimuth=(0.09 deg) SNR=(0.0 dB) Rangeresiduals=(0) Status=("0")

3  : pgn=129540 line=Tx 10288285 19 fa 04 03 0c 00 00 00 f5 1a ae 0f
source=3: pgn=GNSS Sats in View(129540): values=RangeResidualMode=("0") SatsinView=(0) PRN=(0) Elevation=(39.54 deg) Azimuth=(23.00 deg) SNR=(0.0 dB) Rangeresiduals=(0) Status=("0")

3  : pgn=129540 line=Tx 10288285 19 fa 04 03 0d 0b 20 b8 0b 00 00 00
source=3: pgn=GNSS Sats in View(129540): values=RangeResidualMode=(None) SatsinView=(32) PRN=(184) Elevation=(0.06 deg) Azimuth=(0.00 deg) SNR=(0.0 dB) Rangeresiduals=(0) Status=("0")

3  : pgn=129540 line=Tx 10288286 19 fa 04 03 0e 00 f5 1b d1 15 ab d2
source=3: pgn=GNSS Sats in View(129540): values=RangeResidualMode=("0") SatsinView=(245) PRN=(27) Elevation=(32.00 deg) Azimuth=(309.00 deg) SNR=(0.0 dB) Rangeresiduals=(0) Status=("0")

3  : pgn=129540 line=Tx 10288287 19 fa 04 03 0f 48 0d 00 00 00 00 f5
source=3: pgn=GNSS Sats in View(129540): values=RangeResidualMode=("0") SatsinView=(13) PRN=(0) Elevation=(0.00 deg) Azimuth=(359.36 deg) SNR=(0.0 dB) Rangeresiduals=(0) Status=("0")

3  : pgn=129540 line=Tx 10288288 19 fa 04 03 10 1d 00 0f a1 67 ac 0d
source=3: pgn=GNSS Sats in View(129540): values=RangeResidualMode=("1") SatsinView=(0) PRN=(15) Elevation=(152.00 deg) Azimuth=(20.05 deg) SNR=(0.0 dB) Rangeresiduals=(0) Status=("0")

3  : pgn=129540 line=Tx 10288288 19 fa 04 03 11 00 00 00 00 f5 23 d1
source=3: pgn=GNSS Sats in View(129540): values=RangeResidualMode=("0") SatsinView=(0) PRN=(0) Elevation=(-16.13 deg) Azimuth=(306.76 deg) SNR=(0.0 dB) Rangeresiduals=(0) Status=("0")

3  : pgn=129540 line=Tx 10288289 19 fa 04 03 12 15 c3 8b 00 00 00 00
source=3: pgn=GNSS Sats in View(129540): values=RangeResidualMode=("1") SatsinView=(195) PRN=(139) Elevation=(0.00 deg) Azimuth=(0.00 deg) SNR=(0.0 dB) Rangeresiduals=(0) Status=("0")

3  : pgn=129540 line=Tx 10288290 19 fa 04 03 13 00 00 f3 30 2e 17 43
source=3: pgn=GNSS Sats in View(129540): values=RangeResidualMode=("0") SatsinView=(0) PRN=(243) Elevation=(67.75 deg) Azimuth=(98.41 deg) SNR=(0.0 dB) Rangeresiduals=(0) Status=("0")

3  : pgn=129540 line=Tx 10288290 19 fa 04 03 14 84 1c 0c 00 00 00 00
source=3: pgn=GNSS Sats in View(129540): values=RangeResidualMode=("0") SatsinView=(28) PRN=(12) Elevation=(0.00 deg) Azimuth=(0.00 deg) SNR=(0.0 dB) Rangeresiduals=(0) Status=("0")

3  : pgn=129540 line=Tx 10288291 19 fa 04 03 15 f5 33 80 16 67 6c f0
source=3: pgn=GNSS Sats in View(129540): values=RangeResidualMode=("1") SatsinView=(51) PRN=(128) Elevation=(151.20 deg) Azimuth=(352.64 deg) SNR=(0.0 dB) Rangeresiduals=(0) Status=("0")

3  : pgn=129540 line=Tx 10288293 19 fa 04 03 16 0a 00 00 00 00 f5 ff
source=3: pgn=GNSS Sats in View(129540): values=RangeResidualMode=("0") SatsinView=(0) PRN=(0) Elevation=(0.00 deg) Azimuth=(375.43 deg) SNR=(0.0 dB) Rangeresiduals=(0) Status=("0")

3  : pgn=129025 line=Tx 10288293 09 f8 01 03 aa 78 6f 1c 7d 5c fd b6
source=3: pgn=Position, Rapid Update(129025): values=Latitude=(47.7067434 deg) Longitude=(-122.4909699 deg)

3  : pgn=127258 line=Tx 10288294 19 f1 1a 03 ff f6 12 39 fa 0a ff ff
source=3: pgn=Magnetic Variation(127258): values=Source=("6") Ageofservice=(14610 d) Variation=(16.10 deg)

0  : pgn=127250 line=Rx 10288313 09 f1 12 00 ff c4 39 ff 7f ff 7f fd
source=0: pgn=Vessel Heading(127250): values=Heading=(84.73 deg) Deviation=(None) Variation=(None) Reference=("1")

0  : pgn=127245 line=Rx 10288313 09 f1 0d 00 00 f8 ff 7f 00 00 ff ff
source=0: pgn=Rudder(127245): values=Instance=(0) DirectionOrder=("0") AngleOrder=(None) Position=(0.00 deg)

0  : pgn=65359  line=Rx 10288321 1c ff 4f 00 3b 9f ff ff ff c4 39 ff
source=0: pgn=Seatalk: Pilot Heading(65359): values=ManufacturerCode=(1851) IndustryCode=(4) HeadingTrue=(None) HeadingMagnetic=(84.73 deg)

32 : pgn=128259 line=Rx 10288346 09 f5 03 20 96 13 01 ff ff ff ff ff
source=32: pgn=Speed(128259): values=SpeedWaterReferenced=(2.75 m/s) SpeedGroundReferenced=(None) SpeedWaterReferencedType=(None) SpeedDirection=(None)

32 : pgn=130310 line=Rx 10288349 15 fd 06 20 a6 ff ff ff ff ff ff ff
source=32: pgn=Environmental Parameters (obsolete)(130310): values=WaterTemperature=(None) OutsideAmbientAirTemperature=(None) AtmosphericPressure=(None)

32 : pgn=128275 line=Rx 10288359 19 f5 13 20 00 0e ff ff ff ff ff ff
source=32: pgn=Distance Log(128275): values=Date=(3584 d) Time=(None) Log=(0 m) TripLog=(0 m)

32 : pgn=128275 line=Rx 10288364 19 f5 13 20 01 79 ad 3c 00 79 ad 3c
source=32: pgn=Distance Log(128275): values=Date=(30977 d) Time=(203005.86690000002 s) Log=(0 m) TripLog=(0 m)

32 : pgn=128275 line=Rx 10288369 19 f5 13 20 02 00 ff ff ff ff ff ff
source=32: pgn=Distance Log(128275): values=Date=(2 d) Time=(None) Log=(0 m) TripLog=(0 m)

3  : pgn=129026 line=Tx 10288379 09 f8 02 03 ff fc a8 41 4d 01 ff ff
source=3: pgn=COG & SOG, Rapid Update(129026): values=COGReference=("0") COG=(96.30 deg) SOG=(3.33 m/s)

3  : pgn=129025 line=Tx 10288379 09 f8 01 03 aa 78 6f 1c 7d 5c fd b6
source=3: pgn=Position, Rapid Update(129025): values=Latitude=(47.7067434 deg) Longitude=(-122.4909699 deg)

1  : pgn=59936  line=Rx 10288400 18 ea 20 01 00 ee 00 00 00 00 00 00
0  : pgn=127250 line=Rx 10288406 09 f1 12 00 ff a6 39 ff 7f ff 7f fd
source=0: pgn=Vessel Heading(127250): values=Heading=(84.56 deg) Deviation=(None) Variation=(None) Reference=("1")

0  : pgn=127245 line=Rx 10288407 09 f1 0d 00 00 f8 ff 7f 00 00 ff ff
source=0: pgn=Rudder(127245): values=Instance=(0) DirectionOrder=("0") AngleOrder=(None) Position=(0.00 deg)

4  : pgn=65384  line=Rx 10288409 1c ff 68 04 3b 9f 00 00 00 00 00 00
0  : pgn=65359  line=Rx 10288413 1c ff 4f 00 3b 9f ff ff ff a6 39 ff
source=0: pgn=Seatalk: Pilot Heading(65359): values=ManufacturerCode=(1851) IndustryCode=(4) HeadingTrue=(None) HeadingMagnetic=(84.56 deg)

32 : pgn=128259 line=Rx 10288443 09 f5 03 20 97 14 01 ff ff ff ff ff
source=32: pgn=Speed(128259): values=SpeedWaterReferenced=(2.7600000000000002 m/s) SpeedGroundReferenced=(None) SpeedWaterReferencedType=(None) SpeedDirection=(None)

3  : pgn=129029 line=Tx 10288479 0d f8 05 03 c0 2b 5f 06 40 a0 73 0b
3  : pgn=129029 line=Tx 10288479 0d f8 05 03 c1 2c 00 ac 38 ee 4a e2
3  : pgn=129029 line=Tx 10288479 0d f8 05 03 c2 9e 06 00 a8 1a e5 2e
3  : pgn=129029 line=Tx 10288479 0d f8 05 03 c3 3f 00 ef ff ff ff ff
3  : pgn=129029 line=Tx 10288479 0d f8 05 03 c4 ff ff ff 7f 23 fc 09
3  : pgn=129029 line=Tx 10288479 0d f8 05 03 c5 54 00 ff 7f ff ff ff
3  : pgn=129029 line=Tx 10288479 0d f8 05 03 c6 7f 00 ff ff ff ff ff
3  : pgn=129025 line=Tx 10288480 09 f8 01 03 9e 78 6f 1c c4 5c fd b6
source=3: pgn=Position, Rapid Update(129025): values=Latitude=(47.7067422 deg) Longitude=(-122.49096279999999 deg)

3  : pgn=129033 line=Tx 10288480 0d f8 09 03 06 40 a0 73 0b 2c 5c fe
source=3: pgn=Time & Date(129033): values=Date=(16390 d) Time=(73894.8 s) LocalOffset=(-25200.0 s)

1  : pgn=129038 line=Rx 10288492 11 f8 0e 01 00 1b c1 44 d6 e0 15 65
source=1: pgn=AIS Class A Position Report(129038): values=MessageID=(0) RepeatIndicator=("0") UserID=(3594830107) Longitude=(0.0 deg) Latitude=(0.0 deg) PositionAccuracy=("0") RAIM=("0") TimeStamp=("0") COG=(0.00 deg) SOG=(0.0 m/s) CommunicationState=(0) AISTransceiverinformation=("0") Heading=(0.00 deg) RateofTurn=(0.00 deg/s) NavStatus=("0") SpecialManeuverIndicator=("0") Spare=(0) SequenceID=(0)

1  : pgn=129038 line=Rx 10288492 11 f8 0e 01 01 eb 0c b7 cf 54 69 1c
source=1: pgn=AIS Class A Position Report(129038): values=MessageID=(1) RepeatIndicator=("0") UserID=(3484880107) Longitude=(0.0 deg) Latitude=(0.0 deg) PositionAccuracy=("0") RAIM=("0") TimeStamp=("0") COG=(0.00 deg) SOG=(0.0 m/s) CommunicationState=(0) AISTransceiverinformation=("0") Heading=(0.00 deg) RateofTurn=(0.00 deg/s) NavStatus=("0") SpecialManeuverIndicator=("0") Spare=(0) SequenceID=(0)

1  : pgn=129038 line=Rx 10288493 11 f8 0e 01 02 86 01 f1 00 00 00 00
source=1: pgn=AIS Class A Position Report(129038): values=MessageID=(2) RepeatIndicator=("0") UserID=(15794566) Longitude=(0.0 deg) Latitude=(0.0 deg) PositionAccuracy=("0") RAIM=("0") TimeStamp=("0") COG=(0.00 deg) SOG=(0.0 m/s) CommunicationState=(0) AISTransceiverinformation=("0") Heading=(0.00 deg) RateofTurn=(0.00 deg/s) NavStatus=("0") SpecialManeuverIndicator=("0") Spare=(0) SequenceID=(0)

1  : pgn=129038 line=Rx 10288493 11 f8 0e 01 03 00 ff ff ff 7f f0 fe
source=1: pgn=AIS Class A Position Report(129038): values=MessageID=(3) RepeatIndicator=("0") UserID=(4294967040) Longitude=(0.0 deg) Latitude=(0.0 deg) PositionAccuracy=("0") RAIM=("0") TimeStamp=("0") COG=(0.00 deg) SOG=(0.0 m/s) CommunicationState=(0) AISTransceiverinformation=("0") Heading=(0.00 deg) RateofTurn=(0.00 deg/s) NavStatus=("0") SpecialManeuverIndicator=("0") Spare=(0) SequenceID=(0)

0  : pgn=127250 line=Rx 10288506 09 f1 12 00 ff 75 39 ff 7f ff 7f fd
source=0: pgn=Vessel Heading(127250): values=Heading=(84.28 deg) Deviation=(None) Variation=(None) Reference=("1")

0  : pgn=127245 line=Rx 10288507 09 f1 0d 00 00 f8 ff 7f 00 00 ff ff
source=0: pgn=Rudder(127245): values=Instance=(0) DirectionOrder=("0") AngleOrder=(None) Position=(0.00 deg)

0  : pgn=65359  line=Rx 10288513 1c ff 4f 00 3b 9f ff ff ff 75 39 ff
source=0: pgn=Seatalk: Pilot Heading(65359): values=ManufacturerCode=(1851) IndustryCode=(4) HeadingTrue=(None) HeadingMagnetic=(84.28 deg)

32 : pgn=128259 line=Rx 10288543 09 f5 03 20 98 17 01 ff ff ff ff ff
source=32: pgn=Speed(128259): values=SpeedWaterReferenced=(2.79 m/s) SpeedGroundReferenced=(None) SpeedWaterReferencedType=(None) SpeedDirection=(None)

3  : pgn=129026 line=Tx 10288579 09 f8 02 03 ff fc 50 41 4b 01 ff ff
source=3: pgn=COG & SOG, Rapid Update(129026): values=COGReference=("0") COG=(95.80 deg) SOG=(3.31 m/s)

3  : pgn=129025 line=Tx 10288580 09 f8 01 03 9e 78 6f 1c c4 5c fd b6
source=3: pgn=Position, Rapid Update(129025): values=Latitude=(47.7067422 deg) Longitude=(-122.49096279999999 deg)

3  : pgn=126992 line=Tx 10288580 0d f0 10 03 ff ff 06 40 a0 73 0b 2c
source=3: pgn=System Time(126992): values=Source=(None) Date=(16390 d) Time=(73894.8 s)

0  : pgn=127250 line=Rx 10288606 09 f1 12 00 ff 5d 39 ff 7f ff 7f fd
source=0: pgn=Vessel Heading(127250): values=Heading=(84.14 deg) Deviation=(None) Variation=(None) Reference=("1")

0  : pgn=127245 line=Rx 10288607 09 f1 0d 00 00 f8 ff 7f 00 00 ff ff
source=0: pgn=Rudder(127245): values=Instance=(0) DirectionOrder=("0") AngleOrder=(None) Position=(0.00 deg)

0  : pgn=65379  line=Rx 10288611 1c ff 63 00 3b 9f 00 00 00 00 01 ff
source=0: pgn=Seatalk: Pilot Mode(65379): values=ManufacturerCode=(1851) IndustryCode=(4) PilotMode=(0) SubMode=(0) PilotModeData=(0)

0  : pgn=65359  line=Rx 10288612 1c ff 4f 00 3b 9f ff ff ff 5d 39 ff
source=0: pgn=Seatalk: Pilot Heading(65359): values=ManufacturerCode=(1851) IndustryCode=(4) HeadingTrue=(None) HeadingMagnetic=(84.14 deg)

0  : pgn=126975 line=Rx 10288621 1d ef ff 00 20 0d 3b 9f f0 81 84 06
0  : pgn=126975 line=Rx 10288623 1d ef ff 00 21 2a a8 00 00 00 02 05
32 : pgn=128259 line=Rx 10288642 09 f5 03 20 99 17 01 ff ff ff ff ff
source=32: pgn=Speed(128259): values=SpeedWaterReferenced=(2.79 m/s) SpeedGroundReferenced=(None) SpeedWaterReferencedType=(None) SpeedDirection=(None)

3  : pgn=129025 line=Tx 10288680 09 f8 01 03 9e 78 6f 1c c4 5c fd b6
source=3: pgn=Position, Rapid Update(129025): values=Latitude=(47.7067422 deg) Longitude=(-122.49096279999999 deg)

0  : pgn=127250 line=Rx 10288692 09 f1 12 00 ff 36 39 ff 7f ff 7f fd
source=0: pgn=Vessel Heading(127250): values=Heading=(83.92 deg) Deviation=(None) Variation=(None) Reference=("1")

0  : pgn=127245 line=Rx 10288693 09 f1 0d 00 00 f8 ff 7f 00 00 ff ff
source=0: pgn=Rudder(127245): values=Instance=(0) DirectionOrder=("0") AngleOrder=(None) Position=(0.00 deg)

0  : pgn=65359  line=Rx 10288700 1c ff 4f 00 3b 9f ff ff ff 36 39 ff
source=0: pgn=Seatalk: Pilot Heading(65359): values=ManufacturerCode=(1851) IndustryCode=(4) HeadingTrue=(None) HeadingMagnetic=(83.92 deg)

0  : pgn=126975 line=Rx 10288703 1d ef ff 00 40 09 3b 9f f0 81 ae 02
1  : pgn=129038 line=Rx 10288704 11 f8 0e 01 20 1b c1 25 49 e5 15 8f
1  : pgn=129038 line=Rx 10288704 11 f8 0e 01 21 2d 0e b7 7f 12 68 1c
1  : pgn=129038 line=Rx 10288705 11 f8 0e 01 22 8e d3 bb 00 00 00 00
1  : pgn=129038 line=Rx 10288706 11 f8 0e 01 23 00 ff ff ff 7f f0 fe
0  : pgn=126975 line=Rx 10288706 1d ef ff 00 41 00 08 00 ff ff ff ff
32 : pgn=128259 line=Rx 10288742 09 f5 03 20 9a 1a 01 ff ff ff ff ff
source=32: pgn=Speed(128259): values=SpeedWaterReferenced=(2.82 m/s) SpeedGroundReferenced=(None) SpeedWaterReferencedType=(None) SpeedDirection=(None)

3  : pgn=129026 line=Tx 10288780 09 f8 02 03 ff fc 0a 41 4a 01 ff ff
source=3: pgn=COG & SOG, Rapid Update(129026): values=COGReference=("0") COG=(95.40 deg) SOG=(3.3000000000000003 m/s)

3  : pgn=129025 line=Tx 10288780 09 f8 01 03 90 78 6f 1c 55 5d fd b6
source=3: pgn=Position, Rapid Update(129025): values=Latitude=(47.7067408 deg) Longitude=(-122.4909483 deg)

3  : pgn=129291 line=Tx 10288780 0d f9 0b 03 ff fc 3a 33 3a 00 ff ff
source=3: pgn=Set & Drift, Rapid Update(129291): values=SetReference=("0") Set=(75.14 deg) Drift=(0.58 m/s)

3  : pgn=129044 line=Tx 10288780 19 f8 14 03 a0 14 57 38 34 00 00 00
3  : pgn=129044 line=Tx 10288780 19 f8 14 03 a1 00 00 00 00 00 00 00
3  : pgn=129044 line=Tx 10288780 19 f8 14 03 a2 00 00 00 57 38 34 00
0  : pgn=127250 line=Rx 10288814 09 f1 12 00 ff 16 39 ff 7f ff 7f fd
source=0: pgn=Vessel Heading(127250): values=Heading=(83.73 deg) Deviation=(None) Variation=(None) Reference=("1")

0  : pgn=127245 line=Rx 10288815 09 f1 0d 00 00 f8 ff 7f 00 00 ff ff
source=0: pgn=Rudder(127245): values=Instance=(0) DirectionOrder=("0") AngleOrder=(None) Position=(0.00 deg)

0  : pgn=65359  line=Rx 10288821 1c ff 4f 00 3b 9f ff ff ff 16 39 ff
source=0: pgn=Seatalk: Pilot Heading(65359): values=ManufacturerCode=(1851) IndustryCode=(4) HeadingTrue=(None) HeadingMagnetic=(83.73 deg)

32 : pgn=128259 line=Rx 10288841 09 f5 03 20 9b 1f 01 ff ff ff ff ff
source=32: pgn=Speed(128259): values=SpeedWaterReferenced=(2.87 m/s) SpeedGroundReferenced=(None) SpeedWaterReferencedType=(None) SpeedDirection=(None)

3  : pgn=129025 line=Tx 10288882 09 f8 01 03 90 78 6f 1c 55 5d fd b6
1  : pgn=129038 line=Rx 10288887 11 f8 0e 01 40 1b c3 fa 89 e8 15 73
1  : pgn=129038 line=Rx 10288887 11 f8 0e 01 41 99 13 b7 16 55 60 1c
1  : pgn=129038 line=Rx 10288888 11 f8 0e 01 42 88 81 dd 91 01 00 00
1  : pgn=129038 line=Rx 10288889 11 f8 0e 01 43 00 70 d7 d2 e5 ff fe
0  : pgn=127250 line=Rx 10288893 09 f1 12 00 ff 07 39 ff 7f ff 7f fd
source=0: pgn=Vessel Heading(127250): values=Heading=(83.65 deg) Deviation=(None) Variation=(None) Reference=("1")

0  : pgn=127245 line=Rx 10288894 09 f1 0d 00 00 f8 ff 7f 00 00 ff ff
source=0: pgn=Rudder(127245): values=Instance=(0) DirectionOrder=("0") AngleOrder=(None) Position=(0.00 deg)

0  : pgn=65359  line=Rx 10288901 1c ff 4f 00 3b 9f ff ff ff 07 39 ff
source=0: pgn=Seatalk: Pilot Heading(65359): values=ManufacturerCode=(1851) IndustryCode=(4) HeadingTrue=(None) HeadingMagnetic=(83.65 deg)

32 : pgn=128259 line=Rx 10288941 09 f5 03 20 9c 23 01 ff ff ff ff ff
source=32: pgn=Speed(128259): values=SpeedWaterReferenced=(2.91 m/s) SpeedGroundReferenced=(None) SpeedWaterReferencedType=(None) SpeedDirection=(None)

3  : pgn=129026 line=Tx 10288981 09 f8 02 03 ff fc 7f 40 49 01 ff ff
source=3: pgn=COG & SOG, Rapid Update(129026): values=COGReference=("0") COG=(94.60 deg) SOG=(3.29 m/s)

3  : pgn=130577 line=Tx 10288981 0d fe 11 03 e0 0e c0 60 7f 40 49 01
3  : pgn=130577 line=Tx 10288981 0d fe 11 03 e1 ff ff ff ff f6 30 35
3  : pgn=130577 line=Tx 10288981 0d fe 11 03 e2 00 ff ff ff ff ff ff
3  : pgn=129025 line=Tx 10288981 09 f8 01 03 7b 78 6f 1c a0 5d fd b6
3  : pgn=130306 line=Tx 10288981 09 fd 02 03 ff 37 03 f1 cf fa ff ff
source=3: pgn=Wind Data(130306): values=WindSpeed=(8.23 m/s) WindAngle=(305.00 deg) Reference=("2")

0  : pgn=127250 line=Rx 10289014 09 f1 12 00 ff e9 38 ff 7f ff 7f fd
source=0: pgn=Vessel Heading(127250): values=Heading=(83.47 deg) Deviation=(None) Variation=(None) Reference=("1")

0  : pgn=127245 line=Rx 10289015 09 f1 0d 00 00 f8 ff 7f 00 00 ff ff
source=0: pgn=Rudder(127245): values=Instance=(0) DirectionOrder=("0") AngleOrder=(None) Position=(0.00 deg)

0  : pgn=65359  line=Rx 10289019 1c ff 4f 00 3b 9f ff ff ff e9 38 ff
source=0: pgn=Seatalk: Pilot Heading(65359): values=ManufacturerCode=(1851) IndustryCode=(4) HeadingTrue=(None) HeadingMagnetic=(83.47 deg)

32 : pgn=128259 line=Rx 10289040 09 f5 03 20 9d 25 01 ff ff ff ff ff
source=32: pgn=Speed(128259): values=SpeedWaterReferenced=(2.93 m/s) SpeedGroundReferenced=(None) SpeedWaterReferencedType=(None) SpeedDirection=(None)

4  : pgn=126975 line=Rx 10289068 1d ef ff 04 80 07 3b 9f f0 81 90 00
4  : pgn=126975 line=Rx 10289069 1d ef ff 04 81 03 ff ff ff ff ff ff
3  : pgn=129283 line=Tx 10289082 0d f9 03 03 ff 7f ff ff ff 7f ff ff
source=3: pgn=Cross Track Error(129283): values=XTEmode=(None) NavigationTerminated=("1") XTE=(None)

3  : pgn=129025 line=Tx 10289082 09 f8 01 03 7b 78 6f 1c a0 5d fd b6
source=3: pgn=Position, Rapid Update(129025): values=Latitude=(47.706738699999995 deg) Longitude=(-122.49094079999999 deg)

3  : pgn=128267 line=Tx 10289082 0d f5 0b 03 ff 0e 3c 00 00 00 00 ff
source=3: pgn=Water Depth(128267): values=Depth=(153.74 m) Offset=(0.0 m) Range=(None)

0  : pgn=127250 line=Rx 10289099 09 f1 12 00 ff cb 38 ff 7f ff 7f fd
source=0: pgn=Vessel Heading(127250): values=Heading=(83.30 deg) Deviation=(None) Variation=(None) Reference=("1")

0  : pgn=127245 line=Rx 10289099 09 f1 0d 00 00 f8 ff 7f 00 00 ff ff
source=0: pgn=Rudder(127245): values=Instance=(0) DirectionOrder=("0") AngleOrder=(None) Position=(0.00 deg)

0  : pgn=65359  line=Rx 10289106 1c ff 4f 00 3b 9f ff ff ff cb 38 ff
source=0: pgn=Seatalk: Pilot Heading(65359): values=ManufacturerCode=(1851) IndustryCode=(4) HeadingTrue=(None) HeadingMagnetic=(83.30 deg)

0  : pgn=126975 line=Rx 10289108 1d ef ff 00 60 08 3b 9f f0 81 9c c1
0  : pgn=126975 line=Rx 10289110 1d ef ff 00 61 29 00 ff ff ff ff ff
1  : pgn=129038 line=Rx 10289128 11 f8 0e 01 60 1b c2 02 43 e6 15 c3
1  : pgn=129038 line=Rx 10289128 11 f8 0e 01 61 1d 0e b7 e6 3e 68 1c
1  : pgn=129038 line=Rx 10289129 11 f8 0e 01 62 88 68 06 00 00 00 00
1  : pgn=129038 line=Rx 10289129 11 f8 0e 01 63 00 ff ff ff 7f ff fe
32 : pgn=128259 line=Rx 10289140 09 f5 03 20 9e 27 01 ff ff ff ff ff
source=32: pgn=Speed(128259): values=SpeedWaterReferenced=(2.95 m/s) SpeedGroundReferenced=(None) SpeedWaterReferencedType=(None) SpeedDirection=(None)

3  : pgn=129026 line=Tx 10289183 09 f8 02 03 ff fc 7f 40 49 01 ff ff
source=3: pgn=COG & SOG, Rapid Update(129026): values=COGReference=("0") COG=(94.60 deg) SOG=(3.29 m/s)

3  : pgn=129025 line=Tx 10289183 09 f8 01 03 7b 78 6f 1c a0 5d fd b6
source=3: pgn=Position, Rapid Update(129025): values=Latitude=(47.706738699999995 deg) Longitude=(-122.49094079999999 deg)

3  : pgn=129542 line=Tx 10289183 19 fa 06 03 e0 0f 60 8c 01 00 00 00
3  : pgn=129542 line=Tx 10289183 19 fa 06 03 e1 00 00 00 00 00 00 00
3  : pgn=129542 line=Tx 10289183 19 fa 06 03 e2 00 00 ff ff ff ff ff
3  : pgn=65364  line=Tx 10289183 1c ff 54 03 3b 9f 37 03 f1 cf ff ff
0  : pgn=127250 line=Rx 10289210 09 f1 12 00 ff c1 38 ff 7f ff 7f fd
source=0: pgn=Vessel Heading(127250): values=Heading=(83.25 deg) Deviation=(None) Variation=(None) Reference=("1")

0  : pgn=127245 line=Rx 10289211 09 f1 0d 00 00 f8 ff 7f 00 00 ff ff
source=0: pgn=Rudder(127245): values=Instance=(0) DirectionOrder=("0") AngleOrder=(None) Position=(0.00 deg)

0  : pgn=65359  line=Rx 10289216 1c ff 4f 00 3b 9f ff ff ff c1 38 ff
source=0: pgn=Seatalk: Pilot Heading(65359): values=ManufacturerCode=(1851) IndustryCode=(4) HeadingTrue=(None) HeadingMagnetic=(83.25 deg)

32 : pgn=128259 line=Rx 10289239 09 f5 03 20 9f 2a 01 ff ff ff ff ff
source=32: pgn=Speed(128259): values=SpeedWaterReferenced=(2.98 m/s) SpeedGroundReferenced=(None) SpeedWaterReferencedType=(None) SpeedDirection=(None)

3  : pgn=129540 line=Tx 10289283 19 fa 04 03 20 9f 82 ff 0d 03 97 1a
source=3: pgn=GNSS Sats in View(129540): values=RangeResidualMode=(None) SatsinView=(130) PRN=(None) Elevation=(4.47 deg) Azimuth=(39.00 deg) SNR=(0.0 dB) Rangeresiduals=(0) Status=("0")

3  : pgn=129540 line=Tx 10289283 19 fa 04 03 21 2e 26 00 00 00 00 00
source=3: pgn=GNSS Sats in View(129540): values=RangeResidualMode=("0") SatsinView=(38) PRN=(0) Elevation=(0.00 deg) Azimuth=(0.00 deg) SNR=(0.0 dB) Rangeresiduals=(0) Status=("0")

3  : pgn=129540 line=Tx 10289283 19 fa 04 03 22 00 f3 0f ff 1d 5c 3d
source=3: pgn=GNSS Sats in View(129540): values=RangeResidualMode=("0") SatsinView=(243) PRN=(15) Elevation=(44.00 deg) Azimuth=(90.00 deg) SNR=(0.0 dB) Rangeresiduals=(0) Status=("0")

3  : pgn=129540 line=Tx 10289283 19 fa 04 03 23 80 0c 00 00 00 00 f5
source=3: pgn=GNSS Sats in View(129540): values=RangeResidualMode=("0") SatsinView=(12) PRN=(0) Elevation=(0.00 deg) Azimuth=(359.36 deg) SNR=(0.0 dB) Rangeresiduals=(0) Status=("0")

3  : pgn=129540 line=Tx 10289283 19 fa 04 03 24 10 17 13 71 b9 8c 0a
source=3: pgn=GNSS Sats in View(129540): values=RangeResidualMode=("0") SatsinView=(23) PRN=(19) Elevation=(-103.49 deg) Azimuth=(15.47 deg) SNR=(0.0 dB) Rangeresiduals=(0) Status=("0")

3  : pgn=129540 line=Tx 10289283 19 fa 04 03 25 00 00 00 00 f5 12 c5
source=3: pgn=GNSS Sats in View(129540): values=RangeResidualMode=("0") SatsinView=(0) PRN=(0) Elevation=(-16.13 deg) Azimuth=(289.06 deg) SNR=(0.0 dB) Rangeresiduals=(0) Status=("0")

3  : pgn=129540 line=Tx 10289283 19 fa 04 03 26 31 f2 93 d8 0e 00 00
source=3: pgn=GNSS Sats in View(129540): values=RangeResidualMode=("1") SatsinView=(242) PRN=(147) Elevation=(21.77 deg) Azimuth=(0.00 deg) SNR=(0.0 dB) Rangeresiduals=(0) Status=("0")

3  : pgn=129540 line=Tx 10289283 19 fa 04 03 27 00 00 f5 13 ba 02 1f
source=3: pgn=GNSS Sats in View(129540): values=RangeResidualMode=("0") SatsinView=(0) PRN=(245) Elevation=(-102.57 deg) Azimuth=(45.48 deg) SNR=(0.0 dB) Rangeresiduals=(0) Status=("0")

3  : pgn=129540 line=Tx 10289283 19 fa 04 03 28 d8 1c 0c 00 00 00 00
source=3: pgn=GNSS Sats in View(129540): values=RangeResidualMode=("0") SatsinView=(28) PRN=(12) Elevation=(0.00 deg) Azimuth=(0.00 deg) SNR=(0.0 dB) Rangeresiduals=(0) Status=("0")

3  : pgn=129540 line=Tx 10289283 19 fa 04 03 29 f5 15 e8 37 5d 1f ac
source=3: pgn=GNSS Sats in View(129540): values=RangeResidualMode=("1") SatsinView=(21) PRN=(232) Elevation=(136.72 deg) Azimuth=(252.46 deg) SNR=(0.0 dB) Rangeresiduals=(0) Status=("0")

3  : pgn=129540 line=Tx 10289283 19 fa 04 03 2a 0d 00 00 00 00 f5 16
source=3: pgn=GNSS Sats in View(129540): values=RangeResidualMode=("1") SatsinView=(0) PRN=(0) Elevation=(0.00 deg) Azimuth=(33.67 deg) SNR=(0.0 dB) Rangeresiduals=(0) Status=("0")

3  : pgn=129540 line=Tx 10289284 19 fa 04 03 2b d1 15 cf 9c a0 0f 00
source=3: pgn=GNSS Sats in View(129540): values=RangeResidualMode=("1") SatsinView=(21) PRN=(207) Elevation=(-139.92 deg) Azimuth=(0.09 deg) SNR=(0.0 dB) Rangeresiduals=(0) Status=("0")

3  : pgn=129540 line=Tx 10289285 19 fa 04 03 2c 00 00 00 f5 1a ae 0f
source=3: pgn=GNSS Sats in View(129540): values=RangeResidualMode=("0") SatsinView=(0) PRN=(0) Elevation=(39.54 deg) Azimuth=(23.00 deg) SNR=(0.0 dB) Rangeresiduals=(0) Status=("0")

3  : pgn=129540 line=Tx 10289285 19 fa 04 03 2d 0b 20 98 08 00 00 00
source=3: pgn=GNSS Sats in View(129540): values=RangeResidualMode=(None) SatsinView=(32) PRN=(152) Elevation=(0.05 deg) Azimuth=(0.00 deg) SNR=(0.0 dB) Rangeresiduals=(0) Status=("0")

3  : pgn=129540 line=Tx 10289286 19 fa 04 03 2e 00 f5 1b d1 15 ab d2
source=3: pgn=GNSS Sats in View(129540): values=RangeResidualMode=("0") SatsinView=(245) PRN=(27) Elevation=(32.00 deg) Azimuth=(309.00 deg) SNR=(0.0 dB) Rangeresiduals=(0) Status=("0")

3  : pgn=129540 line=Tx 10289288 19 fa 04 03 2f c4 09 00 00 00 00 f5
source=3: pgn=GNSS Sats in View(129540): values=RangeResidualMode=("0") SatsinView=(9) PRN=(0) Elevation=(0.00 deg) Azimuth=(359.36 deg) SNR=(0.0 dB) Rangeresiduals=(0) Status=("0")

3  : pgn=129540 line=Tx 10289288 19 fa 04 03 30 1d 00 0f a1 67 f0 0a
source=3: pgn=GNSS Sats in View(129540): values=RangeResidualMode=("1") SatsinView=(0) PRN=(15) Elevation=(152.00 deg) Azimuth=(16.04 deg) SNR=(0.0 dB) Rangeresiduals=(0) Status=("0")

3  : pgn=129540 line=Tx 10289289 19 fa 04 03 31 00 00 00 00 f5 23 d1
source=3: pgn=GNSS Sats in View(129540): values=RangeResidualMode=("0") SatsinView=(0) PRN=(0) Elevation=(-16.13 deg) Azimuth=(306.76 deg) SNR=(0.0 dB) Rangeresiduals=(0) Status=("0")

3  : pgn=129540 line=Tx 10289290 19 fa 04 03 32 15 c3 8b 00 00 00 00
source=3: pgn=GNSS Sats in View(129540): values=RangeResidualMode=("1") SatsinView=(195) PRN=(139) Elevation=(0.00 deg) Azimuth=(0.00 deg) SNR=(0.0 dB) Rangeresiduals=(0) Status=("0")

3  : pgn=129540 line=Tx 10289290 19 fa 04 03 33 00 00 f3 30 2e 17 43
source=3: pgn=GNSS Sats in View(129540): values=RangeResidualMode=("0") SatsinView=(0) PRN=(243) Elevation=(67.75 deg) Azimuth=(98.41 deg) SNR=(0.0 dB) Rangeresiduals=(0) Status=("0")

3  : pgn=129540 line=Tx 10289291 19 fa 04 03 34 84 74 0e 00 00 00 00
source=3: pgn=GNSS Sats in View(129540): values=RangeResidualMode=("0") SatsinView=(116) PRN=(14) Elevation=(0.00 deg) Azimuth=(0.00 deg) SNR=(0.0 dB) Rangeresiduals=(0) Status=("0")

3  : pgn=129540 line=Tx 10289294 19 fa 04 03 35 f5 33 80 16 67 6c 54
source=3: pgn=GNSS Sats in View(129540): values=RangeResidualMode=("1") SatsinView=(51) PRN=(128) Elevation=(151.20 deg) Azimuth=(123.83 deg) SNR=(0.0 dB) Rangeresiduals=(0) Status=("0")

3  : pgn=129540 line=Tx 10289294 19 fa 04 03 36 0b 00 00 00 00 f5 ff
source=3: pgn=GNSS Sats in View(129540): values=RangeResidualMode=(None) SatsinView=(0) PRN=(0) Elevation=(0.00 deg) Azimuth=(375.43 deg) SNR=(0.0 dB) Rangeresiduals=(0) Status=("0")

3  : pgn=129025 line=Tx 10289294 09 f8 01 03 73 78 6f 1c fc 5d fd b6
source=3: pgn=Position, Rapid Update(129025): values=Latitude=(47.7067379 deg) Longitude=(-122.4909316 deg)

3  : pgn=127258 line=Tx 10289294 19 f1 1a 03 ff f6 12 39 fa 0a ff ff
source=3: pgn=Magnetic Variation(127258): values=Source=("6") Ageofservice=(14610 d) Variation=(16.10 deg)

3  : pgn=65311  line=Tx 10289296 1c ff 1f 03 3b 9f ff fa 0a ff ff ff
0  : pgn=127250 line=Rx 10289300 09 f1 12 00 ff bc 38 ff 7f ff 7f fd
source=0: pgn=Vessel Heading(127250): values=Heading=(83.22 deg) Deviation=(None) Variation=(None) Reference=("1")

0  : pgn=127245 line=Rx 10289303 09 f1 0d 00 00 f8 ff 7f 00 00 ff ff
source=0: pgn=Rudder(127245): values=Instance=(0) DirectionOrder=("0") AngleOrder=(None) Position=(0.00 deg)

0  : pgn=65359  line=Rx 10289317 1c ff 4f 00 3b 9f ff ff ff bc 38 ff
source=0: pgn=Seatalk: Pilot Heading(65359): values=ManufacturerCode=(1851) IndustryCode=(4) HeadingTrue=(None) HeadingMagnetic=(83.22 deg)

32 : pgn=128259 line=Rx 10289342 09 f5 03 20 a0 2a 01 ff ff ff ff ff
source=32: pgn=Speed(128259): values=SpeedWaterReferenced=(2.98 m/s) SpeedGroundReferenced=(None) SpeedWaterReferencedType=(None) SpeedDirection=(None)

32 : pgn=130310 line=Rx 10289345 15 fd 06 20 a7 ff ff ff ff ff ff ff
source=32: pgn=Environmental Parameters (obsolete)(130310): values=WaterTemperature=(None) OutsideAmbientAirTemperature=(None) AtmosphericPressure=(None)

32 : pgn=128275 line=Rx 10289354 19 f5 13 20 20 0e ff ff ff ff ff ff
32 : pgn=128275 line=Rx 10289359 19 f5 13 20 21 79 ad 3c 00 79 ad 3c
32 : pgn=128275 line=Rx 10289364 19 f5 13 20 22 00 ff ff ff ff ff ff
32 : pgn=130846 line=Rx 10289373 1d ff 1e 20 80 0c 3b 9f 04 01 35 56
32 : pgn=130846 line=Rx 10289379 1d ff 1e 20 81 07 09 15 00 d1 04 ff
source=32: pgn=Furuno: Motion Sensor Status Extended(130846): values=ManufacturerCode=(1921) IndustryCode=(0)

3  : pgn=129026 line=Tx 10289383 09 f8 02 03 ff fc 79 3f 49 01 ff ff
source=3: pgn=COG & SOG, Rapid Update(129026): values=COGReference=("0") COG=(93.10 deg) SOG=(3.29 m/s)

3  : pgn=129025 line=Tx 10289383 09 f8 01 03 73 78 6f 1c fc 5d fd b6
source=3: pgn=Position, Rapid Update(129025): values=Latitude=(47.7067379 deg) Longitude=(-122.4909316 deg)

1  : pgn=59936  line=Rx 10289399 18 ea 20 01 00 ee 00 00 00 00 00 00
1  : pgn=129038 line=Rx 10289399 11 f8 0e 01 80 1b c1 aa eb e0 15 25
1  : pgn=129038 line=Rx 10289400 11 f8 0e 01 81 20 0e b7 aa 3c 68 1c
1  : pgn=129038 line=Rx 10289400 11 f8 0e 01 82 88 97 0b 00 00 00 00
1  : pgn=129038 line=Rx 10289401 11 f8 0e 01 83 00 ff ff ff 7f f8 fe
4  : pgn=65384  line=Rx 10289409 1c ff 68 04 3b 9f 00 00 00 00 00 00
0  : pgn=127250 line=Rx 10289411 09 f1 12 00 ff c1 38 ff 7f ff 7f fd
source=0: pgn=Vessel Heading(127250): values=Heading=(83.25 deg) Deviation=(None) Variation=(None) Reference=("1")

0  : pgn=127245 line=Rx 10289412 09 f1 0d 00 00 f8 ff 7f 00 00 ff ff
source=0: pgn=Rudder(127245): values=Instance=(0) DirectionOrder=("0") AngleOrder=(None) Position=(0.00 deg)

0  : pgn=65359  line=Rx 10289416 1c ff 4f 00 3b 9f ff ff ff c1 38 ff
source=0: pgn=Seatalk: Pilot Heading(65359): values=ManufacturerCode=(1851) IndustryCode=(4) HeadingTrue=(None) HeadingMagnetic=(83.25 deg)

32 : pgn=128259 line=Rx 10289438 09 f5 03 20 a1 2a 01 ff ff ff ff ff
source=32: pgn=Speed(128259): values=SpeedWaterReferenced=(2.98 m/s) SpeedGroundReferenced=(None) SpeedWaterReferencedType=(None) SpeedDirection=(None)

3  : pgn=129029 line=Tx 10289483 0d f8 05 03 e0 2b 60 06 40 5c 8f 0b
3  : pgn=129029 line=Tx 10289484 0d f8 05 03 e1 2c 00 be 38 eb 40 e2
3  : pgn=129029 line=Tx 10289484 0d f8 05 03 e2 9e 06 00 d8 c0 89 77
3  : pgn=129029 line=Tx 10289484 0d f8 05 03 e3 3f 00 ef ff ff ff ff
3  : pgn=129029 line=Tx 10289484 0d f8 05 03 e4 ff ff ff 7f 23 fc 09
3  : pgn=129029 line=Tx 10289484 0d f8 05 03 e5 54 00 ff 7f ff ff ff
3  : pgn=129029 line=Tx 10289484 0d f8 05 03 e6 7f 00 ff ff ff ff ff
3  : pgn=129025 line=Tx 10289484 09 f8 01 03 73 78 6f 1c fc 5d fd b6
source=3: pgn=Position, Rapid Update(129025): values=Latitude=(47.7067379 deg) Longitude=(-122.4909316 deg)

3  : pgn=129033 line=Tx 10289484 0d f8 09 03 06 40 5c 8f 0b 2c 5c fe
source=3: pgn=Time & Date(129033): values=Date=(16390 d) Time=(73895.51000000001 s) LocalOffset=(-25200.0 s)

0  : pgn=127250 line=Rx 10289508 09 f1 12 00 ff d8 38 ff 7f ff 7f fd
source=0: pgn=Vessel Heading(127250): values=Heading=(83.38 deg) Deviation=(None) Variation=(None) Reference=("1")

0  : pgn=127245 line=Rx 10289509 09 f1 0d 00 00 f8 ff 7f 00 00 ff ff
source=0: pgn=Rudder(127245): values=Instance=(0) DirectionOrder=("0") AngleOrder=(None) Position=(0.00 deg)

0  : pgn=65359  line=Rx 10289516 1c ff 4f 00 3b 9f ff ff ff d8 38 ff
source=0: pgn=Seatalk: Pilot Heading(65359): values=ManufacturerCode=(1851) IndustryCode=(4) HeadingTrue=(None) HeadingMagnetic=(83.38 deg)

32 : pgn=128259 line=Rx 10289538 09 f5 03 20 a2 29 01 ff ff ff ff ff
source=32: pgn=Speed(128259): values=SpeedWaterReferenced=(2.97 m/s) SpeedGroundReferenced=(None) SpeedWaterReferencedType=(None) SpeedDirection=(None)

1  : pgn=129038 line=Rx 10289551 11 f8 0e 01 a0 1b c1 8e 0b e7 15 6a
1  : pgn=129038 line=Rx 10289551 11 f8 0e 01 a1 be 18 b7 f6 43 66 1c
1  : pgn=129038 line=Rx 10289552 11 f8 0e 01 a2 8e 99 cc 00 00 00 00
1  : pgn=129038 line=Rx 10289552 11 f8 0e 01 a3 00 ff ff ff 7f ff fe
3  : pgn=129026 line=Tx 10289584 09 f8 02 03 ff fc ed 3e 47 01 ff ff
source=3: pgn=COG & SOG, Rapid Update(129026): values=COGReference=("0") COG=(92.30 deg) SOG=(3.27 m/s)

3  : pgn=129025 line=Tx 10289584 09 f8 01 03 56 78 6f 1c 7e 5e fd b6
source=3: pgn=Position, Rapid Update(129025): values=Latitude=(47.706734999999995 deg) Longitude=(-122.4909186 deg)

3  : pgn=126992 line=Tx 10289584 0d f0 10 03 ff ff 06 40 80 a2 0b 2c
source=3: pgn=System Time(126992): values=Source=(None) Date=(16390 d) Time=(73896.0 s)

0  : pgn=127250 line=Rx 10289602 09 f1 12 00 ff f5 38 ff 7f ff 7f fd
source=0: pgn=Vessel Heading(127250): values=Heading=(83.54 deg) Deviation=(None) Variation=(None) Reference=("1")

0  : pgn=127245 line=Rx 10289603 09 f1 0d 00 00 f8 ff 7f 00 00 ff ff
source=0: pgn=Rudder(127245): values=Instance=(0) DirectionOrder=("0") AngleOrder=(None) Position=(0.00 deg)

0  : pgn=65379  line=Rx 10289608 1c ff 63 00 3b 9f 00 00 00 00 01 ff
source=0: pgn=Seatalk: Pilot Mode(65379): values=ManufacturerCode=(1851) IndustryCode=(4) PilotMode=(0) SubMode=(0) PilotModeData=(0)

0  : pgn=65359  line=Rx 10289609 1c ff 4f 00 3b 9f ff ff ff f5 38 ff
source=0: pgn=Seatalk: Pilot Heading(65359): values=ManufacturerCode=(1851) IndustryCode=(4) HeadingTrue=(None) HeadingMagnetic=(83.54 deg)

0  : pgn=126975 line=Rx 10289625 1d ef ff 00 80 0d 3b 9f f0 81 84 c6
0  : pgn=126975 line=Rx 10289627 1d ef ff 00 81 29 a7 00 00 00 02 05
32 : pgn=128259 line=Rx 10289637 09 f5 03 20 a3 2a 01 ff ff ff ff ff
source=32: pgn=Speed(128259): values=SpeedWaterReferenced=(2.98 m/s) SpeedGroundReferenced=(None) SpeedWaterReferencedType=(None) SpeedDirection=(None)

3  : pgn=129025 line=Tx 10289685 09 f8 01 03 56 78 6f 1c 7e 5e fd b6
source=3: pgn=Position, Rapid Update(129025): values=Latitude=(47.706734999999995 deg) Longitude=(-122.4909186 deg)

0  : pgn=127250 line=Rx 10289693 09 f1 12 00 ff 03 39 ff 7f ff 7f fd
source=0: pgn=Vessel Heading(127250): values=Heading=(83.62 deg) Deviation=(None) Variation=(None) Reference=("1")

0  : pgn=127245 line=Rx 10289694 09 f1 0d 00 00 f8 ff 7f 00 00 ff ff
source=0: pgn=Rudder(127245): values=Instance=(0) DirectionOrder=("0") AngleOrder=(None) Position=(0.00 deg)

0  : pgn=65359  line=Rx 10289701 1c ff 4f 00 3b 9f ff ff ff 03 39 ff
source=0: pgn=Seatalk: Pilot Heading(65359): values=ManufacturerCode=(1851) IndustryCode=(4) HeadingTrue=(None) HeadingMagnetic=(83.62 deg)

0  : pgn=126975 line=Rx 10289703 1d ef ff 00 a0 09 3b 9f f0 81 ae 02
0  : pgn=126975 line=Rx 10289706 1d ef ff 00 a1 00 08 00 ff ff ff ff
1  : pgn=129038 line=Rx 10289733 11 f8 0e 01 c0 1b c1 7c 61 df 15 e3
1  : pgn=129038 line=Rx 10289734 11 f8 0e 01 c1 65 0f b7 37 62 68 1c
1  : pgn=129038 line=Rx 10289734 11 f8 0e 01 c2 88 9c 06 00 00 00 00
1  : pgn=129038 line=Rx 10289734 11 f8 0e 01 c3 00 ff ff ff 7f f0 fe
32 : pgn=128259 line=Rx 10289737 09 f5 03 20 a4 23 01 ff ff ff ff ff
source=32: pgn=Speed(128259): values=SpeedWaterReferenced=(2.91 m/s) SpeedGroundReferenced=(None) SpeedWaterReferencedType=(None) SpeedDirection=(None)

3  : pgn=129026 line=Tx 10289785 09 f8 02 03 ff fc dc 3e 43 01 ff ff
source=3: pgn=COG & SOG, Rapid Update(129026): values=COGReference=("0") COG=(92.20 deg) SOG=(3.23 m/s)

3  : pgn=129025 line=Tx 10289785 09 f8 01 03 49 78 6f 1c c4 5e fd b6
source=3: pgn=Position, Rapid Update(129025): values=Latitude=(47.7067337 deg) Longitude=(-122.49091159999999 deg)

3  : pgn=129291 line=Tx 10289785 0d f9 0b 03 ff fc f6 30 35 00 ff ff
source=3: pgn=Set & Drift, Rapid Update(129291): values=SetReference=("0") Set=(71.81 deg) Drift=(0.53 m/s)

3  : pgn=65362  line=Tx 10289785 1c ff 52 03 3b 9f 90 9d ff ff ff ff
0  : pgn=127250 line=Rx 10289798 09 f1 12 00 ff 25 39 ff 7f ff 7f fd
source=0: pgn=Vessel Heading(127250): values=Heading=(83.82 deg) Deviation=(None) Variation=(None) Reference=("1")

0  : pgn=127245 line=Rx 10289798 09 f1 0d 00 00 f8 ff 7f 00 00 ff ff
source=0: pgn=Rudder(127245): values=Instance=(0) DirectionOrder=("0") AngleOrder=(None) Position=(0.00 deg)

0  : pgn=65359  line=Rx 10289804 1c ff 4f 00 3b 9f ff ff ff 25 39 ff
source=0: pgn=Seatalk: Pilot Heading(65359): values=ManufacturerCode=(1851) IndustryCode=(4) HeadingTrue=(None) HeadingMagnetic=(83.82 deg)

32 : pgn=128259 line=Rx 10289836 09 f5 03 20 a5 1f 01 ff ff ff ff ff
source=32: pgn=Speed(128259): values=SpeedWaterReferenced=(2.87 m/s) SpeedGroundReferenced=(None) SpeedWaterReferencedType=(None) SpeedDirection=(None)

1  : pgn=129809 line=Rx 10289855 19 fb 11 01 a0 19 18 36 21 e8 15 57
1  : pgn=129809 line=Rx 10289855 19 fb 11 01 a1 49 4e 44 53 57 45 50
1  : pgn=129809 line=Rx 10289856 19 fb 11 01 a2 54 20 20 20 20 20 20
1  : pgn=129809 line=Rx 10289856 19 fb 11 01 a3 20 20 20 20 20 ff ff
1  : pgn=130842 line=Rx 10289857 19 ff 1a 01 a0 1d 41 9f 00 00 00 36
1  : pgn=130842 line=Rx 10289858 19 ff 1a 01 a1 21 e8 15 57 49 4e 44
1  : pgn=130842 line=Rx 10289858 19 ff 1a 01 a2 53 57 45 50 54 20 20
1  : pgn=130842 line=Rx 10289859 19 ff 1a 01 a3 20 20 20 20 20 20 20
1  : pgn=130842 line=Rx 10289859 19 ff 1a 01 a4 20 20 ff ff ff ff ff
3  : pgn=129025 line=Tx 10289885 09 f8 01 03 49 78 6f 1c c4 5e fd b6
source=3: pgn=Position, Rapid Update(129025): values=Latitude=(47.7067337 deg) Longitude=(-122.49091159999999 deg)

0  : pgn=127250 line=Rx 10289894 09 f1 12 00 ff 37 39 ff 7f ff 7f fd
source=0: pgn=Vessel Heading(127250): values=Heading=(83.92 deg) Deviation=(None) Variation=(None) Reference=("1")

0  : pgn=127245 line=Rx 10289895 09 f1 0d 00 00 f8 ff 7f 00 00 ff ff
source=0: pgn=Rudder(127245): values=Instance=(0) DirectionOrder=("0") AngleOrder=(None) Position=(0.00 deg)

0  : pgn=65359  line=Rx 10289901 1c ff 4f 00 3b 9f ff ff ff 37 39 ff
source=0: pgn=Seatalk: Pilot Heading(65359): values=ManufacturerCode=(1851) IndustryCode=(4) HeadingTrue=(None) HeadingMagnetic=(83.92 deg)

32 : pgn=128259 line=Rx 10289936 09 f5 03 20 a6 19 01 ff ff ff ff ff
source=32: pgn=Speed(128259): values=SpeedWaterReferenced=(2.81 m/s) SpeedGroundReferenced=(None) SpeedWaterReferencedType=(None) SpeedDirection=(None)

1  : pgn=129038 line=Rx 10289947 11 f8 0e 01 e0 1b c1 aa 4a dc 15 58
1  : pgn=129038 line=Rx 10289947 11 f8 0e 01 e1 6d 14 b7 7d 5e 66 1c
1  : pgn=129038 line=Rx 10289948 11 f8 0e 01 e2 8c 97 05 00 00 00 00
1  : pgn=129038 line=Rx 10289948 11 f8 0e 01 e3 00 ff ff ff 7f f0 fe
3  : pgn=129026 line=Tx 10289985 09 f8 02 03 ff fc dc 3e 43 01 ff ff
source=3: pgn=COG & SOG, Rapid Update(129026): values=COGReference=("0") COG=(92.20 deg) SOG=(3.23 m/s)

3  : pgn=130577 line=Tx 10289985 0d fe 11 03 00 0e c0 61 dc 3e 43 01
source=3: pgn=Direction Data(130577): values=DataMode=("0") COGReference=("0") COG=(143.38 deg) SOG=(160.92000000000002 m/s) Heading=(1.85 deg) SpeedthroughWater=(0.0 m/s) Set=(0.00 deg) Drift=(0.0 m/s)

3  : pgn=130577 line=Tx 10289985 0d fe 11 03 01 ff ff ff ff 92 20 37
source=3: pgn=Direction Data(130577): values=DataMode=("1") COGReference=("0") COG=(None) SOG=(376.31 m/s) Heading=(80.86 deg) SpeedthroughWater=(0.0 m/s) Set=(0.00 deg) Drift=(0.0 m/s)

3  : pgn=130577 line=Tx 10289985 0d fe 11 03 02 00 ff ff ff ff ff ff
source=3: pgn=Direction Data(130577): values=DataMode=("2") COGReference=("0") COG=(None) SOG=(None) Heading=(None) SpeedthroughWater=(0.0 m/s) Set=(0.00 deg) Drift=(0.0 m/s)

3  : pgn=129025 line=Tx 10289985 09 f8 01 03 49 78 6f 1c c4 5e fd b6
source=3: pgn=Position, Rapid Update(129025): values=Latitude=(47.7067337 deg) Longitude=(-122.49091159999999 deg)

3  : pgn=130306 line=Tx 10289985 09 fd 02 03 ff 37 03 36 cd fa ff ff
source=3: pgn=Wind Data(130306): values=WindSpeed=(8.23 m/s) WindAngle=(301.00 deg) Reference=("2")

0  : pgn=127250 line=Rx 10290004 09 f1 12 00 ff 5f 39 ff 7f ff 7f fd
source=0: pgn=Vessel Heading(127250): values=Heading=(84.15 deg) Deviation=(None) Variation=(None) Reference=("1")

0  : pgn=127245 line=Rx 10290004 09 f1 0d 00 00 f8 ff 7f 00 00 ff ff
source=0: pgn=Rudder(127245): values=Instance=(0) DirectionOrder=("0") AngleOrder=(None) Position=(0.00 deg)

0  : pgn=65359  line=Rx 10290008 1c ff 4f 00 3b 9f ff ff ff 5f 39 ff
source=0: pgn=Seatalk: Pilot Heading(65359): values=ManufacturerCode=(1851) IndustryCode=(4) HeadingTrue=(None) HeadingMagnetic=(84.15 deg)

32 : pgn=128259 line=Rx 10290035 09 f5 03 20 a7 23 01 ff ff ff ff ff
source=32: pgn=Speed(128259): values=SpeedWaterReferenced=(2.91 m/s) SpeedGroundReferenced=(None) SpeedWaterReferencedType=(None) SpeedDirection=(None)

3  : pgn=129283 line=Tx 10290086 0d f9 03 03 ff 7f ff ff ff 7f ff ff
source=3: pgn=Cross Track Error(129283): values=XTEmode=(None) NavigationTerminated=("1") XTE=(None)

3  : pgn=129025 line=Tx 10290086 09 f8 01 03 49 78 6f 1c 1c 5f fd b6
source=3: pgn=Position, Rapid Update(129025): values=Latitude=(47.7067337 deg) Longitude=(-122.4909028 deg)

3  : pgn=128267 line=Tx 10290086 0d f5 0b 03 ff 17 3c 00 00 00 00 ff
source=3: pgn=Water Depth(128267): values=Depth=(153.83 m) Offset=(0.0 m) Range=(None)

0  : pgn=127250 line=Rx 10290096 09 f1 12 00 ff 86 39 ff 7f ff 7f fd
source=0: pgn=Vessel Heading(127250): values=Heading=(84.37 deg) Deviation=(None) Variation=(None) Reference=("1")

0  : pgn=127245 line=Rx 10290097 09 f1 0d 00 00 f8 ff 7f 00 00 ff ff
source=0: pgn=Rudder(127245): values=Instance=(0) DirectionOrder=("0") AngleOrder=(None) Position=(0.00 deg)

0  : pgn=65359  line=Rx 10290104 1c ff 4f 00 3b 9f ff ff ff 86 39 ff
source=0: pgn=Seatalk: Pilot Heading(65359): values=ManufacturerCode=(1851) IndustryCode=(4) HeadingTrue=(None) HeadingMagnetic=(84.37 deg)

0  : pgn=126975 line=Rx 10290105 1d ef ff 00 c0 08 3b 9f f0 81 9c 41
0  : pgn=126975 line=Rx 10290107 1d ef ff 00 c1 2a 00 ff ff ff ff ff
1  : pgn=129038 line=Rx 10290128 11 f8 0e 01 00 1b c1 0e 28 dc 15 70
1  : pgn=129038 line=Rx 10290128 11 f8 0e 01 01 96 01 b7 66 44 60 1c
1  : pgn=129038 line=Rx 10290129 11 f8 0e 01 02 91 1c 38 e0 03 00 00
source=1: pgn=AIS Class A Position Report(129038): values=MessageID=(2) RepeatIndicator=("0") UserID=(3761773713) Longitude=(0.0 deg) Latitude=(0.0 deg) PositionAccuracy=("0") RAIM=("0") TimeStamp=("0") COG=(0.00 deg) SOG=(0.0 m/s) CommunicationState=(0) AISTransceiverinformation=("0") Heading=(0.00 deg) RateofTurn=(0.00 deg/s) NavStatus=("0") SpecialManeuverIndicator=("0") Spare=(0) SequenceID=(0)

1  : pgn=129038 line=Rx 10290130 11 f8 0e 01 03 00 dc 35 00 00 f0 fe
source=1: pgn=AIS Class A Position Report(129038): values=MessageID=(3) RepeatIndicator=("0") UserID=(3529728) Longitude=(0.0 deg) Latitude=(0.0 deg) PositionAccuracy=("0") RAIM=("0") TimeStamp=("0") COG=(0.00 deg) SOG=(0.0 m/s) CommunicationState=(0) AISTransceiverinformation=("0") Heading=(0.00 deg) RateofTurn=(0.00 deg/s) NavStatus=("0") SpecialManeuverIndicator=("0") Spare=(0) SequenceID=(0)

32 : pgn=128259 line=Rx 10290135 09 f5 03 20 a8 18 01 ff ff ff ff ff
source=32: pgn=Speed(128259): values=SpeedWaterReferenced=(2.8000000000000003 m/s) SpeedGroundReferenced=(None) SpeedWaterReferencedType=(None) SpeedDirection=(None)

3  : pgn=129026 line=Tx 10290186 09 f8 02 03 ff fc a8 3e 42 01 ff ff
source=3: pgn=COG & SOG, Rapid Update(129026): values=COGReference=("0") COG=(91.90 deg) SOG=(3.22 m/s)

3  : pgn=129025 line=Tx 10290186 09 f8 01 03 49 78 6f 1c 1c 5f fd b6
source=3: pgn=Position, Rapid Update(129025): values=Latitude=(47.7067337 deg) Longitude=(-122.4909028 deg)

3  : pgn=129542 line=Tx 10290186 19 fa 06 03 00 0f 61 86 01 00 00 00
source=3: pgn=GNSS Pseudorange Noise Statistics(129542): values=RMSofPositionUncertainty=(24847) STDofMajoraxis=(134) STDofMinoraxis=(1) OrientationofMajoraxis=(0) STDofLatError=(0) STDofLonError=(0) STDofAltError=(0)

3  : pgn=129542 line=Tx 10290186 19 fa 06 03 01 00 00 00 00 00 00 00
source=3: pgn=GNSS Pseudorange Noise Statistics(129542): values=RMSofPositionUncertainty=(0) STDofMajoraxis=(0) STDofMinoraxis=(0) OrientationofMajoraxis=(0) STDofLatError=(0) STDofLonError=(0) STDofAltError=(0)

3  : pgn=129542 line=Tx 10290186 19 fa 06 03 02 00 00 ff ff ff ff ff
source=3: pgn=GNSS Pseudorange Noise Statistics(129542): values=RMSofPositionUncertainty=(0) STDofMajoraxis=(None) STDofMinoraxis=(None) OrientationofMajoraxis=(None) STDofLatError=(None) STDofLonError=(None) STDofAltError=(0)

3  : pgn=65364  line=Tx 10290186 1c ff 54 03 3b 9f 37 03 36 cd ff ff
3  : pgn=130846 line=Tx 10290186 1d ff 1e 03 a0 0c 3b 9f 0b 1a 13 cc
source=3: pgn=Furuno: Motion Sensor Status Extended(130846): values=ManufacturerCode=(1184) IndustryCode=(0)

3  : pgn=130846 line=Tx 10290186 1d ff 1e 03 a1 05 01 40 01 ff ff ff
source=3: pgn=Furuno: Motion Sensor Status Extended(130846): values=ManufacturerCode=(1441) IndustryCode=(0)

0  : pgn=127250 line=Rx 10290200 09 f1 12 00 ff 8e 39 ff 7f ff 7f fd
source=0: pgn=Vessel Heading(127250): values=Heading=(84.42 deg) Deviation=(None) Variation=(None) Reference=("1")

0  : pgn=127245 line=Rx 10290201 09 f1 0d 00 00 f8 ff 7f 00 00 ff ff
source=0: pgn=Rudder(127245): values=Instance=(0) DirectionOrder=("0") AngleOrder=(None) Position=(0.00 deg)

0  : pgn=65359  line=Rx 10290205 1c ff 4f 00 3b 9f ff ff ff 8e 39 ff
source=0: pgn=Seatalk: Pilot Heading(65359): values=ManufacturerCode=(1851) IndustryCode=(4) HeadingTrue=(None) HeadingMagnetic=(84.42 deg)

32 : pgn=128259 line=Rx 10290234 09 f5 03 20 a9 17 01 ff ff ff ff ff
source=32: pgn=Speed(128259): values=SpeedWaterReferenced=(2.79 m/s) SpeedGroundReferenced=(None) SpeedWaterReferencedType=(None) SpeedDirection=(None)

1  : pgn=129810 line=Rx 10290282 19 fb 12 01 00 21 18 1b 07 27 14 25
source=1: pgn=AIS Class B static data (msg 24 Part B)(129810): values=MessageID=(0) RepeatIndicator=("0") UserID=(119216161) Typeofship=("39") VendorID=(0) Callsign=(0) Length=(0.0 m) Beam=(0.0 m) PositionreferencefromStarboard=(0.0 m) PositionreferencefromBow=(0.0 m) MothershipUserID=(0) Spare=(0) AISTransceiverinformation=("0") SequenceID=(0)

1  : pgn=129810 line=Rx 10290282 19 fb 12 01 01 80 93 34 52 57 45 b7
source=1: pgn=AIS Class B static data (msg 24 Part B)(129810): values=MessageID=(1) RepeatIndicator=("0") UserID=(1379177344) Typeofship=("87") VendorID=(0) Callsign=(0) Length=(0.0 m) Beam=(0.0 m) PositionreferencefromStarboard=(0.0 m) PositionreferencefromBow=(0.0 m) MothershipUserID=(0) Spare=(0) AISTransceiverinformation=("0") SequenceID=(0)

1  : pgn=129810 line=Rx 10290283 19 fb 12 01 02 40 40 40 40 40 40 40
source=1: pgn=AIS Class B static data (msg 24 Part B)(129810): values=MessageID=(2) RepeatIndicator=("0") UserID=(1077952576) Typeofship=("64") VendorID=(0) Callsign=(0) Length=(0.0 m) Beam=(0.0 m) PositionreferencefromStarboard=(0.0 m) PositionreferencefromBow=(0.0 m) MothershipUserID=(0) Spare=(0) AISTransceiverinformation=("0") SequenceID=(0)

1  : pgn=129810 line=Rx 10290283 19 fb 12 01 03 96 00 28 00 1e 00 50
source=1: pgn=AIS Class B static data (msg 24 Part B)(129810): values=MessageID=(3) RepeatIndicator=("0") UserID=(2621590) Typeofship=("30") VendorID=(0) Callsign=(0) Length=(0.0 m) Beam=(0.0 m) PositionreferencefromStarboard=(0.0 m) PositionreferencefromBow=(0.0 m) MothershipUserID=(0) Spare=(0) AISTransceiverinformation=("0") SequenceID=(0)

1  : pgn=129810 line=Rx 10290284 19 fb 12 01 04 00 00 00 00 00 03 ff
source=1: pgn=AIS Class B static data (msg 24 Part B)(129810): values=MessageID=(4) RepeatIndicator=("0") UserID=(0) Typeofship=("0") VendorID=(0) Callsign=(0) Length=(0.0 m) Beam=(0.0 m) PositionreferencefromStarboard=(0.0 m) PositionreferencefromBow=(0.0 m) MothershipUserID=(0) Spare=(0) AISTransceiverinformation=("0") SequenceID=(0)

1  : pgn=130842 line=Rx 10290284 19 ff 1a 01 c0 24 41 9f 01 00 00 1b
1  : pgn=130842 line=Rx 10290285 19 ff 1a 01 c1 07 27 14 00 80 93 34
1  : pgn=130842 line=Rx 10290285 19 ff 1a 01 c2 52 57 45 b7 40 40 40
1  : pgn=130842 line=Rx 10290286 19 ff 1a 01 c3 40 40 40 40 96 00 28
1  : pgn=130842 line=Rx 10290287 19 ff 1a 01 c4 00 1e 00 50 00 00 00
1  : pgn=130842 line=Rx 10290287 19 ff 1a 01 c5 00 00 ff ff ff ff ff
3  : pgn=129540 line=Tx 10290287 19 fa 04 03 40 9f 83 ff 0d 03 97 1a
source=3: pgn=GNSS Sats in View(129540): values=RangeResidualMode=(None) SatsinView=(131) PRN=(None) Elevation=(4.47 deg) Azimuth=(39.00 deg) SNR=(0.0 dB) Rangeresiduals=(0) Status=("0")

3  : pgn=129540 line=Tx 10290287 19 fa 04 03 41 2e 26 00 00 00 00 00
source=3: pgn=GNSS Sats in View(129540): values=RangeResidualMode=("0") SatsinView=(38) PRN=(0) Elevation=(0.00 deg) Azimuth=(0.00 deg) SNR=(0.0 dB) Rangeresiduals=(0) Status=("0")

3  : pgn=129540 line=Tx 10290287 19 fa 04 03 42 00 f3 0f ff 1d 5c 3d
source=3: pgn=GNSS Sats in View(129540): values=RangeResidualMode=("0") SatsinView=(243) PRN=(15) Elevation=(44.00 deg) Azimuth=(90.00 deg) SNR=(0.0 dB) Rangeresiduals=(0) Status=("0")

3  : pgn=129540 line=Tx 10290287 19 fa 04 03 43 80 0c 00 00 00 00 f5
source=3: pgn=GNSS Sats in View(129540): values=RangeResidualMode=("0") SatsinView=(12) PRN=(0) Elevation=(0.00 deg) Azimuth=(359.36 deg) SNR=(0.0 dB) Rangeresiduals=(0) Status=("0")

3  : pgn=129540 line=Tx 10290287 19 fa 04 03 44 10 17 13 71 b9 8c 0a
source=3: pgn=GNSS Sats in View(129540): values=RangeResidualMode=("0") SatsinView=(23) PRN=(19) Elevation=(-103.49 deg) Azimuth=(15.47 deg) SNR=(0.0 dB) Rangeresiduals=(0) Status=("0")

3  : pgn=129540 line=Tx 10290287 19 fa 04 03 45 00 00 00 00 f5 12 c5
source=3: pgn=GNSS Sats in View(129540): values=RangeResidualMode=("0") SatsinView=(0) PRN=(0) Elevation=(-16.13 deg) Azimuth=(289.06 deg) SNR=(0.0 dB) Rangeresiduals=(0) Status=("0")

3  : pgn=129540 line=Tx 10290287 19 fa 04 03 46 31 f2 93 d8 0e 00 00
source=3: pgn=GNSS Sats in View(129540): values=RangeResidualMode=("1") SatsinView=(242) PRN=(147) Elevation=(21.77 deg) Azimuth=(0.00 deg) SNR=(0.0 dB) Rangeresiduals=(0) Status=("0")

3  : pgn=129540 line=Tx 10290287 19 fa 04 03 47 00 00 f5 13 ba 02 1f
source=3: pgn=GNSS Sats in View(129540): values=RangeResidualMode=("0") SatsinView=(0) PRN=(245) Elevation=(-102.57 deg) Azimuth=(45.48 deg) SNR=(0.0 dB) Rangeresiduals=(0) Status=("0")

3  : pgn=129540 line=Tx 10290287 19 fa 04 03 48 d8 1c 0c 00 00 00 00
source=3: pgn=GNSS Sats in View(129540): values=RangeResidualMode=("0") SatsinView=(28) PRN=(12) Elevation=(0.00 deg) Azimuth=(0.00 deg) SNR=(0.0 dB) Rangeresiduals=(0) Status=("0")

3  : pgn=129540 line=Tx 10290287 19 fa 04 03 49 f5 15 e8 37 5d 1f ac
source=3: pgn=GNSS Sats in View(129540): values=RangeResidualMode=("1") SatsinView=(21) PRN=(232) Elevation=(136.72 deg) Azimuth=(252.46 deg) SNR=(0.0 dB) Rangeresiduals=(0) Status=("0")

3  : pgn=129540 line=Tx 10290287 19 fa 04 03 4a 0d 00 00 00 00 f5 16
source=3: pgn=GNSS Sats in View(129540): values=RangeResidualMode=("1") SatsinView=(0) PRN=(0) Elevation=(0.00 deg) Azimuth=(33.67 deg) SNR=(0.0 dB) Rangeresiduals=(0) Status=("0")

3  : pgn=129540 line=Tx 10290289 19 fa 04 03 4b d1 15 cf 9c a0 0f 00
source=3: pgn=GNSS Sats in View(129540): values=RangeResidualMode=("1") SatsinView=(21) PRN=(207) Elevation=(-139.92 deg) Azimuth=(0.09 deg) SNR=(0.0 dB) Rangeresiduals=(0) Status=("0")

3  : pgn=129540 line=Tx 10290290 19 fa 04 03 4c 00 00 00 f5 1a ae 0f
source=3: pgn=GNSS Sats in View(129540): values=RangeResidualMode=("0") SatsinView=(0) PRN=(0) Elevation=(39.54 deg) Azimuth=(23.00 deg) SNR=(0.0 dB) Rangeresiduals=(0) Status=("0")

3  : pgn=129540 line=Tx 10290290 19 fa 04 03 4d 0b 20 98 08 00 00 00
source=3: pgn=GNSS Sats in View(129540): values=RangeResidualMode=(None) SatsinView=(32) PRN=(152) Elevation=(0.05 deg) Azimuth=(0.00 deg) SNR=(0.0 dB) Rangeresiduals=(0) Status=("0")

3  : pgn=129540 line=Tx 10290291 19 fa 04 03 4e 00 f5 1b d1 15 ab d2
source=3: pgn=GNSS Sats in View(129540): values=RangeResidualMode=("0") SatsinView=(245) PRN=(27) Elevation=(32.00 deg) Azimuth=(309.00 deg) SNR=(0.0 dB) Rangeresiduals=(0) Status=("0")

3  : pgn=129540 line=Tx 10290292 19 fa 04 03 4f c4 09 00 00 00 00 f5
source=3: pgn=GNSS Sats in View(129540): values=RangeResidualMode=("0") SatsinView=(9) PRN=(0) Elevation=(0.00 deg) Azimuth=(359.36 deg) SNR=(0.0 dB) Rangeresiduals=(0) Status=("0")

3  : pgn=129540 line=Tx 10290292 19 fa 04 03 50 1d 00 0f a1 67 f0 0a
source=3: pgn=GNSS Sats in View(129540): values=RangeResidualMode=("1") SatsinView=(0) PRN=(15) Elevation=(152.00 deg) Azimuth=(16.04 deg) SNR=(0.0 dB) Rangeresiduals=(0) Status=("0")

3  : pgn=129540 line=Tx 10290294 19 fa 04 03 51 00 00 00 00 f5 23 d1
source=3: pgn=GNSS Sats in View(129540): values=RangeResidualMode=("0") SatsinView=(0) PRN=(0) Elevation=(-16.13 deg) Azimuth=(306.76 deg) SNR=(0.0 dB) Rangeresiduals=(0) Status=("0")

3  : pgn=129540 line=Tx 10290294 19 fa 04 03 52 15 c3 8b 00 00 00 00
source=3: pgn=GNSS Sats in View(129540): values=RangeResidualMode=("1") SatsinView=(195) PRN=(139) Elevation=(0.00 deg) Azimuth=(0.00 deg) SNR=(0.0 dB) Rangeresiduals=(0) Status=("0")

3  : pgn=129540 line=Tx 10290295 19 fa 04 03 53 00 00 f3 30 2e 17 43
source=3: pgn=GNSS Sats in View(129540): values=RangeResidualMode=("0") SatsinView=(0) PRN=(243) Elevation=(67.75 deg) Azimuth=(98.41 deg) SNR=(0.0 dB) Rangeresiduals=(0) Status=("0")

3  : pgn=129540 line=Tx 10290296 19 fa 04 03 54 84 74 0e 00 00 00 00
source=3: pgn=GNSS Sats in View(129540): values=RangeResidualMode=("0") SatsinView=(116) PRN=(14) Elevation=(0.00 deg) Azimuth=(0.00 deg) SNR=(0.0 dB) Rangeresiduals=(0) Status=("0")

3  : pgn=129540 line=Tx 10290296 19 fa 04 03 55 f5 33 80 16 67 6c 54
source=3: pgn=GNSS Sats in View(129540): values=RangeResidualMode=("1") SatsinView=(51) PRN=(128) Elevation=(151.20 deg) Azimuth=(123.83 deg) SNR=(0.0 dB) Rangeresiduals=(0) Status=("0")

3  : pgn=129540 line=Tx 10290297 19 fa 04 03 56 0b 00 00 00 00 f5 ff
source=3: pgn=GNSS Sats in View(129540): values=RangeResidualMode=(None) SatsinView=(0) PRN=(0) Elevation=(0.00 deg) Azimuth=(375.43 deg) SNR=(0.0 dB) Rangeresiduals=(0) Status=("0")

3  : pgn=129025 line=Tx 10290298 09 f8 01 03 49 78 6f 1c 1c 5f fd b6
source=3: pgn=Position, Rapid Update(129025): values=Latitude=(47.7067337 deg) Longitude=(-122.4909028 deg)

3  : pgn=127258 line=Tx 10290299 19 f1 1a 03 ff f6 12 39 fa 0a ff ff
source=3: pgn=Magnetic Variation(127258): values=Source=("6") Ageofservice=(14610 d) Variation=(16.10 deg)

0  : pgn=127250 line=Rx 10290300 09 f1 12 00 ff 8b 39 ff 7f ff 7f fd
source=0: pgn=Vessel Heading(127250): values=Heading=(84.40 deg) Deviation=(None) Variation=(None) Reference=("1")

0  : pgn=127245 line=Rx 10290301 09 f1 0d 00 00 f8 ff 7f 00 00 ff ff
source=0: pgn=Rudder(127245): values=Instance=(0) DirectionOrder=("0") AngleOrder=(None) Position=(0.00 deg)

0  : pgn=65359  line=Rx 10290319 1c ff 4f 00 3b 9f ff ff ff 8b 39 ff
source=0: pgn=Seatalk: Pilot Heading(65359): values=ManufacturerCode=(1851) IndustryCode=(4) HeadingTrue=(None) HeadingMagnetic=(84.40 deg)

32 : pgn=128259 line=Rx 10290336 09 f5 03 20 aa 18 01 ff ff ff ff ff
source=32: pgn=Speed(128259): values=SpeedWaterReferenced=(2.8000000000000003 m/s) SpeedGroundReferenced=(None) SpeedWaterReferencedType=(None) SpeedDirection=(None)

32 : pgn=130310 line=Rx 10290339 15 fd 06 20 a8 ff ff ff ff ff ff ff
source=32: pgn=Environmental Parameters (obsolete)(130310): values=WaterTemperature=(None) OutsideAmbientAirTemperature=(None) AtmosphericPressure=(None)

1  : pgn=129038 line=Rx 10290342 11 f8 0e 01 20 1b c1 da 4c dc 15 e4
1  : pgn=129038 line=Rx 10290342 11 f8 0e 01 21 35 09 b7 63 82 5f 1c
1  : pgn=129038 line=Rx 10290343 11 f8 0e 01 22 91 fc b3 98 03 00 00
1  : pgn=129038 line=Rx 10290344 11 f8 0e 01 23 00 ab b4 00 00 ff fe
32 : pgn=128275 line=Rx 10290349 19 f5 13 20 40 0e ff ff ff ff ff ff
32 : pgn=128275 line=Rx 10290354 19 f5 13 20 41 79 ad 3c 00 79 ad 3c
32 : pgn=128275 line=Rx 10290359 19 f5 13 20 42 00 ff ff ff ff ff ff
1  : pgn=59936  line=Rx 10290373 18 ea 20 01 00 ee 00 00 00 00 00 00
3  : pgn=129026 line=Tx 10290388 09 f8 02 03 ff fc dc 3e 40 01 ff ff
source=3: pgn=COG & SOG, Rapid Update(129026): values=COGReference=("0") COG=(92.20 deg) SOG=(3.2 m/s)

3  : pgn=129025 line=Tx 10290388 09 f8 01 03 28 78 6f 1c b0 5f fd b6
source=3: pgn=Position, Rapid Update(129025): values=Latitude=(47.7067304 deg) Longitude=(-122.490888 deg)

0  : pgn=127250 line=Rx 10290400 09 f1 12 00 ff 87 39 ff 7f ff 7f fd
source=0: pgn=Vessel Heading(127250): values=Heading=(84.38 deg) Deviation=(None) Variation=(None) Reference=("1")

0  : pgn=127245 line=Rx 10290401 09 f1 0d 00 00 f8 ff 7f 00 00 ff ff
source=0: pgn=Rudder(127245): values=Instance=(0) DirectionOrder=("0") AngleOrder=(None) Position=(0.00 deg)

0  : pgn=65359  line=Rx 10290406 1c ff 4f 00 3b 9f ff ff ff 87 39 ff
source=0: pgn=Seatalk: Pilot Heading(65359): values=ManufacturerCode=(1851) IndustryCode=(4) HeadingTrue=(None) HeadingMagnetic=(84.38 deg)

4  : pgn=65384  line=Rx 10290409 1c ff 68 04 3b 9f 00 00 00 00 00 00
32 : pgn=128259 line=Rx 10290433 09 f5 03 20 ab 15 01 ff ff ff ff ff
3  : pgn=129029 line=Tx 10290489 0d f8 05 03 00 2b 61 06 40 80 c0 0b
source=3: pgn=GNSS Position Data(129029): values=Date=(24875 d) Time=(322963.047 s) Latitude=(0.0 deg) Longitude=(0.0 deg) Altitude=(0.0 m) GNSStype=("0") Method=("0") Integrity=("0") NumberofSVs=(0) HDOP=(0.0) PDOP=(0.0) GeoidalSeparation=(0.0 m) ReferenceStations=(0) ReferenceStationType=("0") ReferenceStationID=(0) AgeofDGNSSCorrections=(0.0 s)

3  : pgn=129029 line=Tx 10290489 0d f8 05 03 01 2c 00 90 df 74 2f e2
source=3: pgn=GNSS Position Data(129029): values=Date=(44 d) Time=(79618.856 s) Latitude=(0.0 deg) Longitude=(0.0 deg) Altitude=(0.0 m) GNSStype=("0") Method=("0") Integrity=("0") NumberofSVs=(0) HDOP=(0.0) PDOP=(0.0) GeoidalSeparation=(0.0 m) ReferenceStations=(0) ReferenceStationType=("0") ReferenceStationID=(0) AgeofDGNSSCorrections=(0.0 s)

3  : pgn=129029 line=Tx 10290489 0d f8 05 03 02 9e 06 00 e0 60 0d dd
source=3: pgn=GNSS Position Data(129029): values=Date=(1694 d) Time=(22445.2608 s) Latitude=(0.0 deg) Longitude=(0.0 deg) Altitude=(0.0 m) GNSStype=("0") Method=("0") Integrity=("0") NumberofSVs=(0) HDOP=(0.0) PDOP=(0.0) GeoidalSeparation=(0.0 m) ReferenceStations=(0) ReferenceStationType=("0") ReferenceStationID=(0) AgeofDGNSSCorrections=(0.0 s)

3  : pgn=129029 line=Tx 10290489 0d f8 05 03 03 3f 00 ef ff ff ff ff
source=3: pgn=GNSS Position Data(129029): values=Date=(63 d) Time=(429496.7279 s) Latitude=(0.0 deg) Longitude=(0.0 deg) Altitude=(0.0 m) GNSStype=("0") Method=("0") Integrity=("0") NumberofSVs=(0) HDOP=(0.0) PDOP=(0.0) GeoidalSeparation=(0.0 m) ReferenceStations=(0) ReferenceStationType=("0") ReferenceStationID=(0) AgeofDGNSSCorrections=(0.0 s)

3  : pgn=129029 line=Tx 10290489 0d f8 05 03 04 ff ff ff 7f 23 fc 09
source=3: pgn=GNSS Position Data(129029): values=Date=(None) Time=(423018.49590000004 s) Latitude=(0.0 deg) Longitude=(0.0 deg) Altitude=(0.0 m) GNSStype=("0") Method=("0") Integrity=("0") NumberofSVs=(0) HDOP=(0.0) PDOP=(0.0) GeoidalSeparation=(0.0 m) ReferenceStations=(0) ReferenceStationType=("0") ReferenceStationID=(0) AgeofDGNSSCorrections=(0.0 s)

3  : pgn=129029 line=Tx 10290489 0d f8 05 03 05 54 00 ff 7f ff ff ff
source=3: pgn=GNSS Position Data(129029): values=Date=(84 d) Time=(429493.4527 s) Latitude=(0.0 deg) Longitude=(0.0 deg) Altitude=(0.0 m) GNSStype=("0") Method=("0") Integrity=("0") NumberofSVs=(0) HDOP=(0.0) PDOP=(0.0) GeoidalSeparation=(0.0 m) ReferenceStations=(0) ReferenceStationType=("0") ReferenceStationID=(0) AgeofDGNSSCorrections=(0.0 s)

3  : pgn=129029 line=Tx 10290489 0d f8 05 03 06 7f 00 ff ff ff ff ff
source=3: pgn=GNSS Position Data(129029): values=Date=(127 d) Time=(None) Latitude=(0.0 deg) Longitude=(0.0 deg) Altitude=(0.0 m) GNSStype=("0") Method=("0") Integrity=("0") NumberofSVs=(0) HDOP=(0.0) PDOP=(0.0) GeoidalSeparation=(0.0 m) ReferenceStations=(0) ReferenceStationType=("0") ReferenceStationID=(0) AgeofDGNSSCorrections=(0.0 s)

3  : pgn=129025 line=Tx 10290489 09 f8 01 03 28 78 6f 1c b0 5f fd b6
source=3: pgn=Position, Rapid Update(129025): values=Latitude=(47.7067304 deg) Longitude=(-122.490888 deg)

3  : pgn=129033 line=Tx 10290489 0d f8 09 03 06 40 80 c0 0b 2c 5c fe
source=3: pgn=Time & Date(129033): values=Date=(16390 d) Time=(73896.768 s) LocalOffset=(-25200.0 s)

0  : pgn=127250 line=Rx 10290512 09 f1 12 00 ff 86 39 ff 7f ff 7f fd
source=0: pgn=Vessel Heading(127250): values=Heading=(84.37 deg) Deviation=(None) Variation=(None) Reference=("1")

0  : pgn=127245 line=Rx 10290513 09 f1 0d 00 00 f8 ff 7f 00 00 ff ff
source=0: pgn=Rudder(127245): values=Instance=(0) DirectionOrder=("0") AngleOrder=(None) Position=(0.00 deg)

0  : pgn=65359  line=Rx 10290519 1c ff 4f 00 3b 9f ff ff ff 86 39 ff
source=0: pgn=Seatalk: Pilot Heading(65359): values=ManufacturerCode=(1851) IndustryCode=(4) HeadingTrue=(None) HeadingMagnetic=(84.37 deg)

32 : pgn=128259 line=Rx 10290533 09 f5 03 20 ac 17 01 ff ff ff ff ff
source=32: pgn=Speed(128259): values=SpeedWaterReferenced=(2.79 m/s) SpeedGroundReferenced=(None) SpeedWaterReferencedType=(None) SpeedDirection=(None)

1  : pgn=129041 line=Rx 10290583 11 f8 11 01 a0 30 55 75 89 3a 3b 6d
1  : pgn=129041 line=Rx 10290583 11 f8 11 01 a1 8b 0a b7 5b f8 47 1c
1  : pgn=129041 line=Rx 10290584 11 f8 11 01 a2 f4 00 00 00 00 00 00
1  : pgn=129041 line=Rx 10290584 11 f8 11 01 a3 ff ff 12 ee ff e1 16
1  : pgn=129041 line=Rx 10290585 11 f8 11 01 a4 01 50 53 20 54 53 4c
1  : pgn=129041 line=Rx 10290586 11 f8 11 01 a5 20 4c 42 20 54 41 20
1  : pgn=129041 line=Rx 10290586 11 f8 11 01 a6 20 20 20 20 20 20 20
3  : pgn=129026 line=Tx 10290591 09 f8 02 03 ff fc dc 3e 40 01 ff ff
source=3: pgn=COG & SOG, Rapid Update(129026): values=COGReference=("0") COG=(92.20 deg) SOG=(3.2 m/s)

3  : pgn=129025 line=Tx 10290591 09 f8 01 03 28 78 6f 1c b0 5f fd b6
source=3: pgn=Position, Rapid Update(129025): values=Latitude=(47.7067304 deg) Longitude=(-122.490888 deg)

3  : pgn=126992 line=Tx 10290591 0d f0 10 03 ff ff 06 40 80 c0 0b 2c
source=3: pgn=System Time(126992): values=Source=(None) Date=(16390 d) Time=(73896.768 s)

0  : pgn=127250 line=Rx 10290604 09 f1 12 00 ff 85 39 ff 7f ff 7f fd
source=0: pgn=Vessel Heading(127250): values=Heading=(84.37 deg) Deviation=(None) Variation=(None) Reference=("1")

0  : pgn=127245 line=Rx 10290605 09 f1 0d 00 00 f8 ff 7f 00 00 ff ff
source=0: pgn=Rudder(127245): values=Instance=(0) DirectionOrder=("0") AngleOrder=(None) Position=(0.00 deg)

0  : pgn=65379  line=Rx 10290609 1c ff 63 00 3b 9f 00 00 00 00 01 ff
source=0: pgn=Seatalk: Pilot Mode(65379): values=ManufacturerCode=(1851) IndustryCode=(4) PilotMode=(0) SubMode=(0) PilotModeData=(0)

0  : pgn=65359  line=Rx 10290610 1c ff 4f 00 3b 9f ff ff ff 85 39 ff
source=0: pgn=Seatalk: Pilot Heading(65359): values=ManufacturerCode=(1851) IndustryCode=(4) HeadingTrue=(None) HeadingMagnetic=(84.37 deg)

0  : pgn=126975 line=Rx 10290626 1d ef ff 00 e0 0d 3b 9f f0 81 84 46
0  : pgn=126975 line=Rx 10290628 1d ef ff 00 e1 2a a9 00 00 00 02 05
32 : pgn=128259 line=Rx 10290633 09 f5 03 20 ad 17 01 ff ff ff ff ff
source=32: pgn=Speed(128259): values=SpeedWaterReferenced=(2.79 m/s) SpeedGroundReferenced=(None) SpeedWaterReferencedType=(None) SpeedDirection=(None)

3  : pgn=129025 line=Tx 10290691 09 f8 01 03 1e 78 6f 1c 07 60 fd b6
source=3: pgn=Position, Rapid Update(129025): values=Latitude=(47.7067294 deg) Longitude=(-122.49087929999999 deg)

0  : pgn=127250 line=Rx 10290692 09 f1 12 00 ff 87 39 ff 7f ff 7f fd
source=0: pgn=Vessel Heading(127250): values=Heading=(84.38 deg) Deviation=(None) Variation=(None) Reference=("1")

0  : pgn=127245 line=Rx 10290696 09 f1 0d 00 00 f8 ff 7f 00 00 ff ff
source=0: pgn=Rudder(127245): values=Instance=(0) DirectionOrder=("0") AngleOrder=(None) Position=(0.00 deg)

0  : pgn=65359  line=Rx 10290703 1c ff 4f 00 3b 9f ff ff ff 87 39 ff
source=0: pgn=Seatalk: Pilot Heading(65359): values=ManufacturerCode=(1851) IndustryCode=(4) HeadingTrue=(None) HeadingMagnetic=(84.38 deg)

1  : pgn=129038 line=Rx 10290705 11 f8 0e 01 40 1b c1 12 f9 de 15 2e
1  : pgn=129038 line=Rx 10290705 11 f8 0e 01 41 85 10 b7 7b 76 67 1c
1  : pgn=129038 line=Rx 10290706 11 f8 0e 01 42 8f 5c 31 00 00 01 00
1  : pgn=129038 line=Rx 10290707 11 f8 0e 01 43 08 88 90 00 00 f0 fe
0  : pgn=126975 line=Rx 10290715 1d ef ff 00 00 09 3b 9f f0 81 ae 02
0  : pgn=126975 line=Rx 10290717 1d ef ff 00 01 00 08 00 ff ff ff ff
32 : pgn=128259 line=Rx 10290732 09 f5 03 20 ae 1c 01 ff ff ff ff ff
source=32: pgn=Speed(128259): values=SpeedWaterReferenced=(2.84 m/s) SpeedGroundReferenced=(None) SpeedWaterReferencedType=(None) SpeedDirection=(None)

3  : pgn=129026 line=Tx 10290791 09 f8 02 03 ff fc dc 3e 40 01 ff ff
source=3: pgn=COG & SOG, Rapid Update(129026): values=COGReference=("0") COG=(92.20 deg) SOG=(3.2 m/s)

3  : pgn=129025 line=Tx 10290791 09 f8 01 03 1e 78 6f 1c 07 60 fd b6
source=3: pgn=Position, Rapid Update(129025): values=Latitude=(47.7067294 deg) Longitude=(-122.49087929999999 deg)

3  : pgn=129291 line=Tx 10290791 0d f9 0b 03 ff fc 92 20 37 00 ff ff
source=3: pgn=Set & Drift, Rapid Update(129291): values=SetReference=("0") Set=(47.77 deg) Drift=(0.55 m/s)

0  : pgn=127250 line=Rx 10290792 09 f1 12 00 ff 92 39 ff 7f ff 7f fd
source=0: pgn=Vessel Heading(127250): values=Heading=(84.44 deg) Deviation=(None) Variation=(None) Reference=("1")

0  : pgn=127245 line=Rx 10290793 09 f1 0d 00 00 f8 ff 7f 00 00 ff ff
source=0: pgn=Rudder(127245): values=Instance=(0) DirectionOrder=("0") AngleOrder=(None) Position=(0.00 deg)

0  : pgn=65359  line=Rx 10290806 1c ff 4f 00 3b 9f ff ff ff 92 39 ff
source=0: pgn=Seatalk: Pilot Heading(65359): values=ManufacturerCode=(1851) IndustryCode=(4) HeadingTrue=(None) HeadingMagnetic=(84.44 deg)

32 : pgn=128259 line=Rx 10290831 09 f5 03 20 af 20 01 ff ff ff ff ff
source=32: pgn=Speed(128259): values=SpeedWaterReferenced=(2.88 m/s) SpeedGroundReferenced=(None) SpeedWaterReferencedType=(None) SpeedDirection=(None)

3  : pgn=129025 line=Tx 10290892 09 f8 01 03 14 78 6f 1c 58 60 fd b6
source=3: pgn=Position, Rapid Update(129025): values=Latitude=(47.706728399999996 deg) Longitude=(-122.4908712 deg)

0  : pgn=127250 line=Rx 10290898 09 f1 12 00 ff a9 39 ff 7f ff 7f fd
source=0: pgn=Vessel Heading(127250): values=Heading=(84.57 deg) Deviation=(None) Variation=(None) Reference=("1")

0  : pgn=127245 line=Rx 10290899 09 f1 0d 00 00 f8 ff 7f 00 00 ff ff
source=0: pgn=Rudder(127245): values=Instance=(0) DirectionOrder=("0") AngleOrder=(None) Position=(0.00 deg)

0  : pgn=65359  line=Rx 10290906 1c ff 4f 00 3b 9f ff ff ff a9 39 ff
source=0: pgn=Seatalk: Pilot Heading(65359): values=ManufacturerCode=(1851) IndustryCode=(4) HeadingTrue=(None) HeadingMagnetic=(84.57 deg)

32 : pgn=128259 line=Rx 10290931 09 f5 03 20 b0 23 01 ff ff ff ff ff
source=32: pgn=Speed(128259): values=SpeedWaterReferenced=(2.91 m/s) SpeedGroundReferenced=(None) SpeedWaterReferencedType=(None) SpeedDirection=(None)

0  : pgn=127250 line=Rx 10290992 09 f1 12 00 ff b9 39 ff 7f ff 7f fd
source=0: pgn=Vessel Heading(127250): values=Heading=(84.67 deg) Deviation=(None) Variation=(None) Reference=("1")

3  : pgn=129026 line=Tx 10290993 09 f8 02 03 ff fc ca 3e 40 01 ff ff
source=3: pgn=COG & SOG, Rapid Update(129026): values=COGReference=("0") COG=(92.10 deg) SOG=(3.2 m/s)

3  : pgn=130577 line=Tx 10290993 0d fe 11 03 20 0e c0 62 ca 3e 40 01
3  : pgn=130577 line=Tx 10290993 0d fe 11 03 21 ff ff ff ff 1f 1c 36
3  : pgn=130577 line=Tx 10290993 0d fe 11 03 22 00 ff ff ff ff ff ff
3  : pgn=129025 line=Tx 10290993 09 f8 01 03 14 78 6f 1c 58 60 fd b6
3  : pgn=130306 line=Tx 10290993 09 fd 02 03 ff 37 03 f1 cf fa ff ff
source=3: pgn=Wind Data(130306): values=WindSpeed=(8.23 m/s) WindAngle=(305.00 deg) Reference=("2")

0  : pgn=127245 line=Rx 10290993 09 f1 0d 00 00 f8 ff 7f 00 00 ff ff
source=0: pgn=Rudder(127245): values=Instance=(0) DirectionOrder=("0") AngleOrder=(None) Position=(0.00 deg)

0  : pgn=65359  line=Rx 10291010 1c ff 4f 00 3b 9f ff ff ff b9 39 ff
source=0: pgn=Seatalk: Pilot Heading(65359): values=ManufacturerCode=(1851) IndustryCode=(4) HeadingTrue=(None) HeadingMagnetic=(84.67 deg)

32 : pgn=128259 line=Rx 10291030 09 f5 03 20 b1 37 01 ff ff ff ff ff
source=32: pgn=Speed(128259): values=SpeedWaterReferenced=(3.11 m/s) SpeedGroundReferenced=(None) SpeedWaterReferencedType=(None) SpeedDirection=(None)

1  : pgn=129038 line=Rx 10291069 11 f8 0e 01 60 1b c1 50 e0 e6 15 0b
1  : pgn=129038 line=Rx 10291069 11 f8 0e 01 61 85 ca b6 5a 73 67 1c
1  : pgn=129038 line=Rx 10291070 11 f8 0e 01 62 90 f8 61 05 00 00 00
1  : pgn=129038 line=Rx 10291070 11 f8 0e 01 63 00 67 30 d2 e5 ff fe
4  : pgn=126975 line=Rx 10291072 1d ef ff 04 a0 07 3b 9f f0 81 90 00
4  : pgn=126975 line=Rx 10291072 1d ef ff 04 a1 03 ff ff ff ff ff ff
0  : pgn=127250 line=Rx 10291092 09 f1 12 00 ff f1 39 ff 7f ff 7f fd
source=0: pgn=Vessel Heading(127250): values=Heading=(84.99 deg) Deviation=(None) Variation=(None) Reference=("1")

3  : pgn=129283 line=Tx 10291093 0d f9 03 03 ff 7f ff ff ff 7f ff ff
source=3: pgn=Cross Track Error(129283): values=XTEmode=(None) NavigationTerminated=("1") XTE=(None)

3  : pgn=129025 line=Tx 10291093 09 f8 01 03 14 78 6f 1c 58 60 fd b6
source=3: pgn=Position, Rapid Update(129025): values=Latitude=(47.706728399999996 deg) Longitude=(-122.4908712 deg)

3  : pgn=128267 line=Tx 10291093 0d f5 0b 03 ff 26 3c 00 00 00 00 ff
source=3: pgn=Water Depth(128267): values=Depth=(153.98 m) Offset=(0.0 m) Range=(None)

0  : pgn=127245 line=Rx 10291093 09 f1 0d 00 00 f8 ff 7f 00 00 ff ff
source=0: pgn=Rudder(127245): values=Instance=(0) DirectionOrder=("0") AngleOrder=(None) Position=(0.00 deg)

0  : pgn=65359  line=Rx 10291105 1c ff 4f 00 3b 9f ff ff ff f1 39 ff
source=0: pgn=Seatalk: Pilot Heading(65359): values=ManufacturerCode=(1851) IndustryCode=(4) HeadingTrue=(None) HeadingMagnetic=(84.99 deg)

0  : pgn=126975 line=Rx 10291106 1d ef ff 00 20 08 3b 9f f0 81 9c 81
0  : pgn=126975 line=Rx 10291108 1d ef ff 00 21 2a 00 ff ff ff ff ff
32 : pgn=128259 line=Rx 10291130 09 f5 03 20 b2 26 01 ff ff ff ff ff
source=32: pgn=Speed(128259): values=SpeedWaterReferenced=(2.94 m/s) SpeedGroundReferenced=(None) SpeedWaterReferencedType=(None) SpeedDirection=(None)

0  : pgn=127250 line=Rx 10291192 09 f1 12 00 ff 1b 3a ff 7f ff 7f fd
source=0: pgn=Vessel Heading(127250): values=Heading=(85.23 deg) Deviation=(None) Variation=(None) Reference=("1")

0  : pgn=127245 line=Rx 10291193 09 f1 0d 00 00 f8 ff 7f 00 00 ff ff
source=0: pgn=Rudder(127245): values=Instance=(0) DirectionOrder=("0") AngleOrder=(None) Position=(0.00 deg)

1  : pgn=129038 line=Rx 10291196 11 f8 0e 01 80 1b c1 00 b9 ef 15 b6
1  : pgn=129038 line=Rx 10291196 11 f8 0e 01 81 61 0e b7 f7 a4 63 1c
1  : pgn=129038 line=Rx 10291196 11 f8 0e 01 82 94 aa e7 00 00 00 00
3  : pgn=129026 line=Tx 10291196 09 f8 02 03 ff fc b9 3e 40 01 ff ff
source=3: pgn=COG & SOG, Rapid Update(129026): values=COGReference=("0") COG=(92.00 deg) SOG=(3.2 m/s)

3  : pgn=129025 line=Tx 10291196 09 f8 01 03 11 78 6f 1c f9 60 fd b6
source=3: pgn=Position, Rapid Update(129025): values=Latitude=(47.7067281 deg) Longitude=(-122.49085509999999 deg)

3  : pgn=129542 line=Tx 10291196 19 fa 06 03 20 0f 62 79 01 00 00 00
3  : pgn=129542 line=Tx 10291196 19 fa 06 03 21 00 00 00 00 00 00 00
3  : pgn=129542 line=Tx 10291196 19 fa 06 03 22 00 00 ff ff ff ff ff
3  : pgn=65364  line=Tx 10291196 1c ff 54 03 3b 9f 37 03 f1 cf ff ff
1  : pgn=129038 line=Rx 10291196 11 f8 0e 01 83 00 c3 7c 00 00 f0 fe
1  : pgn=129038 line=Rx 10291198 11 f8 0e 01 a0 1b c1 76 c0 e0 15 57
1  : pgn=129038 line=Rx 10291199 11 f8 0e 01 a1 a8 0c b7 fc 5f 69 1c
1  : pgn=129038 line=Rx 10291199 11 f8 0e 01 a2 90 ac 72 00 00 00 00
1  : pgn=129038 line=Rx 10291200 11 f8 0e 01 a3 00 ff ff ff 7f ff fe
0  : pgn=65359  line=Rx 10291209 1c ff 4f 00 3b 9f ff ff ff 1b 3a ff
source=0: pgn=Seatalk: Pilot Heading(65359): values=ManufacturerCode=(1851) IndustryCode=(4) HeadingTrue=(None) HeadingMagnetic=(85.23 deg)

32 : pgn=128259 line=Rx 10291230 09 f5 03 20 b3 29 01 ff ff ff ff ff
source=32: pgn=Speed(128259): values=SpeedWaterReferenced=(2.97 m/s) SpeedGroundReferenced=(None) SpeedWaterReferencedType=(None) SpeedDirection=(None)

0  : pgn=127250 line=Rx 10291292 09 f1 12 00 ff 61 3a ff 7f ff 7f fd
source=0: pgn=Vessel Heading(127250): values=Heading=(85.63 deg) Deviation=(None) Variation=(None) Reference=("1")

0  : pgn=127245 line=Rx 10291293 09 f1 0d 00 00 f8 ff 7f 00 00 ff ff
source=0: pgn=Rudder(127245): values=Instance=(0) DirectionOrder=("0") AngleOrder=(None) Position=(0.00 deg)

3  : pgn=129540 line=Tx 10291297 19 fa 04 03 60 9f 84 ff 0d 03 97 1a
source=3: pgn=GNSS Sats in View(129540): values=RangeResidualMode=(None) SatsinView=(132) PRN=(None) Elevation=(4.47 deg) Azimuth=(39.00 deg) SNR=(0.0 dB) Rangeresiduals=(0) Status=("0")

3  : pgn=129540 line=Tx 10291297 19 fa 04 03 61 2e 26 00 00 00 00 00
source=3: pgn=GNSS Sats in View(129540): values=RangeResidualMode=("0") SatsinView=(38) PRN=(0) Elevation=(0.00 deg) Azimuth=(0.00 deg) SNR=(0.0 dB) Rangeresiduals=(0) Status=("0")

3  : pgn=129540 line=Tx 10291297 19 fa 04 03 62 00 f3 0f ff 1d 5c 3d
source=3: pgn=GNSS Sats in View(129540): values=RangeResidualMode=("0") SatsinView=(243) PRN=(15) Elevation=(44.00 deg) Azimuth=(90.00 deg) SNR=(0.0 dB) Rangeresiduals=(0) Status=("0")

3  : pgn=129540 line=Tx 10291297 19 fa 04 03 63 1c 0c 00 00 00 00 f5
source=3: pgn=GNSS Sats in View(129540): values=RangeResidualMode=("0") SatsinView=(12) PRN=(0) Elevation=(0.00 deg) Azimuth=(359.36 deg) SNR=(0.0 dB) Rangeresiduals=(0) Status=("0")

3  : pgn=129540 line=Tx 10291297 19 fa 04 03 64 10 17 13 71 b9 80 0c
source=3: pgn=GNSS Sats in View(129540): values=RangeResidualMode=("0") SatsinView=(23) PRN=(19) Elevation=(-103.49 deg) Azimuth=(18.33 deg) SNR=(0.0 dB) Rangeresiduals=(0) Status=("0")

3  : pgn=129540 line=Tx 10291297 19 fa 04 03 65 00 00 00 00 f5 12 c5
source=3: pgn=GNSS Sats in View(129540): values=RangeResidualMode=("0") SatsinView=(0) PRN=(0) Elevation=(-16.13 deg) Azimuth=(289.06 deg) SNR=(0.0 dB) Rangeresiduals=(0) Status=("0")

3  : pgn=129540 line=Tx 10291297 19 fa 04 03 66 31 f2 93 e4 0c 00 00
source=3: pgn=GNSS Sats in View(129540): values=RangeResidualMode=("1") SatsinView=(242) PRN=(147) Elevation=(18.91 deg) Azimuth=(0.00 deg) SNR=(0.0 dB) Rangeresiduals=(0) Status=("0")

3  : pgn=129540 line=Tx 10291297 19 fa 04 03 67 00 00 f5 13 ba 02 1f
source=3: pgn=GNSS Sats in View(129540): values=RangeResidualMode=("0") SatsinView=(0) PRN=(245) Elevation=(-102.57 deg) Azimuth=(45.48 deg) SNR=(0.0 dB) Rangeresiduals=(0) Status=("0")

3  : pgn=129540 line=Tx 10291297 19 fa 04 03 68 d8 cc 10 00 00 00 00
source=3: pgn=GNSS Sats in View(129540): values=RangeResidualMode=("0") SatsinView=(204) PRN=(16) Elevation=(0.00 deg) Azimuth=(0.00 deg) SNR=(0.0 dB) Rangeresiduals=(0) Status=("0")

3  : pgn=129540 line=Tx 10291297 19 fa 04 03 69 f5 15 e8 37 5d 1f ac
source=3: pgn=GNSS Sats in View(129540): values=RangeResidualMode=("1") SatsinView=(21) PRN=(232) Elevation=(136.72 deg) Azimuth=(252.46 deg) SNR=(0.0 dB) Rangeresiduals=(0) Status=("0")

3  : pgn=129540 line=Tx 10291297 19 fa 04 03 6a 0d 00 00 00 00 f5 16
source=3: pgn=GNSS Sats in View(129540): values=RangeResidualMode=("1") SatsinView=(0) PRN=(0) Elevation=(0.00 deg) Azimuth=(33.67 deg) SNR=(0.0 dB) Rangeresiduals=(0) Status=("0")

3  : pgn=129540 line=Tx 10291298 19 fa 04 03 6b d1 15 cf 9c 3c 0f 00
source=3: pgn=GNSS Sats in View(129540): values=RangeResidualMode=("1") SatsinView=(21) PRN=(207) Elevation=(88.90 deg) Azimuth=(0.09 deg) SNR=(0.0 dB) Rangeresiduals=(0) Status=("0")

3  : pgn=129540 line=Tx 10291299 19 fa 04 03 6c 00 00 00 f5 1a ae 0f
source=3: pgn=GNSS Sats in View(129540): values=RangeResidualMode=("0") SatsinView=(0) PRN=(0) Elevation=(39.54 deg) Azimuth=(23.00 deg) SNR=(0.0 dB) Rangeresiduals=(0) Status=("0")

3  : pgn=129540 line=Tx 10291300 19 fa 04 03 6d 0b 20 b8 0b 00 00 00
source=3: pgn=GNSS Sats in View(129540): values=RangeResidualMode=(None) SatsinView=(32) PRN=(184) Elevation=(0.06 deg) Azimuth=(0.00 deg) SNR=(0.0 dB) Rangeresiduals=(0) Status=("0")

3  : pgn=129540 line=Tx 10291300 19 fa 04 03 6e 00 f5 1b d1 15 ab d2
source=3: pgn=GNSS Sats in View(129540): values=RangeResidualMode=("0") SatsinView=(245) PRN=(27) Elevation=(32.00 deg) Azimuth=(309.00 deg) SNR=(0.0 dB) Rangeresiduals=(0) Status=("0")

3  : pgn=129540 line=Tx 10291302 19 fa 04 03 6f d8 0e 00 00 00 00 f5
source=3: pgn=GNSS Sats in View(129540): values=RangeResidualMode=("0") SatsinView=(14) PRN=(0) Elevation=(0.00 deg) Azimuth=(359.36 deg) SNR=(0.0 dB) Rangeresiduals=(0) Status=("0")

3  : pgn=129540 line=Tx 10291303 19 fa 04 03 70 1d 00 0f a1 67 54 0b
source=3: pgn=GNSS Sats in View(129540): values=RangeResidualMode=("1") SatsinView=(0) PRN=(15) Elevation=(152.00 deg) Azimuth=(16.62 deg) SNR=(0.0 dB) Rangeresiduals=(0) Status=("0")

0  : pgn=65359  line=Rx 10291304 1c ff 4f 00 3b 9f ff ff ff 61 3a ff
source=0: pgn=Seatalk: Pilot Heading(65359): values=ManufacturerCode=(1851) IndustryCode=(4) HeadingTrue=(None) HeadingMagnetic=(85.63 deg)

3  : pgn=129540 line=Tx 10291304 19 fa 04 03 71 00 00 00 00 f5 23 d1
source=3: pgn=GNSS Sats in View(129540): values=RangeResidualMode=("0") SatsinView=(0) PRN=(0) Elevation=(-16.13 deg) Azimuth=(306.76 deg) SNR=(0.0 dB) Rangeresiduals=(0) Status=("0")

3  : pgn=129540 line=Tx 10291305 19 fa 04 03 72 15 c3 8b 00 00 00 00
source=3: pgn=GNSS Sats in View(129540): values=RangeResidualMode=("1") SatsinView=(195) PRN=(139) Elevation=(0.00 deg) Azimuth=(0.00 deg) SNR=(0.0 dB) Rangeresiduals=(0) Status=("0")

3  : pgn=129540 line=Tx 10291306 19 fa 04 03 73 00 00 f3 30 2e 17 43
source=3: pgn=GNSS Sats in View(129540): values=RangeResidualMode=("0") SatsinView=(0) PRN=(243) Elevation=(67.75 deg) Azimuth=(98.41 deg) SNR=(0.0 dB) Rangeresiduals=(0) Status=("0")

3  : pgn=129540 line=Tx 10291306 19 fa 04 03 74 84 a0 0f 00 00 00 00
source=3: pgn=GNSS Sats in View(129540): values=RangeResidualMode=("0") SatsinView=(160) PRN=(15) Elevation=(0.00 deg) Azimuth=(0.00 deg) SNR=(0.0 dB) Rangeresiduals=(0) Status=("0")

3  : pgn=129540 line=Tx 10291307 19 fa 04 03 75 f5 33 80 16 67 6c 74
source=3: pgn=GNSS Sats in View(129540): values=RangeResidualMode=("1") SatsinView=(51) PRN=(128) Elevation=(151.20 deg) Azimuth=(170.76 deg) SNR=(0.0 dB) Rangeresiduals=(0) Status=("0")

3  : pgn=129540 line=Tx 10291309 19 fa 04 03 76 0e 00 00 00 00 f5 ff
source=3: pgn=GNSS Sats in View(129540): values=RangeResidualMode=("0") SatsinView=(0) PRN=(0) Elevation=(0.00 deg) Azimuth=(375.43 deg) SNR=(0.0 dB) Rangeresiduals=(0) Status=("0")

3  : pgn=129025 line=Tx 10291309 09 f8 01 03 11 78 6f 1c f9 60 fd b6
source=3: pgn=Position, Rapid Update(129025): values=Latitude=(47.7067281 deg) Longitude=(-122.49085509999999 deg)

3  : pgn=127258 line=Tx 10291310 19 f1 1a 03 ff f6 12 39 fa 0a ff ff
source=3: pgn=Magnetic Variation(127258): values=Source=("6") Ageofservice=(14610 d) Variation=(16.10 deg)

1  : pgn=129038 line=Rx 10291318 11 f8 0e 01 c0 1b c1 3a 7c e8 15 ba
1  : pgn=129038 line=Rx 10291319 11 f8 0e 01 c1 5e 0c b7 b6 7f 63 1c
1  : pgn=129038 line=Rx 10291319 11 f8 0e 01 c2 97 1c 0e 00 00 00 00
1  : pgn=129038 line=Rx 10291320 11 f8 0e 01 c3 00 ff ff ff 7f ff fe
32 : pgn=128259 line=Rx 10291331 09 f5 03 20 b4 2e 01 ff ff ff ff ff
source=32: pgn=Speed(128259): values=SpeedWaterReferenced=(3.02 m/s) SpeedGroundReferenced=(None) SpeedWaterReferencedType=(None) SpeedDirection=(None)

32 : pgn=130310 line=Rx 10291334 15 fd 06 20 a9 ff ff ff ff ff ff ff
source=32: pgn=Environmental Parameters (obsolete)(130310): values=WaterTemperature=(None) OutsideAmbientAirTemperature=(None) AtmosphericPressure=(None)

32 : pgn=128275 line=Rx 10291344 19 f5 13 20 60 0e ff ff ff ff ff ff
1  : pgn=129038 line=Rx 10291349 11 f8 0e 01 e0 1b c1 58 f2 20 0d 61
1  : pgn=129038 line=Rx 10291349 11 f8 0e 01 e1 86 13 b7 a7 4a 5d 1c
1  : pgn=129038 line=Rx 10291350 11 f8 0e 01 e2 94 b1 82 25 01 00 00
1  : pgn=129038 line=Rx 10291350 11 f8 0e 01 e3 00 14 7c 00 00 f5 fe
32 : pgn=128275 line=Rx 10291352 19 f5 13 20 61 79 ad 3c 00 79 ad 3c
32 : pgn=128275 line=Rx 10291354 19 f5 13 20 62 00 ff ff ff ff ff ff
1  : pgn=59936  line=Rx 10291379 18 ea 20 01 00 ee 00 00 00 00 00 00
0  : pgn=127250 line=Rx 10291392 09 f1 12 00 ff 9f 3a ff 7f ff 7f fd
source=0: pgn=Vessel Heading(127250): values=Heading=(85.98 deg) Deviation=(None) Variation=(None) Reference=("1")

0  : pgn=127245 line=Rx 10291393 09 f1 0d 00 00 f8 ff 7f 00 00 ff ff
source=0: pgn=Rudder(127245): values=Instance=(0) DirectionOrder=("0") AngleOrder=(None) Position=(0.00 deg)

3  : pgn=129026 line=Tx 10291397 09 f8 02 03 ff fc b9 3e 40 01 ff ff
source=3: pgn=COG & SOG, Rapid Update(129026): values=COGReference=("0") COG=(92.00 deg) SOG=(3.2 m/s)

3  : pgn=129025 line=Tx 10291397 09 f8 01 03 11 78 6f 1c f9 60 fd b6
source=3: pgn=Position, Rapid Update(129025): values=Latitude=(47.7067281 deg) Longitude=(-122.49085509999999 deg)

0  : pgn=65359  line=Rx 10291399 1c ff 4f 00 3b 9f ff ff ff 9f 3a ff
source=0: pgn=Seatalk: Pilot Heading(65359): values=ManufacturerCode=(1851) IndustryCode=(4) HeadingTrue=(None) HeadingMagnetic=(85.98 deg)

4  : pgn=65384  line=Rx 10291409 1c ff 68 04 3b 9f 00 00 00 00 00 00
32 : pgn=128259 line=Rx 10291429 09 f5 03 20 b5 2e 01 ff ff ff ff ff
1  : pgn=129809 line=Rx 10291470 19 fb 11 01 c0 19 18 bc 53 e9 15 54
1  : pgn=129809 line=Rx 10291470 19 fb 11 01 c1 4f 4c 4c 59 57 41 43
1  : pgn=129809 line=Rx 10291471 19 fb 11 01 c2 4b 45 52 20 20 20 20
1  : pgn=129809 line=Rx 10291471 19 fb 11 01 c3 20 20 20 20 20 ff ff
1  : pgn=130842 line=Rx 10291472 19 ff 1a 01 e0 1d 41 9f 00 00 00 bc
1  : pgn=130842 line=Rx 10291472 19 ff 1a 01 e1 53 e9 15 54 4f 4c 4c
1  : pgn=130842 line=Rx 10291473 19 ff 1a 01 e2 59 57 41 43 4b 45 52
1  : pgn=130842 line=Rx 10291474 19 ff 1a 01 e3 20 20 20 20 20 20 20
1  : pgn=130842 line=Rx 10291474 19 ff 1a 01 e4 20 20 ff ff ff ff ff
0  : pgn=127250 line=Rx 10291492 09 f1 12 00 ff b2 3a ff 7f ff 7f fd
source=0: pgn=Vessel Heading(127250): values=Heading=(86.09 deg) Deviation=(None) Variation=(None) Reference=("1")

0  : pgn=127245 line=Rx 10291493 09 f1 0d 00 00 f8 ff 7f 00 00 ff ff
source=0: pgn=Rudder(127245): values=Instance=(0) DirectionOrder=("0") AngleOrder=(None) Position=(0.00 deg)

3  : pgn=129029 line=Tx 10291498 0d f8 05 03 20 2b 62 06 40 52 e9 0b
3  : pgn=129029 line=Tx 10291498 0d f8 05 03 21 2c 00 6a f7 19 2a e2
3  : pgn=129029 line=Tx 10291498 0d f8 05 03 22 9e 06 00 20 e9 e8 3d
3  : pgn=129029 line=Tx 10291498 0d f8 05 03 23 40 00 ef ff ff ff ff
3  : pgn=129029 line=Tx 10291498 0d f8 05 03 24 ff ff ff 7f 23 fc 09
3  : pgn=129029 line=Tx 10291498 0d f8 05 03 25 54 00 ff 7f ff ff ff
3  : pgn=129029 line=Tx 10291498 0d f8 05 03 26 7f 00 ff ff ff ff ff
3  : pgn=129025 line=Tx 10291498 09 f8 01 03 11 78 6f 1c 50 61 fd b6
source=3: pgn=Position, Rapid Update(129025): values=Latitude=(47.7067281 deg) Longitude=(-122.4908464 deg)

3  : pgn=129033 line=Tx 10291498 0d f8 09 03 06 40 52 e9 0b 2c 5c fe
source=3: pgn=Time & Date(129033): values=Date=(16390 d) Time=(73897.81300000001 s) LocalOffset=(-25200.0 s)

0  : pgn=65359  line=Rx 10291501 1c ff 4f 00 3b 9f ff ff ff b2 3a ff
source=0: pgn=Seatalk: Pilot Heading(65359): values=ManufacturerCode=(1851) IndustryCode=(4) HeadingTrue=(None) HeadingMagnetic=(86.09 deg)

32 : pgn=128259 line=Rx 10291528 09 f5 03 20 b6 2b 01 ff ff ff ff ff
source=32: pgn=Speed(128259): values=SpeedWaterReferenced=(2.99 m/s) SpeedGroundReferenced=(None) SpeedWaterReferencedType=(None) SpeedDirection=(None)

0  : pgn=127250 line=Rx 10291592 09 f1 12 00 ff bc 3a ff 7f ff 7f fd
source=0: pgn=Vessel Heading(127250): values=Heading=(86.15 deg) Deviation=(None) Variation=(None) Reference=("1")

0  : pgn=127245 line=Rx 10291592 09 f1 0d 00 00 f8 ff 7f 00 00 ff ff
source=0: pgn=Rudder(127245): values=Instance=(0) DirectionOrder=("0") AngleOrder=(None) Position=(0.00 deg)

1  : pgn=129038 line=Rx 10291593 11 f8 0e 01 00 1b c1 14 8c db 15 0e
1  : pgn=129038 line=Rx 10291594 11 f8 0e 01 01 6a 0d b7 a6 be 7f 1c
source=1: pgn=AIS Class A Position Report(129038): values=MessageID=(1) RepeatIndicator=("0") UserID=(2797014378) Longitude=(0.0 deg) Latitude=(0.0 deg) PositionAccuracy=("0") RAIM=("0") TimeStamp=("0") COG=(0.00 deg) SOG=(0.0 m/s) CommunicationState=(0) AISTransceiverinformation=("0") Heading=(0.00 deg) RateofTurn=(0.00 deg/s) NavStatus=("0") SpecialManeuverIndicator=("0") Spare=(0) SequenceID=(0)

1  : pgn=129038 line=Rx 10291594 11 f8 0e 01 02 99 b3 46 00 00 00 00
source=1: pgn=AIS Class A Position Report(129038): values=MessageID=(2) RepeatIndicator=("0") UserID=(4633497) Longitude=(0.0 deg) Latitude=(0.0 deg) PositionAccuracy=("0") RAIM=("0") TimeStamp=("0") COG=(0.00 deg) SOG=(0.0 m/s) CommunicationState=(0) AISTransceiverinformation=("0") Heading=(0.00 deg) RateofTurn=(0.00 deg/s) NavStatus=("0") SpecialManeuverIndicator=("0") Spare=(0) SequenceID=(0)

1  : pgn=129038 line=Rx 10291595 11 f8 0e 01 03 00 f3 48 00 00 ff fe
source=1: pgn=AIS Class A Position Report(129038): values=MessageID=(3) RepeatIndicator=("0") UserID=(4780800) Longitude=(0.0 deg) Latitude=(0.0 deg) PositionAccuracy=("0") RAIM=("0") TimeStamp=("0") COG=(0.00 deg) SOG=(0.0 m/s) CommunicationState=(0) AISTransceiverinformation=("0") Heading=(0.00 deg) RateofTurn=(0.00 deg/s) NavStatus=("0") SpecialManeuverIndicator=("0") Spare=(0) SequenceID=(0)

3  : pgn=129026 line=Tx 10291598 09 f8 02 03 ff fc 96 3e 40 01 ff ff
source=3: pgn=COG & SOG, Rapid Update(129026): values=COGReference=("0") COG=(91.80 deg) SOG=(3.2 m/s)

3  : pgn=129025 line=Tx 10291598 09 f8 01 03 11 78 6f 1c 50 61 fd b6
source=3: pgn=Position, Rapid Update(129025): values=Latitude=(47.7067281 deg) Longitude=(-122.4908464 deg)

3  : pgn=126992 line=Tx 10291598 0d f0 10 03 ff ff 06 40 52 e9 0b 2c
source=3: pgn=System Time(126992): values=Source=(None) Date=(16390 d) Time=(73897.81300000001 s)

0  : pgn=65379  line=Rx 10291599 1c ff 63 00 3b 9f 00 00 00 00 01 ff
source=0: pgn=Seatalk: Pilot Mode(65379): values=ManufacturerCode=(1851) IndustryCode=(4) PilotMode=(0) SubMode=(0) PilotModeData=(0)

0  : pgn=65359  line=Rx 10291600 1c ff 4f 00 3b 9f ff ff ff bc 3a ff
source=0: pgn=Seatalk: Pilot Heading(65359): values=ManufacturerCode=(1851) IndustryCode=(4) HeadingTrue=(None) HeadingMagnetic=(86.15 deg)

0  : pgn=126975 line=Rx 10291617 1d ef ff 00 40 0d 3b 9f f0 81 84 06
0  : pgn=126975 line=Rx 10291619 1d ef ff 00 41 2b ac 00 00 00 02 05
32 : pgn=128259 line=Rx 10291628 09 f5 03 20 b7 2b 01 ff ff ff ff ff
source=32: pgn=Speed(128259): values=SpeedWaterReferenced=(2.99 m/s) SpeedGroundReferenced=(None) SpeedWaterReferencedType=(None) SpeedDirection=(None)

0  : pgn=127250 line=Rx 10291692 09 f1 12 00 ff b1 3a ff 7f ff 7f fd
source=0: pgn=Vessel Heading(127250): values=Heading=(86.09 deg) Deviation=(None) Variation=(None) Reference=("1")

0  : pgn=127245 line=Rx 10291693 09 f1 0d 00 00 f8 ff 7f 00 00 ff ff
source=0: pgn=Rudder(127245): values=Instance=(0) DirectionOrder=("0") AngleOrder=(None) Position=(0.00 deg)

3  : pgn=129025 line=Tx 10291698 09 f8 01 03 11 78 6f 1c 50 61 fd b6
source=3: pgn=Position, Rapid Update(129025): values=Latitude=(47.7067281 deg) Longitude=(-122.4908464 deg)

0  : pgn=65359  line=Rx 10291699 1c ff 4f 00 3b 9f ff ff ff b1 3a ff
source=0: pgn=Seatalk: Pilot Heading(65359): values=ManufacturerCode=(1851) IndustryCode=(4) HeadingTrue=(None) HeadingMagnetic=(86.09 deg)

0  : pgn=126975 line=Rx 10291713 1d ef ff 00 60 09 3b 9f f0 81 ae 02
0  : pgn=126975 line=Rx 10291715 1d ef ff 00 61 00 08 00 ff ff ff ff
32 : pgn=128259 line=Rx 10291727 09 f5 03 20 b8 34 01 ff ff ff ff ff
source=32: pgn=Speed(128259): values=SpeedWaterReferenced=(3.08 m/s) SpeedGroundReferenced=(None) SpeedWaterReferencedType=(None) SpeedDirection=(None)

0  : pgn=127250 line=Rx 10291792 09 f1 12 00 ff 99 3a ff 7f ff 7f fd
source=0: pgn=Vessel Heading(127250): values=Heading=(85.95 deg) Deviation=(None) Variation=(None) Reference=("1")

0  : pgn=127245 line=Rx 10291793 09 f1 0d 00 00 f8 ff 7f 00 00 ff ff
source=0: pgn=Rudder(127245): values=Instance=(0) DirectionOrder=("0") AngleOrder=(None) Position=(0.00 deg)

0  : pgn=65359  line=Rx 10291798 1c ff 4f 00 3b 9f ff ff ff 99 3a ff
source=0: pgn=Seatalk: Pilot Heading(65359): values=ManufacturerCode=(1851) IndustryCode=(4) HeadingTrue=(None) HeadingMagnetic=(85.95 deg)

3  : pgn=129026 line=Tx 10291799 09 f8 02 03 ff fc b9 3e 42 01 ff ff
source=3: pgn=COG & SOG, Rapid Update(129026): values=COGReference=("0") COG=(92.00 deg) SOG=(3.22 m/s)

3  : pgn=129025 line=Tx 10291799 09 f8 01 03 fb 77 6f 1c ed 61 fd b6
source=3: pgn=Position, Rapid Update(129025): values=Latitude=(47.706725899999995 deg) Longitude=(-122.49083069999999 deg)

3  : pgn=129291 line=Tx 10291799 0d f9 0b 03 ff fc 1f 1c 36 00 ff ff
source=3: pgn=Set & Drift, Rapid Update(129291): values=SetReference=("0") Set=(41.25 deg) Drift=(0.54 m/s)

0  : pgn=126975 line=Rx 10291810 1d ef ff 00 80 07 3b 9f f0 81 90 10
0  : pgn=126975 line=Rx 10291812 1d ef ff 00 81 05 ff ff ff ff ff ff
32 : pgn=128259 line=Rx 10291827 09 f5 03 20 b9 2b 01 ff ff ff ff ff
source=32: pgn=Speed(128259): values=SpeedWaterReferenced=(2.99 m/s) SpeedGroundReferenced=(None) SpeedWaterReferencedType=(None) SpeedDirection=(None)

1  : pgn=129038 line=Rx 10291834 11 f8 0e 01 20 1b c1 f8 9b 13 12 dd
1  : pgn=129038 line=Rx 10291834 11 f8 0e 01 21 68 0e b7 65 02 64 1c
1  : pgn=129038 line=Rx 10291835 11 f8 0e 01 22 97 be 54 05 00 00 00
1  : pgn=129038 line=Rx 10291835 11 f8 0e 01 23 00 ff ff ff 7f f0 fe
0  : pgn=127250 line=Rx 10291892 09 f1 12 00 ff 87 3a ff 7f ff 7f fd
source=0: pgn=Vessel Heading(127250): values=Heading=(85.85 deg) Deviation=(None) Variation=(None) Reference=("1")

0  : pgn=127245 line=Rx 10291893 09 f1 0d 00 00 f8 ff 7f 00 00 ff ff
source=0: pgn=Rudder(127245): values=Instance=(0) DirectionOrder=("0") AngleOrder=(None) Position=(0.00 deg)

0  : pgn=65359  line=Rx 10291899 1c ff 4f 00 3b 9f ff ff ff 87 3a ff
source=0: pgn=Seatalk: Pilot Heading(65359): values=ManufacturerCode=(1851) IndustryCode=(4) HeadingTrue=(None) HeadingMagnetic=(85.85 deg)

3  : pgn=129025 line=Tx 10291899 09 f8 01 03 fb 77 6f 1c ed 61 fd b6
source=3: pgn=Position, Rapid Update(129025): values=Latitude=(47.706725899999995 deg) Longitude=(-122.49083069999999 deg)

32 : pgn=128259 line=Rx 10291926 09 f5 03 20 ba 2c 01 ff ff ff ff ff
source=32: pgn=Speed(128259): values=SpeedWaterReferenced=(3.0 m/s) SpeedGroundReferenced=(None) SpeedWaterReferencedType=(None) SpeedDirection=(None)

0  : pgn=127250 line=Rx 10291992 09 f1 12 00 ff 80 3a ff 7f ff 7f fd
source=0: pgn=Vessel Heading(127250): values=Heading=(85.81 deg) Deviation=(None) Variation=(None) Reference=("1")

0  : pgn=127245 line=Rx 10291992 09 f1 0d 00 00 f8 ff 7f 00 00 ff ff
source=0: pgn=Rudder(127245): values=Instance=(0) DirectionOrder=("0") AngleOrder=(None) Position=(0.00 deg)

0  : pgn=65359  line=Rx 10291997 1c ff 4f 00 3b 9f ff ff ff 80 3a ff
source=0: pgn=Seatalk: Pilot Heading(65359): values=ManufacturerCode=(1851) IndustryCode=(4) HeadingTrue=(None) HeadingMagnetic=(85.81 deg)

3  : pgn=129026 line=Tx 10291999 09 f8 02 03 ff fc 96 3e 42 01 ff ff
source=3: pgn=COG & SOG, Rapid Update(129026): values=COGReference=("0") COG=(91.80 deg) SOG=(3.22 m/s)

3  : pgn=130577 line=Tx 10291999 0d fe 11 03 40 0e c0 63 96 3e 42 01
3  : pgn=130577 line=Tx 10291999 0d fe 11 03 41 ff ff ff ff 8c 14 3a
3  : pgn=130577 line=Tx 10291999 0d fe 11 03 42 00 ff ff ff ff ff ff
3  : pgn=129025 line=Tx 10291999 09 f8 01 03 f3 77 6f 1c 26 62 fd b6
3  : pgn=130306 line=Tx 10291999 09 fd 02 03 ff 37 03 4e d1 fa ff ff
source=3: pgn=Wind Data(130306): values=WindSpeed=(8.23 m/s) WindAngle=(307.00 deg) Reference=("2")

32 : pgn=128259 line=Rx 10292026 09 f5 03 20 bb 27 01 ff ff ff ff ff
source=32: pgn=Speed(128259): values=SpeedWaterReferenced=(2.95 m/s) SpeedGroundReferenced=(None) SpeedWaterReferencedType=(None) SpeedDirection=(None)

0  : pgn=127250 line=Rx 10292091 09 f1 12 00 ff 82 3a ff 7f ff 7f fd
source=0: pgn=Vessel Heading(127250): values=Heading=(85.82 deg) Deviation=(None) Variation=(None) Reference=("1")

0  : pgn=127245 line=Rx 10292092 09 f1 0d 00 00 f8 ff 7f 00 00 ff ff
source=0: pgn=Rudder(127245): values=Instance=(0) DirectionOrder=("0") AngleOrder=(None) Position=(0.00 deg)

0  : pgn=65359  line=Rx 10292099 1c ff 4f 00 3b 9f ff ff ff 82 3a ff
source=0: pgn=Seatalk: Pilot Heading(65359): values=ManufacturerCode=(1851) IndustryCode=(4) HeadingTrue=(None) HeadingMagnetic=(85.82 deg)

3  : pgn=129283 line=Tx 10292099 0d f9 03 03 ff 7f ff ff ff 7f ff ff
source=3: pgn=Cross Track Error(129283): values=XTEmode=(None) NavigationTerminated=("1") XTE=(None)

3  : pgn=129025 line=Tx 10292100 09 f8 01 03 f3 77 6f 1c 26 62 fd b6
source=3: pgn=Position, Rapid Update(129025): values=Latitude=(47.7067251 deg) Longitude=(-122.490825 deg)

3  : pgn=128267 line=Tx 10292100 0d f5 0b 03 ff 30 3c 00 00 00 00 ff
source=3: pgn=Water Depth(128267): values=Depth=(154.08 m) Offset=(0.0 m) Range=(None)

0  : pgn=126975 line=Rx 10292102 1d ef ff 00 a0 08 3b 9f f0 81 9c 01
0  : pgn=126975 line=Rx 10292106 1d ef ff 00 a1 2b 00 ff ff ff ff ff
32 : pgn=128259 line=Rx 10292125 09 f5 03 20 bc 2f 01 ff ff ff ff ff
source=32: pgn=Speed(128259): values=SpeedWaterReferenced=(3.0300000000000002 m/s) SpeedGroundReferenced=(None) SpeedWaterReferencedType=(None) SpeedDirection=(None)

1  : pgn=129038 line=Rx 10292134 11 f8 0e 01 40 1b c1 be c9 df 15 b4
1  : pgn=129038 line=Rx 10292134 11 f8 0e 01 41 f9 0f b7 93 06 68 1c
1  : pgn=129038 line=Rx 10292135 11 f8 0e 01 42 98 70 cb 00 00 00 00
1  : pgn=129038 line=Rx 10292135 11 f8 0e 01 43 00 13 d6 00 00 f0 fe
0  : pgn=127250 line=Rx 10292196 09 f1 12 00 ff 8a 3a ff 7f ff 7f fd
source=0: pgn=Vessel Heading(127250): values=Heading=(85.86 deg) Deviation=(None) Variation=(None) Reference=("1")

0  : pgn=127245 line=Rx 10292196 09 f1 0d 00 00 f8 ff 7f 00 00 ff ff
source=0: pgn=Rudder(127245): values=Instance=(0) DirectionOrder=("0") AngleOrder=(None) Position=(0.00 deg)

1  : pgn=129038 line=Rx 10292198 11 f8 0e 01 60 1b c1 84 b4 de 15 63
1  : pgn=129038 line=Rx 10292198 11 f8 0e 01 61 37 0c b7 84 62 69 1c
1  : pgn=129038 line=Rx 10292199 11 f8 0e 01 62 94 16 16 00 00 00 00
1  : pgn=129038 line=Rx 10292199 11 f8 0e 01 63 00 ff ff ff 7f f0 fe
3  : pgn=129026 line=Tx 10292200 09 f8 02 03 ff fc 96 3e 42 01 ff ff
source=3: pgn=COG & SOG, Rapid Update(129026): values=COGReference=("0") COG=(91.80 deg) SOG=(3.22 m/s)

3  : pgn=129025 line=Tx 10292200 09 f8 01 03 f3 77 6f 1c 26 62 fd b6
source=3: pgn=Position, Rapid Update(129025): values=Latitude=(47.7067251 deg) Longitude=(-122.490825 deg)

3  : pgn=129542 line=Tx 10292200 19 fa 06 03 40 0f 63 7a 01 00 00 00
3  : pgn=129542 line=Tx 10292200 19 fa 06 03 41 00 00 00 00 00 00 00
3  : pgn=129542 line=Tx 10292200 19 fa 06 03 42 00 00 ff ff ff ff ff
3  : pgn=65364  line=Tx 10292200 1c ff 54 03 3b 9f 37 03 4e d1 ff ff
0  : pgn=65359  line=Rx 10292211 1c ff 4f 00 3b 9f ff ff ff 8a 3a ff
source=0: pgn=Seatalk: Pilot Heading(65359): values=ManufacturerCode=(1851) IndustryCode=(4) HeadingTrue=(None) HeadingMagnetic=(85.86 deg)

32 : pgn=128259 line=Rx 10292225 09 f5 03 20 bd 21 01 ff ff ff ff ff
source=32: pgn=Speed(128259): values=SpeedWaterReferenced=(2.89 m/s) SpeedGroundReferenced=(None) SpeedWaterReferencedType=(None) SpeedDirection=(None)

0  : pgn=127250 line=Rx 10292291 09 f1 12 00 ff 93 3a ff 7f ff 7f fd
source=0: pgn=Vessel Heading(127250): values=Heading=(85.92 deg) Deviation=(None) Variation=(None) Reference=("1")

0  : pgn=127245 line=Rx 10292292 09 f1 0d 00 00 f8 ff 7f 00 00 ff ff
source=0: pgn=Rudder(127245): values=Instance=(0) DirectionOrder=("0") AngleOrder=(None) Position=(0.00 deg)

0  : pgn=65359  line=Rx 10292300 1c ff 4f 00 3b 9f ff ff ff 93 3a ff
source=0: pgn=Seatalk: Pilot Heading(65359): values=ManufacturerCode=(1851) IndustryCode=(4) HeadingTrue=(None) HeadingMagnetic=(85.92 deg)

3  : pgn=129540 line=Tx 10292300 19 fa 04 03 80 9f 85 ff 0d 03 97 1a
source=3: pgn=GNSS Sats in View(129540): values=RangeResidualMode=(None) SatsinView=(133) PRN=(None) Elevation=(4.47 deg) Azimuth=(39.00 deg) SNR=(0.0 dB) Rangeresiduals=(0) Status=("0")

3  : pgn=129540 line=Tx 10292300 19 fa 04 03 81 2e 26 00 00 00 00 00
source=3: pgn=GNSS Sats in View(129540): values=RangeResidualMode=("0") SatsinView=(38) PRN=(0) Elevation=(0.00 deg) Azimuth=(0.00 deg) SNR=(0.0 dB) Rangeresiduals=(0) Status=("0")

3  : pgn=129540 line=Tx 10292300 19 fa 04 03 82 00 f3 0f ff 1d 5c 3d
source=3: pgn=GNSS Sats in View(129540): values=RangeResidualMode=("0") SatsinView=(243) PRN=(15) Elevation=(44.00 deg) Azimuth=(90.00 deg) SNR=(0.0 dB) Rangeresiduals=(0) Status=("0")

3  : pgn=129540 line=Tx 10292300 19 fa 04 03 83 1c 0c 00 00 00 00 f5
source=3: pgn=GNSS Sats in View(129540): values=RangeResidualMode=("0") SatsinView=(12) PRN=(0) Elevation=(0.00 deg) Azimuth=(359.36 deg) SNR=(0.0 dB) Rangeresiduals=(0) Status=("0")

3  : pgn=129540 line=Tx 10292300 19 fa 04 03 84 10 17 13 71 b9 80 0c
source=3: pgn=GNSS Sats in View(129540): values=RangeResidualMode=("0") SatsinView=(23) PRN=(19) Elevation=(-103.49 deg) Azimuth=(18.33 deg) SNR=(0.0 dB) Rangeresiduals=(0) Status=("0")

3  : pgn=129540 line=Tx 10292300 19 fa 04 03 85 00 00 00 00 f5 12 c5
source=3: pgn=GNSS Sats in View(129540): values=RangeResidualMode=("0") SatsinView=(0) PRN=(0) Elevation=(-16.13 deg) Azimuth=(289.06 deg) SNR=(0.0 dB) Rangeresiduals=(0) Status=("0")

3  : pgn=129540 line=Tx 10292300 19 fa 04 03 86 31 f2 93 e4 0c 00 00
source=3: pgn=GNSS Sats in View(129540): values=RangeResidualMode=("1") SatsinView=(242) PRN=(147) Elevation=(18.91 deg) Azimuth=(0.00 deg) SNR=(0.0 dB) Rangeresiduals=(0) Status=("0")

3  : pgn=129540 line=Tx 10292300 19 fa 04 03 87 00 00 f5 13 ba 02 1f
source=3: pgn=GNSS Sats in View(129540): values=RangeResidualMode=("0") SatsinView=(0) PRN=(245) Elevation=(-102.57 deg) Azimuth=(45.48 deg) SNR=(0.0 dB) Rangeresiduals=(0) Status=("0")

3  : pgn=129540 line=Tx 10292300 19 fa 04 03 88 d8 cc 10 00 00 00 00
source=3: pgn=GNSS Sats in View(129540): values=RangeResidualMode=("0") SatsinView=(204) PRN=(16) Elevation=(0.00 deg) Azimuth=(0.00 deg) SNR=(0.0 dB) Rangeresiduals=(0) Status=("0")

3  : pgn=129540 line=Tx 10292300 19 fa 04 03 89 f5 15 e8 37 5d 1f ac
source=3: pgn=GNSS Sats in View(129540): values=RangeResidualMode=("1") SatsinView=(21) PRN=(232) Elevation=(136.72 deg) Azimuth=(252.46 deg) SNR=(0.0 dB) Rangeresiduals=(0) Status=("0")

3  : pgn=129540 line=Tx 10292300 19 fa 04 03 8a 0d 00 00 00 00 f5 16
source=3: pgn=GNSS Sats in View(129540): values=RangeResidualMode=("1") SatsinView=(0) PRN=(0) Elevation=(0.00 deg) Azimuth=(33.67 deg) SNR=(0.0 dB) Rangeresiduals=(0) Status=("0")

3  : pgn=129540 line=Tx 10292302 19 fa 04 03 8b d1 15 cf 9c 3c 0f 00
source=3: pgn=GNSS Sats in View(129540): values=RangeResidualMode=("1") SatsinView=(21) PRN=(207) Elevation=(88.90 deg) Azimuth=(0.09 deg) SNR=(0.0 dB) Rangeresiduals=(0) Status=("0")

3  : pgn=129540 line=Tx 10292303 19 fa 04 03 8c 00 00 00 f5 1a ae 0f
source=3: pgn=GNSS Sats in View(129540): values=RangeResidualMode=("0") SatsinView=(0) PRN=(0) Elevation=(39.54 deg) Azimuth=(23.00 deg) SNR=(0.0 dB) Rangeresiduals=(0) Status=("0")

3  : pgn=129540 line=Tx 10292303 19 fa 04 03 8d 0b 20 b8 0b 00 00 00
source=3: pgn=GNSS Sats in View(129540): values=RangeResidualMode=(None) SatsinView=(32) PRN=(184) Elevation=(0.06 deg) Azimuth=(0.00 deg) SNR=(0.0 dB) Rangeresiduals=(0) Status=("0")

3  : pgn=129540 line=Tx 10292304 19 fa 04 03 8e 00 f5 1b d1 15 ab d2
source=3: pgn=GNSS Sats in View(129540): values=RangeResidualMode=("0") SatsinView=(245) PRN=(27) Elevation=(32.00 deg) Azimuth=(309.00 deg) SNR=(0.0 dB) Rangeresiduals=(0) Status=("0")

3  : pgn=129540 line=Tx 10292306 19 fa 04 03 8f d8 0e 00 00 00 00 f5
source=3: pgn=GNSS Sats in View(129540): values=RangeResidualMode=("0") SatsinView=(14) PRN=(0) Elevation=(0.00 deg) Azimuth=(359.36 deg) SNR=(0.0 dB) Rangeresiduals=(0) Status=("0")

3  : pgn=129540 line=Tx 10292306 19 fa 04 03 90 1d 00 0f a1 67 54 0b
source=3: pgn=GNSS Sats in View(129540): values=RangeResidualMode=("1") SatsinView=(0) PRN=(15) Elevation=(152.00 deg) Azimuth=(16.62 deg) SNR=(0.0 dB) Rangeresiduals=(0) Status=("0")

3  : pgn=129540 line=Tx 10292306 19 fa 04 03 91 00 00 00 00 f5 23 d1
source=3: pgn=GNSS Sats in View(129540): values=RangeResidualMode=("0") SatsinView=(0) PRN=(0) Elevation=(-16.13 deg) Azimuth=(306.76 deg) SNR=(0.0 dB) Rangeresiduals=(0) Status=("0")

3  : pgn=129540 line=Tx 10292308 19 fa 04 03 92 15 c3 8b 00 00 00 00
source=3: pgn=GNSS Sats in View(129540): values=RangeResidualMode=("1") SatsinView=(195) PRN=(139) Elevation=(0.00 deg) Azimuth=(0.00 deg) SNR=(0.0 dB) Rangeresiduals=(0) Status=("0")

3  : pgn=129540 line=Tx 10292308 19 fa 04 03 93 00 00 f3 30 2e 17 43
source=3: pgn=GNSS Sats in View(129540): values=RangeResidualMode=("0") SatsinView=(0) PRN=(243) Elevation=(67.75 deg) Azimuth=(98.41 deg) SNR=(0.0 dB) Rangeresiduals=(0) Status=("0")

3  : pgn=129540 line=Tx 10292309 19 fa 04 03 94 84 a0 0f 00 00 00 00
source=3: pgn=GNSS Sats in View(129540): values=RangeResidualMode=("0") SatsinView=(160) PRN=(15) Elevation=(0.00 deg) Azimuth=(0.00 deg) SNR=(0.0 dB) Rangeresiduals=(0) Status=("0")

3  : pgn=129540 line=Tx 10292310 19 fa 04 03 95 f5 33 80 16 67 6c 74
source=3: pgn=GNSS Sats in View(129540): values=RangeResidualMode=("1") SatsinView=(51) PRN=(128) Elevation=(151.20 deg) Azimuth=(170.76 deg) SNR=(0.0 dB) Rangeresiduals=(0) Status=("0")

3  : pgn=129540 line=Tx 10292310 19 fa 04 03 96 0e 00 00 00 00 f5 ff
source=3: pgn=GNSS Sats in View(129540): values=RangeResidualMode=("0") SatsinView=(0) PRN=(0) Elevation=(0.00 deg) Azimuth=(375.43 deg) SNR=(0.0 dB) Rangeresiduals=(0) Status=("0")

3  : pgn=129025 line=Tx 10292311 09 f8 01 03 e3 77 6f 1c 5e 62 fd b6
source=3: pgn=Position, Rapid Update(129025): values=Latitude=(47.706723499999995 deg) Longitude=(-122.49081939999999 deg)

3  : pgn=127258 line=Tx 10292313 19 f1 1a 03 ff f6 12 39 fa 0a ff ff
source=3: pgn=Magnetic Variation(127258): values=Source=("6") Ageofservice=(14610 d) Variation=(16.10 deg)

1  : pgn=129039 line=Rx 10292322 11 f8 0f 01 a0 1a 12 56 cb e6 15 d7
1  : pgn=129039 line=Rx 10292322 11 f8 0f 01 a1 3e 0d b7 c3 26 69 1c
1  : pgn=129039 line=Rx 10292323 11 f8 0f 01 a2 94 8a 39 05 00 03 00
1  : pgn=129039 line=Rx 10292323 11 f8 0f 01 a3 08 ff ff 00 fc ff ff
32 : pgn=128259 line=Rx 10292326 09 f5 03 20 be 1f 01 ff ff ff ff ff
source=32: pgn=Speed(128259): values=SpeedWaterReferenced=(2.87 m/s) SpeedGroundReferenced=(None) SpeedWaterReferencedType=(None) SpeedDirection=(None)

32 : pgn=130310 line=Rx 10292329 15 fd 06 20 aa ff ff ff ff ff ff ff
source=32: pgn=Environmental Parameters (obsolete)(130310): values=WaterTemperature=(None) OutsideAmbientAirTemperature=(None) AtmosphericPressure=(None)

32 : pgn=128275 line=Rx 10292339 19 f5 13 20 80 0e ff ff ff ff ff ff
32 : pgn=128275 line=Rx 10292344 19 f5 13 20 81 79 ad 3c 00 79 ad 3c
32 : pgn=128275 line=Rx 10292349 19 f5 13 20 82 00 ff ff ff ff ff ff
1  : pgn=129810 line=Rx 10292353 19 fb 12 01 20 21 18 bc 53 e9 15 25
1  : pgn=129810 line=Rx 10292353 19 fb 12 01 21 80 93 34 52 57 41 c5
1  : pgn=129810 line=Rx 10292354 19 fb 12 01 22 57 44 48 33 39 37 31
1  : pgn=129810 line=Rx 10292354 19 fb 12 01 23 64 00 28 00 0a 00 28
1  : pgn=129810 line=Rx 10292355 19 fb 12 01 24 00 00 00 00 00 07 ff
1  : pgn=130842 line=Rx 10292356 19 ff 1a 01 00 24 41 9f 01 00 00 bc
1  : pgn=130842 line=Rx 10292356 19 ff 1a 01 01 53 e9 15 00 80 93 34
source=1: pgn=Simnet: AIS Class B static data (msg 24 Part B)(130842): values=ManufacturerCode=(769) IndustryCode=(2) MessageID=(41) RepeatIndicator=(None) D=(21) E=(0) UserID=(0) Typeofship=("0") VendorID=(0) Callsign=(0) Length=(0.0 m) Beam=(0.0 m) PositionreferencefromStarboard=(0.0 m) PositionreferencefromBow=(0.0 m) MothershipUserID=(0) Spare=(0)

1  : pgn=130842 line=Rx 10292357 19 ff 1a 01 02 52 57 41 c5 57 44 48
source=1: pgn=Simnet: AIS Class B static data (msg 24 Part B)(130842): values=ManufacturerCode=(514) IndustryCode=(2) MessageID=(23) RepeatIndicator=("1") D=(65) E=(197) UserID=(0) Typeofship=("0") VendorID=(0) Callsign=(0) Length=(0.0 m) Beam=(0.0 m) PositionreferencefromStarboard=(0.0 m) PositionreferencefromBow=(0.0 m) MothershipUserID=(0) Spare=(0)

1  : pgn=130842 line=Rx 10292357 19 ff 1a 01 03 33 39 37 31 64 00 28
source=1: pgn=Simnet: AIS Class B static data (msg 24 Part B)(130842): values=ManufacturerCode=(771) IndustryCode=(1) MessageID=(57) RepeatIndicator=("0") D=(55) E=(49) UserID=(0) Typeofship=("0") VendorID=(0) Callsign=(0) Length=(0.0 m) Beam=(0.0 m) PositionreferencefromStarboard=(0.0 m) PositionreferencefromBow=(0.0 m) MothershipUserID=(0) Spare=(0)

1  : pgn=130842 line=Rx 10292358 19 ff 1a 01 04 00 0a 00 28 00 00 00
source=1: pgn=Simnet: AIS Class B static data (msg 24 Part B)(130842): values=ManufacturerCode=(4) IndustryCode=(0) MessageID=(10) RepeatIndicator=("0") D=(0) E=(40) UserID=(0) Typeofship=("0") VendorID=(0) Callsign=(0) Length=(0.0 m) Beam=(0.0 m) PositionreferencefromStarboard=(0.0 m) PositionreferencefromBow=(0.0 m) MothershipUserID=(0) Spare=(0)

1  : pgn=130842 line=Rx 10292358 19 ff 1a 01 05 00 00 ff ff ff ff ff
source=1: pgn=Simnet: AIS Class B static data (msg 24 Part B)(130842): values=ManufacturerCode=(5) IndustryCode=(0) MessageID=(0) RepeatIndicator=("0") D=(None) E=(None) UserID=(0) Typeofship=("0") VendorID=(0) Callsign=(0) Length=(0.0 m) Beam=(0.0 m) PositionreferencefromStarboard=(0.0 m) PositionreferencefromBow=(0.0 m) MothershipUserID=(0) Spare=(0)

1  : pgn=59936  line=Rx 10292382 18 ea 20 01 00 ee 00 00 00 00 00 00
0  : pgn=127250 line=Rx 10292392 09 f1 12 00 ff b4 3a ff 7f ff 7f fd
source=0: pgn=Vessel Heading(127250): values=Heading=(86.10 deg) Deviation=(None) Variation=(None) Reference=("1")

0  : pgn=127245 line=Rx 10292392 09 f1 0d 00 00 f8 ff 7f 00 00 ff ff
source=0: pgn=Rudder(127245): values=Instance=(0) DirectionOrder=("0") AngleOrder=(None) Position=(0.00 deg)

0  : pgn=65359  line=Rx 10292397 1c ff 4f 00 3b 9f ff ff ff b4 3a ff
source=0: pgn=Seatalk: Pilot Heading(65359): values=ManufacturerCode=(1851) IndustryCode=(4) HeadingTrue=(None) HeadingMagnetic=(86.10 deg)

0  : pgn=126975 line=Rx 10292401 1d ef ff 00 c0 0d 3b 9f f0 81 a4 56
3  : pgn=129026 line=Tx 10292401 09 f8 02 03 ff fc 96 3e 40 01 ff ff
source=3: pgn=COG & SOG, Rapid Update(129026): values=COGReference=("0") COG=(91.80 deg) SOG=(3.2 m/s)

3  : pgn=129025 line=Tx 10292401 09 f8 01 03 e3 77 6f 1c 5e 62 fd b6
source=3: pgn=Position, Rapid Update(129025): values=Latitude=(47.706723499999995 deg) Longitude=(-122.49081939999999 deg)

0  : pgn=126975 line=Rx 10292403 1d ef ff 00 c1 46 03 05 ff ff ff ff
4  : pgn=65384  line=Rx 10292410 1c ff 68 04 3b 9f 00 00 00 00 00 00
1  : pgn=129038 line=Rx 10292416 11 f8 0e 01 80 1b c1 40 3c e6 15 fd
1  : pgn=129038 line=Rx 10292416 11 f8 0e 01 81 91 0d b7 db e3 68 1c
1  : pgn=129038 line=Rx 10292417 11 f8 0e 01 82 9a fc bc 00 00 00 00
1  : pgn=129038 line=Rx 10292417 11 f8 0e 01 83 00 ff ff ff 7f f0 fe
32 : pgn=128259 line=Rx 10292424 09 f5 03 20 bf 1e 01 ff ff ff ff ff
1  : pgn=129038 line=Rx 10292446 11 f8 0e 01 a0 1b c1 38 45 e0 15 9c
1  : pgn=129038 line=Rx 10292446 11 f8 0e 01 a1 bc 0f b7 e8 f2 67 1c
1  : pgn=129038 line=Rx 10292447 11 f8 0e 01 a2 98 b4 0d 00 00 00 00
1  : pgn=129038 line=Rx 10292447 11 f8 0e 01 a3 00 ff ff ff 7f f0 fe
1  : pgn=129038 line=Rx 10292478 11 f8 0e 01 c0 1b c1 a8 e4 f8 15 59
1  : pgn=129038 line=Rx 10292478 11 f8 0e 01 c1 2f 10 b7 84 e9 67 1c
1  : pgn=129038 line=Rx 10292479 11 f8 0e 01 c2 fc 4b 0d 00 00 00 00
1  : pgn=129038 line=Rx 10292479 11 f8 0e 01 c3 00 ff ff ff 7f f0 fe
0  : pgn=127250 line=Rx 10292492 09 f1 12 00 ff cb 3a ff 7f ff 7f fd
source=0: pgn=Vessel Heading(127250): values=Heading=(86.24 deg) Deviation=(None) Variation=(None) Reference=("1")

0  : pgn=127245 line=Rx 10292493 09 f1 0d 00 00 f8 ff 7f 00 00 ff ff
source=0: pgn=Rudder(127245): values=Instance=(0) DirectionOrder=("0") AngleOrder=(None) Position=(0.00 deg)

0  : pgn=65359  line=Rx 10292499 1c ff 4f 00 3b 9f ff ff ff cb 3a ff
source=0: pgn=Seatalk: Pilot Heading(65359): values=ManufacturerCode=(1851) IndustryCode=(4) HeadingTrue=(None) HeadingMagnetic=(86.24 deg)

3  : pgn=129029 line=Tx 10292501 0d f8 05 03 40 2b 63 06 40 36 0f 0c
3  : pgn=129029 line=Tx 10292501 0d f8 05 03 41 2c 00 1e 27 64 1f e2
3  : pgn=129029 line=Tx 10292501 0d f8 05 03 42 9e 06 00 2c 2a c6 7c
3  : pgn=129029 line=Tx 10292501 0d f8 05 03 43 40 00 ef ff ff ff ff
3  : pgn=129029 line=Tx 10292501 0d f8 05 03 44 ff ff ff 7f 23 fc 09
3  : pgn=129029 line=Tx 10292501 0d f8 05 03 45 54 00 ff 7f ff ff ff
3  : pgn=129029 line=Tx 10292501 0d f8 05 03 46 7f 00 ff ff ff ff ff
3  : pgn=129025 line=Tx 10292501 09 f8 01 03 e3 77 6f 1c 5e 62 fd b6
source=3: pgn=Position, Rapid Update(129025): values=Latitude=(47.706723499999995 deg) Longitude=(-122.49081939999999 deg)

3  : pgn=129033 line=Tx 10292502 0d f8 09 03 06 40 36 0f 0c 2c 5c fe
source=3: pgn=Time & Date(129033): values=Date=(16390 d) Time=(73898.78300000001 s) LocalOffset=(-25200.0 s)

1  : pgn=129041 line=Rx 10292510 11 f8 11 01 c0 30 55 75 89 3a 3b 6d
1  : pgn=129041 line=Rx 10292510 11 f8 11 01 c1 8b 0a b7 5b f8 47 1c
1  : pgn=129041 line=Rx 10292511 11 f8 11 01 c2 f4 00 00 00 00 00 00
1  : pgn=129041 line=Rx 10292512 11 f8 11 01 c3 ff ff 12 ee ff e0 16
1  : pgn=129041 line=Rx 10292512 11 f8 11 01 c4 01 50 53 20 54 53 4c
1  : pgn=129041 line=Rx 10292513 11 f8 11 01 c5 20 4c 42 20 54 41 20
1  : pgn=129041 line=Rx 10292513 11 f8 11 01 c6 20 20 20 20 20 20 20
32 : pgn=128259 line=Rx 10292523 09 f5 03 20 c0 1f 01 ff ff ff ff ff
source=32: pgn=Speed(128259): values=SpeedWaterReferenced=(2.87 m/s) SpeedGroundReferenced=(None) SpeedWaterReferencedType=(None) SpeedDirection=(None)

0  : pgn=127250 line=Rx 10292592 09 f1 12 00 ff 00 3b ff 7f ff 7f fd
source=0: pgn=Vessel Heading(127250): values=Heading=(86.54 deg) Deviation=(None) Variation=(None) Reference=("1")

0  : pgn=127245 line=Rx 10292592 09 f1 0d 00 00 f8 ff 7f 00 00 ff ff
source=0: pgn=Rudder(127245): values=Instance=(0) DirectionOrder=("0") AngleOrder=(None) Position=(0.00 deg)

0  : pgn=65379  line=Rx 10292597 1c ff 63 00 3b 9f 00 00 00 00 01 ff
source=0: pgn=Seatalk: Pilot Mode(65379): values=ManufacturerCode=(1851) IndustryCode=(4) PilotMode=(0) SubMode=(0) PilotModeData=(0)

0  : pgn=65359  line=Rx 10292598 1c ff 4f 00 3b 9f ff ff ff 00 3b ff
source=0: pgn=Seatalk: Pilot Heading(65359): values=ManufacturerCode=(1851) IndustryCode=(4) HeadingTrue=(None) HeadingMagnetic=(86.54 deg)

0  : pgn=126975 line=Rx 10292601 1d ef ff 00 e0 0d 3b 9f f0 81 84 46
3  : pgn=129026 line=Tx 10292603 09 f8 02 03 ff fc b9 3e 3d 01 ff ff
source=3: pgn=COG & SOG, Rapid Update(129026): values=COGReference=("0") COG=(92.00 deg) SOG=(3.17 m/s)

0  : pgn=126975 line=Rx 10292603 1d ef ff 00 e1 2b ad 00 00 00 02 05
3  : pgn=129025 line=Tx 10292603 09 f8 01 03 c9 77 6f 1c e4 62 fd b6
source=3: pgn=Position, Rapid Update(129025): values=Latitude=(47.7067209 deg) Longitude=(-122.49080599999999 deg)

3  : pgn=126992 line=Tx 10292603 0d f0 10 03 ff ff 06 40 b0 17 0c 2c
source=3: pgn=System Time(126992): values=Source=(None) Date=(16390 d) Time=(73899.0 s)

32 : pgn=128259 line=Rx 10292623 09 f5 03 20 c1 25 01 ff ff ff ff ff
source=32: pgn=Speed(128259): values=SpeedWaterReferenced=(2.93 m/s) SpeedGroundReferenced=(None) SpeedWaterReferencedType=(None) SpeedDirection=(None)

1  : pgn=129809 line=Rx 10292631 19 fb 11 01 e0 19 18 a0 42 df 15 4d
1  : pgn=129809 line=Rx 10292631 19 fb 11 01 e1 41 44 52 45 20 44 4f
1  : pgn=129809 line=Rx 10292632 19 fb 11 01 e2 4c 4f 52 4f 53 41 20
1  : pgn=129809 line=Rx 10292632 19 fb 11 01 e3 20 20 20 20 20 ff ff
1  : pgn=130842 line=Rx 10292633 19 ff 1a 01 20 1d 41 9f 00 00 00 a0
1  : pgn=130842 line=Rx 10292634 19 ff 1a 01 21 42 df 15 4d 41 44 52
1  : pgn=130842 line=Rx 10292634 19 ff 1a 01 22 45 20 44 4f 4c 4f 52
1  : pgn=130842 line=Rx 10292635 19 ff 1a 01 23 4f 53 41 20 20 20 20
1  : pgn=130842 line=Rx 10292635 19 ff 1a 01 24 20 20 ff ff ff ff ff
0  : pgn=127250 line=Rx 10292692 09 f1 12 00 ff 36 3b ff 7f ff 7f fd
source=0: pgn=Vessel Heading(127250): values=Heading=(86.85 deg) Deviation=(None) Variation=(None) Reference=("1")

0  : pgn=127245 line=Rx 10292693 09 f1 0d 00 00 f8 ff 7f 00 00 ff ff
source=0: pgn=Rudder(127245): values=Instance=(0) DirectionOrder=("0") AngleOrder=(None) Position=(0.00 deg)

1  : pgn=129038 line=Rx 10292694 11 f8 0e 01 e0 1b c1 e0 d6 dd 15 bb
1  : pgn=129038 line=Rx 10292694 11 f8 0e 01 e1 b8 0d b7 2c ef 63 1c
1  : pgn=129038 line=Rx 10292695 11 f8 0e 01 e2 a1 73 23 00 00 00 00
1  : pgn=129038 line=Rx 10292695 11 f8 0e 01 e3 00 12 f4 00 00 f0 fe
0  : pgn=65359  line=Rx 10292701 1c ff 4f 00 3b 9f ff ff ff 36 3b ff
source=0: pgn=Seatalk: Pilot Heading(65359): values=ManufacturerCode=(1851) IndustryCode=(4) HeadingTrue=(None) HeadingMagnetic=(86.85 deg)

3  : pgn=129025 line=Tx 10292703 09 f8 01 03 c9 77 6f 1c e4 62 fd b6
source=3: pgn=Position, Rapid Update(129025): values=Latitude=(47.7067209 deg) Longitude=(-122.49080599999999 deg)

0  : pgn=126975 line=Rx 10292705 1d ef ff 00 00 09 3b 9f f0 81 ae 02
0  : pgn=126975 line=Rx 10292709 1d ef ff 00 01 00 08 00 ff ff ff ff
32 : pgn=128259 line=Rx 10292722 09 f5 03 20 c2 29 01 ff ff ff ff ff
source=32: pgn=Speed(128259): values=SpeedWaterReferenced=(2.97 m/s) SpeedGroundReferenced=(None) SpeedWaterReferencedType=(None) SpeedDirection=(None)

1  : pgn=129038 line=Rx 10292724 11 f8 0e 01 00 1b c3 00 c6 e2 15 bc
source=1: pgn=AIS Class A Position Report(129038): values=MessageID=(0) RepeatIndicator=("0") UserID=(3321938715) Longitude=(0.0 deg) Latitude=(0.0 deg) PositionAccuracy=("0") RAIM=("0") TimeStamp=("0") COG=(0.00 deg) SOG=(0.0 m/s) CommunicationState=(0) AISTransceiverinformation=("0") Heading=(0.00 deg) RateofTurn=(0.00 deg/s) NavStatus=("0") SpecialManeuverIndicator=("0") Spare=(0) SequenceID=(0)

1  : pgn=129038 line=Rx 10292724 11 f8 0e 01 01 50 13 b7 9b c2 5d 1c
source=1: pgn=AIS Class A Position Report(129038): values=MessageID=(1) RepeatIndicator=("0") UserID=(2612466512) Longitude=(0.0 deg) Latitude=(0.0 deg) PositionAccuracy=("0") RAIM=("0") TimeStamp=("0") COG=(0.00 deg) SOG=(0.0 m/s) CommunicationState=(0) AISTransceiverinformation=("0") Heading=(0.00 deg) RateofTurn=(0.00 deg/s) NavStatus=("0") SpecialManeuverIndicator=("0") Spare=(0) SequenceID=(0)

1  : pgn=129038 line=Rx 10292725 11 f8 0e 01 02 9f e5 a9 05 00 00 00
source=1: pgn=AIS Class A Position Report(129038): values=MessageID=(2) RepeatIndicator=("0") UserID=(95020447) Longitude=(0.0 deg) Latitude=(0.0 deg) PositionAccuracy=("0") RAIM=("0") TimeStamp=("0") COG=(0.00 deg) SOG=(0.0 m/s) CommunicationState=(0) AISTransceiverinformation=("0") Heading=(0.00 deg) RateofTurn=(0.00 deg/s) NavStatus=("0") SpecialManeuverIndicator=("0") Spare=(0) SequenceID=(0)

1  : pgn=129038 line=Rx 10292725 11 f8 0e 01 03 00 ff ff ff 7f f0 fe
source=1: pgn=AIS Class A Position Report(129038): values=MessageID=(3) RepeatIndicator=("0") UserID=(4294967040) Longitude=(0.0 deg) Latitude=(0.0 deg) PositionAccuracy=("0") RAIM=("0") TimeStamp=("0") COG=(0.00 deg) SOG=(0.0 m/s) CommunicationState=(0) AISTransceiverinformation=("0") Heading=(0.00 deg) RateofTurn=(0.00 deg/s) NavStatus=("0") SpecialManeuverIndicator=("0") Spare=(0) SequenceID=(0)

0  : pgn=127250 line=Rx 10292791 09 f1 12 00 ff 4e 3b ff 7f ff 7f fd
source=0: pgn=Vessel Heading(127250): values=Heading=(86.99 deg) Deviation=(None) Variation=(None) Reference=("1")

0  : pgn=127245 line=Rx 10292792 09 f1 0d 00 00 f8 ff 7f 00 00 ff ff
source=0: pgn=Rudder(127245): values=Instance=(0) DirectionOrder=("0") AngleOrder=(None) Position=(0.00 deg)

0  : pgn=65359  line=Rx 10292798 1c ff 4f 00 3b 9f ff ff ff 4e 3b ff
source=0: pgn=Seatalk: Pilot Heading(65359): values=ManufacturerCode=(1851) IndustryCode=(4) HeadingTrue=(None) HeadingMagnetic=(86.99 deg)

3  : pgn=129026 line=Tx 10292803 09 f8 02 03 ff fc ed 3e 3c 01 ff ff
source=3: pgn=COG & SOG, Rapid Update(129026): values=COGReference=("0") COG=(92.30 deg) SOG=(3.16 m/s)

3  : pgn=129025 line=Tx 10292803 09 f8 01 03 c1 77 6f 1c 2e 63 fd b6
source=3: pgn=Position, Rapid Update(129025): values=Latitude=(47.7067201 deg) Longitude=(-122.49079859999999 deg)

3  : pgn=129291 line=Tx 10292803 0d f9 0b 03 ff fc 8c 14 3a 00 ff ff
source=3: pgn=Set & Drift, Rapid Update(129291): values=SetReference=("0") Set=(30.14 deg) Drift=(0.58 m/s)

32 : pgn=128259 line=Rx 10292822 09 f5 03 20 c3 2c 01 ff ff ff ff ff
source=32: pgn=Speed(128259): values=SpeedWaterReferenced=(3.0 m/s) SpeedGroundReferenced=(None) SpeedWaterReferencedType=(None) SpeedDirection=(None)

1  : pgn=129038 line=Rx 10292847 11 f8 0e 01 20 1b c1 70 80 32 14 7a
1  : pgn=129038 line=Rx 10292847 11 f8 0e 01 21 1d 14 b7 5b e6 57 1c
1  : pgn=129038 line=Rx 10292848 11 f8 0e 01 22 a0 b5 e3 00 00 00 00
1  : pgn=129038 line=Rx 10292848 11 f8 0e 01 23 00 15 6d 00 00 f0 fe
1  : pgn=129038 line=Rx 10292850 11 f8 0e 01 40 1b c3 4e 83 dc 15 81
1  : pgn=129038 line=Rx 10292850 11 f8 0e 01 41 d9 08 b7 4e e5 52 1c
1  : pgn=129038 line=Rx 10292850 11 f8 0e 01 42 9d 90 3a c0 02 00 00
1  : pgn=129038 line=Rx 10292851 11 f8 0e 01 43 00 39 37 2e 1a f0 fe
0  : pgn=127250 line=Rx 10292891 09 f1 12 00 ff 7d 3b ff 7f ff 7f fd
source=0: pgn=Vessel Heading(127250): values=Heading=(87.26 deg) Deviation=(None) Variation=(None) Reference=("1")

0  : pgn=127245 line=Rx 10292892 09 f1 0d 00 00 f8 ff 7f 00 00 ff ff
source=0: pgn=Rudder(127245): values=Instance=(0) DirectionOrder=("0") AngleOrder=(None) Position=(0.00 deg)

0  : pgn=65359  line=Rx 10292899 1c ff 4f 00 3b 9f ff ff ff 7d 3b ff
source=0: pgn=Seatalk: Pilot Heading(65359): values=ManufacturerCode=(1851) IndustryCode=(4) HeadingTrue=(None) HeadingMagnetic=(87.26 deg)

3  : pgn=129025 line=Tx 10292904 09 f8 01 03 c1 77 6f 1c 2e 63 fd b6
source=3: pgn=Position, Rapid Update(129025): values=Latitude=(47.7067201 deg) Longitude=(-122.49079859999999 deg)

32 : pgn=128259 line=Rx 10292922 09 f5 03 20 c4 3b 01 ff ff ff ff ff
source=32: pgn=Speed(128259): values=SpeedWaterReferenced=(3.15 m/s) SpeedGroundReferenced=(None) SpeedWaterReferencedType=(None) SpeedDirection=(None)

1  : pgn=129038 line=Rx 10292940 11 f8 0e 01 60 1b c1 70 83 e7 15 63
1  : pgn=129038 line=Rx 10292940 11 f8 0e 01 61 56 0e b7 19 47 68 1c
1  : pgn=129038 line=Rx 10292941 11 f8 0e 01 62 9e 25 b5 00 00 00 00
1  : pgn=129038 line=Rx 10292941 11 f8 0e 01 63 00 ff ff ff 7f f0 fe
1  : pgn=129038 line=Rx 10292971 11 f8 0e 01 80 1b c1 ec 10 e8 15 bb
1  : pgn=129038 line=Rx 10292971 11 f8 0e 01 81 5e 0e b7 7f ec 67 1c
1  : pgn=129038 line=Rx 10292972 11 f8 0e 01 82 9c 00 00 00 00 00 00
1  : pgn=129038 line=Rx 10292972 11 f8 0e 01 83 00 ff ff ff 7f f0 fe
0  : pgn=127250 line=Rx 10292991 09 f1 12 00 ff 91 3b ff 7f ff 7f fd
source=0: pgn=Vessel Heading(127250): values=Heading=(87.37 deg) Deviation=(None) Variation=(None) Reference=("1")

0  : pgn=127245 line=Rx 10292992 09 f1 0d 00 00 f8 ff 7f 00 00 ff ff
source=0: pgn=Rudder(127245): values=Instance=(0) DirectionOrder=("0") AngleOrder=(None) Position=(0.00 deg)

0  : pgn=65359  line=Rx 10292996 1c ff 4f 00 3b 9f ff ff ff 91 3b ff
source=0: pgn=Seatalk: Pilot Heading(65359): values=ManufacturerCode=(1851) IndustryCode=(4) HeadingTrue=(None) HeadingMagnetic=(87.37 deg)

3  : pgn=129026 line=Tx 10293004 09 f8 02 03 ff fc ed 3e 3c 01 ff ff
source=3: pgn=COG & SOG, Rapid Update(129026): values=COGReference=("0") COG=(92.30 deg) SOG=(3.16 m/s)

3  : pgn=130577 line=Tx 10293004 0d fe 11 03 60 0e c0 64 ed 3e 3c 01
3  : pgn=130577 line=Tx 10293004 0d fe 11 03 61 ff ff ff ff cd 05 3d
3  : pgn=130577 line=Tx 10293004 0d fe 11 03 62 00 ff ff ff ff ff ff
3  : pgn=129025 line=Tx 10293006 09 f8 01 03 c1 77 6f 1c 2e 63 fd b6
3  : pgn=130306 line=Tx 10293006 09 fd 02 03 ff 37 03 88 cc fa ff ff
source=3: pgn=Wind Data(130306): values=WindSpeed=(8.23 m/s) WindAngle=(300.00 deg) Reference=("2")

32 : pgn=128259 line=Rx 10293021 09 f5 03 20 c5 2e 01 ff ff ff ff ff
source=32: pgn=Speed(128259): values=SpeedWaterReferenced=(3.02 m/s) SpeedGroundReferenced=(None) SpeedWaterReferencedType=(None) SpeedDirection=(None)

1  : pgn=129038 line=Rx 10293033 11 f8 0e 01 a0 1b c1 14 fd dd 15 4a
1  : pgn=129038 line=Rx 10293033 11 f8 0e 01 a1 ec 0c b7 b8 d2 68 1c
1  : pgn=129038 line=Rx 10293034 11 f8 0e 01 a2 98 01 dc 00 00 01 00
1  : pgn=129038 line=Rx 10293034 11 f8 0e 01 a3 08 5b 4c 00 00 ff fe
4  : pgn=126975 line=Rx 10293068 1d ef ff 04 c0 07 3b 9f f0 81 90 00
4  : pgn=126975 line=Rx 10293068 1d ef ff 04 c1 03 ff ff ff ff ff ff
0  : pgn=127250 line=Rx 10293091 09 f1 12 00 ff b0 3b ff 7f ff 7f fd
source=0: pgn=Vessel Heading(127250): values=Heading=(87.55 deg) Deviation=(None) Variation=(None) Reference=("1")

0  : pgn=127245 line=Rx 10293092 09 f1 0d 00 00 f8 ff 7f 00 00 ff ff
source=0: pgn=Rudder(127245): values=Instance=(0) DirectionOrder=("0") AngleOrder=(None) Position=(0.00 deg)

0  : pgn=65359  line=Rx 10293098 1c ff 4f 00 3b 9f ff ff ff b0 3b ff
source=0: pgn=Seatalk: Pilot Heading(65359): values=ManufacturerCode=(1851) IndustryCode=(4) HeadingTrue=(None) HeadingMagnetic=(87.55 deg)

0  : pgn=126975 line=Rx 10293101 1d ef ff 00 20 08 3b 9f f0 81 9c c1
0  : pgn=126975 line=Rx 10293103 1d ef ff 00 21 2b 00 ff ff ff ff ff
3  : pgn=129283 line=Tx 10293106 0d f9 03 03 ff 7f ff ff ff 7f ff ff
source=3: pgn=Cross Track Error(129283): values=XTEmode=(None) NavigationTerminated=("1") XTE=(None)

3  : pgn=129025 line=Tx 10293106 09 f8 01 03 b6 77 6f 1c 7d 63 fd b6
source=3: pgn=Position, Rapid Update(129025): values=Latitude=(47.706719 deg) Longitude=(-122.49079069999999 deg)

3  : pgn=128267 line=Tx 10293106 0d f5 0b 03 ff 4e 3c 00 00 00 00 ff
source=3: pgn=Water Depth(128267): values=Depth=(154.38 m) Offset=(0.0 m) Range=(None)

32 : pgn=128259 line=Rx 10293121 09 f5 03 20 c6 2e 01 ff ff ff ff ff
source=32: pgn=Speed(128259): values=SpeedWaterReferenced=(3.02 m/s) SpeedGroundReferenced=(None) SpeedWaterReferencedType=(None) SpeedDirection=(None)

0  : pgn=127250 line=Rx 10293191 09 f1 12 00 ff c6 3b ff 7f ff 7f fd
source=0: pgn=Vessel Heading(127250): values=Heading=(87.67 deg) Deviation=(None) Variation=(None) Reference=("1")

0  : pgn=127245 line=Rx 10293192 09 f1 0d 00 00 f8 ff 7f 00 00 ff ff
source=0: pgn=Rudder(127245): values=Instance=(0) DirectionOrder=("0") AngleOrder=(None) Position=(0.00 deg)

0  : pgn=65359  line=Rx 10293196 1c ff 4f 00 3b 9f ff ff ff c6 3b ff
source=0: pgn=Seatalk: Pilot Heading(65359): values=ManufacturerCode=(1851) IndustryCode=(4) HeadingTrue=(None) HeadingMagnetic=(87.67 deg)

3  : pgn=129026 line=Tx 10293207 09 f8 02 03 ff fc 22 3f 3b 01 ff ff
source=3: pgn=COG & SOG, Rapid Update(129026): values=COGReference=("0") COG=(92.60 deg) SOG=(3.15 m/s)

3  : pgn=129025 line=Tx 10293207 09 f8 01 03 b6 77 6f 1c 7d 63 fd b6
source=3: pgn=Position, Rapid Update(129025): values=Latitude=(47.706719 deg) Longitude=(-122.49079069999999 deg)

3  : pgn=129542 line=Tx 10293207 19 fa 06 03 60 0f 64 6f 01 00 00 00
3  : pgn=129542 line=Tx 10293207 19 fa 06 03 61 00 00 00 00 00 00 00
3  : pgn=129542 line=Tx 10293207 19 fa 06 03 62 00 00 ff ff ff ff ff
3  : pgn=65364  line=Tx 10293207 1c ff 54 03 3b 9f 37 03 88 cc ff ff
32 : pgn=128259 line=Rx 10293220 09 f5 03 20 c7 2c 01 ff ff ff ff ff
source=32: pgn=Speed(128259): values=SpeedWaterReferenced=(3.0 m/s) SpeedGroundReferenced=(None) SpeedWaterReferencedType=(None) SpeedDirection=(None)

0  : pgn=127250 line=Rx 10293291 09 f1 12 00 ff d1 3b ff 7f ff 7f fd
source=0: pgn=Vessel Heading(127250): values=Heading=(87.74 deg) Deviation=(None) Variation=(None) Reference=("1")

0  : pgn=127245 line=Rx 10293292 09 f1 0d 00 00 f8 ff 7f 00 00 ff ff
source=0: pgn=Rudder(127245): values=Instance=(0) DirectionOrder=("0") AngleOrder=(None) Position=(0.00 deg)

0  : pgn=65359  line=Rx 10293300 1c ff 4f 00 3b 9f ff ff ff d1 3b ff
source=0: pgn=Seatalk: Pilot Heading(65359): values=ManufacturerCode=(1851) IndustryCode=(4) HeadingTrue=(None) HeadingMagnetic=(87.74 deg)

3  : pgn=129540 line=Tx 10293307 19 fa 04 03 a0 9f 86 ff 0d 03 97 1a
source=3: pgn=GNSS Sats in View(129540): values=RangeResidualMode=(None) SatsinView=(134) PRN=(None) Elevation=(4.47 deg) Azimuth=(39.00 deg) SNR=(0.0 dB) Rangeresiduals=(0) Status=("0")

3  : pgn=129540 line=Tx 10293307 19 fa 04 03 a1 2e 26 00 00 00 00 00
source=3: pgn=GNSS Sats in View(129540): values=RangeResidualMode=("0") SatsinView=(38) PRN=(0) Elevation=(0.00 deg) Azimuth=(0.00 deg) SNR=(0.0 dB) Rangeresiduals=(0) Status=("0")

3  : pgn=129540 line=Tx 10293307 19 fa 04 03 a2 00 f3 0f ff 1d 5c 3d
source=3: pgn=GNSS Sats in View(129540): values=RangeResidualMode=("0") SatsinView=(243) PRN=(15) Elevation=(44.00 deg) Azimuth=(90.00 deg) SNR=(0.0 dB) Rangeresiduals=(0) Status=("0")

3  : pgn=129540 line=Tx 10293307 19 fa 04 03 a3 28 0a 00 00 00 00 f5
source=3: pgn=GNSS Sats in View(129540): values=RangeResidualMode=("0") SatsinView=(10) PRN=(0) Elevation=(0.00 deg) Azimuth=(359.36 deg) SNR=(0.0 dB) Rangeresiduals=(0) Status=("0")

3  : pgn=129540 line=Tx 10293307 19 fa 04 03 a4 10 17 13 71 b9 80 0c
source=3: pgn=GNSS Sats in View(129540): values=RangeResidualMode=("0") SatsinView=(23) PRN=(19) Elevation=(-103.49 deg) Azimuth=(18.33 deg) SNR=(0.0 dB) Rangeresiduals=(0) Status=("0")

3  : pgn=129540 line=Tx 10293307 19 fa 04 03 a5 00 00 00 00 f5 12 c5
source=3: pgn=GNSS Sats in View(129540): values=RangeResidualMode=("0") SatsinView=(0) PRN=(0) Elevation=(-16.13 deg) Azimuth=(289.06 deg) SNR=(0.0 dB) Rangeresiduals=(0) Status=("0")

3  : pgn=129540 line=Tx 10293307 19 fa 04 03 a6 31 f2 93 e4 0c 00 00
source=3: pgn=GNSS Sats in View(129540): values=RangeResidualMode=("1") SatsinView=(242) PRN=(147) Elevation=(18.91 deg) Azimuth=(0.00 deg) SNR=(0.0 dB) Rangeresiduals=(0) Status=("0")

3  : pgn=129540 line=Tx 10293307 19 fa 04 03 a7 00 00 f5 13 ba 02 1f
source=3: pgn=GNSS Sats in View(129540): values=RangeResidualMode=("0") SatsinView=(0) PRN=(245) Elevation=(-102.57 deg) Azimuth=(45.48 deg) SNR=(0.0 dB) Rangeresiduals=(0) Status=("0")

3  : pgn=129540 line=Tx 10293307 19 fa 04 03 a8 d8 cc 10 00 00 00 00
source=3: pgn=GNSS Sats in View(129540): values=RangeResidualMode=("0") SatsinView=(204) PRN=(16) Elevation=(0.00 deg) Azimuth=(0.00 deg) SNR=(0.0 dB) Rangeresiduals=(0) Status=("0")

3  : pgn=129540 line=Tx 10293307 19 fa 04 03 a9 f5 15 e8 37 0b 20 10
source=3: pgn=GNSS Sats in View(129540): values=RangeResidualMode=("1") SatsinView=(21) PRN=(232) Elevation=(16.45 deg) Azimuth=(23.65 deg) SNR=(0.0 dB) Rangeresiduals=(0) Status=("0")

3  : pgn=129540 line=Tx 10293307 19 fa 04 03 aa 0e 00 00 00 00 f5 16
source=3: pgn=GNSS Sats in View(129540): values=RangeResidualMode=("0") SatsinView=(0) PRN=(0) Elevation=(0.00 deg) Azimuth=(33.67 deg) SNR=(0.0 dB) Rangeresiduals=(0) Status=("0")

3  : pgn=129540 line=Tx 10293308 19 fa 04 03 ab d1 15 cf 9c 04 10 00
source=3: pgn=GNSS Sats in View(129540): values=RangeResidualMode=("1") SatsinView=(21) PRN=(207) Elevation=(6.76 deg) Azimuth=(0.09 deg) SNR=(0.0 dB) Rangeresiduals=(0) Status=("0")

3  : pgn=129540 line=Tx 10293310 19 fa 04 03 ac 00 00 00 f5 1a ae 0f
source=3: pgn=GNSS Sats in View(129540): values=RangeResidualMode=("0") SatsinView=(0) PRN=(0) Elevation=(39.54 deg) Azimuth=(23.00 deg) SNR=(0.0 dB) Rangeresiduals=(0) Status=("0")

3  : pgn=129540 line=Tx 10293310 19 fa 04 03 ad 0b 20 60 09 00 00 00
source=3: pgn=GNSS Sats in View(129540): values=RangeResidualMode=(None) SatsinView=(32) PRN=(96) Elevation=(0.05 deg) Azimuth=(0.00 deg) SNR=(0.0 dB) Rangeresiduals=(0) Status=("0")

3  : pgn=129540 line=Tx 10293311 19 fa 04 03 ae 00 f5 1b d1 15 ab d2
source=3: pgn=GNSS Sats in View(129540): values=RangeResidualMode=("0") SatsinView=(245) PRN=(27) Elevation=(32.00 deg) Azimuth=(309.00 deg) SNR=(0.0 dB) Rangeresiduals=(0) Status=("0")

3  : pgn=129540 line=Tx 10293312 19 fa 04 03 af ac 0d 00 00 00 00 f5
source=3: pgn=GNSS Sats in View(129540): values=RangeResidualMode=("0") SatsinView=(13) PRN=(0) Elevation=(0.00 deg) Azimuth=(359.36 deg) SNR=(0.0 dB) Rangeresiduals=(0) Status=("0")

3  : pgn=129540 line=Tx 10293312 19 fa 04 03 b0 1d 00 0f a1 67 b8 0b
source=3: pgn=GNSS Sats in View(129540): values=RangeResidualMode=("1") SatsinView=(0) PRN=(15) Elevation=(152.00 deg) Azimuth=(17.19 deg) SNR=(0.0 dB) Rangeresiduals=(0) Status=("0")

3  : pgn=129540 line=Tx 10293313 19 fa 04 03 b1 00 00 00 00 f5 23 d1
source=3: pgn=GNSS Sats in View(129540): values=RangeResidualMode=("0") SatsinView=(0) PRN=(0) Elevation=(-16.13 deg) Azimuth=(306.76 deg) SNR=(0.0 dB) Rangeresiduals=(0) Status=("0")

3  : pgn=129540 line=Tx 10293314 19 fa 04 03 b2 15 c3 8b 00 00 00 00
source=3: pgn=GNSS Sats in View(129540): values=RangeResidualMode=("1") SatsinView=(195) PRN=(139) Elevation=(0.00 deg) Azimuth=(0.00 deg) SNR=(0.0 dB) Rangeresiduals=(0) Status=("0")

3  : pgn=129540 line=Tx 10293314 19 fa 04 03 b3 00 00 f3 30 2e 17 43
source=3: pgn=GNSS Sats in View(129540): values=RangeResidualMode=("0") SatsinView=(0) PRN=(243) Elevation=(67.75 deg) Azimuth=(98.41 deg) SNR=(0.0 dB) Rangeresiduals=(0) Status=("0")

3  : pgn=129540 line=Tx 10293315 19 fa 04 03 b4 84 74 0e 00 00 00 00
source=3: pgn=GNSS Sats in View(129540): values=RangeResidualMode=("0") SatsinView=(116) PRN=(14) Elevation=(0.00 deg) Azimuth=(0.00 deg) SNR=(0.0 dB) Rangeresiduals=(0) Status=("0")

3  : pgn=129540 line=Tx 10293317 19 fa 04 03 b5 f5 33 80 16 67 6c ac
source=3: pgn=GNSS Sats in View(129540): values=RangeResidualMode=("1") SatsinView=(51) PRN=(128) Elevation=(151.20 deg) Azimuth=(252.90 deg) SNR=(0.0 dB) Rangeresiduals=(0) Status=("0")

3  : pgn=129540 line=Tx 10293317 19 fa 04 03 b6 0d 00 00 00 00 f5 ff
source=3: pgn=GNSS Sats in View(129540): values=RangeResidualMode=("1") SatsinView=(0) PRN=(0) Elevation=(0.00 deg) Azimuth=(375.43 deg) SNR=(0.0 dB) Rangeresiduals=(0) Status=("0")

3  : pgn=129025 line=Tx 10293318 09 f8 01 03 b6 77 6f 1c 7d 63 fd b6
source=3: pgn=Position, Rapid Update(129025): values=Latitude=(47.706719 deg) Longitude=(-122.49079069999999 deg)

3  : pgn=127258 line=Tx 10293319 19 f1 1a 03 ff f6 12 39 fa 0a ff ff
source=3: pgn=Magnetic Variation(127258): values=Source=("6") Ageofservice=(14610 d) Variation=(16.10 deg)

32 : pgn=128259 line=Rx 10293322 09 f5 03 20 c8 2c 01 ff ff ff ff ff
source=32: pgn=Speed(128259): values=SpeedWaterReferenced=(3.0 m/s) SpeedGroundReferenced=(None) SpeedWaterReferencedType=(None) SpeedDirection=(None)

32 : pgn=130310 line=Rx 10293325 15 fd 06 20 ab ff ff ff ff ff ff ff
source=32: pgn=Environmental Parameters (obsolete)(130310): values=WaterTemperature=(None) OutsideAmbientAirTemperature=(None) AtmosphericPressure=(None)

32 : pgn=128275 line=Rx 10293335 19 f5 13 20 a0 0e ff ff ff ff ff ff
32 : pgn=128275 line=Rx 10293340 19 f5 13 20 a1 79 ad 3c 00 79 ad 3c
32 : pgn=128275 line=Rx 10293345 19 f5 13 20 a2 00 ff ff ff ff ff ff
1  : pgn=59936  line=Rx 10293365 18 ea 20 01 00 ee 00 00 00 00 00 00
0  : pgn=127250 line=Rx 10293391 09 f1 12 00 ff e1 3b ff 7f ff 7f fd
source=0: pgn=Vessel Heading(127250): values=Heading=(87.83 deg) Deviation=(None) Variation=(None) Reference=("1")

0  : pgn=127245 line=Rx 10293392 09 f1 0d 00 00 f8 ff 7f 00 00 ff ff
source=0: pgn=Rudder(127245): values=Instance=(0) DirectionOrder=("0") AngleOrder=(None) Position=(0.00 deg)

0  : pgn=65359  line=Rx 10293397 1c ff 4f 00 3b 9f ff ff ff e1 3b ff
source=0: pgn=Seatalk: Pilot Heading(65359): values=ManufacturerCode=(1851) IndustryCode=(4) HeadingTrue=(None) HeadingMagnetic=(87.83 deg)

3  : pgn=129026 line=Tx 10293408 09 f8 02 03 ff fc 33 3f 3b 01 ff ff
source=3: pgn=COG & SOG, Rapid Update(129026): values=COGReference=("0") COG=(92.70 deg) SOG=(3.15 m/s)

3  : pgn=129025 line=Tx 10293408 09 f8 01 03 ac 77 6f 1c 27 64 fd b6
source=3: pgn=Position, Rapid Update(129025): values=Latitude=(47.706717999999995 deg) Longitude=(-122.49077369999999 deg)

4  : pgn=65384  line=Rx 10293408 1c ff 68 04 3b 9f 00 00 00 00 00 00
32 : pgn=128259 line=Rx 10293419 09 f5 03 20 c9 2f 01 ff ff ff ff ff
0  : pgn=127250 line=Rx 10293492 09 f1 12 00 ff de 3b ff 7f ff 7f fd
source=0: pgn=Vessel Heading(127250): values=Heading=(87.81 deg) Deviation=(None) Variation=(None) Reference=("1")

0  : pgn=127245 line=Rx 10293493 09 f1 0d 00 00 f8 ff 7f 00 00 ff ff
source=0: pgn=Rudder(127245): values=Instance=(0) DirectionOrder=("0") AngleOrder=(None) Position=(0.00 deg)

0  : pgn=65359  line=Rx 10293500 1c ff 4f 00 3b 9f ff ff ff de 3b ff
source=0: pgn=Seatalk: Pilot Heading(65359): values=ManufacturerCode=(1851) IndustryCode=(4) HeadingTrue=(None) HeadingMagnetic=(87.81 deg)

3  : pgn=129029 line=Tx 10293508 0d f8 05 03 60 2b 64 06 40 c4 35 0c
3  : pgn=129029 line=Tx 10293508 0d f8 05 03 61 2c 00 b8 e5 95 12 e2
3  : pgn=129029 line=Tx 10293508 0d f8 05 03 62 9e 06 00 c6 7c 2d e7
3  : pgn=129029 line=Tx 10293508 0d f8 05 03 63 40 00 ef ff ff ff ff
3  : pgn=129029 line=Tx 10293508 0d f8 05 03 64 ff ff ff 7f 23 fc 09
3  : pgn=129029 line=Tx 10293508 0d f8 05 03 65 54 00 ff 7f ff ff ff
3  : pgn=129029 line=Tx 10293508 0d f8 05 03 66 7f 00 ff ff ff ff ff
3  : pgn=129025 line=Tx 10293508 09 f8 01 03 ac 77 6f 1c 27 64 fd b6
source=3: pgn=Position, Rapid Update(129025): values=Latitude=(47.706717999999995 deg) Longitude=(-122.49077369999999 deg)

3  : pgn=129033 line=Tx 10293508 0d f8 09 03 06 40 c4 35 0c 2c 5c fe
source=3: pgn=Time & Date(129033): values=Date=(16390 d) Time=(73899.77 s) LocalOffset=(-25200.0 s)

32 : pgn=128259 line=Rx 10293519 09 f5 03 20 ca 2f 01 ff ff ff ff ff
source=32: pgn=Speed(128259): values=SpeedWaterReferenced=(3.0300000000000002 m/s) SpeedGroundReferenced=(None) SpeedWaterReferencedType=(None) SpeedDirection=(None)

0  : pgn=127250 line=Rx 10293591 09 f1 12 00 ff d2 3b ff 7f ff 7f fd
source=0: pgn=Vessel Heading(127250): values=Heading=(87.74 deg) Deviation=(None) Variation=(None) Reference=("1")

0  : pgn=127245 line=Rx 10293592 09 f1 0d 00 00 f8 ff 7f 00 00 ff ff
source=0: pgn=Rudder(127245): values=Instance=(0) DirectionOrder=("0") AngleOrder=(None) Position=(0.00 deg)

0  : pgn=65379  line=Rx 10293596 1c ff 63 00 3b 9f 00 00 00 00 01 ff
source=0: pgn=Seatalk: Pilot Mode(65379): values=ManufacturerCode=(1851) IndustryCode=(4) PilotMode=(0) SubMode=(0) PilotModeData=(0)

0  : pgn=65359  line=Rx 10293597 1c ff 4f 00 3b 9f ff ff ff d2 3b ff
source=0: pgn=Seatalk: Pilot Heading(65359): values=ManufacturerCode=(1851) IndustryCode=(4) HeadingTrue=(None) HeadingMagnetic=(87.74 deg)

0  : pgn=126975 line=Rx 10293601 1d ef ff 00 40 0d 3b 9f f0 81 84 c6
0  : pgn=126975 line=Rx 10293603 1d ef ff 00 41 2b af 00 00 00 02 05
3  : pgn=129026 line=Tx 10293609 09 f8 02 03 ff fc 68 3f 3c 01 ff ff
source=3: pgn=COG & SOG, Rapid Update(129026): values=COGReference=("0") COG=(93.00 deg) SOG=(3.16 m/s)

3  : pgn=129025 line=Tx 10293609 09 f8 01 03 9c 77 6f 1c 84 64 fd b6
source=3: pgn=Position, Rapid Update(129025): values=Latitude=(47.7067164 deg) Longitude=(-122.49076439999999 deg)

3  : pgn=126992 line=Tx 10293609 0d f0 10 03 ff ff 06 40 e6 40 0c 2c
source=3: pgn=System Time(126992): values=Source=(None) Date=(16390 d) Time=(73900.05500000001 s)

32 : pgn=128259 line=Rx 10293619 09 f5 03 20 cb 35 01 ff ff ff ff ff
source=32: pgn=Speed(128259): values=SpeedWaterReferenced=(3.09 m/s) SpeedGroundReferenced=(None) SpeedWaterReferencedType=(None) SpeedDirection=(None)

0  : pgn=127250 line=Rx 10293691 09 f1 12 00 ff bf 3b ff 7f ff 7f fd
source=0: pgn=Vessel Heading(127250): values=Heading=(87.63 deg) Deviation=(None) Variation=(None) Reference=("1")

0  : pgn=127245 line=Rx 10293692 09 f1 0d 00 00 f8 ff 7f 00 00 ff ff
source=0: pgn=Rudder(127245): values=Instance=(0) DirectionOrder=("0") AngleOrder=(None) Position=(0.00 deg)

0  : pgn=65359  line=Rx 10293698 1c ff 4f 00 3b 9f ff ff ff bf 3b ff
source=0: pgn=Seatalk: Pilot Heading(65359): values=ManufacturerCode=(1851) IndustryCode=(4) HeadingTrue=(None) HeadingMagnetic=(87.63 deg)

0  : pgn=126975 line=Rx 10293702 1d ef ff 00 60 09 3b 9f f0 81 ae 02
0  : pgn=126975 line=Rx 10293704 1d ef ff 00 61 00 08 00 ff ff ff ff
3  : pgn=129025 line=Tx 10293709 09 f8 01 03 9c 77 6f 1c 84 64 fd b6
source=3: pgn=Position, Rapid Update(129025): values=Latitude=(47.7067164 deg) Longitude=(-122.49076439999999 deg)

32 : pgn=128259 line=Rx 10293718 09 f5 03 20 cc 24 01 ff ff ff ff ff
source=32: pgn=Speed(128259): values=SpeedWaterReferenced=(2.92 m/s) SpeedGroundReferenced=(None) SpeedWaterReferencedType=(None) SpeedDirection=(None)

1  : pgn=129038 line=Rx 10293790 11 f8 0e 01 c0 1b c1 fa f5 db 15 82
1  : pgn=129038 line=Rx 10293790 11 f8 0e 01 c1 ce 18 b7 38 43 66 1c
1  : pgn=129038 line=Rx 10293791 11 f8 0e 01 c2 a1 8d d6 00 00 00 00
1  : pgn=129038 line=Rx 10293791 11 f8 0e 01 c3 00 50 3b 00 00 f0 fe
0  : pgn=127250 line=Rx 10293793 09 f1 12 00 ff b4 3b ff 7f ff 7f fd
source=0: pgn=Vessel Heading(127250): values=Heading=(87.57 deg) Deviation=(None) Variation=(None) Reference=("1")

0  : pgn=127245 line=Rx 10293794 09 f1 0d 00 00 f8 ff 7f 00 00 ff ff
source=0: pgn=Rudder(127245): values=Instance=(0) DirectionOrder=("0") AngleOrder=(None) Position=(0.00 deg)

0  : pgn=65359  line=Rx 10293800 1c ff 4f 00 3b 9f ff ff ff b4 3b ff
source=0: pgn=Seatalk: Pilot Heading(65359): values=ManufacturerCode=(1851) IndustryCode=(4) HeadingTrue=(None) HeadingMagnetic=(87.57 deg)

3  : pgn=129026 line=Tx 10293810 09 f8 02 03 ff fc 68 3f 3c 01 ff ff
source=3: pgn=COG & SOG, Rapid Update(129026): values=COGReference=("0") COG=(93.00 deg) SOG=(3.16 m/s)

3  : pgn=129025 line=Tx 10293810 09 f8 01 03 9c 77 6f 1c 84 64 fd b6
source=3: pgn=Position, Rapid Update(129025): values=Latitude=(47.7067164 deg) Longitude=(-122.49076439999999 deg)

3  : pgn=129291 line=Tx 10293810 0d f9 0b 03 ff fc cd 05 3d 00 ff ff
source=3: pgn=Set & Drift, Rapid Update(129291): values=SetReference=("0") Set=(8.51 deg) Drift=(0.61 m/s)

32 : pgn=128259 line=Rx 10293818 09 f5 03 20 cd 29 01 ff ff ff ff ff
source=32: pgn=Speed(128259): values=SpeedWaterReferenced=(2.97 m/s) SpeedGroundReferenced=(None) SpeedWaterReferencedType=(None) SpeedDirection=(None)

1  : pgn=129038 line=Rx 10293883 11 f8 0e 01 e0 1b c1 18 82 dc 15 60
1  : pgn=129038 line=Rx 10293883 11 f8 0e 01 e1 bb f9 b6 18 5c 62 1c
1  : pgn=129038 line=Rx 10293884 11 f8 0e 01 e2 a1 bc b4 00 00 00 00
1  : pgn=129038 line=Rx 10293884 11 f8 0e 01 e3 00 4d ef 00 00 ff fe
0  : pgn=127250 line=Rx 10293891 09 f1 12 00 ff a5 3b ff 7f ff 7f fd
source=0: pgn=Vessel Heading(127250): values=Heading=(87.48 deg) Deviation=(None) Variation=(None) Reference=("1")

0  : pgn=127245 line=Rx 10293892 09 f1 0d 00 00 f8 ff 7f 00 00 ff ff
source=0: pgn=Rudder(127245): values=Instance=(0) DirectionOrder=("0") AngleOrder=(None) Position=(0.00 deg)

0  : pgn=65359  line=Rx 10293899 1c ff 4f 00 3b 9f ff ff ff a5 3b ff
source=0: pgn=Seatalk: Pilot Heading(65359): values=ManufacturerCode=(1851) IndustryCode=(4) HeadingTrue=(None) HeadingMagnetic=(87.48 deg)

3  : pgn=129025 line=Tx 10293910 09 f8 01 03 93 77 6f 1c cb 64 fd b6
source=3: pgn=Position, Rapid Update(129025): values=Latitude=(47.7067155 deg) Longitude=(-122.4907573 deg)

32 : pgn=128259 line=Rx 10293917 09 f5 03 20 ce 1f 01 ff ff ff ff ff
source=32: pgn=Speed(128259): values=SpeedWaterReferenced=(2.87 m/s) SpeedGroundReferenced=(None) SpeedWaterReferencedType=(None) SpeedDirection=(None)

1  : pgn=129038 line=Rx 10293945 11 f8 0e 01 00 1b c1 18 6d e7 15 fd
source=1: pgn=AIS Class A Position Report(129038): values=MessageID=(0) RepeatIndicator=("0") UserID=(1830338843) Longitude=(0.0 deg) Latitude=(0.0 deg) PositionAccuracy=("0") RAIM=("0") TimeStamp=("0") COG=(0.00 deg) SOG=(0.0 m/s) CommunicationState=(0) AISTransceiverinformation=("0") Heading=(0.00 deg) RateofTurn=(0.00 deg/s) NavStatus=("0") SpecialManeuverIndicator=("0") Spare=(0) SequenceID=(0)

1  : pgn=129038 line=Rx 10293945 11 f8 0e 01 01 b0 0f b7 a7 fa 67 1c
source=1: pgn=AIS Class A Position Report(129038): values=MessageID=(1) RepeatIndicator=("0") UserID=(2813792176) Longitude=(0.0 deg) Latitude=(0.0 deg) PositionAccuracy=("0") RAIM=("0") TimeStamp=("0") COG=(0.00 deg) SOG=(0.0 m/s) CommunicationState=(0) AISTransceiverinformation=("0") Heading=(0.00 deg) RateofTurn=(0.00 deg/s) NavStatus=("0") SpecialManeuverIndicator=("0") Spare=(0) SequenceID=(0)

1  : pgn=129038 line=Rx 10293946 11 f8 0e 01 02 9c d7 0d 00 00 00 00
source=1: pgn=AIS Class A Position Report(129038): values=MessageID=(2) RepeatIndicator=("0") UserID=(907164) Longitude=(0.0 deg) Latitude=(0.0 deg) PositionAccuracy=("0") RAIM=("0") TimeStamp=("0") COG=(0.00 deg) SOG=(0.0 m/s) CommunicationState=(0) AISTransceiverinformation=("0") Heading=(0.00 deg) RateofTurn=(0.00 deg/s) NavStatus=("0") SpecialManeuverIndicator=("0") Spare=(0) SequenceID=(0)

1  : pgn=129038 line=Rx 10293946 11 f8 0e 01 03 00 ff ff ff 7f f0 fe
source=1: pgn=AIS Class A Position Report(129038): values=MessageID=(3) RepeatIndicator=("0") UserID=(4294967040) Longitude=(0.0 deg) Latitude=(0.0 deg) PositionAccuracy=("0") RAIM=("0") TimeStamp=("0") COG=(0.00 deg) SOG=(0.0 m/s) CommunicationState=(0) AISTransceiverinformation=("0") Heading=(0.00 deg) RateofTurn=(0.00 deg/s) NavStatus=("0") SpecialManeuverIndicator=("0") Spare=(0) SequenceID=(0)

0  : pgn=127250 line=Rx 10293994 09 f1 12 00 ff a1 3b ff 7f ff 7f fd
source=0: pgn=Vessel Heading(127250): values=Heading=(87.46 deg) Deviation=(None) Variation=(None) Reference=("1")

0  : pgn=127245 line=Rx 10293995 09 f1 0d 00 00 f8 ff 7f 00 00 ff ff
source=0: pgn=Rudder(127245): values=Instance=(0) DirectionOrder=("0") AngleOrder=(None) Position=(0.00 deg)

0  : pgn=65359  line=Rx 10293999 1c ff 4f 00 3b 9f ff ff ff a1 3b ff
source=0: pgn=Seatalk: Pilot Heading(65359): values=ManufacturerCode=(1851) IndustryCode=(4) HeadingTrue=(None) HeadingMagnetic=(87.46 deg)

3  : pgn=129026 line=Tx 10294010 09 f8 02 03 ff fc 9c 3f 3c 01 ff ff
source=3: pgn=COG & SOG, Rapid Update(129026): values=COGReference=("0") COG=(93.30 deg) SOG=(3.16 m/s)

3  : pgn=130577 line=Tx 10294010 0d fe 11 03 80 0e c0 65 9c 3f 3c 01
3  : pgn=130577 line=Tx 10294010 0d fe 11 03 81 ff ff ff ff c4 18 3d
3  : pgn=130577 line=Tx 10294010 0d fe 11 03 82 00 ff ff ff ff ff ff
3  : pgn=129025 line=Tx 10294010 09 f8 01 03 93 77 6f 1c cb 64 fd b6
3  : pgn=130306 line=Tx 10294010 09 fd 02 03 ff 23 03 93 ce fa ff ff
source=3: pgn=Wind Data(130306): values=WindSpeed=(8.03 m/s) WindAngle=(303.00 deg) Reference=("2")

32 : pgn=128259 line=Rx 10294017 09 f5 03 20 cf 1d 01 ff ff ff ff ff
source=32: pgn=Speed(128259): values=SpeedWaterReferenced=(2.85 m/s) SpeedGroundReferenced=(None) SpeedWaterReferencedType=(None) SpeedDirection=(None)

0  : pgn=127250 line=Rx 10294091 09 f1 12 00 ff a4 3b ff 7f ff 7f fd
source=0: pgn=Vessel Heading(127250): values=Heading=(87.48 deg) Deviation=(None) Variation=(None) Reference=("1")

0  : pgn=127245 line=Rx 10294092 09 f1 0d 00 00 f8 ff 7f 00 00 ff ff
source=0: pgn=Rudder(127245): values=Instance=(0) DirectionOrder=("0") AngleOrder=(None) Position=(0.00 deg)

1  : pgn=129038 line=Rx 10294096 11 f8 0e 01 20 1b c1 58 92 12 12 1f
1  : pgn=129038 line=Rx 10294096 11 f8 0e 01 21 42 0e b7 39 43 68 1c
1  : pgn=129038 line=Rx 10294097 11 f8 0e 01 22 9c 85 0b 00 00 00 00
1  : pgn=129038 line=Rx 10294097 11 f8 0e 01 23 00 ff ff ff 7f f0 fe
0  : pgn=65359  line=Rx 10294101 1c ff 4f 00 3b 9f ff ff ff a4 3b ff
source=0: pgn=Seatalk: Pilot Heading(65359): values=ManufacturerCode=(1851) IndustryCode=(4) HeadingTrue=(None) HeadingMagnetic=(87.48 deg)

0  : pgn=126975 line=Rx 10294104 1d ef ff 00 80 08 3b 9f f0 81 9c c1
0  : pgn=126975 line=Rx 10294105 1d ef ff 00 81 2b 00 ff ff ff ff ff
3  : pgn=129283 line=Tx 10294111 0d f9 03 03 ff 7f ff ff ff 7f ff ff
source=3: pgn=Cross Track Error(129283): values=XTEmode=(None) NavigationTerminated=("1") XTE=(None)

3  : pgn=129025 line=Tx 10294111 09 f8 01 03 93 77 6f 1c cb 64 fd b6
source=3: pgn=Position, Rapid Update(129025): values=Latitude=(47.7067155 deg) Longitude=(-122.4907573 deg)

3  : pgn=128267 line=Tx 10294111 0d f5 0b 03 ff 5a 3c 00 00 00 00 ff
source=3: pgn=Water Depth(128267): values=Depth=(154.5 m) Offset=(0.0 m) Range=(None)

32 : pgn=128259 line=Rx 10294116 09 f5 03 20 d0 1e 01 ff ff ff ff ff
source=32: pgn=Speed(128259): values=SpeedWaterReferenced=(2.86 m/s) SpeedGroundReferenced=(None) SpeedWaterReferencedType=(None) SpeedDirection=(None)

0  : pgn=127250 line=Rx 10294191 09 f1 12 00 ff b9 3b ff 7f ff 7f fd
source=0: pgn=Vessel Heading(127250): values=Heading=(87.60 deg) Deviation=(None) Variation=(None) Reference=("1")

0  : pgn=127245 line=Rx 10294192 09 f1 0d 00 00 f8 ff 7f 00 00 ff ff
source=0: pgn=Rudder(127245): values=Instance=(0) DirectionOrder=("0") AngleOrder=(None) Position=(0.00 deg)

0  : pgn=65359  line=Rx 10294196 1c ff 4f 00 3b 9f ff ff ff b9 3b ff
source=0: pgn=Seatalk: Pilot Heading(65359): values=ManufacturerCode=(1851) IndustryCode=(4) HeadingTrue=(None) HeadingMagnetic=(87.60 deg)

3  : pgn=129026 line=Tx 10294211 09 f8 02 03 ff fc d0 3f 3c 01 ff ff
source=3: pgn=COG & SOG, Rapid Update(129026): values=COGReference=("0") COG=(93.60 deg) SOG=(3.16 m/s)

3  : pgn=129025 line=Tx 10294211 09 f8 01 03 86 77 6f 1c 68 65 fd b6
source=3: pgn=Position, Rapid Update(129025): values=Latitude=(47.7067142 deg) Longitude=(-122.49074159999999 deg)

3  : pgn=129542 line=Tx 10294211 19 fa 06 03 80 0f 65 6a 01 00 00 00
3  : pgn=129542 line=Tx 10294211 19 fa 06 03 81 00 00 00 00 00 00 00
3  : pgn=129542 line=Tx 10294211 19 fa 06 03 82 00 00 ff ff ff ff ff
3  : pgn=65364  line=Tx 10294211 1c ff 54 03 3b 9f 23 03 93 ce ff ff
32 : pgn=128259 line=Rx 10294216 09 f5 03 20 d1 20 01 ff ff ff ff ff
source=32: pgn=Speed(128259): values=SpeedWaterReferenced=(2.88 m/s) SpeedGroundReferenced=(None) SpeedWaterReferencedType=(None) SpeedDirection=(None)

1  : pgn=129038 line=Rx 10294221 11 f8 0e 01 40 1b c1 9a cc e2 15 60
1  : pgn=129038 line=Rx 10294221 11 f8 0e 01 41 3a 10 b7 f1 e5 67 1c
1  : pgn=129038 line=Rx 10294222 11 f8 0e 01 42 9c b9 2c 00 00 00 00
1  : pgn=129038 line=Rx 10294222 11 f8 0e 01 43 00 ff ff ff 7f f0 fe
1  : pgn=129793 line=Rx 10294281 1d fb 01 01 60 1a 04 a2 fc 37 00 5a
1  : pgn=129793 line=Rx 10294281 1d fb 01 01 61 13 19 b7 a1 8b 61 1c
1  : pgn=129793 line=Rx 10294282 1d fb 01 01 62 ff b0 17 0c 2c 00 00
1  : pgn=129793 line=Rx 10294282 1d fb 01 01 63 00 06 40 ff 00 fc ff
0  : pgn=127250 line=Rx 10294291 09 f1 12 00 ff cd 3b ff 7f ff 7f fd
source=0: pgn=Vessel Heading(127250): values=Heading=(87.71 deg) Deviation=(None) Variation=(None) Reference=("1")

0  : pgn=127245 line=Rx 10294292 09 f1 0d 00 00 f8 ff 7f 00 00 ff ff
source=0: pgn=Rudder(127245): values=Instance=(0) DirectionOrder=("0") AngleOrder=(None) Position=(0.00 deg)

0  : pgn=65359  line=Rx 10294299 1c ff 4f 00 3b 9f ff ff ff cd 3b ff
source=0: pgn=Seatalk: Pilot Heading(65359): values=ManufacturerCode=(1851) IndustryCode=(4) HeadingTrue=(None) HeadingMagnetic=(87.71 deg)

3  : pgn=129540 line=Tx 10294312 19 fa 04 03 c0 9f 87 ff 0d 03 97 1a
source=3: pgn=GNSS Sats in View(129540): values=RangeResidualMode=(None) SatsinView=(135) PRN=(None) Elevation=(4.47 deg) Azimuth=(39.00 deg) SNR=(0.0 dB) Rangeresiduals=(0) Status=("0")

3  : pgn=129540 line=Tx 10294312 19 fa 04 03 c1 2e 26 00 00 00 00 00
source=3: pgn=GNSS Sats in View(129540): values=RangeResidualMode=("0") SatsinView=(38) PRN=(0) Elevation=(0.00 deg) Azimuth=(0.00 deg) SNR=(0.0 dB) Rangeresiduals=(0) Status=("0")

3  : pgn=129540 line=Tx 10294312 19 fa 04 03 c2 00 f3 0f ff 1d 5c 3d
source=3: pgn=GNSS Sats in View(129540): values=RangeResidualMode=("0") SatsinView=(243) PRN=(15) Elevation=(44.00 deg) Azimuth=(90.00 deg) SNR=(0.0 dB) Rangeresiduals=(0) Status=("0")

3  : pgn=129540 line=Tx 10294312 19 fa 04 03 c3 28 0a 00 00 00 00 f5
source=3: pgn=GNSS Sats in View(129540): values=RangeResidualMode=("0") SatsinView=(10) PRN=(0) Elevation=(0.00 deg) Azimuth=(359.36 deg) SNR=(0.0 dB) Rangeresiduals=(0) Status=("0")

3  : pgn=129540 line=Tx 10294312 19 fa 04 03 c4 10 17 13 71 b9 80 0c
source=3: pgn=GNSS Sats in View(129540): values=RangeResidualMode=("0") SatsinView=(23) PRN=(19) Elevation=(-103.49 deg) Azimuth=(18.33 deg) SNR=(0.0 dB) Rangeresiduals=(0) Status=("0")

3  : pgn=129540 line=Tx 10294312 19 fa 04 03 c5 00 00 00 00 f5 12 c5
source=3: pgn=GNSS Sats in View(129540): values=RangeResidualMode=("0") SatsinView=(0) PRN=(0) Elevation=(-16.13 deg) Azimuth=(289.06 deg) SNR=(0.0 dB) Rangeresiduals=(0) Status=("0")

3  : pgn=129540 line=Tx 10294312 19 fa 04 03 c6 31 f2 93 e4 0c 00 00
source=3: pgn=GNSS Sats in View(129540): values=RangeResidualMode=("1") SatsinView=(242) PRN=(147) Elevation=(18.91 deg) Azimuth=(0.00 deg) SNR=(0.0 dB) Rangeresiduals=(0) Status=("0")

3  : pgn=129540 line=Tx 10294312 19 fa 04 03 c7 00 00 f5 13 ba 02 1f
source=3: pgn=GNSS Sats in View(129540): values=RangeResidualMode=("0") SatsinView=(0) PRN=(245) Elevation=(-102.57 deg) Azimuth=(45.48 deg) SNR=(0.0 dB) Rangeresiduals=(0) Status=("0")

3  : pgn=129540 line=Tx 10294312 19 fa 04 03 c8 d8 cc 10 00 00 00 00
source=3: pgn=GNSS Sats in View(129540): values=RangeResidualMode=("0") SatsinView=(204) PRN=(16) Elevation=(0.00 deg) Azimuth=(0.00 deg) SNR=(0.0 dB) Rangeresiduals=(0) Status=("0")

3  : pgn=129540 line=Tx 10294312 19 fa 04 03 c9 f5 15 e8 37 0b 20 10
source=3: pgn=GNSS Sats in View(129540): values=RangeResidualMode=("1") SatsinView=(21) PRN=(232) Elevation=(16.45 deg) Azimuth=(23.65 deg) SNR=(0.0 dB) Rangeresiduals=(0) Status=("0")

3  : pgn=129540 line=Tx 10294312 19 fa 04 03 ca 0e 00 00 00 00 f5 16
source=3: pgn=GNSS Sats in View(129540): values=RangeResidualMode=("0") SatsinView=(0) PRN=(0) Elevation=(0.00 deg) Azimuth=(33.67 deg) SNR=(0.0 dB) Rangeresiduals=(0) Status=("0")

3  : pgn=129540 line=Tx 10294313 19 fa 04 03 cb d1 15 cf 9c 04 10 00
source=3: pgn=GNSS Sats in View(129540): values=RangeResidualMode=("1") SatsinView=(21) PRN=(207) Elevation=(6.76 deg) Azimuth=(0.09 deg) SNR=(0.0 dB) Rangeresiduals=(0) Status=("0")

1  : pgn=129041 line=Rx 10294314 11 f8 11 01 e0 30 15 76 89 3a 3b ed
3  : pgn=129540 line=Tx 10294314 19 fa 04 03 cc 00 00 00 f5 1a ae 0f
source=3: pgn=GNSS Sats in View(129540): values=RangeResidualMode=("0") SatsinView=(0) PRN=(0) Elevation=(39.54 deg) Azimuth=(23.00 deg) SNR=(0.0 dB) Rangeresiduals=(0) Status=("0")

1  : pgn=129041 line=Rx 10294314 11 f8 11 01 e1 61 e3 b6 67 78 ad 1c
1  : pgn=129041 line=Rx 10294315 11 f8 11 01 e2 f4 00 00 00 00 00 00
1  : pgn=129041 line=Rx 10294315 11 f8 11 01 e3 ff ff 52 ee ff e1 16
1  : pgn=129041 line=Rx 10294316 11 f8 11 01 e4 01 50 53 20 54 53 4c
1  : pgn=129041 line=Rx 10294317 11 f8 11 01 e5 20 53 42 20 20 20 20
1  : pgn=129041 line=Rx 10294317 11 f8 11 01 e6 20 20 20 20 20 20 20
3  : pgn=129540 line=Tx 10294319 19 fa 04 03 cd 0b 20 60 09 00 00 00
source=3: pgn=GNSS Sats in View(129540): values=RangeResidualMode=(None) SatsinView=(32) PRN=(96) Elevation=(0.05 deg) Azimuth=(0.00 deg) SNR=(0.0 dB) Rangeresiduals=(0) Status=("0")

32 : pgn=128259 line=Rx 10294319 09 f5 03 20 d2 1d 01 ff ff ff ff ff
source=32: pgn=Speed(128259): values=SpeedWaterReferenced=(2.85 m/s) SpeedGroundReferenced=(None) SpeedWaterReferencedType=(None) SpeedDirection=(None)

3  : pgn=129540 line=Tx 10294320 19 fa 04 03 ce 00 f5 1b d1 15 ab d2
source=3: pgn=GNSS Sats in View(129540): values=RangeResidualMode=("0") SatsinView=(245) PRN=(27) Elevation=(32.00 deg) Azimuth=(309.00 deg) SNR=(0.0 dB) Rangeresiduals=(0) Status=("0")

3  : pgn=129540 line=Tx 10294320 19 fa 04 03 cf ac 0d 00 00 00 00 f5
source=3: pgn=GNSS Sats in View(129540): values=RangeResidualMode=("0") SatsinView=(13) PRN=(0) Elevation=(0.00 deg) Azimuth=(359.36 deg) SNR=(0.0 dB) Rangeresiduals=(0) Status=("0")

3  : pgn=129540 line=Tx 10294321 19 fa 04 03 d0 1d 00 0f a1 67 b8 0b
source=3: pgn=GNSS Sats in View(129540): values=RangeResidualMode=("1") SatsinView=(0) PRN=(15) Elevation=(152.00 deg) Azimuth=(17.19 deg) SNR=(0.0 dB) Rangeresiduals=(0) Status=("0")

32 : pgn=130310 line=Rx 10294321 15 fd 06 20 ac ff ff ff ff ff ff ff
source=32: pgn=Environmental Parameters (obsolete)(130310): values=WaterTemperature=(None) OutsideAmbientAirTemperature=(None) AtmosphericPressure=(None)

3  : pgn=129540 line=Tx 10294322 19 fa 04 03 d1 00 00 00 00 f5 23 d1
source=3: pgn=GNSS Sats in View(129540): values=RangeResidualMode=("0") SatsinView=(0) PRN=(0) Elevation=(-16.13 deg) Azimuth=(306.76 deg) SNR=(0.0 dB) Rangeresiduals=(0) Status=("0")

3  : pgn=129540 line=Tx 10294323 19 fa 04 03 d2 15 c3 8b 00 00 00 00
source=3: pgn=GNSS Sats in View(129540): values=RangeResidualMode=("1") SatsinView=(195) PRN=(139) Elevation=(0.00 deg) Azimuth=(0.00 deg) SNR=(0.0 dB) Rangeresiduals=(0) Status=("0")

3  : pgn=129540 line=Tx 10294323 19 fa 04 03 d3 00 00 f3 30 2e 17 43
source=3: pgn=GNSS Sats in View(129540): values=RangeResidualMode=("0") SatsinView=(0) PRN=(243) Elevation=(67.75 deg) Azimuth=(98.41 deg) SNR=(0.0 dB) Rangeresiduals=(0) Status=("0")

3  : pgn=129540 line=Tx 10294325 19 fa 04 03 d4 84 74 0e 00 00 00 00
source=3: pgn=GNSS Sats in View(129540): values=RangeResidualMode=("0") SatsinView=(116) PRN=(14) Elevation=(0.00 deg) Azimuth=(0.00 deg) SNR=(0.0 dB) Rangeresiduals=(0) Status=("0")

3  : pgn=129540 line=Tx 10294326 19 fa 04 03 d5 f5 33 80 16 67 6c ac
source=3: pgn=GNSS Sats in View(129540): values=RangeResidualMode=("1") SatsinView=(51) PRN=(128) Elevation=(151.20 deg) Azimuth=(252.90 deg) SNR=(0.0 dB) Rangeresiduals=(0) Status=("0")

3  : pgn=129540 line=Tx 10294327 19 fa 04 03 d6 0d 00 00 00 00 f5 ff
source=3: pgn=GNSS Sats in View(129540): values=RangeResidualMode=("1") SatsinView=(0) PRN=(0) Elevation=(0.00 deg) Azimuth=(375.43 deg) SNR=(0.0 dB) Rangeresiduals=(0) Status=("0")

3  : pgn=129025 line=Tx 10294327 09 f8 01 03 86 77 6f 1c 68 65 fd b6
source=3: pgn=Position, Rapid Update(129025): values=Latitude=(47.7067142 deg) Longitude=(-122.49074159999999 deg)

3  : pgn=127258 line=Tx 10294328 19 f1 1a 03 ff f6 12 39 fa 0a ff ff
source=3: pgn=Magnetic Variation(127258): values=Source=("6") Ageofservice=(14610 d) Variation=(16.10 deg)

32 : pgn=128275 line=Rx 10294330 19 f5 13 20 c0 0e ff ff ff ff ff ff
32 : pgn=128275 line=Rx 10294335 19 f5 13 20 c1 79 ad 3c 00 79 ad 3c
32 : pgn=128275 line=Rx 10294340 19 f5 13 20 c2 00 ff ff ff ff ff ff
1  : pgn=59936  line=Rx 10294378 18 ea 20 01 00 ee 00 00 00 00 00 00
0  : pgn=127250 line=Rx 10294391 09 f1 12 00 ff 01 3c ff 7f ff 7f fd
source=0: pgn=Vessel Heading(127250): values=Heading=(88.01 deg) Deviation=(None) Variation=(None) Reference=("1")

0  : pgn=127245 line=Rx 10294392 09 f1 0d 00 00 f8 ff 7f 00 00 ff ff
source=0: pgn=Rudder(127245): values=Instance=(0) DirectionOrder=("0") AngleOrder=(None) Position=(0.00 deg)

0  : pgn=65359  line=Rx 10294396 1c ff 4f 00 3b 9f ff ff ff 01 3c ff
source=0: pgn=Seatalk: Pilot Heading(65359): values=ManufacturerCode=(1851) IndustryCode=(4) HeadingTrue=(None) HeadingMagnetic=(88.01 deg)

1  : pgn=129794 line=Rx 10294405 19 fb 02 01 a0 4b 05 ba 83 de 15 ff
1  : pgn=129794 line=Rx 10294405 19 fb 02 01 a1 ff ff ff 57 44 42 34
1  : pgn=129794 line=Rx 10294406 19 fb 02 01 a2 39 36 31 4d 5c 59 20
1  : pgn=129794 line=Rx 10294406 19 fb 02 01 a3 41 4c 45 58 49 53 20
1  : pgn=129794 line=Rx 10294407 19 fb 02 01 a4 20 20 20 20 20 20 20
1  : pgn=129794 line=Rx 10294407 19 fb 02 01 a5 20 20 25 18 01 46 00
1  : pgn=129794 line=Rx 10294408 19 fb 02 01 a6 ff ff ff ff ff ff 00
1  : pgn=129794 line=Rx 10294408 19 fb 02 01 a7 03 c5 28 c8 00 ff 45
1  : pgn=129794 line=Rx 10294409 19 fb 02 01 a8 41 54 54 4c 45 20 20
1  : pgn=129794 line=Rx 10294410 19 fb 02 01 a9 20 20 20 20 20 20 20
1  : pgn=129794 line=Rx 10294410 19 fb 02 01 aa 20 20 20 20 04 e0 ff
4  : pgn=65384  line=Rx 10294411 1c ff 68 04 3b 9f 00 00 00 00 00 00
3  : pgn=129026 line=Tx 10294413 09 f8 02 03 ff fc d0 3f 3c 01 ff ff
source=3: pgn=COG & SOG, Rapid Update(129026): values=COGReference=("0") COG=(93.60 deg) SOG=(3.16 m/s)

3  : pgn=129025 line=Tx 10294413 09 f8 01 03 86 77 6f 1c 68 65 fd b6
source=3: pgn=Position, Rapid Update(129025): values=Latitude=(47.7067142 deg) Longitude=(-122.49074159999999 deg)

32 : pgn=128259 line=Rx 10294415 09 f5 03 20 d3 18 01 ff ff ff ff ff
0  : pgn=127250 line=Rx 10294491 09 f1 12 00 ff 49 3c ff 7f ff 7f fd
source=0: pgn=Vessel Heading(127250): values=Heading=(88.42 deg) Deviation=(None) Variation=(None) Reference=("1")

0  : pgn=127245 line=Rx 10294492 09 f1 0d 00 00 f8 ff 7f 00 00 ff ff
source=0: pgn=Rudder(127245): values=Instance=(0) DirectionOrder=("0") AngleOrder=(None) Position=(0.00 deg)

0  : pgn=65359  line=Rx 10294498 1c ff 4f 00 3b 9f ff ff ff 49 3c ff
source=0: pgn=Seatalk: Pilot Heading(65359): values=ManufacturerCode=(1851) IndustryCode=(4) HeadingTrue=(None) HeadingMagnetic=(88.42 deg)

3  : pgn=129029 line=Tx 10294514 0d f8 05 03 80 2b 65 06 40 f6 5d 0c
3  : pgn=129029 line=Tx 10294514 0d f8 05 03 81 2c 00 d8 df 68 07 e2
3  : pgn=129029 line=Tx 10294514 0d f8 05 03 82 9e 06 00 08 88 9c 43
3  : pgn=129029 line=Tx 10294514 0d f8 05 03 83 41 00 ef ff ff ff ff
3  : pgn=129029 line=Tx 10294514 0d f8 05 03 84 ff ff ff 7f 23 fc 09
3  : pgn=129029 line=Tx 10294514 0d f8 05 03 85 54 00 ff 7f ff ff ff
3  : pgn=129029 line=Tx 10294514 0d f8 05 03 86 7f 00 ff ff ff ff ff
3  : pgn=129025 line=Tx 10294514 09 f8 01 03 7c 77 6f 1c b4 65 fd b6
source=3: pgn=Position, Rapid Update(129025): values=Latitude=(47.706713199999996 deg) Longitude=(-122.49073399999999 deg)

3  : pgn=129033 line=Tx 10294514 0d f8 09 03 06 40 f6 5d 0c 2c 5c fe
source=3: pgn=Time & Date(129033): values=Date=(16390 d) Time=(73900.799 s) LocalOffset=(-25200.0 s)

32 : pgn=128259 line=Rx 10294521 09 f5 03 20 d4 18 01 ff ff ff ff ff
source=32: pgn=Speed(128259): values=SpeedWaterReferenced=(2.8000000000000003 m/s) SpeedGroundReferenced=(None) SpeedWaterReferencedType=(None) SpeedDirection=(None)

32 : pgn=65368  line=Rx 10294525 1c ff 58 20 3b 9f 35 56 71 ff ff ff
1  : pgn=129038 line=Rx 10294529 11 f8 0e 01 60 1b c1 fe 82 dc 15 52
1  : pgn=129038 line=Rx 10294529 11 f8 0e 01 61 62 14 b7 b9 7c 5f 1c
1  : pgn=129038 line=Rx 10294530 11 f8 0e 01 62 a5 d3 b8 00 00 00 00
1  : pgn=129038 line=Rx 10294531 11 f8 0e 01 63 00 e7 37 00 00 ff fe
0  : pgn=127250 line=Rx 10294591 09 f1 12 00 ff 7b 3c ff 7f ff 7f fd
source=0: pgn=Vessel Heading(127250): values=Heading=(88.71 deg) Deviation=(None) Variation=(None) Reference=("1")

0  : pgn=127245 line=Rx 10294592 09 f1 0d 00 00 f8 ff 7f 00 00 ff ff
source=0: pgn=Rudder(127245): values=Instance=(0) DirectionOrder=("0") AngleOrder=(None) Position=(0.00 deg)

0  : pgn=65379  line=Rx 10294596 1c ff 63 00 3b 9f 00 00 00 00 01 ff
source=0: pgn=Seatalk: Pilot Mode(65379): values=ManufacturerCode=(1851) IndustryCode=(4) PilotMode=(0) SubMode=(0) PilotModeData=(0)

0  : pgn=65359  line=Rx 10294597 1c ff 4f 00 3b 9f ff ff ff 7b 3c ff
source=0: pgn=Seatalk: Pilot Heading(65359): values=ManufacturerCode=(1851) IndustryCode=(4) HeadingTrue=(None) HeadingMagnetic=(88.71 deg)

0  : pgn=126975 line=Rx 10294600 1d ef ff 00 a0 0d 3b 9f f0 81 84 46
0  : pgn=126975 line=Rx 10294602 1d ef ff 00 a1 2c b1 00 00 00 02 05
32 : pgn=128259 line=Rx 10294614 09 f5 03 20 d5 1c 01 ff ff ff ff ff
source=32: pgn=Speed(128259): values=SpeedWaterReferenced=(2.84 m/s) SpeedGroundReferenced=(None) SpeedWaterReferencedType=(None) SpeedDirection=(None)

3  : pgn=129026 line=Tx 10294615 09 f8 02 03 ff fc f3 3f 3b 01 ff ff
source=3: pgn=COG & SOG, Rapid Update(129026): values=COGReference=("0") COG=(93.80 deg) SOG=(3.15 m/s)

3  : pgn=129025 line=Tx 10294615 09 f8 01 03 7c 77 6f 1c b4 65 fd b6
source=3: pgn=Position, Rapid Update(129025): values=Latitude=(47.706713199999996 deg) Longitude=(-122.49073399999999 deg)

3  : pgn=126992 line=Tx 10294615 0d f0 10 03 ff ff 06 40 f6 5d 0c 2c
source=3: pgn=System Time(126992): values=Source=(None) Date=(16390 d) Time=(73900.799 s)

0  : pgn=127250 line=Rx 10294691 09 f1 12 00 ff ca 3c ff 7f ff 7f fd
source=0: pgn=Vessel Heading(127250): values=Heading=(89.16 deg) Deviation=(None) Variation=(None) Reference=("1")

0  : pgn=127245 line=Rx 10294692 09 f1 0d 00 00 f8 ff 7f 00 00 ff ff
source=0: pgn=Rudder(127245): values=Instance=(0) DirectionOrder=("0") AngleOrder=(None) Position=(0.00 deg)

0  : pgn=65359  line=Rx 10294699 1c ff 4f 00 3b 9f ff ff ff ca 3c ff
source=0: pgn=Seatalk: Pilot Heading(65359): values=ManufacturerCode=(1851) IndustryCode=(4) HeadingTrue=(None) HeadingMagnetic=(89.16 deg)

0  : pgn=126975 line=Rx 10294702 1d ef ff 00 c0 09 3b 9f f0 81 ae 02
0  : pgn=126975 line=Rx 10294703 1d ef ff 00 c1 00 08 00 ff ff ff ff
32 : pgn=128259 line=Rx 10294714 09 f5 03 20 d6 21 01 ff ff ff ff ff
source=32: pgn=Speed(128259): values=SpeedWaterReferenced=(2.89 m/s) SpeedGroundReferenced=(None) SpeedWaterReferencedType=(None) SpeedDirection=(None)

3  : pgn=129025 line=Tx 10294715 09 f8 01 03 67 77 6f 1c 58 66 fd b6
source=3: pgn=Position, Rapid Update(129025): values=Latitude=(47.7067111 deg) Longitude=(-122.4907176 deg)

0  : pgn=127250 line=Rx 10294791 09 f1 12 00 ff f3 3c ff 7f ff 7f fd
source=0: pgn=Vessel Heading(127250): values=Heading=(89.40 deg) Deviation=(None) Variation=(None) Reference=("1")

0  : pgn=127245 line=Rx 10294792 09 f1 0d 00 00 f8 ff 7f 00 00 ff ff
source=0: pgn=Rudder(127245): values=Instance=(0) DirectionOrder=("0") AngleOrder=(None) Position=(0.00 deg)

0  : pgn=65359  line=Rx 10294798 1c ff 4f 00 3b 9f ff ff ff f3 3c ff
source=0: pgn=Seatalk: Pilot Heading(65359): values=ManufacturerCode=(1851) IndustryCode=(4) HeadingTrue=(None) HeadingMagnetic=(89.40 deg)

1  : pgn=129041 line=Rx 10294800 11 f8 11 01 00 30 55 75 89 3a 3b 6d
1  : pgn=129041 line=Rx 10294801 11 f8 11 01 01 8b 0a b7 5b f8 47 1c
source=1: pgn=AIS Aids to Navigation (AtoN) Report(129041): values=MessageID=(1) RepeatIndicator=("0") UserID=(1538722443) Longitude=(0.0 deg) Latitude=(0.0 deg) PositionAccuracy=("0") RAIM=("0") TimeStamp=("0") Length/Diameter=(0.0 m) Beam/Diameter=(0.0 m) PositionReferencefromStarboardEdge=(0.0 m) PositionReferencefromTrueNorthFacingEdge=(0.0 m) AtoNType=("0") OffPositionIndicator=("0") VirtualAtoNFlag=("0") AssignedModeFlag=("0") Spare=(0) PositionFixingDeviceType=("0") AtoNStatus=(0) AISTransceiverinformation=("0") AtoNName=(None)

1  : pgn=129041 line=Rx 10294802 11 f8 11 01 02 f4 00 00 00 00 00 00
source=1: pgn=AIS Aids to Navigation (AtoN) Report(129041): values=MessageID=(2) RepeatIndicator=("0") UserID=(244) Longitude=(0.0 deg) Latitude=(0.0 deg) PositionAccuracy=("0") RAIM=("0") TimeStamp=("0") Length/Diameter=(0.0 m) Beam/Diameter=(0.0 m) PositionReferencefromStarboardEdge=(0.0 m) PositionReferencefromTrueNorthFacingEdge=(0.0 m) AtoNType=("0") OffPositionIndicator=("0") VirtualAtoNFlag=("0") AssignedModeFlag=("0") Spare=(0) PositionFixingDeviceType=("0") AtoNStatus=(0) AISTransceiverinformation=("0") AtoNName=(None)

1  : pgn=129041 line=Rx 10294802 11 f8 11 01 03 ff ff 12 ee ff e0 16
source=1: pgn=AIS Aids to Navigation (AtoN) Report(129041): values=MessageID=(3) RepeatIndicator=("0") UserID=(3994222591) Longitude=(0.0 deg) Latitude=(0.0 deg) PositionAccuracy=("0") RAIM=("0") TimeStamp=("0") Length/Diameter=(0.0 m) Beam/Diameter=(0.0 m) PositionReferencefromStarboardEdge=(0.0 m) PositionReferencefromTrueNorthFacingEdge=(0.0 m) AtoNType=("0") OffPositionIndicator=("0") VirtualAtoNFlag=("0") AssignedModeFlag=("0") Spare=(0) PositionFixingDeviceType=("0") AtoNStatus=(0) AISTransceiverinformation=("0") AtoNName=(None)

1  : pgn=129041 line=Rx 10294803 11 f8 11 01 04 01 50 53 20 54 53 4c
source=1: pgn=AIS Aids to Navigation (AtoN) Report(129041): values=MessageID=(4) RepeatIndicator=("0") UserID=(542330881) Longitude=(0.0 deg) Latitude=(0.0 deg) PositionAccuracy=("0") RAIM=("0") TimeStamp=("0") Length/Diameter=(0.0 m) Beam/Diameter=(0.0 m) PositionReferencefromStarboardEdge=(0.0 m) PositionReferencefromTrueNorthFacingEdge=(0.0 m) AtoNType=("0") OffPositionIndicator=("0") VirtualAtoNFlag=("0") AssignedModeFlag=("0") Spare=(0) PositionFixingDeviceType=("0") AtoNStatus=(0) AISTransceiverinformation=("0") AtoNName=(None)

1  : pgn=129041 line=Rx 10294803 11 f8 11 01 05 20 4c 42 20 54 41 20
source=1: pgn=AIS Aids to Navigation (AtoN) Report(129041): values=MessageID=(5) RepeatIndicator=("0") UserID=(541215776) Longitude=(0.0 deg) Latitude=(0.0 deg) PositionAccuracy=("0") RAIM=("0") TimeStamp=("0") Length/Diameter=(0.0 m) Beam/Diameter=(0.0 m) PositionReferencefromStarboardEdge=(0.0 m) PositionReferencefromTrueNorthFacingEdge=(0.0 m) AtoNType=("0") OffPositionIndicator=("0") VirtualAtoNFlag=("0") AssignedModeFlag=("0") Spare=(0) PositionFixingDeviceType=("0") AtoNStatus=(0) AISTransceiverinformation=("0") AtoNName=(None)

1  : pgn=129041 line=Rx 10294804 11 f8 11 01 06 20 20 20 20 20 20 20
source=1: pgn=AIS Aids to Navigation (AtoN) Report(129041): values=MessageID=(6) RepeatIndicator=("0") UserID=(538976288) Longitude=(0.0 deg) Latitude=(0.0 deg) PositionAccuracy=("0") RAIM=("0") TimeStamp=("0") Length/Diameter=(0.0 m) Beam/Diameter=(0.0 m) PositionReferencefromStarboardEdge=(0.0 m) PositionReferencefromTrueNorthFacingEdge=(0.0 m) AtoNType=("0") OffPositionIndicator=("0") VirtualAtoNFlag=("0") AssignedModeFlag=("0") Spare=(0) PositionFixingDeviceType=("0") AtoNStatus=(0) AISTransceiverinformation=("0") AtoNName=(None)

32 : pgn=128259 line=Rx 10294813 09 f5 03 20 d7 2b 01 ff ff ff ff ff
source=32: pgn=Speed(128259): values=SpeedWaterReferenced=(2.99 m/s) SpeedGroundReferenced=(None) SpeedWaterReferencedType=(None) SpeedDirection=(None)

3  : pgn=129026 line=Tx 10294816 09 f8 02 03 ff fc 28 40 3b 01 ff ff
source=3: pgn=COG & SOG, Rapid Update(129026): values=COGReference=("0") COG=(94.10 deg) SOG=(3.15 m/s)

3  : pgn=129025 line=Tx 10294816 09 f8 01 03 67 77 6f 1c 58 66 fd b6
source=3: pgn=Position, Rapid Update(129025): values=Latitude=(47.7067111 deg) Longitude=(-122.4907176 deg)

3  : pgn=129291 line=Tx 10294816 0d f9 0b 03 ff fc c4 18 3d 00 ff ff
source=3: pgn=Set & Drift, Rapid Update(129291): values=SetReference=("0") Set=(36.33 deg) Drift=(0.61 m/s)

0  : pgn=127250 line=Rx 10294891 09 f1 12 00 ff 2b 3d ff 7f ff 7f fd
source=0: pgn=Vessel Heading(127250): values=Heading=(89.72 deg) Deviation=(None) Variation=(None) Reference=("1")

0  : pgn=127245 line=Rx 10294892 09 f1 0d 00 00 f8 ff 7f 00 00 ff ff
source=0: pgn=Rudder(127245): values=Instance=(0) DirectionOrder=("0") AngleOrder=(None) Position=(0.00 deg)

0  : pgn=65359  line=Rx 10294898 1c ff 4f 00 3b 9f ff ff ff 2b 3d ff
source=0: pgn=Seatalk: Pilot Heading(65359): values=ManufacturerCode=(1851) IndustryCode=(4) HeadingTrue=(None) HeadingMagnetic=(89.72 deg)

32 : pgn=128259 line=Rx 10294913 09 f5 03 20 d8 22 01 ff ff ff ff ff
source=32: pgn=Speed(128259): values=SpeedWaterReferenced=(2.9 m/s) SpeedGroundReferenced=(None) SpeedWaterReferencedType=(None) SpeedDirection=(None)

3  : pgn=129025 line=Tx 10294916 09 f8 01 03 67 77 6f 1c 58 66 fd b6
source=3: pgn=Position, Rapid Update(129025): values=Latitude=(47.7067111 deg) Longitude=(-122.4907176 deg)

1  : pgn=129793 line=Rx 10294924 1d fb 01 01 80 1a c4 e3 ff 37 00 fb
1  : pgn=129793 line=Rx 10294924 1d fb 01 01 81 71 d0 b6 a1 62 57 1c
1  : pgn=129793 line=Rx 10294925 1d fb 01 01 82 ff c0 3e 0c 2c 00 00
1  : pgn=129793 line=Rx 10294925 1d fb 01 01 83 00 06 40 ff 00 fc ff
1  : pgn=129793 line=Rx 10294955 1d fb 01 01 a0 1a c4 e3 ff 37 00 fb
1  : pgn=129793 line=Rx 10294955 1d fb 01 01 a1 71 d0 b6 a1 62 57 1c
1  : pgn=129793 line=Rx 10294956 1d fb 01 01 a2 ff c0 3e 0c 2c 00 00
1  : pgn=129793 line=Rx 10294956 1d fb 01 01 a3 00 06 40 ff 00 fc ff
0  : pgn=127250 line=Rx 10294991 09 f1 12 00 ff 4c 3d ff 7f ff 7f fd
source=0: pgn=Vessel Heading(127250): values=Heading=(89.91 deg) Deviation=(None) Variation=(None) Reference=("1")

0  : pgn=127245 line=Rx 10294991 09 f1 0d 00 00 f8 ff 7f 00 00 ff ff
source=0: pgn=Rudder(127245): values=Instance=(0) DirectionOrder=("0") AngleOrder=(None) Position=(0.00 deg)

0  : pgn=65359  line=Rx 10294996 1c ff 4f 00 3b 9f ff ff ff 4c 3d ff
source=0: pgn=Seatalk: Pilot Heading(65359): values=ManufacturerCode=(1851) IndustryCode=(4) HeadingTrue=(None) HeadingMagnetic=(89.91 deg)

32 : pgn=128259 line=Rx 10295012 09 f5 03 20 d9 20 01 ff ff ff ff ff
source=32: pgn=Speed(128259): values=SpeedWaterReferenced=(2.88 m/s) SpeedGroundReferenced=(None) SpeedWaterReferencedType=(None) SpeedDirection=(None)

3  : pgn=129026 line=Tx 10295016 09 f8 02 03 ff fc 6d 40 3b 01 ff ff
source=3: pgn=COG & SOG, Rapid Update(129026): values=COGReference=("0") COG=(94.50 deg) SOG=(3.15 m/s)

3  : pgn=130577 line=Tx 10295016 0d fe 11 03 a0 0e c0 66 6d 40 3b 01
3  : pgn=130577 line=Tx 10295016 0d fe 11 03 a1 ff ff ff ff 8c 17 42
3  : pgn=130577 line=Tx 10295016 0d fe 11 03 a2 00 ff ff ff ff ff ff
3  : pgn=129025 line=Tx 10295016 09 f8 01 03 58 77 6f 1c aa 66 fd b6
3  : pgn=130306 line=Tx 10295016 09 fd 02 03 ff 23 03 93 ce fa ff ff
source=3: pgn=Wind Data(130306): values=WindSpeed=(8.03 m/s) WindAngle=(303.00 deg) Reference=("2")

4  : pgn=126975 line=Rx 10295067 1d ef ff 04 e0 07 3b 9f f0 81 90 00
4  : pgn=126975 line=Rx 10295068 1d ef ff 04 e1 03 ff ff ff ff ff ff
1  : pgn=129793 line=Rx 10295077 1d fb 01 01 c0 1a c4 e1 ff 37 00 97
1  : pgn=129793 line=Rx 10295077 1d fb 01 01 c1 19 0f b7 ad cc 3e 1c
1  : pgn=129793 line=Rx 10295078 1d fb 01 01 c2 ff c0 3e 0c 2c 00 00
1  : pgn=129793 line=Rx 10295078 1d fb 01 01 c3 08 06 40 ff 00 fc ff
0  : pgn=127250 line=Rx 10295091 09 f1 12 00 ff 53 3d ff 7f ff 7f fd
source=0: pgn=Vessel Heading(127250): values=Heading=(89.95 deg) Deviation=(None) Variation=(None) Reference=("1")

0  : pgn=127245 line=Rx 10295091 09 f1 0d 00 00 f8 ff 7f 00 00 ff ff
source=0: pgn=Rudder(127245): values=Instance=(0) DirectionOrder=("0") AngleOrder=(None) Position=(0.00 deg)

0  : pgn=65359  line=Rx 10295098 1c ff 4f 00 3b 9f ff ff ff 53 3d ff
source=0: pgn=Seatalk: Pilot Heading(65359): values=ManufacturerCode=(1851) IndustryCode=(4) HeadingTrue=(None) HeadingMagnetic=(89.95 deg)

0  : pgn=126975 line=Rx 10295101 1d ef ff 00 e0 08 3b 9f f0 81 9c 11
0  : pgn=126975 line=Rx 10295103 1d ef ff 00 e1 00 00 ff ff ff ff ff
32 : pgn=128259 line=Rx 10295112 09 f5 03 20 da 1e 01 ff ff ff ff ff
source=32: pgn=Speed(128259): values=SpeedWaterReferenced=(2.86 m/s) SpeedGroundReferenced=(None) SpeedWaterReferencedType=(None) SpeedDirection=(None)

3  : pgn=129283 line=Tx 10295117 0d f9 03 03 ff 7f ff ff ff 7f ff ff
source=3: pgn=Cross Track Error(129283): values=XTEmode=(None) NavigationTerminated=("1") XTE=(None)

3  : pgn=129025 line=Tx 10295117 09 f8 01 03 58 77 6f 1c aa 66 fd b6
source=3: pgn=Position, Rapid Update(129025): values=Latitude=(47.706709599999996 deg) Longitude=(-122.4907094 deg)

3  : pgn=128267 line=Tx 10295117 0d f5 0b 03 ff 63 3c 00 00 00 00 ff
source=3: pgn=Water Depth(128267): values=Depth=(154.59 m) Offset=(0.0 m) Range=(None)

1  : pgn=129793 line=Rx 10295138 1d fb 01 01 e0 1a c4 cb fe 37 00 7d
1  : pgn=129793 line=Rx 10295138 1d fb 01 01 e1 39 14 b7 29 76 5d 1c
1  : pgn=129793 line=Rx 10295139 1d fb 01 01 e2 ff c0 3e 0c 2c 00 00
1  : pgn=129793 line=Rx 10295139 1d fb 01 01 e3 08 06 40 ff 00 fc ff
1  : pgn=129793 line=Rx 10295170 1d fb 01 01 00 1a c4 c5 fe 37 00 2c
source=1: pgn=AIS UTC and Date Report(129793): values=MessageID=(0) RepeatIndicator=("0") UserID=(4274373658) Longitude=(0.0 deg) Latitude=(0.0 deg) PositionAccuracy=("0") RAIM=("0") PositionTime=(0.0 s) CommunicationState=(0) AISTransceiverinformation=("0") PositionDate=(0 d) GNSStype=("0") Spare=(0)

1  : pgn=129793 line=Rx 10295170 1d fb 01 01 01 ac f7 b6 00 c3 8e 1c
source=1: pgn=AIS UTC and Date Report(129793): values=MessageID=(1) RepeatIndicator=("0") UserID=(11990956) Longitude=(0.0 deg) Latitude=(0.0 deg) PositionAccuracy=("0") RAIM=("0") PositionTime=(0.0 s) CommunicationState=(0) AISTransceiverinformation=("0") PositionDate=(0 d) GNSStype=("0") Spare=(0)

1  : pgn=129793 line=Rx 10295171 1d fb 01 01 02 ff d0 65 0c 2c 00 00
source=1: pgn=AIS UTC and Date Report(129793): values=MessageID=(2) RepeatIndicator=("0") UserID=(207999231) Longitude=(0.0 deg) Latitude=(0.0 deg) PositionAccuracy=("0") RAIM=("0") PositionTime=(0.0 s) CommunicationState=(0) AISTransceiverinformation=("0") PositionDate=(0 d) GNSStype=("0") Spare=(0)

1  : pgn=129793 line=Rx 10295171 1d fb 01 01 03 08 06 40 ff 00 fc ff
source=1: pgn=AIS UTC and Date Report(129793): values=MessageID=(3) RepeatIndicator=("0") UserID=(4282385928) Longitude=(0.0 deg) Latitude=(0.0 deg) PositionAccuracy=("0") RAIM=("0") PositionTime=(0.0 s) CommunicationState=(0) AISTransceiverinformation=("0") PositionDate=(0 d) GNSStype=("0") Spare=(0)

0  : pgn=127250 line=Rx 10295191 09 f1 12 00 ff 55 3d ff 7f ff 7f fd
source=0: pgn=Vessel Heading(127250): values=Heading=(89.96 deg) Deviation=(None) Variation=(None) Reference=("1")

0  : pgn=127245 line=Rx 10295192 09 f1 0d 00 00 f8 ff 7f 00 00 ff ff
source=0: pgn=Rudder(127245): values=Instance=(0) DirectionOrder=("0") AngleOrder=(None) Position=(0.00 deg)

0  : pgn=65359  line=Rx 10295196 1c ff 4f 00 3b 9f ff ff ff 55 3d ff
source=0: pgn=Seatalk: Pilot Heading(65359): values=ManufacturerCode=(1851) IndustryCode=(4) HeadingTrue=(None) HeadingMagnetic=(89.96 deg)

32 : pgn=128259 line=Rx 10295211 09 f5 03 20 db 1e 01 ff ff ff ff ff
source=32: pgn=Speed(128259): values=SpeedWaterReferenced=(2.86 m/s) SpeedGroundReferenced=(None) SpeedWaterReferencedType=(None) SpeedDirection=(None)

3  : pgn=129026 line=Tx 10295217 09 f8 02 03 ff fc 6d 40 3b 01 ff ff
source=3: pgn=COG & SOG, Rapid Update(129026): values=COGReference=("0") COG=(94.50 deg) SOG=(3.15 m/s)

3  : pgn=129025 line=Tx 10295218 09 f8 01 03 58 77 6f 1c aa 66 fd b6
source=3: pgn=Position, Rapid Update(129025): values=Latitude=(47.706709599999996 deg) Longitude=(-122.4907094 deg)

3  : pgn=129542 line=Tx 10295218 19 fa 06 03 a0 0f 66 80 01 00 00 00
3  : pgn=129542 line=Tx 10295218 19 fa 06 03 a1 00 00 00 00 00 00 00
3  : pgn=129542 line=Tx 10295218 19 fa 06 03 a2 00 00 ff ff ff ff ff
3  : pgn=65364  line=Tx 10295218 1c ff 54 03 3b 9f 23 03 e5 cd ff ff
1  : pgn=129038 line=Rx 10295232 11 f8 0e 01 80 1b c3 3e ec e2 15 81
1  : pgn=129038 line=Rx 10295232 11 f8 0e 01 81 c5 f6 b6 1b 40 6e 1c
1  : pgn=129038 line=Rx 10295233 11 f8 0e 01 82 a6 42 b7 00 00 00 00
1  : pgn=129038 line=Rx 10295233 11 f8 0e 01 83 00 ff ff ff 7f f5 fe
0  : pgn=127250 line=Rx 10295295 09 f1 12 00 ff 51 3d ff 7f ff 7f fd
source=0: pgn=Vessel Heading(127250): values=Heading=(89.94 deg) Deviation=(None) Variation=(None) Reference=("1")

0  : pgn=127245 line=Rx 10295296 09 f1 0d 00 00 f8 ff 7f 00 00 ff ff
source=0: pgn=Rudder(127245): values=Instance=(0) DirectionOrder=("0") AngleOrder=(None) Position=(0.00 deg)

0  : pgn=65359  line=Rx 10295303 1c ff 4f 00 3b 9f ff ff ff 51 3d ff
source=0: pgn=Seatalk: Pilot Heading(65359): values=ManufacturerCode=(1851) IndustryCode=(4) HeadingTrue=(None) HeadingMagnetic=(89.94 deg)

32 : pgn=128259 line=Rx 10295313 09 f5 03 20 dc 20 01 ff ff ff ff ff
source=32: pgn=Speed(128259): values=SpeedWaterReferenced=(2.88 m/s) SpeedGroundReferenced=(None) SpeedWaterReferencedType=(None) SpeedDirection=(None)

32 : pgn=130310 line=Rx 10295316 15 fd 06 20 ad ff ff ff ff ff ff ff
source=32: pgn=Environmental Parameters (obsolete)(130310): values=WaterTemperature=(None) OutsideAmbientAirTemperature=(None) AtmosphericPressure=(None)

3  : pgn=129540 line=Tx 10295318 19 fa 04 03 e0 9f 88 ff 0d 03 97 1a
source=3: pgn=GNSS Sats in View(129540): values=RangeResidualMode=(None) SatsinView=(136) PRN=(None) Elevation=(4.47 deg) Azimuth=(39.00 deg) SNR=(0.0 dB) Rangeresiduals=(0) Status=("0")

3  : pgn=129540 line=Tx 10295318 19 fa 04 03 e1 2e 26 00 00 00 00 00
source=3: pgn=GNSS Sats in View(129540): values=RangeResidualMode=("0") SatsinView=(38) PRN=(0) Elevation=(0.00 deg) Azimuth=(0.00 deg) SNR=(0.0 dB) Rangeresiduals=(0) Status=("0")

3  : pgn=129540 line=Tx 10295318 19 fa 04 03 e2 00 f3 0f ff 1d 5c 3d
source=3: pgn=GNSS Sats in View(129540): values=RangeResidualMode=("0") SatsinView=(243) PRN=(15) Elevation=(44.00 deg) Azimuth=(90.00 deg) SNR=(0.0 dB) Rangeresiduals=(0) Status=("0")

3  : pgn=129540 line=Tx 10295318 19 fa 04 03 e3 28 0a 00 00 00 00 f5
source=3: pgn=GNSS Sats in View(129540): values=RangeResidualMode=("0") SatsinView=(10) PRN=(0) Elevation=(0.00 deg) Azimuth=(359.36 deg) SNR=(0.0 dB) Rangeresiduals=(0) Status=("0")

3  : pgn=129540 line=Tx 10295318 19 fa 04 03 e4 10 17 13 71 b9 80 0c
source=3: pgn=GNSS Sats in View(129540): values=RangeResidualMode=("0") SatsinView=(23) PRN=(19) Elevation=(-103.49 deg) Azimuth=(18.33 deg) SNR=(0.0 dB) Rangeresiduals=(0) Status=("0")

3  : pgn=129540 line=Tx 10295318 19 fa 04 03 e5 00 00 00 00 f5 12 c5
source=3: pgn=GNSS Sats in View(129540): values=RangeResidualMode=("0") SatsinView=(0) PRN=(0) Elevation=(-16.13 deg) Azimuth=(289.06 deg) SNR=(0.0 dB) Rangeresiduals=(0) Status=("0")

3  : pgn=129540 line=Tx 10295318 19 fa 04 03 e6 31 f2 93 ac 0d 00 00
source=3: pgn=GNSS Sats in View(129540): values=RangeResidualMode=("1") SatsinView=(242) PRN=(147) Elevation=(20.05 deg) Azimuth=(0.00 deg) SNR=(0.0 dB) Rangeresiduals=(0) Status=("0")

3  : pgn=129540 line=Tx 10295318 19 fa 04 03 e7 00 00 f5 13 ba 02 1f
source=3: pgn=GNSS Sats in View(129540): values=RangeResidualMode=("0") SatsinView=(0) PRN=(245) Elevation=(-102.57 deg) Azimuth=(45.48 deg) SNR=(0.0 dB) Rangeresiduals=(0) Status=("0")

3  : pgn=129540 line=Tx 10295318 19 fa 04 03 e8 d8 3c 0f 00 00 00 00
source=3: pgn=GNSS Sats in View(129540): values=RangeResidualMode=("0") SatsinView=(60) PRN=(15) Elevation=(0.00 deg) Azimuth=(0.00 deg) SNR=(0.0 dB) Rangeresiduals=(0) Status=("0")

3  : pgn=129540 line=Tx 10295318 19 fa 04 03 e9 f5 15 e8 37 0b 20 10
source=3: pgn=GNSS Sats in View(129540): values=RangeResidualMode=("1") SatsinView=(21) PRN=(232) Elevation=(16.45 deg) Azimuth=(23.65 deg) SNR=(0.0 dB) Rangeresiduals=(0) Status=("0")

3  : pgn=129540 line=Tx 10295318 19 fa 04 03 ea 0e 00 00 00 00 f5 16
source=3: pgn=GNSS Sats in View(129540): values=RangeResidualMode=("0") SatsinView=(0) PRN=(0) Elevation=(0.00 deg) Azimuth=(33.67 deg) SNR=(0.0 dB) Rangeresiduals=(0) Status=("0")

3  : pgn=129540 line=Tx 10295319 19 fa 04 03 eb d1 15 cf 9c 04 10 00
source=3: pgn=GNSS Sats in View(129540): values=RangeResidualMode=("1") SatsinView=(21) PRN=(207) Elevation=(6.76 deg) Azimuth=(0.09 deg) SNR=(0.0 dB) Rangeresiduals=(0) Status=("0")

3  : pgn=129540 line=Tx 10295320 19 fa 04 03 ec 00 00 00 f5 1a ae 0f
source=3: pgn=GNSS Sats in View(129540): values=RangeResidualMode=("0") SatsinView=(0) PRN=(0) Elevation=(39.54 deg) Azimuth=(23.00 deg) SNR=(0.0 dB) Rangeresiduals=(0) Status=("0")

3  : pgn=129540 line=Tx 10295320 19 fa 04 03 ed 5d 1f 1c 0c 00 00 00
source=3: pgn=GNSS Sats in View(129540): values=RangeResidualMode=("1") SatsinView=(31) PRN=(28) Elevation=(0.07 deg) Azimuth=(0.00 deg) SNR=(0.0 dB) Rangeresiduals=(0) Status=("0")

3  : pgn=129540 line=Tx 10295321 19 fa 04 03 ee 00 f5 1b d1 15 ab d2
source=3: pgn=GNSS Sats in View(129540): values=RangeResidualMode=("0") SatsinView=(245) PRN=(27) Elevation=(32.00 deg) Azimuth=(309.00 deg) SNR=(0.0 dB) Rangeresiduals=(0) Status=("0")

3  : pgn=129540 line=Tx 10295323 19 fa 04 03 ef ac 0d 00 00 00 00 f5
source=3: pgn=GNSS Sats in View(129540): values=RangeResidualMode=("0") SatsinView=(13) PRN=(0) Elevation=(0.00 deg) Azimuth=(359.36 deg) SNR=(0.0 dB) Rangeresiduals=(0) Status=("0")

3  : pgn=129540 line=Tx 10295323 19 fa 04 03 f0 1d 00 0f a1 67 48 0d
source=3: pgn=GNSS Sats in View(129540): values=RangeResidualMode=("1") SatsinView=(0) PRN=(15) Elevation=(152.00 deg) Azimuth=(19.48 deg) SNR=(0.0 dB) Rangeresiduals=(0) Status=("0")

3  : pgn=129540 line=Tx 10295324 19 fa 04 03 f1 00 00 00 00 f5 23 d1
source=3: pgn=GNSS Sats in View(129540): values=RangeResidualMode=("0") SatsinView=(0) PRN=(0) Elevation=(-16.13 deg) Azimuth=(306.76 deg) SNR=(0.0 dB) Rangeresiduals=(0) Status=("0")

3  : pgn=129540 line=Tx 10295325 19 fa 04 03 f2 15 c3 8b 00 00 00 00
source=3: pgn=GNSS Sats in View(129540): values=RangeResidualMode=("1") SatsinView=(195) PRN=(139) Elevation=(0.00 deg) Azimuth=(0.00 deg) SNR=(0.0 dB) Rangeresiduals=(0) Status=("0")

3  : pgn=129540 line=Tx 10295325 19 fa 04 03 f3 00 00 f3 30 2e 17 43
source=3: pgn=GNSS Sats in View(129540): values=RangeResidualMode=("0") SatsinView=(0) PRN=(243) Elevation=(67.75 deg) Azimuth=(98.41 deg) SNR=(0.0 dB) Rangeresiduals=(0) Status=("0")

3  : pgn=129540 line=Tx 10295326 19 fa 04 03 f4 84 48 0d 00 00 00 00
source=3: pgn=GNSS Sats in View(129540): values=RangeResidualMode=("0") SatsinView=(72) PRN=(13) Elevation=(0.00 deg) Azimuth=(0.00 deg) SNR=(0.0 dB) Rangeresiduals=(0) Status=("0")

32 : pgn=128275 line=Rx 10295326 19 f5 13 20 e0 0e ff ff ff ff ff ff
3  : pgn=129540 line=Tx 10295327 19 fa 04 03 f5 f5 33 80 16 67 6c 1c
source=3: pgn=GNSS Sats in View(129540): values=RangeResidualMode=("1") SatsinView=(51) PRN=(128) Elevation=(151.20 deg) Azimuth=(41.69 deg) SNR=(0.0 dB) Rangeresiduals=(0) Status=("0")

3  : pgn=129540 line=Tx 10295328 19 fa 04 03 f6 0c 00 00 00 00 f5 ff
source=3: pgn=GNSS Sats in View(129540): values=RangeResidualMode=("0") SatsinView=(0) PRN=(0) Elevation=(0.00 deg) Azimuth=(375.43 deg) SNR=(0.0 dB) Rangeresiduals=(0) Status=("0")

3  : pgn=129025 line=Tx 10295330 09 f8 01 03 4b 77 6f 1c 02 67 fd b6
source=3: pgn=Position, Rapid Update(129025): values=Latitude=(47.706708299999995 deg) Longitude=(-122.4907006 deg)

3  : pgn=127258 line=Tx 10295330 19 f1 1a 03 ff f6 12 39 fa 0a ff ff
source=3: pgn=Magnetic Variation(127258): values=Source=("6") Ageofservice=(14610 d) Variation=(16.10 deg)

32 : pgn=128275 line=Rx 10295331 19 f5 13 20 e1 8b ad 3c 00 8b ad 3c
32 : pgn=128275 line=Rx 10295336 19 f5 13 20 e2 00 ff ff ff ff ff ff
1  : pgn=59936  line=Rx 10295351 18 ea 20 01 00 ee 00 00 00 00 00 00
0  : pgn=127250 line=Rx 10295391 09 f1 12 00 ff 4f 3d ff 7f ff 7f fd
source=0: pgn=Vessel Heading(127250): values=Heading=(89.93 deg) Deviation=(None) Variation=(None) Reference=("1")

0  : pgn=127245 line=Rx 10295392 09 f1 0d 00 00 f8 ff 7f 00 00 ff ff
source=0: pgn=Rudder(127245): values=Instance=(0) DirectionOrder=("0") AngleOrder=(None) Position=(0.00 deg)

0  : pgn=65359  line=Rx 10295396 1c ff 4f 00 3b 9f ff ff ff 4f 3d ff
source=0: pgn=Seatalk: Pilot Heading(65359): values=ManufacturerCode=(1851) IndustryCode=(4) HeadingTrue=(None) HeadingMagnetic=(89.93 deg)

4  : pgn=65384  line=Rx 10295408 1c ff 68 04 3b 9f 00 00 00 00 00 00
32 : pgn=128259 line=Rx 10295410 09 f5 03 20 dd 1f 01 ff ff ff ff ff
3  : pgn=129026 line=Tx 10295418 09 f8 02 03 ff fc c5 40 3b 01 ff ff
source=3: pgn=COG & SOG, Rapid Update(129026): values=COGReference=("0") COG=(95.00 deg) SOG=(3.15 m/s)

3  : pgn=129025 line=Tx 10295418 09 f8 01 03 4b 77 6f 1c 02 67 fd b6
source=3: pgn=Position, Rapid Update(129025): values=Latitude=(47.706708299999995 deg) Longitude=(-122.4907006 deg)

0  : pgn=127250 line=Rx 10295491 09 f1 12 00 ff 46 3d ff 7f ff 7f fd
source=0: pgn=Vessel Heading(127250): values=Heading=(89.87 deg) Deviation=(None) Variation=(None) Reference=("1")

0  : pgn=127245 line=Rx 10295492 09 f1 0d 00 00 f8 ff 7f 00 00 ff ff
source=0: pgn=Rudder(127245): values=Instance=(0) DirectionOrder=("0") AngleOrder=(None) Position=(0.00 deg)

0  : pgn=65359  line=Rx 10295499 1c ff 4f 00 3b 9f ff ff ff 46 3d ff
source=0: pgn=Seatalk: Pilot Heading(65359): values=ManufacturerCode=(1851) IndustryCode=(4) HeadingTrue=(None) HeadingMagnetic=(89.87 deg)

32 : pgn=128259 line=Rx 10295510 09 f5 03 20 de 27 01 ff ff ff ff ff
source=32: pgn=Speed(128259): values=SpeedWaterReferenced=(2.95 m/s) SpeedGroundReferenced=(None) SpeedWaterReferencedType=(None) SpeedDirection=(None)

3  : pgn=129029 line=Tx 10295518 0d f8 05 03 a0 2b 66 06 40 e0 8c 0c
3  : pgn=129029 line=Tx 10295518 0d f8 05 03 a1 2c 00 06 d4 11 fb e1
3  : pgn=129029 line=Tx 10295518 0d f8 05 03 a2 9e 06 00 0a 9f 65 b6
3  : pgn=129029 line=Tx 10295518 0d f8 05 03 a3 41 00 ef ff ff ff ff
3  : pgn=129029 line=Tx 10295518 0d f8 05 03 a4 ff ff ff 7f 23 fc 09
3  : pgn=129029 line=Tx 10295518 0d f8 05 03 a5 54 00 ff 7f ff ff ff
3  : pgn=129029 line=Tx 10295518 0d f8 05 03 a6 7f 00 ff ff ff ff ff
3  : pgn=129025 line=Tx 10295518 09 f8 01 03 47 77 6f 1c a1 67 fd b6
source=3: pgn=Position, Rapid Update(129025): values=Latitude=(47.7067079 deg) Longitude=(-122.49068469999999 deg)

3  : pgn=129033 line=Tx 10295518 0d f8 09 03 06 40 e0 8c 0c 2c 5c fe
source=3: pgn=Time & Date(129033): values=Date=(16390 d) Time=(73902.0 s) LocalOffset=(-25200.0 s)

0  : pgn=127250 line=Rx 10295591 09 f1 12 00 ff 40 3d ff 7f ff 7f fd
source=0: pgn=Vessel Heading(127250): values=Heading=(89.84 deg) Deviation=(None) Variation=(None) Reference=("1")

0  : pgn=127245 line=Rx 10295591 09 f1 0d 00 00 f8 ff 7f 00 00 ff ff
source=0: pgn=Rudder(127245): values=Instance=(0) DirectionOrder=("0") AngleOrder=(None) Position=(0.00 deg)

0  : pgn=65379  line=Rx 10295596 1c ff 63 00 3b 9f 00 00 00 00 01 ff
source=0: pgn=Seatalk: Pilot Mode(65379): values=ManufacturerCode=(1851) IndustryCode=(4) PilotMode=(0) SubMode=(0) PilotModeData=(0)

0  : pgn=65359  line=Rx 10295597 1c ff 4f 00 3b 9f ff ff ff 40 3d ff
source=0: pgn=Seatalk: Pilot Heading(65359): values=ManufacturerCode=(1851) IndustryCode=(4) HeadingTrue=(None) HeadingMagnetic=(89.84 deg)

0  : pgn=126975 line=Rx 10295606 1d ef ff 00 00 0d 3b 9f f0 81 84 16
0  : pgn=126975 line=Rx 10295607 1d ef ff 00 01 40 00 00 00 00 02 05
32 : pgn=128259 line=Rx 10295610 09 f5 03 20 df 17 01 ff ff ff ff ff
source=32: pgn=Speed(128259): values=SpeedWaterReferenced=(2.79 m/s) SpeedGroundReferenced=(None) SpeedWaterReferencedType=(None) SpeedDirection=(None)

3  : pgn=129026 line=Tx 10295619 09 f8 02 03 ff fc b3 40 3d 01 ff ff
source=3: pgn=COG & SOG, Rapid Update(129026): values=COGReference=("0") COG=(94.90 deg) SOG=(3.17 m/s)

3  : pgn=129025 line=Tx 10295619 09 f8 01 03 47 77 6f 1c a1 67 fd b6
source=3: pgn=Position, Rapid Update(129025): values=Latitude=(47.7067079 deg) Longitude=(-122.49068469999999 deg)

3  : pgn=126992 line=Tx 10295619 0d f0 10 03 ff ff 06 40 e0 8c 0c 2c
source=3: pgn=System Time(126992): values=Source=(None) Date=(16390 d) Time=(73902.0 s)

0  : pgn=127250 line=Rx 10295690 09 f1 12 00 ff 33 3d ff 7f ff 7f fd
source=0: pgn=Vessel Heading(127250): values=Heading=(89.77 deg) Deviation=(None) Variation=(None) Reference=("1")

0  : pgn=127245 line=Rx 10295691 09 f1 0d 00 00 f8 ff 7f 00 00 ff ff
source=0: pgn=Rudder(127245): values=Instance=(0) DirectionOrder=("0") AngleOrder=(None) Position=(0.00 deg)

0  : pgn=65359  line=Rx 10295698 1c ff 4f 00 3b 9f ff ff ff 33 3d ff
source=0: pgn=Seatalk: Pilot Heading(65359): values=ManufacturerCode=(1851) IndustryCode=(4) HeadingTrue=(None) HeadingMagnetic=(89.77 deg)

0  : pgn=126975 line=Rx 10295701 1d ef ff 00 20 09 3b 9f f0 81 ae 02
0  : pgn=126975 line=Rx 10295703 1d ef ff 00 21 00 08 00 ff ff ff ff
32 : pgn=128259 line=Rx 10295709 09 f5 03 20 e0 19 01 ff ff ff ff ff
source=32: pgn=Speed(128259): values=SpeedWaterReferenced=(2.81 m/s) SpeedGroundReferenced=(None) SpeedWaterReferencedType=(None) SpeedDirection=(None)

3  : pgn=129025 line=Tx 10295720 09 f8 01 03 47 77 6f 1c a1 67 fd b6
source=3: pgn=Position, Rapid Update(129025): values=Latitude=(47.7067079 deg) Longitude=(-122.49068469999999 deg)

0  : pgn=127250 line=Rx 10295791 09 f1 12 00 ff 27 3d ff 7f ff 7f fd
source=0: pgn=Vessel Heading(127250): values=Heading=(89.70 deg) Deviation=(None) Variation=(None) Reference=("1")

0  : pgn=127245 line=Rx 10295792 09 f1 0d 00 00 f8 ff 7f 00 00 ff ff
source=0: pgn=Rudder(127245): values=Instance=(0) DirectionOrder=("0") AngleOrder=(None) Position=(0.00 deg)

0  : pgn=65359  line=Rx 10295798 1c ff 4f 00 3b 9f ff ff ff 27 3d ff
source=0: pgn=Seatalk: Pilot Heading(65359): values=ManufacturerCode=(1851) IndustryCode=(4) HeadingTrue=(None) HeadingMagnetic=(89.70 deg)

32 : pgn=128259 line=Rx 10295809 09 f5 03 20 e1 18 01 ff ff ff ff ff
source=32: pgn=Speed(128259): values=SpeedWaterReferenced=(2.8000000000000003 m/s) SpeedGroundReferenced=(None) SpeedWaterReferencedType=(None) SpeedDirection=(None)

3  : pgn=129026 line=Tx 10295821 09 f8 02 03 ff fc b3 40 3e 01 ff ff
source=3: pgn=COG & SOG, Rapid Update(129026): values=COGReference=("0") COG=(94.90 deg) SOG=(3.18 m/s)

3  : pgn=129025 line=Tx 10295821 09 f8 01 03 3f 77 6f 1c fd 67 fd b6
source=3: pgn=Position, Rapid Update(129025): values=Latitude=(47.706707099999996 deg) Longitude=(-122.4906755 deg)

3  : pgn=129291 line=Tx 10295821 0d f9 0b 03 ff fc 8c 17 42 00 ff ff
source=3: pgn=Set & Drift, Rapid Update(129291): values=SetReference=("0") Set=(34.54 deg) Drift=(0.66 m/s)

0  : pgn=127250 line=Rx 10295891 09 f1 12 00 ff 1d 3d ff 7f ff 7f fd
source=0: pgn=Vessel Heading(127250): values=Heading=(89.64 deg) Deviation=(None) Variation=(None) Reference=("1")

0  : pgn=127245 line=Rx 10295891 09 f1 0d 00 00 f8 ff 7f 00 00 ff ff
source=0: pgn=Rudder(127245): values=Instance=(0) DirectionOrder=("0") AngleOrder=(None) Position=(0.00 deg)

0  : pgn=65359  line=Rx 10295898 1c ff 4f 00 3b 9f ff ff ff 1d 3d ff
source=0: pgn=Seatalk: Pilot Heading(65359): values=ManufacturerCode=(1851) IndustryCode=(4) HeadingTrue=(None) HeadingMagnetic=(89.64 deg)

32 : pgn=128259 line=Rx 10295908 09 f5 03 20 e2 1e 01 ff ff ff ff ff
source=32: pgn=Speed(128259): values=SpeedWaterReferenced=(2.86 m/s) SpeedGroundReferenced=(None) SpeedWaterReferencedType=(None) SpeedDirection=(None)

3  : pgn=129025 line=Tx 10295921 09 f8 01 03 3f 77 6f 1c fd 67 fd b6
source=3: pgn=Position, Rapid Update(129025): values=Latitude=(47.706707099999996 deg) Longitude=(-122.4906755 deg)

0  : pgn=127250 line=Rx 10295991 09 f1 12 00 ff 06 3d ff 7f ff 7f fd
source=0: pgn=Vessel Heading(127250): values=Heading=(89.51 deg) Deviation=(None) Variation=(None) Reference=("1")

0  : pgn=127245 line=Rx 10295991 09 f1 0d 00 00 f8 ff 7f 00 00 ff ff
source=0: pgn=Rudder(127245): values=Instance=(0) DirectionOrder=("0") AngleOrder=(None) Position=(0.00 deg)

0  : pgn=65359  line=Rx 10295995 1c ff 4f 00 3b 9f ff ff ff 06 3d ff
source=0: pgn=Seatalk: Pilot Heading(65359): values=ManufacturerCode=(1851) IndustryCode=(4) HeadingTrue=(None) HeadingMagnetic=(89.51 deg)

32 : pgn=128259 line=Rx 10296008 09 f5 03 20 e3 23 01 ff ff ff ff ff
source=32: pgn=Speed(128259): values=SpeedWaterReferenced=(2.91 m/s) SpeedGroundReferenced=(None) SpeedWaterReferencedType=(None) SpeedDirection=(None)

3  : pgn=129026 line=Tx 10296021 09 f8 02 03 ff fc a2 40 40 01 ff ff
source=3: pgn=COG & SOG, Rapid Update(129026): values=COGReference=("0") COG=(94.80 deg) SOG=(3.2 m/s)

3  : pgn=130577 line=Tx 10296021 0d fe 11 03 c0 0e c0 67 a2 40 40 01
3  : pgn=130577 line=Tx 10296021 0d fe 11 03 c1 ff ff ff ff 7f 19 3f
3  : pgn=130577 line=Tx 10296021 0d fe 11 03 c2 00 ff ff ff ff ff ff
3  : pgn=129025 line=Tx 10296021 09 f8 01 03 36 77 6f 1c 56 68 fd b6
3  : pgn=130306 line=Tx 10296021 09 fd 02 03 ff 23 03 e5 cd fa ff ff
source=3: pgn=Wind Data(130306): values=WindSpeed=(8.03 m/s) WindAngle=(302.00 deg) Reference=("2")

0  : pgn=127250 line=Rx 10296091 09 f1 12 00 ff f1 3c ff 7f ff 7f fd
source=0: pgn=Vessel Heading(127250): values=Heading=(89.39 deg) Deviation=(None) Variation=(None) Reference=("1")

0  : pgn=127245 line=Rx 10296091 09 f1 0d 00 00 f8 ff 7f 00 00 ff ff
source=0: pgn=Rudder(127245): values=Instance=(0) DirectionOrder=("0") AngleOrder=(None) Position=(0.00 deg)

0  : pgn=65359  line=Rx 10296098 1c ff 4f 00 3b 9f ff ff ff f1 3c ff
source=0: pgn=Seatalk: Pilot Heading(65359): values=ManufacturerCode=(1851) IndustryCode=(4) HeadingTrue=(None) HeadingMagnetic=(89.39 deg)

0  : pgn=126975 line=Rx 10296107 1d ef ff 00 40 08 3b 9f f0 81 9c c1
32 : pgn=128259 line=Rx 10296107 09 f5 03 20 e4 27 01 ff ff ff ff ff
source=32: pgn=Speed(128259): values=SpeedWaterReferenced=(2.95 m/s) SpeedGroundReferenced=(None) SpeedWaterReferencedType=(None) SpeedDirection=(None)

0  : pgn=126975 line=Rx 10296109 1d ef ff 00 41 2c 00 ff ff ff ff ff
3  : pgn=129283 line=Tx 10296122 0d f9 03 03 ff 7f ff ff ff 7f ff ff
source=3: pgn=Cross Track Error(129283): values=XTEmode=(None) NavigationTerminated=("1") XTE=(None)

3  : pgn=129025 line=Tx 10296122 09 f8 01 03 36 77 6f 1c 56 68 fd b6
source=3: pgn=Position, Rapid Update(129025): values=Latitude=(47.7067062 deg) Longitude=(-122.4906666 deg)

3  : pgn=128267 line=Tx 10296122 0d f5 0b 03 ff 73 3c 00 00 00 00 ff
source=3: pgn=Water Depth(128267): values=Depth=(154.75 m) Offset=(0.0 m) Range=(None)

1  : pgn=129038 line=Rx 10296143 11 f8 0e 01 a0 1b c1 24 90 db 15 a6
1  : pgn=129038 line=Rx 10296143 11 f8 0e 01 a1 67 02 b7 d8 75 52 1c
1  : pgn=129038 line=Rx 10296144 11 f8 0e 01 a2 a9 b6 ad 2c 03 00 00
1  : pgn=129038 line=Rx 10296144 11 f8 0e 01 a3 00 88 ae 00 00 f0 fe
0  : pgn=127250 line=Rx 10296191 09 f1 12 00 ff d2 3c ff 7f ff 7f fd
source=0: pgn=Vessel Heading(127250): values=Heading=(89.21 deg) Deviation=(None) Variation=(None) Reference=("1")

0  : pgn=127245 line=Rx 10296191 09 f1 0d 00 00 f8 ff 7f 00 00 ff ff
source=0: pgn=Rudder(127245): values=Instance=(0) DirectionOrder=("0") AngleOrder=(None) Position=(0.00 deg)

0  : pgn=65359  line=Rx 10296196 1c ff 4f 00 3b 9f ff ff ff d2 3c ff
source=0: pgn=Seatalk: Pilot Heading(65359): values=ManufacturerCode=(1851) IndustryCode=(4) HeadingTrue=(None) HeadingMagnetic=(89.21 deg)

1  : pgn=129038 line=Rx 10296205 11 f8 0e 01 c0 1b c1 0e 28 dc 15 33
1  : pgn=129038 line=Rx 10296206 11 f8 0e 01 c1 ba 01 b7 3b 47 60 1c
1  : pgn=129038 line=Rx 10296206 11 f8 0e 01 c2 a9 73 38 db 03 00 00
1  : pgn=129038 line=Rx 10296207 11 f8 0e 01 c3 00 dc 35 00 00 f0 fe
32 : pgn=128259 line=Rx 10296208 09 f5 03 20 e5 2a 01 ff ff ff ff ff
source=32: pgn=Speed(128259): values=SpeedWaterReferenced=(2.98 m/s) SpeedGroundReferenced=(None) SpeedWaterReferencedType=(None) SpeedDirection=(None)

3  : pgn=129026 line=Tx 10296223 09 f8 02 03 ff fc a2 40 40 01 ff ff
source=3: pgn=COG & SOG, Rapid Update(129026): values=COGReference=("0") COG=(94.80 deg) SOG=(3.2 m/s)

3  : pgn=129025 line=Tx 10296223 09 f8 01 03 36 77 6f 1c 56 68 fd b6
source=3: pgn=Position, Rapid Update(129025): values=Latitude=(47.7067062 deg) Longitude=(-122.4906666 deg)

3  : pgn=129542 line=Tx 10296223 19 fa 06 03 c0 0f 67 82 01 00 00 00
3  : pgn=129542 line=Tx 10296223 19 fa 06 03 c1 00 00 00 00 00 00 00
3  : pgn=129542 line=Tx 10296223 19 fa 06 03 c2 00 00 ff ff ff ff ff
3  : pgn=65364  line=Tx 10296223 1c ff 54 03 3b 9f 23 03 42 cf ff ff
1  : pgn=129038 line=Rx 10296266 11 f8 0e 01 e0 1b c1 d0 05 2f 14 5c
1  : pgn=129038 line=Rx 10296266 11 f8 0e 01 e1 2f 16 b7 c1 80 64 1c
1  : pgn=129038 line=Rx 10296267 11 f8 0e 01 e2 a8 53 ba 00 00 00 00
1  : pgn=129038 line=Rx 10296267 11 f8 0e 01 e3 00 9f c1 00 00 ff fe
0  : pgn=127250 line=Rx 10296290 09 f1 12 00 ff 9e 3c ff 7f ff 7f fd
source=0: pgn=Vessel Heading(127250): values=Heading=(88.91 deg) Deviation=(None) Variation=(None) Reference=("1")

0  : pgn=127245 line=Rx 10296291 09 f1 0d 00 00 f8 ff 7f 00 00 ff ff
source=0: pgn=Rudder(127245): values=Instance=(0) DirectionOrder=("0") AngleOrder=(None) Position=(0.00 deg)

0  : pgn=65359  line=Rx 10296299 1c ff 4f 00 3b 9f ff ff ff 9e 3c ff
source=0: pgn=Seatalk: Pilot Heading(65359): values=ManufacturerCode=(1851) IndustryCode=(4) HeadingTrue=(None) HeadingMagnetic=(88.91 deg)

32 : pgn=128259 line=Rx 10296308 09 f5 03 20 e6 29 01 ff ff ff ff ff
source=32: pgn=Speed(128259): values=SpeedWaterReferenced=(2.97 m/s) SpeedGroundReferenced=(None) SpeedWaterReferencedType=(None) SpeedDirection=(None)

32 : pgn=130310 line=Rx 10296317 15 fd 06 20 ae ff ff ff ff ff ff ff
source=32: pgn=Environmental Parameters (obsolete)(130310): values=WaterTemperature=(None) OutsideAmbientAirTemperature=(None) AtmosphericPressure=(None)

32 : pgn=128275 line=Rx 10296321 19 f5 13 20 00 0e ff ff ff ff ff ff
source=32: pgn=Distance Log(128275): values=Date=(3584 d) Time=(None) Log=(0 m) TripLog=(0 m)

3  : pgn=129540 line=Tx 10296324 19 fa 04 03 00 9f 89 ff 0d 03 97 1a
source=3: pgn=GNSS Sats in View(129540): values=RangeResidualMode=(None) SatsinView=(137) PRN=(None) Elevation=(4.47 deg) Azimuth=(39.00 deg) SNR=(0.0 dB) Rangeresiduals=(0) Status=("0")

3  : pgn=129540 line=Tx 10296324 19 fa 04 03 01 2e 26 00 00 00 00 00
source=3: pgn=GNSS Sats in View(129540): values=RangeResidualMode=("0") SatsinView=(38) PRN=(0) Elevation=(0.00 deg) Azimuth=(0.00 deg) SNR=(0.0 dB) Rangeresiduals=(0) Status=("0")

3  : pgn=129540 line=Tx 10296324 19 fa 04 03 02 00 f3 0f ff 1d 5c 3d
source=3: pgn=GNSS Sats in View(129540): values=RangeResidualMode=("0") SatsinView=(243) PRN=(15) Elevation=(44.00 deg) Azimuth=(90.00 deg) SNR=(0.0 dB) Rangeresiduals=(0) Status=("0")

3  : pgn=129540 line=Tx 10296324 19 fa 04 03 03 28 0a 00 00 00 00 f5
source=3: pgn=GNSS Sats in View(129540): values=RangeResidualMode=("0") SatsinView=(10) PRN=(0) Elevation=(0.00 deg) Azimuth=(359.36 deg) SNR=(0.0 dB) Rangeresiduals=(0) Status=("0")

3  : pgn=129540 line=Tx 10296324 19 fa 04 03 04 10 17 13 71 b9 ac 0d
source=3: pgn=GNSS Sats in View(129540): values=RangeResidualMode=("0") SatsinView=(23) PRN=(19) Elevation=(-103.49 deg) Azimuth=(20.05 deg) SNR=(0.0 dB) Rangeresiduals=(0) Status=("0")

3  : pgn=129540 line=Tx 10296324 19 fa 04 03 05 00 00 00 00 f5 12 c5
source=3: pgn=GNSS Sats in View(129540): values=RangeResidualMode=("0") SatsinView=(0) PRN=(0) Elevation=(-16.13 deg) Azimuth=(289.06 deg) SNR=(0.0 dB) Rangeresiduals=(0) Status=("0")

3  : pgn=129540 line=Tx 10296324 19 fa 04 03 06 31 f2 93 10 0e 00 00
source=3: pgn=GNSS Sats in View(129540): values=RangeResidualMode=("1") SatsinView=(242) PRN=(147) Elevation=(20.63 deg) Azimuth=(0.00 deg) SNR=(0.0 dB) Rangeresiduals=(0) Status=("0")

3  : pgn=129540 line=Tx 10296324 19 fa 04 03 07 00 00 f5 13 ba 02 1f
source=3: pgn=GNSS Sats in View(129540): values=RangeResidualMode=("0") SatsinView=(0) PRN=(245) Elevation=(-102.57 deg) Azimuth=(45.48 deg) SNR=(0.0 dB) Rangeresiduals=(0) Status=("0")

3  : pgn=129540 line=Tx 10296324 19 fa 04 03 08 d8 d8 0e 00 00 00 00
source=3: pgn=GNSS Sats in View(129540): values=RangeResidualMode=("0") SatsinView=(216) PRN=(14) Elevation=(0.00 deg) Azimuth=(0.00 deg) SNR=(0.0 dB) Rangeresiduals=(0) Status=("0")

3  : pgn=129540 line=Tx 10296324 19 fa 04 03 09 f5 15 e8 37 0b 20 48
source=3: pgn=GNSS Sats in View(129540): values=RangeResidualMode=("1") SatsinView=(21) PRN=(232) Elevation=(16.45 deg) Azimuth=(105.79 deg) SNR=(0.0 dB) Rangeresiduals=(0) Status=("0")

3  : pgn=129540 line=Tx 10296324 19 fa 04 03 0a 0d 00 00 00 00 f5 16
source=3: pgn=GNSS Sats in View(129540): values=RangeResidualMode=("1") SatsinView=(0) PRN=(0) Elevation=(0.00 deg) Azimuth=(33.67 deg) SNR=(0.0 dB) Rangeresiduals=(0) Status=("0")

3  : pgn=129540 line=Tx 10296325 19 fa 04 03 0b d1 15 cf 9c 80 0c 00
source=3: pgn=GNSS Sats in View(129540): values=RangeResidualMode=("1") SatsinView=(21) PRN=(207) Elevation=(-186.85 deg) Azimuth=(0.07 deg) SNR=(0.0 dB) Rangeresiduals=(0) Status=("0")

32 : pgn=128275 line=Rx 10296326 19 f5 13 20 01 8b ad 3c 00 8b ad 3c
source=32: pgn=Distance Log(128275): values=Date=(35585 d) Time=(233204.85570000001 s) Log=(0 m) TripLog=(0 m)

3  : pgn=129540 line=Tx 10296326 19 fa 04 03 0c 00 00 00 f5 1a ae 0f
source=3: pgn=GNSS Sats in View(129540): values=RangeResidualMode=("0") SatsinView=(0) PRN=(0) Elevation=(39.54 deg) Azimuth=(23.00 deg) SNR=(0.0 dB) Rangeresiduals=(0) Status=("0")

3  : pgn=129540 line=Tx 10296328 19 fa 04 03 0d 5d 1f 1c 0c 00 00 00
source=3: pgn=GNSS Sats in View(129540): values=RangeResidualMode=("1") SatsinView=(31) PRN=(28) Elevation=(0.07 deg) Azimuth=(0.00 deg) SNR=(0.0 dB) Rangeresiduals=(0) Status=("0")

3  : pgn=129540 line=Tx 10296329 19 fa 04 03 0e 00 f5 1b d1 15 ab d2
source=3: pgn=GNSS Sats in View(129540): values=RangeResidualMode=("0") SatsinView=(245) PRN=(27) Elevation=(32.00 deg) Azimuth=(309.00 deg) SNR=(0.0 dB) Rangeresiduals=(0) Status=("0")

3  : pgn=129540 line=Tx 10296330 19 fa 04 03 0f 80 0c 00 00 00 00 f5
source=3: pgn=GNSS Sats in View(129540): values=RangeResidualMode=("0") SatsinView=(12) PRN=(0) Elevation=(0.00 deg) Azimuth=(359.36 deg) SNR=(0.0 dB) Rangeresiduals=(0) Status=("0")

3  : pgn=129540 line=Tx 10296330 19 fa 04 03 10 1d 00 0f a1 67 b8 0b
source=3: pgn=GNSS Sats in View(129540): values=RangeResidualMode=("1") SatsinView=(0) PRN=(15) Elevation=(152.00 deg) Azimuth=(17.19 deg) SNR=(0.0 dB) Rangeresiduals=(0) Status=("0")

3  : pgn=129540 line=Tx 10296331 19 fa 04 03 11 00 00 00 00 f5 23 d1
source=3: pgn=GNSS Sats in View(129540): values=RangeResidualMode=("0") SatsinView=(0) PRN=(0) Elevation=(-16.13 deg) Azimuth=(306.76 deg) SNR=(0.0 dB) Rangeresiduals=(0) Status=("0")

32 : pgn=128275 line=Rx 10296331 19 f5 13 20 02 00 ff ff ff ff ff ff
source=32: pgn=Distance Log(128275): values=Date=(2 d) Time=(None) Log=(0 m) TripLog=(0 m)

1  : pgn=129038 line=Rx 10296332 11 f8 0e 01 00 1b c1 82 40 e1 15 39
source=1: pgn=AIS Class A Position Report(129038): values=MessageID=(0) RepeatIndicator=("0") UserID=(1082310939) Longitude=(0.0 deg) Latitude=(0.0 deg) PositionAccuracy=("0") RAIM=("0") TimeStamp=("0") COG=(0.00 deg) SOG=(0.0 m/s) CommunicationState=(0) AISTransceiverinformation=("0") Heading=(0.00 deg) RateofTurn=(0.00 deg/s) NavStatus=("0") SpecialManeuverIndicator=("0") Spare=(0) SequenceID=(0)

3  : pgn=129540 line=Tx 10296332 19 fa 04 03 12 15 c3 8b 00 00 00 00
source=3: pgn=GNSS Sats in View(129540): values=RangeResidualMode=("1") SatsinView=(195) PRN=(139) Elevation=(0.00 deg) Azimuth=(0.00 deg) SNR=(0.0 dB) Rangeresiduals=(0) Status=("0")

1  : pgn=129038 line=Rx 10296333 11 f8 0e 01 01 60 0e b7 25 e4 63 1c
source=1: pgn=AIS Class A Position Report(129038): values=MessageID=(1) RepeatIndicator=("0") UserID=(632753760) Longitude=(0.0 deg) Latitude=(0.0 deg) PositionAccuracy=("0") RAIM=("0") TimeStamp=("0") COG=(0.00 deg) SOG=(0.0 m/s) CommunicationState=(0) AISTransceiverinformation=("0") Heading=(0.00 deg) RateofTurn=(0.00 deg/s) NavStatus=("0") SpecialManeuverIndicator=("0") Spare=(0) SequenceID=(0)

1  : pgn=129038 line=Rx 10296333 11 f8 0e 01 02 a8 f9 0d 00 00 00 00
source=1: pgn=AIS Class A Position Report(129038): values=MessageID=(2) RepeatIndicator=("0") UserID=(915880) Longitude=(0.0 deg) Latitude=(0.0 deg) PositionAccuracy=("0") RAIM=("0") TimeStamp=("0") COG=(0.00 deg) SOG=(0.0 m/s) CommunicationState=(0) AISTransceiverinformation=("0") Heading=(0.00 deg) RateofTurn=(0.00 deg/s) NavStatus=("0") SpecialManeuverIndicator=("0") Spare=(0) SequenceID=(0)

1  : pgn=129038 line=Rx 10296334 11 f8 0e 01 03 00 ff ff ff 7f ff fe
source=1: pgn=AIS Class A Position Report(129038): values=MessageID=(3) RepeatIndicator=("0") UserID=(4294967040) Longitude=(0.0 deg) Latitude=(0.0 deg) PositionAccuracy=("0") RAIM=("0") TimeStamp=("0") COG=(0.00 deg) SOG=(0.0 m/s) CommunicationState=(0) AISTransceiverinformation=("0") Heading=(0.00 deg) RateofTurn=(0.00 deg/s) NavStatus=("0") SpecialManeuverIndicator=("0") Spare=(0) SequenceID=(0)

3  : pgn=129540 line=Tx 10296336 19 fa 04 03 13 00 00 f3 30 2e 17 43
source=3: pgn=GNSS Sats in View(129540): values=RangeResidualMode=("0") SatsinView=(0) PRN=(243) Elevation=(67.75 deg) Azimuth=(98.41 deg) SNR=(0.0 dB) Rangeresiduals=(0) Status=("0")

3  : pgn=129540 line=Tx 10296336 19 fa 04 03 14 84 10 0e 00 00 00 00
source=3: pgn=GNSS Sats in View(129540): values=RangeResidualMode=("0") SatsinView=(16) PRN=(14) Elevation=(0.00 deg) Azimuth=(0.00 deg) SNR=(0.0 dB) Rangeresiduals=(0) Status=("0")

3  : pgn=129540 line=Tx 10296337 19 fa 04 03 15 f5 33 80 16 67 6c 10
source=3: pgn=GNSS Sats in View(129540): values=RangeResidualMode=("1") SatsinView=(51) PRN=(128) Elevation=(151.20 deg) Azimuth=(24.09 deg) SNR=(0.0 dB) Rangeresiduals=(0) Status=("0")

3  : pgn=129540 line=Tx 10296338 19 fa 04 03 16 0e 00 00 00 00 f5 ff
source=3: pgn=GNSS Sats in View(129540): values=RangeResidualMode=("0") SatsinView=(0) PRN=(0) Elevation=(0.00 deg) Azimuth=(375.43 deg) SNR=(0.0 dB) Rangeresiduals=(0) Status=("0")

3  : pgn=129025 line=Tx 10296338 09 f8 01 03 1d 77 6f 1c ff 68 fd b6
source=3: pgn=Position, Rapid Update(129025): values=Latitude=(47.7067037 deg) Longitude=(-122.49064969999999 deg)

3  : pgn=127258 line=Tx 10296339 19 f1 1a 03 ff f6 12 39 fa 0a ff ff
source=3: pgn=Magnetic Variation(127258): values=Source=("6") Ageofservice=(14610 d) Variation=(16.10 deg)

1  : pgn=59936  line=Rx 10296361 18 ea 20 01 00 ee 00 00 00 00 00 00
1  : pgn=129038 line=Rx 10296361 11 f8 0e 01 20 1b c1 da 4c dc 15 94
1  : pgn=129038 line=Rx 10296362 11 f8 0e 01 21 19 09 b7 4c 80 5f 1c
1  : pgn=129038 line=Rx 10296362 11 f8 0e 01 22 a9 0e b4 98 03 00 00
1  : pgn=129038 line=Rx 10296363 11 f8 0e 01 23 00 ab b4 00 00 ff fe
0  : pgn=127250 line=Rx 10296390 09 f1 12 00 ff 85 3c ff 7f ff 7f fd
source=0: pgn=Vessel Heading(127250): values=Heading=(88.77 deg) Deviation=(None) Variation=(None) Reference=("1")

0  : pgn=127245 line=Rx 10296391 09 f1 0d 00 00 f8 ff 7f 00 00 ff ff
source=0: pgn=Rudder(127245): values=Instance=(0) DirectionOrder=("0") AngleOrder=(None) Position=(0.00 deg)

1  : pgn=129793 line=Rx 10296393 1d fb 01 01 20 1a 04 a0 fc 37 00 9e
1  : pgn=129793 line=Rx 10296393 1d fb 01 01 21 6c d0 b6 d2 63 57 1c
1  : pgn=129793 line=Rx 10296394 1d fb 01 01 22 ff e0 8c 0c 2c 00 00
1  : pgn=129793 line=Rx 10296394 1d fb 01 01 23 00 06 40 ff 00 fc ff
0  : pgn=65359  line=Rx 10296398 1c ff 4f 00 3b 9f ff ff ff 85 3c ff
source=0: pgn=Seatalk: Pilot Heading(65359): values=ManufacturerCode=(1851) IndustryCode=(4) HeadingTrue=(None) HeadingMagnetic=(88.77 deg)

32 : pgn=128259 line=Rx 10296406 09 f5 03 20 e7 2b 01 ff ff ff ff ff
source=32: pgn=Speed(128259): values=SpeedWaterReferenced=(2.99 m/s) SpeedGroundReferenced=(None) SpeedWaterReferencedType=(None) SpeedDirection=(None)

4  : pgn=65384  line=Rx 10296408 1c ff 68 04 3b 9f 00 00 00 00 00 00
3  : pgn=129026 line=Tx 10296425 09 f8 02 03 ff fc a2 40 41 01 ff ff
source=3: pgn=COG & SOG, Rapid Update(129026): values=COGReference=("0") COG=(94.80 deg) SOG=(3.21 m/s)

3  : pgn=129025 line=Tx 10296425 09 f8 01 03 1d 77 6f 1c ff 68 fd b6
source=3: pgn=Position, Rapid Update(129025): values=Latitude=(47.7067037 deg) Longitude=(-122.49064969999999 deg)

0  : pgn=127250 line=Rx 10296491 09 f1 12 00 ff 69 3c ff 7f ff 7f fd
source=0: pgn=Vessel Heading(127250): values=Heading=(88.61 deg) Deviation=(None) Variation=(None) Reference=("1")

0  : pgn=127245 line=Rx 10296491 09 f1 0d 00 00 f8 ff 7f 00 00 ff ff
source=0: pgn=Rudder(127245): values=Instance=(0) DirectionOrder=("0") AngleOrder=(None) Position=(0.00 deg)

0  : pgn=65359  line=Rx 10296498 1c ff 4f 00 3b 9f ff ff ff 69 3c ff
source=0: pgn=Seatalk: Pilot Heading(65359): values=ManufacturerCode=(1851) IndustryCode=(4) HeadingTrue=(None) HeadingMagnetic=(88.61 deg)

32 : pgn=128259 line=Rx 10296505 09 f5 03 20 e8 29 01 ff ff ff ff ff
source=32: pgn=Speed(128259): values=SpeedWaterReferenced=(2.97 m/s) SpeedGroundReferenced=(None) SpeedWaterReferencedType=(None) SpeedDirection=(None)

3  : pgn=129029 line=Tx 10296525 0d f8 05 03 c0 2b 67 06 40 e0 aa 0c
3  : pgn=129029 line=Tx 10296525 0d f8 05 03 c1 2c 00 e2 6e 4a f1 e1
3  : pgn=129029 line=Tx 10296525 0d f8 05 03 c2 9e 06 00 36 3f e3 07
3  : pgn=129029 line=Tx 10296526 0d f8 05 03 c3 42 00 ef ff ff ff ff
3  : pgn=129029 line=Tx 10296526 0d f8 05 03 c4 ff ff ff 7f 23 fc 09
3  : pgn=129029 line=Tx 10296526 0d f8 05 03 c5 54 00 ff 7f ff ff ff
3  : pgn=129029 line=Tx 10296526 0d f8 05 03 c6 7f 00 ff ff ff ff ff
3  : pgn=129025 line=Tx 10296526 09 f8 01 03 1d 77 6f 1c ff 68 fd b6
source=3: pgn=Position, Rapid Update(129025): values=Latitude=(47.7067037 deg) Longitude=(-122.49064969999999 deg)

3  : pgn=129033 line=Tx 10296526 0d f8 09 03 06 40 e0 aa 0c 2c 5c fe
source=3: pgn=Time & Date(129033): values=Date=(16390 d) Time=(73902.768 s) LocalOffset=(-25200.0 s)

1  : pgn=129038 line=Rx 10296545 11 f8 0e 01 40 1b c1 62 83 dc 15 c8
1  : pgn=129038 line=Rx 10296545 11 f8 0e 01 41 e7 f9 b6 a4 4d 62 1c
1  : pgn=129038 line=Rx 10296546 11 f8 0e 01 42 ad 64 d2 05 00 00 00
1  : pgn=129038 line=Rx 10296546 11 f8 0e 01 43 00 7c ca 00 00 ff fe
0  : pgn=127250 line=Rx 10296591 09 f1 12 00 ff 60 3c ff 7f ff 7f fd
source=0: pgn=Vessel Heading(127250): values=Heading=(88.56 deg) Deviation=(None) Variation=(None) Reference=("1")

0  : pgn=127245 line=Rx 10296592 09 f1 0d 00 00 f8 ff 7f 00 00 ff ff
source=0: pgn=Rudder(127245): values=Instance=(0) DirectionOrder=("0") AngleOrder=(None) Position=(0.00 deg)

0  : pgn=65379  line=Rx 10296596 1c ff 63 00 3b 9f 00 00 00 00 01 ff
source=0: pgn=Seatalk: Pilot Mode(65379): values=ManufacturerCode=(1851) IndustryCode=(4) PilotMode=(0) SubMode=(0) PilotModeData=(0)

0  : pgn=65359  line=Rx 10296597 1c ff 4f 00 3b 9f ff ff ff 60 3c ff
source=0: pgn=Seatalk: Pilot Heading(65359): values=ManufacturerCode=(1851) IndustryCode=(4) HeadingTrue=(None) HeadingMagnetic=(88.56 deg)

0  : pgn=126975 line=Rx 10296605 1d ef ff 00 60 0d 3b 9f f0 81 84 46
32 : pgn=128259 line=Rx 10296605 09 f5 03 20 e9 26 01 ff ff ff ff ff
source=32: pgn=Speed(128259): values=SpeedWaterReferenced=(2.94 m/s) SpeedGroundReferenced=(None) SpeedWaterReferencedType=(None) SpeedDirection=(None)

0  : pgn=126975 line=Rx 10296607 1d ef ff 00 61 2c b1 00 00 00 02 05
3  : pgn=129026 line=Tx 10296626 09 f8 02 03 ff fc b3 40 42 01 ff ff
source=3: pgn=COG & SOG, Rapid Update(129026): values=COGReference=("0") COG=(94.90 deg) SOG=(3.22 m/s)

3  : pgn=129025 line=Tx 10296626 09 f8 01 03 10 77 6f 1c 4f 69 fd b6
source=3: pgn=Position, Rapid Update(129025): values=Latitude=(47.7067024 deg) Longitude=(-122.4906417 deg)

3  : pgn=126992 line=Tx 10296626 0d f0 10 03 ff ff 06 40 fc b6 0c 2c
source=3: pgn=System Time(126992): values=Source=(None) Date=(16390 d) Time=(73903.07800000001 s)

0  : pgn=127250 line=Rx 10296691 09 f1 12 00 ff 62 3c ff 7f ff 7f fd
source=0: pgn=Vessel Heading(127250): values=Heading=(88.57 deg) Deviation=(None) Variation=(None) Reference=("1")

0  : pgn=127245 line=Rx 10296691 09 f1 0d 00 00 f8 ff 7f 00 00 ff ff
source=0: pgn=Rudder(127245): values=Instance=(0) DirectionOrder=("0") AngleOrder=(None) Position=(0.00 deg)

0  : pgn=65359  line=Rx 10296698 1c ff 4f 00 3b 9f ff ff ff 62 3c ff
source=0: pgn=Seatalk: Pilot Heading(65359): values=ManufacturerCode=(1851) IndustryCode=(4) HeadingTrue=(None) HeadingMagnetic=(88.57 deg)

0  : pgn=126975 line=Rx 10296701 1d ef ff 00 80 09 3b 9f f0 81 ae 02
0  : pgn=126975 line=Rx 10296703 1d ef ff 00 81 00 08 00 ff ff ff ff
32 : pgn=128259 line=Rx 10296704 09 f5 03 20 ea 21 01 ff ff ff ff ff
source=32: pgn=Speed(128259): values=SpeedWaterReferenced=(2.89 m/s) SpeedGroundReferenced=(None) SpeedWaterReferencedType=(None) SpeedDirection=(None)

3  : pgn=129025 line=Tx 10296728 09 f8 01 03 10 77 6f 1c 4f 69 fd b6
source=3: pgn=Position, Rapid Update(129025): values=Latitude=(47.7067024 deg) Longitude=(-122.4906417 deg)

0  : pgn=127250 line=Rx 10296791 09 f1 12 00 ff 73 3c ff 7f ff 7f fd
source=0: pgn=Vessel Heading(127250): values=Heading=(88.67 deg) Deviation=(None) Variation=(None) Reference=("1")

0  : pgn=127245 line=Rx 10296791 09 f1 0d 00 00 f8 ff 7f 00 00 ff ff
source=0: pgn=Rudder(127245): values=Instance=(0) DirectionOrder=("0") AngleOrder=(None) Position=(0.00 deg)

0  : pgn=65359  line=Rx 10296797 1c ff 4f 00 3b 9f ff ff ff 73 3c ff
source=0: pgn=Seatalk: Pilot Heading(65359): values=ManufacturerCode=(1851) IndustryCode=(4) HeadingTrue=(None) HeadingMagnetic=(88.67 deg)

32 : pgn=128259 line=Rx 10296804 09 f5 03 20 eb 2b 01 ff ff ff ff ff
source=32: pgn=Speed(128259): values=SpeedWaterReferenced=(2.99 m/s) SpeedGroundReferenced=(None) SpeedWaterReferencedType=(None) SpeedDirection=(None)

3  : pgn=129026 line=Tx 10296829 09 f8 02 03 ff fc b3 40 42 01 ff ff
source=3: pgn=COG & SOG, Rapid Update(129026): values=COGReference=("0") COG=(94.90 deg) SOG=(3.22 m/s)

3  : pgn=129025 line=Tx 10296829 09 f8 01 03 10 77 6f 1c 4f 69 fd b6
source=3: pgn=Position, Rapid Update(129025): values=Latitude=(47.7067024 deg) Longitude=(-122.4906417 deg)

3  : pgn=129291 line=Tx 10296829 0d f9 0b 03 ff fc 7f 19 3f 00 ff ff
source=3: pgn=Set & Drift, Rapid Update(129291): values=SetReference=("0") Set=(37.40 deg) Drift=(0.63 m/s)

1  : pgn=129809 line=Rx 10296846 19 fb 11 01 00 19 18 c9 07 28 14 43
1  : pgn=129809 line=Rx 10296847 19 fb 11 01 01 4c 45 41 4e 20 4c 49
source=1: pgn=AIS Class B static data (msg 24 Part A)(129809): values=MessageID=(1) RepeatIndicator=("0") UserID=(1312900428) Name=(0) AISTransceiverinformation=("0") SequenceID=(0)

1  : pgn=129809 line=Rx 10296847 19 fb 11 01 02 56 49 4e 27 20 20 20
source=1: pgn=AIS Class B static data (msg 24 Part A)(129809): values=MessageID=(2) RepeatIndicator=("0") UserID=(659442006) Name=(0) AISTransceiverinformation=("0") SequenceID=(0)

1  : pgn=129809 line=Rx 10296848 19 fb 11 01 03 20 20 20 20 20 ff ff
source=1: pgn=AIS Class B static data (msg 24 Part A)(129809): values=MessageID=(3) RepeatIndicator=("0") UserID=(538976288) Name=(0) AISTransceiverinformation=("0") SequenceID=(0)

1  : pgn=130842 line=Rx 10296849 19 ff 1a 01 40 1d 41 9f 00 00 00 c9
1  : pgn=130842 line=Rx 10296849 19 ff 1a 01 41 07 28 14 43 4c 45 41
1  : pgn=130842 line=Rx 10296850 19 ff 1a 01 42 4e 20 4c 49 56 49 4e
1  : pgn=130842 line=Rx 10296850 19 ff 1a 01 43 27 20 20 20 20 20 20
1  : pgn=130842 line=Rx 10296851 19 ff 1a 01 44 20 20 ff ff ff ff ff
0  : pgn=127250 line=Rx 10296890 09 f1 12 00 ff 7e 3c ff 7f ff 7f fd
source=0: pgn=Vessel Heading(127250): values=Heading=(88.73 deg) Deviation=(None) Variation=(None) Reference=("1")

0  : pgn=127245 line=Rx 10296891 09 f1 0d 00 00 f8 ff 7f 00 00 ff ff
source=0: pgn=Rudder(127245): values=Instance=(0) DirectionOrder=("0") AngleOrder=(None) Position=(0.00 deg)

0  : pgn=65359  line=Rx 10296898 1c ff 4f 00 3b 9f ff ff ff 7e 3c ff
source=0: pgn=Seatalk: Pilot Heading(65359): values=ManufacturerCode=(1851) IndustryCode=(4) HeadingTrue=(None) HeadingMagnetic=(88.73 deg)

32 : pgn=128259 line=Rx 10296903 09 f5 03 20 ec 2d 01 ff ff ff ff ff
source=32: pgn=Speed(128259): values=SpeedWaterReferenced=(3.0100000000000002 m/s) SpeedGroundReferenced=(None) SpeedWaterReferencedType=(None) SpeedDirection=(None)

3  : pgn=129025 line=Tx 10296929 09 f8 01 03 05 77 6f 1c a0 69 fd b6
source=3: pgn=Position, Rapid Update(129025): values=Latitude=(47.7067013 deg) Longitude=(-122.4906336 deg)

0  : pgn=127250 line=Rx 10296990 09 f1 12 00 ff 82 3c ff 7f ff 7f fd
source=0: pgn=Vessel Heading(127250): values=Heading=(88.75 deg) Deviation=(None) Variation=(None) Reference=("1")

0  : pgn=127245 line=Rx 10296991 09 f1 0d 00 00 f8 ff 7f 00 00 ff ff
source=0: pgn=Rudder(127245): values=Instance=(0) DirectionOrder=("0") AngleOrder=(None) Position=(0.00 deg)

0  : pgn=65359  line=Rx 10296995 1c ff 4f 00 3b 9f ff ff ff 82 3c ff
source=0: pgn=Seatalk: Pilot Heading(65359): values=ManufacturerCode=(1851) IndustryCode=(4) HeadingTrue=(None) HeadingMagnetic=(88.75 deg)

1  : pgn=129041 line=Rx 10297000 11 f8 11 01 20 30 15 76 89 3a 3b ed
1  : pgn=129041 line=Rx 10297000 11 f8 11 01 21 61 e3 b6 67 78 ad 1c
1  : pgn=129041 line=Rx 10297001 11 f8 11 01 22 f4 00 00 00 00 00 00
1  : pgn=129041 line=Rx 10297001 11 f8 11 01 23 ff ff 52 ee ff e1 16
1  : pgn=129041 line=Rx 10297002 11 f8 11 01 24 01 50 53 20 54 53 4c
1  : pgn=129041 line=Rx 10297002 11 f8 11 01 25 20 53 42 20 20 20 20
1  : pgn=129041 line=Rx 10297003 11 f8 11 01 26 20 20 20 20 20 20 20
32 : pgn=128259 line=Rx 10297003 09 f5 03 20 ed 3a 01 ff ff ff ff ff
source=32: pgn=Speed(128259): values=SpeedWaterReferenced=(3.14 m/s) SpeedGroundReferenced=(None) SpeedWaterReferencedType=(None) SpeedDirection=(None)

3  : pgn=129026 line=Tx 10297029 09 f8 02 03 ff fc a2 40 43 01 ff ff
source=3: pgn=COG & SOG, Rapid Update(129026): values=COGReference=("0") COG=(94.80 deg) SOG=(3.23 m/s)

3  : pgn=130577 line=Tx 10297029 0d fe 11 03 e0 0e c0 68 a2 40 43 01
3  : pgn=130577 line=Tx 10297029 0d fe 11 03 e1 ff ff ff ff 7f 19 3f
3  : pgn=130577 line=Tx 10297029 0d fe 11 03 e2 00 ff ff ff ff ff ff
3  : pgn=129025 line=Tx 10297029 09 f8 01 03 05 77 6f 1c a0 69 fd b6
3  : pgn=130306 line=Tx 10297029 09 fd 02 03 ff 23 03 42 cf fa ff ff
source=3: pgn=Wind Data(130306): values=WindSpeed=(8.03 m/s) WindAngle=(304.00 deg) Reference=("2")

1  : pgn=129038 line=Rx 10297030 11 f8 0e 01 60 1b c1 8c 83 df 15 8d
1  : pgn=129038 line=Rx 10297031 11 f8 0e 01 61 5d 14 b7 bd 29 66 1c
1  : pgn=129038 line=Rx 10297033 11 f8 0e 01 62 a0 ea e3 05 00 00 00
1  : pgn=129038 line=Rx 10297034 11 f8 0e 01 63 00 ff ff ff 7f f0 fe
4  : pgn=126975 line=Rx 10297067 1d ef ff 04 00 07 3b 9f f0 81 90 00
4  : pgn=126975 line=Rx 10297068 1d ef ff 04 01 03 ff ff ff ff ff ff
0  : pgn=127250 line=Rx 10297092 09 f1 12 00 ff 66 3c ff 7f ff 7f fd
source=0: pgn=Vessel Heading(127250): values=Heading=(88.59 deg) Deviation=(None) Variation=(None) Reference=("1")

0  : pgn=127245 line=Rx 10297093 09 f1 0d 00 00 f8 ff 7f 00 00 ff ff
source=0: pgn=Rudder(127245): values=Instance=(0) DirectionOrder=("0") AngleOrder=(None) Position=(0.00 deg)

0  : pgn=65359  line=Rx 10297100 1c ff 4f 00 3b 9f ff ff ff 66 3c ff
source=0: pgn=Seatalk: Pilot Heading(65359): values=ManufacturerCode=(1851) IndustryCode=(4) HeadingTrue=(None) HeadingMagnetic=(88.59 deg)

0  : pgn=126975 line=Rx 10297101 1d ef ff 00 a0 08 3b 9f f0 81 9c 41
32 : pgn=128259 line=Rx 10297102 09 f5 03 20 ee 2d 01 ff ff ff ff ff
source=32: pgn=Speed(128259): values=SpeedWaterReferenced=(3.0100000000000002 m/s) SpeedGroundReferenced=(None) SpeedWaterReferencedType=(None) SpeedDirection=(None)

0  : pgn=126975 line=Rx 10297104 1d ef ff 00 a1 2c 00 ff ff ff ff ff
3  : pgn=129283 line=Tx 10297130 0d f9 03 03 ff 7f ff ff ff 7f ff ff
source=3: pgn=Cross Track Error(129283): values=XTEmode=(None) NavigationTerminated=("1") XTE=(None)

3  : pgn=129025 line=Tx 10297130 09 f8 01 03 ed 76 6f 1c 54 6a fd b6
source=3: pgn=Position, Rapid Update(129025): values=Latitude=(47.7066989 deg) Longitude=(-122.4906156 deg)

3  : pgn=128267 line=Tx 10297130 0d f5 0b 03 ff 7f 3c 00 00 00 00 ff
source=3: pgn=Water Depth(128267): values=Depth=(154.87 m) Offset=(0.0 m) Range=(None)

0  : pgn=127250 line=Rx 10297190 09 f1 12 00 ff 53 3c ff 7f ff 7f fd
source=0: pgn=Vessel Heading(127250): values=Heading=(88.48 deg) Deviation=(None) Variation=(None) Reference=("1")

0  : pgn=127245 line=Rx 10297191 09 f1 0d 00 00 f8 ff 7f 00 00 ff ff
source=0: pgn=Rudder(127245): values=Instance=(0) DirectionOrder=("0") AngleOrder=(None) Position=(0.00 deg)

0  : pgn=65359  line=Rx 10297195 1c ff 4f 00 3b 9f ff ff ff 53 3c ff
source=0: pgn=Seatalk: Pilot Heading(65359): values=ManufacturerCode=(1851) IndustryCode=(4) HeadingTrue=(None) HeadingMagnetic=(88.48 deg)

32 : pgn=128259 line=Rx 10297202 09 f5 03 20 ef 2c 01 ff ff ff ff ff
source=32: pgn=Speed(128259): values=SpeedWaterReferenced=(3.0 m/s) SpeedGroundReferenced=(None) SpeedWaterReferencedType=(None) SpeedDirection=(None)

3  : pgn=129026 line=Tx 10297231 09 f8 02 03 ff fc b3 40 45 01 ff ff
source=3: pgn=COG & SOG, Rapid Update(129026): values=COGReference=("0") COG=(94.90 deg) SOG=(3.25 m/s)

3  : pgn=129025 line=Tx 10297231 09 f8 01 03 ed 76 6f 1c 54 6a fd b6
source=3: pgn=Position, Rapid Update(129025): values=Latitude=(47.7066989 deg) Longitude=(-122.4906156 deg)

3  : pgn=129542 line=Tx 10297231 19 fa 06 03 e0 0f 68 86 01 00 00 00
3  : pgn=129542 line=Tx 10297231 19 fa 06 03 e1 00 00 00 00 00 00 00
3  : pgn=129542 line=Tx 10297231 19 fa 06 03 e2 00 00 ff ff ff ff ff
3  : pgn=65364  line=Tx 10297231 1c ff 54 03 3b 9f 23 03 88 cc ff ff
1  : pgn=129794 line=Rx 10297272 19 fb 02 01 c0 4b 05 ec 10 e8 15 ff
1  : pgn=129794 line=Rx 10297272 19 fb 02 01 c1 ff ff ff 57 44 47 33
1  : pgn=129794 line=Rx 10297273 19 fb 02 01 c2 38 34 32 ff 5c 59 20
1  : pgn=129794 line=Rx 10297273 19 fb 02 01 c3 41 4c 45 58 49 53 20
1  : pgn=129794 line=Rx 10297274 19 fb 02 01 c4 20 20 20 20 20 20 20
1  : pgn=129794 line=Rx 10297274 19 fb 02 01 c5 20 20 1e d2 00 3c 00
1  : pgn=129794 line=Rx 10297275 19 fb 02 01 c6 ff ff ff ff ff ff 00
1  : pgn=129794 line=Rx 10297275 19 fb 02 01 c7 03 c5 28 14 05 ff 45
1  : pgn=129794 line=Rx 10297276 19 fb 02 01 c8 41 54 54 4c 45 20 20
1  : pgn=129794 line=Rx 10297276 19 fb 02 01 c9 20 20 20 20 20 20 20
1  : pgn=129794 line=Rx 10297277 19 fb 02 01 ca 20 20 20 20 3d e1 ff
0  : pgn=127250 line=Rx 10297290 09 f1 12 00 ff 26 3c ff 7f ff 7f fd
source=0: pgn=Vessel Heading(127250): values=Heading=(88.22 deg) Deviation=(None) Variation=(None) Reference=("1")

0  : pgn=127245 line=Rx 10297291 09 f1 0d 00 00 f8 ff 7f 00 00 ff ff
source=0: pgn=Rudder(127245): values=Instance=(0) DirectionOrder=("0") AngleOrder=(None) Position=(0.00 deg)

0  : pgn=65359  line=Rx 10297298 1c ff 4f 00 3b 9f ff ff ff 26 3c ff
source=0: pgn=Seatalk: Pilot Heading(65359): values=ManufacturerCode=(1851) IndustryCode=(4) HeadingTrue=(None) HeadingMagnetic=(88.22 deg)

32 : pgn=128259 line=Rx 10297304 09 f5 03 20 f0 2d 01 ff ff ff ff ff
source=32: pgn=Speed(128259): values=SpeedWaterReferenced=(3.0100000000000002 m/s) SpeedGroundReferenced=(None) SpeedWaterReferencedType=(None) SpeedDirection=(None)

32 : pgn=130310 line=Rx 10297307 15 fd 06 20 af ff ff ff ff ff ff ff
source=32: pgn=Environmental Parameters (obsolete)(130310): values=WaterTemperature=(None) OutsideAmbientAirTemperature=(None) AtmosphericPressure=(None)

32 : pgn=128275 line=Rx 10297316 19 f5 13 20 20 0e ff ff ff ff ff ff
32 : pgn=128275 line=Rx 10297321 19 f5 13 20 21 8b ad 3c 00 8b ad 3c
32 : pgn=128275 line=Rx 10297326 19 f5 13 20 22 00 ff ff ff ff ff ff
3  : pgn=129540 line=Tx 10297331 19 fa 04 03 20 9f 8a ff 0d 03 97 1a
source=3: pgn=GNSS Sats in View(129540): values=RangeResidualMode=(None) SatsinView=(138) PRN=(None) Elevation=(4.47 deg) Azimuth=(39.00 deg) SNR=(0.0 dB) Rangeresiduals=(0) Status=("0")

3  : pgn=129540 line=Tx 10297331 19 fa 04 03 21 2e 26 00 00 00 00 00
source=3: pgn=GNSS Sats in View(129540): values=RangeResidualMode=("0") SatsinView=(38) PRN=(0) Elevation=(0.00 deg) Azimuth=(0.00 deg) SNR=(0.0 dB) Rangeresiduals=(0) Status=("0")

3  : pgn=129540 line=Tx 10297331 19 fa 04 03 22 00 f3 0f ff 1d 5c 3d
source=3: pgn=GNSS Sats in View(129540): values=RangeResidualMode=("0") SatsinView=(243) PRN=(15) Elevation=(44.00 deg) Azimuth=(90.00 deg) SNR=(0.0 dB) Rangeresiduals=(0) Status=("0")

3  : pgn=129540 line=Tx 10297331 19 fa 04 03 23 28 0a 00 00 00 00 f5
source=3: pgn=GNSS Sats in View(129540): values=RangeResidualMode=("0") SatsinView=(10) PRN=(0) Elevation=(0.00 deg) Azimuth=(359.36 deg) SNR=(0.0 dB) Rangeresiduals=(0) Status=("0")

3  : pgn=129540 line=Tx 10297331 19 fa 04 03 24 10 17 13 71 b9 ac 0d
source=3: pgn=GNSS Sats in View(129540): values=RangeResidualMode=("0") SatsinView=(23) PRN=(19) Elevation=(-103.49 deg) Azimuth=(20.05 deg) SNR=(0.0 dB) Rangeresiduals=(0) Status=("0")

3  : pgn=129540 line=Tx 10297331 19 fa 04 03 25 00 00 00 00 f5 12 c5
source=3: pgn=GNSS Sats in View(129540): values=RangeResidualMode=("0") SatsinView=(0) PRN=(0) Elevation=(-16.13 deg) Azimuth=(289.06 deg) SNR=(0.0 dB) Rangeresiduals=(0) Status=("0")

3  : pgn=129540 line=Tx 10297331 19 fa 04 03 26 31 f2 93 10 0e 00 00
source=3: pgn=GNSS Sats in View(129540): values=RangeResidualMode=("1") SatsinView=(242) PRN=(147) Elevation=(20.63 deg) Azimuth=(0.00 deg) SNR=(0.0 dB) Rangeresiduals=(0) Status=("0")

3  : pgn=129540 line=Tx 10297331 19 fa 04 03 27 00 00 f5 13 ba 02 1f
source=3: pgn=GNSS Sats in View(129540): values=RangeResidualMode=("0") SatsinView=(0) PRN=(245) Elevation=(-102.57 deg) Azimuth=(45.48 deg) SNR=(0.0 dB) Rangeresiduals=(0) Status=("0")

3  : pgn=129540 line=Tx 10297331 19 fa 04 03 28 d8 d8 0e 00 00 00 00
source=3: pgn=GNSS Sats in View(129540): values=RangeResidualMode=("0") SatsinView=(216) PRN=(14) Elevation=(0.00 deg) Azimuth=(0.00 deg) SNR=(0.0 dB) Rangeresiduals=(0) Status=("0")

3  : pgn=129540 line=Tx 10297331 19 fa 04 03 29 f5 15 e8 37 0b 20 48
source=3: pgn=GNSS Sats in View(129540): values=RangeResidualMode=("1") SatsinView=(21) PRN=(232) Elevation=(16.45 deg) Azimuth=(105.79 deg) SNR=(0.0 dB) Rangeresiduals=(0) Status=("0")

3  : pgn=129540 line=Tx 10297331 19 fa 04 03 2a 0d 00 00 00 00 f5 16
source=3: pgn=GNSS Sats in View(129540): values=RangeResidualMode=("1") SatsinView=(0) PRN=(0) Elevation=(0.00 deg) Azimuth=(33.67 deg) SNR=(0.0 dB) Rangeresiduals=(0) Status=("0")

3  : pgn=129540 line=Tx 10297332 19 fa 04 03 2b d1 15 cf 9c 80 0c 00
source=3: pgn=GNSS Sats in View(129540): values=RangeResidualMode=("1") SatsinView=(21) PRN=(207) Elevation=(-186.85 deg) Azimuth=(0.07 deg) SNR=(0.0 dB) Rangeresiduals=(0) Status=("0")

3  : pgn=129540 line=Tx 10297333 19 fa 04 03 2c 00 00 00 f5 1a ae 0f
source=3: pgn=GNSS Sats in View(129540): values=RangeResidualMode=("0") SatsinView=(0) PRN=(0) Elevation=(39.54 deg) Azimuth=(23.00 deg) SNR=(0.0 dB) Rangeresiduals=(0) Status=("0")

3  : pgn=129540 line=Tx 10297333 19 fa 04 03 2d 5d 1f 1c 0c 00 00 00
source=3: pgn=GNSS Sats in View(129540): values=RangeResidualMode=("1") SatsinView=(31) PRN=(28) Elevation=(0.07 deg) Azimuth=(0.00 deg) SNR=(0.0 dB) Rangeresiduals=(0) Status=("0")

3  : pgn=129540 line=Tx 10297335 19 fa 04 03 2e 00 f5 1b d1 15 ab d2
source=3: pgn=GNSS Sats in View(129540): values=RangeResidualMode=("0") SatsinView=(245) PRN=(27) Elevation=(32.00 deg) Azimuth=(309.00 deg) SNR=(0.0 dB) Rangeresiduals=(0) Status=("0")

3  : pgn=129540 line=Tx 10297336 19 fa 04 03 2f 80 0c 00 00 00 00 f5
source=3: pgn=GNSS Sats in View(129540): values=RangeResidualMode=("0") SatsinView=(12) PRN=(0) Elevation=(0.00 deg) Azimuth=(359.36 deg) SNR=(0.0 dB) Rangeresiduals=(0) Status=("0")

3  : pgn=129540 line=Tx 10297337 19 fa 04 03 30 1d 00 0f a1 67 b8 0b
source=3: pgn=GNSS Sats in View(129540): values=RangeResidualMode=("1") SatsinView=(0) PRN=(15) Elevation=(152.00 deg) Azimuth=(17.19 deg) SNR=(0.0 dB) Rangeresiduals=(0) Status=("0")

3  : pgn=129540 line=Tx 10297337 19 fa 04 03 31 00 00 00 00 f5 23 d1
source=3: pgn=GNSS Sats in View(129540): values=RangeResidualMode=("0") SatsinView=(0) PRN=(0) Elevation=(-16.13 deg) Azimuth=(306.76 deg) SNR=(0.0 dB) Rangeresiduals=(0) Status=("0")

3  : pgn=129540 line=Tx 10297338 19 fa 04 03 32 15 c3 8b 00 00 00 00
source=3: pgn=GNSS Sats in View(129540): values=RangeResidualMode=("1") SatsinView=(195) PRN=(139) Elevation=(0.00 deg) Azimuth=(0.00 deg) SNR=(0.0 dB) Rangeresiduals=(0) Status=("0")

3  : pgn=129540 line=Tx 10297339 19 fa 04 03 33 00 00 f3 30 2e 17 43
source=3: pgn=GNSS Sats in View(129540): values=RangeResidualMode=("0") SatsinView=(0) PRN=(243) Elevation=(67.75 deg) Azimuth=(98.41 deg) SNR=(0.0 dB) Rangeresiduals=(0) Status=("0")

3  : pgn=129540 line=Tx 10297339 19 fa 04 03 34 84 10 0e 00 00 00 00
source=3: pgn=GNSS Sats in View(129540): values=RangeResidualMode=("0") SatsinView=(16) PRN=(14) Elevation=(0.00 deg) Azimuth=(0.00 deg) SNR=(0.0 dB) Rangeresiduals=(0) Status=("0")

3  : pgn=129540 line=Tx 10297340 19 fa 04 03 35 f5 33 80 16 67 6c 10
source=3: pgn=GNSS Sats in View(129540): values=RangeResidualMode=("1") SatsinView=(51) PRN=(128) Elevation=(151.20 deg) Azimuth=(24.09 deg) SNR=(0.0 dB) Rangeresiduals=(0) Status=("0")

3  : pgn=129540 line=Tx 10297341 19 fa 04 03 36 0e 00 00 00 00 f5 ff
source=3: pgn=GNSS Sats in View(129540): values=RangeResidualMode=("0") SatsinView=(0) PRN=(0) Elevation=(0.00 deg) Azimuth=(375.43 deg) SNR=(0.0 dB) Rangeresiduals=(0) Status=("0")

3  : pgn=129025 line=Tx 10297342 09 f8 01 03 ed 76 6f 1c 54 6a fd b6
source=3: pgn=Position, Rapid Update(129025): values=Latitude=(47.7066989 deg) Longitude=(-122.4906156 deg)

3  : pgn=127258 line=Tx 10297342 19 f1 1a 03 ff f6 12 39 fa 0a ff ff
source=3: pgn=Magnetic Variation(127258): values=Source=("6") Ageofservice=(14610 d) Variation=(16.10 deg)

1  : pgn=59936  line=Rx 10297363 18 ea 20 01 00 ee 00 00 00 00 00 00
0  : pgn=127250 line=Rx 10297390 09 f1 12 00 ff 10 3c ff 7f ff 7f fd
source=0: pgn=Vessel Heading(127250): values=Heading=(88.10 deg) Deviation=(None) Variation=(None) Reference=("1")

0  : pgn=127245 line=Rx 10297391 09 f1 0d 00 00 f8 ff 7f 00 00 ff ff
source=0: pgn=Rudder(127245): values=Instance=(0) DirectionOrder=("0") AngleOrder=(None) Position=(0.00 deg)

0  : pgn=65359  line=Rx 10297396 1c ff 4f 00 3b 9f ff ff ff 10 3c ff
source=0: pgn=Seatalk: Pilot Heading(65359): values=ManufacturerCode=(1851) IndustryCode=(4) HeadingTrue=(None) HeadingMagnetic=(88.10 deg)

32 : pgn=128259 line=Rx 10297401 09 f5 03 20 f1 32 01 ff ff ff ff ff
4  : pgn=65384  line=Rx 10297408 1c ff 68 04 3b 9f 00 00 00 00 00 00
3  : pgn=129026 line=Tx 10297431 09 f8 02 03 ff fc c5 40 47 01 ff ff
source=3: pgn=COG & SOG, Rapid Update(129026): values=COGReference=("0") COG=(95.00 deg) SOG=(3.27 m/s)

3  : pgn=129025 line=Tx 10297431 09 f8 01 03 d9 76 6f 1c a1 6a fd b6
source=3: pgn=Position, Rapid Update(129025): values=Latitude=(47.7066969 deg) Longitude=(-122.4906079 deg)

0  : pgn=127250 line=Rx 10297491 09 f1 12 00 ff e3 3b ff 7f ff 7f fd
source=0: pgn=Vessel Heading(127250): values=Heading=(87.84 deg) Deviation=(None) Variation=(None) Reference=("1")

0  : pgn=127245 line=Rx 10297491 09 f1 0d 00 00 f8 ff 7f 00 00 ff ff
source=0: pgn=Rudder(127245): values=Instance=(0) DirectionOrder=("0") AngleOrder=(None) Position=(0.00 deg)

0  : pgn=65359  line=Rx 10297498 1c ff 4f 00 3b 9f ff ff ff e3 3b ff
source=0: pgn=Seatalk: Pilot Heading(65359): values=ManufacturerCode=(1851) IndustryCode=(4) HeadingTrue=(None) HeadingMagnetic=(87.84 deg)

32 : pgn=128259 line=Rx 10297501 09 f5 03 20 f2 37 01 ff ff ff ff ff
source=32: pgn=Speed(128259): values=SpeedWaterReferenced=(3.11 m/s) SpeedGroundReferenced=(None) SpeedWaterReferencedType=(None) SpeedDirection=(None)

3  : pgn=129029 line=Tx 10297532 0d f8 05 03 e0 2b 68 06 40 c2 d2 0c
3  : pgn=129029 line=Tx 10297532 0d f8 05 03 e1 2c 00 3a 51 75 e1 e1
3  : pgn=129029 line=Tx 10297532 0d f8 05 03 e2 9e 06 00 0a fd 35 69
3  : pgn=129029 line=Tx 10297532 0d f8 05 03 e3 42 00 ef ff ff ff ff
3  : pgn=129029 line=Tx 10297532 0d f8 05 03 e4 ff ff ff 7f 23 fc 09
3  : pgn=129029 line=Tx 10297532 0d f8 05 03 e5 54 00 ff 7f ff ff ff
3  : pgn=129029 line=Tx 10297532 0d f8 05 03 e6 7f 00 ff ff ff ff ff
3  : pgn=129025 line=Tx 10297532 09 f8 01 03 d9 76 6f 1c a1 6a fd b6
source=3: pgn=Position, Rapid Update(129025): values=Latitude=(47.7066969 deg) Longitude=(-122.4906079 deg)

3  : pgn=129033 line=Tx 10297532 0d f8 09 03 06 40 c2 d2 0c 2c 5c fe
source=3: pgn=Time & Date(129033): values=Date=(16390 d) Time=(73903.789 s) LocalOffset=(-25200.0 s)

0  : pgn=127250 line=Rx 10297590 09 f1 12 00 ff b7 3b ff 7f ff 7f fd
source=0: pgn=Vessel Heading(127250): values=Heading=(87.59 deg) Deviation=(None) Variation=(None) Reference=("1")

0  : pgn=127245 line=Rx 10297591 09 f1 0d 00 00 f8 ff 7f 00 00 ff ff
source=0: pgn=Rudder(127245): values=Instance=(0) DirectionOrder=("0") AngleOrder=(None) Position=(0.00 deg)

0  : pgn=65379  line=Rx 10297596 1c ff 63 00 3b 9f 00 00 00 00 01 ff
source=0: pgn=Seatalk: Pilot Mode(65379): values=ManufacturerCode=(1851) IndustryCode=(4) PilotMode=(0) SubMode=(0) PilotModeData=(0)

0  : pgn=65359  line=Rx 10297597 1c ff 4f 00 3b 9f ff ff ff b7 3b ff
source=0: pgn=Seatalk: Pilot Heading(65359): values=ManufacturerCode=(1851) IndustryCode=(4) HeadingTrue=(None) HeadingMagnetic=(87.59 deg)

0  : pgn=126975 line=Rx 10297600 1d ef ff 00 c0 0d 3b 9f f0 81 84 c6
32 : pgn=128259 line=Rx 10297600 09 f5 03 20 f3 2d 01 ff ff ff ff ff
source=32: pgn=Speed(128259): values=SpeedWaterReferenced=(3.0100000000000002 m/s) SpeedGroundReferenced=(None) SpeedWaterReferencedType=(None) SpeedDirection=(None)

0  : pgn=126975 line=Rx 10297602 1d ef ff 00 c1 2b af 00 00 00 02 05
3  : pgn=129026 line=Tx 10297633 09 f8 02 03 ff fc c5 40 47 01 ff ff
source=3: pgn=COG & SOG, Rapid Update(129026): values=COGReference=("0") COG=(95.00 deg) SOG=(3.27 m/s)

3  : pgn=129025 line=Tx 10297633 09 f8 01 03 d9 76 6f 1c a1 6a fd b6
source=3: pgn=Position, Rapid Update(129025): values=Latitude=(47.7066969 deg) Longitude=(-122.4906079 deg)

3  : pgn=126992 line=Tx 10297633 0d f0 10 03 ff ff 06 40 c2 d2 0c 2c
source=3: pgn=System Time(126992): values=Source=(None) Date=(16390 d) Time=(73903.789 s)

0  : pgn=127250 line=Rx 10297690 09 f1 12 00 ff 9e 3b ff 7f ff 7f fd
source=0: pgn=Vessel Heading(127250): values=Heading=(87.44 deg) Deviation=(None) Variation=(None) Reference=("1")

0  : pgn=127245 line=Rx 10297691 09 f1 0d 00 00 f8 ff 7f 00 00 ff ff
source=0: pgn=Rudder(127245): values=Instance=(0) DirectionOrder=("0") AngleOrder=(None) Position=(0.00 deg)

0  : pgn=65359  line=Rx 10297698 1c ff 4f 00 3b 9f ff ff ff 9e 3b ff
source=0: pgn=Seatalk: Pilot Heading(65359): values=ManufacturerCode=(1851) IndustryCode=(4) HeadingTrue=(None) HeadingMagnetic=(87.44 deg)

32 : pgn=128259 line=Rx 10297700 09 f5 03 20 f4 3b 01 ff ff ff ff ff
source=32: pgn=Speed(128259): values=SpeedWaterReferenced=(3.15 m/s) SpeedGroundReferenced=(None) SpeedWaterReferencedType=(None) SpeedDirection=(None)

0  : pgn=126975 line=Rx 10297703 1d ef ff 00 e0 09 3b 9f f0 81 ae 02
0  : pgn=126975 line=Rx 10297705 1d ef ff 00 e1 00 08 00 ff ff ff ff
1  : pgn=129038 line=Rx 10297731 11 f8 0e 01 80 1b c1 2c 37 e1 15 49
1  : pgn=129038 line=Rx 10297731 11 f8 0e 01 81 65 0c b7 41 28 69 1c
1  : pgn=129038 line=Rx 10297732 11 f8 0e 01 82 a0 00 00 00 00 00 00
1  : pgn=129038 line=Rx 10297732 11 f8 0e 01 83 00 ff ff ff 7f f0 fe
3  : pgn=129025 line=Tx 10297733 09 f8 01 03 c2 76 6f 1c dc 6a fd b6
source=3: pgn=Position, Rapid Update(129025): values=Latitude=(47.7066946 deg) Longitude=(-122.490602 deg)

1  : pgn=129039 line=Rx 10297755 11 f8 0f 01 c0 1a 12 9c da e6 15 23
1  : pgn=129039 line=Rx 10297755 11 f8 0f 01 c1 e5 0d b7 3f c7 68 1c
1  : pgn=129039 line=Rx 10297756 11 f8 0f 01 c2 a8 bf 27 00 00 03 00
1  : pgn=129039 line=Rx 10297756 11 f8 0f 01 c3 00 ff ff 00 fc ff ff
0  : pgn=127250 line=Rx 10297791 09 f1 12 00 ff 7f 3b ff 7f ff 7f fd
source=0: pgn=Vessel Heading(127250): values=Heading=(87.27 deg) Deviation=(None) Variation=(None) Reference=("1")

0  : pgn=127245 line=Rx 10297791 09 f1 0d 00 00 f8 ff 7f 00 00 ff ff
source=0: pgn=Rudder(127245): values=Instance=(0) DirectionOrder=("0") AngleOrder=(None) Position=(0.00 deg)

0  : pgn=65359  line=Rx 10297798 1c ff 4f 00 3b 9f ff ff ff 7f 3b ff
source=0: pgn=Seatalk: Pilot Heading(65359): values=ManufacturerCode=(1851) IndustryCode=(4) HeadingTrue=(None) HeadingMagnetic=(87.27 deg)

32 : pgn=128259 line=Rx 10297799 09 f5 03 20 f5 29 01 ff ff ff ff ff
source=32: pgn=Speed(128259): values=SpeedWaterReferenced=(2.97 m/s) SpeedGroundReferenced=(None) SpeedWaterReferencedType=(None) SpeedDirection=(None)

1  : pgn=129038 line=Rx 10297817 11 f8 0e 01 a0 1b c1 44 d6 e0 15 e7
1  : pgn=129038 line=Rx 10297817 11 f8 0e 01 a1 e9 0c b7 a8 54 69 1c
1  : pgn=129038 line=Rx 10297818 11 f8 0e 01 a2 ae e7 31 00 00 00 00
1  : pgn=129038 line=Rx 10297818 11 f8 0e 01 a3 00 ff ff ff 7f f0 fe
3  : pgn=129026 line=Tx 10297833 09 f8 02 03 ff fc b3 40 49 01 ff ff
source=3: pgn=COG & SOG, Rapid Update(129026): values=COGReference=("0") COG=(94.90 deg) SOG=(3.29 m/s)

3  : pgn=129025 line=Tx 10297833 09 f8 01 03 c2 76 6f 1c dc 6a fd b6
source=3: pgn=Position, Rapid Update(129025): values=Latitude=(47.7066946 deg) Longitude=(-122.490602 deg)

3  : pgn=129291 line=Tx 10297833 0d f9 0b 03 ff fc 1b 0d 37 00 ff ff
source=3: pgn=Set & Drift, Rapid Update(129291): values=SetReference=("0") Set=(19.22 deg) Drift=(0.55 m/s)

0  : pgn=127250 line=Rx 10297890 09 f1 12 00 ff 6f 3b ff 7f ff 7f fd
source=0: pgn=Vessel Heading(127250): values=Heading=(87.18 deg) Deviation=(None) Variation=(None) Reference=("1")

0  : pgn=127245 line=Rx 10297891 09 f1 0d 00 00 f8 ff 7f 00 00 ff ff
source=0: pgn=Rudder(127245): values=Instance=(0) DirectionOrder=("0") AngleOrder=(None) Position=(0.00 deg)

0  : pgn=65359  line=Rx 10297897 1c ff 4f 00 3b 9f ff ff ff 6f 3b ff
source=0: pgn=Seatalk: Pilot Heading(65359): values=ManufacturerCode=(1851) IndustryCode=(4) HeadingTrue=(None) HeadingMagnetic=(87.18 deg)

32 : pgn=128259 line=Rx 10297898 09 f5 03 20 f6 2b 01 ff ff ff ff ff
source=32: pgn=Speed(128259): values=SpeedWaterReferenced=(2.99 m/s) SpeedGroundReferenced=(None) SpeedWaterReferencedType=(None) SpeedDirection=(None)

3  : pgn=129025 line=Tx 10297933 09 f8 01 03 a3 76 6f 1c 70 6b fd b6
source=3: pgn=Position, Rapid Update(129025): values=Latitude=(47.7066915 deg) Longitude=(-122.4905872 deg)

0  : pgn=127250 line=Rx 10297990 09 f1 12 00 ff 53 3b ff 7f ff 7f fd
source=0: pgn=Vessel Heading(127250): values=Heading=(87.02 deg) Deviation=(None) Variation=(None) Reference=("1")

0  : pgn=127245 line=Rx 10297991 09 f1 0d 00 00 f8 ff 7f 00 00 ff ff
source=0: pgn=Rudder(127245): values=Instance=(0) DirectionOrder=("0") AngleOrder=(None) Position=(0.00 deg)

0  : pgn=65359  line=Rx 10297995 1c ff 4f 00 3b 9f ff ff ff 53 3b ff
source=0: pgn=Seatalk: Pilot Heading(65359): values=ManufacturerCode=(1851) IndustryCode=(4) HeadingTrue=(None) HeadingMagnetic=(87.02 deg)

32 : pgn=128259 line=Rx 10297998 09 f5 03 20 f7 19 01 ff ff ff ff ff
source=32: pgn=Speed(128259): values=SpeedWaterReferenced=(2.81 m/s) SpeedGroundReferenced=(None) SpeedWaterReferencedType=(None) SpeedDirection=(None)

3  : pgn=129026 line=Tx 10298034 09 f8 02 03 ff fc a2 40 4a 01 ff ff
source=3: pgn=COG & SOG, Rapid Update(129026): values=COGReference=("0") COG=(94.80 deg) SOG=(3.3000000000000003 m/s)

3  : pgn=130577 line=Tx 10298034 0d fe 11 03 00 0e c0 69 a2 40 4a 01
source=3: pgn=Direction Data(130577): values=DataMode=("0") COGReference=("0") COG=(155.11 deg) SOG=(165.46 m/s) Heading=(1.89 deg) SpeedthroughWater=(0.0 m/s) Set=(0.00 deg) Drift=(0.0 m/s)

3  : pgn=130577 line=Tx 10298034 0d fe 11 03 01 ff ff ff ff 1b 0d 37
source=3: pgn=Direction Data(130577): values=DataMode=("1") COGReference=("0") COG=(None) SOG=(71.67 m/s) Heading=(80.75 deg) SpeedthroughWater=(0.0 m/s) Set=(0.00 deg) Drift=(0.0 m/s)

3  : pgn=130577 line=Tx 10298034 0d fe 11 03 02 00 ff ff ff ff ff ff
source=3: pgn=Direction Data(130577): values=DataMode=("2") COGReference=("0") COG=(None) SOG=(None) Heading=(None) SpeedthroughWater=(0.0 m/s) Set=(0.00 deg) Drift=(0.0 m/s)

3  : pgn=129025 line=Tx 10298034 09 f8 01 03 a3 76 6f 1c 70 6b fd b6
source=3: pgn=Position, Rapid Update(129025): values=Latitude=(47.7066915 deg) Longitude=(-122.4905872 deg)

3  : pgn=130306 line=Tx 10298034 09 fd 02 03 ff 23 03 88 cc fa ff ff
source=3: pgn=Wind Data(130306): values=WindSpeed=(8.03 m/s) WindAngle=(300.00 deg) Reference=("2")

0  : pgn=127250 line=Rx 10298090 09 f1 12 00 ff 34 3b ff 7f ff 7f fd
source=0: pgn=Vessel Heading(127250): values=Heading=(86.84 deg) Deviation=(None) Variation=(None) Reference=("1")

0  : pgn=127245 line=Rx 10298091 09 f1 0d 00 00 f8 ff 7f 00 00 ff ff
source=0: pgn=Rudder(127245): values=Instance=(0) DirectionOrder=("0") AngleOrder=(None) Position=(0.00 deg)

0  : pgn=65359  line=Rx 10298097 1c ff 4f 00 3b 9f ff ff ff 34 3b ff
source=0: pgn=Seatalk: Pilot Heading(65359): values=ManufacturerCode=(1851) IndustryCode=(4) HeadingTrue=(None) HeadingMagnetic=(86.84 deg)

32 : pgn=128259 line=Rx 10298098 09 f5 03 20 f8 18 01 ff ff ff ff ff
source=32: pgn=Speed(128259): values=SpeedWaterReferenced=(2.8000000000000003 m/s) SpeedGroundReferenced=(None) SpeedWaterReferencedType=(None) SpeedDirection=(None)

0  : pgn=126975 line=Rx 10298102 1d ef ff 00 00 08 3b 9f f0 81 9c 81
0  : pgn=126975 line=Rx 10298104 1d ef ff 00 01 2b 00 ff ff ff ff ff
3  : pgn=129283 line=Tx 10298141 0d f9 03 03 ff 7f ff ff ff 7f ff ff
source=3: pgn=Cross Track Error(129283): values=XTEmode=(None) NavigationTerminated=("1") XTE=(None)

3  : pgn=129025 line=Tx 10298141 09 f8 01 03 a3 76 6f 1c 70 6b fd b6
source=3: pgn=Position, Rapid Update(129025): values=Latitude=(47.7066915 deg) Longitude=(-122.4905872 deg)

3  : pgn=128267 line=Tx 10298141 0d f5 0b 03 ff 8b 3c 00 00 00 00 ff
source=3: pgn=Water Depth(128267): values=Depth=(154.99 m) Offset=(0.0 m) Range=(None)

1  : pgn=129038 line=Rx 10298180 11 f8 0e 01 c0 1b c1 8c a9 e6 15 f0
1  : pgn=129038 line=Rx 10298180 11 f8 0e 01 c1 b9 14 b7 19 ba 56 1c
1  : pgn=129038 line=Rx 10298181 11 f8 0e 01 c2 ac a2 0d 00 00 00 00
1  : pgn=129038 line=Rx 10298181 11 f8 0e 01 c3 00 ff ff ff 7f f0 fe
0  : pgn=127250 line=Rx 10298190 09 f1 12 00 ff 25 3b ff 7f ff 7f fd
source=0: pgn=Vessel Heading(127250): values=Heading=(86.75 deg) Deviation=(None) Variation=(None) Reference=("1")

0  : pgn=127245 line=Rx 10298191 09 f1 0d 00 00 f8 ff 7f 00 00 ff ff
source=0: pgn=Rudder(127245): values=Instance=(0) DirectionOrder=("0") AngleOrder=(None) Position=(0.00 deg)

0  : pgn=65359  line=Rx 10298195 1c ff 4f 00 3b 9f ff ff ff 25 3b ff
source=0: pgn=Seatalk: Pilot Heading(65359): values=ManufacturerCode=(1851) IndustryCode=(4) HeadingTrue=(None) HeadingMagnetic=(86.75 deg)

32 : pgn=128259 line=Rx 10298197 09 f5 03 20 f9 18 01 ff ff ff ff ff
source=32: pgn=Speed(128259): values=SpeedWaterReferenced=(2.8000000000000003 m/s) SpeedGroundReferenced=(None) SpeedWaterReferencedType=(None) SpeedDirection=(None)

1  : pgn=129038 line=Rx 10298210 11 f8 0e 01 e0 1b c1 78 cf e8 15 cb
1  : pgn=129038 line=Rx 10298211 11 f8 0e 01 e1 74 13 b7 d1 74 5a 1c
1  : pgn=129038 line=Rx 10298211 11 f8 0e 01 e2 b0 98 de 00 00 00 00
1  : pgn=129038 line=Rx 10298212 11 f8 0e 01 e3 00 4f 77 00 00 f0 fe
3  : pgn=129026 line=Tx 10298241 09 f8 02 03 ff fc a2 40 4b 01 ff ff
source=3: pgn=COG & SOG, Rapid Update(129026): values=COGReference=("0") COG=(94.80 deg) SOG=(3.31 m/s)

3  : pgn=129025 line=Tx 10298241 09 f8 01 03 99 76 6f 1c bf 6b fd b6
source=3: pgn=Position, Rapid Update(129025): values=Latitude=(47.7066905 deg) Longitude=(-122.4905793 deg)

3  : pgn=129542 line=Tx 10298241 19 fa 06 03 00 0f 69 a1 01 00 00 00
source=3: pgn=GNSS Pseudorange Noise Statistics(129542): values=RMSofPositionUncertainty=(26895) STDofMajoraxis=(161) STDofMinoraxis=(1) OrientationofMajoraxis=(0) STDofLatError=(0) STDofLonError=(0) STDofAltError=(0)

3  : pgn=129542 line=Tx 10298241 19 fa 06 03 01 00 00 00 00 00 00 00
source=3: pgn=GNSS Pseudorange Noise Statistics(129542): values=RMSofPositionUncertainty=(0) STDofMajoraxis=(0) STDofMinoraxis=(0) OrientationofMajoraxis=(0) STDofLatError=(0) STDofLonError=(0) STDofAltError=(0)

3  : pgn=129542 line=Tx 10298241 19 fa 06 03 02 00 00 ff ff ff ff ff
source=3: pgn=GNSS Pseudorange Noise Statistics(129542): values=RMSofPositionUncertainty=(0) STDofMajoraxis=(None) STDofMinoraxis=(None) OrientationofMajoraxis=(None) STDofLatError=(None) STDofLonError=(None) STDofAltError=(0)

3  : pgn=65364  line=Tx 10298241 1c ff 54 03 3b 9f 23 03 88 cc ff ff
1  : pgn=129038 line=Rx 10298245 11 f8 0e 01 00 1b c1 7c ac df 15 e9
source=1: pgn=AIS Class A Position Report(129038): values=MessageID=(0) RepeatIndicator=("0") UserID=(2893857051) Longitude=(0.0 deg) Latitude=(0.0 deg) PositionAccuracy=("0") RAIM=("0") TimeStamp=("0") COG=(0.00 deg) SOG=(0.0 m/s) CommunicationState=(0) AISTransceiverinformation=("0") Heading=(0.00 deg) RateofTurn=(0.00 deg/s) NavStatus=("0") SpecialManeuverIndicator=("0") Spare=(0) SequenceID=(0)

1  : pgn=129038 line=Rx 10298246 11 f8 0e 01 01 7e 0b b7 c2 ff 7a 1c
source=1: pgn=AIS Class A Position Report(129038): values=MessageID=(1) RepeatIndicator=("0") UserID=(3266775934) Longitude=(0.0 deg) Latitude=(0.0 deg) PositionAccuracy=("0") RAIM=("0") TimeStamp=("0") COG=(0.00 deg) SOG=(0.0 m/s) CommunicationState=(0) AISTransceiverinformation=("0") Heading=(0.00 deg) RateofTurn=(0.00 deg/s) NavStatus=("0") SpecialManeuverIndicator=("0") Spare=(0) SequenceID=(0)

1  : pgn=129038 line=Rx 10298246 11 f8 0e 01 02 b0 c3 97 05 00 00 00
source=1: pgn=AIS Class A Position Report(129038): values=MessageID=(2) RepeatIndicator=("0") UserID=(93832112) Longitude=(0.0 deg) Latitude=(0.0 deg) PositionAccuracy=("0") RAIM=("0") TimeStamp=("0") COG=(0.00 deg) SOG=(0.0 m/s) CommunicationState=(0) AISTransceiverinformation=("0") Heading=(0.00 deg) RateofTurn=(0.00 deg/s) NavStatus=("0") SpecialManeuverIndicator=("0") Spare=(0) SequenceID=(0)

1  : pgn=129038 line=Rx 10298247 11 f8 0e 01 03 00 ff ff ff 7f f0 fe
source=1: pgn=AIS Class A Position Report(129038): values=MessageID=(3) RepeatIndicator=("0") UserID=(4294967040) Longitude=(0.0 deg) Latitude=(0.0 deg) PositionAccuracy=("0") RAIM=("0") TimeStamp=("0") COG=(0.00 deg) SOG=(0.0 m/s) CommunicationState=(0) AISTransceiverinformation=("0") Heading=(0.00 deg) RateofTurn=(0.00 deg/s) NavStatus=("0") SpecialManeuverIndicator=("0") Spare=(0) SequenceID=(0)

1  : pgn=129038 line=Rx 10298273 11 f8 0e 01 20 1b c1 d2 d5 e2 15 ff
1  : pgn=129038 line=Rx 10298274 11 f8 0e 01 21 ff ff 7f ff ff ff 7f
1  : pgn=129038 line=Rx 10298275 11 f8 0e 01 22 fc ff ff ff ff 00 00
1  : pgn=129038 line=Rx 10298275 11 f8 0e 01 23 00 ff ff ff 7f f0 fe
0  : pgn=127250 line=Rx 10298290 09 f1 12 00 ff 06 3b ff 7f ff 7f fd
source=0: pgn=Vessel Heading(127250): values=Heading=(86.57 deg) Deviation=(None) Variation=(None) Reference=("1")

0  : pgn=127245 line=Rx 10298291 09 f1 0d 00 00 f8 ff 7f 00 00 ff ff
source=0: pgn=Rudder(127245): values=Instance=(0) DirectionOrder=("0") AngleOrder=(None) Position=(0.00 deg)

0  : pgn=65359  line=Rx 10298298 1c ff 4f 00 3b 9f ff ff ff 06 3b ff
source=0: pgn=Seatalk: Pilot Heading(65359): values=ManufacturerCode=(1851) IndustryCode=(4) HeadingTrue=(None) HeadingMagnetic=(86.57 deg)

32 : pgn=128259 line=Rx 10298299 09 f5 03 20 fa 1a 01 ff ff ff ff ff
source=32: pgn=Speed(128259): values=SpeedWaterReferenced=(2.82 m/s) SpeedGroundReferenced=(None) SpeedWaterReferencedType=(None) SpeedDirection=(None)

32 : pgn=130310 line=Rx 10298302 15 fd 06 20 b0 ff ff ff ff ff ff ff
source=32: pgn=Environmental Parameters (obsolete)(130310): values=WaterTemperature=(None) OutsideAmbientAirTemperature=(None) AtmosphericPressure=(None)

32 : pgn=128275 line=Rx 10298312 19 f5 13 20 40 0e ff ff ff ff ff ff
32 : pgn=128275 line=Rx 10298317 19 f5 13 20 41 8b ad 3c 00 8b ad 3c
32 : pgn=128275 line=Rx 10298322 19 f5 13 20 42 00 ff ff ff ff ff ff
1  : pgn=59936  line=Rx 10298335 18 ea 20 01 00 ee 00 00 00 00 00 00
3  : pgn=129540 line=Tx 10298341 19 fa 04 03 40 9f 8b ff 0d 03 97 1a
source=3: pgn=GNSS Sats in View(129540): values=RangeResidualMode=(None) SatsinView=(139) PRN=(None) Elevation=(4.47 deg) Azimuth=(39.00 deg) SNR=(0.0 dB) Rangeresiduals=(0) Status=("0")

3  : pgn=129540 line=Tx 10298342 19 fa 04 03 41 2e 26 00 00 00 00 00
source=3: pgn=GNSS Sats in View(129540): values=RangeResidualMode=("0") SatsinView=(38) PRN=(0) Elevation=(0.00 deg) Azimuth=(0.00 deg) SNR=(0.0 dB) Rangeresiduals=(0) Status=("0")

3  : pgn=129540 line=Tx 10298342 19 fa 04 03 42 00 f3 0f ff 1d 5c 3d
source=3: pgn=GNSS Sats in View(129540): values=RangeResidualMode=("0") SatsinView=(243) PRN=(15) Elevation=(44.00 deg) Azimuth=(90.00 deg) SNR=(0.0 dB) Rangeresiduals=(0) Status=("0")

3  : pgn=129540 line=Tx 10298342 19 fa 04 03 43 28 0a 00 00 00 00 f5
source=3: pgn=GNSS Sats in View(129540): values=RangeResidualMode=("0") SatsinView=(10) PRN=(0) Elevation=(0.00 deg) Azimuth=(359.36 deg) SNR=(0.0 dB) Rangeresiduals=(0) Status=("0")

3  : pgn=129540 line=Tx 10298342 19 fa 04 03 44 10 17 13 71 b9 ac 0d
source=3: pgn=GNSS Sats in View(129540): values=RangeResidualMode=("0") SatsinView=(23) PRN=(19) Elevation=(-103.49 deg) Azimuth=(20.05 deg) SNR=(0.0 dB) Rangeresiduals=(0) Status=("0")

3  : pgn=129540 line=Tx 10298342 19 fa 04 03 45 00 00 00 00 f5 12 c5
source=3: pgn=GNSS Sats in View(129540): values=RangeResidualMode=("0") SatsinView=(0) PRN=(0) Elevation=(-16.13 deg) Azimuth=(289.06 deg) SNR=(0.0 dB) Rangeresiduals=(0) Status=("0")

3  : pgn=129540 line=Tx 10298342 19 fa 04 03 46 31 f2 93 10 0e 00 00
source=3: pgn=GNSS Sats in View(129540): values=RangeResidualMode=("1") SatsinView=(242) PRN=(147) Elevation=(20.63 deg) Azimuth=(0.00 deg) SNR=(0.0 dB) Rangeresiduals=(0) Status=("0")

3  : pgn=129540 line=Tx 10298342 19 fa 04 03 47 00 00 f5 13 ba 02 1f
source=3: pgn=GNSS Sats in View(129540): values=RangeResidualMode=("0") SatsinView=(0) PRN=(245) Elevation=(-102.57 deg) Azimuth=(45.48 deg) SNR=(0.0 dB) Rangeresiduals=(0) Status=("0")

3  : pgn=129540 line=Tx 10298342 19 fa 04 03 48 d8 d8 0e 00 00 00 00
source=3: pgn=GNSS Sats in View(129540): values=RangeResidualMode=("0") SatsinView=(216) PRN=(14) Elevation=(0.00 deg) Azimuth=(0.00 deg) SNR=(0.0 dB) Rangeresiduals=(0) Status=("0")

3  : pgn=129540 line=Tx 10298342 19 fa 04 03 49 f5 15 e8 37 0b 20 48
source=3: pgn=GNSS Sats in View(129540): values=RangeResidualMode=("1") SatsinView=(21) PRN=(232) Elevation=(16.45 deg) Azimuth=(105.79 deg) SNR=(0.0 dB) Rangeresiduals=(0) Status=("0")

3  : pgn=129540 line=Tx 10298342 19 fa 04 03 4a 0d 00 00 00 00 f5 16
source=3: pgn=GNSS Sats in View(129540): values=RangeResidualMode=("1") SatsinView=(0) PRN=(0) Elevation=(0.00 deg) Azimuth=(33.67 deg) SNR=(0.0 dB) Rangeresiduals=(0) Status=("0")

3  : pgn=129540 line=Tx 10298343 19 fa 04 03 4b d1 15 cf 9c 80 0c 00
source=3: pgn=GNSS Sats in View(129540): values=RangeResidualMode=("1") SatsinView=(21) PRN=(207) Elevation=(-186.85 deg) Azimuth=(0.07 deg) SNR=(0.0 dB) Rangeresiduals=(0) Status=("0")

3  : pgn=129540 line=Tx 10298344 19 fa 04 03 4c 00 00 00 f5 1a ae 0f
source=3: pgn=GNSS Sats in View(129540): values=RangeResidualMode=("0") SatsinView=(0) PRN=(0) Elevation=(39.54 deg) Azimuth=(23.00 deg) SNR=(0.0 dB) Rangeresiduals=(0) Status=("0")

3  : pgn=129540 line=Tx 10298344 19 fa 04 03 4d 5d 1f 1c 0c 00 00 00
source=3: pgn=GNSS Sats in View(129540): values=RangeResidualMode=("1") SatsinView=(31) PRN=(28) Elevation=(0.07 deg) Azimuth=(0.00 deg) SNR=(0.0 dB) Rangeresiduals=(0) Status=("0")

3  : pgn=129540 line=Tx 10298345 19 fa 04 03 4e 00 f5 1b d1 15 ab d2
source=3: pgn=GNSS Sats in View(129540): values=RangeResidualMode=("0") SatsinView=(245) PRN=(27) Elevation=(32.00 deg) Azimuth=(309.00 deg) SNR=(0.0 dB) Rangeresiduals=(0) Status=("0")

3  : pgn=129540 line=Tx 10298346 19 fa 04 03 4f 80 0c 00 00 00 00 f5
source=3: pgn=GNSS Sats in View(129540): values=RangeResidualMode=("0") SatsinView=(12) PRN=(0) Elevation=(0.00 deg) Azimuth=(359.36 deg) SNR=(0.0 dB) Rangeresiduals=(0) Status=("0")

3  : pgn=129540 line=Tx 10298347 19 fa 04 03 50 1d 00 0f a1 67 b8 0b
source=3: pgn=GNSS Sats in View(129540): values=RangeResidualMode=("1") SatsinView=(0) PRN=(15) Elevation=(152.00 deg) Azimuth=(17.19 deg) SNR=(0.0 dB) Rangeresiduals=(0) Status=("0")

3  : pgn=129540 line=Tx 10298348 19 fa 04 03 51 00 00 00 00 f5 23 d1
source=3: pgn=GNSS Sats in View(129540): values=RangeResidualMode=("0") SatsinView=(0) PRN=(0) Elevation=(-16.13 deg) Azimuth=(306.76 deg) SNR=(0.0 dB) Rangeresiduals=(0) Status=("0")

3  : pgn=129540 line=Tx 10298349 19 fa 04 03 52 15 c3 8b 00 00 00 00
source=3: pgn=GNSS Sats in View(129540): values=RangeResidualMode=("1") SatsinView=(195) PRN=(139) Elevation=(0.00 deg) Azimuth=(0.00 deg) SNR=(0.0 dB) Rangeresiduals=(0) Status=("0")

3  : pgn=129540 line=Tx 10298349 19 fa 04 03 53 00 00 f3 30 2e 17 43
source=3: pgn=GNSS Sats in View(129540): values=RangeResidualMode=("0") SatsinView=(0) PRN=(243) Elevation=(67.75 deg) Azimuth=(98.41 deg) SNR=(0.0 dB) Rangeresiduals=(0) Status=("0")

3  : pgn=129540 line=Tx 10298350 19 fa 04 03 54 84 10 0e 00 00 00 00
source=3: pgn=GNSS Sats in View(129540): values=RangeResidualMode=("0") SatsinView=(16) PRN=(14) Elevation=(0.00 deg) Azimuth=(0.00 deg) SNR=(0.0 dB) Rangeresiduals=(0) Status=("0")

3  : pgn=129540 line=Tx 10298351 19 fa 04 03 55 f5 33 80 16 67 6c 10
source=3: pgn=GNSS Sats in View(129540): values=RangeResidualMode=("1") SatsinView=(51) PRN=(128) Elevation=(151.20 deg) Azimuth=(24.09 deg) SNR=(0.0 dB) Rangeresiduals=(0) Status=("0")

3  : pgn=129540 line=Tx 10298351 19 fa 04 03 56 0e 00 00 00 00 f5 ff
source=3: pgn=GNSS Sats in View(129540): values=RangeResidualMode=("0") SatsinView=(0) PRN=(0) Elevation=(0.00 deg) Azimuth=(375.43 deg) SNR=(0.0 dB) Rangeresiduals=(0) Status=("0")

3  : pgn=129025 line=Tx 10298353 09 f8 01 03 99 76 6f 1c bf 6b fd b6
source=3: pgn=Position, Rapid Update(129025): values=Latitude=(47.7066905 deg) Longitude=(-122.4905793 deg)

3  : pgn=127258 line=Tx 10298354 19 f1 1a 03 ff f6 12 39 fa 0a ff ff
source=3: pgn=Magnetic Variation(127258): values=Source=("6") Ageofservice=(14610 d) Variation=(16.10 deg)

0  : pgn=127250 line=Rx 10298394 09 f1 12 00 ff ea 3a ff 7f ff 7f fd
source=0: pgn=Vessel Heading(127250): values=Heading=(86.41 deg) Deviation=(None) Variation=(None) Reference=("1")

0  : pgn=127245 line=Rx 10298395 09 f1 0d 00 00 f8 ff 7f 00 00 ff ff
source=0: pgn=Rudder(127245): values=Instance=(0) DirectionOrder=("0") AngleOrder=(None) Position=(0.00 deg)

32 : pgn=128259 line=Rx 10298397 09 f5 03 20 fb 19 01 ff ff ff ff ff
0  : pgn=65359  line=Rx 10298402 1c ff 4f 00 3b 9f ff ff ff ea 3a ff
source=0: pgn=Seatalk: Pilot Heading(65359): values=ManufacturerCode=(1851) IndustryCode=(4) HeadingTrue=(None) HeadingMagnetic=(86.41 deg)

4  : pgn=65384  line=Rx 10298408 1c ff 68 04 3b 9f 00 00 00 00 00 00
3  : pgn=129026 line=Tx 10298442 09 f8 02 03 ff fc a2 40 4b 01 ff ff
source=3: pgn=COG & SOG, Rapid Update(129026): values=COGReference=("0") COG=(94.80 deg) SOG=(3.31 m/s)

3  : pgn=129025 line=Tx 10298442 09 f8 01 03 99 76 6f 1c bf 6b fd b6
source=3: pgn=Position, Rapid Update(129025): values=Latitude=(47.7066905 deg) Longitude=(-122.4905793 deg)

0  : pgn=127250 line=Rx 10298490 09 f1 12 00 ff d6 3a ff 7f ff 7f fd
source=0: pgn=Vessel Heading(127250): values=Heading=(86.30 deg) Deviation=(None) Variation=(None) Reference=("1")

0  : pgn=127245 line=Rx 10298491 09 f1 0d 00 00 f8 ff 7f 00 00 ff ff
source=0: pgn=Rudder(127245): values=Instance=(0) DirectionOrder=("0") AngleOrder=(None) Position=(0.00 deg)

32 : pgn=128259 line=Rx 10298496 09 f5 03 20 fc 1a 01 ff ff ff ff ff
source=32: pgn=Speed(128259): values=SpeedWaterReferenced=(2.82 m/s) SpeedGroundReferenced=(None) SpeedWaterReferencedType=(None) SpeedDirection=(None)

0  : pgn=65359  line=Rx 10298500 1c ff 4f 00 3b 9f ff ff ff d6 3a ff
source=0: pgn=Seatalk: Pilot Heading(65359): values=ManufacturerCode=(1851) IndustryCode=(4) HeadingTrue=(None) HeadingMagnetic=(86.30 deg)

3  : pgn=129029 line=Tx 10298542 0d f8 05 03 00 2b 69 06 40 18 fa 0c
source=3: pgn=GNSS Position Data(129029): values=Date=(26923 d) Time=(419589.32540000003 s) Latitude=(0.0 deg) Longitude=(0.0 deg) Altitude=(0.0 m) GNSStype=("0") Method=("0") Integrity=("0") NumberofSVs=(0) HDOP=(0.0) PDOP=(0.0) GeoidalSeparation=(0.0 m) ReferenceStations=(0) ReferenceStationType=("0") ReferenceStationID=(0) AgeofDGNSSCorrections=(0.0 s)

3  : pgn=129029 line=Tx 10298543 0d f8 05 03 01 2c 00 50 57 99 ce e1
source=3: pgn=GNSS Position Data(129029): values=Date=(44 d) Time=(346615.5856 s) Latitude=(0.0 deg) Longitude=(0.0 deg) Altitude=(0.0 m) GNSStype=("0") Method=("0") Integrity=("0") NumberofSVs=(0) HDOP=(0.0) PDOP=(0.0) GeoidalSeparation=(0.0 m) ReferenceStations=(0) ReferenceStationType=("0") ReferenceStationID=(0) AgeofDGNSSCorrections=(0.0 s)

3  : pgn=129029 line=Tx 10298543 0d f8 05 03 02 9e 06 00 6a 7f e4 be
source=3: pgn=GNSS Position Data(129029): values=Date=(1694 d) Time=(383355.5456 s) Latitude=(0.0 deg) Longitude=(0.0 deg) Altitude=(0.0 m) GNSStype=("0") Method=("0") Integrity=("0") NumberofSVs=(0) HDOP=(0.0) PDOP=(0.0) GeoidalSeparation=(0.0 m) ReferenceStations=(0) ReferenceStationType=("0") ReferenceStationID=(0) AgeofDGNSSCorrections=(0.0 s)

3  : pgn=129029 line=Tx 10298543 0d f8 05 03 03 42 00 ef ff ff ff ff
source=3: pgn=GNSS Position Data(129029): values=Date=(66 d) Time=(429496.7279 s) Latitude=(0.0 deg) Longitude=(0.0 deg) Altitude=(0.0 m) GNSStype=("0") Method=("0") Integrity=("0") NumberofSVs=(0) HDOP=(0.0) PDOP=(0.0) GeoidalSeparation=(0.0 m) ReferenceStations=(0) ReferenceStationType=("0") ReferenceStationID=(0) AgeofDGNSSCorrections=(0.0 s)

3  : pgn=129029 line=Tx 10298543 0d f8 05 03 04 ff ff ff 7f 23 fc 09
source=3: pgn=GNSS Position Data(129029): values=Date=(None) Time=(423018.49590000004 s) Latitude=(0.0 deg) Longitude=(0.0 deg) Altitude=(0.0 m) GNSStype=("0") Method=("0") Integrity=("0") NumberofSVs=(0) HDOP=(0.0) PDOP=(0.0) GeoidalSeparation=(0.0 m) ReferenceStations=(0) ReferenceStationType=("0") ReferenceStationID=(0) AgeofDGNSSCorrections=(0.0 s)

3  : pgn=129029 line=Tx 10298543 0d f8 05 03 05 54 00 ff 7f ff ff ff
source=3: pgn=GNSS Position Data(129029): values=Date=(84 d) Time=(429493.4527 s) Latitude=(0.0 deg) Longitude=(0.0 deg) Altitude=(0.0 m) GNSStype=("0") Method=("0") Integrity=("0") NumberofSVs=(0) HDOP=(0.0) PDOP=(0.0) GeoidalSeparation=(0.0 m) ReferenceStations=(0) ReferenceStationType=("0") ReferenceStationID=(0) AgeofDGNSSCorrections=(0.0 s)

3  : pgn=129029 line=Tx 10298543 0d f8 05 03 06 7f 00 ff ff ff ff ff
source=3: pgn=GNSS Position Data(129029): values=Date=(127 d) Time=(None) Latitude=(0.0 deg) Longitude=(0.0 deg) Altitude=(0.0 m) GNSStype=("0") Method=("0") Integrity=("0") NumberofSVs=(0) HDOP=(0.0) PDOP=(0.0) GeoidalSeparation=(0.0 m) ReferenceStations=(0) ReferenceStationType=("0") ReferenceStationID=(0) AgeofDGNSSCorrections=(0.0 s)

3  : pgn=129025 line=Tx 10298543 09 f8 01 03 88 76 6f 1c 11 6c fd b6
source=3: pgn=Position, Rapid Update(129025): values=Latitude=(47.706688799999995 deg) Longitude=(-122.4905711 deg)

3  : pgn=129033 line=Tx 10298543 0d f8 09 03 06 40 18 fa 0c 2c 5c fe
source=3: pgn=Time & Date(129033): values=Date=(16390 d) Time=(73904.796 s) LocalOffset=(-25200.0 s)

0  : pgn=127250 line=Rx 10298590 09 f1 12 00 ff bd 3a ff 7f ff 7f fd
source=0: pgn=Vessel Heading(127250): values=Heading=(86.16 deg) Deviation=(None) Variation=(None) Reference=("1")

0  : pgn=127245 line=Rx 10298591 09 f1 0d 00 00 f8 ff 7f 00 00 ff ff
source=0: pgn=Rudder(127245): values=Instance=(0) DirectionOrder=("0") AngleOrder=(None) Position=(0.00 deg)

0  : pgn=65379  line=Rx 10298595 1c ff 63 00 3b 9f 00 00 00 00 01 ff
source=0: pgn=Seatalk: Pilot Mode(65379): values=ManufacturerCode=(1851) IndustryCode=(4) PilotMode=(0) SubMode=(0) PilotModeData=(0)

32 : pgn=128259 line=Rx 10298595 09 f5 03 20 00 1d 01 ff ff ff ff ff
source=32: pgn=Speed(128259): values=SpeedWaterReferenced=(2.85 m/s) SpeedGroundReferenced=(None) SpeedWaterReferencedType=(None) SpeedDirection=(None)

0  : pgn=65359  line=Rx 10298596 1c ff 4f 00 3b 9f ff ff ff bd 3a ff
source=0: pgn=Seatalk: Pilot Heading(65359): values=ManufacturerCode=(1851) IndustryCode=(4) HeadingTrue=(None) HeadingMagnetic=(86.16 deg)

0  : pgn=126975 line=Rx 10298605 1d ef ff 00 20 0d 3b 9f f0 81 84 06
0  : pgn=126975 line=Rx 10298607 1d ef ff 00 21 2b ac 00 00 00 02 05
1  : pgn=129038 line=Rx 10298608 11 f8 0e 01 40 1b c1 50 c6 e2 15 ff
1  : pgn=129038 line=Rx 10298609 11 f8 0e 01 41 ff ff 7f ff ff ff 7f
1  : pgn=129038 line=Rx 10298609 11 f8 0e 01 42 fc ff ff ff ff 03 00
1  : pgn=129038 line=Rx 10298610 11 f8 0e 01 43 18 ff ff ff 7f f0 fe
1  : pgn=129038 line=Rx 10298639 11 f8 0e 01 60 1b c1 fa 89 e8 15 8d
1  : pgn=129038 line=Rx 10298640 11 f8 0e 01 61 8a 13 b7 53 5e 60 1c
1  : pgn=129038 line=Rx 10298640 11 f8 0e 01 62 b0 6a d6 81 01 00 00
1  : pgn=129038 line=Rx 10298641 11 f8 0e 01 63 00 87 db 00 00 ff fe
3  : pgn=129026 line=Tx 10298644 09 f8 02 03 ff fc a2 40 4c 01 ff ff
source=3: pgn=COG & SOG, Rapid Update(129026): values=COGReference=("0") COG=(94.80 deg) SOG=(3.3200000000000003 m/s)

3  : pgn=129025 line=Tx 10298644 09 f8 01 03 88 76 6f 1c 11 6c fd b6
source=3: pgn=Position, Rapid Update(129025): values=Latitude=(47.706688799999995 deg) Longitude=(-122.4905711 deg)

3  : pgn=126992 line=Tx 10298644 0d f0 10 03 ff ff 06 40 18 fa 0c 2c
source=3: pgn=System Time(126992): values=Source=(None) Date=(16390 d) Time=(73904.796 s)

0  : pgn=127250 line=Rx 10298690 09 f1 12 00 ff b2 3a ff 7f ff 7f fd
source=0: pgn=Vessel Heading(127250): values=Heading=(86.09 deg) Deviation=(None) Variation=(None) Reference=("1")

0  : pgn=127245 line=Rx 10298691 09 f1 0d 00 00 f8 ff 7f 00 00 ff ff
source=0: pgn=Rudder(127245): values=Instance=(0) DirectionOrder=("0") AngleOrder=(None) Position=(0.00 deg)

32 : pgn=128259 line=Rx 10298695 09 f5 03 20 01 1e 01 ff ff ff ff ff
source=32: pgn=Speed(128259): values=SpeedWaterReferenced=(2.86 m/s) SpeedGroundReferenced=(None) SpeedWaterReferencedType=(None) SpeedDirection=(None)

0  : pgn=65359  line=Rx 10298700 1c ff 4f 00 3b 9f ff ff ff b2 3a ff
source=0: pgn=Seatalk: Pilot Heading(65359): values=ManufacturerCode=(1851) IndustryCode=(4) HeadingTrue=(None) HeadingMagnetic=(86.09 deg)

0  : pgn=126975 line=Rx 10298710 1d ef ff 00 40 09 3b 9f f0 81 ae 02
0  : pgn=126975 line=Rx 10298711 1d ef ff 00 41 00 08 00 ff ff ff ff
3  : pgn=129025 line=Tx 10298744 09 f8 01 03 88 76 6f 1c 11 6c fd b6
source=3: pgn=Position, Rapid Update(129025): values=Latitude=(47.706688799999995 deg) Longitude=(-122.4905711 deg)

0  : pgn=127250 line=Rx 10298790 09 f1 12 00 ff a3 3a ff 7f ff 7f fd
source=0: pgn=Vessel Heading(127250): values=Heading=(86.01 deg) Deviation=(None) Variation=(None) Reference=("1")

0  : pgn=127245 line=Rx 10298791 09 f1 0d 00 00 f8 ff 7f 00 00 ff ff
source=0: pgn=Rudder(127245): values=Instance=(0) DirectionOrder=("0") AngleOrder=(None) Position=(0.00 deg)

32 : pgn=128259 line=Rx 10298795 09 f5 03 20 02 20 01 ff ff ff ff ff
source=32: pgn=Speed(128259): values=SpeedWaterReferenced=(2.88 m/s) SpeedGroundReferenced=(None) SpeedWaterReferencedType=(None) SpeedDirection=(None)

0  : pgn=65359  line=Rx 10298799 1c ff 4f 00 3b 9f ff ff ff a3 3a ff
source=0: pgn=Seatalk: Pilot Heading(65359): values=ManufacturerCode=(1851) IndustryCode=(4) HeadingTrue=(None) HeadingMagnetic=(86.01 deg)

3  : pgn=129026 line=Tx 10298844 09 f8 02 03 ff fc a2 40 4d 01 ff ff
source=3: pgn=COG & SOG, Rapid Update(129026): values=COGReference=("0") COG=(94.80 deg) SOG=(3.33 m/s)

3  : pgn=129025 line=Tx 10298844 09 f8 01 03 6a 76 6f 1c ad 6c fd b6
source=3: pgn=Position, Rapid Update(129025): values=Latitude=(47.706685799999995 deg) Longitude=(-122.4905555 deg)

3  : pgn=129291 line=Tx 10298844 0d f9 0b 03 ff fc 2b 27 43 00 ff ff
source=3: pgn=Set & Drift, Rapid Update(129291): values=SetReference=("0") Set=(57.45 deg) Drift=(0.67 m/s)

3  : pgn=129044 line=Tx 10298844 19 f8 14 03 c0 14 57 38 34 00 00 00
3  : pgn=129044 line=Tx 10298844 19 f8 14 03 c1 00 00 00 00 00 00 00
3  : pgn=129044 line=Tx 10298844 19 f8 14 03 c2 00 00 00 57 38 34 00
0  : pgn=127250 line=Rx 10298891 09 f1 12 00 ff 94 3a ff 7f ff 7f fd
source=0: pgn=Vessel Heading(127250): values=Heading=(85.92 deg) Deviation=(None) Variation=(None) Reference=("1")

0  : pgn=127245 line=Rx 10298891 09 f1 0d 00 00 f8 ff 7f 00 00 ff ff
source=0: pgn=Rudder(127245): values=Instance=(0) DirectionOrder=("0") AngleOrder=(None) Position=(0.00 deg)

32 : pgn=128259 line=Rx 10298894 09 f5 03 20 03 23 01 ff ff ff ff ff
source=32: pgn=Speed(128259): values=SpeedWaterReferenced=(2.91 m/s) SpeedGroundReferenced=(None) SpeedWaterReferencedType=(None) SpeedDirection=(None)

0  : pgn=65359  line=Rx 10298900 1c ff 4f 00 3b 9f ff ff ff 94 3a ff
source=0: pgn=Seatalk: Pilot Heading(65359): values=ManufacturerCode=(1851) IndustryCode=(4) HeadingTrue=(None) HeadingMagnetic=(85.92 deg)

3  : pgn=129025 line=Tx 10298944 09 f8 01 03 6a 76 6f 1c ad 6c fd b6
1  : pgn=129038 line=Rx 10298972 11 f8 0e 01 80 1b c1 50 e0 e6 15 0b
1  : pgn=129038 line=Rx 10298973 11 f8 0e 01 81 85 ca b6 34 73 67 1c
1  : pgn=129038 line=Rx 10298973 11 f8 0e 01 82 b0 e7 5b 05 00 00 00
1  : pgn=129038 line=Rx 10298974 11 f8 0e 01 83 00 0a 2f d2 e5 ff fe
0  : pgn=127250 line=Rx 10298990 09 f1 12 00 ff 8c 3a ff 7f ff 7f fd
source=0: pgn=Vessel Heading(127250): values=Heading=(85.87 deg) Deviation=(None) Variation=(None) Reference=("1")

0  : pgn=127245 line=Rx 10298991 09 f1 0d 00 00 f8 ff 7f 00 00 ff ff
source=0: pgn=Rudder(127245): values=Instance=(0) DirectionOrder=("0") AngleOrder=(None) Position=(0.00 deg)

32 : pgn=128259 line=Rx 10298993 09 f5 03 20 04 23 01 ff ff ff ff ff
source=32: pgn=Speed(128259): values=SpeedWaterReferenced=(2.91 m/s) SpeedGroundReferenced=(None) SpeedWaterReferencedType=(None) SpeedDirection=(None)

0  : pgn=65359  line=Rx 10298997 1c ff 4f 00 3b 9f ff ff ff 8c 3a ff
source=0: pgn=Seatalk: Pilot Heading(65359): values=ManufacturerCode=(1851) IndustryCode=(4) HeadingTrue=(None) HeadingMagnetic=(85.87 deg)

1  : pgn=129038 line=Rx 10299033 11 f8 0e 01 a0 1b c1 aa eb e0 15 25
1  : pgn=129038 line=Rx 10299034 11 f8 0e 01 a1 20 0e b7 84 3c 68 1c
1  : pgn=129038 line=Rx 10299034 11 f8 0e 01 a2 b0 97 0b 00 00 00 00
1  : pgn=129038 line=Rx 10299035 11 f8 0e 01 a3 00 ff ff ff 7f f8 fe
3  : pgn=129026 line=Tx 10299044 09 f8 02 03 ff fc 90 40 4d 01 ff ff
source=3: pgn=COG & SOG, Rapid Update(129026): values=COGReference=("0") COG=(94.70 deg) SOG=(3.33 m/s)

3  : pgn=130577 line=Tx 10299044 0d fe 11 03 20 0e c0 6a 90 40 4d 01
3  : pgn=130577 line=Tx 10299044 0d fe 11 03 21 ff ff ff ff 2b 27 43
3  : pgn=130577 line=Tx 10299045 0d fe 11 03 22 00 ff ff ff ff ff ff
3  : pgn=129025 line=Tx 10299045 09 f8 01 03 66 76 6f 1c f0 6c fd b6
3  : pgn=130306 line=Tx 10299045 09 fd 02 03 ff 37 03 2b cb fa ff ff
source=3: pgn=Wind Data(130306): values=WindSpeed=(8.23 m/s) WindAngle=(298.00 deg) Reference=("2")

4  : pgn=126975 line=Rx 10299067 1d ef ff 04 20 07 3b 9f f0 81 90 00
4  : pgn=126975 line=Rx 10299067 1d ef ff 04 21 03 ff ff ff ff ff ff
0  : pgn=127250 line=Rx 10299090 09 f1 12 00 ff 79 3a ff 7f ff 7f fd
source=0: pgn=Vessel Heading(127250): values=Heading=(85.77 deg) Deviation=(None) Variation=(None) Reference=("1")

0  : pgn=127245 line=Rx 10299091 09 f1 0d 00 00 f8 ff 7f 00 00 ff ff
source=0: pgn=Rudder(127245): values=Instance=(0) DirectionOrder=("0") AngleOrder=(None) Position=(0.00 deg)

32 : pgn=128259 line=Rx 10299093 09 f5 03 20 05 22 01 ff ff ff ff ff
source=32: pgn=Speed(128259): values=SpeedWaterReferenced=(2.9 m/s) SpeedGroundReferenced=(None) SpeedWaterReferencedType=(None) SpeedDirection=(None)

0  : pgn=65359  line=Rx 10299100 1c ff 4f 00 3b 9f ff ff ff 79 3a ff
source=0: pgn=Seatalk: Pilot Heading(65359): values=ManufacturerCode=(1851) IndustryCode=(4) HeadingTrue=(None) HeadingMagnetic=(85.77 deg)

0  : pgn=126975 line=Rx 10299106 1d ef ff 00 60 08 3b 9f f0 81 9c 01
0  : pgn=126975 line=Rx 10299108 1d ef ff 00 61 2b 00 ff ff ff ff ff
3  : pgn=129283 line=Tx 10299145 0d f9 03 03 ff 7f ff ff ff 7f ff ff
source=3: pgn=Cross Track Error(129283): values=XTEmode=(None) NavigationTerminated=("1") XTE=(None)

3  : pgn=129025 line=Tx 10299145 09 f8 01 03 66 76 6f 1c f0 6c fd b6
source=3: pgn=Position, Rapid Update(129025): values=Latitude=(47.7066854 deg) Longitude=(-122.4905488 deg)

3  : pgn=128267 line=Tx 10299145 0d f5 0b 03 ff 9a 3c 00 00 00 00 ff
source=3: pgn=Water Depth(128267): values=Depth=(155.14000000000001 m) Offset=(0.0 m) Range=(None)

0  : pgn=127250 line=Rx 10299190 09 f1 12 00 ff 6d 3a ff 7f ff 7f fd
source=0: pgn=Vessel Heading(127250): values=Heading=(85.70 deg) Deviation=(None) Variation=(None) Reference=("1")

0  : pgn=127245 line=Rx 10299191 09 f1 0d 00 00 f8 ff 7f 00 00 ff ff
source=0: pgn=Rudder(127245): values=Instance=(0) DirectionOrder=("0") AngleOrder=(None) Position=(0.00 deg)

32 : pgn=128259 line=Rx 10299193 09 f5 03 20 06 23 01 ff ff ff ff ff
source=32: pgn=Speed(128259): values=SpeedWaterReferenced=(2.91 m/s) SpeedGroundReferenced=(None) SpeedWaterReferencedType=(None) SpeedDirection=(None)

0  : pgn=65359  line=Rx 10299197 1c ff 4f 00 3b 9f ff ff ff 6d 3a ff
source=0: pgn=Seatalk: Pilot Heading(65359): values=ManufacturerCode=(1851) IndustryCode=(4) HeadingTrue=(None) HeadingMagnetic=(85.70 deg)

3  : pgn=129026 line=Tx 10299245 09 f8 02 03 ff fc 90 40 4d 01 ff ff
source=3: pgn=COG & SOG, Rapid Update(129026): values=COGReference=("0") COG=(94.70 deg) SOG=(3.33 m/s)

3  : pgn=129025 line=Tx 10299245 09 f8 01 03 66 76 6f 1c f0 6c fd b6
source=3: pgn=Position, Rapid Update(129025): values=Latitude=(47.7066854 deg) Longitude=(-122.4905488 deg)

3  : pgn=129542 line=Tx 10299245 19 fa 06 03 20 0f 6a b5 01 00 00 00
3  : pgn=129542 line=Tx 10299245 19 fa 06 03 21 00 00 00 00 00 00 00
3  : pgn=129542 line=Tx 10299245 19 fa 06 03 22 00 00 ff ff ff ff ff
3  : pgn=65364  line=Tx 10299245 1c ff 54 03 3b 9f 37 03 2b cb ff ff
0  : pgn=127250 line=Rx 10299290 09 f1 12 00 ff 42 3a ff 7f ff 7f fd
source=0: pgn=Vessel Heading(127250): values=Heading=(85.45 deg) Deviation=(None) Variation=(None) Reference=("1")

0  : pgn=127245 line=Rx 10299290 09 f1 0d 00 00 f8 ff 7f 00 00 ff ff
source=0: pgn=Rudder(127245): values=Instance=(0) DirectionOrder=("0") AngleOrder=(None) Position=(0.00 deg)

32 : pgn=128259 line=Rx 10299296 09 f5 03 20 07 24 01 ff ff ff ff ff
source=32: pgn=Speed(128259): values=SpeedWaterReferenced=(2.92 m/s) SpeedGroundReferenced=(None) SpeedWaterReferencedType=(None) SpeedDirection=(None)

32 : pgn=130310 line=Rx 10299298 15 fd 06 20 b1 ff ff ff ff ff ff ff
source=32: pgn=Environmental Parameters (obsolete)(130310): values=WaterTemperature=(None) OutsideAmbientAirTemperature=(None) AtmosphericPressure=(None)

0  : pgn=65359  line=Rx 10299301 1c ff 4f 00 3b 9f ff ff ff 42 3a ff
source=0: pgn=Seatalk: Pilot Heading(65359): values=ManufacturerCode=(1851) IndustryCode=(4) HeadingTrue=(None) HeadingMagnetic=(85.45 deg)

32 : pgn=128275 line=Rx 10299307 19 f5 13 20 60 0e ff ff ff ff ff ff
32 : pgn=128275 line=Rx 10299312 19 f5 13 20 61 8b ad 3c 00 8b ad 3c
32 : pgn=128275 line=Rx 10299317 19 f5 13 20 62 00 ff ff ff ff ff ff
32 : pgn=130846 line=Rx 10299327 1d ff 1e 20 a0 0c 3b 9f 04 01 35 56
32 : pgn=130846 line=Rx 10299332 1d ff 1e 20 a1 07 09 15 00 d8 04 ff
source=32: pgn=Furuno: Motion Sensor Status Extended(130846): values=ManufacturerCode=(1953) IndustryCode=(0)

1  : pgn=59936  line=Rx 10299335 18 ea 20 01 00 ee 00 00 00 00 00 00
3  : pgn=129540 line=Tx 10299346 19 fa 04 03 60 9f 8c ff 0d 03 97 1a
source=3: pgn=GNSS Sats in View(129540): values=RangeResidualMode=(None) SatsinView=(140) PRN=(None) Elevation=(4.47 deg) Azimuth=(39.00 deg) SNR=(0.0 dB) Rangeresiduals=(0) Status=("0")

3  : pgn=129540 line=Tx 10299346 19 fa 04 03 61 2e 26 00 00 00 00 00
source=3: pgn=GNSS Sats in View(129540): values=RangeResidualMode=("0") SatsinView=(38) PRN=(0) Elevation=(0.00 deg) Azimuth=(0.00 deg) SNR=(0.0 dB) Rangeresiduals=(0) Status=("0")

3  : pgn=129540 line=Tx 10299346 19 fa 04 03 62 00 f3 0f ff 1d 5c 3d
source=3: pgn=GNSS Sats in View(129540): values=RangeResidualMode=("0") SatsinView=(243) PRN=(15) Elevation=(44.00 deg) Azimuth=(90.00 deg) SNR=(0.0 dB) Rangeresiduals=(0) Status=("0")

3  : pgn=129540 line=Tx 10299346 19 fa 04 03 63 8c 0a 00 00 00 00 f5
source=3: pgn=GNSS Sats in View(129540): values=RangeResidualMode=("0") SatsinView=(10) PRN=(0) Elevation=(0.00 deg) Azimuth=(359.36 deg) SNR=(0.0 dB) Rangeresiduals=(0) Status=("0")

3  : pgn=129540 line=Tx 10299346 19 fa 04 03 64 10 17 13 71 b9 ac 0d
source=3: pgn=GNSS Sats in View(129540): values=RangeResidualMode=("0") SatsinView=(23) PRN=(19) Elevation=(-103.49 deg) Azimuth=(20.05 deg) SNR=(0.0 dB) Rangeresiduals=(0) Status=("0")

3  : pgn=129540 line=Tx 10299346 19 fa 04 03 65 00 00 00 00 f5 12 c5
source=3: pgn=GNSS Sats in View(129540): values=RangeResidualMode=("0") SatsinView=(0) PRN=(0) Elevation=(-16.13 deg) Azimuth=(289.06 deg) SNR=(0.0 dB) Rangeresiduals=(0) Status=("0")

3  : pgn=129540 line=Tx 10299346 19 fa 04 03 66 31 f2 93 ac 0d 00 00
source=3: pgn=GNSS Sats in View(129540): values=RangeResidualMode=("1") SatsinView=(242) PRN=(147) Elevation=(20.05 deg) Azimuth=(0.00 deg) SNR=(0.0 dB) Rangeresiduals=(0) Status=("0")

3  : pgn=129540 line=Tx 10299346 19 fa 04 03 67 00 00 f5 13 ba 02 1f
source=3: pgn=GNSS Sats in View(129540): values=RangeResidualMode=("0") SatsinView=(0) PRN=(245) Elevation=(-102.57 deg) Azimuth=(45.48 deg) SNR=(0.0 dB) Rangeresiduals=(0) Status=("0")

3  : pgn=129540 line=Tx 10299346 19 fa 04 03 68 d8 a0 0f 00 00 00 00
source=3: pgn=GNSS Sats in View(129540): values=RangeResidualMode=("0") SatsinView=(160) PRN=(15) Elevation=(0.00 deg) Azimuth=(0.00 deg) SNR=(0.0 dB) Rangeresiduals=(0) Status=("0")

3  : pgn=129540 line=Tx 10299346 19 fa 04 03 69 f5 15 e8 37 0b 20 ac
source=3: pgn=GNSS Sats in View(129540): values=RangeResidualMode=("1") SatsinView=(21) PRN=(232) Elevation=(16.45 deg) Azimuth=(252.47 deg) SNR=(0.0 dB) Rangeresiduals=(0) Status=("0")

3  : pgn=129540 line=Tx 10299346 19 fa 04 03 6a 0d 00 00 00 00 f5 16
source=3: pgn=GNSS Sats in View(129540): values=RangeResidualMode=("1") SatsinView=(0) PRN=(0) Elevation=(0.00 deg) Azimuth=(33.67 deg) SNR=(0.0 dB) Rangeresiduals=(0) Status=("0")

3  : pgn=129540 line=Tx 10299347 19 fa 04 03 6b d1 15 cf 9c d8 0e 00
source=3: pgn=GNSS Sats in View(129540): values=RangeResidualMode=("1") SatsinView=(21) PRN=(207) Elevation=(-57.78 deg) Azimuth=(0.08 deg) SNR=(0.0 dB) Rangeresiduals=(0) Status=("0")

3  : pgn=129540 line=Tx 10299348 19 fa 04 03 6c 00 00 00 f5 1a ae 0f
source=3: pgn=GNSS Sats in View(129540): values=RangeResidualMode=("0") SatsinView=(0) PRN=(0) Elevation=(39.54 deg) Azimuth=(23.00 deg) SNR=(0.0 dB) Rangeresiduals=(0) Status=("0")

3  : pgn=129540 line=Tx 10299348 19 fa 04 03 6d 5d 1f 1c 0c 00 00 00
source=3: pgn=GNSS Sats in View(129540): values=RangeResidualMode=("1") SatsinView=(31) PRN=(28) Elevation=(0.07 deg) Azimuth=(0.00 deg) SNR=(0.0 dB) Rangeresiduals=(0) Status=("0")

3  : pgn=129540 line=Tx 10299350 19 fa 04 03 6e 00 f5 1b d1 15 ab d2
source=3: pgn=GNSS Sats in View(129540): values=RangeResidualMode=("0") SatsinView=(245) PRN=(27) Elevation=(32.00 deg) Azimuth=(309.00 deg) SNR=(0.0 dB) Rangeresiduals=(0) Status=("0")

3  : pgn=129540 line=Tx 10299350 19 fa 04 03 6f 48 0d 00 00 00 00 f5
source=3: pgn=GNSS Sats in View(129540): values=RangeResidualMode=("0") SatsinView=(13) PRN=(0) Elevation=(0.00 deg) Azimuth=(359.36 deg) SNR=(0.0 dB) Rangeresiduals=(0) Status=("0")

3  : pgn=129540 line=Tx 10299350 19 fa 04 03 70 1d 00 0f a1 67 f0 0a
source=3: pgn=GNSS Sats in View(129540): values=RangeResidualMode=("1") SatsinView=(0) PRN=(15) Elevation=(152.00 deg) Azimuth=(16.04 deg) SNR=(0.0 dB) Rangeresiduals=(0) Status=("0")

3  : pgn=129540 line=Tx 10299352 19 fa 04 03 71 00 00 00 00 f5 23 d1
source=3: pgn=GNSS Sats in View(129540): values=RangeResidualMode=("0") SatsinView=(0) PRN=(0) Elevation=(-16.13 deg) Azimuth=(306.76 deg) SNR=(0.0 dB) Rangeresiduals=(0) Status=("0")

3  : pgn=129540 line=Tx 10299353 19 fa 04 03 72 15 c3 8b 00 00 00 00
source=3: pgn=GNSS Sats in View(129540): values=RangeResidualMode=("1") SatsinView=(195) PRN=(139) Elevation=(0.00 deg) Azimuth=(0.00 deg) SNR=(0.0 dB) Rangeresiduals=(0) Status=("0")

3  : pgn=129540 line=Tx 10299354 19 fa 04 03 73 00 00 f3 30 2e 17 43
source=3: pgn=GNSS Sats in View(129540): values=RangeResidualMode=("0") SatsinView=(0) PRN=(243) Elevation=(67.75 deg) Azimuth=(98.41 deg) SNR=(0.0 dB) Rangeresiduals=(0) Status=("0")

3  : pgn=129540 line=Tx 10299354 19 fa 04 03 74 84 48 0d 00 00 00 00
source=3: pgn=GNSS Sats in View(129540): values=RangeResidualMode=("0") SatsinView=(72) PRN=(13) Elevation=(0.00 deg) Azimuth=(0.00 deg) SNR=(0.0 dB) Rangeresiduals=(0) Status=("0")

3  : pgn=129540 line=Tx 10299355 19 fa 04 03 75 f5 33 80 16 67 6c e4
source=3: pgn=GNSS Sats in View(129540): values=RangeResidualMode=("1") SatsinView=(51) PRN=(128) Elevation=(151.20 deg) Azimuth=(335.04 deg) SNR=(0.0 dB) Rangeresiduals=(0) Status=("0")

3  : pgn=129540 line=Tx 10299356 19 fa 04 03 76 0c 00 00 00 00 f5 ff
source=3: pgn=GNSS Sats in View(129540): values=RangeResidualMode=("0") SatsinView=(0) PRN=(0) Elevation=(0.00 deg) Azimuth=(375.43 deg) SNR=(0.0 dB) Rangeresiduals=(0) Status=("0")

3  : pgn=129025 line=Tx 10299356 09 f8 01 03 60 76 6f 1c 3f 6d fd b6
source=3: pgn=Position, Rapid Update(129025): values=Latitude=(47.7066848 deg) Longitude=(-122.4905409 deg)

3  : pgn=127258 line=Tx 10299357 19 f1 1a 03 ff f6 12 39 fa 0a ff ff
source=3: pgn=Magnetic Variation(127258): values=Source=("6") Ageofservice=(14610 d) Variation=(16.10 deg)

3  : pgn=65311  line=Tx 10299359 1c ff 1f 03 3b 9f ff fa 0a ff ff ff
1  : pgn=129038 line=Rx 10299368 11 f8 0e 01 c0 1b c1 0e 44 de 15 37
1  : pgn=129038 line=Rx 10299368 11 f8 0e 01 c1 25 10 b7 69 67 5d 1c
1  : pgn=129038 line=Rx 10299369 11 f8 0e 01 c2 ba 45 2a 05 00 00 00
1  : pgn=129038 line=Rx 10299369 11 f8 0e 01 c3 00 9e df 00 00 ff fe
0  : pgn=127250 line=Rx 10299390 09 f1 12 00 ff 20 3a ff 7f ff 7f fd
source=0: pgn=Vessel Heading(127250): values=Heading=(85.26 deg) Deviation=(None) Variation=(None) Reference=("1")

0  : pgn=127245 line=Rx 10299391 09 f1 0d 00 00 f8 ff 7f 00 00 ff ff
source=0: pgn=Rudder(127245): values=Instance=(0) DirectionOrder=("0") AngleOrder=(None) Position=(0.00 deg)

32 : pgn=128259 line=Rx 10299391 09 f5 03 20 08 24 01 ff ff ff ff ff
source=32: pgn=Speed(128259): values=SpeedWaterReferenced=(2.92 m/s) SpeedGroundReferenced=(None) SpeedWaterReferencedType=(None) SpeedDirection=(None)

0  : pgn=65359  line=Rx 10299397 1c ff 4f 00 3b 9f ff ff ff 20 3a ff
source=0: pgn=Seatalk: Pilot Heading(65359): values=ManufacturerCode=(1851) IndustryCode=(4) HeadingTrue=(None) HeadingMagnetic=(85.26 deg)

1  : pgn=129038 line=Rx 10299398 11 f8 0e 01 e0 1b c1 00 72 9f 0c e4
1  : pgn=129038 line=Rx 10299398 11 f8 0e 01 e1 6d fa b6 f6 47 59 1c
1  : pgn=129038 line=Rx 10299399 11 f8 0e 01 e2 ac 14 7c 05 00 00 00
1  : pgn=129038 line=Rx 10299399 11 f8 0e 01 e3 00 b9 3e 00 00 f1 fe
4  : pgn=65384  line=Rx 10299408 1c ff 68 04 3b 9f 00 00 00 00 00 00
3  : pgn=129026 line=Tx 10299446 09 f8 02 03 ff fc 5c 40 4e 01 ff ff
source=3: pgn=COG & SOG, Rapid Update(129026): values=COGReference=("0") COG=(94.40 deg) SOG=(3.34 m/s)

3  : pgn=129025 line=Tx 10299446 09 f8 01 03 60 76 6f 1c 3f 6d fd b6
source=3: pgn=Position, Rapid Update(129025): values=Latitude=(47.7066848 deg) Longitude=(-122.4905409 deg)

0  : pgn=127250 line=Rx 10299490 09 f1 12 00 ff 0c 3a ff 7f ff 7f fd
source=0: pgn=Vessel Heading(127250): values=Heading=(85.14 deg) Deviation=(None) Variation=(None) Reference=("1")

1  : pgn=129038 line=Rx 10299491 11 f8 0e 01 00 1b c1 2e 9d e2 15 60
source=1: pgn=AIS Class A Position Report(129038): values=MessageID=(0) RepeatIndicator=("0") UserID=(2637087003) Longitude=(0.0 deg) Latitude=(0.0 deg) PositionAccuracy=("0") RAIM=("0") TimeStamp=("0") COG=(0.00 deg) SOG=(0.0 m/s) CommunicationState=(0) AISTransceiverinformation=("0") Heading=(0.00 deg) RateofTurn=(0.00 deg/s) NavStatus=("0") SpecialManeuverIndicator=("0") Spare=(0) SequenceID=(0)

0  : pgn=127245 line=Rx 10299491 09 f1 0d 00 00 f8 ff 7f 00 00 ff ff
source=0: pgn=Rudder(127245): values=Instance=(0) DirectionOrder=("0") AngleOrder=(None) Position=(0.00 deg)

1  : pgn=129038 line=Rx 10299492 11 f8 0e 01 01 75 0c b7 db e3 68 1c
source=1: pgn=AIS Class A Position Report(129038): values=MessageID=(1) RepeatIndicator=("0") UserID=(3686206581) Longitude=(0.0 deg) Latitude=(0.0 deg) PositionAccuracy=("0") RAIM=("0") TimeStamp=("0") COG=(0.00 deg) SOG=(0.0 m/s) CommunicationState=(0) AISTransceiverinformation=("0") Heading=(0.00 deg) RateofTurn=(0.00 deg/s) NavStatus=("0") SpecialManeuverIndicator=("0") Spare=(0) SequenceID=(0)

1  : pgn=129038 line=Rx 10299492 11 f8 0e 01 02 b0 85 0b 00 00 00 00
source=1: pgn=AIS Class A Position Report(129038): values=MessageID=(2) RepeatIndicator=("0") UserID=(755120) Longitude=(0.0 deg) Latitude=(0.0 deg) PositionAccuracy=("0") RAIM=("0") TimeStamp=("0") COG=(0.00 deg) SOG=(0.0 m/s) CommunicationState=(0) AISTransceiverinformation=("0") Heading=(0.00 deg) RateofTurn=(0.00 deg/s) NavStatus=("0") SpecialManeuverIndicator=("0") Spare=(0) SequenceID=(0)

1  : pgn=129038 line=Rx 10299493 11 f8 0e 01 03 00 ff ff ff 7f f0 fe
source=1: pgn=AIS Class A Position Report(129038): values=MessageID=(3) RepeatIndicator=("0") UserID=(4294967040) Longitude=(0.0 deg) Latitude=(0.0 deg) PositionAccuracy=("0") RAIM=("0") TimeStamp=("0") COG=(0.00 deg) SOG=(0.0 m/s) CommunicationState=(0) AISTransceiverinformation=("0") Heading=(0.00 deg) RateofTurn=(0.00 deg/s) NavStatus=("0") SpecialManeuverIndicator=("0") Spare=(0) SequenceID=(0)

32 : pgn=128259 line=Rx 10299494 09 f5 03 20 09 23 01 ff ff ff ff ff
source=32: pgn=Speed(128259): values=SpeedWaterReferenced=(2.91 m/s) SpeedGroundReferenced=(None) SpeedWaterReferencedType=(None) SpeedDirection=(None)

0  : pgn=65359  line=Rx 10299502 1c ff 4f 00 3b 9f ff ff ff 0c 3a ff
source=0: pgn=Seatalk: Pilot Heading(65359): values=ManufacturerCode=(1851) IndustryCode=(4) HeadingTrue=(None) HeadingMagnetic=(85.14 deg)

3  : pgn=129029 line=Tx 10299547 0d f8 05 03 20 2b 6a 06 40 2e 20 0d
3  : pgn=129029 line=Tx 10299547 0d f8 05 03 21 2c 00 64 da 29 c0 e1
3  : pgn=129029 line=Tx 10299547 0d f8 05 03 22 9e 06 00 78 a8 22 17
3  : pgn=129029 line=Tx 10299547 0d f8 05 03 23 43 00 ef ff ff ff ff
3  : pgn=129029 line=Tx 10299547 0d f8 05 03 24 ff ff ff 7f 23 fc 09
3  : pgn=129029 line=Tx 10299547 0d f8 05 03 25 54 00 ff 7f ff ff ff
3  : pgn=129029 line=Tx 10299547 0d f8 05 03 26 7f 00 ff ff ff ff ff
3  : pgn=129025 line=Tx 10299547 09 f8 01 03 4a 76 6f 1c 8c 6d fd b6
source=3: pgn=Position, Rapid Update(129025): values=Latitude=(47.7066826 deg) Longitude=(-122.4905332 deg)

3  : pgn=129033 line=Tx 10299547 0d f8 09 03 06 40 2e 20 0d 2c 5c fe
source=3: pgn=Time & Date(129033): values=Date=(16390 d) Time=(73905.77100000001 s) LocalOffset=(-25200.0 s)

0  : pgn=127250 line=Rx 10299590 09 f1 12 00 ff e2 39 ff 7f ff 7f fd
source=0: pgn=Vessel Heading(127250): values=Heading=(84.90 deg) Deviation=(None) Variation=(None) Reference=("1")

0  : pgn=127245 line=Rx 10299591 09 f1 0d 00 00 f8 ff 7f 00 00 ff ff
source=0: pgn=Rudder(127245): values=Instance=(0) DirectionOrder=("0") AngleOrder=(None) Position=(0.00 deg)

32 : pgn=128259 line=Rx 10299591 09 f5 03 20 0a 21 01 ff ff ff ff ff
source=32: pgn=Speed(128259): values=SpeedWaterReferenced=(2.89 m/s) SpeedGroundReferenced=(None) SpeedWaterReferencedType=(None) SpeedDirection=(None)

0  : pgn=65379  line=Rx 10299597 1c ff 63 00 3b 9f 00 00 00 00 01 ff
source=0: pgn=Seatalk: Pilot Mode(65379): values=ManufacturerCode=(1851) IndustryCode=(4) PilotMode=(0) SubMode=(0) PilotModeData=(0)

0  : pgn=65359  line=Rx 10299598 1c ff 4f 00 3b 9f ff ff ff e2 39 ff
source=0: pgn=Seatalk: Pilot Heading(65359): values=ManufacturerCode=(1851) IndustryCode=(4) HeadingTrue=(None) HeadingMagnetic=(84.90 deg)

0  : pgn=126975 line=Rx 10299603 1d ef ff 00 80 0d 3b 9f f0 81 84 86
0  : pgn=126975 line=Rx 10299605 1d ef ff 00 81 2a aa 00 00 00 02 05
1  : pgn=129810 line=Rx 10299612 19 fb 12 01 40 21 18 36 21 e8 15 1e
1  : pgn=129810 line=Rx 10299612 19 fb 12 01 41 e1 40 19 54 00 00 ae
1  : pgn=129810 line=Rx 10299613 19 fb 12 01 42 57 44 47 34 32 33 34
1  : pgn=129810 line=Rx 10299613 19 fb 12 01 43 aa 00 3c 00 1e 00 8c
1  : pgn=129810 line=Rx 10299614 19 fb 12 01 44 00 00 00 00 00 03 ff
1  : pgn=130842 line=Rx 10299614 19 ff 1a 01 60 24 41 9f 01 00 00 36
1  : pgn=130842 line=Rx 10299615 19 ff 1a 01 61 21 e8 15 00 e1 40 19
1  : pgn=130842 line=Rx 10299615 19 ff 1a 01 62 54 00 00 ae 57 44 47
1  : pgn=130842 line=Rx 10299616 19 ff 1a 01 63 34 32 33 34 aa 00 3c
1  : pgn=130842 line=Rx 10299616 19 ff 1a 01 64 00 1e 00 8c 00 00 00
1  : pgn=130842 line=Rx 10299617 19 ff 1a 01 65 00 00 ff ff ff ff ff
3  : pgn=129026 line=Tx 10299649 09 f8 02 03 ff fc 4a 40 4f 01 ff ff
source=3: pgn=COG & SOG, Rapid Update(129026): values=COGReference=("0") COG=(94.30 deg) SOG=(3.35 m/s)

3  : pgn=129025 line=Tx 10299649 09 f8 01 03 3b 76 6f 1c df 6d fd b6
source=3: pgn=Position, Rapid Update(129025): values=Latitude=(47.7066811 deg) Longitude=(-122.4905249 deg)

3  : pgn=126992 line=Tx 10299649 0d f0 10 03 ff ff 06 40 2a 29 0d 2c
source=3: pgn=System Time(126992): values=Source=(None) Date=(16390 d) Time=(73906.001 s)

32 : pgn=128259 line=Rx 10299691 09 f5 03 20 0b 21 01 ff ff ff ff ff
source=32: pgn=Speed(128259): values=SpeedWaterReferenced=(2.89 m/s) SpeedGroundReferenced=(None) SpeedWaterReferencedType=(None) SpeedDirection=(None)

0  : pgn=127250 line=Rx 10299695 09 f1 12 00 ff d5 39 ff 7f ff 7f fd
source=0: pgn=Vessel Heading(127250): values=Heading=(84.83 deg) Deviation=(None) Variation=(None) Reference=("1")

0  : pgn=127245 line=Rx 10299696 09 f1 0d 00 00 f8 ff 7f 00 00 ff ff
source=0: pgn=Rudder(127245): values=Instance=(0) DirectionOrder=("0") AngleOrder=(None) Position=(0.00 deg)

0  : pgn=65359  line=Rx 10299702 1c ff 4f 00 3b 9f ff ff ff d5 39 ff
source=0: pgn=Seatalk: Pilot Heading(65359): values=ManufacturerCode=(1851) IndustryCode=(4) HeadingTrue=(None) HeadingMagnetic=(84.83 deg)

0  : pgn=126975 line=Rx 10299716 1d ef ff 00 a0 09 3b 9f f0 81 ae 02
0  : pgn=126975 line=Rx 10299718 1d ef ff 00 a1 00 08 00 ff ff ff ff
3  : pgn=129025 line=Tx 10299749 09 f8 01 03 3b 76 6f 1c df 6d fd b6
source=3: pgn=Position, Rapid Update(129025): values=Latitude=(47.7066811 deg) Longitude=(-122.4905249 deg)

0  : pgn=127250 line=Rx 10299789 09 f1 12 00 ff c1 39 ff 7f ff 7f fd
source=0: pgn=Vessel Heading(127250): values=Heading=(84.71 deg) Deviation=(None) Variation=(None) Reference=("1")

32 : pgn=128259 line=Rx 10299790 09 f5 03 20 0c 22 01 ff ff ff ff ff
source=32: pgn=Speed(128259): values=SpeedWaterReferenced=(2.9 m/s) SpeedGroundReferenced=(None) SpeedWaterReferencedType=(None) SpeedDirection=(None)

0  : pgn=127245 line=Rx 10299793 09 f1 0d 00 00 f8 ff 7f 00 00 ff ff
source=0: pgn=Rudder(127245): values=Instance=(0) DirectionOrder=("0") AngleOrder=(None) Position=(0.00 deg)

0  : pgn=65359  line=Rx 10299799 1c ff 4f 00 3b 9f ff ff ff c1 39 ff
source=0: pgn=Seatalk: Pilot Heading(65359): values=ManufacturerCode=(1851) IndustryCode=(4) HeadingTrue=(None) HeadingMagnetic=(84.71 deg)

3  : pgn=129026 line=Tx 10299849 09 f8 02 03 ff fc 4a 40 4f 01 ff ff
source=3: pgn=COG & SOG, Rapid Update(129026): values=COGReference=("0") COG=(94.30 deg) SOG=(3.35 m/s)

3  : pgn=129025 line=Tx 10299849 09 f8 01 03 2a 76 6f 1c 21 6e fd b6
source=3: pgn=Position, Rapid Update(129025): values=Latitude=(47.7066794 deg) Longitude=(-122.49051829999999 deg)

3  : pgn=129291 line=Tx 10299849 0d f9 0b 03 ff fc 4a 26 39 00 ff ff
source=3: pgn=Set & Drift, Rapid Update(129291): values=SetReference=("0") Set=(56.16 deg) Drift=(0.5700000000000001 m/s)

3  : pgn=65362  line=Tx 10299849 1c ff 52 03 3b 9f 90 9d ff ff ff ff
0  : pgn=127250 line=Rx 10299889 09 f1 12 00 ff c1 39 ff 7f ff 7f fd
source=0: pgn=Vessel Heading(127250): values=Heading=(84.71 deg) Deviation=(None) Variation=(None) Reference=("1")

32 : pgn=128259 line=Rx 10299890 09 f5 03 20 0d 21 01 ff ff ff ff ff
source=32: pgn=Speed(128259): values=SpeedWaterReferenced=(2.89 m/s) SpeedGroundReferenced=(None) SpeedWaterReferencedType=(None) SpeedDirection=(None)

0  : pgn=127245 line=Rx 10299891 09 f1 0d 00 00 f8 ff 7f 00 00 ff ff
source=0: pgn=Rudder(127245): values=Instance=(0) DirectionOrder=("0") AngleOrder=(None) Position=(0.00 deg)

0  : pgn=65359  line=Rx 10299899 1c ff 4f 00 3b 9f ff ff ff c1 39 ff
source=0: pgn=Seatalk: Pilot Heading(65359): values=ManufacturerCode=(1851) IndustryCode=(4) HeadingTrue=(None) HeadingMagnetic=(84.71 deg)

3  : pgn=129025 line=Tx 10299949 09 f8 01 03 2a 76 6f 1c 21 6e fd b6
source=3: pgn=Position, Rapid Update(129025): values=Latitude=(47.7066794 deg) Longitude=(-122.49051829999999 deg)

1  : pgn=129038 line=Rx 10299974 11 f8 0e 01 20 1b c3 8a ad df 15 4f
1  : pgn=129038 line=Rx 10299975 11 f8 0e 01 21 62 0e b7 30 2a 68 1c
1  : pgn=129038 line=Rx 10299975 11 f8 0e 01 22 b4 cb 14 00 00 00 00
1  : pgn=129038 line=Rx 10299976 11 f8 0e 01 23 00 ff ff ff 7f f1 fe
32 : pgn=128259 line=Rx 10299989 09 f5 03 20 0e 22 01 ff ff ff ff ff
source=32: pgn=Speed(128259): values=SpeedWaterReferenced=(2.9 m/s) SpeedGroundReferenced=(None) SpeedWaterReferencedType=(None) SpeedDirection=(None)

0  : pgn=127250 line=Rx 10299990 09 f1 12 00 ff c8 39 ff 7f ff 7f fd
source=0: pgn=Vessel Heading(127250): values=Heading=(84.75 deg) Deviation=(None) Variation=(None) Reference=("1")

0  : pgn=127245 line=Rx 10299992 09 f1 0d 00 00 f8 ff 7f 00 00 ff ff
source=0: pgn=Rudder(127245): values=Instance=(0) DirectionOrder=("0") AngleOrder=(None) Position=(0.00 deg)

0  : pgn=65359  line=Rx 10299996 1c ff 4f 00 3b 9f ff ff ff c8 39 ff
source=0: pgn=Seatalk: Pilot Heading(65359): values=ManufacturerCode=(1851) IndustryCode=(4) HeadingTrue=(None) HeadingMagnetic=(84.75 deg)

3  : pgn=129026 line=Tx 10300049 09 f8 02 03 ff fc 4a 40 4f 01 ff ff
source=3: pgn=COG & SOG, Rapid Update(129026): values=COGReference=("0") COG=(94.30 deg) SOG=(3.35 m/s)

3  : pgn=130577 line=Tx 10300050 0d fe 11 03 40 0e c0 6b 4a 40 4f 01
3  : pgn=130577 line=Tx 10300050 0d fe 11 03 41 ff ff ff ff 4a 26 39
3  : pgn=130577 line=Tx 10300050 0d fe 11 03 42 00 ff ff ff ff ff ff
3  : pgn=129025 line=Tx 10300050 09 f8 01 03 2a 76 6f 1c 21 6e fd b6
3  : pgn=130306 line=Tx 10300050 09 fd 02 03 ff 37 03 f1 cf fa ff ff
source=3: pgn=Wind Data(130306): values=WindSpeed=(8.23 m/s) WindAngle=(305.00 deg) Reference=("2")

32 : pgn=128259 line=Rx 10300089 09 f5 03 20 0f 20 01 ff ff ff ff ff
source=32: pgn=Speed(128259): values=SpeedWaterReferenced=(2.88 m/s) SpeedGroundReferenced=(None) SpeedWaterReferencedType=(None) SpeedDirection=(None)

0  : pgn=127250 line=Rx 10300092 09 f1 12 00 ff f2 39 ff 7f ff 7f fd
source=0: pgn=Vessel Heading(127250): values=Heading=(84.99 deg) Deviation=(None) Variation=(None) Reference=("1")

0  : pgn=127245 line=Rx 10300093 09 f1 0d 00 00 f8 ff 7f 00 00 ff ff
source=0: pgn=Rudder(127245): values=Instance=(0) DirectionOrder=("0") AngleOrder=(None) Position=(0.00 deg)

0  : pgn=65359  line=Rx 10300100 1c ff 4f 00 3b 9f ff ff ff f2 39 ff
source=0: pgn=Seatalk: Pilot Heading(65359): values=ManufacturerCode=(1851) IndustryCode=(4) HeadingTrue=(None) HeadingMagnetic=(84.99 deg)

0  : pgn=126975 line=Rx 10300107 1d ef ff 00 c0 08 3b 9f f0 81 9c 81
0  : pgn=126975 line=Rx 10300109 1d ef ff 00 c1 2a 00 ff ff ff ff ff
1  : pgn=129038 line=Rx 10300127 11 f8 0e 01 40 1b c1 d0 26 df 15 51
1  : pgn=129038 line=Rx 10300128 11 f8 0e 01 41 f7 0d b7 e5 eb 63 1c
1  : pgn=129038 line=Rx 10300128 11 f8 0e 01 42 b8 4e 95 00 00 00 00
1  : pgn=129038 line=Rx 10300129 11 f8 0e 01 43 00 09 7a 00 00 f0 fe
1  : pgn=129039 line=Rx 10300131 11 f8 0f 01 e0 1a 12 6c 64 e2 15 d7
1  : pgn=129039 line=Rx 10300131 11 f8 0f 01 e1 f2 09 b7 b7 17 6b 1c
1  : pgn=129039 line=Rx 10300131 11 f8 0f 01 e2 b7 ff ff 00 00 03 00
1  : pgn=129039 line=Rx 10300131 11 f8 0f 01 e3 08 ff ff 00 fc ff ff
3  : pgn=129283 line=Tx 10300152 0d f9 03 03 ff 7f ff ff ff 7f ff ff
source=3: pgn=Cross Track Error(129283): values=XTEmode=(None) NavigationTerminated=("1") XTE=(None)

3  : pgn=129025 line=Tx 10300152 09 f8 01 03 19 76 6f 1c 68 6e fd b6
source=3: pgn=Position, Rapid Update(129025): values=Latitude=(47.7066777 deg) Longitude=(-122.4905112 deg)

3  : pgn=128267 line=Tx 10300152 0d f5 0b 03 ff cb 3c 00 00 00 00 ff
source=3: pgn=Water Depth(128267): values=Depth=(155.63 m) Offset=(0.0 m) Range=(None)

1  : pgn=129038 line=Rx 10300158 11 f8 0e 01 60 1b c1 70 64 01 16 7e
1  : pgn=129038 line=Rx 10300159 11 f8 0e 01 61 36 0c b7 f3 46 69 1c
1  : pgn=129038 line=Rx 10300160 11 f8 0e 01 62 b4 b6 d1 00 00 01 00
1  : pgn=129038 line=Rx 10300160 11 f8 0e 01 63 08 fd 77 3b 00 f0 fe
32 : pgn=128259 line=Rx 10300188 09 f5 03 20 10 1c 01 ff ff ff ff ff
source=32: pgn=Speed(128259): values=SpeedWaterReferenced=(2.84 m/s) SpeedGroundReferenced=(None) SpeedWaterReferencedType=(None) SpeedDirection=(None)

0  : pgn=127250 line=Rx 10300194 09 f1 12 00 ff 15 3a ff 7f ff 7f fd
source=0: pgn=Vessel Heading(127250): values=Heading=(85.19 deg) Deviation=(None) Variation=(None) Reference=("1")

0  : pgn=127245 line=Rx 10300195 09 f1 0d 00 00 f8 ff 7f 00 00 ff ff
source=0: pgn=Rudder(127245): values=Instance=(0) DirectionOrder=("0") AngleOrder=(None) Position=(0.00 deg)

0  : pgn=65359  line=Rx 10300199 1c ff 4f 00 3b 9f ff ff ff 15 3a ff
source=0: pgn=Seatalk: Pilot Heading(65359): values=ManufacturerCode=(1851) IndustryCode=(4) HeadingTrue=(None) HeadingMagnetic=(85.19 deg)

3  : pgn=129026 line=Tx 10300252 09 f8 02 03 ff fc 5c 40 4e 01 ff ff
source=3: pgn=COG & SOG, Rapid Update(129026): values=COGReference=("0") COG=(94.40 deg) SOG=(3.34 m/s)

3  : pgn=129025 line=Tx 10300252 09 f8 01 03 19 76 6f 1c 68 6e fd b6
source=3: pgn=Position, Rapid Update(129025): values=Latitude=(47.7066777 deg) Longitude=(-122.4905112 deg)

3  : pgn=129542 line=Tx 10300252 19 fa 06 03 40 0f 6b 94 01 00 00 00
3  : pgn=129542 line=Tx 10300252 19 fa 06 03 41 00 00 00 00 00 00 00
3  : pgn=129542 line=Tx 10300252 19 fa 06 03 42 00 00 ff ff ff ff ff
3  : pgn=65364  line=Tx 10300252 1c ff 54 03 3b 9f 37 03 f1 cf ff ff
3  : pgn=130846 line=Tx 10300252 1d ff 1e 03 c0 0c 3b 9f 0b 1a 13 cc
source=3: pgn=Furuno: Motion Sensor Status Extended(130846): values=ManufacturerCode=(1216) IndustryCode=(0)

3  : pgn=130846 line=Tx 10300252 1d ff 1e 03 c1 05 01 40 01 ff ff ff
source=3: pgn=Furuno: Motion Sensor Status Extended(130846): values=ManufacturerCode=(1473) IndustryCode=(0)

0  : pgn=127250 line=Rx 10300290 09 f1 12 00 ff 2d 3a ff 7f ff 7f fd
source=0: pgn=Vessel Heading(127250): values=Heading=(85.33 deg) Deviation=(None) Variation=(None) Reference=("1")

32 : pgn=128259 line=Rx 10300290 09 f5 03 20 11 18 01 ff ff ff ff ff
source=32: pgn=Speed(128259): values=SpeedWaterReferenced=(2.8000000000000003 m/s) SpeedGroundReferenced=(None) SpeedWaterReferencedType=(None) SpeedDirection=(None)

0  : pgn=127245 line=Rx 10300291 09 f1 0d 00 00 f8 ff 7f 00 00 ff ff
source=0: pgn=Rudder(127245): values=Instance=(0) DirectionOrder=("0") AngleOrder=(None) Position=(0.00 deg)

32 : pgn=130310 line=Rx 10300293 15 fd 06 20 b2 ff ff ff ff ff ff ff
source=32: pgn=Environmental Parameters (obsolete)(130310): values=WaterTemperature=(None) OutsideAmbientAirTemperature=(None) AtmosphericPressure=(None)

0  : pgn=65359  line=Rx 10300301 1c ff 4f 00 3b 9f ff ff ff 2d 3a ff
source=0: pgn=Seatalk: Pilot Heading(65359): values=ManufacturerCode=(1851) IndustryCode=(4) HeadingTrue=(None) HeadingMagnetic=(85.33 deg)

32 : pgn=128275 line=Rx 10300303 19 f5 13 20 80 0e ff ff ff ff ff ff
32 : pgn=128275 line=Rx 10300308 19 f5 13 20 81 8b ad 3c 00 8b ad 3c
1  : pgn=129038 line=Rx 10300310 11 f8 0e 01 80 1b c1 7c 61 df 15 4a
1  : pgn=129038 line=Rx 10300311 11 f8 0e 01 81 65 0f b7 5d 62 68 1c
1  : pgn=129038 line=Rx 10300312 11 f8 0e 01 82 b4 91 04 00 00 00 00
1  : pgn=129038 line=Rx 10300312 11 f8 0e 01 83 00 ff ff ff 7f f0 fe
32 : pgn=128275 line=Rx 10300313 19 f5 13 20 82 00 ff ff ff ff ff ff
1  : pgn=59936  line=Rx 10300339 18 ea 20 01 00 ee 00 00 00 00 00 00
3  : pgn=129540 line=Tx 10300354 19 fa 04 03 80 9f 8d ff 0d 03 97 1a
source=3: pgn=GNSS Sats in View(129540): values=RangeResidualMode=(None) SatsinView=(141) PRN=(None) Elevation=(4.47 deg) Azimuth=(39.00 deg) SNR=(0.0 dB) Rangeresiduals=(0) Status=("0")

3  : pgn=129540 line=Tx 10300354 19 fa 04 03 81 2e 26 00 00 00 00 00
source=3: pgn=GNSS Sats in View(129540): values=RangeResidualMode=("0") SatsinView=(38) PRN=(0) Elevation=(0.00 deg) Azimuth=(0.00 deg) SNR=(0.0 dB) Rangeresiduals=(0) Status=("0")

3  : pgn=129540 line=Tx 10300354 19 fa 04 03 82 00 f3 0f ff 1d 5c 3d
source=3: pgn=GNSS Sats in View(129540): values=RangeResidualMode=("0") SatsinView=(243) PRN=(15) Elevation=(44.00 deg) Azimuth=(90.00 deg) SNR=(0.0 dB) Rangeresiduals=(0) Status=("0")

3  : pgn=129540 line=Tx 10300354 19 fa 04 03 83 8c 0a 00 00 00 00 f5
source=3: pgn=GNSS Sats in View(129540): values=RangeResidualMode=("0") SatsinView=(10) PRN=(0) Elevation=(0.00 deg) Azimuth=(359.36 deg) SNR=(0.0 dB) Rangeresiduals=(0) Status=("0")

3  : pgn=129540 line=Tx 10300354 19 fa 04 03 84 10 17 13 71 b9 ac 0d
source=3: pgn=GNSS Sats in View(129540): values=RangeResidualMode=("0") SatsinView=(23) PRN=(19) Elevation=(-103.49 deg) Azimuth=(20.05 deg) SNR=(0.0 dB) Rangeresiduals=(0) Status=("0")

3  : pgn=129540 line=Tx 10300354 19 fa 04 03 85 00 00 00 00 f5 12 c5
source=3: pgn=GNSS Sats in View(129540): values=RangeResidualMode=("0") SatsinView=(0) PRN=(0) Elevation=(-16.13 deg) Azimuth=(289.06 deg) SNR=(0.0 dB) Rangeresiduals=(0) Status=("0")

3  : pgn=129540 line=Tx 10300354 19 fa 04 03 86 31 f2 93 ac 0d 00 00
source=3: pgn=GNSS Sats in View(129540): values=RangeResidualMode=("1") SatsinView=(242) PRN=(147) Elevation=(20.05 deg) Azimuth=(0.00 deg) SNR=(0.0 dB) Rangeresiduals=(0) Status=("0")

3  : pgn=129540 line=Tx 10300354 19 fa 04 03 87 00 00 f5 13 ba 02 1f
source=3: pgn=GNSS Sats in View(129540): values=RangeResidualMode=("0") SatsinView=(0) PRN=(245) Elevation=(-102.57 deg) Azimuth=(45.48 deg) SNR=(0.0 dB) Rangeresiduals=(0) Status=("0")

3  : pgn=129540 line=Tx 10300354 19 fa 04 03 88 d8 a0 0f 00 00 00 00
source=3: pgn=GNSS Sats in View(129540): values=RangeResidualMode=("0") SatsinView=(160) PRN=(15) Elevation=(0.00 deg) Azimuth=(0.00 deg) SNR=(0.0 dB) Rangeresiduals=(0) Status=("0")

3  : pgn=129540 line=Tx 10300354 19 fa 04 03 89 f5 15 e8 37 0b 20 ac
source=3: pgn=GNSS Sats in View(129540): values=RangeResidualMode=("1") SatsinView=(21) PRN=(232) Elevation=(16.45 deg) Azimuth=(252.47 deg) SNR=(0.0 dB) Rangeresiduals=(0) Status=("0")

3  : pgn=129540 line=Tx 10300354 19 fa 04 03 8a 0d 00 00 00 00 f5 16
source=3: pgn=GNSS Sats in View(129540): values=RangeResidualMode=("1") SatsinView=(0) PRN=(0) Elevation=(0.00 deg) Azimuth=(33.67 deg) SNR=(0.0 dB) Rangeresiduals=(0) Status=("0")

3  : pgn=129540 line=Tx 10300355 19 fa 04 03 8b d1 15 cf 9c d8 0e 00
source=3: pgn=GNSS Sats in View(129540): values=RangeResidualMode=("1") SatsinView=(21) PRN=(207) Elevation=(-57.78 deg) Azimuth=(0.08 deg) SNR=(0.0 dB) Rangeresiduals=(0) Status=("0")

3  : pgn=129540 line=Tx 10300356 19 fa 04 03 8c 00 00 00 f5 1a ae 0f
source=3: pgn=GNSS Sats in View(129540): values=RangeResidualMode=("0") SatsinView=(0) PRN=(0) Elevation=(39.54 deg) Azimuth=(23.00 deg) SNR=(0.0 dB) Rangeresiduals=(0) Status=("0")

3  : pgn=129540 line=Tx 10300357 19 fa 04 03 8d 5d 1f 1c 0c 00 00 00
source=3: pgn=GNSS Sats in View(129540): values=RangeResidualMode=("1") SatsinView=(31) PRN=(28) Elevation=(0.07 deg) Azimuth=(0.00 deg) SNR=(0.0 dB) Rangeresiduals=(0) Status=("0")

3  : pgn=129540 line=Tx 10300357 19 fa 04 03 8e 00 f5 1b d1 15 ab d2
source=3: pgn=GNSS Sats in View(129540): values=RangeResidualMode=("0") SatsinView=(245) PRN=(27) Elevation=(32.00 deg) Azimuth=(309.00 deg) SNR=(0.0 dB) Rangeresiduals=(0) Status=("0")

3  : pgn=129540 line=Tx 10300359 19 fa 04 03 8f 48 0d 00 00 00 00 f5
source=3: pgn=GNSS Sats in View(129540): values=RangeResidualMode=("0") SatsinView=(13) PRN=(0) Elevation=(0.00 deg) Azimuth=(359.36 deg) SNR=(0.0 dB) Rangeresiduals=(0) Status=("0")

3  : pgn=129540 line=Tx 10300360 19 fa 04 03 90 1d 00 0f a1 67 f0 0a
source=3: pgn=GNSS Sats in View(129540): values=RangeResidualMode=("1") SatsinView=(0) PRN=(15) Elevation=(152.00 deg) Azimuth=(16.04 deg) SNR=(0.0 dB) Rangeresiduals=(0) Status=("0")

3  : pgn=129540 line=Tx 10300360 19 fa 04 03 91 00 00 00 00 f5 23 d1
source=3: pgn=GNSS Sats in View(129540): values=RangeResidualMode=("0") SatsinView=(0) PRN=(0) Elevation=(-16.13 deg) Azimuth=(306.76 deg) SNR=(0.0 dB) Rangeresiduals=(0) Status=("0")

3  : pgn=129540 line=Tx 10300361 19 fa 04 03 92 15 c3 8b 00 00 00 00
source=3: pgn=GNSS Sats in View(129540): values=RangeResidualMode=("1") SatsinView=(195) PRN=(139) Elevation=(0.00 deg) Azimuth=(0.00 deg) SNR=(0.0 dB) Rangeresiduals=(0) Status=("0")

3  : pgn=129540 line=Tx 10300362 19 fa 04 03 93 00 00 f3 30 2e 17 43
source=3: pgn=GNSS Sats in View(129540): values=RangeResidualMode=("0") SatsinView=(0) PRN=(243) Elevation=(67.75 deg) Azimuth=(98.41 deg) SNR=(0.0 dB) Rangeresiduals=(0) Status=("0")

3  : pgn=129540 line=Tx 10300362 19 fa 04 03 94 84 48 0d 00 00 00 00
source=3: pgn=GNSS Sats in View(129540): values=RangeResidualMode=("0") SatsinView=(72) PRN=(13) Elevation=(0.00 deg) Azimuth=(0.00 deg) SNR=(0.0 dB) Rangeresiduals=(0) Status=("0")

3  : pgn=129540 line=Tx 10300363 19 fa 04 03 95 f5 33 80 16 67 6c e4
source=3: pgn=GNSS Sats in View(129540): values=RangeResidualMode=("1") SatsinView=(51) PRN=(128) Elevation=(151.20 deg) Azimuth=(335.04 deg) SNR=(0.0 dB) Rangeresiduals=(0) Status=("0")

3  : pgn=129540 line=Tx 10300364 19 fa 04 03 96 0c 00 00 00 00 f5 ff
source=3: pgn=GNSS Sats in View(129540): values=RangeResidualMode=("0") SatsinView=(0) PRN=(0) Elevation=(0.00 deg) Azimuth=(375.43 deg) SNR=(0.0 dB) Rangeresiduals=(0) Status=("0")

3  : pgn=129025 line=Tx 10300365 09 f8 01 03 19 76 6f 1c 68 6e fd b6
source=3: pgn=Position, Rapid Update(129025): values=Latitude=(47.7066777 deg) Longitude=(-122.4905112 deg)

3  : pgn=127258 line=Tx 10300365 19 f1 1a 03 ff f6 12 39 fa 0a ff ff
source=3: pgn=Magnetic Variation(127258): values=Source=("6") Ageofservice=(14610 d) Variation=(16.10 deg)

32 : pgn=128259 line=Rx 10300388 09 f5 03 20 12 18 01 ff ff ff ff ff
0  : pgn=127250 line=Rx 10300392 09 f1 12 00 ff 5f 3a ff 7f ff 7f fd
source=0: pgn=Vessel Heading(127250): values=Heading=(85.62 deg) Deviation=(None) Variation=(None) Reference=("1")

0  : pgn=127245 line=Rx 10300393 09 f1 0d 00 00 f8 ff 7f 00 00 ff ff
source=0: pgn=Rudder(127245): values=Instance=(0) DirectionOrder=("0") AngleOrder=(None) Position=(0.00 deg)

0  : pgn=65359  line=Rx 10300397 1c ff 4f 00 3b 9f ff ff ff 5f 3a ff
source=0: pgn=Seatalk: Pilot Heading(65359): values=ManufacturerCode=(1851) IndustryCode=(4) HeadingTrue=(None) HeadingMagnetic=(85.62 deg)

4  : pgn=65384  line=Rx 10300408 1c ff 68 04 3b 9f 00 00 00 00 00 00
3  : pgn=129026 line=Tx 10300454 09 f8 02 03 ff fc 7f 40 4e 01 ff ff
source=3: pgn=COG & SOG, Rapid Update(129026): values=COGReference=("0") COG=(94.60 deg) SOG=(3.34 m/s)

3  : pgn=129025 line=Tx 10300454 09 f8 01 03 ff 75 6f 1c 25 6f fd b6
source=3: pgn=Position, Rapid Update(129025): values=Latitude=(47.7066751 deg) Longitude=(-122.4904923 deg)

1  : pgn=129038 line=Rx 10300461 11 f8 0e 01 a0 1b c1 8a ff e7 15 7b
1  : pgn=129038 line=Rx 10300462 11 f8 0e 01 a1 66 0e b7 98 30 68 1c
1  : pgn=129038 line=Rx 10300462 11 f8 0e 01 a2 b4 b9 0e 00 00 00 00
1  : pgn=129038 line=Rx 10300463 11 f8 0e 01 a3 00 ff ff ff 7f ff fe
32 : pgn=128259 line=Rx 10300487 09 f5 03 20 13 1c 01 ff ff ff ff ff
source=32: pgn=Speed(128259): values=SpeedWaterReferenced=(2.84 m/s) SpeedGroundReferenced=(None) SpeedWaterReferencedType=(None) SpeedDirection=(None)

0  : pgn=127250 line=Rx 10300492 09 f1 12 00 ff 73 3a ff 7f ff 7f fd
source=0: pgn=Vessel Heading(127250): values=Heading=(85.73 deg) Deviation=(None) Variation=(None) Reference=("1")

0  : pgn=127245 line=Rx 10300493 09 f1 0d 00 00 f8 ff 7f 00 00 ff ff
source=0: pgn=Rudder(127245): values=Instance=(0) DirectionOrder=("0") AngleOrder=(None) Position=(0.00 deg)

0  : pgn=65359  line=Rx 10300499 1c ff 4f 00 3b 9f ff ff ff 73 3a ff
source=0: pgn=Seatalk: Pilot Heading(65359): values=ManufacturerCode=(1851) IndustryCode=(4) HeadingTrue=(None) HeadingMagnetic=(85.73 deg)

3  : pgn=129029 line=Tx 10300554 0d f8 05 03 40 2b 6b 06 40 66 47 0d
3  : pgn=129029 line=Tx 10300554 0d f8 05 03 41 2c 00 36 81 b3 ae e1
3  : pgn=129029 line=Tx 10300554 0d f8 05 03 42 9e 06 00 32 f5 5c 76
3  : pgn=129029 line=Tx 10300554 0d f8 05 03 43 43 00 ef ff ff ff ff
3  : pgn=129029 line=Tx 10300554 0d f8 05 03 44 ff ff ff 7f 23 fc 09
3  : pgn=129029 line=Tx 10300554 0d f8 05 03 45 54 00 ff 7f ff ff ff
3  : pgn=129029 line=Tx 10300554 0d f8 05 03 46 7f 00 ff ff ff ff ff
3  : pgn=129025 line=Tx 10300554 09 f8 01 03 ff 75 6f 1c 25 6f fd b6
source=3: pgn=Position, Rapid Update(129025): values=Latitude=(47.7066751 deg) Longitude=(-122.4904923 deg)

3  : pgn=129033 line=Tx 10300554 0d f8 09 03 06 40 66 47 0d 2c 5c fe
source=3: pgn=Time & Date(129033): values=Date=(16390 d) Time=(73906.77500000001 s) LocalOffset=(-25200.0 s)

32 : pgn=128259 line=Rx 10300587 09 f5 03 20 14 1f 01 ff ff ff ff ff
source=32: pgn=Speed(128259): values=SpeedWaterReferenced=(2.87 m/s) SpeedGroundReferenced=(None) SpeedWaterReferencedType=(None) SpeedDirection=(None)

0  : pgn=127250 line=Rx 10300598 09 f1 12 00 ff 94 3a ff 7f ff 7f fd
source=0: pgn=Vessel Heading(127250): values=Heading=(85.92 deg) Deviation=(None) Variation=(None) Reference=("1")

0  : pgn=127245 line=Rx 10300598 09 f1 0d 00 00 f8 ff 7f 00 00 ff ff
source=0: pgn=Rudder(127245): values=Instance=(0) DirectionOrder=("0") AngleOrder=(None) Position=(0.00 deg)

0  : pgn=65379  line=Rx 10300603 1c ff 63 00 3b 9f 00 00 00 00 01 ff
source=0: pgn=Seatalk: Pilot Mode(65379): values=ManufacturerCode=(1851) IndustryCode=(4) PilotMode=(0) SubMode=(0) PilotModeData=(0)

0  : pgn=65359  line=Rx 10300604 1c ff 4f 00 3b 9f ff ff ff 94 3a ff
source=0: pgn=Seatalk: Pilot Heading(65359): values=ManufacturerCode=(1851) IndustryCode=(4) HeadingTrue=(None) HeadingMagnetic=(85.92 deg)

0  : pgn=126975 line=Rx 10300605 1d ef ff 00 e0 0d 3b 9f f0 81 84 06
0  : pgn=126975 line=Rx 10300607 1d ef ff 00 e1 2b ac 00 00 00 02 05
1  : pgn=129038 line=Rx 10300614 11 f8 0e 01 c0 1b c1 58 f2 20 0d 77
1  : pgn=129038 line=Rx 10300614 11 f8 0e 01 c1 88 13 b7 2f 4d 5d 1c
1  : pgn=129038 line=Rx 10300614 11 f8 0e 01 c2 b4 b1 82 25 01 00 00
1  : pgn=129038 line=Rx 10300615 11 f8 0e 01 c3 00 14 7c 00 00 f5 fe
3  : pgn=129026 line=Tx 10300657 09 f8 02 03 ff fc 90 40 4f 01 ff ff
source=3: pgn=COG & SOG, Rapid Update(129026): values=COGReference=("0") COG=(94.70 deg) SOG=(3.35 m/s)

3  : pgn=129025 line=Tx 10300657 09 f8 01 03 ea 75 6f 1c 7c 6f fd b6
source=3: pgn=Position, Rapid Update(129025): values=Latitude=(47.706672999999995 deg) Longitude=(-122.49048359999999 deg)

3  : pgn=126992 line=Tx 10300658 0d f0 10 03 ff ff 06 40 b4 53 0d 2c
source=3: pgn=System Time(126992): values=Source=(None) Date=(16390 d) Time=(73907.09 s)

32 : pgn=128259 line=Rx 10300686 09 f5 03 20 15 24 01 ff ff ff ff ff
source=32: pgn=Speed(128259): values=SpeedWaterReferenced=(2.92 m/s) SpeedGroundReferenced=(None) SpeedWaterReferencedType=(None) SpeedDirection=(None)

0  : pgn=127250 line=Rx 10300696 09 f1 12 00 ff a9 3a ff 7f ff 7f fd
source=0: pgn=Vessel Heading(127250): values=Heading=(86.04 deg) Deviation=(None) Variation=(None) Reference=("1")

0  : pgn=127245 line=Rx 10300697 09 f1 0d 00 00 f8 ff 7f 00 00 ff ff
source=0: pgn=Rudder(127245): values=Instance=(0) DirectionOrder=("0") AngleOrder=(None) Position=(0.00 deg)

0  : pgn=65359  line=Rx 10300704 1c ff 4f 00 3b 9f ff ff ff a9 3a ff
source=0: pgn=Seatalk: Pilot Heading(65359): values=ManufacturerCode=(1851) IndustryCode=(4) HeadingTrue=(None) HeadingMagnetic=(86.04 deg)

1  : pgn=129038 line=Rx 10300707 11 f8 0e 01 e0 1b c1 12 f9 de 15 2e
1  : pgn=129038 line=Rx 10300708 11 f8 0e 01 e1 85 10 b7 a1 76 67 1c
1  : pgn=129038 line=Rx 10300708 11 f8 0e 01 e2 bb 4d e9 00 00 01 00
1  : pgn=129038 line=Rx 10300709 11 f8 0e 01 e3 08 88 90 00 00 f0 fe
0  : pgn=126975 line=Rx 10300721 1d ef ff 00 00 09 3b 9f f0 81 ae 02
0  : pgn=126975 line=Rx 10300723 1d ef ff 00 01 00 08 00 ff ff ff ff
32 : pgn=65368  line=Rx 10300730 1c ff 58 20 3b 9f 35 56 71 ff ff ff
3  : pgn=129025 line=Tx 10300758 09 f8 01 03 ea 75 6f 1c 7c 6f fd b6
source=3: pgn=Position, Rapid Update(129025): values=Latitude=(47.706672999999995 deg) Longitude=(-122.49048359999999 deg)

32 : pgn=128259 line=Rx 10300786 09 f5 03 20 16 27 01 ff ff ff ff ff
source=32: pgn=Speed(128259): values=SpeedWaterReferenced=(2.95 m/s) SpeedGroundReferenced=(None) SpeedWaterReferencedType=(None) SpeedDirection=(None)

0  : pgn=127250 line=Rx 10300792 09 f1 12 00 ff b2 3a ff 7f ff 7f fd
source=0: pgn=Vessel Heading(127250): values=Heading=(86.09 deg) Deviation=(None) Variation=(None) Reference=("1")

0  : pgn=127245 line=Rx 10300792 09 f1 0d 00 00 f8 ff 7f 00 00 ff ff
source=0: pgn=Rudder(127245): values=Instance=(0) DirectionOrder=("0") AngleOrder=(None) Position=(0.00 deg)

0  : pgn=65359  line=Rx 10300798 1c ff 4f 00 3b 9f ff ff ff b2 3a ff
source=0: pgn=Seatalk: Pilot Heading(65359): values=ManufacturerCode=(1851) IndustryCode=(4) HeadingTrue=(None) HeadingMagnetic=(86.09 deg)

3  : pgn=129026 line=Tx 10300860 09 f8 02 03 ff fc 90 40 4f 01 ff ff
source=3: pgn=COG & SOG, Rapid Update(129026): values=COGReference=("0") COG=(94.70 deg) SOG=(3.35 m/s)

3  : pgn=129025 line=Tx 10300860 09 f8 01 03 ea 75 6f 1c 7c 6f fd b6
source=3: pgn=Position, Rapid Update(129025): values=Latitude=(47.706672999999995 deg) Longitude=(-122.49048359999999 deg)

3  : pgn=129291 line=Tx 10300860 0d f9 0b 03 ff fc a8 29 3e 00 ff ff
source=3: pgn=Set & Drift, Rapid Update(129291): values=SetReference=("0") Set=(61.10 deg) Drift=(0.62 m/s)

1  : pgn=129038 line=Rx 10300860 11 f8 0e 01 00 1b c1 aa 4a dc 15 22
source=1: pgn=AIS Class A Position Report(129038): values=MessageID=(0) RepeatIndicator=("0") UserID=(1252704539) Longitude=(0.0 deg) Latitude=(0.0 deg) PositionAccuracy=("0") RAIM=("0") TimeStamp=("0") COG=(0.00 deg) SOG=(0.0 m/s) CommunicationState=(0) AISTransceiverinformation=("0") Heading=(0.00 deg) RateofTurn=(0.00 deg/s) NavStatus=("0") SpecialManeuverIndicator=("0") Spare=(0) SequenceID=(0)

1  : pgn=129038 line=Rx 10300861 11 f8 0e 01 01 6f 14 b7 2b 61 66 1c
source=1: pgn=AIS Class A Position Report(129038): values=MessageID=(1) RepeatIndicator=("0") UserID=(733418607) Longitude=(0.0 deg) Latitude=(0.0 deg) PositionAccuracy=("0") RAIM=("0") TimeStamp=("0") COG=(0.00 deg) SOG=(0.0 m/s) CommunicationState=(0) AISTransceiverinformation=("0") Heading=(0.00 deg) RateofTurn=(0.00 deg/s) NavStatus=("0") SpecialManeuverIndicator=("0") Spare=(0) SequenceID=(0)

1  : pgn=129038 line=Rx 10300863 11 f8 0e 01 02 b8 9c 09 00 00 00 00
source=1: pgn=AIS Class A Position Report(129038): values=MessageID=(2) RepeatIndicator=("0") UserID=(629944) Longitude=(0.0 deg) Latitude=(0.0 deg) PositionAccuracy=("0") RAIM=("0") TimeStamp=("0") COG=(0.00 deg) SOG=(0.0 m/s) CommunicationState=(0) AISTransceiverinformation=("0") Heading=(0.00 deg) RateofTurn=(0.00 deg/s) NavStatus=("0") SpecialManeuverIndicator=("0") Spare=(0) SequenceID=(0)

1  : pgn=129038 line=Rx 10300864 11 f8 0e 01 03 00 ff ff ff 7f f0 fe
source=1: pgn=AIS Class A Position Report(129038): values=MessageID=(3) RepeatIndicator=("0") UserID=(4294967040) Longitude=(0.0 deg) Latitude=(0.0 deg) PositionAccuracy=("0") RAIM=("0") TimeStamp=("0") COG=(0.00 deg) SOG=(0.0 m/s) CommunicationState=(0) AISTransceiverinformation=("0") Heading=(0.00 deg) RateofTurn=(0.00 deg/s) NavStatus=("0") SpecialManeuverIndicator=("0") Spare=(0) SequenceID=(0)

32 : pgn=128259 line=Rx 10300885 09 f5 03 20 17 29 01 ff ff ff ff ff
source=32: pgn=Speed(128259): values=SpeedWaterReferenced=(2.97 m/s) SpeedGroundReferenced=(None) SpeedWaterReferencedType=(None) SpeedDirection=(None)

0  : pgn=127250 line=Rx 10300901 09 f1 12 00 ff c0 3a ff 7f ff 7f fd
source=0: pgn=Vessel Heading(127250): values=Heading=(86.17 deg) Deviation=(None) Variation=(None) Reference=("1")

0  : pgn=127245 line=Rx 10300904 09 f1 0d 00 00 f8 ff 7f 00 00 ff ff
source=0: pgn=Rudder(127245): values=Instance=(0) DirectionOrder=("0") AngleOrder=(None) Position=(0.00 deg)

0  : pgn=65359  line=Rx 10300908 1c ff 4f 00 3b 9f ff ff ff c0 3a ff
source=0: pgn=Seatalk: Pilot Heading(65359): values=ManufacturerCode=(1851) IndustryCode=(4) HeadingTrue=(None) HeadingMagnetic=(86.17 deg)

3  : pgn=129025 line=Tx 10300961 09 f8 01 03 dc 75 6f 1c 13 70 fd b6
source=3: pgn=Position, Rapid Update(129025): values=Latitude=(47.7066716 deg) Longitude=(-122.49046849999999 deg)

32 : pgn=128259 line=Rx 10300985 09 f5 03 20 18 2c 01 ff ff ff ff ff
source=32: pgn=Speed(128259): values=SpeedWaterReferenced=(3.0 m/s) SpeedGroundReferenced=(None) SpeedWaterReferencedType=(None) SpeedDirection=(None)

0  : pgn=127250 line=Rx 10300991 09 f1 12 00 ff c7 3a ff 7f ff 7f fd
source=0: pgn=Vessel Heading(127250): values=Heading=(86.21 deg) Deviation=(None) Variation=(None) Reference=("1")

0  : pgn=127245 line=Rx 10300992 09 f1 0d 00 00 f8 ff 7f 00 00 ff ff
source=0: pgn=Rudder(127245): values=Instance=(0) DirectionOrder=("0") AngleOrder=(None) Position=(0.00 deg)

0  : pgn=65359  line=Rx 10300996 1c ff 4f 00 3b 9f ff ff ff c7 3a ff
source=0: pgn=Seatalk: Pilot Heading(65359): values=ManufacturerCode=(1851) IndustryCode=(4) HeadingTrue=(None) HeadingMagnetic=(86.21 deg)

3  : pgn=129026 line=Tx 10301061 09 f8 02 03 ff fc 90 40 4f 01 ff ff
source=3: pgn=COG & SOG, Rapid Update(129026): values=COGReference=("0") COG=(94.70 deg) SOG=(3.35 m/s)

3  : pgn=130577 line=Tx 10301061 0d fe 11 03 60 0e c0 6c 90 40 4f 01
3  : pgn=130577 line=Tx 10301061 0d fe 11 03 61 ff ff ff ff a8 29 3e
3  : pgn=130577 line=Tx 10301061 0d fe 11 03 62 00 ff ff ff ff ff ff
3  : pgn=129025 line=Tx 10301061 09 f8 01 03 dc 75 6f 1c 13 70 fd b6
3  : pgn=130306 line=Tx 10301061 09 fd 02 03 ff 4c 03 93 ce fa ff ff
source=3: pgn=Wind Data(130306): values=WindSpeed=(8.44 m/s) WindAngle=(303.00 deg) Reference=("2")

4  : pgn=126975 line=Rx 10301067 1d ef ff 04 40 07 3b 9f f0 81 90 00
4  : pgn=126975 line=Rx 10301068 1d ef ff 04 41 03 ff ff ff ff ff ff
32 : pgn=128259 line=Rx 10301084 09 f5 03 20 19 2f 01 ff ff ff ff ff
source=32: pgn=Speed(128259): values=SpeedWaterReferenced=(3.0300000000000002 m/s) SpeedGroundReferenced=(None) SpeedWaterReferencedType=(None) SpeedDirection=(None)

0  : pgn=127250 line=Rx 10301101 09 f1 12 00 ff db 3a ff 7f ff 7f fd
source=0: pgn=Vessel Heading(127250): values=Heading=(86.33 deg) Deviation=(None) Variation=(None) Reference=("1")

0  : pgn=127245 line=Rx 10301101 09 f1 0d 00 00 f8 ff 7f 00 00 ff ff
source=0: pgn=Rudder(127245): values=Instance=(0) DirectionOrder=("0") AngleOrder=(None) Position=(0.00 deg)

0  : pgn=65359  line=Rx 10301108 1c ff 4f 00 3b 9f ff ff ff db 3a ff
source=0: pgn=Seatalk: Pilot Heading(65359): values=ManufacturerCode=(1851) IndustryCode=(4) HeadingTrue=(None) HeadingMagnetic=(86.33 deg)

0  : pgn=126975 line=Rx 10301110 1d ef ff 00 20 08 3b 9f f0 81 9c 41
0  : pgn=126975 line=Rx 10301112 1d ef ff 00 21 2b 00 ff ff ff ff ff
3  : pgn=129283 line=Tx 10301162 0d f9 03 03 ff 7f ff ff ff 7f ff ff
source=3: pgn=Cross Track Error(129283): values=XTEmode=(None) NavigationTerminated=("1") XTE=(None)

3  : pgn=129025 line=Tx 10301162 09 f8 01 03 dc 75 6f 1c 13 70 fd b6
source=3: pgn=Position, Rapid Update(129025): values=Latitude=(47.7066716 deg) Longitude=(-122.49046849999999 deg)

3  : pgn=128267 line=Tx 10301162 0d f5 0b 03 ff cb 3c 00 00 00 00 ff
source=3: pgn=Water Depth(128267): values=Depth=(155.63 m) Offset=(0.0 m) Range=(None)

32 : pgn=128259 line=Rx 10301184 09 f5 03 20 1a 32 01 ff ff ff ff ff
source=32: pgn=Speed(128259): values=SpeedWaterReferenced=(3.06 m/s) SpeedGroundReferenced=(None) SpeedWaterReferencedType=(None) SpeedDirection=(None)

0  : pgn=127250 line=Rx 10301190 09 f1 12 00 ff f5 3a ff 7f ff 7f fd
source=0: pgn=Vessel Heading(127250): values=Heading=(86.48 deg) Deviation=(None) Variation=(None) Reference=("1")

0  : pgn=127245 line=Rx 10301191 09 f1 0d 00 00 f8 ff 7f 00 00 ff ff
source=0: pgn=Rudder(127245): values=Instance=(0) DirectionOrder=("0") AngleOrder=(None) Position=(0.00 deg)

1  : pgn=129038 line=Rx 10301193 11 f8 0e 01 20 1b c1 58 f2 20 0d 61
1  : pgn=129038 line=Rx 10301194 11 f8 0e 01 21 86 13 b7 a7 4a 5d 1c
1  : pgn=129038 line=Rx 10301195 11 f8 0e 01 22 b8 b1 82 25 01 00 00
1  : pgn=129038 line=Rx 10301195 11 f8 0e 01 23 00 14 7c 00 00 f5 fe
0  : pgn=65359  line=Rx 10301198 1c ff 4f 00 3b 9f ff ff ff f5 3a ff
source=0: pgn=Seatalk: Pilot Heading(65359): values=ManufacturerCode=(1851) IndustryCode=(4) HeadingTrue=(None) HeadingMagnetic=(86.48 deg)

1  : pgn=129038 line=Rx 10301223 11 f8 0e 01 40 1b c1 00 b9 ef 15 02
1  : pgn=129038 line=Rx 10301224 11 f8 0e 01 41 62 0e b7 f7 a4 63 1c
1  : pgn=129038 line=Rx 10301224 11 f8 0e 01 42 bc 11 00 00 00 00 00
1  : pgn=129038 line=Rx 10301225 11 f8 0e 01 43 00 c3 7c 00 00 f0 fe
3  : pgn=129026 line=Tx 10301261 09 f8 02 03 ff fc 90 40 4f 01 ff ff
source=3: pgn=COG & SOG, Rapid Update(129026): values=COGReference=("0") COG=(94.70 deg) SOG=(3.35 m/s)

3  : pgn=129025 line=Tx 10301261 09 f8 01 03 d7 75 6f 1c 63 70 fd b6
source=3: pgn=Position, Rapid Update(129025): values=Latitude=(47.7066711 deg) Longitude=(-122.4904605 deg)

3  : pgn=129542 line=Tx 10301262 19 fa 06 03 60 0f 6c 7d 01 00 00 00
3  : pgn=129542 line=Tx 10301262 19 fa 06 03 61 00 00 00 00 00 00 00
3  : pgn=129542 line=Tx 10301262 19 fa 06 03 62 00 00 ff ff ff ff ff
3  : pgn=65364  line=Tx 10301262 1c ff 54 03 3b 9f 4c 03 93 ce ff ff
32 : pgn=128259 line=Rx 10301285 09 f5 03 20 1b 32 01 ff ff ff ff ff
source=32: pgn=Speed(128259): values=SpeedWaterReferenced=(3.06 m/s) SpeedGroundReferenced=(None) SpeedWaterReferencedType=(None) SpeedDirection=(None)

32 : pgn=130310 line=Rx 10301288 15 fd 06 20 b3 ff ff ff ff ff ff ff
source=32: pgn=Environmental Parameters (obsolete)(130310): values=WaterTemperature=(None) OutsideAmbientAirTemperature=(None) AtmosphericPressure=(None)

0  : pgn=127250 line=Rx 10301292 09 f1 12 00 ff 04 3b ff 7f ff 7f fd
source=0: pgn=Vessel Heading(127250): values=Heading=(86.56 deg) Deviation=(None) Variation=(None) Reference=("1")

0  : pgn=127245 line=Rx 10301294 09 f1 0d 00 00 f8 ff 7f 00 00 ff ff
source=0: pgn=Rudder(127245): values=Instance=(0) DirectionOrder=("0") AngleOrder=(None) Position=(0.00 deg)

32 : pgn=128275 line=Rx 10301298 19 f5 13 20 a0 0e ff ff ff ff ff ff
0  : pgn=65359  line=Rx 10301301 1c ff 4f 00 3b 9f ff ff ff 04 3b ff
source=0: pgn=Seatalk: Pilot Heading(65359): values=ManufacturerCode=(1851) IndustryCode=(4) HeadingTrue=(None) HeadingMagnetic=(86.56 deg)

32 : pgn=128275 line=Rx 10301303 19 f5 13 20 a1 9d ad 3c 00 9d ad 3c
32 : pgn=128275 line=Rx 10301308 19 f5 13 20 a2 00 ff ff ff ff ff ff
1  : pgn=59936  line=Rx 10301344 18 ea 20 01 00 ee 00 00 00 00 00 00
3  : pgn=129540 line=Tx 10301368 19 fa 04 03 a0 9f 8e ff 0d 03 97 1a
source=3: pgn=GNSS Sats in View(129540): values=RangeResidualMode=(None) SatsinView=(142) PRN=(None) Elevation=(4.47 deg) Azimuth=(39.00 deg) SNR=(0.0 dB) Rangeresiduals=(0) Status=("0")

3  : pgn=129540 line=Tx 10301368 19 fa 04 03 a1 2e 26 00 00 00 00 00
source=3: pgn=GNSS Sats in View(129540): values=RangeResidualMode=("0") SatsinView=(38) PRN=(0) Elevation=(0.00 deg) Azimuth=(0.00 deg) SNR=(0.0 dB) Rangeresiduals=(0) Status=("0")

3  : pgn=129540 line=Tx 10301368 19 fa 04 03 a2 00 f3 0f ff 1d 5c 3d
source=3: pgn=GNSS Sats in View(129540): values=RangeResidualMode=("0") SatsinView=(243) PRN=(15) Elevation=(44.00 deg) Azimuth=(90.00 deg) SNR=(0.0 dB) Rangeresiduals=(0) Status=("0")

3  : pgn=129540 line=Tx 10301368 19 fa 04 03 a3 80 0c 00 00 00 00 f5
source=3: pgn=GNSS Sats in View(129540): values=RangeResidualMode=("0") SatsinView=(12) PRN=(0) Elevation=(0.00 deg) Azimuth=(359.36 deg) SNR=(0.0 dB) Rangeresiduals=(0) Status=("0")

3  : pgn=129540 line=Tx 10301368 19 fa 04 03 a4 10 17 13 71 b9 74 0e
source=3: pgn=GNSS Sats in View(129540): values=RangeResidualMode=("0") SatsinView=(23) PRN=(19) Elevation=(-103.49 deg) Azimuth=(21.20 deg) SNR=(0.0 dB) Rangeresiduals=(0) Status=("0")

3  : pgn=129540 line=Tx 10301368 19 fa 04 03 a5 00 00 00 00 f5 12 c5
source=3: pgn=GNSS Sats in View(129540): values=RangeResidualMode=("0") SatsinView=(0) PRN=(0) Elevation=(-16.13 deg) Azimuth=(289.06 deg) SNR=(0.0 dB) Rangeresiduals=(0) Status=("0")

3  : pgn=129540 line=Tx 10301368 19 fa 04 03 a6 31 f2 93 74 0e 00 00
source=3: pgn=GNSS Sats in View(129540): values=RangeResidualMode=("1") SatsinView=(242) PRN=(147) Elevation=(21.20 deg) Azimuth=(0.00 deg) SNR=(0.0 dB) Rangeresiduals=(0) Status=("0")

3  : pgn=129540 line=Tx 10301368 19 fa 04 03 a7 00 00 f5 13 ba 02 1f
source=3: pgn=GNSS Sats in View(129540): values=RangeResidualMode=("0") SatsinView=(0) PRN=(245) Elevation=(-102.57 deg) Azimuth=(45.48 deg) SNR=(0.0 dB) Rangeresiduals=(0) Status=("0")

3  : pgn=129540 line=Tx 10301368 19 fa 04 03 a8 d8 cc 10 00 00 00 00
source=3: pgn=GNSS Sats in View(129540): values=RangeResidualMode=("0") SatsinView=(204) PRN=(16) Elevation=(0.00 deg) Azimuth=(0.00 deg) SNR=(0.0 dB) Rangeresiduals=(0) Status=("0")

3  : pgn=129540 line=Tx 10301368 19 fa 04 03 a9 f5 15 e8 37 0b 20 e4
source=3: pgn=GNSS Sats in View(129540): values=RangeResidualMode=("1") SatsinView=(21) PRN=(232) Elevation=(16.45 deg) Azimuth=(334.61 deg) SNR=(0.0 dB) Rangeresiduals=(0) Status=("0")

3  : pgn=129540 line=Tx 10301368 19 fa 04 03 aa 0c 00 00 00 00 f5 16
source=3: pgn=GNSS Sats in View(129540): values=RangeResidualMode=("0") SatsinView=(0) PRN=(0) Elevation=(0.00 deg) Azimuth=(33.67 deg) SNR=(0.0 dB) Rangeresiduals=(0) Status=("0")

3  : pgn=129540 line=Tx 10301369 19 fa 04 03 ab d1 15 cf 9c 68 10 00
source=3: pgn=GNSS Sats in View(129540): values=RangeResidualMode=("1") SatsinView=(21) PRN=(207) Elevation=(153.44 deg) Azimuth=(0.09 deg) SNR=(0.0 dB) Rangeresiduals=(0) Status=("0")

3  : pgn=129540 line=Tx 10301370 19 fa 04 03 ac 00 00 00 f5 1a ae 0f
source=3: pgn=GNSS Sats in View(129540): values=RangeResidualMode=("0") SatsinView=(0) PRN=(0) Elevation=(39.54 deg) Azimuth=(23.00 deg) SNR=(0.0 dB) Rangeresiduals=(0) Status=("0")

3  : pgn=129540 line=Tx 10301370 19 fa 04 03 ad 5d 1f 1c 0c 00 00 00
source=3: pgn=GNSS Sats in View(129540): values=RangeResidualMode=("1") SatsinView=(31) PRN=(28) Elevation=(0.07 deg) Azimuth=(0.00 deg) SNR=(0.0 dB) Rangeresiduals=(0) Status=("0")

3  : pgn=129540 line=Tx 10301371 19 fa 04 03 ae 00 f5 1b d1 15 ab d2
source=3: pgn=GNSS Sats in View(129540): values=RangeResidualMode=("0") SatsinView=(245) PRN=(27) Elevation=(32.00 deg) Azimuth=(309.00 deg) SNR=(0.0 dB) Rangeresiduals=(0) Status=("0")

3  : pgn=129540 line=Tx 10301372 19 fa 04 03 af 3c 0f 00 00 00 00 f5
source=3: pgn=GNSS Sats in View(129540): values=RangeResidualMode=("0") SatsinView=(15) PRN=(0) Elevation=(0.00 deg) Azimuth=(359.36 deg) SNR=(0.0 dB) Rangeresiduals=(0) Status=("0")

3  : pgn=129540 line=Tx 10301374 19 fa 04 03 b0 1d 00 0f a1 67 80 0c
source=3: pgn=GNSS Sats in View(129540): values=RangeResidualMode=("1") SatsinView=(0) PRN=(15) Elevation=(152.00 deg) Azimuth=(18.33 deg) SNR=(0.0 dB) Rangeresiduals=(0) Status=("0")

3  : pgn=129540 line=Tx 10301374 19 fa 04 03 b1 00 00 00 00 f5 23 d1
source=3: pgn=GNSS Sats in View(129540): values=RangeResidualMode=("0") SatsinView=(0) PRN=(0) Elevation=(-16.13 deg) Azimuth=(306.76 deg) SNR=(0.0 dB) Rangeresiduals=(0) Status=("0")

3  : pgn=129540 line=Tx 10301375 19 fa 04 03 b2 15 c3 8b 00 00 00 00
source=3: pgn=GNSS Sats in View(129540): values=RangeResidualMode=("1") SatsinView=(195) PRN=(139) Elevation=(0.00 deg) Azimuth=(0.00 deg) SNR=(0.0 dB) Rangeresiduals=(0) Status=("0")

3  : pgn=129540 line=Tx 10301376 19 fa 04 03 b3 00 00 f3 30 2e 17 43
source=3: pgn=GNSS Sats in View(129540): values=RangeResidualMode=("0") SatsinView=(0) PRN=(243) Elevation=(67.75 deg) Azimuth=(98.41 deg) SNR=(0.0 dB) Rangeresiduals=(0) Status=("0")

3  : pgn=129540 line=Tx 10301376 19 fa 04 03 b4 84 54 0b 00 00 00 00
source=3: pgn=GNSS Sats in View(129540): values=RangeResidualMode=("0") SatsinView=(84) PRN=(11) Elevation=(0.00 deg) Azimuth=(0.00 deg) SNR=(0.0 dB) Rangeresiduals=(0) Status=("0")

3  : pgn=129540 line=Tx 10301377 19 fa 04 03 b5 f5 33 80 16 67 6c 48
source=3: pgn=GNSS Sats in View(129540): values=RangeResidualMode=("1") SatsinView=(51) PRN=(128) Elevation=(151.20 deg) Azimuth=(106.23 deg) SNR=(0.0 dB) Rangeresiduals=(0) Status=("0")

3  : pgn=129540 line=Tx 10301378 19 fa 04 03 b6 0d 00 00 00 00 f5 ff
source=3: pgn=GNSS Sats in View(129540): values=RangeResidualMode=("1") SatsinView=(0) PRN=(0) Elevation=(0.00 deg) Azimuth=(375.43 deg) SNR=(0.0 dB) Rangeresiduals=(0) Status=("0")

3  : pgn=129025 line=Tx 10301378 09 f8 01 03 d7 75 6f 1c 63 70 fd b6
source=3: pgn=Position, Rapid Update(129025): values=Latitude=(47.7066711 deg) Longitude=(-122.4904605 deg)

3  : pgn=127258 line=Tx 10301380 19 f1 1a 03 ff f6 12 39 fa 0a ff ff
source=3: pgn=Magnetic Variation(127258): values=Source=("6") Ageofservice=(14610 d) Variation=(16.10 deg)

32 : pgn=128259 line=Rx 10301383 09 f5 03 20 1c 32 01 ff ff ff ff ff
0  : pgn=127250 line=Rx 10301403 09 f1 12 00 ff 37 3b ff 7f ff 7f fd
source=0: pgn=Vessel Heading(127250): values=Heading=(86.85 deg) Deviation=(None) Variation=(None) Reference=("1")

0  : pgn=127245 line=Rx 10301403 09 f1 0d 00 00 f8 ff 7f 00 00 ff ff
source=0: pgn=Rudder(127245): values=Instance=(0) DirectionOrder=("0") AngleOrder=(None) Position=(0.00 deg)

4  : pgn=65384  line=Rx 10301408 1c ff 68 04 3b 9f 00 00 00 00 00 00
0  : pgn=65359  line=Rx 10301408 1c ff 4f 00 3b 9f ff ff ff 37 3b ff
source=0: pgn=Seatalk: Pilot Heading(65359): values=ManufacturerCode=(1851) IndustryCode=(4) HeadingTrue=(None) HeadingMagnetic=(86.85 deg)

3  : pgn=129026 line=Tx 10301463 09 f8 02 03 ff fc 7f 40 4f 01 ff ff
source=3: pgn=COG & SOG, Rapid Update(129026): values=COGReference=("0") COG=(94.60 deg) SOG=(3.35 m/s)

3  : pgn=129025 line=Tx 10301463 09 f8 01 03 cf 75 6f 1c af 70 fd b6
source=3: pgn=Position, Rapid Update(129025): values=Latitude=(47.7066703 deg) Longitude=(-122.4904529 deg)

32 : pgn=128259 line=Rx 10301482 09 f5 03 20 1d 3a 01 ff ff ff ff ff
source=32: pgn=Speed(128259): values=SpeedWaterReferenced=(3.14 m/s) SpeedGroundReferenced=(None) SpeedWaterReferencedType=(None) SpeedDirection=(None)

0  : pgn=127250 line=Rx 10301504 09 f1 12 00 ff 78 3b ff 7f ff 7f fd
source=0: pgn=Vessel Heading(127250): values=Heading=(87.23 deg) Deviation=(None) Variation=(None) Reference=("1")

0  : pgn=127245 line=Rx 10301505 09 f1 0d 00 00 f8 ff 7f 00 00 ff ff
source=0: pgn=Rudder(127245): values=Instance=(0) DirectionOrder=("0") AngleOrder=(None) Position=(0.00 deg)

0  : pgn=65359  line=Rx 10301511 1c ff 4f 00 3b 9f ff ff ff 78 3b ff
source=0: pgn=Seatalk: Pilot Heading(65359): values=ManufacturerCode=(1851) IndustryCode=(4) HeadingTrue=(None) HeadingMagnetic=(87.23 deg)

3  : pgn=129029 line=Tx 10301564 0d f8 05 03 60 2b 6c 06 40 ee 6e 0d
3  : pgn=129029 line=Tx 10301564 0d f8 05 03 61 2c 00 56 7b 86 a3 e1
3  : pgn=129029 line=Tx 10301564 0d f8 05 03 62 9e 06 00 16 30 19 d2
3  : pgn=129029 line=Tx 10301564 0d f8 05 03 63 43 00 ef ff ff ff ff
3  : pgn=129029 line=Tx 10301564 0d f8 05 03 64 ff ff ff 7f 23 fc 09
3  : pgn=129029 line=Tx 10301564 0d f8 05 03 65 54 00 ff 7f ff ff ff
3  : pgn=129029 line=Tx 10301564 0d f8 05 03 66 7f 00 ff ff ff ff ff
3  : pgn=129025 line=Tx 10301564 09 f8 01 03 cf 75 6f 1c af 70 fd b6
source=3: pgn=Position, Rapid Update(129025): values=Latitude=(47.7066703 deg) Longitude=(-122.4904529 deg)

3  : pgn=129033 line=Tx 10301564 0d f8 09 03 06 40 ee 6e 0d 2c 5c fe
source=3: pgn=Time & Date(129033): values=Date=(16390 d) Time=(73907.787 s) LocalOffset=(-25200.0 s)

32 : pgn=128259 line=Rx 10301582 09 f5 03 20 1e 2d 01 ff ff ff ff ff
source=32: pgn=Speed(128259): values=SpeedWaterReferenced=(3.0100000000000002 m/s) SpeedGroundReferenced=(None) SpeedWaterReferencedType=(None) SpeedDirection=(None)

1  : pgn=129041 line=Rx 10301587 11 f8 11 01 40 30 55 75 89 3a 3b 6d
1  : pgn=129041 line=Rx 10301588 11 f8 11 01 41 8b 0a b7 5b f8 47 1c
1  : pgn=129041 line=Rx 10301589 11 f8 11 01 42 f4 00 00 00 00 00 00
1  : pgn=129041 line=Rx 10301589 11 f8 11 01 43 ff ff 12 ee ff e0 16
1  : pgn=129041 line=Rx 10301590 11 f8 11 01 44 01 50 53 20 54 53 4c
1  : pgn=129041 line=Rx 10301590 11 f8 11 01 45 20 4c 42 20 54 41 20
1  : pgn=129041 line=Rx 10301591 11 f8 11 01 46 20 20 20 20 20 20 20
0  : pgn=127250 line=Rx 10301607 09 f1 12 00 ff 96 3b ff 7f ff 7f fd
source=0: pgn=Vessel Heading(127250): values=Heading=(87.40 deg) Deviation=(None) Variation=(None) Reference=("1")

0  : pgn=127245 line=Rx 10301608 09 f1 0d 00 00 f8 ff 7f 00 00 ff ff
source=0: pgn=Rudder(127245): values=Instance=(0) DirectionOrder=("0") AngleOrder=(None) Position=(0.00 deg)

0  : pgn=65379  line=Rx 10301612 1c ff 63 00 3b 9f 00 00 00 00 01 ff
source=0: pgn=Seatalk: Pilot Mode(65379): values=ManufacturerCode=(1851) IndustryCode=(4) PilotMode=(0) SubMode=(0) PilotModeData=(0)

0  : pgn=65359  line=Rx 10301613 1c ff 4f 00 3b 9f ff ff ff 96 3b ff
source=0: pgn=Seatalk: Pilot Heading(65359): values=ManufacturerCode=(1851) IndustryCode=(4) HeadingTrue=(None) HeadingMagnetic=(87.40 deg)

0  : pgn=126975 line=Rx 10301615 1d ef ff 00 40 0d 3b 9f f0 81 84 c6
0  : pgn=126975 line=Rx 10301617 1d ef ff 00 41 2b af 00 00 00 02 05
1  : pgn=129038 line=Rx 10301617 11 f8 0e 01 60 1b c1 76 c0 e0 15 0a
1  : pgn=129038 line=Rx 10301618 11 f8 0e 01 61 a8 0c b7 fc 5f 69 1c
1  : pgn=129038 line=Rx 10301619 11 f8 0e 01 62 b8 ac 72 00 00 00 00
1  : pgn=129038 line=Rx 10301619 11 f8 0e 01 63 00 ff ff ff 7f ff fe
3  : pgn=129026 line=Tx 10301665 09 f8 02 03 ff fc 7f 40 4f 01 ff ff
source=3: pgn=COG & SOG, Rapid Update(129026): values=COGReference=("0") COG=(94.60 deg) SOG=(3.35 m/s)

3  : pgn=129025 line=Tx 10301665 09 f8 01 03 cf 75 6f 1c af 70 fd b6
source=3: pgn=Position, Rapid Update(129025): values=Latitude=(47.7066703 deg) Longitude=(-122.4904529 deg)

3  : pgn=126992 line=Tx 10301665 0d f0 10 03 ff ff 06 40 ee 6e 0d 2c
source=3: pgn=System Time(126992): values=Source=(None) Date=(16390 d) Time=(73907.787 s)

1  : pgn=129794 line=Rx 10301680 19 fb 02 01 e0 4b 05 50 e0 e6 15 f8
1  : pgn=129794 line=Rx 10301680 19 fb 02 01 e1 b3 0e 27 57 42 46 34
1  : pgn=129794 line=Rx 10301680 19 fb 02 01 e2 34 36 36 4c 49 4e 44
1  : pgn=129794 line=Rx 10301681 19 fb 02 01 e3 41 20 42 20 20 20 20
1  : pgn=129794 line=Rx 10301682 19 fb 02 01 e4 20 20 20 20 20 20 20
1  : pgn=129794 line=Rx 10301682 19 fb 02 01 e5 20 20 1e 96 00 14 00
1  : pgn=129794 line=Rx 10301683 19 fb 02 01 e6 ff ff ff ff ff ff 00
1  : pgn=129794 line=Rx 10301683 19 fb 02 01 e7 00 00 00 ff ff ff 45
1  : pgn=129794 line=Rx 10301684 19 fb 02 01 e8 41 54 54 4c 45 20 20
1  : pgn=129794 line=Rx 10301684 19 fb 02 01 e9 20 20 20 20 20 20 20
1  : pgn=129794 line=Rx 10301685 19 fb 02 01 ea 20 20 20 20 05 e0 ff
32 : pgn=128259 line=Rx 10301685 09 f5 03 20 1f 2d 01 ff ff ff ff ff
source=32: pgn=Speed(128259): values=SpeedWaterReferenced=(3.0100000000000002 m/s) SpeedGroundReferenced=(None) SpeedWaterReferencedType=(None) SpeedDirection=(None)

1  : pgn=129041 line=Rx 10301712 11 f8 11 01 60 30 55 75 89 3a 3b 6d
1  : pgn=129041 line=Rx 10301713 11 f8 11 01 61 8b 0a b7 5b f8 47 1c
0  : pgn=127250 line=Rx 10301713 09 f1 12 00 ff f4 3b ff 7f ff 7f fd
source=0: pgn=Vessel Heading(127250): values=Heading=(87.94 deg) Deviation=(None) Variation=(None) Reference=("1")

1  : pgn=129041 line=Rx 10301714 11 f8 11 01 62 f4 00 00 00 00 00 00
1  : pgn=129041 line=Rx 10301714 11 f8 11 01 63 ff ff 12 ee ff e0 16
1  : pgn=129041 line=Rx 10301715 11 f8 11 01 64 01 50 53 20 54 53 4c
1  : pgn=129041 line=Rx 10301716 11 f8 11 01 65 20 4c 42 20 54 41 20
1  : pgn=129041 line=Rx 10301716 11 f8 11 01 66 20 20 20 20 20 20 20
0  : pgn=127245 line=Rx 10301719 09 f1 0d 00 00 f8 ff 7f 00 00 ff ff
source=0: pgn=Rudder(127245): values=Instance=(0) DirectionOrder=("0") AngleOrder=(None) Position=(0.00 deg)

0  : pgn=65359  line=Rx 10301724 1c ff 4f 00 3b 9f ff ff ff f4 3b ff
source=0: pgn=Seatalk: Pilot Heading(65359): values=ManufacturerCode=(1851) IndustryCode=(4) HeadingTrue=(None) HeadingMagnetic=(87.94 deg)

0  : pgn=126975 line=Rx 10301727 1d ef ff 00 60 09 3b 9f f0 81 ae 02
0  : pgn=126975 line=Rx 10301730 1d ef ff 00 61 00 08 00 ff ff ff ff
1  : pgn=129038 line=Rx 10301743 11 f8 0e 01 80 1b c1 e6 1f 26 14 2d
1  : pgn=129038 line=Rx 10301744 11 f8 0e 01 81 3c 16 b7 62 39 66 1c
1  : pgn=129038 line=Rx 10301744 11 f8 0e 01 82 bc ee 08 00 00 00 00
1  : pgn=129038 line=Rx 10301745 11 f8 0e 01 83 00 ff ff ff 7f ff fe
3  : pgn=129025 line=Tx 10301765 09 f8 01 03 af 75 6f 1c 2f 71 fd b6
source=3: pgn=Position, Rapid Update(129025): values=Latitude=(47.7066671 deg) Longitude=(-122.4904401 deg)

32 : pgn=128259 line=Rx 10301781 09 f5 03 20 20 2c 01 ff ff ff ff ff
source=32: pgn=Speed(128259): values=SpeedWaterReferenced=(3.0 m/s) SpeedGroundReferenced=(None) SpeedWaterReferencedType=(None) SpeedDirection=(None)

0  : pgn=127250 line=Rx 10301799 09 f1 12 00 ff 09 3c ff 7f ff 7f fd
source=0: pgn=Vessel Heading(127250): values=Heading=(88.06 deg) Deviation=(None) Variation=(None) Reference=("1")

0  : pgn=127245 line=Rx 10301800 09 f1 0d 00 00 f8 ff 7f 00 00 ff ff
source=0: pgn=Rudder(127245): values=Instance=(0) DirectionOrder=("0") AngleOrder=(None) Position=(0.00 deg)

0  : pgn=65359  line=Rx 10301805 1c ff 4f 00 3b 9f ff ff ff 09 3c ff
source=0: pgn=Seatalk: Pilot Heading(65359): values=ManufacturerCode=(1851) IndustryCode=(4) HeadingTrue=(None) HeadingMagnetic=(88.06 deg)

0  : pgn=126975 line=Rx 10301816 1d ef ff 00 80 07 3b 9f f0 81 90 10
0  : pgn=126975 line=Rx 10301819 1d ef ff 00 81 05 ff ff ff ff ff ff
1  : pgn=129038 line=Rx 10301864 11 f8 0e 01 a0 1b c1 fa f5 db 15 82
1  : pgn=129038 line=Rx 10301865 11 f8 0e 01 a1 ce 18 b7 12 43 66 1c
1  : pgn=129038 line=Rx 10301865 11 f8 0e 01 a2 c1 17 0d 00 00 00 00
1  : pgn=129038 line=Rx 10301866 11 f8 0e 01 a3 00 50 3b 00 00 f0 fe
3  : pgn=129026 line=Tx 10301866 09 f8 02 03 ff fc a2 40 50 01 ff ff
source=3: pgn=COG & SOG, Rapid Update(129026): values=COGReference=("0") COG=(94.80 deg) SOG=(3.36 m/s)

3  : pgn=129025 line=Tx 10301866 09 f8 01 03 af 75 6f 1c 2f 71 fd b6
source=3: pgn=Position, Rapid Update(129025): values=Latitude=(47.7066671 deg) Longitude=(-122.4904401 deg)

3  : pgn=129291 line=Tx 10301866 0d f9 0b 03 ff fc 6e 1c 35 00 ff ff
source=3: pgn=Set & Drift, Rapid Update(129291): values=SetReference=("0") Set=(41.70 deg) Drift=(0.53 m/s)

32 : pgn=128259 line=Rx 10301880 09 f5 03 20 21 2b 01 ff ff ff ff ff
source=32: pgn=Speed(128259): values=SpeedWaterReferenced=(2.99 m/s) SpeedGroundReferenced=(None) SpeedWaterReferencedType=(None) SpeedDirection=(None)

0  : pgn=127250 line=Rx 10301899 09 f1 12 00 ff 5d 3c ff 7f ff 7f fd
source=0: pgn=Vessel Heading(127250): values=Heading=(88.54 deg) Deviation=(None) Variation=(None) Reference=("1")

0  : pgn=127245 line=Rx 10301900 09 f1 0d 00 00 f8 ff 7f 00 00 ff ff
source=0: pgn=Rudder(127245): values=Instance=(0) DirectionOrder=("0") AngleOrder=(None) Position=(0.00 deg)

0  : pgn=65359  line=Rx 10301907 1c ff 4f 00 3b 9f ff ff ff 5d 3c ff
source=0: pgn=Seatalk: Pilot Heading(65359): values=ManufacturerCode=(1851) IndustryCode=(4) HeadingTrue=(None) HeadingMagnetic=(88.54 deg)

1  : pgn=129038 line=Rx 10301956 11 f8 0e 01 c0 1b c1 0e 28 dc 15 88
1  : pgn=129038 line=Rx 10301957 11 f8 0e 01 c1 d3 01 b7 51 49 60 1c
1  : pgn=129038 line=Rx 10301957 11 f8 0e 01 c2 c1 84 38 e0 03 00 00
1  : pgn=129038 line=Rx 10301958 11 f8 0e 01 c3 00 dc 35 00 00 f0 fe
3  : pgn=129025 line=Tx 10301967 09 f8 01 03 af 75 6f 1c 2f 71 fd b6
source=3: pgn=Position, Rapid Update(129025): values=Latitude=(47.7066671 deg) Longitude=(-122.4904401 deg)

32 : pgn=128259 line=Rx 10301980 09 f5 03 20 22 2b 01 ff ff ff ff ff
source=32: pgn=Speed(128259): values=SpeedWaterReferenced=(2.99 m/s) SpeedGroundReferenced=(None) SpeedWaterReferencedType=(None) SpeedDirection=(None)

0  : pgn=127250 line=Rx 10302003 09 f1 12 00 ff b6 3c ff 7f ff 7f fd
source=0: pgn=Vessel Heading(127250): values=Heading=(89.05 deg) Deviation=(None) Variation=(None) Reference=("1")

0  : pgn=127245 line=Rx 10302004 09 f1 0d 00 00 f8 ff 7f 00 00 ff ff
source=0: pgn=Rudder(127245): values=Instance=(0) DirectionOrder=("0") AngleOrder=(None) Position=(0.00 deg)

0  : pgn=65359  line=Rx 10302008 1c ff 4f 00 3b 9f ff ff ff b6 3c ff
source=0: pgn=Seatalk: Pilot Heading(65359): values=ManufacturerCode=(1851) IndustryCode=(4) HeadingTrue=(None) HeadingMagnetic=(89.05 deg)

3  : pgn=129026 line=Tx 10302067 09 f8 02 03 ff fc b3 40 4f 01 ff ff
source=3: pgn=COG & SOG, Rapid Update(129026): values=COGReference=("0") COG=(94.90 deg) SOG=(3.35 m/s)

3  : pgn=130577 line=Tx 10302067 0d fe 11 03 80 0e c0 6d b3 40 4f 01
3  : pgn=130577 line=Tx 10302067 0d fe 11 03 81 ff ff ff ff 6e 1c 35
3  : pgn=130577 line=Tx 10302067 0d fe 11 03 82 00 ff ff ff ff ff ff
3  : pgn=129025 line=Tx 10302067 09 f8 01 03 a5 75 6f 1c 76 71 fd b6
3  : pgn=130306 line=Tx 10302067 09 fd 02 03 ff 4c 03 88 cc fa ff ff
source=3: pgn=Wind Data(130306): values=WindSpeed=(8.44 m/s) WindAngle=(300.00 deg) Reference=("2")

1  : pgn=129038 line=Rx 10302076 11 f8 0e 01 e0 1b c1 70 83 e7 15 63
1  : pgn=129038 line=Rx 10302077 11 f8 0e 01 e1 56 0e b7 19 47 68 1c
1  : pgn=129038 line=Rx 10302077 11 f8 0e 01 e2 c2 bc b4 00 00 00 00
1  : pgn=129038 line=Rx 10302078 11 f8 0e 01 e3 00 ff ff ff 7f f0 fe
32 : pgn=128259 line=Rx 10302079 09 f5 03 20 23 2e 01 ff ff ff ff ff
source=32: pgn=Speed(128259): values=SpeedWaterReferenced=(3.02 m/s) SpeedGroundReferenced=(None) SpeedWaterReferencedType=(None) SpeedDirection=(None)

0  : pgn=127250 line=Rx 10302103 09 f1 12 00 ff dd 3c ff 7f ff 7f fd
source=0: pgn=Vessel Heading(127250): values=Heading=(89.27 deg) Deviation=(None) Variation=(None) Reference=("1")

0  : pgn=127245 line=Rx 10302104 09 f1 0d 00 00 f8 ff 7f 00 00 ff ff
source=0: pgn=Rudder(127245): values=Instance=(0) DirectionOrder=("0") AngleOrder=(None) Position=(0.00 deg)

0  : pgn=65359  line=Rx 10302111 1c ff 4f 00 3b 9f ff ff ff dd 3c ff
source=0: pgn=Seatalk: Pilot Heading(65359): values=ManufacturerCode=(1851) IndustryCode=(4) HeadingTrue=(None) HeadingMagnetic=(89.27 deg)

0  : pgn=126975 line=Rx 10302112 1d ef ff 00 a0 08 3b 9f f0 81 9c c1
0  : pgn=126975 line=Rx 10302114 1d ef ff 00 a1 2c 00 ff ff ff ff ff
1  : pgn=129038 line=Rx 10302139 11 f8 0e 01 00 1b c1 18 6d e7 15 e2
source=1: pgn=AIS Class A Position Report(129038): values=MessageID=(0) RepeatIndicator=("0") UserID=(1830338843) Longitude=(0.0 deg) Latitude=(0.0 deg) PositionAccuracy=("0") RAIM=("0") TimeStamp=("0") COG=(0.00 deg) SOG=(0.0 m/s) CommunicationState=(0) AISTransceiverinformation=("0") Heading=(0.00 deg) RateofTurn=(0.00 deg/s) NavStatus=("0") SpecialManeuverIndicator=("0") Spare=(0) SequenceID=(0)

1  : pgn=129038 line=Rx 10302140 11 f8 0e 01 01 b1 0f b7 6b f8 67 1c
source=1: pgn=AIS Class A Position Report(129038): values=MessageID=(1) RepeatIndicator=("0") UserID=(1807159217) Longitude=(0.0 deg) Latitude=(0.0 deg) PositionAccuracy=("0") RAIM=("0") TimeStamp=("0") COG=(0.00 deg) SOG=(0.0 m/s) CommunicationState=(0) AISTransceiverinformation=("0") Heading=(0.00 deg) RateofTurn=(0.00 deg/s) NavStatus=("0") SpecialManeuverIndicator=("0") Spare=(0) SequenceID=(0)

1  : pgn=129038 line=Rx 10302140 11 f8 0e 01 02 c0 ff 0e 00 00 00 00
source=1: pgn=AIS Class A Position Report(129038): values=MessageID=(2) RepeatIndicator=("0") UserID=(982976) Longitude=(0.0 deg) Latitude=(0.0 deg) PositionAccuracy=("0") RAIM=("0") TimeStamp=("0") COG=(0.00 deg) SOG=(0.0 m/s) CommunicationState=(0) AISTransceiverinformation=("0") Heading=(0.00 deg) RateofTurn=(0.00 deg/s) NavStatus=("0") SpecialManeuverIndicator=("0") Spare=(0) SequenceID=(0)

1  : pgn=129038 line=Rx 10302141 11 f8 0e 01 03 00 ff ff ff 7f f0 fe
source=1: pgn=AIS Class A Position Report(129038): values=MessageID=(3) RepeatIndicator=("0") UserID=(4294967040) Longitude=(0.0 deg) Latitude=(0.0 deg) PositionAccuracy=("0") RAIM=("0") TimeStamp=("0") COG=(0.00 deg) SOG=(0.0 m/s) CommunicationState=(0) AISTransceiverinformation=("0") Heading=(0.00 deg) RateofTurn=(0.00 deg/s) NavStatus=("0") SpecialManeuverIndicator=("0") Spare=(0) SequenceID=(0)

3  : pgn=129283 line=Tx 10302168 0d f9 03 03 ff 7f ff ff ff 7f ff ff
source=3: pgn=Cross Track Error(129283): values=XTEmode=(None) NavigationTerminated=("1") XTE=(None)

3  : pgn=129025 line=Tx 10302168 09 f8 01 03 a5 75 6f 1c 76 71 fd b6
source=3: pgn=Position, Rapid Update(129025): values=Latitude=(47.7066661 deg) Longitude=(-122.490433 deg)

3  : pgn=128267 line=Tx 10302168 0d f5 0b 03 ff cb 3c 00 00 00 00 ff
source=3: pgn=Water Depth(128267): values=Depth=(155.63 m) Offset=(0.0 m) Range=(None)

32 : pgn=128259 line=Rx 10302179 09 f5 03 20 24 32 01 ff ff ff ff ff
source=32: pgn=Speed(128259): values=SpeedWaterReferenced=(3.06 m/s) SpeedGroundReferenced=(None) SpeedWaterReferencedType=(None) SpeedDirection=(None)

0  : pgn=127250 line=Rx 10302197 09 f1 12 00 ff 2c 3d ff 7f ff 7f fd
source=0: pgn=Vessel Heading(127250): values=Heading=(89.73 deg) Deviation=(None) Variation=(None) Reference=("1")

0  : pgn=127245 line=Rx 10302198 09 f1 0d 00 00 f8 ff 7f 00 00 ff ff
source=0: pgn=Rudder(127245): values=Instance=(0) DirectionOrder=("0") AngleOrder=(None) Position=(0.00 deg)

0  : pgn=65359  line=Rx 10302202 1c ff 4f 00 3b 9f ff ff ff 2c 3d ff
source=0: pgn=Seatalk: Pilot Heading(65359): values=ManufacturerCode=(1851) IndustryCode=(4) HeadingTrue=(None) HeadingMagnetic=(89.73 deg)

3  : pgn=129026 line=Tx 10302268 09 f8 02 03 ff fc c5 40 4e 01 ff ff
source=3: pgn=COG & SOG, Rapid Update(129026): values=COGReference=("0") COG=(95.00 deg) SOG=(3.34 m/s)

3  : pgn=129025 line=Tx 10302268 09 f8 01 03 9d 75 6f 1c c6 71 fd b6
source=3: pgn=Position, Rapid Update(129025): values=Latitude=(47.7066653 deg) Longitude=(-122.49042499999999 deg)

3  : pgn=129542 line=Tx 10302268 19 fa 06 03 80 0f 6d 74 01 00 00 00
3  : pgn=129542 line=Tx 10302268 19 fa 06 03 81 00 00 00 00 00 00 00
3  : pgn=129542 line=Tx 10302268 19 fa 06 03 82 00 00 ff ff ff ff ff
3  : pgn=65364  line=Tx 10302268 1c ff 54 03 3b 9f 4c 03 88 cc ff ff
32 : pgn=128259 line=Rx 10302281 09 f5 03 20 25 43 01 ff ff ff ff ff
source=32: pgn=Speed(128259): values=SpeedWaterReferenced=(3.23 m/s) SpeedGroundReferenced=(None) SpeedWaterReferencedType=(None) SpeedDirection=(None)

32 : pgn=130310 line=Rx 10302284 15 fd 06 20 b4 ff ff ff ff ff ff ff
source=32: pgn=Environmental Parameters (obsolete)(130310): values=WaterTemperature=(None) OutsideAmbientAirTemperature=(None) AtmosphericPressure=(None)

1  : pgn=129039 line=Rx 10302292 11 f8 0f 01 00 1a 12 e4 b0 e1 15 fb
source=1: pgn=AIS Class B Position Report(129039): values=MessageID=(0) RepeatIndicator=("0") UserID=(2967736858) Longitude=(0.0 deg) Latitude=(0.0 deg) PositionAccuracy=("0") RAIM=("0") TimeStamp=("0") COG=(0.00 deg) SOG=(0.0 m/s) CommunicationState=(0) AISTransceiverinformation=("0") Heading=(0.00 deg) RegionalApplication=(0) RegionalApplicationB=(0) Unittype=("0") IntegratedDisplay=("0") DSC=("0") Band=("0") CanhandleMsg22=("0") AISmode=("0") AIScommunicationstate=("0")

1  : pgn=129039 line=Rx 10302293 11 f8 0f 01 01 56 0e b7 a3 d7 67 1c
source=1: pgn=AIS Class B Position Report(129039): values=MessageID=(1) RepeatIndicator=("0") UserID=(2746682966) Longitude=(0.0 deg) Latitude=(0.0 deg) PositionAccuracy=("0") RAIM=("0") TimeStamp=("0") COG=(0.00 deg) SOG=(0.0 m/s) CommunicationState=(0) AISTransceiverinformation=("0") Heading=(0.00 deg) RegionalApplication=(0) RegionalApplicationB=(0) Unittype=("0") IntegratedDisplay=("0") DSC=("0") Band=("0") CanhandleMsg22=("0") AISmode=("0") AIScommunicationstate=("0")

1  : pgn=129039 line=Rx 10302294 11 f8 0f 01 02 c3 e2 03 00 00 03 00
source=1: pgn=AIS Class B Position Report(129039): values=MessageID=(2) RepeatIndicator=("0") UserID=(254659) Longitude=(0.0 deg) Latitude=(0.0 deg) PositionAccuracy=("0") RAIM=("0") TimeStamp=("0") COG=(0.00 deg) SOG=(0.0 m/s) CommunicationState=(0) AISTransceiverinformation=("0") Heading=(0.00 deg) RegionalApplication=(0) RegionalApplicationB=(0) Unittype=("0") IntegratedDisplay=("0") DSC=("0") Band=("0") CanhandleMsg22=("0") AISmode=("0") AIScommunicationstate=("0")

1  : pgn=129039 line=Rx 10302294 11 f8 0f 01 03 08 ff ff 00 fc ff ff
source=1: pgn=AIS Class B Position Report(129039): values=MessageID=(3) RepeatIndicator=("0") UserID=(16776968) Longitude=(0.0 deg) Latitude=(0.0 deg) PositionAccuracy=("0") RAIM=("0") TimeStamp=("0") COG=(0.00 deg) SOG=(0.0 m/s) CommunicationState=(0) AISTransceiverinformation=("0") Heading=(0.00 deg) RegionalApplication=(0) RegionalApplicationB=(0) Unittype=("0") IntegratedDisplay=("0") DSC=("0") Band=("0") CanhandleMsg22=("0") AISmode=("0") AIScommunicationstate=("0")

32 : pgn=128275 line=Rx 10302295 19 f5 13 20 c0 0e ff ff ff ff ff ff
32 : pgn=128275 line=Rx 10302299 19 f5 13 20 c1 9d ad 3c 00 9d ad 3c
32 : pgn=128275 line=Rx 10302304 19 f5 13 20 c2 00 ff ff ff ff ff ff
0  : pgn=127250 line=Rx 10302305 09 f1 12 00 ff 55 3d ff 7f ff 7f fd
source=0: pgn=Vessel Heading(127250): values=Heading=(89.96 deg) Deviation=(None) Variation=(None) Reference=("1")

0  : pgn=127245 line=Rx 10302307 09 f1 0d 00 00 f8 ff 7f 00 00 ff ff
source=0: pgn=Rudder(127245): values=Instance=(0) DirectionOrder=("0") AngleOrder=(None) Position=(0.00 deg)

0  : pgn=65359  line=Rx 10302314 1c ff 4f 00 3b 9f ff ff ff 55 3d ff
source=0: pgn=Seatalk: Pilot Heading(65359): values=ManufacturerCode=(1851) IndustryCode=(4) HeadingTrue=(None) HeadingMagnetic=(89.96 deg)

1  : pgn=59936  line=Rx 10302323 18 ea 20 01 00 ee 00 00 00 00 00 00
1  : pgn=129038 line=Rx 10302323 11 f8 0e 01 20 1b c1 da 4c dc 15 f8
1  : pgn=129038 line=Rx 10302324 11 f8 0e 01 21 fc 08 b7 36 7e 5f 1c
1  : pgn=129038 line=Rx 10302325 11 f8 0e 01 22 c5 31 b4 98 03 00 00
1  : pgn=129038 line=Rx 10302325 11 f8 0e 01 23 00 fc b3 00 00 ff fe
3  : pgn=129540 line=Tx 10302369 19 fa 04 03 c0 9f 8f ff 0d 03 97 1a
source=3: pgn=GNSS Sats in View(129540): values=RangeResidualMode=(None) SatsinView=(143) PRN=(None) Elevation=(4.47 deg) Azimuth=(39.00 deg) SNR=(0.0 dB) Rangeresiduals=(0) Status=("0")

3  : pgn=129540 line=Tx 10302369 19 fa 04 03 c1 2e 26 00 00 00 00 00
source=3: pgn=GNSS Sats in View(129540): values=RangeResidualMode=("0") SatsinView=(38) PRN=(0) Elevation=(0.00 deg) Azimuth=(0.00 deg) SNR=(0.0 dB) Rangeresiduals=(0) Status=("0")

3  : pgn=129540 line=Tx 10302369 19 fa 04 03 c2 00 f3 0f ff 1d 5c 3d
source=3: pgn=GNSS Sats in View(129540): values=RangeResidualMode=("0") SatsinView=(243) PRN=(15) Elevation=(44.00 deg) Azimuth=(90.00 deg) SNR=(0.0 dB) Rangeresiduals=(0) Status=("0")

3  : pgn=129540 line=Tx 10302369 19 fa 04 03 c3 80 0c 00 00 00 00 f5
source=3: pgn=GNSS Sats in View(129540): values=RangeResidualMode=("0") SatsinView=(12) PRN=(0) Elevation=(0.00 deg) Azimuth=(359.36 deg) SNR=(0.0 dB) Rangeresiduals=(0) Status=("0")

3  : pgn=129540 line=Tx 10302370 19 fa 04 03 c4 10 17 13 71 b9 74 0e
source=3: pgn=GNSS Sats in View(129540): values=RangeResidualMode=("0") SatsinView=(23) PRN=(19) Elevation=(-103.49 deg) Azimuth=(21.20 deg) SNR=(0.0 dB) Rangeresiduals=(0) Status=("0")

3  : pgn=129540 line=Tx 10302370 19 fa 04 03 c5 00 00 00 00 f5 12 c5
source=3: pgn=GNSS Sats in View(129540): values=RangeResidualMode=("0") SatsinView=(0) PRN=(0) Elevation=(-16.13 deg) Azimuth=(289.06 deg) SNR=(0.0 dB) Rangeresiduals=(0) Status=("0")

3  : pgn=129540 line=Tx 10302370 19 fa 04 03 c6 31 f2 93 74 0e 00 00
source=3: pgn=GNSS Sats in View(129540): values=RangeResidualMode=("1") SatsinView=(242) PRN=(147) Elevation=(21.20 deg) Azimuth=(0.00 deg) SNR=(0.0 dB) Rangeresiduals=(0) Status=("0")

3  : pgn=129540 line=Tx 10302370 19 fa 04 03 c7 00 00 f5 13 ba 02 1f
source=3: pgn=GNSS Sats in View(129540): values=RangeResidualMode=("0") SatsinView=(0) PRN=(245) Elevation=(-102.57 deg) Azimuth=(45.48 deg) SNR=(0.0 dB) Rangeresiduals=(0) Status=("0")

3  : pgn=129540 line=Tx 10302370 19 fa 04 03 c8 d8 cc 10 00 00 00 00
source=3: pgn=GNSS Sats in View(129540): values=RangeResidualMode=("0") SatsinView=(204) PRN=(16) Elevation=(0.00 deg) Azimuth=(0.00 deg) SNR=(0.0 dB) Rangeresiduals=(0) Status=("0")

3  : pgn=129540 line=Tx 10302370 19 fa 04 03 c9 f5 15 e8 37 0b 20 e4
source=3: pgn=GNSS Sats in View(129540): values=RangeResidualMode=("1") SatsinView=(21) PRN=(232) Elevation=(16.45 deg) Azimuth=(334.61 deg) SNR=(0.0 dB) Rangeresiduals=(0) Status=("0")

3  : pgn=129540 line=Tx 10302370 19 fa 04 03 ca 0c 00 00 00 00 f5 16
source=3: pgn=GNSS Sats in View(129540): values=RangeResidualMode=("0") SatsinView=(0) PRN=(0) Elevation=(0.00 deg) Azimuth=(33.67 deg) SNR=(0.0 dB) Rangeresiduals=(0) Status=("0")

3  : pgn=129540 line=Tx 10302371 19 fa 04 03 cb d1 15 cf 9c 68 10 00
source=3: pgn=GNSS Sats in View(129540): values=RangeResidualMode=("1") SatsinView=(21) PRN=(207) Elevation=(153.44 deg) Azimuth=(0.09 deg) SNR=(0.0 dB) Rangeresiduals=(0) Status=("0")

3  : pgn=129540 line=Tx 10302372 19 fa 04 03 cc 00 00 00 f5 1a ae 0f
source=3: pgn=GNSS Sats in View(129540): values=RangeResidualMode=("0") SatsinView=(0) PRN=(0) Elevation=(39.54 deg) Azimuth=(23.00 deg) SNR=(0.0 dB) Rangeresiduals=(0) Status=("0")

3  : pgn=129540 line=Tx 10302372 19 fa 04 03 cd 5d 1f 1c 0c 00 00 00
source=3: pgn=GNSS Sats in View(129540): values=RangeResidualMode=("1") SatsinView=(31) PRN=(28) Elevation=(0.07 deg) Azimuth=(0.00 deg) SNR=(0.0 dB) Rangeresiduals=(0) Status=("0")

3  : pgn=129540 line=Tx 10302373 19 fa 04 03 ce 00 f5 1b d1 15 ab d2
source=3: pgn=GNSS Sats in View(129540): values=RangeResidualMode=("0") SatsinView=(245) PRN=(27) Elevation=(32.00 deg) Azimuth=(309.00 deg) SNR=(0.0 dB) Rangeresiduals=(0) Status=("0")

3  : pgn=129540 line=Tx 10302374 19 fa 04 03 cf 3c 0f 00 00 00 00 f5
source=3: pgn=GNSS Sats in View(129540): values=RangeResidualMode=("0") SatsinView=(15) PRN=(0) Elevation=(0.00 deg) Azimuth=(359.36 deg) SNR=(0.0 dB) Rangeresiduals=(0) Status=("0")

3  : pgn=129540 line=Tx 10302374 19 fa 04 03 d0 1d 00 0f a1 67 80 0c
source=3: pgn=GNSS Sats in View(129540): values=RangeResidualMode=("1") SatsinView=(0) PRN=(15) Elevation=(152.00 deg) Azimuth=(18.33 deg) SNR=(0.0 dB) Rangeresiduals=(0) Status=("0")

3  : pgn=129540 line=Tx 10302375 19 fa 04 03 d1 00 00 00 00 f5 23 d1
source=3: pgn=GNSS Sats in View(129540): values=RangeResidualMode=("0") SatsinView=(0) PRN=(0) Elevation=(-16.13 deg) Azimuth=(306.76 deg) SNR=(0.0 dB) Rangeresiduals=(0) Status=("0")

3  : pgn=129540 line=Tx 10302377 19 fa 04 03 d2 15 c3 8b 00 00 00 00
source=3: pgn=GNSS Sats in View(129540): values=RangeResidualMode=("1") SatsinView=(195) PRN=(139) Elevation=(0.00 deg) Azimuth=(0.00 deg) SNR=(0.0 dB) Rangeresiduals=(0) Status=("0")

3  : pgn=129540 line=Tx 10302378 19 fa 04 03 d3 00 00 f3 30 2e 17 43
source=3: pgn=GNSS Sats in View(129540): values=RangeResidualMode=("0") SatsinView=(0) PRN=(243) Elevation=(67.75 deg) Azimuth=(98.41 deg) SNR=(0.0 dB) Rangeresiduals=(0) Status=("0")

32 : pgn=128259 line=Rx 10302379 09 f5 03 20 26 3a 01 ff ff ff ff ff
3  : pgn=129540 line=Tx 10302379 19 fa 04 03 d4 84 54 0b 00 00 00 00
source=3: pgn=GNSS Sats in View(129540): values=RangeResidualMode=("0") SatsinView=(84) PRN=(11) Elevation=(0.00 deg) Azimuth=(0.00 deg) SNR=(0.0 dB) Rangeresiduals=(0) Status=("0")

3  : pgn=129540 line=Tx 10302380 19 fa 04 03 d5 f5 33 80 16 67 6c 48
source=3: pgn=GNSS Sats in View(129540): values=RangeResidualMode=("1") SatsinView=(51) PRN=(128) Elevation=(151.20 deg) Azimuth=(106.23 deg) SNR=(0.0 dB) Rangeresiduals=(0) Status=("0")

3  : pgn=129540 line=Tx 10302380 19 fa 04 03 d6 0d 00 00 00 00 f5 ff
source=3: pgn=GNSS Sats in View(129540): values=RangeResidualMode=("1") SatsinView=(0) PRN=(0) Elevation=(0.00 deg) Azimuth=(375.43 deg) SNR=(0.0 dB) Rangeresiduals=(0) Status=("0")

3  : pgn=129025 line=Tx 10302381 09 f8 01 03 9d 75 6f 1c c6 71 fd b6
source=3: pgn=Position, Rapid Update(129025): values=Latitude=(47.7066653 deg) Longitude=(-122.49042499999999 deg)

3  : pgn=127258 line=Tx 10302382 19 f1 1a 03 ff f6 12 39 fa 0a ff ff
source=3: pgn=Magnetic Variation(127258): values=Source=("6") Ageofservice=(14610 d) Variation=(16.10 deg)

0  : pgn=127250 line=Rx 10302403 09 f1 12 00 ff aa 3d ff 7f ff 7f fd
source=0: pgn=Vessel Heading(127250): values=Heading=(90.45 deg) Deviation=(None) Variation=(None) Reference=("1")

0  : pgn=127245 line=Rx 10302403 09 f1 0d 00 00 f8 ff 7f 00 00 ff ff
source=0: pgn=Rudder(127245): values=Instance=(0) DirectionOrder=("0") AngleOrder=(None) Position=(0.00 deg)

4  : pgn=65384  line=Rx 10302408 1c ff 68 04 3b 9f 00 00 00 00 00 00
0  : pgn=65359  line=Rx 10302408 1c ff 4f 00 3b 9f ff ff ff aa 3d ff
source=0: pgn=Seatalk: Pilot Heading(65359): values=ManufacturerCode=(1851) IndustryCode=(4) HeadingTrue=(None) HeadingMagnetic=(90.45 deg)

1  : pgn=129038 line=Rx 10302419 11 f8 0e 01 40 1b c1 24 90 db 15 bd
1  : pgn=129038 line=Rx 10302420 11 f8 0e 01 41 4a 02 b7 5f 71 52 1c
1  : pgn=129038 line=Rx 10302420 11 f8 0e 01 42 c5 ce ae 2c 03 00 00
1  : pgn=129038 line=Rx 10302421 11 f8 0e 01 43 00 36 af 2e 1a f0 fe
1  : pgn=129038 line=Rx 10302423 11 f8 0e 01 60 1b c3 fa 89 e8 15 7c
1  : pgn=129038 line=Rx 10302423 11 f8 0e 01 61 85 13 b7 59 62 60 1c
1  : pgn=129038 line=Rx 10302423 11 f8 0e 01 62 c0 0d d8 7c 01 00 00
1  : pgn=129038 line=Rx 10302423 11 f8 0e 01 63 00 7b d9 d2 e5 ff fe
1  : pgn=129038 line=Rx 10302449 11 f8 0e 01 80 1b c1 84 b4 de 15 2d
1  : pgn=129038 line=Rx 10302450 11 f8 0e 01 81 39 0c b7 12 62 69 1c
1  : pgn=129038 line=Rx 10302450 11 f8 0e 01 82 c0 d1 0f 00 00 00 00
1  : pgn=129038 line=Rx 10302451 11 f8 0e 01 83 00 ff ff ff 7f f0 fe
3  : pgn=129026 line=Tx 10302470 09 f8 02 03 ff fc c5 40 4e 01 ff ff
source=3: pgn=COG & SOG, Rapid Update(129026): values=COGReference=("0") COG=(95.00 deg) SOG=(3.34 m/s)

3  : pgn=129025 line=Tx 10302470 09 f8 01 03 9d 75 6f 1c c6 71 fd b6
source=3: pgn=Position, Rapid Update(129025): values=Latitude=(47.7066653 deg) Longitude=(-122.49042499999999 deg)

32 : pgn=128259 line=Rx 10302478 09 f5 03 20 27 3b 01 ff ff ff ff ff
source=32: pgn=Speed(128259): values=SpeedWaterReferenced=(3.15 m/s) SpeedGroundReferenced=(None) SpeedWaterReferencedType=(None) SpeedDirection=(None)

0  : pgn=127250 line=Rx 10302506 09 f1 12 00 ff 0e 3e ff 7f ff 7f fd
source=0: pgn=Vessel Heading(127250): values=Heading=(91.02 deg) Deviation=(None) Variation=(None) Reference=("1")

0  : pgn=127245 line=Rx 10302507 09 f1 0d 00 00 f8 ff 7f 00 00 ff ff
source=0: pgn=Rudder(127245): values=Instance=(0) DirectionOrder=("0") AngleOrder=(None) Position=(0.00 deg)

1  : pgn=129038 line=Rx 10302513 11 f8 0e 01 a0 1b c1 70 80 32 14 64
1  : pgn=129038 line=Rx 10302513 11 f8 0e 01 a1 1b 14 b7 d3 e3 57 1c
1  : pgn=129038 line=Rx 10302514 11 f8 0e 01 a2 c8 f2 57 00 00 00 00
1  : pgn=129038 line=Rx 10302514 11 f8 0e 01 a3 00 15 6d 00 00 f0 fe
0  : pgn=65359  line=Rx 10302516 1c ff 4f 00 3b 9f ff ff ff 0e 3e ff
source=0: pgn=Seatalk: Pilot Heading(65359): values=ManufacturerCode=(1851) IndustryCode=(4) HeadingTrue=(None) HeadingMagnetic=(91.02 deg)

1  : pgn=129038 line=Rx 10302544 11 f8 0e 01 c0 1b c1 3a 83 dc 15 51
1  : pgn=129038 line=Rx 10302544 11 f8 0e 01 c1 f1 f9 b6 4f 34 62 1c
1  : pgn=129038 line=Rx 10302545 11 f8 0e 01 c2 c5 77 ab 00 00 00 00
1  : pgn=129038 line=Rx 10302546 11 f8 0e 01 c3 00 cd c9 00 00 ff fe
3  : pgn=129029 line=Tx 10302570 0d f8 05 03 80 2b 6d 06 40 50 9e 0d
3  : pgn=129029 line=Tx 10302570 0d f8 05 03 81 2c 00 94 ec 98 91 e1
3  : pgn=129029 line=Tx 10302570 0d f8 05 03 82 9e 06 00 b2 05 14 38
3  : pgn=129029 line=Tx 10302570 0d f8 05 03 83 44 00 ef ff ff ff ff
3  : pgn=129029 line=Tx 10302570 0d f8 05 03 84 ff ff ff 7f 23 fc 09
3  : pgn=129029 line=Tx 10302570 0d f8 05 03 85 59 00 ff 7f ff ff ff
3  : pgn=129029 line=Tx 10302570 0d f8 05 03 86 7f 00 ff ff ff ff ff
3  : pgn=129025 line=Tx 10302570 09 f8 01 03 82 75 6f 1c 65 72 fd b6
source=3: pgn=Position, Rapid Update(129025): values=Latitude=(47.7066626 deg) Longitude=(-122.4904091 deg)

3  : pgn=129033 line=Tx 10302570 0d f8 09 03 06 40 50 9e 0d 2c 5c fe
source=3: pgn=Time & Date(129033): values=Date=(16390 d) Time=(73909.0 s) LocalOffset=(-25200.0 s)

32 : pgn=128259 line=Rx 10302578 09 f5 03 20 28 3a 01 ff ff ff ff ff
source=32: pgn=Speed(128259): values=SpeedWaterReferenced=(3.14 m/s) SpeedGroundReferenced=(None) SpeedWaterReferencedType=(None) SpeedDirection=(None)

0  : pgn=127250 line=Rx 10302597 09 f1 12 00 ff 2a 3e ff 7f ff 7f fd
source=0: pgn=Vessel Heading(127250): values=Heading=(91.18 deg) Deviation=(None) Variation=(None) Reference=("1")

0  : pgn=127245 line=Rx 10302598 09 f1 0d 00 00 f8 ff 7f 00 00 ff ff
source=0: pgn=Rudder(127245): values=Instance=(0) DirectionOrder=("0") AngleOrder=(None) Position=(0.00 deg)

0  : pgn=65379  line=Rx 10302602 1c ff 63 00 3b 9f 00 00 00 00 01 ff
source=0: pgn=Seatalk: Pilot Mode(65379): values=ManufacturerCode=(1851) IndustryCode=(4) PilotMode=(0) SubMode=(0) PilotModeData=(0)

0  : pgn=65359  line=Rx 10302603 1c ff 4f 00 3b 9f ff ff ff 2a 3e ff
source=0: pgn=Seatalk: Pilot Heading(65359): values=ManufacturerCode=(1851) IndustryCode=(4) HeadingTrue=(None) HeadingMagnetic=(91.18 deg)

1  : pgn=129038 line=Rx 10302604 11 f8 0e 01 e0 1b c1 38 45 e0 15 b7
1  : pgn=129038 line=Rx 10302605 11 f8 0e 01 e1 bb 0f b7 c1 f2 67 1c
1  : pgn=129038 line=Rx 10302605 11 f8 0e 01 e2 c0 dc 0e 00 00 00 00
1  : pgn=129038 line=Rx 10302606 11 f8 0e 01 e3 00 ff ff ff 7f f0 fe
0  : pgn=126975 line=Rx 10302619 1d ef ff 00 c0 0d 3b 9f f0 81 84 96
0  : pgn=126975 line=Rx 10302620 1d ef ff 00 c1 40 02 00 00 00 02 05
3  : pgn=129026 line=Tx 10302670 09 f8 02 03 ff fc f9 40 4f 01 ff ff
source=3: pgn=COG & SOG, Rapid Update(129026): values=COGReference=("0") COG=(95.30 deg) SOG=(3.35 m/s)

3  : pgn=129025 line=Tx 10302670 09 f8 01 03 82 75 6f 1c 65 72 fd b6
source=3: pgn=Position, Rapid Update(129025): values=Latitude=(47.7066626 deg) Longitude=(-122.4904091 deg)

3  : pgn=126992 line=Tx 10302670 0d f0 10 03 ff ff 06 40 50 9e 0d 2c
source=3: pgn=System Time(126992): values=Source=(None) Date=(16390 d) Time=(73909.0 s)

32 : pgn=128259 line=Rx 10302677 09 f5 03 20 29 47 01 ff ff ff ff ff
source=32: pgn=Speed(128259): values=SpeedWaterReferenced=(3.27 m/s) SpeedGroundReferenced=(None) SpeedWaterReferencedType=(None) SpeedDirection=(None)

1  : pgn=129038 line=Rx 10302698 11 f8 0e 01 00 1b c1 be c9 df 15 01
source=1: pgn=AIS Class A Position Report(129038): values=MessageID=(0) RepeatIndicator=("0") UserID=(3384721691) Longitude=(0.0 deg) Latitude=(0.0 deg) PositionAccuracy=("0") RAIM=("0") TimeStamp=("0") COG=(0.00 deg) SOG=(0.0 m/s) CommunicationState=(0) AISTransceiverinformation=("0") Heading=(0.00 deg) RateofTurn=(0.00 deg/s) NavStatus=("0") SpecialManeuverIndicator=("0") Spare=(0) SequenceID=(0)

1  : pgn=129038 line=Rx 10302698 11 f8 0e 01 01 fa 0f b7 93 06 68 1c
source=1: pgn=AIS Class A Position Report(129038): values=MessageID=(1) RepeatIndicator=("0") UserID=(2478247930) Longitude=(0.0 deg) Latitude=(0.0 deg) PositionAccuracy=("0") RAIM=("0") TimeStamp=("0") COG=(0.00 deg) SOG=(0.0 m/s) CommunicationState=(0) AISTransceiverinformation=("0") Heading=(0.00 deg) RateofTurn=(0.00 deg/s) NavStatus=("0") SpecialManeuverIndicator=("0") Spare=(0) SequenceID=(0)

1  : pgn=129038 line=Rx 10302699 11 f8 0e 01 02 c4 b1 8e 00 00 00 00
source=1: pgn=AIS Class A Position Report(129038): values=MessageID=(2) RepeatIndicator=("0") UserID=(9351620) Longitude=(0.0 deg) Latitude=(0.0 deg) PositionAccuracy=("0") RAIM=("0") TimeStamp=("0") COG=(0.00 deg) SOG=(0.0 m/s) CommunicationState=(0) AISTransceiverinformation=("0") Heading=(0.00 deg) RateofTurn=(0.00 deg/s) NavStatus=("0") SpecialManeuverIndicator=("0") Spare=(0) SequenceID=(0)

1  : pgn=129038 line=Rx 10302699 11 f8 0e 01 03 00 13 d6 00 00 f0 fe
source=1: pgn=AIS Class A Position Report(129038): values=MessageID=(3) RepeatIndicator=("0") UserID=(14029568) Longitude=(0.0 deg) Latitude=(0.0 deg) PositionAccuracy=("0") RAIM=("0") TimeStamp=("0") COG=(0.00 deg) SOG=(0.0 m/s) CommunicationState=(0) AISTransceiverinformation=("0") Heading=(0.00 deg) RateofTurn=(0.00 deg/s) NavStatus=("0") SpecialManeuverIndicator=("0") Spare=(0) SequenceID=(0)

0  : pgn=127250 line=Rx 10302704 09 f1 12 00 ff 7d 3e ff 7f ff 7f fd
source=0: pgn=Vessel Heading(127250): values=Heading=(91.66 deg) Deviation=(None) Variation=(None) Reference=("1")

0  : pgn=127245 line=Rx 10302705 09 f1 0d 00 00 f8 ff 7f 00 00 ff ff
source=0: pgn=Rudder(127245): values=Instance=(0) DirectionOrder=("0") AngleOrder=(None) Position=(0.00 deg)

0  : pgn=65359  line=Rx 10302711 1c ff 4f 00 3b 9f ff ff ff 7d 3e ff
source=0: pgn=Seatalk: Pilot Heading(65359): values=ManufacturerCode=(1851) IndustryCode=(4) HeadingTrue=(None) HeadingMagnetic=(91.66 deg)

0  : pgn=126975 line=Rx 10302714 1d ef ff 00 e0 09 3b 9f f0 81 ae 02
0  : pgn=126975 line=Rx 10302716 1d ef ff 00 e1 00 08 00 ff ff ff ff
1  : pgn=129794 line=Rx 10302759 19 fb 02 01 00 4b 05 8c ac e8 15 ff
source=1: pgn=AIS Class A Static and Voyage Related Data(129794): values=MessageID=(0) RepeatIndicator=("0") UserID=(2894857547) IMOnumber=(0) Callsign=(0) Name=(0) Typeofship=("0") Length=(0.0 m) Beam=(0.0 m) PositionreferencefromStarboard=(0.0 m) PositionreferencefromBow=(0.0 m) ETADate=(0 d) ETATime=(0.0 s) Draft=(0.0 m) Destination=(0) AISversionindicator=("0") GNSStype=("0") DTE=("0") AISTransceiverinformation=("0")

1  : pgn=129794 line=Rx 10302760 19 fb 02 01 01 ff ff ff 57 44 47 37
source=1: pgn=AIS Class A Static and Voyage Related Data(129794): values=MessageID=(1) RepeatIndicator=("0") UserID=(1476395007) IMOnumber=(0) Callsign=(0) Name=(0) Typeofship=("0") Length=(0.0 m) Beam=(0.0 m) PositionreferencefromStarboard=(0.0 m) PositionreferencefromBow=(0.0 m) ETADate=(0 d) ETATime=(0.0 s) Draft=(0.0 m) Destination=(0) AISversionindicator=("0") GNSStype=("0") DTE=("0") AISTransceiverinformation=("0")

1  : pgn=129794 line=Rx 10302760 19 fb 02 01 02 37 31 31 43 20 4a 45
source=1: pgn=AIS Class A Static and Voyage Related Data(129794): values=MessageID=(2) RepeatIndicator=("0") UserID=(1127297335) IMOnumber=(0) Callsign=(0) Name=(0) Typeofship=("0") Length=(0.0 m) Beam=(0.0 m) PositionreferencefromStarboard=(0.0 m) PositionreferencefromBow=(0.0 m) ETADate=(0 d) ETATime=(0.0 s) Draft=(0.0 m) Destination=(0) AISversionindicator=("0") GNSStype=("0") DTE=("0") AISTransceiverinformation=("0")

1  : pgn=129794 line=Rx 10302761 19 fb 02 01 03 57 45 4c 20 20 20 20
source=1: pgn=AIS Class A Static and Voyage Related Data(129794): values=MessageID=(3) RepeatIndicator=("0") UserID=(541869399) IMOnumber=(0) Callsign=(0) Name=(0) Typeofship=("0") Length=(0.0 m) Beam=(0.0 m) PositionreferencefromStarboard=(0.0 m) PositionreferencefromBow=(0.0 m) ETADate=(0 d) ETATime=(0.0 s) Draft=(0.0 m) Destination=(0) AISversionindicator=("0") GNSStype=("0") DTE=("0") AISTransceiverinformation=("0")

1  : pgn=129794 line=Rx 10302761 19 fb 02 01 04 20 20 20 20 20 20 20
source=1: pgn=AIS Class A Static and Voyage Related Data(129794): values=MessageID=(4) RepeatIndicator=("0") UserID=(538976288) IMOnumber=(0) Callsign=(0) Name=(0) Typeofship=("0") Length=(0.0 m) Beam=(0.0 m) PositionreferencefromStarboard=(0.0 m) PositionreferencefromBow=(0.0 m) ETADate=(0 d) ETATime=(0.0 s) Draft=(0.0 m) Destination=(0) AISversionindicator=("0") GNSStype=("0") DTE=("0") AISTransceiverinformation=("0")

1  : pgn=129794 line=Rx 10302762 19 fb 02 01 05 20 20 25 22 01 50 00
source=1: pgn=AIS Class A Static and Voyage Related Data(129794): values=MessageID=(5) RepeatIndicator=("0") UserID=(572858400) IMOnumber=(0) Callsign=(0) Name=(0) Typeofship=("0") Length=(0.0 m) Beam=(0.0 m) PositionreferencefromStarboard=(0.0 m) PositionreferencefromBow=(0.0 m) ETADate=(0 d) ETATime=(0.0 s) Draft=(0.0 m) Destination=(0) AISversionindicator=("0") GNSStype=("0") DTE=("0") AISTransceiverinformation=("0")

1  : pgn=129794 line=Rx 10302763 19 fb 02 01 06 ff ff ff ff 57 3f 00
source=1: pgn=AIS Class A Static and Voyage Related Data(129794): values=MessageID=(6) RepeatIndicator=("0") UserID=(None) IMOnumber=(0) Callsign=(0) Name=(0) Typeofship=("0") Length=(0.0 m) Beam=(0.0 m) PositionreferencefromStarboard=(0.0 m) PositionreferencefromBow=(0.0 m) ETADate=(0 d) ETATime=(0.0 s) Draft=(0.0 m) Destination=(0) AISversionindicator=("0") GNSStype=("0") DTE=("0") AISTransceiverinformation=("0")

1  : pgn=129794 line=Rx 10302763 19 fb 02 01 07 b2 9f 26 dc 00 53 45
1  : pgn=129794 line=Rx 10302764 19 fb 02 01 08 41 54 54 4c 45 20 20
1  : pgn=129794 line=Rx 10302764 19 fb 02 01 09 20 20 20 20 20 20 20
1  : pgn=129794 line=Rx 10302765 19 fb 02 01 0a 20 20 20 20 05 e0 ff
source=1: pgn=AIS Class A Static and Voyage Related Data(129794): values=MessageID=(32) RepeatIndicator=("0") UserID=(538976288) IMOnumber=(538976288) Callsign=(0) Name=(0) Typeofship=("0") Length=(0.0 m) Beam=(0.0 m) PositionreferencefromStarboard=(0.0 m) PositionreferencefromBow=(0.0 m) ETADate=(0 d) ETATime=(0.0 s) Draft=(0.0 m) Destination=(0) AISversionindicator=("0") GNSStype=("0") DTE=("0") AISTransceiverinformation=("0")

3  : pgn=129025 line=Tx 10302770 09 f8 01 03 82 75 6f 1c 65 72 fd b6
source=3: pgn=Position, Rapid Update(129025): values=Latitude=(47.7066626 deg) Longitude=(-122.4904091 deg)

32 : pgn=128259 line=Rx 10302776 09 f5 03 20 2a 3c 01 ff ff ff ff ff
source=32: pgn=Speed(128259): values=SpeedWaterReferenced=(3.16 m/s) SpeedGroundReferenced=(None) SpeedWaterReferencedType=(None) SpeedDirection=(None)

0  : pgn=127250 line=Rx 10302797 09 f1 12 00 ff a5 3e ff 7f ff 7f fd
source=0: pgn=Vessel Heading(127250): values=Heading=(91.89 deg) Deviation=(None) Variation=(None) Reference=("1")

0  : pgn=127245 line=Rx 10302797 09 f1 0d 00 00 f8 ff 7f 00 00 ff ff
source=0: pgn=Rudder(127245): values=Instance=(0) DirectionOrder=("0") AngleOrder=(None) Position=(0.00 deg)

0  : pgn=65359  line=Rx 10302803 1c ff 4f 00 3b 9f ff ff ff a5 3e ff
source=0: pgn=Seatalk: Pilot Heading(65359): values=ManufacturerCode=(1851) IndustryCode=(4) HeadingTrue=(None) HeadingMagnetic=(91.89 deg)

1  : pgn=129810 line=Rx 10302821 19 fb 12 01 60 21 18 a0 42 df 15 1e
1  : pgn=129810 line=Rx 10302822 19 fb 12 01 61 33 83 19 54 00 00 57
1  : pgn=129810 line=Rx 10302822 19 fb 12 01 62 57 44 42 38 31 31 30
1  : pgn=129810 line=Rx 10302823 19 fb 12 01 63 c8 00 00 00 00 00 64
1  : pgn=129810 line=Rx 10302823 19 fb 12 01 64 00 00 00 00 00 83 ff
1  : pgn=130842 line=Rx 10302824 19 ff 1a 01 80 24 41 9f 01 00 00 a0
1  : pgn=130842 line=Rx 10302825 19 ff 1a 01 81 42 df 15 00 33 83 19
1  : pgn=130842 line=Rx 10302825 19 ff 1a 01 82 54 00 00 57 57 44 42
1  : pgn=130842 line=Rx 10302826 19 ff 1a 01 83 38 31 31 30 c8 00 00
1  : pgn=130842 line=Rx 10302826 19 ff 1a 01 84 00 00 00 64 00 00 00
1  : pgn=130842 line=Rx 10302827 19 ff 1a 01 85 00 00 ff ff ff ff ff
3  : pgn=129026 line=Tx 10302871 09 f8 02 03 ff fc 2d 41 51 01 ff ff
source=3: pgn=COG & SOG, Rapid Update(129026): values=COGReference=("0") COG=(95.60 deg) SOG=(3.37 m/s)

3  : pgn=129025 line=Tx 10302871 09 f8 01 03 71 75 6f 1c bf 72 fd b6
source=3: pgn=Position, Rapid Update(129025): values=Latitude=(47.706660899999996 deg) Longitude=(-122.49040009999999 deg)

3  : pgn=129291 line=Tx 10302871 0d f9 0b 03 ff fc 06 0e 40 00 ff ff
source=3: pgn=Set & Drift, Rapid Update(129291): values=SetReference=("0") Set=(20.57 deg) Drift=(0.64 m/s)

32 : pgn=128259 line=Rx 10302876 09 f5 03 20 2b 3b 01 ff ff ff ff ff
source=32: pgn=Speed(128259): values=SpeedWaterReferenced=(3.15 m/s) SpeedGroundReferenced=(None) SpeedWaterReferencedType=(None) SpeedDirection=(None)

1  : pgn=129038 line=Rx 10302883 11 f8 0e 01 20 1b c1 14 fd dd 15 4a
1  : pgn=129038 line=Rx 10302884 11 f8 0e 01 21 ec 0c b7 6c d2 68 1c
1  : pgn=129038 line=Rx 10302884 11 f8 0e 01 22 c0 1f bd 00 00 01 00
1  : pgn=129038 line=Rx 10302885 11 f8 0e 01 23 08 ad 4b 00 00 ff fe
0  : pgn=127250 line=Rx 10302903 09 f1 12 00 ff ed 3e ff 7f ff 7f fd
source=0: pgn=Vessel Heading(127250): values=Heading=(92.30 deg) Deviation=(None) Variation=(None) Reference=("1")

0  : pgn=127245 line=Rx 10302903 09 f1 0d 00 00 f8 ff 7f 00 00 ff ff
source=0: pgn=Rudder(127245): values=Instance=(0) DirectionOrder=("0") AngleOrder=(None) Position=(0.00 deg)

0  : pgn=65359  line=Rx 10302910 1c ff 4f 00 3b 9f ff ff ff ed 3e ff
source=0: pgn=Seatalk: Pilot Heading(65359): values=ManufacturerCode=(1851) IndustryCode=(4) HeadingTrue=(None) HeadingMagnetic=(92.30 deg)

3  : pgn=129025 line=Tx 10302971 09 f8 01 03 71 75 6f 1c bf 72 fd b6
source=3: pgn=Position, Rapid Update(129025): values=Latitude=(47.706660899999996 deg) Longitude=(-122.49040009999999 deg)

32 : pgn=128259 line=Rx 10302975 09 f5 03 20 2c 37 01 ff ff ff ff ff
source=32: pgn=Speed(128259): values=SpeedWaterReferenced=(3.11 m/s) SpeedGroundReferenced=(None) SpeedWaterReferencedType=(None) SpeedDirection=(None)

0  : pgn=127250 line=Rx 10302998 09 f1 12 00 ff 30 3f ff 7f ff 7f fd
source=0: pgn=Vessel Heading(127250): values=Heading=(92.68 deg) Deviation=(None) Variation=(None) Reference=("1")

0  : pgn=127245 line=Rx 10302999 09 f1 0d 00 00 f8 ff 7f 00 00 ff ff
source=0: pgn=Rudder(127245): values=Instance=(0) DirectionOrder=("0") AngleOrder=(None) Position=(0.00 deg)

0  : pgn=65359  line=Rx 10303003 1c ff 4f 00 3b 9f ff ff ff 30 3f ff
source=0: pgn=Seatalk: Pilot Heading(65359): values=ManufacturerCode=(1851) IndustryCode=(4) HeadingTrue=(None) HeadingMagnetic=(92.68 deg)

4  : pgn=126975 line=Rx 10303067 1d ef ff 04 60 07 3b 9f f0 81 90 00
4  : pgn=126975 line=Rx 10303067 1d ef ff 04 61 03 ff ff ff ff ff ff
3  : pgn=129026 line=Tx 10303072 09 f8 02 03 ff fc 2d 41 51 01 ff ff
source=3: pgn=COG & SOG, Rapid Update(129026): values=COGReference=("0") COG=(95.60 deg) SOG=(3.37 m/s)

3  : pgn=130577 line=Tx 10303073 0d fe 11 03 a0 0e c0 6e 2d 41 51 01
3  : pgn=130577 line=Tx 10303073 0d fe 11 03 a1 ff ff ff ff 06 0e 40
3  : pgn=130577 line=Tx 10303073 0d fe 11 03 a2 00 ff ff ff ff ff ff
3  : pgn=129025 line=Tx 10303073 09 f8 01 03 71 75 6f 1c bf 72 fd b6
3  : pgn=130306 line=Tx 10303073 09 fd 02 03 ff 60 03 88 cc fa ff ff
source=3: pgn=Wind Data(130306): values=WindSpeed=(8.64 m/s) WindAngle=(300.00 deg) Reference=("2")

32 : pgn=128259 line=Rx 10303075 09 f5 03 20 2d 43 01 ff ff ff ff ff
source=32: pgn=Speed(128259): values=SpeedWaterReferenced=(3.23 m/s) SpeedGroundReferenced=(None) SpeedWaterReferencedType=(None) SpeedDirection=(None)

0  : pgn=127250 line=Rx 10303107 09 f1 12 00 ff 4b 3f ff 7f ff 7f fd
source=0: pgn=Vessel Heading(127250): values=Heading=(92.84 deg) Deviation=(None) Variation=(None) Reference=("1")

0  : pgn=127245 line=Rx 10303108 09 f1 0d 00 00 f8 ff 7f 00 00 ff ff
source=0: pgn=Rudder(127245): values=Instance=(0) DirectionOrder=("0") AngleOrder=(None) Position=(0.00 deg)

0  : pgn=65359  line=Rx 10303115 1c ff 4f 00 3b 9f ff ff ff 4b 3f ff
source=0: pgn=Seatalk: Pilot Heading(65359): values=ManufacturerCode=(1851) IndustryCode=(4) HeadingTrue=(None) HeadingMagnetic=(92.84 deg)

0  : pgn=126975 line=Rx 10303123 1d ef ff 00 00 08 3b 9f f0 81 9c 91
0  : pgn=126975 line=Rx 10303125 1d ef ff 00 01 01 00 ff ff ff ff ff
32 : pgn=128259 line=Rx 10303174 09 f5 03 20 2e 36 01 ff ff ff ff ff
source=32: pgn=Speed(128259): values=SpeedWaterReferenced=(3.1 m/s) SpeedGroundReferenced=(None) SpeedWaterReferencedType=(None) SpeedDirection=(None)

3  : pgn=129283 line=Tx 10303175 0d f9 03 03 ff 7f ff ff ff 7f ff ff
source=3: pgn=Cross Track Error(129283): values=XTEmode=(None) NavigationTerminated=("1") XTE=(None)

3  : pgn=129025 line=Tx 10303175 09 f8 01 03 65 75 6f 1c 11 73 fd b6
source=3: pgn=Position, Rapid Update(129025): values=Latitude=(47.706659699999996 deg) Longitude=(-122.49039189999999 deg)

3  : pgn=128267 line=Tx 10303175 0d f5 0b 03 ff ce 3c 00 00 00 00 ff
source=3: pgn=Water Depth(128267): values=Depth=(155.66 m) Offset=(0.0 m) Range=(None)

0  : pgn=127250 line=Rx 10303197 09 f1 12 00 ff 7d 3f ff 7f ff 7f fd
source=0: pgn=Vessel Heading(127250): values=Heading=(93.12 deg) Deviation=(None) Variation=(None) Reference=("1")

0  : pgn=127245 line=Rx 10303198 09 f1 0d 00 00 f8 ff 7f 00 00 ff ff
source=0: pgn=Rudder(127245): values=Instance=(0) DirectionOrder=("0") AngleOrder=(None) Position=(0.00 deg)

0  : pgn=65359  line=Rx 10303202 1c ff 4f 00 3b 9f ff ff ff 7d 3f ff
source=0: pgn=Seatalk: Pilot Heading(65359): values=ManufacturerCode=(1851) IndustryCode=(4) HeadingTrue=(None) HeadingMagnetic=(93.12 deg)

3  : pgn=129026 line=Tx 10303275 09 f8 02 03 ff fc 73 41 52 01 ff ff
source=3: pgn=COG & SOG, Rapid Update(129026): values=COGReference=("0") COG=(96.00 deg) SOG=(3.38 m/s)

3  : pgn=129025 line=Tx 10303275 09 f8 01 03 65 75 6f 1c 11 73 fd b6
source=3: pgn=Position, Rapid Update(129025): values=Latitude=(47.706659699999996 deg) Longitude=(-122.49039189999999 deg)

3  : pgn=129542 line=Tx 10303275 19 fa 06 03 a0 0f 6e 77 01 00 00 00
3  : pgn=129542 line=Tx 10303275 19 fa 06 03 a1 00 00 00 00 00 00 00
3  : pgn=129542 line=Tx 10303275 19 fa 06 03 a2 00 00 ff ff ff ff ff
3  : pgn=65364  line=Tx 10303275 1c ff 54 03 3b 9f 60 03 88 cc ff ff
32 : pgn=128259 line=Rx 10303276 09 f5 03 20 2f 36 01 ff ff ff ff ff
source=32: pgn=Speed(128259): values=SpeedWaterReferenced=(3.1 m/s) SpeedGroundReferenced=(None) SpeedWaterReferencedType=(None) SpeedDirection=(None)

32 : pgn=130310 line=Rx 10303280 15 fd 06 20 b5 ff ff ff ff ff ff ff
source=32: pgn=Environmental Parameters (obsolete)(130310): values=WaterTemperature=(None) OutsideAmbientAirTemperature=(None) AtmosphericPressure=(None)

32 : pgn=128275 line=Rx 10303289 19 f5 13 20 e0 0e ff ff ff ff ff ff
32 : pgn=128275 line=Rx 10303294 19 f5 13 20 e1 9d ad 3c 00 9d ad 3c
32 : pgn=128275 line=Rx 10303299 19 f5 13 20 e2 00 ff ff ff ff ff ff
0  : pgn=127250 line=Rx 10303314 09 f1 12 00 ff ae 3f ff 7f ff 7f fd
source=0: pgn=Vessel Heading(127250): values=Heading=(93.40 deg) Deviation=(None) Variation=(None) Reference=("1")

0  : pgn=127245 line=Rx 10303315 09 f1 0d 00 00 f8 ff 7f 00 00 ff ff
source=0: pgn=Rudder(127245): values=Instance=(0) DirectionOrder=("0") AngleOrder=(None) Position=(0.00 deg)

0  : pgn=65359  line=Rx 10303322 1c ff 4f 00 3b 9f ff ff ff ae 3f ff
source=0: pgn=Seatalk: Pilot Heading(65359): values=ManufacturerCode=(1851) IndustryCode=(4) HeadingTrue=(None) HeadingMagnetic=(93.40 deg)

1  : pgn=59936  line=Rx 10303335 18 ea 20 01 00 ee 00 00 00 00 00 00
32 : pgn=128259 line=Rx 10303374 09 f5 03 20 30 36 01 ff ff ff ff ff
3  : pgn=129540 line=Tx 10303376 19 fa 04 03 e0 9f 90 ff 0d 03 97 1a
source=3: pgn=GNSS Sats in View(129540): values=RangeResidualMode=(None) SatsinView=(144) PRN=(None) Elevation=(4.47 deg) Azimuth=(39.00 deg) SNR=(0.0 dB) Rangeresiduals=(0) Status=("0")

3  : pgn=129540 line=Tx 10303376 19 fa 04 03 e1 2e 26 00 00 00 00 00
source=3: pgn=GNSS Sats in View(129540): values=RangeResidualMode=("0") SatsinView=(38) PRN=(0) Elevation=(0.00 deg) Azimuth=(0.00 deg) SNR=(0.0 dB) Rangeresiduals=(0) Status=("0")

3  : pgn=129540 line=Tx 10303376 19 fa 04 03 e2 00 f3 0f ff 1d 5c 3d
source=3: pgn=GNSS Sats in View(129540): values=RangeResidualMode=("0") SatsinView=(243) PRN=(15) Elevation=(44.00 deg) Azimuth=(90.00 deg) SNR=(0.0 dB) Rangeresiduals=(0) Status=("0")

3  : pgn=129540 line=Tx 10303376 19 fa 04 03 e3 54 0b 00 00 00 00 f5
source=3: pgn=GNSS Sats in View(129540): values=RangeResidualMode=("0") SatsinView=(11) PRN=(0) Elevation=(0.00 deg) Azimuth=(359.36 deg) SNR=(0.0 dB) Rangeresiduals=(0) Status=("0")

3  : pgn=129540 line=Tx 10303376 19 fa 04 03 e4 10 17 13 71 b9 1c 0c
source=3: pgn=GNSS Sats in View(129540): values=RangeResidualMode=("0") SatsinView=(23) PRN=(19) Elevation=(-103.49 deg) Azimuth=(17.76 deg) SNR=(0.0 dB) Rangeresiduals=(0) Status=("0")

3  : pgn=129540 line=Tx 10303376 19 fa 04 03 e5 00 00 00 00 f5 12 c5
source=3: pgn=GNSS Sats in View(129540): values=RangeResidualMode=("0") SatsinView=(0) PRN=(0) Elevation=(-16.13 deg) Azimuth=(289.06 deg) SNR=(0.0 dB) Rangeresiduals=(0) Status=("0")

3  : pgn=129540 line=Tx 10303376 19 fa 04 03 e6 31 f2 93 ac 0d 00 00
source=3: pgn=GNSS Sats in View(129540): values=RangeResidualMode=("1") SatsinView=(242) PRN=(147) Elevation=(20.05 deg) Azimuth=(0.00 deg) SNR=(0.0 dB) Rangeresiduals=(0) Status=("0")

3  : pgn=129540 line=Tx 10303376 19 fa 04 03 e7 00 00 f5 13 ba 02 1f
source=3: pgn=GNSS Sats in View(129540): values=RangeResidualMode=("0") SatsinView=(0) PRN=(245) Elevation=(-102.57 deg) Azimuth=(45.48 deg) SNR=(0.0 dB) Rangeresiduals=(0) Status=("0")

3  : pgn=129540 line=Tx 10303376 19 fa 04 03 e8 d8 04 10 00 00 00 00
source=3: pgn=GNSS Sats in View(129540): values=RangeResidualMode=("0") SatsinView=(4) PRN=(16) Elevation=(0.00 deg) Azimuth=(0.00 deg) SNR=(0.0 dB) Rangeresiduals=(0) Status=("0")

3  : pgn=129540 line=Tx 10303376 19 fa 04 03 e9 f5 15 e8 37 0b 20 80
source=3: pgn=GNSS Sats in View(129540): values=RangeResidualMode=("1") SatsinView=(21) PRN=(232) Elevation=(16.45 deg) Azimuth=(187.93 deg) SNR=(0.0 dB) Rangeresiduals=(0) Status=("0")

3  : pgn=129540 line=Tx 10303376 19 fa 04 03 ea 0c 00 00 00 00 f5 16
source=3: pgn=GNSS Sats in View(129540): values=RangeResidualMode=("0") SatsinView=(0) PRN=(0) Elevation=(0.00 deg) Azimuth=(33.67 deg) SNR=(0.0 dB) Rangeresiduals=(0) Status=("0")

3  : pgn=129540 line=Tx 10303377 19 fa 04 03 eb d1 15 cf 9c b8 0b 00
source=3: pgn=GNSS Sats in View(129540): values=RangeResidualMode=("1") SatsinView=(21) PRN=(207) Elevation=(-104.71 deg) Azimuth=(0.06 deg) SNR=(0.0 dB) Rangeresiduals=(0) Status=("0")

3  : pgn=129540 line=Tx 10303378 19 fa 04 03 ec 00 00 00 f5 1a ae 0f
source=3: pgn=GNSS Sats in View(129540): values=RangeResidualMode=("0") SatsinView=(0) PRN=(0) Elevation=(39.54 deg) Azimuth=(23.00 deg) SNR=(0.0 dB) Rangeresiduals=(0) Status=("0")

3  : pgn=129540 line=Tx 10303380 19 fa 04 03 ed 5d 1f 28 0a 00 00 00
source=3: pgn=GNSS Sats in View(129540): values=RangeResidualMode=("1") SatsinView=(31) PRN=(40) Elevation=(0.06 deg) Azimuth=(0.00 deg) SNR=(0.0 dB) Rangeresiduals=(0) Status=("0")

3  : pgn=129540 line=Tx 10303380 19 fa 04 03 ee 00 f5 1b d1 15 ab d2
source=3: pgn=GNSS Sats in View(129540): values=RangeResidualMode=("0") SatsinView=(245) PRN=(27) Elevation=(32.00 deg) Azimuth=(309.00 deg) SNR=(0.0 dB) Rangeresiduals=(0) Status=("0")

3  : pgn=129540 line=Tx 10303381 19 fa 04 03 ef a0 0f 00 00 00 00 f5
source=3: pgn=GNSS Sats in View(129540): values=RangeResidualMode=("0") SatsinView=(15) PRN=(0) Elevation=(0.00 deg) Azimuth=(359.36 deg) SNR=(0.0 dB) Rangeresiduals=(0) Status=("0")

3  : pgn=129540 line=Tx 10303382 19 fa 04 03 f0 1d 00 0f a1 67 ac 0d
source=3: pgn=GNSS Sats in View(129540): values=RangeResidualMode=("1") SatsinView=(0) PRN=(15) Elevation=(152.00 deg) Azimuth=(20.05 deg) SNR=(0.0 dB) Rangeresiduals=(0) Status=("0")

3  : pgn=129540 line=Tx 10303383 19 fa 04 03 f1 00 00 00 00 f5 23 d1
source=3: pgn=GNSS Sats in View(129540): values=RangeResidualMode=("0") SatsinView=(0) PRN=(0) Elevation=(-16.13 deg) Azimuth=(306.76 deg) SNR=(0.0 dB) Rangeresiduals=(0) Status=("0")

3  : pgn=129540 line=Tx 10303383 19 fa 04 03 f2 15 c3 8b 00 00 00 00
source=3: pgn=GNSS Sats in View(129540): values=RangeResidualMode=("1") SatsinView=(195) PRN=(139) Elevation=(0.00 deg) Azimuth=(0.00 deg) SNR=(0.0 dB) Rangeresiduals=(0) Status=("0")

3  : pgn=129540 line=Tx 10303384 19 fa 04 03 f3 00 00 f3 30 2e 17 43
source=3: pgn=GNSS Sats in View(129540): values=RangeResidualMode=("0") SatsinView=(0) PRN=(243) Elevation=(67.75 deg) Azimuth=(98.41 deg) SNR=(0.0 dB) Rangeresiduals=(0) Status=("0")

3  : pgn=129540 line=Tx 10303385 19 fa 04 03 f4 84 1c 0c 00 00 00 00
source=3: pgn=GNSS Sats in View(129540): values=RangeResidualMode=("0") SatsinView=(28) PRN=(12) Elevation=(0.00 deg) Azimuth=(0.00 deg) SNR=(0.0 dB) Rangeresiduals=(0) Status=("0")

3  : pgn=129540 line=Tx 10303386 19 fa 04 03 f5 f5 33 80 16 67 6c 00
source=3: pgn=GNSS Sats in View(129540): values=RangeResidualMode=("1") SatsinView=(51) PRN=(128) Elevation=(151.20 deg) Azimuth=(0.62 deg) SNR=(0.0 dB) Rangeresiduals=(0) Status=("0")

3  : pgn=129540 line=Tx 10303386 19 fa 04 03 f6 00 00 00 00 00 f3 ff
source=3: pgn=GNSS Sats in View(129540): values=RangeResidualMode=("0") SatsinView=(0) PRN=(0) Elevation=(0.00 deg) Azimuth=(375.42 deg) SNR=(0.0 dB) Rangeresiduals=(0) Status=("0")

3  : pgn=129025 line=Tx 10303388 09 f8 01 03 4b 75 6f 1c b2 73 fd b6
source=3: pgn=Position, Rapid Update(129025): values=Latitude=(47.7066571 deg) Longitude=(-122.4903758 deg)

3  : pgn=127258 line=Tx 10303389 19 f1 1a 03 ff f6 12 39 fa 0a ff ff
source=3: pgn=Magnetic Variation(127258): values=Source=("6") Ageofservice=(14610 d) Variation=(16.10 deg)

0  : pgn=127250 line=Rx 10303404 09 f1 12 00 ff b9 3f ff 7f ff 7f fd
source=0: pgn=Vessel Heading(127250): values=Heading=(93.47 deg) Deviation=(None) Variation=(None) Reference=("1")

0  : pgn=127245 line=Rx 10303405 09 f1 0d 00 00 f8 ff 7f 00 00 ff ff
source=0: pgn=Rudder(127245): values=Instance=(0) DirectionOrder=("0") AngleOrder=(None) Position=(0.00 deg)

4  : pgn=65384  line=Rx 10303407 1c ff 68 04 3b 9f 00 00 00 00 00 00
0  : pgn=65359  line=Rx 10303411 1c ff 4f 00 3b 9f ff ff ff b9 3f ff
source=0: pgn=Seatalk: Pilot Heading(65359): values=ManufacturerCode=(1851) IndustryCode=(4) HeadingTrue=(None) HeadingMagnetic=(93.47 deg)

32 : pgn=128259 line=Rx 10303473 09 f5 03 20 31 37 01 ff ff ff ff ff
source=32: pgn=Speed(128259): values=SpeedWaterReferenced=(3.11 m/s) SpeedGroundReferenced=(None) SpeedWaterReferencedType=(None) SpeedDirection=(None)

3  : pgn=129026 line=Tx 10303477 09 f8 02 03 ff fc ff 41 55 01 ff ff
source=3: pgn=COG & SOG, Rapid Update(129026): values=COGReference=("0") COG=(96.80 deg) SOG=(3.41 m/s)

3  : pgn=129025 line=Tx 10303477 09 f8 01 03 4b 75 6f 1c b2 73 fd b6
source=3: pgn=Position, Rapid Update(129025): values=Latitude=(47.7066571 deg) Longitude=(-122.4903758 deg)

1  : pgn=129038 line=Rx 10303487 11 f8 0e 01 40 1b c1 ec 10 e8 15 22
1  : pgn=129038 line=Rx 10303488 11 f8 0e 01 41 5e 0e b7 c0 eb 67 1c
1  : pgn=129038 line=Rx 10303488 11 f8 0e 01 42 c4 00 00 00 00 00 00
1  : pgn=129038 line=Rx 10303489 11 f8 0e 01 43 00 ff ff ff 7f f0 fe
0  : pgn=127250 line=Rx 10303516 09 f1 12 00 ff da 3f ff 7f ff 7f fd
source=0: pgn=Vessel Heading(127250): values=Heading=(93.66 deg) Deviation=(None) Variation=(None) Reference=("1")

0  : pgn=127245 line=Rx 10303517 09 f1 0d 00 00 f8 ff 7f 00 00 ff ff
source=0: pgn=Rudder(127245): values=Instance=(0) DirectionOrder=("0") AngleOrder=(None) Position=(0.00 deg)

0  : pgn=65359  line=Rx 10303523 1c ff 4f 00 3b 9f ff ff ff da 3f ff
source=0: pgn=Seatalk: Pilot Heading(65359): values=ManufacturerCode=(1851) IndustryCode=(4) HeadingTrue=(None) HeadingMagnetic=(93.66 deg)

32 : pgn=128259 line=Rx 10303573 09 f5 03 20 32 38 01 ff ff ff ff ff
source=32: pgn=Speed(128259): values=SpeedWaterReferenced=(3.12 m/s) SpeedGroundReferenced=(None) SpeedWaterReferencedType=(None) SpeedDirection=(None)

3  : pgn=129029 line=Tx 10303577 0d f8 05 03 a0 2b 6e 06 40 82 bc 0d
3  : pgn=129029 line=Tx 10303577 0d f8 05 03 a1 2c 00 2e ab ca 84 e1
3  : pgn=129029 line=Tx 10303577 0d f8 05 03 a2 9e 06 00 74 5e 9c 85
3  : pgn=129029 line=Tx 10303577 0d f8 05 03 a3 44 00 ef ff ff ff ff
3  : pgn=129029 line=Tx 10303577 0d f8 05 03 a4 ff ff ff 7f 23 fc 09
3  : pgn=129029 line=Tx 10303577 0d f8 05 03 a5 59 00 ff 7f ff ff ff
3  : pgn=129029 line=Tx 10303577 0d f8 05 03 a6 7f 00 ff ff ff ff ff
3  : pgn=129025 line=Tx 10303577 09 f8 01 03 4b 75 6f 1c b2 73 fd b6
source=3: pgn=Position, Rapid Update(129025): values=Latitude=(47.7066571 deg) Longitude=(-122.4903758 deg)

3  : pgn=129033 line=Tx 10303577 0d f8 09 03 06 40 82 bc 0d 2c 5c fe
source=3: pgn=Time & Date(129033): values=Date=(16390 d) Time=(73909.773 s) LocalOffset=(-25200.0 s)

0  : pgn=127250 line=Rx 10303611 09 f1 12 00 ff e6 3f ff 7f ff 7f fd
source=0: pgn=Vessel Heading(127250): values=Heading=(93.72 deg) Deviation=(None) Variation=(None) Reference=("1")

0  : pgn=127245 line=Rx 10303611 09 f1 0d 00 00 f8 ff 7f 00 00 ff ff
source=0: pgn=Rudder(127245): values=Instance=(0) DirectionOrder=("0") AngleOrder=(None) Position=(0.00 deg)

0  : pgn=65379  line=Rx 10303616 1c ff 63 00 3b 9f 00 00 00 00 01 ff
source=0: pgn=Seatalk: Pilot Mode(65379): values=ManufacturerCode=(1851) IndustryCode=(4) PilotMode=(0) SubMode=(0) PilotModeData=(0)

0  : pgn=65359  line=Rx 10303617 1c ff 4f 00 3b 9f ff ff ff e6 3f ff
source=0: pgn=Seatalk: Pilot Heading(65359): values=ManufacturerCode=(1851) IndustryCode=(4) HeadingTrue=(None) HeadingMagnetic=(93.72 deg)

0  : pgn=126975 line=Rx 10303625 1d ef ff 00 20 0d 3b 9f f0 81 84 16
0  : pgn=126975 line=Rx 10303627 1d ef ff 00 21 42 08 00 00 00 02 05
32 : pgn=128259 line=Rx 10303673 09 f5 03 20 33 38 01 ff ff ff ff ff
source=32: pgn=Speed(128259): values=SpeedWaterReferenced=(3.12 m/s) SpeedGroundReferenced=(None) SpeedWaterReferencedType=(None) SpeedDirection=(None)

3  : pgn=129026 line=Tx 10303678 09 f8 02 03 ff fc 68 42 58 01 ff ff
source=3: pgn=COG & SOG, Rapid Update(129026): values=COGReference=("0") COG=(97.40 deg) SOG=(3.44 m/s)

3  : pgn=129025 line=Tx 10303678 09 f8 01 03 3a 75 6f 1c 06 74 fd b6
source=3: pgn=Position, Rapid Update(129025): values=Latitude=(47.706655399999995 deg) Longitude=(-122.4903674 deg)

3  : pgn=126992 line=Tx 10303678 0d f0 10 03 ff ff 06 40 4a c7 0d 2c
source=3: pgn=System Time(126992): values=Source=(None) Date=(16390 d) Time=(73910.049 s)

0  : pgn=127250 line=Rx 10303706 09 f1 12 00 ff fb 3f ff 7f ff 7f fd
source=0: pgn=Vessel Heading(127250): values=Heading=(93.84 deg) Deviation=(None) Variation=(None) Reference=("1")

0  : pgn=127245 line=Rx 10303707 09 f1 0d 00 00 f8 ff 7f 00 00 ff ff
source=0: pgn=Rudder(127245): values=Instance=(0) DirectionOrder=("0") AngleOrder=(None) Position=(0.00 deg)

0  : pgn=65359  line=Rx 10303714 1c ff 4f 00 3b 9f ff ff ff fb 3f ff
source=0: pgn=Seatalk: Pilot Heading(65359): values=ManufacturerCode=(1851) IndustryCode=(4) HeadingTrue=(None) HeadingMagnetic=(93.84 deg)

0  : pgn=126975 line=Rx 10303716 1d ef ff 00 40 09 3b 9f f0 81 ae 02
0  : pgn=126975 line=Rx 10303718 1d ef ff 00 41 00 08 00 ff ff ff ff
1  : pgn=129038 line=Rx 10303728 11 f8 0e 01 60 1b c1 58 92 12 12 6b
1  : pgn=129038 line=Rx 10303729 11 f8 0e 01 61 42 0e b7 1e 44 68 1c
1  : pgn=129038 line=Rx 10303729 11 f8 0e 01 62 c4 e2 0c 00 00 00 00
1  : pgn=129038 line=Rx 10303730 11 f8 0e 01 63 00 ff ff ff 7f f0 fe
1  : pgn=129038 line=Rx 10303760 11 f8 0e 01 80 1b c1 4c 8c df 15 e1
1  : pgn=129038 line=Rx 10303761 11 f8 0e 01 81 81 05 b7 38 9e 4f 1c
1  : pgn=129038 line=Rx 10303761 11 f8 0e 01 82 c4 7d 70 9b 01 00 00
1  : pgn=129038 line=Rx 10303762 11 f8 0e 01 83 00 c3 6d 00 00 f0 fe
32 : pgn=128259 line=Rx 10303772 09 f5 03 20 34 39 01 ff ff ff ff ff
source=32: pgn=Speed(128259): values=SpeedWaterReferenced=(3.13 m/s) SpeedGroundReferenced=(None) SpeedWaterReferencedType=(None) SpeedDirection=(None)

3  : pgn=129025 line=Tx 10303778 09 f8 01 03 3a 75 6f 1c 06 74 fd b6
source=3: pgn=Position, Rapid Update(129025): values=Latitude=(47.706655399999995 deg) Longitude=(-122.4903674 deg)

0  : pgn=127250 line=Rx 10303795 09 f1 12 00 ff 0f 40 ff 7f ff 7f fd
source=0: pgn=Vessel Heading(127250): values=Heading=(93.96 deg) Deviation=(None) Variation=(None) Reference=("1")

0  : pgn=127245 line=Rx 10303796 09 f1 0d 00 00 f8 ff 7f 00 00 ff ff
source=0: pgn=Rudder(127245): values=Instance=(0) DirectionOrder=("0") AngleOrder=(None) Position=(0.00 deg)

0  : pgn=65359  line=Rx 10303802 1c ff 4f 00 3b 9f ff ff ff 0f 40 ff
source=0: pgn=Seatalk: Pilot Heading(65359): values=ManufacturerCode=(1851) IndustryCode=(4) HeadingTrue=(None) HeadingMagnetic=(93.96 deg)

32 : pgn=128259 line=Rx 10303872 09 f5 03 20 35 38 01 ff ff ff ff ff
source=32: pgn=Speed(128259): values=SpeedWaterReferenced=(3.12 m/s) SpeedGroundReferenced=(None) SpeedWaterReferencedType=(None) SpeedDirection=(None)

3  : pgn=129026 line=Tx 10303880 09 f8 02 03 ff fc 68 42 58 01 ff ff
source=3: pgn=COG & SOG, Rapid Update(129026): values=COGReference=("0") COG=(97.40 deg) SOG=(3.44 m/s)

3  : pgn=129025 line=Tx 10303880 09 f8 01 03 3a 75 6f 1c 06 74 fd b6
source=3: pgn=Position, Rapid Update(129025): values=Latitude=(47.706655399999995 deg) Longitude=(-122.4903674 deg)

3  : pgn=129291 line=Tx 10303880 0d f9 0b 03 ff fc ed 16 50 00 ff ff
source=3: pgn=Set & Drift, Rapid Update(129291): values=SetReference=("0") Set=(33.63 deg) Drift=(0.8 m/s)

0  : pgn=127250 line=Rx 10303910 09 f1 12 00 ff 14 40 ff 7f ff 7f fd
source=0: pgn=Vessel Heading(127250): values=Heading=(93.99 deg) Deviation=(None) Variation=(None) Reference=("1")

0  : pgn=127245 line=Rx 10303911 09 f1 0d 00 00 f8 ff 7f 00 00 ff ff
source=0: pgn=Rudder(127245): values=Instance=(0) DirectionOrder=("0") AngleOrder=(None) Position=(0.00 deg)

0  : pgn=65359  line=Rx 10303917 1c ff 4f 00 3b 9f ff ff ff 14 40 ff
source=0: pgn=Seatalk: Pilot Heading(65359): values=ManufacturerCode=(1851) IndustryCode=(4) HeadingTrue=(None) HeadingMagnetic=(93.99 deg)

32 : pgn=128259 line=Rx 10303971 09 f5 03 20 36 41 01 ff ff ff ff ff
source=32: pgn=Speed(128259): values=SpeedWaterReferenced=(3.21 m/s) SpeedGroundReferenced=(None) SpeedWaterReferencedType=(None) SpeedDirection=(None)

3  : pgn=129025 line=Tx 10303980 09 f8 01 03 21 75 6f 1c b6 74 fd b6
source=3: pgn=Position, Rapid Update(129025): values=Latitude=(47.706652899999995 deg) Longitude=(-122.49034979999999 deg)

0  : pgn=127250 line=Rx 10303988 09 f1 12 00 ff 18 40 ff 7f ff 7f fd
source=0: pgn=Vessel Heading(127250): values=Heading=(94.01 deg) Deviation=(None) Variation=(None) Reference=("1")

0  : pgn=127245 line=Rx 10303989 09 f1 0d 00 00 f8 ff 7f 00 00 ff ff
source=0: pgn=Rudder(127245): values=Instance=(0) DirectionOrder=("0") AngleOrder=(None) Position=(0.00 deg)

0  : pgn=65359  line=Rx 10303993 1c ff 4f 00 3b 9f ff ff ff 18 40 ff
source=0: pgn=Seatalk: Pilot Heading(65359): values=ManufacturerCode=(1851) IndustryCode=(4) HeadingTrue=(None) HeadingMagnetic=(94.01 deg)

1  : pgn=129038 line=Rx 10304002 11 f8 0e 01 a0 1b c1 c6 60 e6 15 c8
1  : pgn=129038 line=Rx 10304003 11 f8 0e 01 a1 74 0d b7 60 9d 68 1c
1  : pgn=129038 line=Rx 10304003 11 f8 0e 01 a2 ca 02 bb 00 00 00 00
1  : pgn=129038 line=Rx 10304004 11 f8 0e 01 a3 00 d1 15 00 00 f0 fe
32 : pgn=128259 line=Rx 10304071 09 f5 03 20 37 32 01 ff ff ff ff ff
source=32: pgn=Speed(128259): values=SpeedWaterReferenced=(3.06 m/s) SpeedGroundReferenced=(None) SpeedWaterReferencedType=(None) SpeedDirection=(None)

3  : pgn=129026 line=Tx 10304080 09 f8 02 03 ff fc ad 42 5d 01 ff ff
source=3: pgn=COG & SOG, Rapid Update(129026): values=COGReference=("0") COG=(97.80 deg) SOG=(3.49 m/s)

3  : pgn=130577 line=Tx 10304080 0d fe 11 03 c0 0e c0 6f ad 42 5d 01
3  : pgn=130577 line=Tx 10304080 0d fe 11 03 c1 ff ff ff ff ed 16 50
3  : pgn=130577 line=Tx 10304080 0d fe 11 03 c2 00 ff ff ff ff ff ff
3  : pgn=129025 line=Tx 10304080 09 f8 01 03 21 75 6f 1c b6 74 fd b6
3  : pgn=130306 line=Tx 10304080 09 fd 02 03 ff 4c 03 1f c9 fa ff ff
source=3: pgn=Wind Data(130306): values=WindSpeed=(8.44 m/s) WindAngle=(295.00 deg) Reference=("2")

0  : pgn=127250 line=Rx 10304115 09 f1 12 00 ff 16 40 ff 7f ff 7f fd
source=0: pgn=Vessel Heading(127250): values=Heading=(94.00 deg) Deviation=(None) Variation=(None) Reference=("1")

0  : pgn=127245 line=Rx 10304116 09 f1 0d 00 00 f8 ff 7f 00 00 ff ff
source=0: pgn=Rudder(127245): values=Instance=(0) DirectionOrder=("0") AngleOrder=(None) Position=(0.00 deg)

0  : pgn=65359  line=Rx 10304122 1c ff 4f 00 3b 9f ff ff ff 16 40 ff
source=0: pgn=Seatalk: Pilot Heading(65359): values=ManufacturerCode=(1851) IndustryCode=(4) HeadingTrue=(None) HeadingMagnetic=(94.00 deg)

0  : pgn=126975 line=Rx 10304131 1d ef ff 00 60 08 3b 9f f0 81 9c 11
0  : pgn=126975 line=Rx 10304133 1d ef ff 00 61 02 00 ff ff ff ff ff
1  : pgn=129794 line=Rx 10304152 19 fb 02 01 20 4b 05 26 f9 de 15 ce
1  : pgn=129794 line=Rx 10304153 19 fb 02 01 21 5d 74 00 57 59 4c 35
1  : pgn=129794 line=Rx 10304153 19 fb 02 01 22 34 34 35 53 49 44 4e
1  : pgn=129794 line=Rx 10304154 19 fb 02 01 23 45 59 20 46 4f 53 53
1  : pgn=129794 line=Rx 10304154 19 fb 02 01 24 20 20 20 20 20 20 20
1  : pgn=129794 line=Rx 10304155 19 fb 02 01 25 20 20 1f 72 01 64 00
1  : pgn=129794 line=Rx 10304155 19 fb 02 01 26 ff ff ff ff fc 3f 00
1  : pgn=129794 line=Rx 10304156 19 fb 02 01 27 61 7a 24 26 02 53 45
1  : pgn=129794 line=Rx 10304157 19 fb 02 01 28 41 54 54 4c 45 20 20
1  : pgn=129794 line=Rx 10304157 19 fb 02 01 29 20 20 20 20 20 20 20
1  : pgn=129794 line=Rx 10304158 19 fb 02 01 2a 20 20 20 20 05 e1 ff
32 : pgn=128259 line=Rx 10304170 09 f5 03 20 38 39 01 ff ff ff ff ff
source=32: pgn=Speed(128259): values=SpeedWaterReferenced=(3.13 m/s) SpeedGroundReferenced=(None) SpeedWaterReferencedType=(None) SpeedDirection=(None)

3  : pgn=129283 line=Tx 10304180 0d f9 03 03 ff 7f ff ff ff 7f ff ff
source=3: pgn=Cross Track Error(129283): values=XTEmode=(None) NavigationTerminated=("1") XTE=(None)

3  : pgn=129025 line=Tx 10304180 09 f8 01 03 0f 75 6f 1c 0e 75 fd b6
source=3: pgn=Position, Rapid Update(129025): values=Latitude=(47.706651099999995 deg) Longitude=(-122.490341 deg)

3  : pgn=128267 line=Tx 10304180 0d f5 0b 03 ff ce 3c 00 00 00 00 ff
source=3: pgn=Water Depth(128267): values=Depth=(155.66 m) Offset=(0.0 m) Range=(None)

0  : pgn=127250 line=Rx 10304191 09 f1 12 00 ff 09 40 ff 7f ff 7f fd
source=0: pgn=Vessel Heading(127250): values=Heading=(93.92 deg) Deviation=(None) Variation=(None) Reference=("1")

0  : pgn=127245 line=Rx 10304192 09 f1 0d 00 00 f8 ff 7f 00 00 ff ff
source=0: pgn=Rudder(127245): values=Instance=(0) DirectionOrder=("0") AngleOrder=(None) Position=(0.00 deg)

0  : pgn=65359  line=Rx 10304196 1c ff 4f 00 3b 9f ff ff ff 09 40 ff
source=0: pgn=Seatalk: Pilot Heading(65359): values=ManufacturerCode=(1851) IndustryCode=(4) HeadingTrue=(None) HeadingMagnetic=(93.92 deg)

1  : pgn=129041 line=Rx 10304218 11 f8 11 01 80 30 55 75 89 3a 3b 6d
1  : pgn=129041 line=Rx 10304218 11 f8 11 01 81 8b 0a b7 5b f8 47 1c
1  : pgn=129041 line=Rx 10304219 11 f8 11 01 82 f4 00 00 00 00 00 00
1  : pgn=129041 line=Rx 10304219 11 f8 11 01 83 ff ff 12 ee ff e1 16
1  : pgn=129041 line=Rx 10304220 11 f8 11 01 84 01 50 53 20 54 53 4c
1  : pgn=129041 line=Rx 10304220 11 f8 11 01 85 20 4c 42 20 54 41 20
1  : pgn=129041 line=Rx 10304221 11 f8 11 01 86 20 20 20 20 20 20 20
1  : pgn=129038 line=Rx 10304247 11 f8 0e 01 c0 1b c1 1a 90 db 15 ac
1  : pgn=129038 line=Rx 10304248 11 f8 0e 01 c1 da fc b6 cb eb 7c 1c
1  : pgn=129038 line=Rx 10304248 11 f8 0e 01 c2 c8 bc c0 05 00 00 00
1  : pgn=129038 line=Rx 10304249 11 f8 0e 01 c3 00 70 c8 00 00 f0 fe
32 : pgn=128259 line=Rx 10304272 09 f5 03 20 39 2a 01 ff ff ff ff ff
source=32: pgn=Speed(128259): values=SpeedWaterReferenced=(2.98 m/s) SpeedGroundReferenced=(None) SpeedWaterReferencedType=(None) SpeedDirection=(None)

32 : pgn=130310 line=Rx 10304275 15 fd 06 20 b6 ff ff ff ff ff ff ff
source=32: pgn=Environmental Parameters (obsolete)(130310): values=WaterTemperature=(None) OutsideAmbientAirTemperature=(None) AtmosphericPressure=(None)

3  : pgn=129026 line=Tx 10304280 09 f8 02 03 ff fc 16 43 61 01 ff ff
source=3: pgn=COG & SOG, Rapid Update(129026): values=COGReference=("0") COG=(98.40 deg) SOG=(3.5300000000000002 m/s)

3  : pgn=129025 line=Tx 10304280 09 f8 01 03 0f 75 6f 1c 0e 75 fd b6
source=3: pgn=Position, Rapid Update(129025): values=Latitude=(47.706651099999995 deg) Longitude=(-122.490341 deg)

3  : pgn=129542 line=Tx 10304280 19 fa 06 03 c0 0f 6f 76 01 00 00 00
3  : pgn=129542 line=Tx 10304280 19 fa 06 03 c1 00 00 00 00 00 00 00
3  : pgn=129542 line=Tx 10304280 19 fa 06 03 c2 00 00 ff ff ff ff ff
3  : pgn=65364  line=Tx 10304280 1c ff 54 03 3b 9f 4c 03 1f c9 ff ff
32 : pgn=128275 line=Rx 10304285 19 f5 13 20 00 0e ff ff ff ff ff ff
source=32: pgn=Distance Log(128275): values=Date=(3584 d) Time=(None) Log=(0 m) TripLog=(0 m)

32 : pgn=128275 line=Rx 10304290 19 f5 13 20 01 9d ad 3c 00 9d ad 3c
source=32: pgn=Distance Log(128275): values=Date=(40193 d) Time=(263403.8445 s) Log=(0 m) TripLog=(0 m)

32 : pgn=128275 line=Rx 10304295 19 f5 13 20 02 00 ff ff ff ff ff ff
source=32: pgn=Distance Log(128275): values=Date=(2 d) Time=(None) Log=(0 m) TripLog=(0 m)

1  : pgn=59936  line=Rx 10304307 18 ea 20 01 00 ee 00 00 00 00 00 00
0  : pgn=127250 line=Rx 10304319 09 f1 12 00 ff ee 3f ff 7f ff 7f fd
source=0: pgn=Vessel Heading(127250): values=Heading=(93.77 deg) Deviation=(None) Variation=(None) Reference=("1")

0  : pgn=127245 line=Rx 10304320 09 f1 0d 00 00 f8 ff 7f 00 00 ff ff
source=0: pgn=Rudder(127245): values=Instance=(0) DirectionOrder=("0") AngleOrder=(None) Position=(0.00 deg)

0  : pgn=65359  line=Rx 10304327 1c ff 4f 00 3b 9f ff ff ff ee 3f ff
source=0: pgn=Seatalk: Pilot Heading(65359): values=ManufacturerCode=(1851) IndustryCode=(4) HeadingTrue=(None) HeadingMagnetic=(93.77 deg)

1  : pgn=129793 line=Rx 10304368 1d fb 01 01 40 1a 04 a2 fc 37 00 8b
1  : pgn=129793 line=Rx 10304368 1d fb 01 01 41 14 19 b7 5f 8c 61 1c
1  : pgn=129793 line=Rx 10304369 1d fb 01 01 42 ff 50 9e 0d 2c 00 00
1  : pgn=129793 line=Rx 10304369 1d fb 01 01 43 00 06 40 ff 00 fc ff
32 : pgn=128259 line=Rx 10304371 09 f5 03 20 3a 36 01 ff ff ff ff ff
source=32: pgn=Speed(128259): values=SpeedWaterReferenced=(3.1 m/s) SpeedGroundReferenced=(None) SpeedWaterReferencedType=(None) SpeedDirection=(None)

3  : pgn=129540 line=Tx 10304381 19 fa 04 03 00 9f 91 ff 0d 03 97 1a
source=3: pgn=GNSS Sats in View(129540): values=RangeResidualMode=(None) SatsinView=(145) PRN=(None) Elevation=(4.47 deg) Azimuth=(39.00 deg) SNR=(0.0 dB) Rangeresiduals=(0) Status=("0")

3  : pgn=129540 line=Tx 10304381 19 fa 04 03 01 2e 26 00 00 00 00 00
source=3: pgn=GNSS Sats in View(129540): values=RangeResidualMode=("0") SatsinView=(38) PRN=(0) Elevation=(0.00 deg) Azimuth=(0.00 deg) SNR=(0.0 dB) Rangeresiduals=(0) Status=("0")

3  : pgn=129540 line=Tx 10304381 19 fa 04 03 02 00 f3 0f ff 1d 5c 3d
source=3: pgn=GNSS Sats in View(129540): values=RangeResidualMode=("0") SatsinView=(243) PRN=(15) Elevation=(44.00 deg) Azimuth=(90.00 deg) SNR=(0.0 dB) Rangeresiduals=(0) Status=("0")

3  : pgn=129540 line=Tx 10304381 19 fa 04 03 03 54 0b 00 00 00 00 f5
source=3: pgn=GNSS Sats in View(129540): values=RangeResidualMode=("0") SatsinView=(11) PRN=(0) Elevation=(0.00 deg) Azimuth=(359.36 deg) SNR=(0.0 dB) Rangeresiduals=(0) Status=("0")

3  : pgn=129540 line=Tx 10304381 19 fa 04 03 04 10 17 13 71 b9 1c 0c
source=3: pgn=GNSS Sats in View(129540): values=RangeResidualMode=("0") SatsinView=(23) PRN=(19) Elevation=(-103.49 deg) Azimuth=(17.76 deg) SNR=(0.0 dB) Rangeresiduals=(0) Status=("0")

3  : pgn=129540 line=Tx 10304381 19 fa 04 03 05 00 00 00 00 f5 12 c5
source=3: pgn=GNSS Sats in View(129540): values=RangeResidualMode=("0") SatsinView=(0) PRN=(0) Elevation=(-16.13 deg) Azimuth=(289.06 deg) SNR=(0.0 dB) Rangeresiduals=(0) Status=("0")

3  : pgn=129540 line=Tx 10304381 19 fa 04 03 06 31 f2 93 ac 0d 00 00
source=3: pgn=GNSS Sats in View(129540): values=RangeResidualMode=("1") SatsinView=(242) PRN=(147) Elevation=(20.05 deg) Azimuth=(0.00 deg) SNR=(0.0 dB) Rangeresiduals=(0) Status=("0")

3  : pgn=129540 line=Tx 10304381 19 fa 04 03 07 00 00 f5 13 ba 02 1f
source=3: pgn=GNSS Sats in View(129540): values=RangeResidualMode=("0") SatsinView=(0) PRN=(245) Elevation=(-102.57 deg) Azimuth=(45.48 deg) SNR=(0.0 dB) Rangeresiduals=(0) Status=("0")

3  : pgn=129540 line=Tx 10304381 19 fa 04 03 08 d8 04 10 00 00 00 00
source=3: pgn=GNSS Sats in View(129540): values=RangeResidualMode=("0") SatsinView=(4) PRN=(16) Elevation=(0.00 deg) Azimuth=(0.00 deg) SNR=(0.0 dB) Rangeresiduals=(0) Status=("0")

3  : pgn=129540 line=Tx 10304381 19 fa 04 03 09 f5 15 e8 37 0b 20 80
source=3: pgn=GNSS Sats in View(129540): values=RangeResidualMode=("1") SatsinView=(21) PRN=(232) Elevation=(16.45 deg) Azimuth=(187.93 deg) SNR=(0.0 dB) Rangeresiduals=(0) Status=("0")

3  : pgn=129540 line=Tx 10304381 19 fa 04 03 0a 0c 00 00 00 00 f5 16
source=3: pgn=GNSS Sats in View(129540): values=RangeResidualMode=("0") SatsinView=(0) PRN=(0) Elevation=(0.00 deg) Azimuth=(33.67 deg) SNR=(0.0 dB) Rangeresiduals=(0) Status=("0")

3  : pgn=129540 line=Tx 10304382 19 fa 04 03 0b d1 15 cf 9c b8 0b 00
source=3: pgn=GNSS Sats in View(129540): values=RangeResidualMode=("1") SatsinView=(21) PRN=(207) Elevation=(-104.71 deg) Azimuth=(0.06 deg) SNR=(0.0 dB) Rangeresiduals=(0) Status=("0")

3  : pgn=129540 line=Tx 10304383 19 fa 04 03 0c 00 00 00 f5 1a ae 0f
source=3: pgn=GNSS Sats in View(129540): values=RangeResidualMode=("0") SatsinView=(0) PRN=(0) Elevation=(39.54 deg) Azimuth=(23.00 deg) SNR=(0.0 dB) Rangeresiduals=(0) Status=("0")

3  : pgn=129540 line=Tx 10304384 19 fa 04 03 0d 5d 1f 28 0a 00 00 00
source=3: pgn=GNSS Sats in View(129540): values=RangeResidualMode=("1") SatsinView=(31) PRN=(40) Elevation=(0.06 deg) Azimuth=(0.00 deg) SNR=(0.0 dB) Rangeresiduals=(0) Status=("0")

3  : pgn=129540 line=Tx 10304384 19 fa 04 03 0e 00 f5 1b d1 15 ab d2
source=3: pgn=GNSS Sats in View(129540): values=RangeResidualMode=("0") SatsinView=(245) PRN=(27) Elevation=(32.00 deg) Azimuth=(309.00 deg) SNR=(0.0 dB) Rangeresiduals=(0) Status=("0")

3  : pgn=129540 line=Tx 10304385 19 fa 04 03 0f a0 0f 00 00 00 00 f5
source=3: pgn=GNSS Sats in View(129540): values=RangeResidualMode=("0") SatsinView=(15) PRN=(0) Elevation=(0.00 deg) Azimuth=(359.36 deg) SNR=(0.0 dB) Rangeresiduals=(0) Status=("0")

3  : pgn=129540 line=Tx 10304386 19 fa 04 03 10 1d 00 0f a1 67 ac 0d
source=3: pgn=GNSS Sats in View(129540): values=RangeResidualMode=("1") SatsinView=(0) PRN=(15) Elevation=(152.00 deg) Azimuth=(20.05 deg) SNR=(0.0 dB) Rangeresiduals=(0) Status=("0")

3  : pgn=129540 line=Tx 10304388 19 fa 04 03 11 00 00 00 00 f5 23 d1
source=3: pgn=GNSS Sats in View(129540): values=RangeResidualMode=("0") SatsinView=(0) PRN=(0) Elevation=(-16.13 deg) Azimuth=(306.76 deg) SNR=(0.0 dB) Rangeresiduals=(0) Status=("0")

3  : pgn=129540 line=Tx 10304388 19 fa 04 03 12 15 c3 8b 00 00 00 00
source=3: pgn=GNSS Sats in View(129540): values=RangeResidualMode=("1") SatsinView=(195) PRN=(139) Elevation=(0.00 deg) Azimuth=(0.00 deg) SNR=(0.0 dB) Rangeresiduals=(0) Status=("0")

3  : pgn=129540 line=Tx 10304389 19 fa 04 03 13 00 00 f3 30 2e 17 43
source=3: pgn=GNSS Sats in View(129540): values=RangeResidualMode=("0") SatsinView=(0) PRN=(243) Elevation=(67.75 deg) Azimuth=(98.41 deg) SNR=(0.0 dB) Rangeresiduals=(0) Status=("0")

3  : pgn=129540 line=Tx 10304390 19 fa 04 03 14 84 1c 0c 00 00 00 00
source=3: pgn=GNSS Sats in View(129540): values=RangeResidualMode=("0") SatsinView=(28) PRN=(12) Elevation=(0.00 deg) Azimuth=(0.00 deg) SNR=(0.0 dB) Rangeresiduals=(0) Status=("0")

3  : pgn=129540 line=Tx 10304391 19 fa 04 03 15 f5 33 80 16 67 6c 00
source=3: pgn=GNSS Sats in View(129540): values=RangeResidualMode=("1") SatsinView=(51) PRN=(128) Elevation=(151.20 deg) Azimuth=(0.62 deg) SNR=(0.0 dB) Rangeresiduals=(0) Status=("0")

3  : pgn=129540 line=Tx 10304391 19 fa 04 03 16 00 00 00 00 00 f3 ff
source=3: pgn=GNSS Sats in View(129540): values=RangeResidualMode=("0") SatsinView=(0) PRN=(0) Elevation=(0.00 deg) Azimuth=(375.42 deg) SNR=(0.0 dB) Rangeresiduals=(0) Status=("0")

3  : pgn=129025 line=Tx 10304392 09 f8 01 03 0f 75 6f 1c 0e 75 fd b6
source=3: pgn=Position, Rapid Update(129025): values=Latitude=(47.706651099999995 deg) Longitude=(-122.490341 deg)

3  : pgn=127258 line=Tx 10304393 19 f1 1a 03 ff f6 12 39 fa 0a ff ff
source=3: pgn=Magnetic Variation(127258): values=Source=("6") Ageofservice=(14610 d) Variation=(16.10 deg)

0  : pgn=127250 line=Rx 10304396 09 f1 12 00 ff df 3f ff 7f ff 7f fd
source=0: pgn=Vessel Heading(127250): values=Heading=(93.68 deg) Deviation=(None) Variation=(None) Reference=("1")

0  : pgn=127245 line=Rx 10304397 09 f1 0d 00 00 f8 ff 7f 00 00 ff ff
source=0: pgn=Rudder(127245): values=Instance=(0) DirectionOrder=("0") AngleOrder=(None) Position=(0.00 deg)

1  : pgn=129038 line=Rx 10304401 11 f8 0e 01 e0 1b c1 e0 d6 dd 15 bb
1  : pgn=129038 line=Rx 10304403 11 f8 0e 01 e1 b8 0d b7 2c ef 63 1c
1  : pgn=129038 line=Rx 10304403 11 f8 0e 01 e2 cd 73 23 00 00 00 00
1  : pgn=129038 line=Rx 10304404 11 f8 0e 01 e3 00 12 f4 00 00 f0 fe
4  : pgn=65384  line=Rx 10304407 1c ff 68 04 3b 9f 00 00 00 00 00 00
0  : pgn=65359  line=Rx 10304413 1c ff 4f 00 3b 9f ff ff ff df 3f ff
source=0: pgn=Seatalk: Pilot Heading(65359): values=ManufacturerCode=(1851) IndustryCode=(4) HeadingTrue=(None) HeadingMagnetic=(93.68 deg)

32 : pgn=128259 line=Rx 10304469 09 f5 03 20 3b 2b 01 ff ff ff ff ff
source=32: pgn=Speed(128259): values=SpeedWaterReferenced=(2.99 m/s) SpeedGroundReferenced=(None) SpeedWaterReferencedType=(None) SpeedDirection=(None)

3  : pgn=129026 line=Tx 10304481 09 f8 02 03 ff fc a2 43 67 01 ff ff
source=3: pgn=COG & SOG, Rapid Update(129026): values=COGReference=("0") COG=(99.20 deg) SOG=(3.59 m/s)

3  : pgn=129025 line=Tx 10304481 09 f8 01 03 fb 74 6f 1c 68 75 fd b6
source=3: pgn=Position, Rapid Update(129025): values=Latitude=(47.7066491 deg) Longitude=(-122.490332 deg)

0  : pgn=127250 line=Rx 10304510 09 f1 12 00 ff ac 3f ff 7f ff 7f fd
source=0: pgn=Vessel Heading(127250): values=Heading=(93.39 deg) Deviation=(None) Variation=(None) Reference=("1")

0  : pgn=127245 line=Rx 10304511 09 f1 0d 00 00 f8 ff 7f 00 00 ff ff
source=0: pgn=Rudder(127245): values=Instance=(0) DirectionOrder=("0") AngleOrder=(None) Position=(0.00 deg)

0  : pgn=65359  line=Rx 10304517 1c ff 4f 00 3b 9f ff ff ff ac 3f ff
source=0: pgn=Seatalk: Pilot Heading(65359): values=ManufacturerCode=(1851) IndustryCode=(4) HeadingTrue=(None) HeadingMagnetic=(93.39 deg)

32 : pgn=128259 line=Rx 10304568 09 f5 03 20 3c 2c 01 ff ff ff ff ff
source=32: pgn=Speed(128259): values=SpeedWaterReferenced=(3.0 m/s) SpeedGroundReferenced=(None) SpeedWaterReferencedType=(None) SpeedDirection=(None)

3  : pgn=129029 line=Tx 10304581 0d f8 05 03 c0 2b 6f 06 40 fa e4 0d
3  : pgn=129029 line=Tx 10304581 0d f8 05 03 c1 2c 00 0e 4c 2a 72 e1
3  : pgn=129029 line=Tx 10304581 0d f8 05 03 c2 9e 06 00 10 34 97 eb
3  : pgn=129029 line=Tx 10304581 0d f8 05 03 c3 44 00 ef ff ff ff ff
3  : pgn=129029 line=Tx 10304581 0d f8 05 03 c4 ff ff ff 7f 23 fc 09
3  : pgn=129029 line=Tx 10304581 0d f8 05 03 c5 54 00 ff 7f ff ff ff
3  : pgn=129029 line=Tx 10304581 0d f8 05 03 c6 7f 00 ff ff ff ff ff
3  : pgn=129025 line=Tx 10304581 09 f8 01 03 fb 74 6f 1c 68 75 fd b6
source=3: pgn=Position, Rapid Update(129025): values=Latitude=(47.7066491 deg) Longitude=(-122.490332 deg)

3  : pgn=129033 line=Tx 10304581 0d f8 09 03 06 40 fa e4 0d 2c 5c fe
source=3: pgn=Time & Date(129033): values=Date=(16390 d) Time=(73910.80900000001 s) LocalOffset=(-25200.0 s)

0  : pgn=127250 line=Rx 10304612 09 f1 12 00 ff 6b 3f ff 7f ff 7f fd
source=0: pgn=Vessel Heading(127250): values=Heading=(93.02 deg) Deviation=(None) Variation=(None) Reference=("1")

0  : pgn=127245 line=Rx 10304612 09 f1 0d 00 00 f8 ff 7f 00 00 ff ff
source=0: pgn=Rudder(127245): values=Instance=(0) DirectionOrder=("0") AngleOrder=(None) Position=(0.00 deg)

0  : pgn=65379  line=Rx 10304617 1c ff 63 00 3b 9f 00 00 00 00 01 ff
source=0: pgn=Seatalk: Pilot Mode(65379): values=ManufacturerCode=(1851) IndustryCode=(4) PilotMode=(0) SubMode=(0) PilotModeData=(0)

0  : pgn=65359  line=Rx 10304617 1c ff 4f 00 3b 9f ff ff ff 6b 3f ff
source=0: pgn=Seatalk: Pilot Heading(65359): values=ManufacturerCode=(1851) IndustryCode=(4) HeadingTrue=(None) HeadingMagnetic=(93.02 deg)

0  : pgn=126975 line=Rx 10304619 1d ef ff 00 80 0d 3b 9f f0 81 84 96
0  : pgn=126975 line=Rx 10304621 1d ef ff 00 81 41 06 00 00 00 02 05
32 : pgn=128259 line=Rx 10304668 09 f5 03 20 3d 2f 01 ff ff ff ff ff
source=32: pgn=Speed(128259): values=SpeedWaterReferenced=(3.0300000000000002 m/s) SpeedGroundReferenced=(None) SpeedWaterReferencedType=(None) SpeedDirection=(None)

1  : pgn=129038 line=Rx 10304671 11 f8 0e 01 00 1b c1 7e e1 df 15 72
1  : pgn=129038 line=Rx 10304672 11 f8 0e 01 01 20 0e b7 2b 2d 68 1c
1  : pgn=129038 line=Rx 10304672 11 f8 0e 01 02 cd ed 47 00 00 00 00
source=1: pgn=AIS Class A Position Report(129038): values=MessageID=(2) RepeatIndicator=("0") UserID=(4713933) Longitude=(0.0 deg) Latitude=(0.0 deg) PositionAccuracy=("0") RAIM=("0") TimeStamp=("0") COG=(0.00 deg) SOG=(0.0 m/s) CommunicationState=(0) AISTransceiverinformation=("0") Heading=(0.00 deg) RateofTurn=(0.00 deg/s) NavStatus=("0") SpecialManeuverIndicator=("0") Spare=(0) SequenceID=(0)

1  : pgn=129038 line=Rx 10304673 11 f8 0e 01 03 00 68 03 00 00 f0 fe
source=1: pgn=AIS Class A Position Report(129038): values=MessageID=(3) RepeatIndicator=("0") UserID=(223232) Longitude=(0.0 deg) Latitude=(0.0 deg) PositionAccuracy=("0") RAIM=("0") TimeStamp=("0") COG=(0.00 deg) SOG=(0.0 m/s) CommunicationState=(0) AISTransceiverinformation=("0") Heading=(0.00 deg) RateofTurn=(0.00 deg/s) NavStatus=("0") SpecialManeuverIndicator=("0") Spare=(0) SequenceID=(0)

3  : pgn=129026 line=Tx 10304682 09 f8 02 03 ff fc a2 43 67 01 ff ff
source=3: pgn=COG & SOG, Rapid Update(129026): values=COGReference=("0") COG=(99.20 deg) SOG=(3.59 m/s)

3  : pgn=129025 line=Tx 10304682 09 f8 01 03 fb 74 6f 1c 68 75 fd b6
source=3: pgn=Position, Rapid Update(129025): values=Latitude=(47.7066491 deg) Longitude=(-122.490332 deg)

3  : pgn=126992 line=Tx 10304682 0d f0 10 03 ff ff 06 40 fa e4 0d 2c
source=3: pgn=System Time(126992): values=Source=(None) Date=(16390 d) Time=(73910.80900000001 s)

0  : pgn=127250 line=Rx 10304696 09 f1 12 00 ff 56 3f ff 7f ff 7f fd
source=0: pgn=Vessel Heading(127250): values=Heading=(92.90 deg) Deviation=(None) Variation=(None) Reference=("1")

0  : pgn=127245 line=Rx 10304697 09 f1 0d 00 00 f8 ff 7f 00 00 ff ff
source=0: pgn=Rudder(127245): values=Instance=(0) DirectionOrder=("0") AngleOrder=(None) Position=(0.00 deg)

0  : pgn=65359  line=Rx 10304703 1c ff 4f 00 3b 9f ff ff ff 56 3f ff
source=0: pgn=Seatalk: Pilot Heading(65359): values=ManufacturerCode=(1851) IndustryCode=(4) HeadingTrue=(None) HeadingMagnetic=(92.90 deg)

0  : pgn=126975 line=Rx 10304719 1d ef ff 00 a0 09 3b 9f f0 81 ae 02
0  : pgn=126975 line=Rx 10304721 1d ef ff 00 a1 00 08 00 ff ff ff ff
32 : pgn=128259 line=Rx 10304767 09 f5 03 20 3e 33 01 ff ff ff ff ff
source=32: pgn=Speed(128259): values=SpeedWaterReferenced=(3.0700000000000003 m/s) SpeedGroundReferenced=(None) SpeedWaterReferencedType=(None) SpeedDirection=(None)

3  : pgn=129025 line=Tx 10304782 09 f8 01 03 ce 74 6f 1c f8 75 fd b6
source=3: pgn=Position, Rapid Update(129025): values=Latitude=(47.7066446 deg) Longitude=(-122.4903176 deg)

0  : pgn=127250 line=Rx 10304790 09 f1 12 00 ff 1a 3f ff 7f ff 7f fd
source=0: pgn=Vessel Heading(127250): values=Heading=(92.56 deg) Deviation=(None) Variation=(None) Reference=("1")

0  : pgn=127245 line=Rx 10304791 09 f1 0d 00 00 f8 ff 7f 00 00 ff ff
source=0: pgn=Rudder(127245): values=Instance=(0) DirectionOrder=("0") AngleOrder=(None) Position=(0.00 deg)

0  : pgn=65359  line=Rx 10304797 1c ff 4f 00 3b 9f ff ff ff 1a 3f ff
source=0: pgn=Seatalk: Pilot Heading(65359): values=ManufacturerCode=(1851) IndustryCode=(4) HeadingTrue=(None) HeadingMagnetic=(92.56 deg)

1  : pgn=129039 line=Rx 10304825 11 f8 0f 01 20 1a 12 95 5f 26 14 79
1  : pgn=129039 line=Rx 10304826 11 f8 0f 01 21 96 14 b7 69 f8 64 1c
1  : pgn=129039 line=Rx 10304826 11 f8 0f 01 22 ca 00 00 00 00 03 00
1  : pgn=129039 line=Rx 10304827 11 f8 0f 01 23 00 ff ff 00 fc ff ff
32 : pgn=128259 line=Rx 10304867 09 f5 03 20 3f 34 01 ff ff ff ff ff
source=32: pgn=Speed(128259): values=SpeedWaterReferenced=(3.08 m/s) SpeedGroundReferenced=(None) SpeedWaterReferencedType=(None) SpeedDirection=(None)

3  : pgn=129026 line=Tx 10304882 09 f8 02 03 ff fc 0a 44 6c 01 ff ff
source=3: pgn=COG & SOG, Rapid Update(129026): values=COGReference=("0") COG=(99.80 deg) SOG=(3.64 m/s)

3  : pgn=129025 line=Tx 10304882 09 f8 01 03 ce 74 6f 1c f8 75 fd b6
source=3: pgn=Position, Rapid Update(129025): values=Latitude=(47.7066446 deg) Longitude=(-122.4903176 deg)

3  : pgn=129291 line=Tx 10304882 0d f9 0b 03 ff fc 68 25 55 00 ff ff
source=3: pgn=Set & Drift, Rapid Update(129291): values=SetReference=("0") Set=(54.87 deg) Drift=(0.85 m/s)

1  : pgn=129038 line=Rx 10304886 11 f8 0e 01 20 1b c1 18 97 f4 15 e7
1  : pgn=129038 line=Rx 10304887 11 f8 0e 01 21 81 10 b7 e3 7c 67 1c
1  : pgn=129038 line=Rx 10304887 11 f8 0e 01 22 cb 71 9e 00 00 00 00
1  : pgn=129038 line=Rx 10304888 11 f8 0e 01 23 00 ff ff ff 7f f0 fe
0  : pgn=127250 line=Rx 10304896 09 f1 12 00 ff 02 3f ff 7f ff 7f fd
source=0: pgn=Vessel Heading(127250): values=Heading=(92.42 deg) Deviation=(None) Variation=(None) Reference=("1")

0  : pgn=127245 line=Rx 10304896 09 f1 0d 00 00 f8 ff 7f 00 00 ff ff
source=0: pgn=Rudder(127245): values=Instance=(0) DirectionOrder=("0") AngleOrder=(None) Position=(0.00 deg)

0  : pgn=65359  line=Rx 10304903 1c ff 4f 00 3b 9f ff ff ff 02 3f ff
source=0: pgn=Seatalk: Pilot Heading(65359): values=ManufacturerCode=(1851) IndustryCode=(4) HeadingTrue=(None) HeadingMagnetic=(92.42 deg)

32 : pgn=128259 line=Rx 10304966 09 f5 03 20 40 35 01 ff ff ff ff ff
source=32: pgn=Speed(128259): values=SpeedWaterReferenced=(3.09 m/s) SpeedGroundReferenced=(None) SpeedWaterReferencedType=(None) SpeedDirection=(None)

1  : pgn=129038 line=Rx 10304977 11 f8 0e 01 40 1b c1 0e 93 df 15 b4
1  : pgn=129038 line=Rx 10304978 11 f8 0e 01 41 72 11 b7 32 bc 5b 1c
1  : pgn=129038 line=Rx 10304978 11 f8 0e 01 42 cb f5 f1 a0 01 00 00
1  : pgn=129038 line=Rx 10304979 11 f8 0e 01 43 00 ff ff ff 7f f0 fe
3  : pgn=129025 line=Tx 10304983 09 f8 01 03 ce 74 6f 1c f8 75 fd b6
source=3: pgn=Position, Rapid Update(129025): values=Latitude=(47.7066446 deg) Longitude=(-122.4903176 deg)

0  : pgn=127250 line=Rx 10304992 09 f1 12 00 ff d8 3e ff 7f ff 7f fd
source=0: pgn=Vessel Heading(127250): values=Heading=(92.18 deg) Deviation=(None) Variation=(None) Reference=("1")

0  : pgn=127245 line=Rx 10304993 09 f1 0d 00 00 f8 ff 7f 00 00 ff ff
source=0: pgn=Rudder(127245): values=Instance=(0) DirectionOrder=("0") AngleOrder=(None) Position=(0.00 deg)

0  : pgn=65359  line=Rx 10304997 1c ff 4f 00 3b 9f ff ff ff d8 3e ff
source=0: pgn=Seatalk: Pilot Heading(65359): values=ManufacturerCode=(1851) IndustryCode=(4) HeadingTrue=(None) HeadingMagnetic=(92.18 deg)

32 : pgn=128259 line=Rx 10305066 09 f5 03 20 41 35 01 ff ff ff ff ff
source=32: pgn=Speed(128259): values=SpeedWaterReferenced=(3.09 m/s) SpeedGroundReferenced=(None) SpeedWaterReferencedType=(None) SpeedDirection=(None)

4  : pgn=126975 line=Rx 10305067 1d ef ff 04 80 07 3b 9f f0 81 90 00
4  : pgn=126975 line=Rx 10305067 1d ef ff 04 81 03 ff ff ff ff ff ff
3  : pgn=129026 line=Tx 10305083 09 f8 02 03 ff fc 50 44 6b 01 ff ff
source=3: pgn=COG & SOG, Rapid Update(129026): values=COGReference=("0") COG=(100.20 deg) SOG=(3.63 m/s)

3  : pgn=130577 line=Tx 10305083 0d fe 11 03 e0 0e c0 70 50 44 6b 01
3  : pgn=130577 line=Tx 10305083 0d fe 11 03 e1 ff ff ff ff 68 25 55
3  : pgn=130577 line=Tx 10305083 0d fe 11 03 e2 00 ff ff ff ff ff ff
3  : pgn=129025 line=Tx 10305083 09 f8 01 03 ce 74 6f 1c 38 76 fd b6
3  : pgn=130306 line=Tx 10305083 09 fd 02 03 ff 4c 03 88 cc fa ff ff
source=3: pgn=Wind Data(130306): values=WindSpeed=(8.44 m/s) WindAngle=(300.00 deg) Reference=("2")

0  : pgn=127250 line=Rx 10305105 09 f1 12 00 ff b2 3e ff 7f ff 7f fd
source=0: pgn=Vessel Heading(127250): values=Heading=(91.96 deg) Deviation=(None) Variation=(None) Reference=("1")

0  : pgn=127245 line=Rx 10305106 09 f1 0d 00 00 f8 ff 7f 00 00 ff ff
source=0: pgn=Rudder(127245): values=Instance=(0) DirectionOrder=("0") AngleOrder=(None) Position=(0.00 deg)

0  : pgn=65359  line=Rx 10305113 1c ff 4f 00 3b 9f ff ff ff b2 3e ff
source=0: pgn=Seatalk: Pilot Heading(65359): values=ManufacturerCode=(1851) IndustryCode=(4) HeadingTrue=(None) HeadingMagnetic=(91.96 deg)

0  : pgn=126975 line=Rx 10305128 1d ef ff 00 c0 08 3b 9f f0 81 9c 11
0  : pgn=126975 line=Rx 10305131 1d ef ff 00 c1 01 00 ff ff ff ff ff
32 : pgn=128259 line=Rx 10305165 09 f5 03 20 42 34 01 ff ff ff ff ff
source=32: pgn=Speed(128259): values=SpeedWaterReferenced=(3.08 m/s) SpeedGroundReferenced=(None) SpeedWaterReferencedType=(None) SpeedDirection=(None)

3  : pgn=129283 line=Tx 10305184 0d f9 03 03 ff 7f ff ff ff 7f ff ff
source=3: pgn=Cross Track Error(129283): values=XTEmode=(None) NavigationTerminated=("1") XTE=(None)

3  : pgn=129025 line=Tx 10305184 09 f8 01 03 ce 74 6f 1c 38 76 fd b6
source=3: pgn=Position, Rapid Update(129025): values=Latitude=(47.7066446 deg) Longitude=(-122.4903112 deg)

3  : pgn=128267 line=Tx 10305184 0d f5 0b 03 ff d7 3c 00 00 00 00 ff
source=3: pgn=Water Depth(128267): values=Depth=(155.75 m) Offset=(0.0 m) Range=(None)

0  : pgn=127250 line=Rx 10305194 09 f1 12 00 ff ab 3e ff 7f ff 7f fd
source=0: pgn=Vessel Heading(127250): values=Heading=(91.92 deg) Deviation=(None) Variation=(None) Reference=("1")

0  : pgn=127245 line=Rx 10305194 09 f1 0d 00 00 f8 ff 7f 00 00 ff ff
source=0: pgn=Rudder(127245): values=Instance=(0) DirectionOrder=("0") AngleOrder=(None) Position=(0.00 deg)

0  : pgn=65359  line=Rx 10305199 1c ff 4f 00 3b 9f ff ff ff ab 3e ff
source=0: pgn=Seatalk: Pilot Heading(65359): values=ManufacturerCode=(1851) IndustryCode=(4) HeadingTrue=(None) HeadingMagnetic=(91.92 deg)

32 : pgn=128259 line=Rx 10305267 09 f5 03 20 43 32 01 ff ff ff ff ff
source=32: pgn=Speed(128259): values=SpeedWaterReferenced=(3.06 m/s) SpeedGroundReferenced=(None) SpeedWaterReferencedType=(None) SpeedDirection=(None)

32 : pgn=130310 line=Rx 10305270 15 fd 06 20 b7 ff ff ff ff ff ff ff
source=32: pgn=Environmental Parameters (obsolete)(130310): values=WaterTemperature=(None) OutsideAmbientAirTemperature=(None) AtmosphericPressure=(None)

1  : pgn=129038 line=Rx 10305278 11 f8 0e 01 60 1b c1 fa 89 e8 15 cd
1  : pgn=129038 line=Rx 10305279 11 f8 0e 01 61 82 13 b7 70 64 60 1c
1  : pgn=129038 line=Rx 10305279 11 f8 0e 01 62 c8 76 d8 81 01 00 00
1  : pgn=129038 line=Rx 10305280 11 f8 0e 01 63 00 cd d8 d2 e5 ff fe
32 : pgn=128275 line=Rx 10305281 19 f5 13 20 20 0e ff ff ff ff ff ff
3  : pgn=129026 line=Tx 10305284 09 f8 02 03 ff fc 50 44 6c 01 ff ff
source=3: pgn=COG & SOG, Rapid Update(129026): values=COGReference=("0") COG=(100.20 deg) SOG=(3.64 m/s)

3  : pgn=129025 line=Tx 10305284 09 f8 01 03 c3 74 6f 1c 85 76 fd b6
source=3: pgn=Position, Rapid Update(129025): values=Latitude=(47.7066435 deg) Longitude=(-122.4903035 deg)

3  : pgn=129542 line=Tx 10305284 19 fa 06 03 e0 0f 70 72 01 00 00 00
3  : pgn=129542 line=Tx 10305284 19 fa 06 03 e1 00 00 00 00 00 00 00
3  : pgn=129542 line=Tx 10305284 19 fa 06 03 e2 00 00 ff ff ff ff ff
3  : pgn=65364  line=Tx 10305284 1c ff 54 03 3b 9f 4c 03 88 cc ff ff
32 : pgn=128275 line=Rx 10305285 19 f5 13 20 21 9d ad 3c 00 9d ad 3c
32 : pgn=128275 line=Rx 10305290 19 f5 13 20 22 00 ff ff ff ff ff ff
1  : pgn=59936  line=Rx 10305309 18 ea 20 01 00 ee 00 00 00 00 00 00
0  : pgn=127250 line=Rx 10305314 09 f1 12 00 ff a5 3e ff 7f ff 7f fd
source=0: pgn=Vessel Heading(127250): values=Heading=(91.89 deg) Deviation=(None) Variation=(None) Reference=("1")

0  : pgn=127245 line=Rx 10305315 09 f1 0d 00 00 f8 ff 7f 00 00 ff ff
source=0: pgn=Rudder(127245): values=Instance=(0) DirectionOrder=("0") AngleOrder=(None) Position=(0.00 deg)

0  : pgn=65359  line=Rx 10305322 1c ff 4f 00 3b 9f ff ff ff a5 3e ff
source=0: pgn=Seatalk: Pilot Heading(65359): values=ManufacturerCode=(1851) IndustryCode=(4) HeadingTrue=(None) HeadingMagnetic=(91.89 deg)

32 : pgn=128259 line=Rx 10305365 09 f5 03 20 44 32 01 ff ff ff ff ff
3  : pgn=129540 line=Tx 10305384 19 fa 04 03 20 9f 92 ff 0d 03 97 1a
source=3: pgn=GNSS Sats in View(129540): values=RangeResidualMode=(None) SatsinView=(146) PRN=(None) Elevation=(4.47 deg) Azimuth=(39.00 deg) SNR=(0.0 dB) Rangeresiduals=(0) Status=("0")

3  : pgn=129540 line=Tx 10305384 19 fa 04 03 21 2e 26 00 00 00 00 00
source=3: pgn=GNSS Sats in View(129540): values=RangeResidualMode=("0") SatsinView=(38) PRN=(0) Elevation=(0.00 deg) Azimuth=(0.00 deg) SNR=(0.0 dB) Rangeresiduals=(0) Status=("0")

3  : pgn=129540 line=Tx 10305384 19 fa 04 03 22 00 f3 0f ff 1d 5c 3d
source=3: pgn=GNSS Sats in View(129540): values=RangeResidualMode=("0") SatsinView=(243) PRN=(15) Elevation=(44.00 deg) Azimuth=(90.00 deg) SNR=(0.0 dB) Rangeresiduals=(0) Status=("0")

3  : pgn=129540 line=Tx 10305384 19 fa 04 03 23 54 0b 00 00 00 00 f5
source=3: pgn=GNSS Sats in View(129540): values=RangeResidualMode=("0") SatsinView=(11) PRN=(0) Elevation=(0.00 deg) Azimuth=(359.36 deg) SNR=(0.0 dB) Rangeresiduals=(0) Status=("0")

3  : pgn=129540 line=Tx 10305384 19 fa 04 03 24 10 17 13 71 b9 48 0d
source=3: pgn=GNSS Sats in View(129540): values=RangeResidualMode=("0") SatsinView=(23) PRN=(19) Elevation=(-103.49 deg) Azimuth=(19.48 deg) SNR=(0.0 dB) Rangeresiduals=(0) Status=("0")

3  : pgn=129540 line=Tx 10305384 19 fa 04 03 25 00 00 00 00 f5 12 c5
source=3: pgn=GNSS Sats in View(129540): values=RangeResidualMode=("0") SatsinView=(0) PRN=(0) Elevation=(-16.13 deg) Azimuth=(289.06 deg) SNR=(0.0 dB) Rangeresiduals=(0) Status=("0")

3  : pgn=129540 line=Tx 10305384 19 fa 04 03 26 31 f2 93 ac 0d 00 00
source=3: pgn=GNSS Sats in View(129540): values=RangeResidualMode=("1") SatsinView=(242) PRN=(147) Elevation=(20.05 deg) Azimuth=(0.00 deg) SNR=(0.0 dB) Rangeresiduals=(0) Status=("0")

3  : pgn=129540 line=Tx 10305384 19 fa 04 03 27 00 00 f5 13 ba 02 1f
source=3: pgn=GNSS Sats in View(129540): values=RangeResidualMode=("0") SatsinView=(0) PRN=(245) Elevation=(-102.57 deg) Azimuth=(45.48 deg) SNR=(0.0 dB) Rangeresiduals=(0) Status=("0")

3  : pgn=129540 line=Tx 10305384 19 fa 04 03 28 d8 a0 0f 00 00 00 00
source=3: pgn=GNSS Sats in View(129540): values=RangeResidualMode=("0") SatsinView=(160) PRN=(15) Elevation=(0.00 deg) Azimuth=(0.00 deg) SNR=(0.0 dB) Rangeresiduals=(0) Status=("0")

3  : pgn=129540 line=Tx 10305384 19 fa 04 03 29 f5 15 e8 37 0b 20 e4
source=3: pgn=GNSS Sats in View(129540): values=RangeResidualMode=("1") SatsinView=(21) PRN=(232) Elevation=(16.45 deg) Azimuth=(334.61 deg) SNR=(0.0 dB) Rangeresiduals=(0) Status=("0")

3  : pgn=129540 line=Tx 10305384 19 fa 04 03 2a 0c 00 00 00 00 f5 16
source=3: pgn=GNSS Sats in View(129540): values=RangeResidualMode=("0") SatsinView=(0) PRN=(0) Elevation=(0.00 deg) Azimuth=(33.67 deg) SNR=(0.0 dB) Rangeresiduals=(0) Status=("0")

3  : pgn=129540 line=Tx 10305386 19 fa 04 03 2b d1 15 cf 9c 10 0e 00
source=3: pgn=GNSS Sats in View(129540): values=RangeResidualMode=("1") SatsinView=(21) PRN=(207) Elevation=(24.36 deg) Azimuth=(0.08 deg) SNR=(0.0 dB) Rangeresiduals=(0) Status=("0")

3  : pgn=129540 line=Tx 10305387 19 fa 04 03 2c 00 00 00 f5 1a ae 0f
source=3: pgn=GNSS Sats in View(129540): values=RangeResidualMode=("0") SatsinView=(0) PRN=(0) Elevation=(39.54 deg) Azimuth=(23.00 deg) SNR=(0.0 dB) Rangeresiduals=(0) Status=("0")

3  : pgn=129540 line=Tx 10305388 19 fa 04 03 2d 5d 1f 80 0c 00 00 00
source=3: pgn=GNSS Sats in View(129540): values=RangeResidualMode=("1") SatsinView=(31) PRN=(128) Elevation=(0.07 deg) Azimuth=(0.00 deg) SNR=(0.0 dB) Rangeresiduals=(0) Status=("0")

3  : pgn=129540 line=Tx 10305388 19 fa 04 03 2e 00 f5 1b d1 15 ab d2
source=3: pgn=GNSS Sats in View(129540): values=RangeResidualMode=("0") SatsinView=(245) PRN=(27) Elevation=(32.00 deg) Azimuth=(309.00 deg) SNR=(0.0 dB) Rangeresiduals=(0) Status=("0")

3  : pgn=129540 line=Tx 10305389 19 fa 04 03 2f d8 0e 00 00 00 00 f5
source=3: pgn=GNSS Sats in View(129540): values=RangeResidualMode=("0") SatsinView=(14) PRN=(0) Elevation=(0.00 deg) Azimuth=(359.36 deg) SNR=(0.0 dB) Rangeresiduals=(0) Status=("0")

3  : pgn=129540 line=Tx 10305390 19 fa 04 03 30 1d 00 0f a1 67 e4 0c
source=3: pgn=GNSS Sats in View(129540): values=RangeResidualMode=("1") SatsinView=(0) PRN=(15) Elevation=(152.00 deg) Azimuth=(18.91 deg) SNR=(0.0 dB) Rangeresiduals=(0) Status=("0")

3  : pgn=129540 line=Tx 10305391 19 fa 04 03 31 00 00 00 00 f5 23 d1
source=3: pgn=GNSS Sats in View(129540): values=RangeResidualMode=("0") SatsinView=(0) PRN=(0) Elevation=(-16.13 deg) Azimuth=(306.76 deg) SNR=(0.0 dB) Rangeresiduals=(0) Status=("0")

3  : pgn=129540 line=Tx 10305391 19 fa 04 03 32 15 c3 8b 00 00 00 00
source=3: pgn=GNSS Sats in View(129540): values=RangeResidualMode=("1") SatsinView=(195) PRN=(139) Elevation=(0.00 deg) Azimuth=(0.00 deg) SNR=(0.0 dB) Rangeresiduals=(0) Status=("0")

3  : pgn=129540 line=Tx 10305392 19 fa 04 03 33 00 00 f3 30 2e 17 43
source=3: pgn=GNSS Sats in View(129540): values=RangeResidualMode=("0") SatsinView=(0) PRN=(243) Elevation=(67.75 deg) Azimuth=(98.41 deg) SNR=(0.0 dB) Rangeresiduals=(0) Status=("0")

0  : pgn=127250 line=Rx 10305393 09 f1 12 00 ff a9 3e ff 7f ff 7f fd
source=0: pgn=Vessel Heading(127250): values=Heading=(91.91 deg) Deviation=(None) Variation=(None) Reference=("1")

3  : pgn=129540 line=Tx 10305394 19 fa 04 03 34 84 74 0e 00 00 00 00
source=3: pgn=GNSS Sats in View(129540): values=RangeResidualMode=("0") SatsinView=(116) PRN=(14) Elevation=(0.00 deg) Azimuth=(0.00 deg) SNR=(0.0 dB) Rangeresiduals=(0) Status=("0")

3  : pgn=129540 line=Tx 10305394 19 fa 04 03 35 f5 33 80 16 67 6c 10
source=3: pgn=GNSS Sats in View(129540): values=RangeResidualMode=("1") SatsinView=(51) PRN=(128) Elevation=(151.20 deg) Azimuth=(24.09 deg) SNR=(0.0 dB) Rangeresiduals=(0) Status=("0")

0  : pgn=127245 line=Rx 10305395 09 f1 0d 00 00 f8 ff 7f 00 00 ff ff
source=0: pgn=Rudder(127245): values=Instance=(0) DirectionOrder=("0") AngleOrder=(None) Position=(0.00 deg)

3  : pgn=129540 line=Tx 10305396 19 fa 04 03 36 0e 00 00 00 00 f5 ff
source=3: pgn=GNSS Sats in View(129540): values=RangeResidualMode=("0") SatsinView=(0) PRN=(0) Elevation=(0.00 deg) Azimuth=(375.43 deg) SNR=(0.0 dB) Rangeresiduals=(0) Status=("0")

3  : pgn=129025 line=Tx 10305396 09 f8 01 03 c3 74 6f 1c 85 76 fd b6
source=3: pgn=Position, Rapid Update(129025): values=Latitude=(47.7066435 deg) Longitude=(-122.4903035 deg)

3  : pgn=127258 line=Tx 10305397 19 f1 1a 03 ff f6 12 39 fa 0a ff ff
source=3: pgn=Magnetic Variation(127258): values=Source=("6") Ageofservice=(14610 d) Variation=(16.10 deg)

0  : pgn=65359  line=Rx 10305406 1c ff 4f 00 3b 9f ff ff ff a9 3e ff
source=0: pgn=Seatalk: Pilot Heading(65359): values=ManufacturerCode=(1851) IndustryCode=(4) HeadingTrue=(None) HeadingMagnetic=(91.91 deg)

4  : pgn=65384  line=Rx 10305408 1c ff 68 04 3b 9f 00 00 00 00 00 00
32 : pgn=128259 line=Rx 10305464 09 f5 03 20 45 2f 01 ff ff ff ff ff
source=32: pgn=Speed(128259): values=SpeedWaterReferenced=(3.0300000000000002 m/s) SpeedGroundReferenced=(None) SpeedWaterReferencedType=(None) SpeedDirection=(None)

3  : pgn=129026 line=Tx 10305484 09 f8 02 03 ff fc 50 44 6c 01 ff ff
source=3: pgn=COG & SOG, Rapid Update(129026): values=COGReference=("0") COG=(100.20 deg) SOG=(3.64 m/s)

3  : pgn=129025 line=Tx 10305484 09 f8 01 03 c3 74 6f 1c 85 76 fd b6
source=3: pgn=Position, Rapid Update(129025): values=Latitude=(47.7066435 deg) Longitude=(-122.4903035 deg)

0  : pgn=127250 line=Rx 10305495 09 f1 12 00 ff b6 3e ff 7f ff 7f fd
source=0: pgn=Vessel Heading(127250): values=Heading=(91.98 deg) Deviation=(None) Variation=(None) Reference=("1")

0  : pgn=127245 line=Rx 10305496 09 f1 0d 00 00 f8 ff 7f 00 00 ff ff
source=0: pgn=Rudder(127245): values=Instance=(0) DirectionOrder=("0") AngleOrder=(None) Position=(0.00 deg)

0  : pgn=65359  line=Rx 10305503 1c ff 4f 00 3b 9f ff ff ff b6 3e ff
source=0: pgn=Seatalk: Pilot Heading(65359): values=ManufacturerCode=(1851) IndustryCode=(4) HeadingTrue=(None) HeadingMagnetic=(91.98 deg)

1  : pgn=129038 line=Rx 10305521 11 f8 0e 01 80 1b c1 b8 8e e4 15 4f
1  : pgn=129038 line=Rx 10305522 11 f8 0e 01 81 19 16 b7 fe 2f 64 1c
1  : pgn=129038 line=Rx 10305522 11 f8 0e 01 82 ca 20 8a 00 00 00 00
1  : pgn=129038 line=Rx 10305523 11 f8 0e 01 83 00 ff ff ff 7f f0 fe
32 : pgn=128259 line=Rx 10305564 09 f5 03 20 46 3b 01 ff ff ff ff ff
source=32: pgn=Speed(128259): values=SpeedWaterReferenced=(3.15 m/s) SpeedGroundReferenced=(None) SpeedWaterReferencedType=(None) SpeedDirection=(None)

1  : pgn=129038 line=Rx 10305583 11 f8 0e 01 a0 1b c1 32 4f e6 15 f7
1  : pgn=129038 line=Rx 10305584 11 f8 0e 01 a1 0d 0e b7 3b d8 67 1c
1  : pgn=129038 line=Rx 10305584 11 f8 0e 01 a2 d2 eb b6 00 00 00 00
3  : pgn=129029 line=Tx 10305585 0d f8 05 03 e0 2b 70 06 40 80 13 0e
3  : pgn=129029 line=Tx 10305585 0d f8 05 03 e1 2c 00 c6 81 9b 5e e1
3  : pgn=129029 line=Tx 10305585 0d f8 05 03 e2 9e 06 00 72 9e a6 5a
3  : pgn=129029 line=Tx 10305585 0d f8 05 03 e3 45 00 ef ff ff ff ff
3  : pgn=129029 line=Tx 10305585 0d f8 05 03 e4 ff ff ff 7f 23 fc 09
3  : pgn=129029 line=Tx 10305585 0d f8 05 03 e5 54 00 ff 7f ff ff ff
3  : pgn=129029 line=Tx 10305585 0d f8 05 03 e6 7f 00 ff ff ff ff ff
3  : pgn=129025 line=Tx 10305585 09 f8 01 03 a7 74 6f 1c 45 77 fd b6
source=3: pgn=Position, Rapid Update(129025): values=Latitude=(47.7066407 deg) Longitude=(-122.4902843 deg)

1  : pgn=129038 line=Rx 10305585 11 f8 0e 01 a3 00 ff ff ff 7f f0 fe
3  : pgn=129033 line=Tx 10305585 0d f8 09 03 06 40 80 13 0e 2c 5c fe
source=3: pgn=Time & Date(129033): values=Date=(16390 d) Time=(73912.0 s) LocalOffset=(-25200.0 s)

0  : pgn=127250 line=Rx 10305608 09 f1 12 00 ff cc 3e ff 7f ff 7f fd
source=0: pgn=Vessel Heading(127250): values=Heading=(92.11 deg) Deviation=(None) Variation=(None) Reference=("1")

0  : pgn=127245 line=Rx 10305609 09 f1 0d 00 00 f8 ff 7f 00 00 ff ff
source=0: pgn=Rudder(127245): values=Instance=(0) DirectionOrder=("0") AngleOrder=(None) Position=(0.00 deg)

0  : pgn=65379  line=Rx 10305614 1c ff 63 00 3b 9f 00 00 00 00 01 ff
source=0: pgn=Seatalk: Pilot Mode(65379): values=ManufacturerCode=(1851) IndustryCode=(4) PilotMode=(0) SubMode=(0) PilotModeData=(0)

0  : pgn=65359  line=Rx 10305615 1c ff 4f 00 3b 9f ff ff ff cc 3e ff
source=0: pgn=Seatalk: Pilot Heading(65359): values=ManufacturerCode=(1851) IndustryCode=(4) HeadingTrue=(None) HeadingMagnetic=(92.11 deg)

0  : pgn=126975 line=Rx 10305616 1d ef ff 00 e0 0d 3b 9f f0 81 84 16
0  : pgn=126975 line=Rx 10305618 1d ef ff 00 e1 41 04 00 00 00 02 05
32 : pgn=128259 line=Rx 10305663 09 f5 03 20 47 2c 01 ff ff ff ff ff
source=32: pgn=Speed(128259): values=SpeedWaterReferenced=(3.0 m/s) SpeedGroundReferenced=(None) SpeedWaterReferencedType=(None) SpeedDirection=(None)

1  : pgn=129038 line=Rx 10305675 11 f8 0e 01 c0 1b c1 d0 8a f8 15 75
1  : pgn=129038 line=Rx 10305676 11 f8 0e 01 c1 96 0c b7 36 54 69 1c
1  : pgn=129038 line=Rx 10305676 11 f8 0e 01 c2 cc 5c 0d 00 00 00 00
1  : pgn=129038 line=Rx 10305677 11 f8 0e 01 c3 00 ff ff ff 7f f0 fe
3  : pgn=129026 line=Tx 10305686 09 f8 02 03 ff fc 50 44 6c 01 ff ff
source=3: pgn=COG & SOG, Rapid Update(129026): values=COGReference=("0") COG=(100.20 deg) SOG=(3.64 m/s)

3  : pgn=129025 line=Tx 10305686 09 f8 01 03 a7 74 6f 1c 45 77 fd b6
source=3: pgn=Position, Rapid Update(129025): values=Latitude=(47.7066407 deg) Longitude=(-122.4902843 deg)

3  : pgn=126992 line=Tx 10305686 0d f0 10 03 ff ff 06 40 80 13 0e 2c
source=3: pgn=System Time(126992): values=Source=(None) Date=(16390 d) Time=(73912.0 s)

0  : pgn=127250 line=Rx 10305698 09 f1 12 00 ff d7 3e ff 7f ff 7f fd
source=0: pgn=Vessel Heading(127250): values=Heading=(92.17 deg) Deviation=(None) Variation=(None) Reference=("1")

0  : pgn=127245 line=Rx 10305698 09 f1 0d 00 00 f8 ff 7f 00 00 ff ff
source=0: pgn=Rudder(127245): values=Instance=(0) DirectionOrder=("0") AngleOrder=(None) Position=(0.00 deg)

0  : pgn=65359  line=Rx 10305705 1c ff 4f 00 3b 9f ff ff ff d7 3e ff
source=0: pgn=Seatalk: Pilot Heading(65359): values=ManufacturerCode=(1851) IndustryCode=(4) HeadingTrue=(None) HeadingMagnetic=(92.17 deg)

0  : pgn=126975 line=Rx 10305721 1d ef ff 00 00 09 3b 9f f0 81 ae 02
0  : pgn=126975 line=Rx 10305723 1d ef ff 00 01 00 08 00 ff ff ff ff
1  : pgn=129038 line=Rx 10305738 11 f8 0e 01 e0 1b c1 fe 82 dc 15 9e
1  : pgn=129038 line=Rx 10305739 11 f8 0e 01 e1 62 14 b7 df 7c 5f 1c
1  : pgn=129038 line=Rx 10305739 11 f8 0e 01 e2 d1 d3 b8 00 00 00 00
1  : pgn=129038 line=Rx 10305740 11 f8 0e 01 e3 00 e7 37 00 00 ff fe
32 : pgn=128259 line=Rx 10305762 09 f5 03 20 48 29 01 ff ff ff ff ff
source=32: pgn=Speed(128259): values=SpeedWaterReferenced=(2.97 m/s) SpeedGroundReferenced=(None) SpeedWaterReferencedType=(None) SpeedDirection=(None)

1  : pgn=129038 line=Rx 10305767 11 f8 0e 01 00 1b c1 28 71 e0 15 3f
source=1: pgn=AIS Class A Position Report(129038): values=MessageID=(0) RepeatIndicator=("0") UserID=(1898496283) Longitude=(0.0 deg) Latitude=(0.0 deg) PositionAccuracy=("0") RAIM=("0") TimeStamp=("0") COG=(0.00 deg) SOG=(0.0 m/s) CommunicationState=(0) AISTransceiverinformation=("0") Heading=(0.00 deg) RateofTurn=(0.00 deg/s) NavStatus=("0") SpecialManeuverIndicator=("0") Spare=(0) SequenceID=(0)

1  : pgn=129038 line=Rx 10305768 11 f8 0e 01 01 6b 0e b7 7c 2a 68 1c
source=1: pgn=AIS Class A Position Report(129038): values=MessageID=(1) RepeatIndicator=("0") UserID=(2092371563) Longitude=(0.0 deg) Latitude=(0.0 deg) PositionAccuracy=("0") RAIM=("0") TimeStamp=("0") COG=(0.00 deg) SOG=(0.0 m/s) CommunicationState=(0) AISTransceiverinformation=("0") Heading=(0.00 deg) RateofTurn=(0.00 deg/s) NavStatus=("0") SpecialManeuverIndicator=("0") Spare=(0) SequenceID=(0)

1  : pgn=129038 line=Rx 10305768 11 f8 0e 01 02 cc 8f 6d 00 00 00 00
source=1: pgn=AIS Class A Position Report(129038): values=MessageID=(2) RepeatIndicator=("0") UserID=(7180236) Longitude=(0.0 deg) Latitude=(0.0 deg) PositionAccuracy=("0") RAIM=("0") TimeStamp=("0") COG=(0.00 deg) SOG=(0.0 m/s) CommunicationState=(0) AISTransceiverinformation=("0") Heading=(0.00 deg) RateofTurn=(0.00 deg/s) NavStatus=("0") SpecialManeuverIndicator=("0") Spare=(0) SequenceID=(0)

1  : pgn=129038 line=Rx 10305769 11 f8 0e 01 03 00 ff ff ff 7f f0 fe
source=1: pgn=AIS Class A Position Report(129038): values=MessageID=(3) RepeatIndicator=("0") UserID=(4294967040) Longitude=(0.0 deg) Latitude=(0.0 deg) PositionAccuracy=("0") RAIM=("0") TimeStamp=("0") COG=(0.00 deg) SOG=(0.0 m/s) CommunicationState=(0) AISTransceiverinformation=("0") Heading=(0.00 deg) RateofTurn=(0.00 deg/s) NavStatus=("0") SpecialManeuverIndicator=("0") Spare=(0) SequenceID=(0)

3  : pgn=129025 line=Tx 10305786 09 f8 01 03 a7 74 6f 1c 45 77 fd b6
source=3: pgn=Position, Rapid Update(129025): values=Latitude=(47.7066407 deg) Longitude=(-122.4902843 deg)

0  : pgn=127250 line=Rx 10305792 09 f1 12 00 ff f9 3e ff 7f ff 7f fd
source=0: pgn=Vessel Heading(127250): values=Heading=(92.37 deg) Deviation=(None) Variation=(None) Reference=("1")

0  : pgn=127245 line=Rx 10305793 09 f1 0d 00 00 f8 ff 7f 00 00 ff ff
source=0: pgn=Rudder(127245): values=Instance=(0) DirectionOrder=("0") AngleOrder=(None) Position=(0.00 deg)

0  : pgn=65359  line=Rx 10305799 1c ff 4f 00 3b 9f ff ff ff f9 3e ff
source=0: pgn=Seatalk: Pilot Heading(65359): values=ManufacturerCode=(1851) IndustryCode=(4) HeadingTrue=(None) HeadingMagnetic=(92.37 deg)

32 : pgn=128259 line=Rx 10305862 09 f5 03 20 49 2a 01 ff ff ff ff ff
source=32: pgn=Speed(128259): values=SpeedWaterReferenced=(2.98 m/s) SpeedGroundReferenced=(None) SpeedWaterReferencedType=(None) SpeedDirection=(None)

3  : pgn=129026 line=Tx 10305886 09 f8 02 03 ff fc 62 44 6c 01 ff ff
source=3: pgn=COG & SOG, Rapid Update(129026): values=COGReference=("0") COG=(100.30 deg) SOG=(3.64 m/s)

3  : pgn=129025 line=Tx 10305886 09 f8 01 03 94 74 6f 1c 9d 77 fd b6
source=3: pgn=Position, Rapid Update(129025): values=Latitude=(47.7066388 deg) Longitude=(-122.4902755 deg)

3  : pgn=129291 line=Tx 10305886 0d f9 0b 03 ff fc 79 2d 48 00 ff ff
source=3: pgn=Set & Drift, Rapid Update(129291): values=SetReference=("0") Set=(66.70 deg) Drift=(0.72 m/s)

0  : pgn=127250 line=Rx 10305897 09 f1 12 00 ff 0b 3f ff 7f ff 7f fd
source=0: pgn=Vessel Heading(127250): values=Heading=(92.47 deg) Deviation=(None) Variation=(None) Reference=("1")

0  : pgn=127245 line=Rx 10305898 09 f1 0d 00 00 f8 ff 7f 00 00 ff ff
source=0: pgn=Rudder(127245): values=Instance=(0) DirectionOrder=("0") AngleOrder=(None) Position=(0.00 deg)

0  : pgn=65359  line=Rx 10305904 1c ff 4f 00 3b 9f ff ff ff 0b 3f ff
source=0: pgn=Seatalk: Pilot Heading(65359): values=ManufacturerCode=(1851) IndustryCode=(4) HeadingTrue=(None) HeadingMagnetic=(92.47 deg)

32 : pgn=128259 line=Rx 10305961 09 f5 03 20 4a 27 01 ff ff ff ff ff
source=32: pgn=Speed(128259): values=SpeedWaterReferenced=(2.95 m/s) SpeedGroundReferenced=(None) SpeedWaterReferencedType=(None) SpeedDirection=(None)

3  : pgn=129025 line=Tx 10305987 09 f8 01 03 94 74 6f 1c 9d 77 fd b6
source=3: pgn=Position, Rapid Update(129025): values=Latitude=(47.7066388 deg) Longitude=(-122.4902755 deg)

0  : pgn=127250 line=Rx 10305988 09 f1 12 00 ff 33 3f ff 7f ff 7f fd
source=0: pgn=Vessel Heading(127250): values=Heading=(92.70 deg) Deviation=(None) Variation=(None) Reference=("1")

0  : pgn=127245 line=Rx 10305993 09 f1 0d 00 00 f8 ff 7f 00 00 ff ff
source=0: pgn=Rudder(127245): values=Instance=(0) DirectionOrder=("0") AngleOrder=(None) Position=(0.00 deg)

0  : pgn=65359  line=Rx 10305997 1c ff 4f 00 3b 9f ff ff ff 33 3f ff
source=0: pgn=Seatalk: Pilot Heading(65359): values=ManufacturerCode=(1851) IndustryCode=(4) HeadingTrue=(None) HeadingMagnetic=(92.70 deg)

1  : pgn=129038 line=Rx 10306009 11 f8 0e 01 20 1b c1 b8 2a df 15 cf
1  : pgn=129038 line=Rx 10306010 11 f8 0e 01 21 f8 0d b7 b5 a5 63 1c
1  : pgn=129038 line=Rx 10306010 11 f8 0e 01 22 c8 03 97 00 00 01 00
1  : pgn=129038 line=Rx 10306011 11 f8 0e 01 23 08 14 7c 00 00 f0 fe
32 : pgn=128259 line=Rx 10306061 09 f5 03 20 4b 25 01 ff ff ff ff ff
source=32: pgn=Speed(128259): values=SpeedWaterReferenced=(2.93 m/s) SpeedGroundReferenced=(None) SpeedWaterReferencedType=(None) SpeedDirection=(None)

3  : pgn=129026 line=Tx 10306087 09 f8 02 03 ff fc 62 44 6d 01 ff ff
source=3: pgn=COG & SOG, Rapid Update(129026): values=COGReference=("0") COG=(100.30 deg) SOG=(3.65 m/s)

3  : pgn=130577 line=Tx 10306087 0d fe 11 03 00 0e c0 71 62 44 6d 01
source=3: pgn=Direction Data(130577): values=DataMode=("0") COGReference=("0") COG=(166.85 deg) SOG=(175.06 m/s) Heading=(2.09 deg) SpeedthroughWater=(0.0 m/s) Set=(0.00 deg) Drift=(0.0 m/s)

3  : pgn=130577 line=Tx 10306087 0d fe 11 03 01 ff ff ff ff 79 2d 48
source=3: pgn=Direction Data(130577): values=DataMode=("1") COGReference=("0") COG=(None) SOG=(312.31 m/s) Heading=(105.87 deg) SpeedthroughWater=(0.0 m/s) Set=(0.00 deg) Drift=(0.0 m/s)

3  : pgn=130577 line=Tx 10306087 0d fe 11 03 02 00 ff ff ff ff ff ff
source=3: pgn=Direction Data(130577): values=DataMode=("2") COGReference=("0") COG=(None) SOG=(None) Heading=(None) SpeedthroughWater=(0.0 m/s) Set=(0.00 deg) Drift=(0.0 m/s)

3  : pgn=129025 line=Tx 10306087 09 f8 01 03 7e 74 6f 1c f2 77 fd b6
source=3: pgn=Position, Rapid Update(129025): values=Latitude=(47.706636599999996 deg) Longitude=(-122.49026699999999 deg)

3  : pgn=130306 line=Tx 10306087 09 fd 02 03 ff 37 03 ce c9 fa ff ff
source=3: pgn=Wind Data(130306): values=WindSpeed=(8.23 m/s) WindAngle=(296.00 deg) Reference=("2")

0  : pgn=127250 line=Rx 10306088 09 f1 12 00 ff 59 3f ff 7f ff 7f fd
source=0: pgn=Vessel Heading(127250): values=Heading=(92.92 deg) Deviation=(None) Variation=(None) Reference=("1")

0  : pgn=127245 line=Rx 10306089 09 f1 0d 00 00 f8 ff 7f 00 00 ff ff
source=0: pgn=Rudder(127245): values=Instance=(0) DirectionOrder=("0") AngleOrder=(None) Position=(0.00 deg)

0  : pgn=65359  line=Rx 10306109 1c ff 4f 00 3b 9f ff ff ff 59 3f ff
source=0: pgn=Seatalk: Pilot Heading(65359): values=ManufacturerCode=(1851) IndustryCode=(4) HeadingTrue=(None) HeadingMagnetic=(92.92 deg)

0  : pgn=126975 line=Rx 10306125 1d ef ff 00 20 08 3b 9f f0 81 9c 91
0  : pgn=126975 line=Rx 10306127 1d ef ff 00 21 01 00 ff ff ff ff ff
32 : pgn=128259 line=Rx 10306160 09 f5 03 20 4c 24 01 ff ff ff ff ff
source=32: pgn=Speed(128259): values=SpeedWaterReferenced=(2.92 m/s) SpeedGroundReferenced=(None) SpeedWaterReferencedType=(None) SpeedDirection=(None)

3  : pgn=129283 line=Tx 10306187 0d f9 03 03 ff 7f ff ff ff 7f ff ff
source=3: pgn=Cross Track Error(129283): values=XTEmode=(None) NavigationTerminated=("1") XTE=(None)

3  : pgn=129025 line=Tx 10306188 09 f8 01 03 7e 74 6f 1c f2 77 fd b6
source=3: pgn=Position, Rapid Update(129025): values=Latitude=(47.706636599999996 deg) Longitude=(-122.49026699999999 deg)

3  : pgn=128267 line=Tx 10306188 0d f5 0b 03 ff dd 3c 00 00 00 00 ff
source=3: pgn=Water Depth(128267): values=Depth=(155.81 m) Offset=(0.0 m) Range=(None)

0  : pgn=127250 line=Rx 10306188 09 f1 12 00 ff 66 3f ff 7f ff 7f fd
source=0: pgn=Vessel Heading(127250): values=Heading=(92.99 deg) Deviation=(None) Variation=(None) Reference=("1")

0  : pgn=127245 line=Rx 10306189 09 f1 0d 00 00 f8 ff 7f 00 00 ff ff
source=0: pgn=Rudder(127245): values=Instance=(0) DirectionOrder=("0") AngleOrder=(None) Position=(0.00 deg)

0  : pgn=65359  line=Rx 10306199 1c ff 4f 00 3b 9f ff ff ff 66 3f ff
source=0: pgn=Seatalk: Pilot Heading(65359): values=ManufacturerCode=(1851) IndustryCode=(4) HeadingTrue=(None) HeadingMagnetic=(92.99 deg)

32 : pgn=128259 line=Rx 10306262 09 f5 03 20 4d 23 01 ff ff ff ff ff
source=32: pgn=Speed(128259): values=SpeedWaterReferenced=(2.91 m/s) SpeedGroundReferenced=(None) SpeedWaterReferencedType=(None) SpeedDirection=(None)

32 : pgn=130310 line=Rx 10306265 15 fd 06 20 b8 ff ff ff ff ff ff ff
source=32: pgn=Environmental Parameters (obsolete)(130310): values=WaterTemperature=(None) OutsideAmbientAirTemperature=(None) AtmosphericPressure=(None)

32 : pgn=128275 line=Rx 10306275 19 f5 13 20 40 0e ff ff ff ff ff ff
32 : pgn=128275 line=Rx 10306280 19 f5 13 20 41 9d ad 3c 00 9d ad 3c
32 : pgn=128275 line=Rx 10306285 19 f5 13 20 42 00 ff ff ff ff ff ff
3  : pgn=129026 line=Tx 10306288 09 f8 02 03 ff fc 62 44 6d 01 ff ff
source=3: pgn=COG & SOG, Rapid Update(129026): values=COGReference=("0") COG=(100.30 deg) SOG=(3.65 m/s)

3  : pgn=129025 line=Tx 10306288 09 f8 01 03 7e 74 6f 1c f2 77 fd b6
source=3: pgn=Position, Rapid Update(129025): values=Latitude=(47.706636599999996 deg) Longitude=(-122.49026699999999 deg)

3  : pgn=129542 line=Tx 10306288 19 fa 06 03 00 0f 71 73 01 00 00 00
source=3: pgn=GNSS Pseudorange Noise Statistics(129542): values=RMSofPositionUncertainty=(28943) STDofMajoraxis=(115) STDofMinoraxis=(1) OrientationofMajoraxis=(0) STDofLatError=(0) STDofLonError=(0) STDofAltError=(0)

3  : pgn=129542 line=Tx 10306288 19 fa 06 03 01 00 00 00 00 00 00 00
source=3: pgn=GNSS Pseudorange Noise Statistics(129542): values=RMSofPositionUncertainty=(0) STDofMajoraxis=(0) STDofMinoraxis=(0) OrientationofMajoraxis=(0) STDofLatError=(0) STDofLonError=(0) STDofAltError=(0)

3  : pgn=129542 line=Tx 10306288 19 fa 06 03 02 00 00 ff ff ff ff ff
source=3: pgn=GNSS Pseudorange Noise Statistics(129542): values=RMSofPositionUncertainty=(0) STDofMajoraxis=(None) STDofMinoraxis=(None) OrientationofMajoraxis=(None) STDofLatError=(None) STDofLonError=(None) STDofAltError=(0)

3  : pgn=65364  line=Tx 10306288 1c ff 54 03 3b 9f 37 03 ce c9 ff ff
0  : pgn=127250 line=Rx 10306289 09 f1 12 00 ff 74 3f ff 7f ff 7f fd
source=0: pgn=Vessel Heading(127250): values=Heading=(93.07 deg) Deviation=(None) Variation=(None) Reference=("1")

0  : pgn=127245 line=Rx 10306298 09 f1 0d 00 00 f8 ff 7f 00 00 ff ff
source=0: pgn=Rudder(127245): values=Instance=(0) DirectionOrder=("0") AngleOrder=(None) Position=(0.00 deg)

0  : pgn=65359  line=Rx 10306305 1c ff 4f 00 3b 9f ff ff ff 74 3f ff
source=0: pgn=Seatalk: Pilot Heading(65359): values=ManufacturerCode=(1851) IndustryCode=(4) HeadingTrue=(None) HeadingMagnetic=(93.07 deg)

1  : pgn=59936  line=Rx 10306311 18 ea 20 01 00 ee 00 00 00 00 00 00
1  : pgn=129793 line=Rx 10306312 1d fb 01 01 60 1a 04 a1 fc 37 00 da
1  : pgn=129793 line=Rx 10306312 1d fb 01 01 61 b9 e8 b6 ae 7c e1 1c
1  : pgn=129793 line=Rx 10306313 1d fb 01 01 62 ff 70 ec 0d 2c 00 00
1  : pgn=129793 line=Rx 10306313 1d fb 01 01 63 08 06 40 ff 00 fc ff
32 : pgn=128259 line=Rx 10306360 09 f5 03 20 4e 24 01 ff ff ff ff ff
1  : pgn=129041 line=Rx 10306374 11 f8 11 01 a0 30 55 75 89 3a 3b 6d
1  : pgn=129041 line=Rx 10306374 11 f8 11 01 a1 8b 0a b7 5b f8 47 1c
1  : pgn=129041 line=Rx 10306375 11 f8 11 01 a2 f4 00 00 00 00 00 00
1  : pgn=129041 line=Rx 10306375 11 f8 11 01 a3 ff ff 12 ee ff e1 16
1  : pgn=129041 line=Rx 10306376 11 f8 11 01 a4 01 50 53 20 54 53 4c
1  : pgn=129041 line=Rx 10306377 11 f8 11 01 a5 20 4c 42 20 54 41 20
1  : pgn=129041 line=Rx 10306377 11 f8 11 01 a6 20 20 20 20 20 20 20
3  : pgn=129540 line=Tx 10306389 19 fa 04 03 40 9f 93 ff 0d 03 97 1a
source=3: pgn=GNSS Sats in View(129540): values=RangeResidualMode=(None) SatsinView=(147) PRN=(None) Elevation=(4.47 deg) Azimuth=(39.00 deg) SNR=(0.0 dB) Rangeresiduals=(0) Status=("0")

3  : pgn=129540 line=Tx 10306389 19 fa 04 03 41 2e 26 00 00 00 00 00
source=3: pgn=GNSS Sats in View(129540): values=RangeResidualMode=("0") SatsinView=(38) PRN=(0) Elevation=(0.00 deg) Azimuth=(0.00 deg) SNR=(0.0 dB) Rangeresiduals=(0) Status=("0")

3  : pgn=129540 line=Tx 10306389 19 fa 04 03 42 00 f3 0f ff 1d 5c 3d
source=3: pgn=GNSS Sats in View(129540): values=RangeResidualMode=("0") SatsinView=(243) PRN=(15) Elevation=(44.00 deg) Azimuth=(90.00 deg) SNR=(0.0 dB) Rangeresiduals=(0) Status=("0")

3  : pgn=129540 line=Tx 10306389 19 fa 04 03 43 e4 0c 00 00 00 00 f5
source=3: pgn=GNSS Sats in View(129540): values=RangeResidualMode=("0") SatsinView=(12) PRN=(0) Elevation=(0.00 deg) Azimuth=(359.36 deg) SNR=(0.0 dB) Rangeresiduals=(0) Status=("0")

3  : pgn=129540 line=Tx 10306389 19 fa 04 03 44 10 17 13 71 b9 54 0b
source=3: pgn=GNSS Sats in View(129540): values=RangeResidualMode=("0") SatsinView=(23) PRN=(19) Elevation=(-103.49 deg) Azimuth=(16.62 deg) SNR=(0.0 dB) Rangeresiduals=(0) Status=("0")

3  : pgn=129540 line=Tx 10306389 19 fa 04 03 45 00 00 00 00 f5 12 c5
source=3: pgn=GNSS Sats in View(129540): values=RangeResidualMode=("0") SatsinView=(0) PRN=(0) Elevation=(-16.13 deg) Azimuth=(289.06 deg) SNR=(0.0 dB) Rangeresiduals=(0) Status=("0")

3  : pgn=129540 line=Tx 10306389 19 fa 04 03 46 31 f2 93 80 0c 00 00
source=3: pgn=GNSS Sats in View(129540): values=RangeResidualMode=("1") SatsinView=(242) PRN=(147) Elevation=(18.33 deg) Azimuth=(0.00 deg) SNR=(0.0 dB) Rangeresiduals=(0) Status=("0")

3  : pgn=129540 line=Tx 10306389 19 fa 04 03 47 00 00 f5 13 69 03 1f
source=3: pgn=GNSS Sats in View(129540): values=RangeResidualMode=("0") SatsinView=(0) PRN=(245) Elevation=(154.12 deg) Azimuth=(45.49 deg) SNR=(0.0 dB) Rangeresiduals=(0) Status=("0")

3  : pgn=129540 line=Tx 10306389 19 fa 04 03 48 d8 04 10 00 00 00 00
source=3: pgn=GNSS Sats in View(129540): values=RangeResidualMode=("0") SatsinView=(4) PRN=(16) Elevation=(0.00 deg) Azimuth=(0.00 deg) SNR=(0.0 dB) Rangeresiduals=(0) Status=("0")

3  : pgn=129540 line=Tx 10306389 19 fa 04 03 49 f5 15 e8 37 ba 20 e4
source=3: pgn=GNSS Sats in View(129540): values=RangeResidualMode=("1") SatsinView=(21) PRN=(232) Elevation=(-102.36 deg) Azimuth=(334.61 deg) SNR=(0.0 dB) Rangeresiduals=(0) Status=("0")

3  : pgn=129540 line=Tx 10306389 19 fa 04 03 4a 0c 00 00 00 00 f5 16
source=3: pgn=GNSS Sats in View(129540): values=RangeResidualMode=("0") SatsinView=(0) PRN=(0) Elevation=(0.00 deg) Azimuth=(33.67 deg) SNR=(0.0 dB) Rangeresiduals=(0) Status=("0")

3  : pgn=129540 line=Tx 10306390 19 fa 04 03 4b d1 15 cf 9c 3c 0f 00
source=3: pgn=GNSS Sats in View(129540): values=RangeResidualMode=("1") SatsinView=(21) PRN=(207) Elevation=(88.90 deg) Azimuth=(0.09 deg) SNR=(0.0 dB) Rangeresiduals=(0) Status=("0")

0  : pgn=127250 line=Rx 10306391 09 f1 12 00 ff 6b 3f ff 7f ff 7f fd
source=0: pgn=Vessel Heading(127250): values=Heading=(93.02 deg) Deviation=(None) Variation=(None) Reference=("1")

3  : pgn=129540 line=Tx 10306392 19 fa 04 03 4c 00 00 00 f5 1a ae 0f
source=3: pgn=GNSS Sats in View(129540): values=RangeResidualMode=("0") SatsinView=(0) PRN=(0) Elevation=(39.54 deg) Azimuth=(23.00 deg) SNR=(0.0 dB) Rangeresiduals=(0) Status=("0")

0  : pgn=127245 line=Rx 10306392 09 f1 0d 00 00 f8 ff 7f 00 00 ff ff
source=0: pgn=Rudder(127245): values=Instance=(0) DirectionOrder=("0") AngleOrder=(None) Position=(0.00 deg)

3  : pgn=129540 line=Tx 10306393 19 fa 04 03 4d 5d 1f c4 09 00 00 00
source=3: pgn=GNSS Sats in View(129540): values=RangeResidualMode=("1") SatsinView=(31) PRN=(196) Elevation=(0.05 deg) Azimuth=(0.00 deg) SNR=(0.0 dB) Rangeresiduals=(0) Status=("0")

3  : pgn=129540 line=Tx 10306394 19 fa 04 03 4e 00 f5 1b d1 15 ab d2
source=3: pgn=GNSS Sats in View(129540): values=RangeResidualMode=("0") SatsinView=(245) PRN=(27) Elevation=(32.00 deg) Azimuth=(309.00 deg) SNR=(0.0 dB) Rangeresiduals=(0) Status=("0")

3  : pgn=129540 line=Tx 10306394 19 fa 04 03 4f 74 0e 00 00 00 00 f5
source=3: pgn=GNSS Sats in View(129540): values=RangeResidualMode=("0") SatsinView=(14) PRN=(0) Elevation=(0.00 deg) Azimuth=(359.36 deg) SNR=(0.0 dB) Rangeresiduals=(0) Status=("0")

3  : pgn=129540 line=Tx 10306395 19 fa 04 03 50 1d 00 0f a1 67 e4 0c
source=3: pgn=GNSS Sats in View(129540): values=RangeResidualMode=("1") SatsinView=(0) PRN=(15) Elevation=(152.00 deg) Azimuth=(18.91 deg) SNR=(0.0 dB) Rangeresiduals=(0) Status=("0")

3  : pgn=129540 line=Tx 10306396 19 fa 04 03 51 00 00 00 00 f5 23 d1
source=3: pgn=GNSS Sats in View(129540): values=RangeResidualMode=("0") SatsinView=(0) PRN=(0) Elevation=(-16.13 deg) Azimuth=(306.76 deg) SNR=(0.0 dB) Rangeresiduals=(0) Status=("0")

3  : pgn=129540 line=Tx 10306398 19 fa 04 03 52 15 c3 8b 00 00 00 00
source=3: pgn=GNSS Sats in View(129540): values=RangeResidualMode=("1") SatsinView=(195) PRN=(139) Elevation=(0.00 deg) Azimuth=(0.00 deg) SNR=(0.0 dB) Rangeresiduals=(0) Status=("0")

3  : pgn=129540 line=Tx 10306398 19 fa 04 03 53 00 00 f3 30 2e 17 43
source=3: pgn=GNSS Sats in View(129540): values=RangeResidualMode=("0") SatsinView=(0) PRN=(243) Elevation=(67.75 deg) Azimuth=(98.41 deg) SNR=(0.0 dB) Rangeresiduals=(0) Status=("0")

3  : pgn=129540 line=Tx 10306399 19 fa 04 03 54 84 a0 0f 00 00 00 00
source=3: pgn=GNSS Sats in View(129540): values=RangeResidualMode=("0") SatsinView=(160) PRN=(15) Elevation=(0.00 deg) Azimuth=(0.00 deg) SNR=(0.0 dB) Rangeresiduals=(0) Status=("0")

3  : pgn=129540 line=Tx 10306399 19 fa 04 03 55 f5 33 80 16 67 6c d8
source=3: pgn=GNSS Sats in View(129540): values=RangeResidualMode=("1") SatsinView=(51) PRN=(128) Elevation=(151.20 deg) Azimuth=(317.44 deg) SNR=(0.0 dB) Rangeresiduals=(0) Status=("0")

3  : pgn=129540 line=Tx 10306400 19 fa 04 03 56 0e 00 00 00 00 f5 ff
source=3: pgn=GNSS Sats in View(129540): values=RangeResidualMode=("0") SatsinView=(0) PRN=(0) Elevation=(0.00 deg) Azimuth=(375.43 deg) SNR=(0.0 dB) Rangeresiduals=(0) Status=("0")

3  : pgn=129025 line=Tx 10306401 09 f8 01 03 53 74 6f 1c a3 78 fd b6
source=3: pgn=Position, Rapid Update(129025): values=Latitude=(47.706632299999995 deg) Longitude=(-122.49024929999999 deg)

3  : pgn=127258 line=Tx 10306401 19 f1 1a 03 ff f6 12 39 fa 0a ff ff
source=3: pgn=Magnetic Variation(127258): values=Source=("6") Ageofservice=(14610 d) Variation=(16.10 deg)

0  : pgn=65359  line=Rx 10306405 1c ff 4f 00 3b 9f ff ff ff 6b 3f ff
source=0: pgn=Seatalk: Pilot Heading(65359): values=ManufacturerCode=(1851) IndustryCode=(4) HeadingTrue=(None) HeadingMagnetic=(93.02 deg)

4  : pgn=65384  line=Rx 10306407 1c ff 68 04 3b 9f 00 00 00 00 00 00
32 : pgn=128259 line=Rx 10306459 09 f5 03 20 4f 27 01 ff ff ff ff ff
source=32: pgn=Speed(128259): values=SpeedWaterReferenced=(2.95 m/s) SpeedGroundReferenced=(None) SpeedWaterReferencedType=(None) SpeedDirection=(None)

0  : pgn=127250 line=Rx 10306489 09 f1 12 00 ff 63 3f ff 7f ff 7f fd
source=0: pgn=Vessel Heading(127250): values=Heading=(92.97 deg) Deviation=(None) Variation=(None) Reference=("1")

0  : pgn=127245 line=Rx 10306489 09 f1 0d 00 00 f8 ff 7f 00 00 ff ff
source=0: pgn=Rudder(127245): values=Instance=(0) DirectionOrder=("0") AngleOrder=(None) Position=(0.00 deg)

3  : pgn=129026 line=Tx 10306489 09 f8 02 03 ff fc 85 44 6d 01 ff ff
source=3: pgn=COG & SOG, Rapid Update(129026): values=COGReference=("0") COG=(100.50 deg) SOG=(3.65 m/s)

3  : pgn=129025 line=Tx 10306490 09 f8 01 03 53 74 6f 1c a3 78 fd b6
source=3: pgn=Position, Rapid Update(129025): values=Latitude=(47.706632299999995 deg) Longitude=(-122.49024929999999 deg)

0  : pgn=65359  line=Rx 10306503 1c ff 4f 00 3b 9f ff ff ff 63 3f ff
source=0: pgn=Seatalk: Pilot Heading(65359): values=ManufacturerCode=(1851) IndustryCode=(4) HeadingTrue=(None) HeadingMagnetic=(92.97 deg)

32 : pgn=128259 line=Rx 10306559 09 f5 03 20 50 29 01 ff ff ff ff ff
source=32: pgn=Speed(128259): values=SpeedWaterReferenced=(2.97 m/s) SpeedGroundReferenced=(None) SpeedWaterReferencedType=(None) SpeedDirection=(None)

0  : pgn=127250 line=Rx 10306588 09 f1 12 00 ff 4b 3f ff 7f ff 7f fd
source=0: pgn=Vessel Heading(127250): values=Heading=(92.84 deg) Deviation=(None) Variation=(None) Reference=("1")

0  : pgn=127245 line=Rx 10306589 09 f1 0d 00 00 f8 ff 7f 00 00 ff ff
source=0: pgn=Rudder(127245): values=Instance=(0) DirectionOrder=("0") AngleOrder=(None) Position=(0.00 deg)

3  : pgn=129029 line=Tx 10306590 0d f8 05 03 00 2b 71 06 40 62 31 0e
source=3: pgn=GNSS Position Data(129029): values=Date=(28971 d) Time=(82852.25020000001 s) Latitude=(0.0 deg) Longitude=(0.0 deg) Altitude=(0.0 m) GNSStype=("0") Method=("0") Integrity=("0") NumberofSVs=(0) HDOP=(0.0) PDOP=(0.0) GeoidalSeparation=(0.0 m) ReferenceStations=(0) ReferenceStationType=("0") ReferenceStationID=(0) AgeofDGNSSCorrections=(0.0 s)

3  : pgn=129029 line=Tx 10306590 0d f8 05 03 01 2c 00 7e b7 0c 4b e1
source=3: pgn=GNSS Position Data(129029): values=Date=(44 d) Time=(125912.4606 s) Latitude=(0.0 deg) Longitude=(0.0 deg) Altitude=(0.0 m) GNSStype=("0") Method=("0") Integrity=("0") NumberofSVs=(0) HDOP=(0.0) PDOP=(0.0) GeoidalSeparation=(0.0 m) ReferenceStations=(0) ReferenceStationType=("0") ReferenceStationID=(0) AgeofDGNSSCorrections=(0.0 s)

3  : pgn=129029 line=Tx 10306590 0d f8 05 03 02 9e 06 00 9e 3e 24 ac
source=3: pgn=GNSS Position Data(129029): values=Date=(1694 d) Time=(60808.3456 s) Latitude=(0.0 deg) Longitude=(0.0 deg) Altitude=(0.0 m) GNSStype=("0") Method=("0") Integrity=("0") NumberofSVs=(0) HDOP=(0.0) PDOP=(0.0) GeoidalSeparation=(0.0 m) ReferenceStations=(0) ReferenceStationType=("0") ReferenceStationID=(0) AgeofDGNSSCorrections=(0.0 s)

3  : pgn=129029 line=Tx 10306590 0d f8 05 03 03 45 00 ef ff ff ff ff
source=3: pgn=GNSS Position Data(129029): values=Date=(69 d) Time=(429496.7279 s) Latitude=(0.0 deg) Longitude=(0.0 deg) Altitude=(0.0 m) GNSStype=("0") Method=("0") Integrity=("0") NumberofSVs=(0) HDOP=(0.0) PDOP=(0.0) GeoidalSeparation=(0.0 m) ReferenceStations=(0) ReferenceStationType=("0") ReferenceStationID=(0) AgeofDGNSSCorrections=(0.0 s)

3  : pgn=129029 line=Tx 10306590 0d f8 05 03 04 ff ff ff 7f 23 fc 09
source=3: pgn=GNSS Position Data(129029): values=Date=(None) Time=(423018.49590000004 s) Latitude=(0.0 deg) Longitude=(0.0 deg) Altitude=(0.0 m) GNSStype=("0") Method=("0") Integrity=("0") NumberofSVs=(0) HDOP=(0.0) PDOP=(0.0) GeoidalSeparation=(0.0 m) ReferenceStations=(0) ReferenceStationType=("0") ReferenceStationID=(0) AgeofDGNSSCorrections=(0.0 s)

3  : pgn=129029 line=Tx 10306590 0d f8 05 03 05 54 00 ff 7f ff ff ff
source=3: pgn=GNSS Position Data(129029): values=Date=(84 d) Time=(429493.4527 s) Latitude=(0.0 deg) Longitude=(0.0 deg) Altitude=(0.0 m) GNSStype=("0") Method=("0") Integrity=("0") NumberofSVs=(0) HDOP=(0.0) PDOP=(0.0) GeoidalSeparation=(0.0 m) ReferenceStations=(0) ReferenceStationType=("0") ReferenceStationID=(0) AgeofDGNSSCorrections=(0.0 s)

3  : pgn=129029 line=Tx 10306590 0d f8 05 03 06 7f 00 ff ff ff ff ff
source=3: pgn=GNSS Position Data(129029): values=Date=(127 d) Time=(None) Latitude=(0.0 deg) Longitude=(0.0 deg) Altitude=(0.0 m) GNSStype=("0") Method=("0") Integrity=("0") NumberofSVs=(0) HDOP=(0.0) PDOP=(0.0) GeoidalSeparation=(0.0 m) ReferenceStations=(0) ReferenceStationType=("0") ReferenceStationID=(0) AgeofDGNSSCorrections=(0.0 s)

3  : pgn=129025 line=Tx 10306590 09 f8 01 03 53 74 6f 1c a3 78 fd b6
source=3: pgn=Position, Rapid Update(129025): values=Latitude=(47.706632299999995 deg) Longitude=(-122.49024929999999 deg)

3  : pgn=129033 line=Tx 10306590 0d f8 09 03 06 40 62 31 0e 2c 5c fe
source=3: pgn=Time & Date(129033): values=Date=(16390 d) Time=(73912.765 s) LocalOffset=(-25200.0 s)

0  : pgn=65379  line=Rx 10306597 1c ff 63 00 3b 9f 00 00 00 00 01 ff
source=0: pgn=Seatalk: Pilot Mode(65379): values=ManufacturerCode=(1851) IndustryCode=(4) PilotMode=(0) SubMode=(0) PilotModeData=(0)

32 : pgn=65368  line=Rx 10306599 1c ff 58 20 3b 9f 35 56 71 ff ff ff
0  : pgn=65359  line=Rx 10306613 1c ff 4f 00 3b 9f ff ff ff 4b 3f ff
source=0: pgn=Seatalk: Pilot Heading(65359): values=ManufacturerCode=(1851) IndustryCode=(4) HeadingTrue=(None) HeadingMagnetic=(92.84 deg)

0  : pgn=126975 line=Rx 10306615 1d ef ff 00 40 0d 3b 9f f0 81 84 96
1  : pgn=129038 line=Rx 10306615 11 f8 0e 01 40 1b c1 2c fc df 15 98
1  : pgn=129038 line=Rx 10306616 11 f8 0e 01 41 27 0d b7 4e be 68 1c
1  : pgn=129038 line=Rx 10306617 11 f8 0e 01 42 c8 59 b5 00 00 00 00
1  : pgn=129038 line=Rx 10306617 11 f8 0e 01 43 00 39 37 00 00 f0 fe
0  : pgn=126975 line=Rx 10306618 1d ef ff 00 41 41 06 00 00 00 02 05
32 : pgn=128259 line=Rx 10306659 09 f5 03 20 51 29 01 ff ff ff ff ff
source=32: pgn=Speed(128259): values=SpeedWaterReferenced=(2.97 m/s) SpeedGroundReferenced=(None) SpeedWaterReferencedType=(None) SpeedDirection=(None)

0  : pgn=127250 line=Rx 10306688 09 f1 12 00 ff 40 3f ff 7f ff 7f fd
source=0: pgn=Vessel Heading(127250): values=Heading=(92.77 deg) Deviation=(None) Variation=(None) Reference=("1")

0  : pgn=127245 line=Rx 10306689 09 f1 0d 00 00 f8 ff 7f 00 00 ff ff
source=0: pgn=Rudder(127245): values=Instance=(0) DirectionOrder=("0") AngleOrder=(None) Position=(0.00 deg)

3  : pgn=129026 line=Tx 10306692 09 f8 02 03 ff fc 73 44 6f 01 ff ff
source=3: pgn=COG & SOG, Rapid Update(129026): values=COGReference=("0") COG=(100.40 deg) SOG=(3.67 m/s)

3  : pgn=129025 line=Tx 10306692 09 f8 01 03 45 74 6f 1c 07 79 fd b6
source=3: pgn=Position, Rapid Update(129025): values=Latitude=(47.7066309 deg) Longitude=(-122.4902393 deg)

3  : pgn=126992 line=Tx 10306692 0d f0 10 03 ff ff 06 40 7e 3d 0e 2c
source=3: pgn=System Time(126992): values=Source=(None) Date=(16390 d) Time=(73913.075 s)

0  : pgn=65359  line=Rx 10306705 1c ff 4f 00 3b 9f ff ff ff 40 3f ff
source=0: pgn=Seatalk: Pilot Heading(65359): values=ManufacturerCode=(1851) IndustryCode=(4) HeadingTrue=(None) HeadingMagnetic=(92.77 deg)

0  : pgn=126975 line=Rx 10306715 1d ef ff 00 60 09 3b 9f f0 81 ae 02
0  : pgn=126975 line=Rx 10306717 1d ef ff 00 61 00 08 00 ff ff ff ff
32 : pgn=128259 line=Rx 10306758 09 f5 03 20 52 2e 01 ff ff ff ff ff
source=32: pgn=Speed(128259): values=SpeedWaterReferenced=(3.02 m/s) SpeedGroundReferenced=(None) SpeedWaterReferencedType=(None) SpeedDirection=(None)

0  : pgn=127250 line=Rx 10306788 09 f1 12 00 ff 2c 3f ff 7f ff 7f fd
source=0: pgn=Vessel Heading(127250): values=Heading=(92.66 deg) Deviation=(None) Variation=(None) Reference=("1")

0  : pgn=127245 line=Rx 10306789 09 f1 0d 00 00 f8 ff 7f 00 00 ff ff
source=0: pgn=Rudder(127245): values=Instance=(0) DirectionOrder=("0") AngleOrder=(None) Position=(0.00 deg)

3  : pgn=129025 line=Tx 10306792 09 f8 01 03 45 74 6f 1c 07 79 fd b6
source=3: pgn=Position, Rapid Update(129025): values=Latitude=(47.7066309 deg) Longitude=(-122.4902393 deg)

0  : pgn=65359  line=Rx 10306799 1c ff 4f 00 3b 9f ff ff ff 2c 3f ff
source=0: pgn=Seatalk: Pilot Heading(65359): values=ManufacturerCode=(1851) IndustryCode=(4) HeadingTrue=(None) HeadingMagnetic=(92.66 deg)

1  : pgn=129038 line=Rx 10306827 11 f8 0e 01 60 1b c1 ca 4c e7 15 75
1  : pgn=129038 line=Rx 10306827 11 f8 0e 01 61 ef d4 b6 37 d8 ac 1c
1  : pgn=129038 line=Rx 10306828 11 f8 0e 01 62 d5 38 4f 02 02 00 00
1  : pgn=129038 line=Rx 10306828 11 f8 0e 01 63 00 38 46 d2 e5 f0 fe
32 : pgn=128259 line=Rx 10306858 09 f5 03 20 53 32 01 ff ff ff ff ff
source=32: pgn=Speed(128259): values=SpeedWaterReferenced=(3.06 m/s) SpeedGroundReferenced=(None) SpeedWaterReferencedType=(None) SpeedDirection=(None)

0  : pgn=127250 line=Rx 10306888 09 f1 12 00 ff 15 3f ff 7f ff 7f fd
source=0: pgn=Vessel Heading(127250): values=Heading=(92.53 deg) Deviation=(None) Variation=(None) Reference=("1")

0  : pgn=127245 line=Rx 10306889 09 f1 0d 00 00 f8 ff 7f 00 00 ff ff
source=0: pgn=Rudder(127245): values=Instance=(0) DirectionOrder=("0") AngleOrder=(None) Position=(0.00 deg)

3  : pgn=129026 line=Tx 10306893 09 f8 02 03 ff fc 73 44 6f 01 ff ff
source=3: pgn=COG & SOG, Rapid Update(129026): values=COGReference=("0") COG=(100.40 deg) SOG=(3.67 m/s)

3  : pgn=129025 line=Tx 10306893 09 f8 01 03 45 74 6f 1c 07 79 fd b6
source=3: pgn=Position, Rapid Update(129025): values=Latitude=(47.7066309 deg) Longitude=(-122.4902393 deg)

3  : pgn=129291 line=Tx 10306893 0d f9 0b 03 ff fc 33 2f 55 00 ff ff
source=3: pgn=Set & Drift, Rapid Update(129291): values=SetReference=("0") Set=(69.23 deg) Drift=(0.85 m/s)

0  : pgn=65359  line=Rx 10306903 1c ff 4f 00 3b 9f ff ff ff 15 3f ff
source=0: pgn=Seatalk: Pilot Heading(65359): values=ManufacturerCode=(1851) IndustryCode=(4) HeadingTrue=(None) HeadingMagnetic=(92.53 deg)

32 : pgn=128259 line=Rx 10306957 09 f5 03 20 54 35 01 ff ff ff ff ff
source=32: pgn=Speed(128259): values=SpeedWaterReferenced=(3.09 m/s) SpeedGroundReferenced=(None) SpeedWaterReferencedType=(None) SpeedDirection=(None)

0  : pgn=127250 line=Rx 10306988 09 f1 12 00 ff 0a 3f ff 7f ff 7f fd
source=0: pgn=Vessel Heading(127250): values=Heading=(92.46 deg) Deviation=(None) Variation=(None) Reference=("1")

0  : pgn=127245 line=Rx 10306989 09 f1 0d 00 00 f8 ff 7f 00 00 ff ff
source=0: pgn=Rudder(127245): values=Instance=(0) DirectionOrder=("0") AngleOrder=(None) Position=(0.00 deg)

0  : pgn=65359  line=Rx 10306993 1c ff 4f 00 3b 9f ff ff ff 0a 3f ff
source=0: pgn=Seatalk: Pilot Heading(65359): values=ManufacturerCode=(1851) IndustryCode=(4) HeadingTrue=(None) HeadingMagnetic=(92.46 deg)

3  : pgn=129025 line=Tx 10306993 09 f8 01 03 1e 74 6f 1c 98 79 fd b6
source=3: pgn=Position, Rapid Update(129025): values=Latitude=(47.706627 deg) Longitude=(-122.4902248 deg)

32 : pgn=128259 line=Rx 10307057 09 f5 03 20 55 39 01 ff ff ff ff ff
source=32: pgn=Speed(128259): values=SpeedWaterReferenced=(3.13 m/s) SpeedGroundReferenced=(None) SpeedWaterReferencedType=(None) SpeedDirection=(None)

4  : pgn=126975 line=Rx 10307066 1d ef ff 04 a0 07 3b 9f f0 81 90 00
4  : pgn=126975 line=Rx 10307067 1d ef ff 04 a1 03 ff ff ff ff ff ff
0  : pgn=127250 line=Rx 10307088 09 f1 12 00 ff f3 3e ff 7f ff 7f fd
source=0: pgn=Vessel Heading(127250): values=Heading=(92.33 deg) Deviation=(None) Variation=(None) Reference=("1")

0  : pgn=127245 line=Rx 10307089 09 f1 0d 00 00 f8 ff 7f 00 00 ff ff
source=0: pgn=Rudder(127245): values=Instance=(0) DirectionOrder=("0") AngleOrder=(None) Position=(0.00 deg)

3  : pgn=129026 line=Tx 10307093 09 f8 02 03 ff fc 73 44 6f 01 ff ff
source=3: pgn=COG & SOG, Rapid Update(129026): values=COGReference=("0") COG=(100.40 deg) SOG=(3.67 m/s)

3  : pgn=130577 line=Tx 10307093 0d fe 11 03 20 0e c0 72 73 44 6f 01
3  : pgn=130577 line=Tx 10307093 0d fe 11 03 21 ff ff ff ff 33 2f 55
3  : pgn=130577 line=Tx 10307093 0d fe 11 03 22 00 ff ff ff ff ff ff
3  : pgn=129025 line=Tx 10307093 09 f8 01 03 1e 74 6f 1c 98 79 fd b6
3  : pgn=130306 line=Tx 10307093 09 fd 02 03 ff 37 03 ce c9 fa ff ff
source=3: pgn=Wind Data(130306): values=WindSpeed=(8.23 m/s) WindAngle=(296.00 deg) Reference=("2")

0  : pgn=65359  line=Rx 10307108 1c ff 4f 00 3b 9f ff ff ff f3 3e ff
source=0: pgn=Seatalk: Pilot Heading(65359): values=ManufacturerCode=(1851) IndustryCode=(4) HeadingTrue=(None) HeadingMagnetic=(92.33 deg)

0  : pgn=126975 line=Rx 10307110 1d ef ff 00 80 08 3b 9f f0 81 9c 51
0  : pgn=126975 line=Rx 10307111 1d ef ff 00 81 01 00 ff ff ff ff ff
1  : pgn=129793 line=Rx 10307130 1d fb 01 01 80 1a 04 a0 fc 37 00 ea
1  : pgn=129793 line=Rx 10307131 1d fb 01 01 81 6c d0 b6 1f 64 57 1c
1  : pgn=129793 line=Rx 10307131 1d fb 01 01 82 ff 80 13 0e 2c 00 00
1  : pgn=129793 line=Rx 10307132 1d fb 01 01 83 08 06 40 ff 00 fc ff
32 : pgn=128259 line=Rx 10307156 09 f5 03 20 56 38 01 ff ff ff ff ff
source=32: pgn=Speed(128259): values=SpeedWaterReferenced=(3.12 m/s) SpeedGroundReferenced=(None) SpeedWaterReferencedType=(None) SpeedDirection=(None)

0  : pgn=127250 line=Rx 10307188 09 f1 12 00 ff ea 3e ff 7f ff 7f fd
source=0: pgn=Vessel Heading(127250): values=Heading=(92.28 deg) Deviation=(None) Variation=(None) Reference=("1")

0  : pgn=127245 line=Rx 10307189 09 f1 0d 00 00 f8 ff 7f 00 00 ff ff
source=0: pgn=Rudder(127245): values=Instance=(0) DirectionOrder=("0") AngleOrder=(None) Position=(0.00 deg)

0  : pgn=65359  line=Rx 10307193 1c ff 4f 00 3b 9f ff ff ff ea 3e ff
source=0: pgn=Seatalk: Pilot Heading(65359): values=ManufacturerCode=(1851) IndustryCode=(4) HeadingTrue=(None) HeadingMagnetic=(92.28 deg)

3  : pgn=129283 line=Tx 10307194 0d f9 03 03 ff 7f ff ff ff 7f ff ff
source=3: pgn=Cross Track Error(129283): values=XTEmode=(None) NavigationTerminated=("1") XTE=(None)

3  : pgn=129025 line=Tx 10307194 09 f8 01 03 0d 74 6f 1c f4 79 fd b6
source=3: pgn=Position, Rapid Update(129025): values=Latitude=(47.7066253 deg) Longitude=(-122.4902156 deg)

3  : pgn=128267 line=Tx 10307194 0d f5 0b 03 ff e7 3c 00 00 00 00 ff
source=3: pgn=Water Depth(128267): values=Depth=(155.91 m) Offset=(0.0 m) Range=(None)

32 : pgn=128259 line=Rx 10307258 09 f5 03 20 57 36 01 ff ff ff ff ff
source=32: pgn=Speed(128259): values=SpeedWaterReferenced=(3.1 m/s) SpeedGroundReferenced=(None) SpeedWaterReferencedType=(None) SpeedDirection=(None)

32 : pgn=130310 line=Rx 10307261 15 fd 06 20 b9 ff ff ff ff ff ff ff
source=32: pgn=Environmental Parameters (obsolete)(130310): values=WaterTemperature=(None) OutsideAmbientAirTemperature=(None) AtmosphericPressure=(None)

32 : pgn=128275 line=Rx 10307271 19 f5 13 20 60 0e ff ff ff ff ff ff
32 : pgn=128275 line=Rx 10307276 19 f5 13 20 61 af ad 3c 00 af ad 3c
32 : pgn=128275 line=Rx 10307281 19 f5 13 20 62 00 ff ff ff ff ff ff
1  : pgn=129038 line=Rx 10307281 11 f8 0e 01 80 1b c1 78 cf e8 15 cb
1  : pgn=129038 line=Rx 10307282 11 f8 0e 01 81 74 13 b7 f7 74 5a 1c
1  : pgn=129038 line=Rx 10307282 11 f8 0e 01 82 d4 76 d8 00 00 00 00
1  : pgn=129038 line=Rx 10307283 11 f8 0e 01 83 00 4f 77 00 00 f0 fe
0  : pgn=127250 line=Rx 10307288 09 f1 12 00 ff dc 3e ff 7f ff 7f fd
source=0: pgn=Vessel Heading(127250): values=Heading=(92.20 deg) Deviation=(None) Variation=(None) Reference=("1")

0  : pgn=127245 line=Rx 10307289 09 f1 0d 00 00 f8 ff 7f 00 00 ff ff
source=0: pgn=Rudder(127245): values=Instance=(0) DirectionOrder=("0") AngleOrder=(None) Position=(0.00 deg)

3  : pgn=129026 line=Tx 10307294 09 f8 02 03 ff fc 85 44 6f 01 ff ff
source=3: pgn=COG & SOG, Rapid Update(129026): values=COGReference=("0") COG=(100.50 deg) SOG=(3.67 m/s)

3  : pgn=129025 line=Tx 10307294 09 f8 01 03 0d 74 6f 1c f4 79 fd b6
source=3: pgn=Position, Rapid Update(129025): values=Latitude=(47.7066253 deg) Longitude=(-122.4902156 deg)

3  : pgn=129542 line=Tx 10307294 19 fa 06 03 20 0f 72 66 01 00 00 00
3  : pgn=129542 line=Tx 10307294 19 fa 06 03 21 00 00 00 00 00 00 00
3  : pgn=129542 line=Tx 10307294 19 fa 06 03 22 00 00 ff ff ff ff ff
3  : pgn=65364  line=Tx 10307294 1c ff 54 03 3b 9f 37 03 88 cc ff ff
0  : pgn=65359  line=Rx 10307305 1c ff 4f 00 3b 9f ff ff ff dc 3e ff
source=0: pgn=Seatalk: Pilot Heading(65359): values=ManufacturerCode=(1851) IndustryCode=(4) HeadingTrue=(None) HeadingMagnetic=(92.20 deg)

1  : pgn=59936  line=Rx 10307313 18 ea 20 01 00 ee 00 00 00 00 00 00
1  : pgn=129038 line=Rx 10307344 11 f8 0e 01 a0 1b c1 d0 05 2f 14 10
1  : pgn=129038 line=Rx 10307344 11 f8 0e 01 a1 2f 16 b7 9b 80 64 1c
1  : pgn=129038 line=Rx 10307345 11 f8 0e 01 a2 d4 1f bd 00 00 00 00
1  : pgn=129038 line=Rx 10307345 11 f8 0e 01 a3 00 9f c1 00 00 ff fe
32 : pgn=128259 line=Rx 10307355 09 f5 03 20 58 32 01 ff ff ff ff ff
0  : pgn=127250 line=Rx 10307388 09 f1 12 00 ff d4 3e ff 7f ff 7f fd
source=0: pgn=Vessel Heading(127250): values=Heading=(92.15 deg) Deviation=(None) Variation=(None) Reference=("1")

0  : pgn=127245 line=Rx 10307389 09 f1 0d 00 00 f8 ff 7f 00 00 ff ff
source=0: pgn=Rudder(127245): values=Instance=(0) DirectionOrder=("0") AngleOrder=(None) Position=(0.00 deg)

0  : pgn=65359  line=Rx 10307393 1c ff 4f 00 3b 9f ff ff ff d4 3e ff
source=0: pgn=Seatalk: Pilot Heading(65359): values=ManufacturerCode=(1851) IndustryCode=(4) HeadingTrue=(None) HeadingMagnetic=(92.15 deg)

3  : pgn=129540 line=Tx 10307395 19 fa 04 03 60 9f 94 ff 0d 03 97 1a
source=3: pgn=GNSS Sats in View(129540): values=RangeResidualMode=(None) SatsinView=(148) PRN=(None) Elevation=(4.47 deg) Azimuth=(39.00 deg) SNR=(0.0 dB) Rangeresiduals=(0) Status=("0")

3  : pgn=129540 line=Tx 10307395 19 fa 04 03 61 2e 26 00 00 00 00 00
source=3: pgn=GNSS Sats in View(129540): values=RangeResidualMode=("0") SatsinView=(38) PRN=(0) Elevation=(0.00 deg) Azimuth=(0.00 deg) SNR=(0.0 dB) Rangeresiduals=(0) Status=("0")

3  : pgn=129540 line=Tx 10307395 19 fa 04 03 62 00 f3 0f ff 1d 5c 3d
source=3: pgn=GNSS Sats in View(129540): values=RangeResidualMode=("0") SatsinView=(243) PRN=(15) Elevation=(44.00 deg) Azimuth=(90.00 deg) SNR=(0.0 dB) Rangeresiduals=(0) Status=("0")

3  : pgn=129540 line=Tx 10307395 19 fa 04 03 63 e4 0c 00 00 00 00 f5
source=3: pgn=GNSS Sats in View(129540): values=RangeResidualMode=("0") SatsinView=(12) PRN=(0) Elevation=(0.00 deg) Azimuth=(359.36 deg) SNR=(0.0 dB) Rangeresiduals=(0) Status=("0")

3  : pgn=129540 line=Tx 10307395 19 fa 04 03 64 10 17 13 71 b9 54 0b
source=3: pgn=GNSS Sats in View(129540): values=RangeResidualMode=("0") SatsinView=(23) PRN=(19) Elevation=(-103.49 deg) Azimuth=(16.62 deg) SNR=(0.0 dB) Rangeresiduals=(0) Status=("0")

3  : pgn=129540 line=Tx 10307395 19 fa 04 03 65 00 00 00 00 f5 12 c5
source=3: pgn=GNSS Sats in View(129540): values=RangeResidualMode=("0") SatsinView=(0) PRN=(0) Elevation=(-16.13 deg) Azimuth=(289.06 deg) SNR=(0.0 dB) Rangeresiduals=(0) Status=("0")

3  : pgn=129540 line=Tx 10307395 19 fa 04 03 66 31 f2 93 80 0c 00 00
source=3: pgn=GNSS Sats in View(129540): values=RangeResidualMode=("1") SatsinView=(242) PRN=(147) Elevation=(18.33 deg) Azimuth=(0.00 deg) SNR=(0.0 dB) Rangeresiduals=(0) Status=("0")

3  : pgn=129540 line=Tx 10307395 19 fa 04 03 67 00 00 f5 13 69 03 1f
source=3: pgn=GNSS Sats in View(129540): values=RangeResidualMode=("0") SatsinView=(0) PRN=(245) Elevation=(154.12 deg) Azimuth=(45.49 deg) SNR=(0.0 dB) Rangeresiduals=(0) Status=("0")

3  : pgn=129540 line=Tx 10307395 19 fa 04 03 68 d8 04 10 00 00 00 00
source=3: pgn=GNSS Sats in View(129540): values=RangeResidualMode=("0") SatsinView=(4) PRN=(16) Elevation=(0.00 deg) Azimuth=(0.00 deg) SNR=(0.0 dB) Rangeresiduals=(0) Status=("0")

3  : pgn=129540 line=Tx 10307395 19 fa 04 03 69 f5 15 e8 37 ba 20 e4
source=3: pgn=GNSS Sats in View(129540): values=RangeResidualMode=("1") SatsinView=(21) PRN=(232) Elevation=(-102.36 deg) Azimuth=(334.61 deg) SNR=(0.0 dB) Rangeresiduals=(0) Status=("0")

3  : pgn=129540 line=Tx 10307395 19 fa 04 03 6a 0c 00 00 00 00 f5 16
source=3: pgn=GNSS Sats in View(129540): values=RangeResidualMode=("0") SatsinView=(0) PRN=(0) Elevation=(0.00 deg) Azimuth=(33.67 deg) SNR=(0.0 dB) Rangeresiduals=(0) Status=("0")

3  : pgn=129540 line=Tx 10307396 19 fa 04 03 6b d1 15 cf 9c 3c 0f 00
source=3: pgn=GNSS Sats in View(129540): values=RangeResidualMode=("1") SatsinView=(21) PRN=(207) Elevation=(88.90 deg) Azimuth=(0.09 deg) SNR=(0.0 dB) Rangeresiduals=(0) Status=("0")

3  : pgn=129540 line=Tx 10307397 19 fa 04 03 6c 00 00 00 f5 1a ae 0f
source=3: pgn=GNSS Sats in View(129540): values=RangeResidualMode=("0") SatsinView=(0) PRN=(0) Elevation=(39.54 deg) Azimuth=(23.00 deg) SNR=(0.0 dB) Rangeresiduals=(0) Status=("0")

3  : pgn=129540 line=Tx 10307398 19 fa 04 03 6d 5d 1f c4 09 00 00 00
source=3: pgn=GNSS Sats in View(129540): values=RangeResidualMode=("1") SatsinView=(31) PRN=(196) Elevation=(0.05 deg) Azimuth=(0.00 deg) SNR=(0.0 dB) Rangeresiduals=(0) Status=("0")

3  : pgn=129540 line=Tx 10307398 19 fa 04 03 6e 00 f5 1b d1 15 ab d2
source=3: pgn=GNSS Sats in View(129540): values=RangeResidualMode=("0") SatsinView=(245) PRN=(27) Elevation=(32.00 deg) Azimuth=(309.00 deg) SNR=(0.0 dB) Rangeresiduals=(0) Status=("0")

3  : pgn=129540 line=Tx 10307399 19 fa 04 03 6f 74 0e 00 00 00 00 f5
source=3: pgn=GNSS Sats in View(129540): values=RangeResidualMode=("0") SatsinView=(14) PRN=(0) Elevation=(0.00 deg) Azimuth=(359.36 deg) SNR=(0.0 dB) Rangeresiduals=(0) Status=("0")

3  : pgn=129540 line=Tx 10307400 19 fa 04 03 70 1d 00 0f a1 67 e4 0c
source=3: pgn=GNSS Sats in View(129540): values=RangeResidualMode=("1") SatsinView=(0) PRN=(15) Elevation=(152.00 deg) Azimuth=(18.91 deg) SNR=(0.0 dB) Rangeresiduals=(0) Status=("0")

3  : pgn=129540 line=Tx 10307402 19 fa 04 03 71 00 00 00 00 f5 23 d1
source=3: pgn=GNSS Sats in View(129540): values=RangeResidualMode=("0") SatsinView=(0) PRN=(0) Elevation=(-16.13 deg) Azimuth=(306.76 deg) SNR=(0.0 dB) Rangeresiduals=(0) Status=("0")

3  : pgn=129540 line=Tx 10307402 19 fa 04 03 72 15 c3 8b 00 00 00 00
source=3: pgn=GNSS Sats in View(129540): values=RangeResidualMode=("1") SatsinView=(195) PRN=(139) Elevation=(0.00 deg) Azimuth=(0.00 deg) SNR=(0.0 dB) Rangeresiduals=(0) Status=("0")

3  : pgn=129540 line=Tx 10307403 19 fa 04 03 73 00 00 f3 30 2e 17 43
source=3: pgn=GNSS Sats in View(129540): values=RangeResidualMode=("0") SatsinView=(0) PRN=(243) Elevation=(67.75 deg) Azimuth=(98.41 deg) SNR=(0.0 dB) Rangeresiduals=(0) Status=("0")

3  : pgn=129540 line=Tx 10307405 19 fa 04 03 74 84 a0 0f 00 00 00 00
source=3: pgn=GNSS Sats in View(129540): values=RangeResidualMode=("0") SatsinView=(160) PRN=(15) Elevation=(0.00 deg) Azimuth=(0.00 deg) SNR=(0.0 dB) Rangeresiduals=(0) Status=("0")

3  : pgn=129540 line=Tx 10307405 19 fa 04 03 75 f5 33 80 16 67 6c d8
source=3: pgn=GNSS Sats in View(129540): values=RangeResidualMode=("1") SatsinView=(51) PRN=(128) Elevation=(151.20 deg) Azimuth=(317.44 deg) SNR=(0.0 dB) Rangeresiduals=(0) Status=("0")

3  : pgn=129540 line=Tx 10307405 19 fa 04 03 76 0e 00 00 00 00 f5 ff
source=3: pgn=GNSS Sats in View(129540): values=RangeResidualMode=("0") SatsinView=(0) PRN=(0) Elevation=(0.00 deg) Azimuth=(375.43 deg) SNR=(0.0 dB) Rangeresiduals=(0) Status=("0")

3  : pgn=129025 line=Tx 10307406 09 f8 01 03 0d 74 6f 1c f4 79 fd b6
source=3: pgn=Position, Rapid Update(129025): values=Latitude=(47.7066253 deg) Longitude=(-122.4902156 deg)

3  : pgn=127258 line=Tx 10307407 19 f1 1a 03 ff f6 12 39 fa 0a ff ff
source=3: pgn=Magnetic Variation(127258): values=Source=("6") Ageofservice=(14610 d) Variation=(16.10 deg)

4  : pgn=65384  line=Rx 10307407 1c ff 68 04 3b 9f 00 00 00 00 00 00
32 : pgn=128259 line=Rx 10307455 09 f5 03 20 59 2e 01 ff ff ff ff ff
source=32: pgn=Speed(128259): values=SpeedWaterReferenced=(3.02 m/s) SpeedGroundReferenced=(None) SpeedWaterReferencedType=(None) SpeedDirection=(None)

0  : pgn=127250 line=Rx 10307488 09 f1 12 00 ff d6 3e ff 7f ff 7f fd
source=0: pgn=Vessel Heading(127250): values=Heading=(92.17 deg) Deviation=(None) Variation=(None) Reference=("1")

0  : pgn=127245 line=Rx 10307489 09 f1 0d 00 00 f8 ff 7f 00 00 ff ff
source=0: pgn=Rudder(127245): values=Instance=(0) DirectionOrder=("0") AngleOrder=(None) Position=(0.00 deg)

3  : pgn=129026 line=Tx 10307495 09 f8 02 03 ff fc a7 44 6f 01 ff ff
source=3: pgn=COG & SOG, Rapid Update(129026): values=COGReference=("0") COG=(100.70 deg) SOG=(3.67 m/s)

3  : pgn=129025 line=Tx 10307495 09 f8 01 03 fc 73 6f 1c 54 7a fd b6
source=3: pgn=Position, Rapid Update(129025): values=Latitude=(47.7066236 deg) Longitude=(-122.490206 deg)

0  : pgn=65359  line=Rx 10307495 1c ff 4f 00 3b 9f ff ff ff d6 3e ff
source=0: pgn=Seatalk: Pilot Heading(65359): values=ManufacturerCode=(1851) IndustryCode=(4) HeadingTrue=(None) HeadingMagnetic=(92.17 deg)

1  : pgn=129038 line=Rx 10307525 11 f8 0e 01 c0 1b c1 2c 37 e1 15 49
1  : pgn=129038 line=Rx 10307526 11 f8 0e 01 c1 65 0c b7 41 28 69 1c
1  : pgn=129038 line=Rx 10307526 11 f8 0e 01 c2 c8 00 00 00 00 00 00
1  : pgn=129038 line=Rx 10307527 11 f8 0e 01 c3 00 ff ff ff 7f f0 fe
32 : pgn=128259 line=Rx 10307555 09 f5 03 20 5a 2c 01 ff ff ff ff ff
source=32: pgn=Speed(128259): values=SpeedWaterReferenced=(3.0 m/s) SpeedGroundReferenced=(None) SpeedWaterReferencedType=(None) SpeedDirection=(None)

0  : pgn=127250 line=Rx 10307588 09 f1 12 00 ff dd 3e ff 7f ff 7f fd
source=0: pgn=Vessel Heading(127250): values=Heading=(92.21 deg) Deviation=(None) Variation=(None) Reference=("1")

0  : pgn=127245 line=Rx 10307588 09 f1 0d 00 00 f8 ff 7f 00 00 ff ff
source=0: pgn=Rudder(127245): values=Instance=(0) DirectionOrder=("0") AngleOrder=(None) Position=(0.00 deg)

0  : pgn=65379  line=Rx 10307593 1c ff 63 00 3b 9f 00 00 00 00 01 ff
source=0: pgn=Seatalk: Pilot Mode(65379): values=ManufacturerCode=(1851) IndustryCode=(4) PilotMode=(0) SubMode=(0) PilotModeData=(0)

0  : pgn=65359  line=Rx 10307594 1c ff 4f 00 3b 9f ff ff ff dd 3e ff
source=0: pgn=Seatalk: Pilot Heading(65359): values=ManufacturerCode=(1851) IndustryCode=(4) HeadingTrue=(None) HeadingMagnetic=(92.21 deg)

3  : pgn=129029 line=Tx 10307595 0d f8 05 03 20 2b 72 06 40 9e 59 0e
3  : pgn=129029 line=Tx 10307595 0d f8 05 03 21 2c 00 d8 1c cb 36 e1
3  : pgn=129029 line=Tx 10307595 0d f8 05 03 22 9e 06 00 48 0e f5 10
3  : pgn=129029 line=Tx 10307595 0d f8 05 03 23 46 00 ef ff ff ff ff
3  : pgn=129029 line=Tx 10307595 0d f8 05 03 24 ff ff ff 7f 23 fc 09
3  : pgn=129029 line=Tx 10307595 0d f8 05 03 25 54 00 ff 7f ff ff ff
3  : pgn=129029 line=Tx 10307595 0d f8 05 03 26 7f 00 ff ff ff ff ff
3  : pgn=129025 line=Tx 10307595 09 f8 01 03 fc 73 6f 1c 54 7a fd b6
source=3: pgn=Position, Rapid Update(129025): values=Latitude=(47.7066236 deg) Longitude=(-122.490206 deg)

3  : pgn=129033 line=Tx 10307595 0d f8 09 03 06 40 9e 59 0e 2c 5c fe
source=3: pgn=Time & Date(129033): values=Date=(16390 d) Time=(73913.795 s) LocalOffset=(-25200.0 s)

0  : pgn=126975 line=Rx 10307600 1d ef ff 00 a0 0d 3b 9f f0 81 84 16
0  : pgn=126975 line=Rx 10307602 1d ef ff 00 a1 41 04 00 00 00 02 05
1  : pgn=59908  line=Rx 10307646 18 ea 04 01 00 ee 00 00 00 00 00 00
4  : pgn=61183  line=Rx 10307647 18 ee ff 04 3d 83 6c e7 1c 96 a0 c0
32 : pgn=128259 line=Rx 10307657 09 f5 03 20 5b 29 01 ff ff ff ff ff
source=32: pgn=Speed(128259): values=SpeedWaterReferenced=(2.97 m/s) SpeedGroundReferenced=(None) SpeedWaterReferencedType=(None) SpeedDirection=(None)

1  : pgn=129038 line=Rx 10307678 11 f8 0e 01 e0 1b c1 82 40 e1 15 07
1  : pgn=129038 line=Rx 10307679 11 f8 0e 01 e1 5f 0e b7 0a e5 63 1c
1  : pgn=129038 line=Rx 10307679 11 f8 0e 01 e2 d4 1c 11 00 00 00 00
1  : pgn=129038 line=Rx 10307680 11 f8 0e 01 e3 00 ff ff ff 7f ff fe
0  : pgn=127250 line=Rx 10307693 09 f1 12 00 ff e9 3e ff 7f ff 7f fd
source=0: pgn=Vessel Heading(127250): values=Heading=(92.27 deg) Deviation=(None) Variation=(None) Reference=("1")

0  : pgn=127245 line=Rx 10307694 09 f1 0d 00 00 f8 ff 7f 00 00 ff ff
source=0: pgn=Rudder(127245): values=Instance=(0) DirectionOrder=("0") AngleOrder=(None) Position=(0.00 deg)

3  : pgn=129026 line=Tx 10307698 09 f8 02 03 ff fc a7 44 6f 01 ff ff
source=3: pgn=COG & SOG, Rapid Update(129026): values=COGReference=("0") COG=(100.70 deg) SOG=(3.67 m/s)

3  : pgn=129025 line=Tx 10307698 09 f8 01 03 fc 73 6f 1c 54 7a fd b6
source=3: pgn=Position, Rapid Update(129025): values=Latitude=(47.7066236 deg) Longitude=(-122.490206 deg)

3  : pgn=126992 line=Tx 10307698 0d f0 10 03 ff ff 06 40 0c 64 0e 2c
source=3: pgn=System Time(126992): values=Source=(None) Date=(16390 d) Time=(73914.062 s)

1  : pgn=129038 line=Rx 10307709 11 f8 0e 01 00 1b c1 7c ac df 15 e9
source=1: pgn=AIS Class A Position Report(129038): values=MessageID=(0) RepeatIndicator=("0") UserID=(2893857051) Longitude=(0.0 deg) Latitude=(0.0 deg) PositionAccuracy=("0") RAIM=("0") TimeStamp=("0") COG=(0.00 deg) SOG=(0.0 m/s) CommunicationState=(0) AISTransceiverinformation=("0") Heading=(0.00 deg) RateofTurn=(0.00 deg/s) NavStatus=("0") SpecialManeuverIndicator=("0") Spare=(0) SequenceID=(0)

1  : pgn=129038 line=Rx 10307710 11 f8 0e 01 01 7e 0b b7 c2 ff 7a 1c
source=1: pgn=AIS Class A Position Report(129038): values=MessageID=(1) RepeatIndicator=("0") UserID=(3266775934) Longitude=(0.0 deg) Latitude=(0.0 deg) PositionAccuracy=("0") RAIM=("0") TimeStamp=("0") COG=(0.00 deg) SOG=(0.0 m/s) CommunicationState=(0) AISTransceiverinformation=("0") Heading=(0.00 deg) RateofTurn=(0.00 deg/s) NavStatus=("0") SpecialManeuverIndicator=("0") Spare=(0) SequenceID=(0)

1  : pgn=129038 line=Rx 10307711 11 f8 0e 01 02 d4 0e 99 05 00 00 00
source=1: pgn=AIS Class A Position Report(129038): values=MessageID=(2) RepeatIndicator=("0") UserID=(93916884) Longitude=(0.0 deg) Latitude=(0.0 deg) PositionAccuracy=("0") RAIM=("0") TimeStamp=("0") COG=(0.00 deg) SOG=(0.0 m/s) CommunicationState=(0) AISTransceiverinformation=("0") Heading=(0.00 deg) RateofTurn=(0.00 deg/s) NavStatus=("0") SpecialManeuverIndicator=("0") Spare=(0) SequenceID=(0)

1  : pgn=129038 line=Rx 10307711 11 f8 0e 01 03 00 ff ff ff 7f f0 fe
source=1: pgn=AIS Class A Position Report(129038): values=MessageID=(3) RepeatIndicator=("0") UserID=(4294967040) Longitude=(0.0 deg) Latitude=(0.0 deg) PositionAccuracy=("0") RAIM=("0") TimeStamp=("0") COG=(0.00 deg) SOG=(0.0 m/s) CommunicationState=(0) AISTransceiverinformation=("0") Heading=(0.00 deg) RateofTurn=(0.00 deg/s) NavStatus=("0") SpecialManeuverIndicator=("0") Spare=(0) SequenceID=(0)

0  : pgn=65359  line=Rx 10307711 1c ff 4f 00 3b 9f ff ff ff e9 3e ff
source=0: pgn=Seatalk: Pilot Heading(65359): values=ManufacturerCode=(1851) IndustryCode=(4) HeadingTrue=(None) HeadingMagnetic=(92.27 deg)

0  : pgn=126975 line=Rx 10307715 1d ef ff 00 c0 09 3b 9f f0 81 ae 02
0  : pgn=126975 line=Rx 10307717 1d ef ff 00 c1 00 08 00 ff ff ff ff
32 : pgn=128259 line=Rx 10307755 09 f5 03 20 5c 25 01 ff ff ff ff ff
source=32: pgn=Speed(128259): values=SpeedWaterReferenced=(2.93 m/s) SpeedGroundReferenced=(None) SpeedWaterReferencedType=(None) SpeedDirection=(None)

0  : pgn=127250 line=Rx 10307788 09 f1 12 00 ff f0 3e ff 7f ff 7f fd
source=0: pgn=Vessel Heading(127250): values=Heading=(92.31 deg) Deviation=(None) Variation=(None) Reference=("1")

0  : pgn=127245 line=Rx 10307789 09 f1 0d 00 00 f8 ff 7f 00 00 ff ff
source=0: pgn=Rudder(127245): values=Instance=(0) DirectionOrder=("0") AngleOrder=(None) Position=(0.00 deg)

0  : pgn=65359  line=Rx 10307794 1c ff 4f 00 3b 9f ff ff ff f0 3e ff
source=0: pgn=Seatalk: Pilot Heading(65359): values=ManufacturerCode=(1851) IndustryCode=(4) HeadingTrue=(None) HeadingMagnetic=(92.31 deg)

3  : pgn=129025 line=Tx 10307799 09 f8 01 03 df 73 6f 1c 22 7b fd b6
source=3: pgn=Position, Rapid Update(129025): values=Latitude=(47.706620699999995 deg) Longitude=(-122.4901854 deg)

1  : pgn=129039 line=Rx 10307803 11 f8 0f 01 40 1a 12 a6 19 df 15 07
1  : pgn=129039 line=Rx 10307803 11 f8 0f 01 41 5f 0e b7 07 e8 67 1c
1  : pgn=129039 line=Rx 10307804 11 f8 0f 01 42 d6 66 84 00 00 03 00
1  : pgn=129039 line=Rx 10307805 11 f8 0f 01 43 08 ff ff 00 fc ff ff
1  : pgn=129041 line=Rx 10307806 11 f8 11 01 c0 30 15 76 89 3a 3b ed
1  : pgn=129041 line=Rx 10307806 11 f8 11 01 c1 61 e3 b6 67 78 ad 1c
1  : pgn=129041 line=Rx 10307806 11 f8 11 01 c2 f4 00 00 00 00 00 00
1  : pgn=129041 line=Rx 10307807 11 f8 11 01 c3 ff ff 52 ee ff e1 16
1  : pgn=129041 line=Rx 10307807 11 f8 11 01 c4 01 50 53 20 54 53 4c
1  : pgn=129041 line=Rx 10307808 11 f8 11 01 c5 20 53 42 20 20 20 20
1  : pgn=129041 line=Rx 10307808 11 f8 11 01 c6 20 20 20 20 20 20 20
32 : pgn=128259 line=Rx 10307854 09 f5 03 20 5d 26 01 ff ff ff ff ff
source=32: pgn=Speed(128259): values=SpeedWaterReferenced=(2.94 m/s) SpeedGroundReferenced=(None) SpeedWaterReferencedType=(None) SpeedDirection=(None)

1  : pgn=129038 line=Rx 10307863 11 f8 0e 01 20 1b c1 62 83 dc 15 c8
1  : pgn=129038 line=Rx 10307864 11 f8 0e 01 21 e7 f9 b6 ca 4d 62 1c
1  : pgn=129038 line=Rx 10307864 11 f8 0e 01 22 d9 64 d2 00 00 00 00
1  : pgn=129038 line=Rx 10307865 11 f8 0e 01 23 00 7c ca 00 00 ff fe
0  : pgn=127250 line=Rx 10307888 09 f1 12 00 ff 04 3f ff 7f ff 7f fd
source=0: pgn=Vessel Heading(127250): values=Heading=(92.43 deg) Deviation=(None) Variation=(None) Reference=("1")

0  : pgn=127245 line=Rx 10307889 09 f1 0d 00 00 f8 ff 7f 00 00 ff ff
source=0: pgn=Rudder(127245): values=Instance=(0) DirectionOrder=("0") AngleOrder=(None) Position=(0.00 deg)

0  : pgn=65359  line=Rx 10307895 1c ff 4f 00 3b 9f ff ff ff 04 3f ff
source=0: pgn=Seatalk: Pilot Heading(65359): values=ManufacturerCode=(1851) IndustryCode=(4) HeadingTrue=(None) HeadingMagnetic=(92.43 deg)

3  : pgn=129026 line=Tx 10307899 09 f8 02 03 ff fc b9 44 6f 01 ff ff
source=3: pgn=COG & SOG, Rapid Update(129026): values=COGReference=("0") COG=(100.80 deg) SOG=(3.67 m/s)

3  : pgn=129025 line=Tx 10307899 09 f8 01 03 df 73 6f 1c 22 7b fd b6
source=3: pgn=Position, Rapid Update(129025): values=Latitude=(47.706620699999995 deg) Longitude=(-122.4901854 deg)

3  : pgn=129291 line=Tx 10307899 0d f9 0b 03 ff fc 1b 30 4d 00 ff ff
source=3: pgn=Set & Drift, Rapid Update(129291): values=SetReference=("0") Set=(70.56 deg) Drift=(0.77 m/s)

32 : pgn=128259 line=Rx 10307954 09 f5 03 20 5e 27 01 ff ff ff ff ff
source=32: pgn=Speed(128259): values=SpeedWaterReferenced=(2.95 m/s) SpeedGroundReferenced=(None) SpeedWaterReferencedType=(None) SpeedDirection=(None)

0  : pgn=127250 line=Rx 10307988 09 f1 12 00 ff 0e 3f ff 7f ff 7f fd
source=0: pgn=Vessel Heading(127250): values=Heading=(92.49 deg) Deviation=(None) Variation=(None) Reference=("1")

0  : pgn=127245 line=Rx 10307988 09 f1 0d 00 00 f8 ff 7f 00 00 ff ff
source=0: pgn=Rudder(127245): values=Instance=(0) DirectionOrder=("0") AngleOrder=(None) Position=(0.00 deg)

0  : pgn=65359  line=Rx 10307993 1c ff 4f 00 3b 9f ff ff ff 0e 3f ff
source=0: pgn=Seatalk: Pilot Heading(65359): values=ManufacturerCode=(1851) IndustryCode=(4) HeadingTrue=(None) HeadingMagnetic=(92.49 deg)

3  : pgn=129025 line=Tx 10307999 09 f8 01 03 d6 73 6f 1c 73 7b fd b6
source=3: pgn=Position, Rapid Update(129025): values=Latitude=(47.7066198 deg) Longitude=(-122.4901773 deg)

1  : pgn=129038 line=Rx 10308045 11 f8 0e 01 40 1b c1 8c a9 e6 15 89
1  : pgn=129038 line=Rx 10308045 11 f8 0e 01 41 ba 14 b7 8b ba 56 1c
1  : pgn=129038 line=Rx 10308046 11 f8 0e 01 42 d4 11 12 00 00 00 00
1  : pgn=129038 line=Rx 10308046 11 f8 0e 01 43 00 ff ff ff 7f f0 fe
32 : pgn=128259 line=Rx 10308053 09 f5 03 20 5f 2b 01 ff ff ff ff ff
source=32: pgn=Speed(128259): values=SpeedWaterReferenced=(2.99 m/s) SpeedGroundReferenced=(None) SpeedWaterReferencedType=(None) SpeedDirection=(None)

0  : pgn=127250 line=Rx 10308088 09 f1 12 00 ff 20 3f ff 7f ff 7f fd
source=0: pgn=Vessel Heading(127250): values=Heading=(92.59 deg) Deviation=(None) Variation=(None) Reference=("1")

0  : pgn=127245 line=Rx 10308088 09 f1 0d 00 00 f8 ff 7f 00 00 ff ff
source=0: pgn=Rudder(127245): values=Instance=(0) DirectionOrder=("0") AngleOrder=(None) Position=(0.00 deg)

0  : pgn=65359  line=Rx 10308095 1c ff 4f 00 3b 9f ff ff ff 20 3f ff
source=0: pgn=Seatalk: Pilot Heading(65359): values=ManufacturerCode=(1851) IndustryCode=(4) HeadingTrue=(None) HeadingMagnetic=(92.59 deg)

0  : pgn=126975 line=Rx 10308097 1d ef ff 00 e0 08 3b 9f f0 81 9c 51
0  : pgn=126975 line=Rx 10308099 1d ef ff 00 e1 01 00 ff ff ff ff ff
3  : pgn=129026 line=Tx 10308099 09 f8 02 03 ff fc a7 44 6f 01 ff ff
source=3: pgn=COG & SOG, Rapid Update(129026): values=COGReference=("0") COG=(100.70 deg) SOG=(3.67 m/s)

3  : pgn=130577 line=Tx 10308100 0d fe 11 03 40 0e c0 73 a7 44 6f 01
3  : pgn=130577 line=Tx 10308100 0d fe 11 03 41 ff ff ff ff 1b 30 4d
3  : pgn=130577 line=Tx 10308100 0d fe 11 03 42 00 ff ff ff ff ff ff
3  : pgn=129025 line=Tx 10308100 09 f8 01 03 d6 73 6f 1c 73 7b fd b6
3  : pgn=130306 line=Tx 10308100 09 fd 02 03 ff 37 03 88 cc fa ff ff
source=3: pgn=Wind Data(130306): values=WindSpeed=(8.23 m/s) WindAngle=(300.00 deg) Reference=("2")

32 : pgn=128259 line=Rx 10308153 09 f5 03 20 60 2b 01 ff ff ff ff ff
source=32: pgn=Speed(128259): values=SpeedWaterReferenced=(2.99 m/s) SpeedGroundReferenced=(None) SpeedWaterReferencedType=(None) SpeedDirection=(None)

0  : pgn=127250 line=Rx 10308188 09 f1 12 00 ff 27 3f ff 7f ff 7f fd
source=0: pgn=Vessel Heading(127250): values=Heading=(92.63 deg) Deviation=(None) Variation=(None) Reference=("1")

0  : pgn=127245 line=Rx 10308189 09 f1 0d 00 00 f8 ff 7f 00 00 ff ff
source=0: pgn=Rudder(127245): values=Instance=(0) DirectionOrder=("0") AngleOrder=(None) Position=(0.00 deg)

0  : pgn=65359  line=Rx 10308193 1c ff 4f 00 3b 9f ff ff ff 27 3f ff
source=0: pgn=Seatalk: Pilot Heading(65359): values=ManufacturerCode=(1851) IndustryCode=(4) HeadingTrue=(None) HeadingMagnetic=(92.63 deg)

3  : pgn=129283 line=Tx 10308200 0d f9 03 03 ff 7f ff ff ff 7f ff ff
source=3: pgn=Cross Track Error(129283): values=XTEmode=(None) NavigationTerminated=("1") XTE=(None)

3  : pgn=129025 line=Tx 10308200 09 f8 01 03 d6 73 6f 1c 73 7b fd b6
source=3: pgn=Position, Rapid Update(129025): values=Latitude=(47.7066198 deg) Longitude=(-122.4901773 deg)

3  : pgn=128267 line=Tx 10308200 0d f5 0b 03 ff f0 3c 00 00 00 00 ff
source=3: pgn=Water Depth(128267): values=Depth=(156.0 m) Offset=(0.0 m) Range=(None)

1  : pgn=129041 line=Rx 10308228 11 f8 11 01 e0 30 55 75 89 3a 3b 6d
1  : pgn=129041 line=Rx 10308228 11 f8 11 01 e1 8b 0a b7 5b f8 47 1c
1  : pgn=129041 line=Rx 10308229 11 f8 11 01 e2 f4 00 00 00 00 00 00
1  : pgn=129041 line=Rx 10308230 11 f8 11 01 e3 ff ff 12 ee ff e1 16
1  : pgn=129041 line=Rx 10308230 11 f8 11 01 e4 01 50 53 20 54 53 4c
1  : pgn=129041 line=Rx 10308231 11 f8 11 01 e5 20 4c 42 20 54 41 20
1  : pgn=129041 line=Rx 10308231 11 f8 11 01 e6 20 20 20 20 20 20 20
32 : pgn=128259 line=Rx 10308254 09 f5 03 20 61 2a 01 ff ff ff ff ff
source=32: pgn=Speed(128259): values=SpeedWaterReferenced=(2.98 m/s) SpeedGroundReferenced=(None) SpeedWaterReferencedType=(None) SpeedDirection=(None)

32 : pgn=130310 line=Rx 10308257 15 fd 06 20 ba ff ff ff ff ff ff ff
source=32: pgn=Environmental Parameters (obsolete)(130310): values=WaterTemperature=(None) OutsideAmbientAirTemperature=(None) AtmosphericPressure=(None)

1  : pgn=129038 line=Rx 10308258 11 f8 0e 01 60 1b c1 0e 28 dc 15 4b
1  : pgn=129038 line=Rx 10308259 11 f8 0e 01 61 f7 01 b7 26 4c 60 1c
1  : pgn=129038 line=Rx 10308259 11 f8 0e 01 62 d9 84 38 e0 03 00 00
1  : pgn=129038 line=Rx 10308260 11 f8 0e 01 63 00 dc 35 00 00 f0 fe
32 : pgn=128275 line=Rx 10308267 19 f5 13 20 80 0e ff ff ff ff ff ff
32 : pgn=128275 line=Rx 10308272 19 f5 13 20 81 af ad 3c 00 af ad 3c
32 : pgn=128275 line=Rx 10308277 19 f5 13 20 82 00 ff ff ff ff ff ff
0  : pgn=127250 line=Rx 10308287 09 f1 12 00 ff 27 3f ff 7f ff 7f fd
source=0: pgn=Vessel Heading(127250): values=Heading=(92.63 deg) Deviation=(None) Variation=(None) Reference=("1")

0  : pgn=127245 line=Rx 10308288 09 f1 0d 00 00 f8 ff 7f 00 00 ff ff
source=0: pgn=Rudder(127245): values=Instance=(0) DirectionOrder=("0") AngleOrder=(None) Position=(0.00 deg)

1  : pgn=59936  line=Rx 10308290 18 ea 20 01 00 ee 00 00 00 00 00 00
0  : pgn=65359  line=Rx 10308296 1c ff 4f 00 3b 9f ff ff ff 27 3f ff
source=0: pgn=Seatalk: Pilot Heading(65359): values=ManufacturerCode=(1851) IndustryCode=(4) HeadingTrue=(None) HeadingMagnetic=(92.63 deg)

3  : pgn=129026 line=Tx 10308301 09 f8 02 03 ff fc a7 44 6f 01 ff ff
source=3: pgn=COG & SOG, Rapid Update(129026): values=COGReference=("0") COG=(100.70 deg) SOG=(3.67 m/s)

3  : pgn=129025 line=Tx 10308301 09 f8 01 03 c6 73 6f 1c c7 7b fd b6
source=3: pgn=Position, Rapid Update(129025): values=Latitude=(47.7066182 deg) Longitude=(-122.4901689 deg)

3  : pgn=129542 line=Tx 10308301 19 fa 06 03 40 0f 73 69 01 00 00 00
3  : pgn=129542 line=Tx 10308301 19 fa 06 03 41 00 00 00 00 00 00 00
3  : pgn=129542 line=Tx 10308301 19 fa 06 03 42 00 00 ff ff ff ff ff
3  : pgn=65364  line=Tx 10308301 1c ff 54 03 3b 9f 23 03 2b cb ff ff
32 : pgn=128259 line=Rx 10308352 09 f5 03 20 62 2b 01 ff ff ff ff ff
1  : pgn=129038 line=Rx 10308353 11 f8 0e 01 80 1b c1 58 f2 20 0d 77
1  : pgn=129038 line=Rx 10308353 11 f8 0e 01 81 88 13 b7 2f 4d 5d 1c
1  : pgn=129038 line=Rx 10308354 11 f8 0e 01 82 d4 b1 82 25 01 00 00
1  : pgn=129038 line=Rx 10308354 11 f8 0e 01 83 00 14 7c 00 00 f5 fe
0  : pgn=127250 line=Rx 10308387 09 f1 12 00 ff 2f 3f ff 7f ff 7f fd
source=0: pgn=Vessel Heading(127250): values=Heading=(92.68 deg) Deviation=(None) Variation=(None) Reference=("1")

0  : pgn=127245 line=Rx 10308388 09 f1 0d 00 00 f8 ff 7f 00 00 ff ff
source=0: pgn=Rudder(127245): values=Instance=(0) DirectionOrder=("0") AngleOrder=(None) Position=(0.00 deg)

0  : pgn=65359  line=Rx 10308393 1c ff 4f 00 3b 9f ff ff ff 2f 3f ff
source=0: pgn=Seatalk: Pilot Heading(65359): values=ManufacturerCode=(1851) IndustryCode=(4) HeadingTrue=(None) HeadingMagnetic=(92.68 deg)

3  : pgn=129540 line=Tx 10308402 19 fa 04 03 80 9f 95 ff 0d 03 97 1a
source=3: pgn=GNSS Sats in View(129540): values=RangeResidualMode=(None) SatsinView=(149) PRN=(None) Elevation=(4.47 deg) Azimuth=(39.00 deg) SNR=(0.0 dB) Rangeresiduals=(0) Status=("0")

3  : pgn=129540 line=Tx 10308402 19 fa 04 03 81 2e 26 00 00 00 00 00
source=3: pgn=GNSS Sats in View(129540): values=RangeResidualMode=("0") SatsinView=(38) PRN=(0) Elevation=(0.00 deg) Azimuth=(0.00 deg) SNR=(0.0 dB) Rangeresiduals=(0) Status=("0")

3  : pgn=129540 line=Tx 10308402 19 fa 04 03 82 00 f3 0f ff 1d 5c 3d
source=3: pgn=GNSS Sats in View(129540): values=RangeResidualMode=("0") SatsinView=(243) PRN=(15) Elevation=(44.00 deg) Azimuth=(90.00 deg) SNR=(0.0 dB) Rangeresiduals=(0) Status=("0")

3  : pgn=129540 line=Tx 10308402 19 fa 04 03 83 e4 0c 00 00 00 00 f5
source=3: pgn=GNSS Sats in View(129540): values=RangeResidualMode=("0") SatsinView=(12) PRN=(0) Elevation=(0.00 deg) Azimuth=(359.36 deg) SNR=(0.0 dB) Rangeresiduals=(0) Status=("0")

3  : pgn=129540 line=Tx 10308402 19 fa 04 03 84 10 17 13 71 b9 54 0b
source=3: pgn=GNSS Sats in View(129540): values=RangeResidualMode=("0") SatsinView=(23) PRN=(19) Elevation=(-103.49 deg) Azimuth=(16.62 deg) SNR=(0.0 dB) Rangeresiduals=(0) Status=("0")

3  : pgn=129540 line=Tx 10308402 19 fa 04 03 85 00 00 00 00 f5 12 c5
source=3: pgn=GNSS Sats in View(129540): values=RangeResidualMode=("0") SatsinView=(0) PRN=(0) Elevation=(-16.13 deg) Azimuth=(289.06 deg) SNR=(0.0 dB) Rangeresiduals=(0) Status=("0")

3  : pgn=129540 line=Tx 10308402 19 fa 04 03 86 31 f2 93 80 0c 00 00
source=3: pgn=GNSS Sats in View(129540): values=RangeResidualMode=("1") SatsinView=(242) PRN=(147) Elevation=(18.33 deg) Azimuth=(0.00 deg) SNR=(0.0 dB) Rangeresiduals=(0) Status=("0")

3  : pgn=129540 line=Tx 10308402 19 fa 04 03 87 00 00 f5 13 69 03 1f
source=3: pgn=GNSS Sats in View(129540): values=RangeResidualMode=("0") SatsinView=(0) PRN=(245) Elevation=(154.12 deg) Azimuth=(45.49 deg) SNR=(0.0 dB) Rangeresiduals=(0) Status=("0")

3  : pgn=129540 line=Tx 10308402 19 fa 04 03 88 d8 04 10 00 00 00 00
source=3: pgn=GNSS Sats in View(129540): values=RangeResidualMode=("0") SatsinView=(4) PRN=(16) Elevation=(0.00 deg) Azimuth=(0.00 deg) SNR=(0.0 dB) Rangeresiduals=(0) Status=("0")

3  : pgn=129540 line=Tx 10308402 19 fa 04 03 89 f5 15 e8 37 ba 20 e4
source=3: pgn=GNSS Sats in View(129540): values=RangeResidualMode=("1") SatsinView=(21) PRN=(232) Elevation=(-102.36 deg) Azimuth=(334.61 deg) SNR=(0.0 dB) Rangeresiduals=(0) Status=("0")

3  : pgn=129540 line=Tx 10308402 19 fa 04 03 8a 0c 00 00 00 00 f5 16
source=3: pgn=GNSS Sats in View(129540): values=RangeResidualMode=("0") SatsinView=(0) PRN=(0) Elevation=(0.00 deg) Azimuth=(33.67 deg) SNR=(0.0 dB) Rangeresiduals=(0) Status=("0")

3  : pgn=129540 line=Tx 10308403 19 fa 04 03 8b d1 15 cf 9c 3c 0f 00
source=3: pgn=GNSS Sats in View(129540): values=RangeResidualMode=("1") SatsinView=(21) PRN=(207) Elevation=(88.90 deg) Azimuth=(0.09 deg) SNR=(0.0 dB) Rangeresiduals=(0) Status=("0")

3  : pgn=129540 line=Tx 10308404 19 fa 04 03 8c 00 00 00 f5 1a ae 0f
source=3: pgn=GNSS Sats in View(129540): values=RangeResidualMode=("0") SatsinView=(0) PRN=(0) Elevation=(39.54 deg) Azimuth=(23.00 deg) SNR=(0.0 dB) Rangeresiduals=(0) Status=("0")

3  : pgn=129540 line=Tx 10308404 19 fa 04 03 8d 5d 1f c4 09 00 00 00
source=3: pgn=GNSS Sats in View(129540): values=RangeResidualMode=("1") SatsinView=(31) PRN=(196) Elevation=(0.05 deg) Azimuth=(0.00 deg) SNR=(0.0 dB) Rangeresiduals=(0) Status=("0")

3  : pgn=129540 line=Tx 10308405 19 fa 04 03 8e 00 f5 1b d1 15 ab d2
source=3: pgn=GNSS Sats in View(129540): values=RangeResidualMode=("0") SatsinView=(245) PRN=(27) Elevation=(32.00 deg) Azimuth=(309.00 deg) SNR=(0.0 dB) Rangeresiduals=(0) Status=("0")

3  : pgn=129540 line=Tx 10308406 19 fa 04 03 8f 74 0e 00 00 00 00 f5
source=3: pgn=GNSS Sats in View(129540): values=RangeResidualMode=("0") SatsinView=(14) PRN=(0) Elevation=(0.00 deg) Azimuth=(359.36 deg) SNR=(0.0 dB) Rangeresiduals=(0) Status=("0")

3  : pgn=129540 line=Tx 10308406 19 fa 04 03 90 1d 00 0f a1 67 e4 0c
source=3: pgn=GNSS Sats in View(129540): values=RangeResidualMode=("1") SatsinView=(0) PRN=(15) Elevation=(152.00 deg) Azimuth=(18.91 deg) SNR=(0.0 dB) Rangeresiduals=(0) Status=("0")

4  : pgn=65384  line=Rx 10308407 1c ff 68 04 3b 9f 00 00 00 00 00 00
3  : pgn=129540 line=Tx 10308408 19 fa 04 03 91 00 00 00 00 f5 23 d1
source=3: pgn=GNSS Sats in View(129540): values=RangeResidualMode=("0") SatsinView=(0) PRN=(0) Elevation=(-16.13 deg) Azimuth=(306.76 deg) SNR=(0.0 dB) Rangeresiduals=(0) Status=("0")

3  : pgn=129540 line=Tx 10308409 19 fa 04 03 92 15 c3 8b 00 00 00 00
source=3: pgn=GNSS Sats in View(129540): values=RangeResidualMode=("1") SatsinView=(195) PRN=(139) Elevation=(0.00 deg) Azimuth=(0.00 deg) SNR=(0.0 dB) Rangeresiduals=(0) Status=("0")

3  : pgn=129540 line=Tx 10308410 19 fa 04 03 93 00 00 f3 30 2e 17 43
source=3: pgn=GNSS Sats in View(129540): values=RangeResidualMode=("0") SatsinView=(0) PRN=(243) Elevation=(67.75 deg) Azimuth=(98.41 deg) SNR=(0.0 dB) Rangeresiduals=(0) Status=("0")

3  : pgn=129540 line=Tx 10308410 19 fa 04 03 94 84 a0 0f 00 00 00 00
source=3: pgn=GNSS Sats in View(129540): values=RangeResidualMode=("0") SatsinView=(160) PRN=(15) Elevation=(0.00 deg) Azimuth=(0.00 deg) SNR=(0.0 dB) Rangeresiduals=(0) Status=("0")

3  : pgn=129540 line=Tx 10308411 19 fa 04 03 95 f5 33 80 16 67 6c d8
source=3: pgn=GNSS Sats in View(129540): values=RangeResidualMode=("1") SatsinView=(51) PRN=(128) Elevation=(151.20 deg) Azimuth=(317.44 deg) SNR=(0.0 dB) Rangeresiduals=(0) Status=("0")

3  : pgn=129540 line=Tx 10308412 19 fa 04 03 96 0e 00 00 00 00 f5 ff
source=3: pgn=GNSS Sats in View(129540): values=RangeResidualMode=("0") SatsinView=(0) PRN=(0) Elevation=(0.00 deg) Azimuth=(375.43 deg) SNR=(0.0 dB) Rangeresiduals=(0) Status=("0")

3  : pgn=129025 line=Tx 10308412 09 f8 01 03 c6 73 6f 1c c7 7b fd b6
source=3: pgn=Position, Rapid Update(129025): values=Latitude=(47.7066182 deg) Longitude=(-122.4901689 deg)

3  : pgn=127258 line=Tx 10308414 19 f1 1a 03 ff f6 12 39 fa 0a ff ff
source=3: pgn=Magnetic Variation(127258): values=Source=("6") Ageofservice=(14610 d) Variation=(16.10 deg)

1  : pgn=129038 line=Rx 10308443 11 f8 0e 01 a0 1b c1 0e 44 de 15 06
1  : pgn=129038 line=Rx 10308444 11 f8 0e 01 a1 24 10 b7 c5 65 5d 1c
1  : pgn=129038 line=Rx 10308444 11 f8 0e 01 a2 de 11 00 00 00 00 00
1  : pgn=129038 line=Rx 10308445 11 f8 0e 01 a3 00 9e df 00 00 ff fe
32 : pgn=128259 line=Rx 10308451 09 f5 03 20 63 2b 01 ff ff ff ff ff
source=32: pgn=Speed(128259): values=SpeedWaterReferenced=(2.99 m/s) SpeedGroundReferenced=(None) SpeedWaterReferencedType=(None) SpeedDirection=(None)

0  : pgn=127250 line=Rx 10308488 09 f1 12 00 ff 36 3f ff 7f ff 7f fd
source=0: pgn=Vessel Heading(127250): values=Heading=(92.72 deg) Deviation=(None) Variation=(None) Reference=("1")

0  : pgn=127245 line=Rx 10308492 09 f1 0d 00 00 f8 ff 7f 00 00 ff ff
source=0: pgn=Rudder(127245): values=Instance=(0) DirectionOrder=("0") AngleOrder=(None) Position=(0.00 deg)

0  : pgn=65359  line=Rx 10308495 1c ff 4f 00 3b 9f ff ff ff 36 3f ff
source=0: pgn=Seatalk: Pilot Heading(65359): values=ManufacturerCode=(1851) IndustryCode=(4) HeadingTrue=(None) HeadingMagnetic=(92.72 deg)

3  : pgn=129026 line=Tx 10308502 09 f8 02 03 ff fc a7 44 6f 01 ff ff
source=3: pgn=COG & SOG, Rapid Update(129026): values=COGReference=("0") COG=(100.70 deg) SOG=(3.67 m/s)

3  : pgn=129025 line=Tx 10308502 09 f8 01 03 c6 73 6f 1c c7 7b fd b6
source=3: pgn=Position, Rapid Update(129025): values=Latitude=(47.7066182 deg) Longitude=(-122.4901689 deg)

32 : pgn=128259 line=Rx 10308551 09 f5 03 20 64 2d 01 ff ff ff ff ff
source=32: pgn=Speed(128259): values=SpeedWaterReferenced=(3.0100000000000002 m/s) SpeedGroundReferenced=(None) SpeedWaterReferencedType=(None) SpeedDirection=(None)

0  : pgn=127250 line=Rx 10308587 09 f1 12 00 ff 49 3f ff 7f ff 7f fd
source=0: pgn=Vessel Heading(127250): values=Heading=(92.82 deg) Deviation=(None) Variation=(None) Reference=("1")

0  : pgn=127245 line=Rx 10308588 09 f1 0d 00 00 f8 ff 7f 00 00 ff ff
source=0: pgn=Rudder(127245): values=Instance=(0) DirectionOrder=("0") AngleOrder=(None) Position=(0.00 deg)

0  : pgn=65379  line=Rx 10308592 1c ff 63 00 3b 9f 00 00 00 00 01 ff
source=0: pgn=Seatalk: Pilot Mode(65379): values=ManufacturerCode=(1851) IndustryCode=(4) PilotMode=(0) SubMode=(0) PilotModeData=(0)

0  : pgn=65359  line=Rx 10308593 1c ff 4f 00 3b 9f ff ff ff 49 3f ff
source=0: pgn=Seatalk: Pilot Heading(65359): values=ManufacturerCode=(1851) IndustryCode=(4) HeadingTrue=(None) HeadingMagnetic=(92.82 deg)

1  : pgn=129038 line=Rx 10308597 11 f8 0e 01 c0 1b c1 25 49 e5 15 42
1  : pgn=129038 line=Rx 10308597 11 f8 0e 01 c1 2d 0e b7 32 12 68 1c
1  : pgn=129038 line=Rx 10308598 11 f8 0e 01 c2 de 48 bb 00 00 00 00
1  : pgn=129038 line=Rx 10308598 11 f8 0e 01 c3 00 ff ff ff 7f f0 fe
0  : pgn=126975 line=Rx 10308599 1d ef ff 00 00 0d 3b 9f f0 81 84 96
0  : pgn=126975 line=Rx 10308600 1d ef ff 00 01 41 06 00 00 00 02 05
3  : pgn=129029 line=Tx 10308602 0d f8 05 03 40 2b 73 06 40 b0 88 0e
3  : pgn=129029 line=Tx 10308602 0d f8 05 03 41 2c 00 5a ed 77 23 e1
3  : pgn=129029 line=Tx 10308603 0d f8 05 03 42 9e 06 00 38 25 c1 8d
3  : pgn=129029 line=Tx 10308603 0d f8 05 03 43 46 00 ef ff ff ff ff
3  : pgn=129029 line=Tx 10308603 0d f8 05 03 44 ff ff ff 7f 23 fc 09
3  : pgn=129029 line=Tx 10308603 0d f8 05 03 45 54 00 ff 7f ff ff ff
3  : pgn=129029 line=Tx 10308603 0d f8 05 03 46 7f 00 ff ff ff ff ff
3  : pgn=129025 line=Tx 10308603 09 f8 01 03 a9 73 6f 1c 6c 7c fd b6
source=3: pgn=Position, Rapid Update(129025): values=Latitude=(47.706615299999996 deg) Longitude=(-122.4901524 deg)

3  : pgn=129033 line=Tx 10308603 0d f8 09 03 06 40 b0 88 0e 2c 5c fe
source=3: pgn=Time & Date(129033): values=Date=(16390 d) Time=(73915.0 s) LocalOffset=(-25200.0 s)

32 : pgn=128259 line=Rx 10308650 09 f5 03 20 65 30 01 ff ff ff ff ff
source=32: pgn=Speed(128259): values=SpeedWaterReferenced=(3.04 m/s) SpeedGroundReferenced=(None) SpeedWaterReferencedType=(None) SpeedDirection=(None)

1  : pgn=129038 line=Rx 10308658 11 f8 0e 01 e0 1b c1 da 4c dc 15 a8
1  : pgn=129038 line=Rx 10308658 11 f8 0e 01 e1 e0 08 b7 d4 7b 5f 1c
1  : pgn=129038 line=Rx 10308659 11 f8 0e 01 e2 dd c8 b3 9d 03 00 00
1  : pgn=129038 line=Rx 10308660 11 f8 0e 01 e3 00 fc b3 00 00 ff fe
0  : pgn=127250 line=Rx 10308688 09 f1 12 00 ff 6d 3f ff 7f ff 7f fd
source=0: pgn=Vessel Heading(127250): values=Heading=(93.03 deg) Deviation=(None) Variation=(None) Reference=("1")

0  : pgn=127245 line=Rx 10308688 09 f1 0d 00 00 f8 ff 7f 00 00 ff ff
source=0: pgn=Rudder(127245): values=Instance=(0) DirectionOrder=("0") AngleOrder=(None) Position=(0.00 deg)

0  : pgn=65359  line=Rx 10308695 1c ff 4f 00 3b 9f ff ff ff 6d 3f ff
source=0: pgn=Seatalk: Pilot Heading(65359): values=ManufacturerCode=(1851) IndustryCode=(4) HeadingTrue=(None) HeadingMagnetic=(93.03 deg)

0  : pgn=126975 line=Rx 10308698 1d ef ff 00 20 09 3b 9f f0 81 ae 02
0  : pgn=126975 line=Rx 10308700 1d ef ff 00 21 00 08 00 ff ff ff ff
3  : pgn=129026 line=Tx 10308703 09 f8 02 03 ff fc 96 44 6f 01 ff ff
source=3: pgn=COG & SOG, Rapid Update(129026): values=COGReference=("0") COG=(100.60 deg) SOG=(3.67 m/s)

3  : pgn=129025 line=Tx 10308703 09 f8 01 03 a9 73 6f 1c 6c 7c fd b6
source=3: pgn=Position, Rapid Update(129025): values=Latitude=(47.706615299999996 deg) Longitude=(-122.4901524 deg)

3  : pgn=126992 line=Tx 10308703 0d f0 10 03 ff ff 06 40 b0 88 0e 2c
source=3: pgn=System Time(126992): values=Source=(None) Date=(16390 d) Time=(73915.0 s)

1  : pgn=129038 line=Rx 10308718 11 f8 0e 01 00 1b c1 7c 61 df 15 4a
source=1: pgn=AIS Class A Position Report(129038): values=MessageID=(0) RepeatIndicator=("0") UserID=(1635565851) Longitude=(0.0 deg) Latitude=(0.0 deg) PositionAccuracy=("0") RAIM=("0") TimeStamp=("0") COG=(0.00 deg) SOG=(0.0 m/s) CommunicationState=(0) AISTransceiverinformation=("0") Heading=(0.00 deg) RateofTurn=(0.00 deg/s) NavStatus=("0") SpecialManeuverIndicator=("0") Spare=(0) SequenceID=(0)

1  : pgn=129038 line=Rx 10308719 11 f8 0e 01 01 65 0f b7 9f 61 68 1c
source=1: pgn=AIS Class A Position Report(129038): values=MessageID=(1) RepeatIndicator=("0") UserID=(2679574373) Longitude=(0.0 deg) Latitude=(0.0 deg) PositionAccuracy=("0") RAIM=("0") TimeStamp=("0") COG=(0.00 deg) SOG=(0.0 m/s) CommunicationState=(0) AISTransceiverinformation=("0") Heading=(0.00 deg) RateofTurn=(0.00 deg/s) NavStatus=("0") SpecialManeuverIndicator=("0") Spare=(0) SequenceID=(0)

1  : pgn=129038 line=Rx 10308719 11 f8 0e 01 02 d8 1c 08 00 00 00 00
source=1: pgn=AIS Class A Position Report(129038): values=MessageID=(2) RepeatIndicator=("0") UserID=(531672) Longitude=(0.0 deg) Latitude=(0.0 deg) PositionAccuracy=("0") RAIM=("0") TimeStamp=("0") COG=(0.00 deg) SOG=(0.0 m/s) CommunicationState=(0) AISTransceiverinformation=("0") Heading=(0.00 deg) RateofTurn=(0.00 deg/s) NavStatus=("0") SpecialManeuverIndicator=("0") Spare=(0) SequenceID=(0)

1  : pgn=129038 line=Rx 10308720 11 f8 0e 01 03 00 ff ff ff 7f f0 fe
source=1: pgn=AIS Class A Position Report(129038): values=MessageID=(3) RepeatIndicator=("0") UserID=(4294967040) Longitude=(0.0 deg) Latitude=(0.0 deg) PositionAccuracy=("0") RAIM=("0") TimeStamp=("0") COG=(0.00 deg) SOG=(0.0 m/s) CommunicationState=(0) AISTransceiverinformation=("0") Heading=(0.00 deg) RateofTurn=(0.00 deg/s) NavStatus=("0") SpecialManeuverIndicator=("0") Spare=(0) SequenceID=(0)

32 : pgn=128259 line=Rx 10308750 09 f5 03 20 66 30 01 ff ff ff ff ff
source=32: pgn=Speed(128259): values=SpeedWaterReferenced=(3.04 m/s) SpeedGroundReferenced=(None) SpeedWaterReferencedType=(None) SpeedDirection=(None)

0  : pgn=127250 line=Rx 10308787 09 f1 12 00 ff 84 3f ff 7f ff 7f fd
source=0: pgn=Vessel Heading(127250): values=Heading=(93.16 deg) Deviation=(None) Variation=(None) Reference=("1")

0  : pgn=127245 line=Rx 10308788 09 f1 0d 00 00 f8 ff 7f 00 00 ff ff
source=0: pgn=Rudder(127245): values=Instance=(0) DirectionOrder=("0") AngleOrder=(None) Position=(0.00 deg)

0  : pgn=65359  line=Rx 10308794 1c ff 4f 00 3b 9f ff ff ff 84 3f ff
source=0: pgn=Seatalk: Pilot Heading(65359): values=ManufacturerCode=(1851) IndustryCode=(4) HeadingTrue=(None) HeadingMagnetic=(93.16 deg)

3  : pgn=129025 line=Tx 10308804 09 f8 01 03 98 73 6f 1c c2 7c fd b6
source=3: pgn=Position, Rapid Update(129025): values=Latitude=(47.7066136 deg) Longitude=(-122.4901438 deg)

1  : pgn=129039 line=Rx 10308813 11 f8 0f 01 60 1a 12 10 94 d2 15 1d
1  : pgn=129039 line=Rx 10308813 11 f8 0f 01 61 f6 08 b7 0a a2 80 1c
1  : pgn=129039 line=Rx 10308814 11 f8 0f 01 62 db da 92 b5 01 03 00
1  : pgn=129039 line=Rx 10308815 11 f8 0f 01 63 08 ff ff 00 fc ff ff
1  : pgn=129038 line=Rx 10308841 11 f8 0e 01 20 1b c1 44 d6 e0 15 4f
1  : pgn=129038 line=Rx 10308841 11 f8 0e 01 21 e9 0c b7 da 55 69 1c
1  : pgn=129038 line=Rx 10308842 11 f8 0e 01 22 da 25 ca 00 00 00 00
1  : pgn=129038 line=Rx 10308843 11 f8 0e 01 23 00 ff ff ff 7f f0 fe
32 : pgn=128259 line=Rx 10308849 09 f5 03 20 67 2f 01 ff ff ff ff ff
source=32: pgn=Speed(128259): values=SpeedWaterReferenced=(3.0300000000000002 m/s) SpeedGroundReferenced=(None) SpeedWaterReferencedType=(None) SpeedDirection=(None)

0  : pgn=127250 line=Rx 10308887 09 f1 12 00 ff b2 3f ff 7f ff 7f fd
source=0: pgn=Vessel Heading(127250): values=Heading=(93.43 deg) Deviation=(None) Variation=(None) Reference=("1")

0  : pgn=127245 line=Rx 10308888 09 f1 0d 00 00 f8 ff 7f 00 00 ff ff
source=0: pgn=Rudder(127245): values=Instance=(0) DirectionOrder=("0") AngleOrder=(None) Position=(0.00 deg)

0  : pgn=65359  line=Rx 10308895 1c ff 4f 00 3b 9f ff ff ff b2 3f ff
source=0: pgn=Seatalk: Pilot Heading(65359): values=ManufacturerCode=(1851) IndustryCode=(4) HeadingTrue=(None) HeadingMagnetic=(93.43 deg)

3  : pgn=129026 line=Tx 10308904 09 f8 02 03 ff fc 85 44 6e 01 ff ff
source=3: pgn=COG & SOG, Rapid Update(129026): values=COGReference=("0") COG=(100.50 deg) SOG=(3.66 m/s)

3  : pgn=129025 line=Tx 10308904 09 f8 01 03 98 73 6f 1c c2 7c fd b6
source=3: pgn=Position, Rapid Update(129025): values=Latitude=(47.7066136 deg) Longitude=(-122.4901438 deg)

3  : pgn=129291 line=Tx 10308904 0d f9 0b 03 ff fc c6 2f 52 00 ff ff
source=3: pgn=Set & Drift, Rapid Update(129291): values=SetReference=("0") Set=(70.07 deg) Drift=(0.8200000000000001 m/s)

3  : pgn=129044 line=Tx 10308904 19 f8 14 03 e0 14 57 38 34 00 00 00
3  : pgn=129044 line=Tx 10308904 19 f8 14 03 e1 00 00 00 00 00 00 00
3  : pgn=129044 line=Tx 10308904 19 f8 14 03 e2 00 00 00 57 38 34 00
32 : pgn=128259 line=Rx 10308949 09 f5 03 20 68 2c 01 ff ff ff ff ff
source=32: pgn=Speed(128259): values=SpeedWaterReferenced=(3.0 m/s) SpeedGroundReferenced=(None) SpeedWaterReferencedType=(None) SpeedDirection=(None)

0  : pgn=127250 line=Rx 10308988 09 f1 12 00 ff cd 3f ff 7f ff 7f fd
source=0: pgn=Vessel Heading(127250): values=Heading=(93.58 deg) Deviation=(None) Variation=(None) Reference=("1")

0  : pgn=127245 line=Rx 10308989 09 f1 0d 00 00 f8 ff 7f 00 00 ff ff
source=0: pgn=Rudder(127245): values=Instance=(0) DirectionOrder=("0") AngleOrder=(None) Position=(0.00 deg)

0  : pgn=65359  line=Rx 10308993 1c ff 4f 00 3b 9f ff ff ff cd 3f ff
source=0: pgn=Seatalk: Pilot Heading(65359): values=ManufacturerCode=(1851) IndustryCode=(4) HeadingTrue=(None) HeadingMagnetic=(93.58 deg)

3  : pgn=129025 line=Tx 10309004 09 f8 01 03 98 73 6f 1c c2 7c fd b6
32 : pgn=128259 line=Rx 10309048 09 f5 03 20 69 29 01 ff ff ff ff ff
source=32: pgn=Speed(128259): values=SpeedWaterReferenced=(2.97 m/s) SpeedGroundReferenced=(None) SpeedWaterReferencedType=(None) SpeedDirection=(None)

4  : pgn=126975 line=Rx 10309066 1d ef ff 04 c0 07 3b 9f f0 81 90 00
4  : pgn=126975 line=Rx 10309066 1d ef ff 04 c1 03 ff ff ff ff ff ff
0  : pgn=127250 line=Rx 10309087 09 f1 12 00 ff f8 3f ff 7f ff 7f fd
source=0: pgn=Vessel Heading(127250): values=Heading=(93.83 deg) Deviation=(None) Variation=(None) Reference=("1")

0  : pgn=127245 line=Rx 10309088 09 f1 0d 00 00 f8 ff 7f 00 00 ff ff
source=0: pgn=Rudder(127245): values=Instance=(0) DirectionOrder=("0") AngleOrder=(None) Position=(0.00 deg)

0  : pgn=65359  line=Rx 10309094 1c ff 4f 00 3b 9f ff ff ff f8 3f ff
source=0: pgn=Seatalk: Pilot Heading(65359): values=ManufacturerCode=(1851) IndustryCode=(4) HeadingTrue=(None) HeadingMagnetic=(93.83 deg)

0  : pgn=126975 line=Rx 10309097 1d ef ff 00 40 08 3b 9f f0 81 9c 11
0  : pgn=126975 line=Rx 10309099 1d ef ff 00 41 02 00 ff ff ff ff ff
3  : pgn=129026 line=Tx 10309104 09 f8 02 03 ff fc 85 44 6e 01 ff ff
source=3: pgn=COG & SOG, Rapid Update(129026): values=COGReference=("0") COG=(100.50 deg) SOG=(3.66 m/s)

3  : pgn=130577 line=Tx 10309104 0d fe 11 03 60 0e c0 74 85 44 6e 01
3  : pgn=130577 line=Tx 10309104 0d fe 11 03 61 ff ff ff ff c6 2f 52
3  : pgn=130577 line=Tx 10309104 0d fe 11 03 62 00 ff ff ff ff ff ff
3  : pgn=129025 line=Tx 10309104 09 f8 01 03 87 73 6f 1c 18 7d fd b6
3  : pgn=130306 line=Tx 10309104 09 fd 02 03 ff 23 03 2b cb fa ff ff
source=3: pgn=Wind Data(130306): values=WindSpeed=(8.03 m/s) WindAngle=(298.00 deg) Reference=("2")

1  : pgn=129038 line=Rx 10309113 11 f8 0e 01 40 1b c3 fa 89 e8 15 24
1  : pgn=129038 line=Rx 10309114 11 f8 0e 01 41 7d 13 b7 29 68 60 1c
1  : pgn=129038 line=Rx 10309114 11 f8 0e 01 42 d8 d9 d7 7c 01 00 00
1  : pgn=129038 line=Rx 10309115 11 f8 0e 01 43 00 13 d6 d2 e5 ff fe
1  : pgn=129038 line=Rx 10309145 11 f8 0e 01 60 1b c2 02 43 e6 15 c3
1  : pgn=129038 line=Rx 10309145 11 f8 0e 01 61 1d 0e b7 33 3f 68 1c
1  : pgn=129038 line=Rx 10309146 11 f8 0e 01 62 d8 00 00 00 00 00 00
1  : pgn=129038 line=Rx 10309147 11 f8 0e 01 63 00 ff ff ff 7f ff fe
32 : pgn=128259 line=Rx 10309148 09 f5 03 20 6a 2b 01 ff ff ff ff ff
source=32: pgn=Speed(128259): values=SpeedWaterReferenced=(2.99 m/s) SpeedGroundReferenced=(None) SpeedWaterReferencedType=(None) SpeedDirection=(None)

0  : pgn=127250 line=Rx 10309187 09 f1 12 00 ff 1c 40 ff 7f ff 7f fd
source=0: pgn=Vessel Heading(127250): values=Heading=(94.03 deg) Deviation=(None) Variation=(None) Reference=("1")

0  : pgn=127245 line=Rx 10309188 09 f1 0d 00 00 f8 ff 7f 00 00 ff ff
source=0: pgn=Rudder(127245): values=Instance=(0) DirectionOrder=("0") AngleOrder=(None) Position=(0.00 deg)

0  : pgn=65359  line=Rx 10309192 1c ff 4f 00 3b 9f ff ff ff 1c 40 ff
source=0: pgn=Seatalk: Pilot Heading(65359): values=ManufacturerCode=(1851) IndustryCode=(4) HeadingTrue=(None) HeadingMagnetic=(94.03 deg)

3  : pgn=129283 line=Tx 10309204 0d f9 03 03 ff 7f ff ff ff 7f ff ff
source=3: pgn=Cross Track Error(129283): values=XTEmode=(None) NavigationTerminated=("1") XTE=(None)

3  : pgn=129025 line=Tx 10309204 09 f8 01 03 87 73 6f 1c 18 7d fd b6
source=3: pgn=Position, Rapid Update(129025): values=Latitude=(47.7066119 deg) Longitude=(-122.4901352 deg)

3  : pgn=128267 line=Tx 10309204 0d f5 0b 03 ff f6 3c 00 00 00 00 ff
source=3: pgn=Water Depth(128267): values=Depth=(156.06 m) Offset=(0.0 m) Range=(None)

32 : pgn=128259 line=Rx 10309251 09 f5 03 20 6b 2a 01 ff ff ff ff ff
source=32: pgn=Speed(128259): values=SpeedWaterReferenced=(2.98 m/s) SpeedGroundReferenced=(None) SpeedWaterReferencedType=(None) SpeedDirection=(None)

32 : pgn=130310 line=Rx 10309254 15 fd 06 20 bb ff ff ff ff ff ff ff
source=32: pgn=Environmental Parameters (obsolete)(130310): values=WaterTemperature=(None) OutsideAmbientAirTemperature=(None) AtmosphericPressure=(None)

32 : pgn=128275 line=Rx 10309262 19 f5 13 20 a0 0e ff ff ff ff ff ff
32 : pgn=128275 line=Rx 10309267 19 f5 13 20 a1 af ad 3c 00 af ad 3c
32 : pgn=128275 line=Rx 10309272 19 f5 13 20 a2 00 ff ff ff ff ff ff
32 : pgn=130846 line=Rx 10309282 1d ff 1e 20 c0 0c 3b 9f 04 01 35 56
32 : pgn=130846 line=Rx 10309287 1d ff 1e 20 c1 07 09 15 00 c4 04 ff
source=32: pgn=Furuno: Motion Sensor Status Extended(130846): values=ManufacturerCode=(1985) IndustryCode=(0)

0  : pgn=127250 line=Rx 10309288 09 f1 12 00 ff 29 40 ff 7f ff 7f fd
source=0: pgn=Vessel Heading(127250): values=Heading=(94.11 deg) Deviation=(None) Variation=(None) Reference=("1")

0  : pgn=127245 line=Rx 10309289 09 f1 0d 00 00 f8 ff 7f 00 00 ff ff
source=0: pgn=Rudder(127245): values=Instance=(0) DirectionOrder=("0") AngleOrder=(None) Position=(0.00 deg)

0  : pgn=65359  line=Rx 10309296 1c ff 4f 00 3b 9f ff ff ff 29 40 ff
source=0: pgn=Seatalk: Pilot Heading(65359): values=ManufacturerCode=(1851) IndustryCode=(4) HeadingTrue=(None) HeadingMagnetic=(94.11 deg)

1  : pgn=59936  line=Rx 10309297 18 ea 20 01 00 ee 00 00 00 00 00 00
1  : pgn=129038 line=Rx 10309297 11 f8 0e 01 80 1b c1 8a ff e7 15 7b
1  : pgn=129038 line=Rx 10309298 11 f8 0e 01 81 66 0e b7 e5 30 68 1c
1  : pgn=129038 line=Rx 10309299 11 f8 0e 01 82 d8 0b 0e 00 00 00 00
1  : pgn=129038 line=Rx 10309299 11 f8 0e 01 83 00 ff ff ff 7f ff fe
3  : pgn=129026 line=Tx 10309306 09 f8 02 03 ff fc 85 44 6e 01 ff ff
source=3: pgn=COG & SOG, Rapid Update(129026): values=COGReference=("0") COG=(100.50 deg) SOG=(3.66 m/s)

3  : pgn=129025 line=Tx 10309306 09 f8 01 03 87 73 6f 1c 18 7d fd b6
source=3: pgn=Position, Rapid Update(129025): values=Latitude=(47.7066119 deg) Longitude=(-122.4901352 deg)

3  : pgn=129542 line=Tx 10309306 19 fa 06 03 60 0f 74 62 01 00 00 00
3  : pgn=129542 line=Tx 10309306 19 fa 06 03 61 00 00 00 00 00 00 00
3  : pgn=129542 line=Tx 10309306 19 fa 06 03 62 00 00 ff ff ff ff ff
3  : pgn=65364  line=Tx 10309306 1c ff 54 03 3b 9f 23 03 2b cb ff ff
32 : pgn=128259 line=Rx 10309347 09 f5 03 20 6c 39 01 ff ff ff ff ff
source=32: pgn=Speed(128259): values=SpeedWaterReferenced=(3.13 m/s) SpeedGroundReferenced=(None) SpeedWaterReferencedType=(None) SpeedDirection=(None)

0  : pgn=127250 line=Rx 10309387 09 f1 12 00 ff 41 40 ff 7f ff 7f fd
source=0: pgn=Vessel Heading(127250): values=Heading=(94.25 deg) Deviation=(None) Variation=(None) Reference=("1")

0  : pgn=127245 line=Rx 10309388 09 f1 0d 00 00 f8 ff 7f 00 00 ff ff
source=0: pgn=Rudder(127245): values=Instance=(0) DirectionOrder=("0") AngleOrder=(None) Position=(0.00 deg)

0  : pgn=65359  line=Rx 10309393 1c ff 4f 00 3b 9f ff ff ff 41 40 ff
source=0: pgn=Seatalk: Pilot Heading(65359): values=ManufacturerCode=(1851) IndustryCode=(4) HeadingTrue=(None) HeadingMagnetic=(94.25 deg)

3  : pgn=129540 line=Tx 10309406 19 fa 04 03 a0 9f 96 ff 0d 03 97 1a
source=3: pgn=GNSS Sats in View(129540): values=RangeResidualMode=(None) SatsinView=(150) PRN=(None) Elevation=(4.47 deg) Azimuth=(39.00 deg) SNR=(0.0 dB) Rangeresiduals=(0) Status=("0")

3  : pgn=129540 line=Tx 10309406 19 fa 04 03 a1 2e 26 00 00 00 00 00
source=3: pgn=GNSS Sats in View(129540): values=RangeResidualMode=("0") SatsinView=(38) PRN=(0) Elevation=(0.00 deg) Azimuth=(0.00 deg) SNR=(0.0 dB) Rangeresiduals=(0) Status=("0")

3  : pgn=129540 line=Tx 10309406 19 fa 04 03 a2 00 f3 0f ff 1d 5c 3d
source=3: pgn=GNSS Sats in View(129540): values=RangeResidualMode=("0") SatsinView=(243) PRN=(15) Elevation=(44.00 deg) Azimuth=(90.00 deg) SNR=(0.0 dB) Rangeresiduals=(0) Status=("0")

3  : pgn=129540 line=Tx 10309406 19 fa 04 03 a3 f0 0a 00 00 00 00 f5
source=3: pgn=GNSS Sats in View(129540): values=RangeResidualMode=("0") SatsinView=(10) PRN=(0) Elevation=(0.00 deg) Azimuth=(359.36 deg) SNR=(0.0 dB) Rangeresiduals=(0) Status=("0")

3  : pgn=129540 line=Tx 10309406 19 fa 04 03 a4 10 17 13 71 b9 e4 0c
source=3: pgn=GNSS Sats in View(129540): values=RangeResidualMode=("0") SatsinView=(23) PRN=(19) Elevation=(-103.49 deg) Azimuth=(18.91 deg) SNR=(0.0 dB) Rangeresiduals=(0) Status=("0")

3  : pgn=129540 line=Tx 10309406 19 fa 04 03 a5 00 00 00 00 f5 12 c5
source=3: pgn=GNSS Sats in View(129540): values=RangeResidualMode=("0") SatsinView=(0) PRN=(0) Elevation=(-16.13 deg) Azimuth=(289.06 deg) SNR=(0.0 dB) Rangeresiduals=(0) Status=("0")

3  : pgn=129540 line=Tx 10309406 19 fa 04 03 a6 31 f2 93 ac 0d 00 00
source=3: pgn=GNSS Sats in View(129540): values=RangeResidualMode=("1") SatsinView=(242) PRN=(147) Elevation=(20.05 deg) Azimuth=(0.00 deg) SNR=(0.0 dB) Rangeresiduals=(0) Status=("0")

3  : pgn=129540 line=Tx 10309406 19 fa 04 03 a7 00 00 f5 13 69 03 1f
source=3: pgn=GNSS Sats in View(129540): values=RangeResidualMode=("0") SatsinView=(0) PRN=(245) Elevation=(154.12 deg) Azimuth=(45.49 deg) SNR=(0.0 dB) Rangeresiduals=(0) Status=("0")

3  : pgn=129540 line=Tx 10309406 19 fa 04 03 a8 d8 74 0e 00 00 00 00
source=3: pgn=GNSS Sats in View(129540): values=RangeResidualMode=("0") SatsinView=(116) PRN=(14) Elevation=(0.00 deg) Azimuth=(0.00 deg) SNR=(0.0 dB) Rangeresiduals=(0) Status=("0")

3  : pgn=129540 line=Tx 10309406 19 fa 04 03 a9 f5 15 e8 37 ba 20 80
source=3: pgn=GNSS Sats in View(129540): values=RangeResidualMode=("1") SatsinView=(21) PRN=(232) Elevation=(-102.36 deg) Azimuth=(187.93 deg) SNR=(0.0 dB) Rangeresiduals=(0) Status=("0")

3  : pgn=129540 line=Tx 10309406 19 fa 04 03 aa 0c 00 00 00 00 f5 16
source=3: pgn=GNSS Sats in View(129540): values=RangeResidualMode=("0") SatsinView=(0) PRN=(0) Elevation=(0.00 deg) Azimuth=(33.67 deg) SNR=(0.0 dB) Rangeresiduals=(0) Status=("0")

4  : pgn=65384  line=Rx 10309407 1c ff 68 04 3b 9f 00 00 00 00 00 00
3  : pgn=129540 line=Tx 10309407 19 fa 04 03 ab d1 15 cf 9c d8 0e 00
source=3: pgn=GNSS Sats in View(129540): values=RangeResidualMode=("1") SatsinView=(21) PRN=(207) Elevation=(-57.78 deg) Azimuth=(0.08 deg) SNR=(0.0 dB) Rangeresiduals=(0) Status=("0")

3  : pgn=129540 line=Tx 10309408 19 fa 04 03 ac 00 00 00 f5 1a ae 0f
source=3: pgn=GNSS Sats in View(129540): values=RangeResidualMode=("0") SatsinView=(0) PRN=(0) Elevation=(39.54 deg) Azimuth=(23.00 deg) SNR=(0.0 dB) Rangeresiduals=(0) Status=("0")

3  : pgn=129540 line=Tx 10309410 19 fa 04 03 ad 5d 1f b8 0b 00 00 00
source=3: pgn=GNSS Sats in View(129540): values=RangeResidualMode=("1") SatsinView=(31) PRN=(184) Elevation=(0.06 deg) Azimuth=(0.00 deg) SNR=(0.0 dB) Rangeresiduals=(0) Status=("0")

3  : pgn=129540 line=Tx 10309410 19 fa 04 03 ae 00 f5 1b d1 15 ab d2
source=3: pgn=GNSS Sats in View(129540): values=RangeResidualMode=("0") SatsinView=(245) PRN=(27) Elevation=(32.00 deg) Azimuth=(309.00 deg) SNR=(0.0 dB) Rangeresiduals=(0) Status=("0")

3  : pgn=129540 line=Tx 10309411 19 fa 04 03 af 74 0e 00 00 00 00 f5
source=3: pgn=GNSS Sats in View(129540): values=RangeResidualMode=("0") SatsinView=(14) PRN=(0) Elevation=(0.00 deg) Azimuth=(359.36 deg) SNR=(0.0 dB) Rangeresiduals=(0) Status=("0")

3  : pgn=129540 line=Tx 10309412 19 fa 04 03 b0 1d 00 0f a1 67 34 08
source=3: pgn=GNSS Sats in View(129540): values=RangeResidualMode=("1") SatsinView=(0) PRN=(15) Elevation=(152.00 deg) Azimuth=(12.03 deg) SNR=(0.0 dB) Rangeresiduals=(0) Status=("0")

3  : pgn=129540 line=Tx 10309412 19 fa 04 03 b1 00 00 00 00 f5 23 d1
source=3: pgn=GNSS Sats in View(129540): values=RangeResidualMode=("0") SatsinView=(0) PRN=(0) Elevation=(-16.13 deg) Azimuth=(306.76 deg) SNR=(0.0 dB) Rangeresiduals=(0) Status=("0")

3  : pgn=129540 line=Tx 10309413 19 fa 04 03 b2 15 c3 8b 00 00 00 00
source=3: pgn=GNSS Sats in View(129540): values=RangeResidualMode=("1") SatsinView=(195) PRN=(139) Elevation=(0.00 deg) Azimuth=(0.00 deg) SNR=(0.0 dB) Rangeresiduals=(0) Status=("0")

3  : pgn=129540 line=Tx 10309414 19 fa 04 03 b3 00 00 f3 30 2e 17 43
source=3: pgn=GNSS Sats in View(129540): values=RangeResidualMode=("0") SatsinView=(0) PRN=(243) Elevation=(67.75 deg) Azimuth=(98.41 deg) SNR=(0.0 dB) Rangeresiduals=(0) Status=("0")

3  : pgn=129540 line=Tx 10309415 19 fa 04 03 b4 84 10 0e 00 00 00 00
source=3: pgn=GNSS Sats in View(129540): values=RangeResidualMode=("0") SatsinView=(16) PRN=(14) Elevation=(0.00 deg) Azimuth=(0.00 deg) SNR=(0.0 dB) Rangeresiduals=(0) Status=("0")

3  : pgn=129540 line=Tx 10309416 19 fa 04 03 b5 f5 33 80 16 67 6c 74
source=3: pgn=GNSS Sats in View(129540): values=RangeResidualMode=("1") SatsinView=(51) PRN=(128) Elevation=(151.20 deg) Azimuth=(170.76 deg) SNR=(0.0 dB) Rangeresiduals=(0) Status=("0")

3  : pgn=129540 line=Tx 10309417 19 fa 04 03 b6 0e 00 00 00 00 f5 ff
source=3: pgn=GNSS Sats in View(129540): values=RangeResidualMode=("0") SatsinView=(0) PRN=(0) Elevation=(0.00 deg) Azimuth=(375.43 deg) SNR=(0.0 dB) Rangeresiduals=(0) Status=("0")

3  : pgn=129025 line=Tx 10309417 09 f8 01 03 6c 73 6f 1c c3 7d fd b6
source=3: pgn=Position, Rapid Update(129025): values=Latitude=(47.706609199999995 deg) Longitude=(-122.49011809999999 deg)

3  : pgn=127258 line=Tx 10309418 19 f1 1a 03 ff f6 12 39 fa 0a ff ff
source=3: pgn=Magnetic Variation(127258): values=Source=("6") Ageofservice=(14610 d) Variation=(16.10 deg)

3  : pgn=65311  line=Tx 10309419 1c ff 1f 03 3b 9f ff fa 0a ff ff ff
32 : pgn=128259 line=Rx 10309446 09 f5 03 20 6d 2e 01 ff ff ff ff ff
source=32: pgn=Speed(128259): values=SpeedWaterReferenced=(3.02 m/s) SpeedGroundReferenced=(None) SpeedWaterReferencedType=(None) SpeedDirection=(None)

1  : pgn=129038 line=Rx 10309478 11 f8 0e 01 a0 1b c1 88 b4 f3 15 cf
1  : pgn=129038 line=Rx 10309478 11 f8 0e 01 a1 f8 0d b7 7e c6 63 1c
1  : pgn=129038 line=Rx 10309479 11 f8 0e 01 a2 dd 59 ac 00 00 00 00
1  : pgn=129038 line=Rx 10309479 11 f8 0e 01 a3 00 b7 7a 00 00 f0 fe
0  : pgn=127250 line=Rx 10309492 09 f1 12 00 ff 56 40 ff 7f ff 7f fd
source=0: pgn=Vessel Heading(127250): values=Heading=(94.37 deg) Deviation=(None) Variation=(None) Reference=("1")

0  : pgn=127245 line=Rx 10309493 09 f1 0d 00 00 f8 ff 7f 00 00 ff ff
source=0: pgn=Rudder(127245): values=Instance=(0) DirectionOrder=("0") AngleOrder=(None) Position=(0.00 deg)

0  : pgn=65359  line=Rx 10309499 1c ff 4f 00 3b 9f ff ff ff 56 40 ff
source=0: pgn=Seatalk: Pilot Heading(65359): values=ManufacturerCode=(1851) IndustryCode=(4) HeadingTrue=(None) HeadingMagnetic=(94.37 deg)

3  : pgn=129026 line=Tx 10309506 09 f8 02 03 ff fc 62 44 6d 01 ff ff
source=3: pgn=COG & SOG, Rapid Update(129026): values=COGReference=("0") COG=(100.30 deg) SOG=(3.65 m/s)

3  : pgn=129025 line=Tx 10309506 09 f8 01 03 6c 73 6f 1c c3 7d fd b6
source=3: pgn=Position, Rapid Update(129025): values=Latitude=(47.706609199999995 deg) Longitude=(-122.49011809999999 deg)

1  : pgn=129038 line=Rx 10309541 11 f8 0e 01 c0 1b c1 12 f9 de 15 2e
1  : pgn=129038 line=Rx 10309541 11 f8 0e 01 c1 85 10 b7 a1 76 67 1c
1  : pgn=129038 line=Rx 10309542 11 f8 0e 01 c2 db 8d cd 00 00 01 00
1  : pgn=129038 line=Rx 10309542 11 f8 0e 01 c3 08 88 90 00 00 f0 fe
32 : pgn=128259 line=Rx 10309546 09 f5 03 20 6e 2f 01 ff ff ff ff ff
source=32: pgn=Speed(128259): values=SpeedWaterReferenced=(3.0300000000000002 m/s) SpeedGroundReferenced=(None) SpeedWaterReferencedType=(None) SpeedDirection=(None)

0  : pgn=127250 line=Rx 10309587 09 f1 12 00 ff 60 40 ff 7f ff 7f fd
source=0: pgn=Vessel Heading(127250): values=Heading=(94.42 deg) Deviation=(None) Variation=(None) Reference=("1")

0  : pgn=127245 line=Rx 10309588 09 f1 0d 00 00 f8 ff 7f 00 00 ff ff
source=0: pgn=Rudder(127245): values=Instance=(0) DirectionOrder=("0") AngleOrder=(None) Position=(0.00 deg)

0  : pgn=65379  line=Rx 10309592 1c ff 63 00 3b 9f 00 00 00 00 01 ff
source=0: pgn=Seatalk: Pilot Mode(65379): values=ManufacturerCode=(1851) IndustryCode=(4) PilotMode=(0) SubMode=(0) PilotModeData=(0)

0  : pgn=65359  line=Rx 10309593 1c ff 4f 00 3b 9f ff ff ff 60 40 ff
source=0: pgn=Seatalk: Pilot Heading(65359): values=ManufacturerCode=(1851) IndustryCode=(4) HeadingTrue=(None) HeadingMagnetic=(94.42 deg)

0  : pgn=126975 line=Rx 10309597 1d ef ff 00 60 0d 3b 9f f0 81 84 56
0  : pgn=126975 line=Rx 10309599 1d ef ff 00 61 42 09 00 00 00 02 05
3  : pgn=129029 line=Tx 10309606 0d f8 05 03 60 2b 74 06 40 fa b1 0e
3  : pgn=129029 line=Tx 10309606 0d f8 05 03 61 2c 00 3a 8e d7 10 e1
3  : pgn=129029 line=Tx 10309606 0d f8 05 03 62 9e 06 00 42 48 d8 ee
3  : pgn=129029 line=Tx 10309606 0d f8 05 03 63 46 00 ef ff ff ff ff
3  : pgn=129029 line=Tx 10309606 0d f8 05 03 64 ff ff ff 7f 23 fc 09
3  : pgn=129029 line=Tx 10309606 0d f8 05 03 65 54 00 ff 7f ff ff ff
3  : pgn=129029 line=Tx 10309606 0d f8 05 03 66 7f 00 ff ff ff ff ff
3  : pgn=129025 line=Tx 10309606 09 f8 01 03 59 73 6f 1c 0d 7e fd b6
source=3: pgn=Position, Rapid Update(129025): values=Latitude=(47.706607299999995 deg) Longitude=(-122.49011069999999 deg)

3  : pgn=129033 line=Tx 10309606 0d f8 09 03 06 40 fa b1 0e 2c 5c fe
source=3: pgn=Time & Date(129033): values=Date=(16390 d) Time=(73916.057 s) LocalOffset=(-25200.0 s)

1  : pgn=129038 line=Rx 10309636 11 f8 0e 01 e0 1b c1 aa eb e0 15 25
1  : pgn=129038 line=Rx 10309637 11 f8 0e 01 e1 20 0e b7 84 3c 68 1c
1  : pgn=129038 line=Rx 10309637 11 f8 0e 01 e2 dc 97 0b 00 00 00 00
1  : pgn=129038 line=Rx 10309638 11 f8 0e 01 e3 00 ff ff ff 7f f8 fe
32 : pgn=128259 line=Rx 10309645 09 f5 03 20 6f 30 01 ff ff ff ff ff
source=32: pgn=Speed(128259): values=SpeedWaterReferenced=(3.04 m/s) SpeedGroundReferenced=(None) SpeedWaterReferencedType=(None) SpeedDirection=(None)

1  : pgn=129038 line=Rx 10309666 11 f8 0e 01 00 1b c1 2e 9d e2 15 60
source=1: pgn=AIS Class A Position Report(129038): values=MessageID=(0) RepeatIndicator=("0") UserID=(2637087003) Longitude=(0.0 deg) Latitude=(0.0 deg) PositionAccuracy=("0") RAIM=("0") TimeStamp=("0") COG=(0.00 deg) SOG=(0.0 m/s) CommunicationState=(0) AISTransceiverinformation=("0") Heading=(0.00 deg) RateofTurn=(0.00 deg/s) NavStatus=("0") SpecialManeuverIndicator=("0") Spare=(0) SequenceID=(0)

1  : pgn=129038 line=Rx 10309666 11 f8 0e 01 01 75 0c b7 db e3 68 1c
source=1: pgn=AIS Class A Position Report(129038): values=MessageID=(1) RepeatIndicator=("0") UserID=(3686206581) Longitude=(0.0 deg) Latitude=(0.0 deg) PositionAccuracy=("0") RAIM=("0") TimeStamp=("0") COG=(0.00 deg) SOG=(0.0 m/s) CommunicationState=(0) AISTransceiverinformation=("0") Heading=(0.00 deg) RateofTurn=(0.00 deg/s) NavStatus=("0") SpecialManeuverIndicator=("0") Spare=(0) SequenceID=(0)

1  : pgn=129038 line=Rx 10309667 11 f8 0e 01 02 e0 85 0b 00 00 00 00
source=1: pgn=AIS Class A Position Report(129038): values=MessageID=(2) RepeatIndicator=("0") UserID=(755168) Longitude=(0.0 deg) Latitude=(0.0 deg) PositionAccuracy=("0") RAIM=("0") TimeStamp=("0") COG=(0.00 deg) SOG=(0.0 m/s) CommunicationState=(0) AISTransceiverinformation=("0") Heading=(0.00 deg) RateofTurn=(0.00 deg/s) NavStatus=("0") SpecialManeuverIndicator=("0") Spare=(0) SequenceID=(0)

1  : pgn=129038 line=Rx 10309668 11 f8 0e 01 03 00 ff ff ff 7f f0 fe
source=1: pgn=AIS Class A Position Report(129038): values=MessageID=(3) RepeatIndicator=("0") UserID=(4294967040) Longitude=(0.0 deg) Latitude=(0.0 deg) PositionAccuracy=("0") RAIM=("0") TimeStamp=("0") COG=(0.00 deg) SOG=(0.0 m/s) CommunicationState=(0) AISTransceiverinformation=("0") Heading=(0.00 deg) RateofTurn=(0.00 deg/s) NavStatus=("0") SpecialManeuverIndicator=("0") Spare=(0) SequenceID=(0)

0  : pgn=127250 line=Rx 10309687 09 f1 12 00 ff 7b 40 ff 7f ff 7f fd
source=0: pgn=Vessel Heading(127250): values=Heading=(94.58 deg) Deviation=(None) Variation=(None) Reference=("1")

0  : pgn=127245 line=Rx 10309688 09 f1 0d 00 00 f8 ff 7f 00 00 ff ff
source=0: pgn=Rudder(127245): values=Instance=(0) DirectionOrder=("0") AngleOrder=(None) Position=(0.00 deg)

0  : pgn=65359  line=Rx 10309695 1c ff 4f 00 3b 9f ff ff ff 7b 40 ff
source=0: pgn=Seatalk: Pilot Heading(65359): values=ManufacturerCode=(1851) IndustryCode=(4) HeadingTrue=(None) HeadingMagnetic=(94.58 deg)

0  : pgn=126975 line=Rx 10309698 1d ef ff 00 80 09 3b 9f f0 81 ae 02
0  : pgn=126975 line=Rx 10309700 1d ef ff 00 81 00 08 00 ff ff ff ff
3  : pgn=129026 line=Tx 10309707 09 f8 02 03 ff fc 73 44 6c 01 ff ff
source=3: pgn=COG & SOG, Rapid Update(129026): values=COGReference=("0") COG=(100.40 deg) SOG=(3.64 m/s)

3  : pgn=129025 line=Tx 10309707 09 f8 01 03 59 73 6f 1c 0d 7e fd b6
source=3: pgn=Position, Rapid Update(129025): values=Latitude=(47.706607299999995 deg) Longitude=(-122.49011069999999 deg)

3  : pgn=126992 line=Tx 10309707 0d f0 10 03 ff ff 06 40 fa b1 0e 2c
source=3: pgn=System Time(126992): values=Source=(None) Date=(16390 d) Time=(73916.057 s)

32 : pgn=128259 line=Rx 10309745 09 f5 03 20 70 32 01 ff ff ff ff ff
source=32: pgn=Speed(128259): values=SpeedWaterReferenced=(3.06 m/s) SpeedGroundReferenced=(None) SpeedWaterReferencedType=(None) SpeedDirection=(None)

0  : pgn=127250 line=Rx 10309789 09 f1 12 00 ff 8a 40 ff 7f ff 7f fd
source=0: pgn=Vessel Heading(127250): values=Heading=(94.66 deg) Deviation=(None) Variation=(None) Reference=("1")

0  : pgn=127245 line=Rx 10309789 09 f1 0d 00 00 f8 ff 7f 00 00 ff ff
source=0: pgn=Rudder(127245): values=Instance=(0) DirectionOrder=("0") AngleOrder=(None) Position=(0.00 deg)

0  : pgn=65359  line=Rx 10309796 1c ff 4f 00 3b 9f ff ff ff 8a 40 ff
source=0: pgn=Seatalk: Pilot Heading(65359): values=ManufacturerCode=(1851) IndustryCode=(4) HeadingTrue=(None) HeadingMagnetic=(94.66 deg)

3  : pgn=129025 line=Tx 10309807 09 f8 01 03 59 73 6f 1c 0d 7e fd b6
source=3: pgn=Position, Rapid Update(129025): values=Latitude=(47.706607299999995 deg) Longitude=(-122.49011069999999 deg)

1  : pgn=129038 line=Rx 10309817 11 f8 0e 01 20 1b c1 a8 2c e8 15 50
1  : pgn=129038 line=Rx 10309817 11 f8 0e 01 21 ca 0c b7 2f 76 69 1c
1  : pgn=129038 line=Rx 10309818 11 f8 0e 01 22 dc dc 11 00 00 00 00
1  : pgn=129038 line=Rx 10309819 11 f8 0e 01 23 00 ff ff ff 7f ff fe
32 : pgn=128259 line=Rx 10309844 09 f5 03 20 71 33 01 ff ff ff ff ff
source=32: pgn=Speed(128259): values=SpeedWaterReferenced=(3.0700000000000003 m/s) SpeedGroundReferenced=(None) SpeedWaterReferencedType=(None) SpeedDirection=(None)

0  : pgn=127250 line=Rx 10309887 09 f1 12 00 ff b0 40 ff 7f ff 7f fd
source=0: pgn=Vessel Heading(127250): values=Heading=(94.88 deg) Deviation=(None) Variation=(None) Reference=("1")

0  : pgn=127245 line=Rx 10309888 09 f1 0d 00 00 f8 ff 7f 00 00 ff ff
source=0: pgn=Rudder(127245): values=Instance=(0) DirectionOrder=("0") AngleOrder=(None) Position=(0.00 deg)

0  : pgn=65359  line=Rx 10309894 1c ff 4f 00 3b 9f ff ff ff b0 40 ff
source=0: pgn=Seatalk: Pilot Heading(65359): values=ManufacturerCode=(1851) IndustryCode=(4) HeadingTrue=(None) HeadingMagnetic=(94.88 deg)

3  : pgn=129026 line=Tx 10309907 09 f8 02 03 ff fc 85 44 6a 01 ff ff
source=3: pgn=COG & SOG, Rapid Update(129026): values=COGReference=("0") COG=(100.50 deg) SOG=(3.62 m/s)

3  : pgn=129025 line=Tx 10309907 09 f8 01 03 42 73 6f 1c 4c 7e fd b6
source=3: pgn=Position, Rapid Update(129025): values=Latitude=(47.706604999999996 deg) Longitude=(-122.49010439999999 deg)

3  : pgn=129291 line=Tx 10309907 0d f9 0b 03 ff fc 4f 2a 55 00 ff ff
source=3: pgn=Set & Drift, Rapid Update(129291): values=SetReference=("0") Set=(62.06 deg) Drift=(0.85 m/s)

3  : pgn=65362  line=Tx 10309907 1c ff 52 03 3b 9f 90 9d ff ff ff ff
32 : pgn=128259 line=Rx 10309944 09 f5 03 20 72 33 01 ff ff ff ff ff
source=32: pgn=Speed(128259): values=SpeedWaterReferenced=(3.0700000000000003 m/s) SpeedGroundReferenced=(None) SpeedWaterReferencedType=(None) SpeedDirection=(None)

0  : pgn=127250 line=Rx 10309987 09 f1 12 00 ff d3 40 ff 7f ff 7f fd
source=0: pgn=Vessel Heading(127250): values=Heading=(95.08 deg) Deviation=(None) Variation=(None) Reference=("1")

0  : pgn=127245 line=Rx 10309988 09 f1 0d 00 00 f8 ff 7f 00 00 ff ff
source=0: pgn=Rudder(127245): values=Instance=(0) DirectionOrder=("0") AngleOrder=(None) Position=(0.00 deg)

0  : pgn=65359  line=Rx 10309992 1c ff 4f 00 3b 9f ff ff ff d3 40 ff
source=0: pgn=Seatalk: Pilot Heading(65359): values=ManufacturerCode=(1851) IndustryCode=(4) HeadingTrue=(None) HeadingMagnetic=(95.08 deg)

1  : pgn=129038 line=Rx 10309998 11 f8 0e 01 40 1b c1 58 f2 20 0d 77
1  : pgn=129038 line=Rx 10309998 11 f8 0e 01 41 88 13 b7 2f 4d 5d 1c
1  : pgn=129038 line=Rx 10309999 11 f8 0e 01 42 dc b1 82 25 01 00 00
1  : pgn=129038 line=Rx 10310000 11 f8 0e 01 43 00 14 7c 00 00 f5 fe
3  : pgn=129025 line=Tx 10310007 09 f8 01 03 42 73 6f 1c 4c 7e fd b6
source=3: pgn=Position, Rapid Update(129025): values=Latitude=(47.706604999999996 deg) Longitude=(-122.49010439999999 deg)

32 : pgn=128259 line=Rx 10310043 09 f5 03 20 73 34 01 ff ff ff ff ff
source=32: pgn=Speed(128259): values=SpeedWaterReferenced=(3.08 m/s) SpeedGroundReferenced=(None) SpeedWaterReferencedType=(None) SpeedDirection=(None)

0  : pgn=127250 line=Rx 10310087 09 f1 12 00 ff e9 40 ff 7f ff 7f fd
source=0: pgn=Vessel Heading(127250): values=Heading=(95.21 deg) Deviation=(None) Variation=(None) Reference=("1")

0  : pgn=127245 line=Rx 10310088 09 f1 0d 00 00 f8 ff 7f 00 00 ff ff
source=0: pgn=Rudder(127245): values=Instance=(0) DirectionOrder=("0") AngleOrder=(None) Position=(0.00 deg)

0  : pgn=65359  line=Rx 10310095 1c ff 4f 00 3b 9f ff ff ff e9 40 ff
source=0: pgn=Seatalk: Pilot Heading(65359): values=ManufacturerCode=(1851) IndustryCode=(4) HeadingTrue=(None) HeadingMagnetic=(95.21 deg)

0  : pgn=126975 line=Rx 10310097 1d ef ff 00 a0 08 3b 9f f0 81 9c 91
0  : pgn=126975 line=Rx 10310099 1d ef ff 00 a1 02 00 ff ff ff ff ff
3  : pgn=129026 line=Tx 10310108 09 f8 02 03 ff fc 85 44 6a 01 ff ff
source=3: pgn=COG & SOG, Rapid Update(129026): values=COGReference=("0") COG=(100.50 deg) SOG=(3.62 m/s)

3  : pgn=130577 line=Tx 10310108 0d fe 11 03 80 0e c0 75 85 44 6a 01
3  : pgn=130577 line=Tx 10310108 0d fe 11 03 81 ff ff ff ff 4f 2a 55
3  : pgn=130577 line=Tx 10310108 0d fe 11 03 82 00 ff ff ff ff ff ff
3  : pgn=129025 line=Tx 10310108 09 f8 01 03 42 73 6f 1c 4c 7e fd b6
3  : pgn=130306 line=Tx 10310108 09 fd 02 03 ff 13 03 ce c9 fa ff ff
source=3: pgn=Wind Data(130306): values=WindSpeed=(7.87 m/s) WindAngle=(296.00 deg) Reference=("2")

32 : pgn=128259 line=Rx 10310149 09 f5 03 20 74 32 01 ff ff ff ff ff
source=32: pgn=Speed(128259): values=SpeedWaterReferenced=(3.06 m/s) SpeedGroundReferenced=(None) SpeedWaterReferencedType=(None) SpeedDirection=(None)

0  : pgn=127250 line=Rx 10310187 09 f1 12 00 ff 19 41 ff 7f ff 7f fd
source=0: pgn=Vessel Heading(127250): values=Heading=(95.48 deg) Deviation=(None) Variation=(None) Reference=("1")

0  : pgn=127245 line=Rx 10310188 09 f1 0d 00 00 f8 ff 7f 00 00 ff ff
source=0: pgn=Rudder(127245): values=Instance=(0) DirectionOrder=("0") AngleOrder=(None) Position=(0.00 deg)

0  : pgn=65359  line=Rx 10310193 1c ff 4f 00 3b 9f ff ff ff 19 41 ff
source=0: pgn=Seatalk: Pilot Heading(65359): values=ManufacturerCode=(1851) IndustryCode=(4) HeadingTrue=(None) HeadingMagnetic=(95.48 deg)

3  : pgn=129283 line=Tx 10310209 0d f9 03 03 ff 7f ff ff ff 7f ff ff
source=3: pgn=Cross Track Error(129283): values=XTEmode=(None) NavigationTerminated=("1") XTE=(None)

3  : pgn=129025 line=Tx 10310209 09 f8 01 03 1d 73 6f 1c e5 7e fd b6
source=3: pgn=Position, Rapid Update(129025): values=Latitude=(47.706601299999996 deg) Longitude=(-122.49008909999999 deg)

3  : pgn=128267 line=Tx 10310209 0d f5 0b 03 ff ff 3c 00 00 00 00 ff
source=3: pgn=Water Depth(128267): values=Depth=(156.15 m) Offset=(0.0 m) Range=(None)

32 : pgn=128259 line=Rx 10310245 09 f5 03 20 75 2f 01 ff ff ff ff ff
source=32: pgn=Speed(128259): values=SpeedWaterReferenced=(3.0300000000000002 m/s) SpeedGroundReferenced=(None) SpeedWaterReferencedType=(None) SpeedDirection=(None)

32 : pgn=130310 line=Rx 10310248 15 fd 06 20 bc ff ff ff ff ff ff ff
source=32: pgn=Environmental Parameters (obsolete)(130310): values=WaterTemperature=(None) OutsideAmbientAirTemperature=(None) AtmosphericPressure=(None)

32 : pgn=128275 line=Rx 10310257 19 f5 13 20 c0 0e ff ff ff ff ff ff
32 : pgn=128275 line=Rx 10310262 19 f5 13 20 c1 af ad 3c 00 af ad 3c
32 : pgn=128275 line=Rx 10310267 19 f5 13 20 c2 00 ff ff ff ff ff ff
0  : pgn=127250 line=Rx 10310287 09 f1 12 00 ff 2d 41 ff 7f ff 7f fd
source=0: pgn=Vessel Heading(127250): values=Heading=(95.60 deg) Deviation=(None) Variation=(None) Reference=("1")

0  : pgn=127245 line=Rx 10310288 09 f1 0d 00 00 f8 ff 7f 00 00 ff ff
source=0: pgn=Rudder(127245): values=Instance=(0) DirectionOrder=("0") AngleOrder=(None) Position=(0.00 deg)

0  : pgn=65359  line=Rx 10310296 1c ff 4f 00 3b 9f ff ff ff 2d 41 ff
source=0: pgn=Seatalk: Pilot Heading(65359): values=ManufacturerCode=(1851) IndustryCode=(4) HeadingTrue=(None) HeadingMagnetic=(95.60 deg)

1  : pgn=59936  line=Rx 10310299 18 ea 20 01 00 ee 00 00 00 00 00 00
3  : pgn=129026 line=Tx 10310309 09 f8 02 03 ff fc 85 44 67 01 ff ff
source=3: pgn=COG & SOG, Rapid Update(129026): values=COGReference=("0") COG=(100.50 deg) SOG=(3.59 m/s)

3  : pgn=129025 line=Tx 10310309 09 f8 01 03 1d 73 6f 1c e5 7e fd b6
source=3: pgn=Position, Rapid Update(129025): values=Latitude=(47.706601299999996 deg) Longitude=(-122.49008909999999 deg)

3  : pgn=129542 line=Tx 10310309 19 fa 06 03 80 0f 75 4b 01 00 00 00
3  : pgn=129542 line=Tx 10310309 19 fa 06 03 81 00 00 00 00 00 00 00
3  : pgn=129542 line=Tx 10310309 19 fa 06 03 82 00 00 ff ff ff ff ff
3  : pgn=65364  line=Tx 10310309 1c ff 54 03 3b 9f 13 03 ce c9 ff ff
3  : pgn=130846 line=Tx 10310309 1d ff 1e 03 e0 0c 3b 9f 0b 1a 13 cc
source=3: pgn=Furuno: Motion Sensor Status Extended(130846): values=ManufacturerCode=(1248) IndustryCode=(0)

3  : pgn=130846 line=Tx 10310309 1d ff 1e 03 e1 05 01 40 01 ff ff ff
source=3: pgn=Furuno: Motion Sensor Status Extended(130846): values=ManufacturerCode=(1505) IndustryCode=(0)

32 : pgn=128259 line=Rx 10310342 09 f5 03 20 76 2d 01 ff ff ff ff ff
1  : pgn=129038 line=Rx 10310361 11 f8 0e 01 60 1b c3 a8 28 e2 15 ae
1  : pgn=129038 line=Rx 10310361 11 f8 0e 01 61 0d 14 b7 8b a8 65 1c
1  : pgn=129038 line=Rx 10310362 11 f8 0e 01 62 e2 02 bb 00 00 00 00
1  : pgn=129038 line=Rx 10310362 11 f8 0e 01 63 00 c2 b8 00 00 f5 fe
0  : pgn=127250 line=Rx 10310387 09 f1 12 00 ff 4b 41 ff 7f ff 7f fd
source=0: pgn=Vessel Heading(127250): values=Heading=(95.77 deg) Deviation=(None) Variation=(None) Reference=("1")

0  : pgn=127245 line=Rx 10310388 09 f1 0d 00 00 f8 ff 7f 00 00 ff ff
source=0: pgn=Rudder(127245): values=Instance=(0) DirectionOrder=("0") AngleOrder=(None) Position=(0.00 deg)

0  : pgn=65359  line=Rx 10310392 1c ff 4f 00 3b 9f ff ff ff 4b 41 ff
source=0: pgn=Seatalk: Pilot Heading(65359): values=ManufacturerCode=(1851) IndustryCode=(4) HeadingTrue=(None) HeadingMagnetic=(95.77 deg)

4  : pgn=65384  line=Rx 10310407 1c ff 68 04 3b 9f 00 00 00 00 00 00
3  : pgn=129540 line=Tx 10310411 19 fa 04 03 c0 9f 97 ff 0d 03 97 1a
source=3: pgn=GNSS Sats in View(129540): values=RangeResidualMode=(None) SatsinView=(151) PRN=(None) Elevation=(4.47 deg) Azimuth=(39.00 deg) SNR=(0.0 dB) Rangeresiduals=(0) Status=("0")

3  : pgn=129540 line=Tx 10310411 19 fa 04 03 c1 2e 26 00 00 00 00 00
source=3: pgn=GNSS Sats in View(129540): values=RangeResidualMode=("0") SatsinView=(38) PRN=(0) Elevation=(0.00 deg) Azimuth=(0.00 deg) SNR=(0.0 dB) Rangeresiduals=(0) Status=("0")

3  : pgn=129540 line=Tx 10310411 19 fa 04 03 c2 00 f3 0f ff 1d 5c 3d
source=3: pgn=GNSS Sats in View(129540): values=RangeResidualMode=("0") SatsinView=(243) PRN=(15) Elevation=(44.00 deg) Azimuth=(90.00 deg) SNR=(0.0 dB) Rangeresiduals=(0) Status=("0")

3  : pgn=129540 line=Tx 10310411 19 fa 04 03 c3 f0 0a 00 00 00 00 f5
source=3: pgn=GNSS Sats in View(129540): values=RangeResidualMode=("0") SatsinView=(10) PRN=(0) Elevation=(0.00 deg) Azimuth=(359.36 deg) SNR=(0.0 dB) Rangeresiduals=(0) Status=("0")

3  : pgn=129540 line=Tx 10310411 19 fa 04 03 c4 10 17 13 71 b9 e4 0c
source=3: pgn=GNSS Sats in View(129540): values=RangeResidualMode=("0") SatsinView=(23) PRN=(19) Elevation=(-103.49 deg) Azimuth=(18.91 deg) SNR=(0.0 dB) Rangeresiduals=(0) Status=("0")

3  : pgn=129540 line=Tx 10310411 19 fa 04 03 c5 00 00 00 00 f5 12 c5
source=3: pgn=GNSS Sats in View(129540): values=RangeResidualMode=("0") SatsinView=(0) PRN=(0) Elevation=(-16.13 deg) Azimuth=(289.06 deg) SNR=(0.0 dB) Rangeresiduals=(0) Status=("0")

3  : pgn=129540 line=Tx 10310411 19 fa 04 03 c6 31 f2 93 ac 0d 00 00
source=3: pgn=GNSS Sats in View(129540): values=RangeResidualMode=("1") SatsinView=(242) PRN=(147) Elevation=(20.05 deg) Azimuth=(0.00 deg) SNR=(0.0 dB) Rangeresiduals=(0) Status=("0")

3  : pgn=129540 line=Tx 10310411 19 fa 04 03 c7 00 00 f5 13 69 03 1f
source=3: pgn=GNSS Sats in View(129540): values=RangeResidualMode=("0") SatsinView=(0) PRN=(245) Elevation=(154.12 deg) Azimuth=(45.49 deg) SNR=(0.0 dB) Rangeresiduals=(0) Status=("0")

3  : pgn=129540 line=Tx 10310411 19 fa 04 03 c8 d8 74 0e 00 00 00 00
source=3: pgn=GNSS Sats in View(129540): values=RangeResidualMode=("0") SatsinView=(116) PRN=(14) Elevation=(0.00 deg) Azimuth=(0.00 deg) SNR=(0.0 dB) Rangeresiduals=(0) Status=("0")

3  : pgn=129540 line=Tx 10310411 19 fa 04 03 c9 f5 15 e8 37 ba 20 80
source=3: pgn=GNSS Sats in View(129540): values=RangeResidualMode=("1") SatsinView=(21) PRN=(232) Elevation=(-102.36 deg) Azimuth=(187.93 deg) SNR=(0.0 dB) Rangeresiduals=(0) Status=("0")

3  : pgn=129540 line=Tx 10310411 19 fa 04 03 ca 0c 00 00 00 00 f5 16
source=3: pgn=GNSS Sats in View(129540): values=RangeResidualMode=("0") SatsinView=(0) PRN=(0) Elevation=(0.00 deg) Azimuth=(33.67 deg) SNR=(0.0 dB) Rangeresiduals=(0) Status=("0")

3  : pgn=129540 line=Tx 10310412 19 fa 04 03 cb d1 15 cf 9c d8 0e 00
source=3: pgn=GNSS Sats in View(129540): values=RangeResidualMode=("1") SatsinView=(21) PRN=(207) Elevation=(-57.78 deg) Azimuth=(0.08 deg) SNR=(0.0 dB) Rangeresiduals=(0) Status=("0")

3  : pgn=129540 line=Tx 10310413 19 fa 04 03 cc 00 00 00 f5 1a ae 0f
source=3: pgn=GNSS Sats in View(129540): values=RangeResidualMode=("0") SatsinView=(0) PRN=(0) Elevation=(39.54 deg) Azimuth=(23.00 deg) SNR=(0.0 dB) Rangeresiduals=(0) Status=("0")

3  : pgn=129540 line=Tx 10310414 19 fa 04 03 cd 5d 1f b8 0b 00 00 00
source=3: pgn=GNSS Sats in View(129540): values=RangeResidualMode=("1") SatsinView=(31) PRN=(184) Elevation=(0.06 deg) Azimuth=(0.00 deg) SNR=(0.0 dB) Rangeresiduals=(0) Status=("0")

3  : pgn=129540 line=Tx 10310414 19 fa 04 03 ce 00 f5 1b d1 15 ab d2
source=3: pgn=GNSS Sats in View(129540): values=RangeResidualMode=("0") SatsinView=(245) PRN=(27) Elevation=(32.00 deg) Azimuth=(309.00 deg) SNR=(0.0 dB) Rangeresiduals=(0) Status=("0")

3  : pgn=129540 line=Tx 10310415 19 fa 04 03 cf 74 0e 00 00 00 00 f5
source=3: pgn=GNSS Sats in View(129540): values=RangeResidualMode=("0") SatsinView=(14) PRN=(0) Elevation=(0.00 deg) Azimuth=(359.36 deg) SNR=(0.0 dB) Rangeresiduals=(0) Status=("0")

3  : pgn=129540 line=Tx 10310417 19 fa 04 03 d0 1d 00 0f a1 67 34 08
source=3: pgn=GNSS Sats in View(129540): values=RangeResidualMode=("1") SatsinView=(0) PRN=(15) Elevation=(152.00 deg) Azimuth=(12.03 deg) SNR=(0.0 dB) Rangeresiduals=(0) Status=("0")

3  : pgn=129540 line=Tx 10310418 19 fa 04 03 d1 00 00 00 00 f5 23 d1
source=3: pgn=GNSS Sats in View(129540): values=RangeResidualMode=("0") SatsinView=(0) PRN=(0) Elevation=(-16.13 deg) Azimuth=(306.76 deg) SNR=(0.0 dB) Rangeresiduals=(0) Status=("0")

3  : pgn=129540 line=Tx 10310418 19 fa 04 03 d2 15 c3 8b 00 00 00 00
source=3: pgn=GNSS Sats in View(129540): values=RangeResidualMode=("1") SatsinView=(195) PRN=(139) Elevation=(0.00 deg) Azimuth=(0.00 deg) SNR=(0.0 dB) Rangeresiduals=(0) Status=("0")

3  : pgn=129540 line=Tx 10310419 19 fa 04 03 d3 00 00 f3 30 2e 17 43
source=3: pgn=GNSS Sats in View(129540): values=RangeResidualMode=("0") SatsinView=(0) PRN=(243) Elevation=(67.75 deg) Azimuth=(98.41 deg) SNR=(0.0 dB) Rangeresiduals=(0) Status=("0")

3  : pgn=129540 line=Tx 10310420 19 fa 04 03 d4 84 10 0e 00 00 00 00
source=3: pgn=GNSS Sats in View(129540): values=RangeResidualMode=("0") SatsinView=(16) PRN=(14) Elevation=(0.00 deg) Azimuth=(0.00 deg) SNR=(0.0 dB) Rangeresiduals=(0) Status=("0")

3  : pgn=129540 line=Tx 10310421 19 fa 04 03 d5 f5 33 80 16 67 6c 74
source=3: pgn=GNSS Sats in View(129540): values=RangeResidualMode=("1") SatsinView=(51) PRN=(128) Elevation=(151.20 deg) Azimuth=(170.76 deg) SNR=(0.0 dB) Rangeresiduals=(0) Status=("0")

3  : pgn=129540 line=Tx 10310421 19 fa 04 03 d6 0e 00 00 00 00 f5 ff
source=3: pgn=GNSS Sats in View(129540): values=RangeResidualMode=("0") SatsinView=(0) PRN=(0) Elevation=(0.00 deg) Azimuth=(375.43 deg) SNR=(0.0 dB) Rangeresiduals=(0) Status=("0")

3  : pgn=129025 line=Tx 10310422 09 f8 01 03 1d 73 6f 1c e5 7e fd b6
source=3: pgn=Position, Rapid Update(129025): values=Latitude=(47.706601299999996 deg) Longitude=(-122.49008909999999 deg)

3  : pgn=127258 line=Tx 10310423 19 f1 1a 03 ff f6 12 39 fa 0a ff ff
source=3: pgn=Magnetic Variation(127258): values=Source=("6") Ageofservice=(14610 d) Variation=(16.10 deg)

32 : pgn=128259 line=Rx 10310442 09 f5 03 20 77 29 01 ff ff ff ff ff
source=32: pgn=Speed(128259): values=SpeedWaterReferenced=(2.97 m/s) SpeedGroundReferenced=(None) SpeedWaterReferencedType=(None) SpeedDirection=(None)

0  : pgn=127250 line=Rx 10310487 09 f1 12 00 ff 56 41 ff 7f ff 7f fd
source=0: pgn=Vessel Heading(127250): values=Heading=(95.83 deg) Deviation=(None) Variation=(None) Reference=("1")

0  : pgn=127245 line=Rx 10310488 09 f1 0d 00 00 f8 ff 7f 00 00 ff ff
source=0: pgn=Rudder(127245): values=Instance=(0) DirectionOrder=("0") AngleOrder=(None) Position=(0.00 deg)

0  : pgn=65359  line=Rx 10310495 1c ff 4f 00 3b 9f ff ff ff 56 41 ff
source=0: pgn=Seatalk: Pilot Heading(65359): values=ManufacturerCode=(1851) IndustryCode=(4) HeadingTrue=(None) HeadingMagnetic=(95.83 deg)

3  : pgn=129026 line=Tx 10310512 09 f8 02 03 ff fc a7 44 66 01 ff ff
source=3: pgn=COG & SOG, Rapid Update(129026): values=COGReference=("0") COG=(100.70 deg) SOG=(3.58 m/s)

3  : pgn=129025 line=Tx 10310512 09 f8 01 03 09 73 6f 1c 2f 7f fd b6
source=3: pgn=Position, Rapid Update(129025): values=Latitude=(47.7065993 deg) Longitude=(-122.49008169999999 deg)

32 : pgn=128259 line=Rx 10310541 09 f5 03 20 78 29 01 ff ff ff ff ff
source=32: pgn=Speed(128259): values=SpeedWaterReferenced=(2.97 m/s) SpeedGroundReferenced=(None) SpeedWaterReferencedType=(None) SpeedDirection=(None)

0  : pgn=127250 line=Rx 10310587 09 f1 12 00 ff 58 41 ff 7f ff 7f fd
source=0: pgn=Vessel Heading(127250): values=Heading=(95.84 deg) Deviation=(None) Variation=(None) Reference=("1")

0  : pgn=127245 line=Rx 10310588 09 f1 0d 00 00 f8 ff 7f 00 00 ff ff
source=0: pgn=Rudder(127245): values=Instance=(0) DirectionOrder=("0") AngleOrder=(None) Position=(0.00 deg)

0  : pgn=65379  line=Rx 10310592 1c ff 63 00 3b 9f 00 00 00 00 01 ff
source=0: pgn=Seatalk: Pilot Mode(65379): values=ManufacturerCode=(1851) IndustryCode=(4) PilotMode=(0) SubMode=(0) PilotModeData=(0)

0  : pgn=65359  line=Rx 10310593 1c ff 4f 00 3b 9f ff ff ff 58 41 ff
source=0: pgn=Seatalk: Pilot Heading(65359): values=ManufacturerCode=(1851) IndustryCode=(4) HeadingTrue=(None) HeadingMagnetic=(95.84 deg)

0  : pgn=126975 line=Rx 10310598 1d ef ff 00 c0 0d 3b 9f f0 81 84 16
0  : pgn=126975 line=Rx 10310599 1d ef ff 00 c1 43 0c 00 00 00 02 05
3  : pgn=129029 line=Tx 10310612 0d f8 05 03 80 2b 75 06 40 f6 ce 0e
3  : pgn=129029 line=Tx 10310612 0d f8 05 03 81 2c 00 1a 2f 37 fe e0
3  : pgn=129029 line=Tx 10310612 0d f8 05 03 82 9e 06 00 16 a1 5d 32
3  : pgn=129029 line=Tx 10310612 0d f8 05 03 83 47 00 ef ff ff ff ff
3  : pgn=129029 line=Tx 10310612 0d f8 05 03 84 ff ff ff 7f 23 fc 09
3  : pgn=129029 line=Tx 10310612 0d f8 05 03 85 54 00 ff 7f ff ff ff
3  : pgn=129029 line=Tx 10310612 0d f8 05 03 86 7f 00 ff ff ff ff ff
3  : pgn=129025 line=Tx 10310612 09 f8 01 03 09 73 6f 1c 2f 7f fd b6
source=3: pgn=Position, Rapid Update(129025): values=Latitude=(47.7065993 deg) Longitude=(-122.49008169999999 deg)

3  : pgn=129033 line=Tx 10310612 0d f8 09 03 06 40 f6 ce 0e 2c 5c fe
source=3: pgn=Time & Date(129033): values=Date=(16390 d) Time=(73916.799 s) LocalOffset=(-25200.0 s)

1  : pgn=129041 line=Rx 10310633 11 f8 11 01 00 30 15 76 89 3a 3b ed
1  : pgn=129041 line=Rx 10310634 11 f8 11 01 01 61 e3 b6 67 78 ad 1c
source=1: pgn=AIS Aids to Navigation (AtoN) Report(129041): values=MessageID=(1) RepeatIndicator=("0") UserID=(1740039009) Longitude=(0.0 deg) Latitude=(0.0 deg) PositionAccuracy=("0") RAIM=("0") TimeStamp=("0") Length/Diameter=(0.0 m) Beam/Diameter=(0.0 m) PositionReferencefromStarboardEdge=(0.0 m) PositionReferencefromTrueNorthFacingEdge=(0.0 m) AtoNType=("0") OffPositionIndicator=("0") VirtualAtoNFlag=("0") AssignedModeFlag=("0") Spare=(0) PositionFixingDeviceType=("0") AtoNStatus=(0) AISTransceiverinformation=("0") AtoNName=(None)

1  : pgn=129041 line=Rx 10310634 11 f8 11 01 02 f4 00 00 00 00 00 00
source=1: pgn=AIS Aids to Navigation (AtoN) Report(129041): values=MessageID=(2) RepeatIndicator=("0") UserID=(244) Longitude=(0.0 deg) Latitude=(0.0 deg) PositionAccuracy=("0") RAIM=("0") TimeStamp=("0") Length/Diameter=(0.0 m) Beam/Diameter=(0.0 m) PositionReferencefromStarboardEdge=(0.0 m) PositionReferencefromTrueNorthFacingEdge=(0.0 m) AtoNType=("0") OffPositionIndicator=("0") VirtualAtoNFlag=("0") AssignedModeFlag=("0") Spare=(0) PositionFixingDeviceType=("0") AtoNStatus=(0) AISTransceiverinformation=("0") AtoNName=(None)

1  : pgn=129041 line=Rx 10310635 11 f8 11 01 03 ff ff 52 ee ff e1 16
source=1: pgn=AIS Aids to Navigation (AtoN) Report(129041): values=MessageID=(3) RepeatIndicator=("0") UserID=(3998416895) Longitude=(0.0 deg) Latitude=(0.0 deg) PositionAccuracy=("0") RAIM=("0") TimeStamp=("0") Length/Diameter=(0.0 m) Beam/Diameter=(0.0 m) PositionReferencefromStarboardEdge=(0.0 m) PositionReferencefromTrueNorthFacingEdge=(0.0 m) AtoNType=("0") OffPositionIndicator=("0") VirtualAtoNFlag=("0") AssignedModeFlag=("0") Spare=(0) PositionFixingDeviceType=("0") AtoNStatus=(0) AISTransceiverinformation=("0") AtoNName=(None)

1  : pgn=129041 line=Rx 10310635 11 f8 11 01 04 01 50 53 20 54 53 4c
source=1: pgn=AIS Aids to Navigation (AtoN) Report(129041): values=MessageID=(4) RepeatIndicator=("0") UserID=(542330881) Longitude=(0.0 deg) Latitude=(0.0 deg) PositionAccuracy=("0") RAIM=("0") TimeStamp=("0") Length/Diameter=(0.0 m) Beam/Diameter=(0.0 m) PositionReferencefromStarboardEdge=(0.0 m) PositionReferencefromTrueNorthFacingEdge=(0.0 m) AtoNType=("0") OffPositionIndicator=("0") VirtualAtoNFlag=("0") AssignedModeFlag=("0") Spare=(0) PositionFixingDeviceType=("0") AtoNStatus=(0) AISTransceiverinformation=("0") AtoNName=(None)

1  : pgn=129041 line=Rx 10310636 11 f8 11 01 05 20 53 42 20 20 20 20
source=1: pgn=AIS Aids to Navigation (AtoN) Report(129041): values=MessageID=(5) RepeatIndicator=("0") UserID=(541217568) Longitude=(0.0 deg) Latitude=(0.0 deg) PositionAccuracy=("0") RAIM=("0") TimeStamp=("0") Length/Diameter=(0.0 m) Beam/Diameter=(0.0 m) PositionReferencefromStarboardEdge=(0.0 m) PositionReferencefromTrueNorthFacingEdge=(0.0 m) AtoNType=("0") OffPositionIndicator=("0") VirtualAtoNFlag=("0") AssignedModeFlag=("0") Spare=(0) PositionFixingDeviceType=("0") AtoNStatus=(0) AISTransceiverinformation=("0") AtoNName=(None)

1  : pgn=129041 line=Rx 10310636 11 f8 11 01 06 20 20 20 20 20 20 20
source=1: pgn=AIS Aids to Navigation (AtoN) Report(129041): values=MessageID=(6) RepeatIndicator=("0") UserID=(538976288) Longitude=(0.0 deg) Latitude=(0.0 deg) PositionAccuracy=("0") RAIM=("0") TimeStamp=("0") Length/Diameter=(0.0 m) Beam/Diameter=(0.0 m) PositionReferencefromStarboardEdge=(0.0 m) PositionReferencefromTrueNorthFacingEdge=(0.0 m) AtoNType=("0") OffPositionIndicator=("0") VirtualAtoNFlag=("0") AssignedModeFlag=("0") Spare=(0) PositionFixingDeviceType=("0") AtoNStatus=(0) AISTransceiverinformation=("0") AtoNName=(None)

32 : pgn=128259 line=Rx 10310641 09 f5 03 20 79 29 01 ff ff ff ff ff
source=32: pgn=Speed(128259): values=SpeedWaterReferenced=(2.97 m/s) SpeedGroundReferenced=(None) SpeedWaterReferencedType=(None) SpeedDirection=(None)

0  : pgn=127250 line=Rx 10310687 09 f1 12 00 ff 4c 41 ff 7f ff 7f fd
source=0: pgn=Vessel Heading(127250): values=Heading=(95.78 deg) Deviation=(None) Variation=(None) Reference=("1")

0  : pgn=127245 line=Rx 10310688 09 f1 0d 00 00 f8 ff 7f 00 00 ff ff
source=0: pgn=Rudder(127245): values=Instance=(0) DirectionOrder=("0") AngleOrder=(None) Position=(0.00 deg)

0  : pgn=65359  line=Rx 10310694 1c ff 4f 00 3b 9f ff ff ff 4c 41 ff
source=0: pgn=Seatalk: Pilot Heading(65359): values=ManufacturerCode=(1851) IndustryCode=(4) HeadingTrue=(None) HeadingMagnetic=(95.78 deg)

0  : pgn=126975 line=Rx 10310697 1d ef ff 00 e0 09 3b 9f f0 81 ae 02
0  : pgn=126975 line=Rx 10310699 1d ef ff 00 e1 00 08 00 ff ff ff ff
3  : pgn=129026 line=Tx 10310712 09 f8 02 03 ff fc dc 44 65 01 ff ff
source=3: pgn=COG & SOG, Rapid Update(129026): values=COGReference=("0") COG=(101.00 deg) SOG=(3.5700000000000003 m/s)

3  : pgn=129025 line=Tx 10310712 09 f8 01 03 f3 72 6f 1c 7f 7f fd b6
source=3: pgn=Position, Rapid Update(129025): values=Latitude=(47.706597099999996 deg) Longitude=(-122.4900737 deg)

3  : pgn=126992 line=Tx 10310712 0d f0 10 03 ff ff 06 40 22 da 0e 2c
source=3: pgn=System Time(126992): values=Source=(None) Date=(16390 d) Time=(73917.085 s)

1  : pgn=129038 line=Rx 10310725 11 f8 0e 01 80 1b c3 ca 4c e7 15 cd
1  : pgn=129038 line=Rx 10310725 11 f8 0e 01 81 f7 d4 b6 e0 d6 ac 1c
1  : pgn=129038 line=Rx 10310726 11 f8 0e 01 82 e1 d0 4b 0c 02 00 00
1  : pgn=129038 line=Rx 10310726 11 f8 0e 01 83 00 21 42 d2 e5 f0 fe
32 : pgn=128259 line=Rx 10310740 09 f5 03 20 7a 2a 01 ff ff ff ff ff
source=32: pgn=Speed(128259): values=SpeedWaterReferenced=(2.98 m/s) SpeedGroundReferenced=(None) SpeedWaterReferencedType=(None) SpeedDirection=(None)

1  : pgn=129038 line=Rx 10310786 11 f8 0e 01 a0 1b c3 1c a6 dc 15 87
1  : pgn=129038 line=Rx 10310786 11 f8 0e 01 a1 ac 14 b7 9d 68 63 1c
1  : pgn=129038 line=Rx 10310787 11 f8 0e 01 a2 dc b7 92 00 00 00 00
1  : pgn=129038 line=Rx 10310787 11 f8 0e 01 a3 00 ff ff ff 7f f5 fe
0  : pgn=127250 line=Rx 10310794 09 f1 12 00 ff 3a 41 ff 7f ff 7f fd
source=0: pgn=Vessel Heading(127250): values=Heading=(95.67 deg) Deviation=(None) Variation=(None) Reference=("1")

0  : pgn=127245 line=Rx 10310796 09 f1 0d 00 00 f8 ff 7f 00 00 ff ff
source=0: pgn=Rudder(127245): values=Instance=(0) DirectionOrder=("0") AngleOrder=(None) Position=(0.00 deg)

0  : pgn=65359  line=Rx 10310801 1c ff 4f 00 3b 9f ff ff ff 3a 41 ff
source=0: pgn=Seatalk: Pilot Heading(65359): values=ManufacturerCode=(1851) IndustryCode=(4) HeadingTrue=(None) HeadingMagnetic=(95.67 deg)

3  : pgn=129025 line=Tx 10310814 09 f8 01 03 e4 72 6f 1c da 7f fd b6
source=3: pgn=Position, Rapid Update(129025): values=Latitude=(47.7065956 deg) Longitude=(-122.4900646 deg)

1  : pgn=129038 line=Rx 10310818 11 f8 0e 01 c0 1b c1 e6 1f 26 14 e1
1  : pgn=129038 line=Rx 10310818 11 f8 0e 01 c1 3b 16 b7 62 39 66 1c
1  : pgn=129038 line=Rx 10310819 11 f8 0e 01 c2 e0 00 00 00 00 00 00
1  : pgn=129038 line=Rx 10310819 11 f8 0e 01 c3 00 ff ff ff 7f ff fe
1  : pgn=129038 line=Rx 10310821 11 f8 0e 01 e0 1b c1 50 e0 e6 15 57
1  : pgn=129038 line=Rx 10310821 11 f8 0e 01 e1 85 ca b6 0d 73 67 1c
1  : pgn=129038 line=Rx 10310821 11 f8 0e 01 e2 e0 38 55 05 00 00 00
1  : pgn=129038 line=Rx 10310822 11 f8 0e 01 e3 00 50 2c d2 e5 ff fe
32 : pgn=128259 line=Rx 10310839 09 f5 03 20 7b 2d 01 ff ff ff ff ff
source=32: pgn=Speed(128259): values=SpeedWaterReferenced=(3.0100000000000002 m/s) SpeedGroundReferenced=(None) SpeedWaterReferencedType=(None) SpeedDirection=(None)

0  : pgn=127250 line=Rx 10310888 09 f1 12 00 ff 30 41 ff 7f ff 7f fd
source=0: pgn=Vessel Heading(127250): values=Heading=(95.62 deg) Deviation=(None) Variation=(None) Reference=("1")

0  : pgn=127245 line=Rx 10310889 09 f1 0d 00 00 f8 ff 7f 00 00 ff ff
source=0: pgn=Rudder(127245): values=Instance=(0) DirectionOrder=("0") AngleOrder=(None) Position=(0.00 deg)

0  : pgn=65359  line=Rx 10310896 1c ff 4f 00 3b 9f ff ff ff 30 41 ff
source=0: pgn=Seatalk: Pilot Heading(65359): values=ManufacturerCode=(1851) IndustryCode=(4) HeadingTrue=(None) HeadingMagnetic=(95.62 deg)

3  : pgn=129026 line=Tx 10310914 09 f8 02 03 ff fc dc 44 65 01 ff ff
source=3: pgn=COG & SOG, Rapid Update(129026): values=COGReference=("0") COG=(101.00 deg) SOG=(3.5700000000000003 m/s)

3  : pgn=129025 line=Tx 10310914 09 f8 01 03 e4 72 6f 1c da 7f fd b6
source=3: pgn=Position, Rapid Update(129025): values=Latitude=(47.7065956 deg) Longitude=(-122.4900646 deg)

3  : pgn=129291 line=Tx 10310914 0d f9 0b 03 ff fc 07 29 58 00 ff ff
source=3: pgn=Set & Drift, Rapid Update(129291): values=SetReference=("0") Set=(60.18 deg) Drift=(0.88 m/s)

32 : pgn=128259 line=Rx 10310939 09 f5 03 20 7c 30 01 ff ff ff ff ff
source=32: pgn=Speed(128259): values=SpeedWaterReferenced=(3.04 m/s) SpeedGroundReferenced=(None) SpeedWaterReferencedType=(None) SpeedDirection=(None)

0  : pgn=127250 line=Rx 10310987 09 f1 12 00 ff 1f 41 ff 7f ff 7f fd
source=0: pgn=Vessel Heading(127250): values=Heading=(95.52 deg) Deviation=(None) Variation=(None) Reference=("1")

0  : pgn=127245 line=Rx 10310988 09 f1 0d 00 00 f8 ff 7f 00 00 ff ff
source=0: pgn=Rudder(127245): values=Instance=(0) DirectionOrder=("0") AngleOrder=(None) Position=(0.00 deg)

0  : pgn=65359  line=Rx 10310992 1c ff 4f 00 3b 9f ff ff ff 1f 41 ff
source=0: pgn=Seatalk: Pilot Heading(65359): values=ManufacturerCode=(1851) IndustryCode=(4) HeadingTrue=(None) HeadingMagnetic=(95.52 deg)

1  : pgn=129041 line=Rx 10311001 11 f8 11 01 20 30 15 76 89 3a 3b ed
1  : pgn=129041 line=Rx 10311001 11 f8 11 01 21 61 e3 b6 67 78 ad 1c
1  : pgn=129041 line=Rx 10311002 11 f8 11 01 22 f4 00 00 00 00 00 00
1  : pgn=129041 line=Rx 10311002 11 f8 11 01 23 ff ff 52 ee ff e1 16
1  : pgn=129041 line=Rx 10311003 11 f8 11 01 24 01 50 53 20 54 53 4c
1  : pgn=129041 line=Rx 10311004 11 f8 11 01 25 20 53 42 20 20 20 20
1  : pgn=129041 line=Rx 10311004 11 f8 11 01 26 20 20 20 20 20 20 20
3  : pgn=129025 line=Tx 10311015 09 f8 01 03 d3 72 6f 1c 33 80 fd b6
source=3: pgn=Position, Rapid Update(129025): values=Latitude=(47.706593899999994 deg) Longitude=(-122.4900557 deg)

32 : pgn=128259 line=Rx 10311039 09 f5 03 20 7d 34 01 ff ff ff ff ff
source=32: pgn=Speed(128259): values=SpeedWaterReferenced=(3.08 m/s) SpeedGroundReferenced=(None) SpeedWaterReferencedType=(None) SpeedDirection=(None)

4  : pgn=126975 line=Rx 10311066 1d ef ff 04 e0 07 3b 9f f0 81 90 00
4  : pgn=126975 line=Rx 10311066 1d ef ff 04 e1 03 ff ff ff ff ff ff
0  : pgn=127250 line=Rx 10311087 09 f1 12 00 ff 1b 41 ff 7f ff 7f fd
source=0: pgn=Vessel Heading(127250): values=Heading=(95.49 deg) Deviation=(None) Variation=(None) Reference=("1")

0  : pgn=127245 line=Rx 10311088 09 f1 0d 00 00 f8 ff 7f 00 00 ff ff
source=0: pgn=Rudder(127245): values=Instance=(0) DirectionOrder=("0") AngleOrder=(None) Position=(0.00 deg)

0  : pgn=65359  line=Rx 10311094 1c ff 4f 00 3b 9f ff ff ff 1b 41 ff
source=0: pgn=Seatalk: Pilot Heading(65359): values=ManufacturerCode=(1851) IndustryCode=(4) HeadingTrue=(None) HeadingMagnetic=(95.49 deg)

0  : pgn=126975 line=Rx 10311104 1d ef ff 00 00 08 3b 9f f0 81 9c d1
0  : pgn=126975 line=Rx 10311106 1d ef ff 00 01 02 00 ff ff ff ff ff
3  : pgn=129026 line=Tx 10311115 09 f8 02 03 ff fc 10 45 65 01 ff ff
source=3: pgn=COG & SOG, Rapid Update(129026): values=COGReference=("0") COG=(101.30 deg) SOG=(3.5700000000000003 m/s)

3  : pgn=130577 line=Tx 10311115 0d fe 11 03 a0 0e c0 76 10 45 65 01
3  : pgn=130577 line=Tx 10311115 0d fe 11 03 a1 ff ff ff ff 07 29 58
3  : pgn=130577 line=Tx 10311115 0d fe 11 03 a2 00 ff ff ff ff ff ff
3  : pgn=129025 line=Tx 10311115 09 f8 01 03 d3 72 6f 1c 33 80 fd b6
3  : pgn=130306 line=Tx 10311115 09 fd 02 03 ff 13 03 2b cb fa ff ff
source=3: pgn=Wind Data(130306): values=WindSpeed=(7.87 m/s) WindAngle=(298.00 deg) Reference=("2")

32 : pgn=128259 line=Rx 10311138 09 f5 03 20 7e 35 01 ff ff ff ff ff
source=32: pgn=Speed(128259): values=SpeedWaterReferenced=(3.09 m/s) SpeedGroundReferenced=(None) SpeedWaterReferencedType=(None) SpeedDirection=(None)

1  : pgn=129038 line=Rx 10311182 11 f8 0e 01 00 1b c1 fa 89 e8 15 75
1  : pgn=129038 line=Rx 10311182 11 f8 0e 01 01 7a 13 b7 f3 69 60 1c
source=1: pgn=AIS Class A Position Report(129038): values=MessageID=(1) RepeatIndicator=("0") UserID=(4088861562) Longitude=(0.0 deg) Latitude=(0.0 deg) PositionAccuracy=("0") RAIM=("0") TimeStamp=("0") COG=(0.00 deg) SOG=(0.0 m/s) CommunicationState=(0) AISTransceiverinformation=("0") Heading=(0.00 deg) RateofTurn=(0.00 deg/s) NavStatus=("0") SpecialManeuverIndicator=("0") Spare=(0) SequenceID=(0)

1  : pgn=129038 line=Rx 10311183 11 f8 0e 01 02 e0 d3 d6 7c 01 00 00
source=1: pgn=AIS Class A Position Report(129038): values=MessageID=(2) RepeatIndicator=("0") UserID=(2094453728) Longitude=(0.0 deg) Latitude=(0.0 deg) PositionAccuracy=("0") RAIM=("0") TimeStamp=("0") COG=(0.00 deg) SOG=(0.0 m/s) CommunicationState=(0) AISTransceiverinformation=("0") Heading=(0.00 deg) RateofTurn=(0.00 deg/s) NavStatus=("0") SpecialManeuverIndicator=("0") Spare=(0) SequenceID=(0)

1  : pgn=129038 line=Rx 10311183 11 f8 0e 01 03 00 c1 d6 d2 e5 ff fe
source=1: pgn=AIS Class A Position Report(129038): values=MessageID=(3) RepeatIndicator=("0") UserID=(3537289472) Longitude=(0.0 deg) Latitude=(0.0 deg) PositionAccuracy=("0") RAIM=("0") TimeStamp=("0") COG=(0.00 deg) SOG=(0.0 m/s) CommunicationState=(0) AISTransceiverinformation=("0") Heading=(0.00 deg) RateofTurn=(0.00 deg/s) NavStatus=("0") SpecialManeuverIndicator=("0") Spare=(0) SequenceID=(0)

0  : pgn=127250 line=Rx 10311188 09 f1 12 00 ff 21 41 ff 7f ff 7f fd
source=0: pgn=Vessel Heading(127250): values=Heading=(95.53 deg) Deviation=(None) Variation=(None) Reference=("1")

0  : pgn=127245 line=Rx 10311189 09 f1 0d 00 00 f8 ff 7f 00 00 ff ff
source=0: pgn=Rudder(127245): values=Instance=(0) DirectionOrder=("0") AngleOrder=(None) Position=(0.00 deg)

0  : pgn=65359  line=Rx 10311193 1c ff 4f 00 3b 9f ff ff ff 21 41 ff
source=0: pgn=Seatalk: Pilot Heading(65359): values=ManufacturerCode=(1851) IndustryCode=(4) HeadingTrue=(None) HeadingMagnetic=(95.53 deg)

3  : pgn=129283 line=Tx 10311217 0d f9 03 03 ff 7f ff ff ff 7f ff ff
source=3: pgn=Cross Track Error(129283): values=XTEmode=(None) NavigationTerminated=("1") XTE=(None)

3  : pgn=129025 line=Tx 10311217 09 f8 01 03 d3 72 6f 1c 33 80 fd b6
source=3: pgn=Position, Rapid Update(129025): values=Latitude=(47.706593899999994 deg) Longitude=(-122.4900557 deg)

3  : pgn=128267 line=Tx 10311217 0d f5 0b 03 ff 02 3d 00 00 00 00 ff
source=3: pgn=Water Depth(128267): values=Depth=(156.18 m) Offset=(0.0 m) Range=(None)

32 : pgn=128259 line=Rx 10311240 09 f5 03 20 7f 38 01 ff ff ff ff ff
source=32: pgn=Speed(128259): values=SpeedWaterReferenced=(3.12 m/s) SpeedGroundReferenced=(None) SpeedWaterReferencedType=(None) SpeedDirection=(None)

32 : pgn=130310 line=Rx 10311243 15 fd 06 20 bd ff ff ff ff ff ff ff
source=32: pgn=Environmental Parameters (obsolete)(130310): values=WaterTemperature=(None) OutsideAmbientAirTemperature=(None) AtmosphericPressure=(None)

32 : pgn=128275 line=Rx 10311253 19 f5 13 20 e0 0e ff ff ff ff ff ff
32 : pgn=128275 line=Rx 10311257 19 f5 13 20 e1 af ad 3c 00 af ad 3c
32 : pgn=128275 line=Rx 10311262 19 f5 13 20 e2 00 ff ff ff ff ff ff
0  : pgn=127250 line=Rx 10311287 09 f1 12 00 ff 27 41 ff 7f ff 7f fd
source=0: pgn=Vessel Heading(127250): values=Heading=(95.56 deg) Deviation=(None) Variation=(None) Reference=("1")

0  : pgn=127245 line=Rx 10311289 09 f1 0d 00 00 f8 ff 7f 00 00 ff ff
source=0: pgn=Rudder(127245): values=Instance=(0) DirectionOrder=("0") AngleOrder=(None) Position=(0.00 deg)

0  : pgn=65359  line=Rx 10311296 1c ff 4f 00 3b 9f ff ff ff 27 41 ff
source=0: pgn=Seatalk: Pilot Heading(65359): values=ManufacturerCode=(1851) IndustryCode=(4) HeadingTrue=(None) HeadingMagnetic=(95.56 deg)

1  : pgn=59936  line=Rx 10311302 18 ea 20 01 00 ee 00 00 00 00 00 00
3  : pgn=129026 line=Tx 10311317 09 f8 02 03 ff fc 45 45 65 01 ff ff
source=3: pgn=COG & SOG, Rapid Update(129026): values=COGReference=("0") COG=(101.60 deg) SOG=(3.5700000000000003 m/s)

3  : pgn=129025 line=Tx 10311317 09 f8 01 03 bc 72 6f 1c 92 80 fd b6
source=3: pgn=Position, Rapid Update(129025): values=Latitude=(47.706591599999996 deg) Longitude=(-122.4900462 deg)

3  : pgn=129542 line=Tx 10311317 19 fa 06 03 a0 0f 76 50 01 00 00 00
3  : pgn=129542 line=Tx 10311317 19 fa 06 03 a1 00 00 00 00 00 00 00
3  : pgn=129542 line=Tx 10311317 19 fa 06 03 a2 00 00 ff ff ff ff ff
3  : pgn=65364  line=Tx 10311317 1c ff 54 03 3b 9f 13 03 2b cb ff ff
32 : pgn=128259 line=Rx 10311337 09 f5 03 20 80 3a 01 ff ff ff ff ff
0  : pgn=127250 line=Rx 10311387 09 f1 12 00 ff 25 41 ff 7f ff 7f fd
source=0: pgn=Vessel Heading(127250): values=Heading=(95.55 deg) Deviation=(None) Variation=(None) Reference=("1")

0  : pgn=127245 line=Rx 10311388 09 f1 0d 00 00 f8 ff 7f 00 00 ff ff
source=0: pgn=Rudder(127245): values=Instance=(0) DirectionOrder=("0") AngleOrder=(None) Position=(0.00 deg)

0  : pgn=65359  line=Rx 10311392 1c ff 4f 00 3b 9f ff ff ff 25 41 ff
source=0: pgn=Seatalk: Pilot Heading(65359): values=ManufacturerCode=(1851) IndustryCode=(4) HeadingTrue=(None) HeadingMagnetic=(95.55 deg)

4  : pgn=65384  line=Rx 10311407 1c ff 68 04 3b 9f 00 00 00 00 00 00
3  : pgn=129540 line=Tx 10311418 19 fa 04 03 e0 9f 98 ff 0d 03 97 1a
source=3: pgn=GNSS Sats in View(129540): values=RangeResidualMode=(None) SatsinView=(152) PRN=(None) Elevation=(4.47 deg) Azimuth=(39.00 deg) SNR=(0.0 dB) Rangeresiduals=(0) Status=("0")

3  : pgn=129540 line=Tx 10311418 19 fa 04 03 e1 2e 26 00 00 00 00 00
source=3: pgn=GNSS Sats in View(129540): values=RangeResidualMode=("0") SatsinView=(38) PRN=(0) Elevation=(0.00 deg) Azimuth=(0.00 deg) SNR=(0.0 dB) Rangeresiduals=(0) Status=("0")

3  : pgn=129540 line=Tx 10311418 19 fa 04 03 e2 00 f3 0f ff 1d 5c 3d
source=3: pgn=GNSS Sats in View(129540): values=RangeResidualMode=("0") SatsinView=(243) PRN=(15) Elevation=(44.00 deg) Azimuth=(90.00 deg) SNR=(0.0 dB) Rangeresiduals=(0) Status=("0")

3  : pgn=129540 line=Tx 10311418 19 fa 04 03 e3 b8 0b 00 00 00 00 f5
source=3: pgn=GNSS Sats in View(129540): values=RangeResidualMode=("0") SatsinView=(11) PRN=(0) Elevation=(0.00 deg) Azimuth=(359.36 deg) SNR=(0.0 dB) Rangeresiduals=(0) Status=("0")

3  : pgn=129540 line=Tx 10311418 19 fa 04 03 e4 10 17 13 71 b9 1c 0c
source=3: pgn=GNSS Sats in View(129540): values=RangeResidualMode=("0") SatsinView=(23) PRN=(19) Elevation=(-103.49 deg) Azimuth=(17.76 deg) SNR=(0.0 dB) Rangeresiduals=(0) Status=("0")

3  : pgn=129540 line=Tx 10311418 19 fa 04 03 e5 00 00 00 00 f5 12 c5
source=3: pgn=GNSS Sats in View(129540): values=RangeResidualMode=("0") SatsinView=(0) PRN=(0) Elevation=(-16.13 deg) Azimuth=(289.06 deg) SNR=(0.0 dB) Rangeresiduals=(0) Status=("0")

3  : pgn=129540 line=Tx 10311418 19 fa 04 03 e6 31 f2 93 48 0d 00 00
source=3: pgn=GNSS Sats in View(129540): values=RangeResidualMode=("1") SatsinView=(242) PRN=(147) Elevation=(19.48 deg) Azimuth=(0.00 deg) SNR=(0.0 dB) Rangeresiduals=(0) Status=("0")

3  : pgn=129540 line=Tx 10311418 19 fa 04 03 e7 00 00 f5 13 69 03 1f
source=3: pgn=GNSS Sats in View(129540): values=RangeResidualMode=("0") SatsinView=(0) PRN=(245) Elevation=(154.12 deg) Azimuth=(45.49 deg) SNR=(0.0 dB) Rangeresiduals=(0) Status=("0")

3  : pgn=129540 line=Tx 10311418 19 fa 04 03 e8 d8 10 0e 00 00 00 00
source=3: pgn=GNSS Sats in View(129540): values=RangeResidualMode=("0") SatsinView=(16) PRN=(14) Elevation=(0.00 deg) Azimuth=(0.00 deg) SNR=(0.0 dB) Rangeresiduals=(0) Status=("0")

3  : pgn=129540 line=Tx 10311418 19 fa 04 03 e9 f5 15 e8 37 ba 20 80
source=3: pgn=GNSS Sats in View(129540): values=RangeResidualMode=("1") SatsinView=(21) PRN=(232) Elevation=(-102.36 deg) Azimuth=(187.93 deg) SNR=(0.0 dB) Rangeresiduals=(0) Status=("0")

3  : pgn=129540 line=Tx 10311418 19 fa 04 03 ea 0c 00 00 00 00 f5 16
source=3: pgn=GNSS Sats in View(129540): values=RangeResidualMode=("0") SatsinView=(0) PRN=(0) Elevation=(0.00 deg) Azimuth=(33.67 deg) SNR=(0.0 dB) Rangeresiduals=(0) Status=("0")

3  : pgn=129540 line=Tx 10311419 19 fa 04 03 eb d1 15 cf 9c 04 10 00
source=3: pgn=GNSS Sats in View(129540): values=RangeResidualMode=("1") SatsinView=(21) PRN=(207) Elevation=(6.76 deg) Azimuth=(0.09 deg) SNR=(0.0 dB) Rangeresiduals=(0) Status=("0")

3  : pgn=129540 line=Tx 10311420 19 fa 04 03 ec 00 00 00 f5 1a ae 0f
source=3: pgn=GNSS Sats in View(129540): values=RangeResidualMode=("0") SatsinView=(0) PRN=(0) Elevation=(39.54 deg) Azimuth=(23.00 deg) SNR=(0.0 dB) Rangeresiduals=(0) Status=("0")

3  : pgn=129540 line=Tx 10311420 19 fa 04 03 ed 5d 1f ac 0d 00 00 00
source=3: pgn=GNSS Sats in View(129540): values=RangeResidualMode=("1") SatsinView=(31) PRN=(172) Elevation=(0.07 deg) Azimuth=(0.00 deg) SNR=(0.0 dB) Rangeresiduals=(0) Status=("0")

3  : pgn=129540 line=Tx 10311422 19 fa 04 03 ee 00 f5 1b d1 15 ab d2
source=3: pgn=GNSS Sats in View(129540): values=RangeResidualMode=("0") SatsinView=(245) PRN=(27) Elevation=(32.00 deg) Azimuth=(309.00 deg) SNR=(0.0 dB) Rangeresiduals=(0) Status=("0")

3  : pgn=129540 line=Tx 10311423 19 fa 04 03 ef d8 0e 00 00 00 00 f5
source=3: pgn=GNSS Sats in View(129540): values=RangeResidualMode=("0") SatsinView=(14) PRN=(0) Elevation=(0.00 deg) Azimuth=(359.36 deg) SNR=(0.0 dB) Rangeresiduals=(0) Status=("0")

3  : pgn=129540 line=Tx 10311423 19 fa 04 03 f0 1d 00 0f a1 67 54 0b
source=3: pgn=GNSS Sats in View(129540): values=RangeResidualMode=("1") SatsinView=(0) PRN=(15) Elevation=(152.00 deg) Azimuth=(16.62 deg) SNR=(0.0 dB) Rangeresiduals=(0) Status=("0")

3  : pgn=129540 line=Tx 10311424 19 fa 04 03 f1 00 00 00 00 f5 23 d1
source=3: pgn=GNSS Sats in View(129540): values=RangeResidualMode=("0") SatsinView=(0) PRN=(0) Elevation=(-16.13 deg) Azimuth=(306.76 deg) SNR=(0.0 dB) Rangeresiduals=(0) Status=("0")

3  : pgn=129540 line=Tx 10311425 19 fa 04 03 f2 15 c3 8b 00 00 00 00
source=3: pgn=GNSS Sats in View(129540): values=RangeResidualMode=("1") SatsinView=(195) PRN=(139) Elevation=(0.00 deg) Azimuth=(0.00 deg) SNR=(0.0 dB) Rangeresiduals=(0) Status=("0")

3  : pgn=129540 line=Tx 10311425 19 fa 04 03 f3 00 00 f3 30 2e 17 43
source=3: pgn=GNSS Sats in View(129540): values=RangeResidualMode=("0") SatsinView=(0) PRN=(243) Elevation=(67.75 deg) Azimuth=(98.41 deg) SNR=(0.0 dB) Rangeresiduals=(0) Status=("0")

3  : pgn=129540 line=Tx 10311426 19 fa 04 03 f4 84 ac 0d 00 00 00 00
source=3: pgn=GNSS Sats in View(129540): values=RangeResidualMode=("0") SatsinView=(172) PRN=(13) Elevation=(0.00 deg) Azimuth=(0.00 deg) SNR=(0.0 dB) Rangeresiduals=(0) Status=("0")

3  : pgn=129540 line=Tx 10311428 19 fa 04 03 f5 f5 33 80 16 67 6c a0
source=3: pgn=GNSS Sats in View(129540): values=RangeResidualMode=("1") SatsinView=(51) PRN=(128) Elevation=(151.20 deg) Azimuth=(235.30 deg) SNR=(0.0 dB) Rangeresiduals=(0) Status=("0")

3  : pgn=129540 line=Tx 10311429 19 fa 04 03 f6 0f 00 00 00 00 f5 ff
source=3: pgn=GNSS Sats in View(129540): values=RangeResidualMode=(None) SatsinView=(0) PRN=(0) Elevation=(0.00 deg) Azimuth=(375.43 deg) SNR=(0.0 dB) Rangeresiduals=(0) Status=("0")

3  : pgn=129025 line=Tx 10311429 09 f8 01 03 bc 72 6f 1c 92 80 fd b6
source=3: pgn=Position, Rapid Update(129025): values=Latitude=(47.706591599999996 deg) Longitude=(-122.4900462 deg)

3  : pgn=127258 line=Tx 10311430 19 f1 1a 03 ff f6 12 39 fa 0a ff ff
source=3: pgn=Magnetic Variation(127258): values=Source=("6") Ageofservice=(14610 d) Variation=(16.10 deg)

32 : pgn=128259 line=Rx 10311437 09 f5 03 20 81 39 01 ff ff ff ff ff
source=32: pgn=Speed(128259): values=SpeedWaterReferenced=(3.13 m/s) SpeedGroundReferenced=(None) SpeedWaterReferencedType=(None) SpeedDirection=(None)

0  : pgn=127250 line=Rx 10311487 09 f1 12 00 ff 27 41 ff 7f ff 7f fd
source=0: pgn=Vessel Heading(127250): values=Heading=(95.56 deg) Deviation=(None) Variation=(None) Reference=("1")

0  : pgn=127245 line=Rx 10311488 09 f1 0d 00 00 f8 ff 7f 00 00 ff ff
source=0: pgn=Rudder(127245): values=Instance=(0) DirectionOrder=("0") AngleOrder=(None) Position=(0.00 deg)

0  : pgn=65359  line=Rx 10311494 1c ff 4f 00 3b 9f ff ff ff 27 41 ff
source=0: pgn=Seatalk: Pilot Heading(65359): values=ManufacturerCode=(1851) IndustryCode=(4) HeadingTrue=(None) HeadingMagnetic=(95.56 deg)

3  : pgn=129026 line=Tx 10311518 09 f8 02 03 ff fc 79 45 65 01 ff ff
source=3: pgn=COG & SOG, Rapid Update(129026): values=COGReference=("0") COG=(101.90 deg) SOG=(3.5700000000000003 m/s)

3  : pgn=129025 line=Tx 10311518 09 f8 01 03 8e 72 6f 1c 4a 81 fd b6
source=3: pgn=Position, Rapid Update(129025): values=Latitude=(47.706587 deg) Longitude=(-122.4900278 deg)

32 : pgn=128259 line=Rx 10311536 09 f5 03 20 82 36 01 ff ff ff ff ff
source=32: pgn=Speed(128259): values=SpeedWaterReferenced=(3.1 m/s) SpeedGroundReferenced=(None) SpeedWaterReferencedType=(None) SpeedDirection=(None)

1  : pgn=129038 line=Rx 10311574 11 f8 0e 01 20 1b c1 76 c0 e0 15 0a
1  : pgn=129038 line=Rx 10311574 11 f8 0e 01 21 a8 0c b7 fc 5f 69 1c
1  : pgn=129038 line=Rx 10311575 11 f8 0e 01 22 e0 ac 72 00 00 00 00
1  : pgn=129038 line=Rx 10311575 11 f8 0e 01 23 00 ff ff ff 7f ff fe
0  : pgn=127250 line=Rx 10311587 09 f1 12 00 ff 26 41 ff 7f ff 7f fd
source=0: pgn=Vessel Heading(127250): values=Heading=(95.56 deg) Deviation=(None) Variation=(None) Reference=("1")

0  : pgn=127245 line=Rx 10311588 09 f1 0d 00 00 f8 ff 7f 00 00 ff ff
source=0: pgn=Rudder(127245): values=Instance=(0) DirectionOrder=("0") AngleOrder=(None) Position=(0.00 deg)

0  : pgn=65379  line=Rx 10311592 1c ff 63 00 3b 9f 00 00 00 00 01 ff
source=0: pgn=Seatalk: Pilot Mode(65379): values=ManufacturerCode=(1851) IndustryCode=(4) PilotMode=(0) SubMode=(0) PilotModeData=(0)

0  : pgn=65359  line=Rx 10311593 1c ff 4f 00 3b 9f ff ff ff 26 41 ff
source=0: pgn=Seatalk: Pilot Heading(65359): values=ManufacturerCode=(1851) IndustryCode=(4) HeadingTrue=(None) HeadingMagnetic=(95.56 deg)

0  : pgn=126975 line=Rx 10311602 1d ef ff 00 20 0d 3b 9f f0 81 84 d6
0  : pgn=126975 line=Rx 10311604 1d ef ff 00 21 42 0b 00 00 00 02 05
1  : pgn=129038 line=Rx 10311606 11 f8 0e 01 40 1b c1 fa 6c e7 15 c1
1  : pgn=129038 line=Rx 10311606 11 f8 0e 01 41 b5 0f b7 91 f8 67 1c
1  : pgn=129038 line=Rx 10311607 11 f8 0e 01 42 e4 a8 11 00 00 00 00
1  : pgn=129038 line=Rx 10311608 11 f8 0e 01 43 00 ff ff ff 7f ff fe
3  : pgn=129029 line=Tx 10311619 0d f8 05 03 a0 2b 76 06 40 e0 fd 0e
3  : pgn=129029 line=Tx 10311619 0d f8 05 03 a1 2c 00 0c d0 93 e1 e0
3  : pgn=129029 line=Tx 10311619 0d f8 05 03 a2 9e 06 00 64 88 dc af
3  : pgn=129029 line=Tx 10311619 0d f8 05 03 a3 47 00 ef ff ff ff ff
3  : pgn=129029 line=Tx 10311619 0d f8 05 03 a4 ff ff ff 7f 23 fc 09
3  : pgn=129029 line=Tx 10311619 0d f8 05 03 a5 54 00 ff 7f ff ff ff
3  : pgn=129029 line=Tx 10311619 0d f8 05 03 a6 7f 00 ff ff ff ff ff
3  : pgn=129025 line=Tx 10311619 09 f8 01 03 8e 72 6f 1c 4a 81 fd b6
source=3: pgn=Position, Rapid Update(129025): values=Latitude=(47.706587 deg) Longitude=(-122.4900278 deg)

3  : pgn=129033 line=Tx 10311619 0d f8 09 03 06 40 e0 fd 0e 2c 5c fe
source=3: pgn=Time & Date(129033): values=Date=(16390 d) Time=(73918.0 s) LocalOffset=(-25200.0 s)

32 : pgn=128259 line=Rx 10311636 09 f5 03 20 83 3b 01 ff ff ff ff ff
source=32: pgn=Speed(128259): values=SpeedWaterReferenced=(3.15 m/s) SpeedGroundReferenced=(None) SpeedWaterReferencedType=(None) SpeedDirection=(None)

0  : pgn=127250 line=Rx 10311687 09 f1 12 00 ff 26 41 ff 7f ff 7f fd
source=0: pgn=Vessel Heading(127250): values=Heading=(95.56 deg) Deviation=(None) Variation=(None) Reference=("1")

0  : pgn=127245 line=Rx 10311688 09 f1 0d 00 00 f8 ff 7f 00 00 ff ff
source=0: pgn=Rudder(127245): values=Instance=(0) DirectionOrder=("0") AngleOrder=(None) Position=(0.00 deg)

0  : pgn=65359  line=Rx 10311694 1c ff 4f 00 3b 9f ff ff ff 26 41 ff
source=0: pgn=Seatalk: Pilot Heading(65359): values=ManufacturerCode=(1851) IndustryCode=(4) HeadingTrue=(None) HeadingMagnetic=(95.56 deg)

0  : pgn=126975 line=Rx 10311697 1d ef ff 00 40 09 3b 9f f0 81 ae 02
0  : pgn=126975 line=Rx 10311699 1d ef ff 00 41 00 08 00 ff ff ff ff
3  : pgn=129026 line=Tx 10311719 09 f8 02 03 ff fc 79 45 65 01 ff ff
source=3: pgn=COG & SOG, Rapid Update(129026): values=COGReference=("0") COG=(101.90 deg) SOG=(3.5700000000000003 m/s)

3  : pgn=129025 line=Tx 10311719 09 f8 01 03 8e 72 6f 1c 4a 81 fd b6
source=3: pgn=Position, Rapid Update(129025): values=Latitude=(47.706587 deg) Longitude=(-122.4900278 deg)

3  : pgn=126992 line=Tx 10311719 0d f0 10 03 ff ff 06 40 e0 fd 0e 2c
source=3: pgn=System Time(126992): values=Source=(None) Date=(16390 d) Time=(73918.0 s)

32 : pgn=128259 line=Rx 10311735 09 f5 03 20 84 2b 01 ff ff ff ff ff
source=32: pgn=Speed(128259): values=SpeedWaterReferenced=(2.99 m/s) SpeedGroundReferenced=(None) SpeedWaterReferencedType=(None) SpeedDirection=(None)

0  : pgn=127250 line=Rx 10311787 09 f1 12 00 ff 1f 41 ff 7f ff 7f fd
source=0: pgn=Vessel Heading(127250): values=Heading=(95.52 deg) Deviation=(None) Variation=(None) Reference=("1")

0  : pgn=127245 line=Rx 10311787 09 f1 0d 00 00 f8 ff 7f 00 00 ff ff
source=0: pgn=Rudder(127245): values=Instance=(0) DirectionOrder=("0") AngleOrder=(None) Position=(0.00 deg)

0  : pgn=65359  line=Rx 10311793 1c ff 4f 00 3b 9f ff ff ff 1f 41 ff
source=0: pgn=Seatalk: Pilot Heading(65359): values=ManufacturerCode=(1851) IndustryCode=(4) HeadingTrue=(None) HeadingMagnetic=(95.52 deg)

0  : pgn=126975 line=Rx 10311797 1d ef ff 00 60 07 3b 9f f0 81 90 10
0  : pgn=126975 line=Rx 10311799 1d ef ff 00 61 05 ff ff ff ff ff ff
3  : pgn=129025 line=Tx 10311820 09 f8 01 03 7b 72 6f 1c 8f 81 fd b6
source=3: pgn=Position, Rapid Update(129025): values=Latitude=(47.7065851 deg) Longitude=(-122.49002089999999 deg)

32 : pgn=128259 line=Rx 10311835 09 f5 03 20 85 3b 01 ff ff ff ff ff
source=32: pgn=Speed(128259): values=SpeedWaterReferenced=(3.15 m/s) SpeedGroundReferenced=(None) SpeedWaterReferencedType=(None) SpeedDirection=(None)

0  : pgn=127250 line=Rx 10311886 09 f1 12 00 ff 19 41 ff 7f ff 7f fd
source=0: pgn=Vessel Heading(127250): values=Heading=(95.48 deg) Deviation=(None) Variation=(None) Reference=("1")

0  : pgn=127245 line=Rx 10311887 09 f1 0d 00 00 f8 ff 7f 00 00 ff ff
source=0: pgn=Rudder(127245): values=Instance=(0) DirectionOrder=("0") AngleOrder=(None) Position=(0.00 deg)

0  : pgn=65359  line=Rx 10311894 1c ff 4f 00 3b 9f ff ff ff 19 41 ff
source=0: pgn=Seatalk: Pilot Heading(65359): values=ManufacturerCode=(1851) IndustryCode=(4) HeadingTrue=(None) HeadingMagnetic=(95.48 deg)

3  : pgn=129026 line=Tx 10311921 09 f8 02 03 ff fc ad 45 65 01 ff ff
source=3: pgn=COG & SOG, Rapid Update(129026): values=COGReference=("0") COG=(102.20 deg) SOG=(3.5700000000000003 m/s)

3  : pgn=129025 line=Tx 10311921 09 f8 01 03 7b 72 6f 1c 8f 81 fd b6
source=3: pgn=Position, Rapid Update(129025): values=Latitude=(47.7065851 deg) Longitude=(-122.49002089999999 deg)

3  : pgn=129291 line=Tx 10311921 0d f9 0b 03 ff fc 1d 24 46 00 ff ff
source=3: pgn=Set & Drift, Rapid Update(129291): values=SetReference=("0") Set=(52.97 deg) Drift=(0.7000000000000001 m/s)

32 : pgn=128259 line=Rx 10311934 09 f5 03 20 86 34 01 ff ff ff ff ff
source=32: pgn=Speed(128259): values=SpeedWaterReferenced=(3.08 m/s) SpeedGroundReferenced=(None) SpeedWaterReferencedType=(None) SpeedDirection=(None)

0  : pgn=127250 line=Rx 10311986 09 f1 12 00 ff 07 41 ff 7f ff 7f fd
source=0: pgn=Vessel Heading(127250): values=Heading=(95.38 deg) Deviation=(None) Variation=(None) Reference=("1")

0  : pgn=127245 line=Rx 10311987 09 f1 0d 00 00 f8 ff 7f 00 00 ff ff
source=0: pgn=Rudder(127245): values=Instance=(0) DirectionOrder=("0") AngleOrder=(None) Position=(0.00 deg)

0  : pgn=65359  line=Rx 10311991 1c ff 4f 00 3b 9f ff ff ff 07 41 ff
source=0: pgn=Seatalk: Pilot Heading(65359): values=ManufacturerCode=(1851) IndustryCode=(4) HeadingTrue=(None) HeadingMagnetic=(95.38 deg)

3  : pgn=129025 line=Tx 10312020 09 f8 01 03 7b 72 6f 1c 8f 81 fd b6
source=3: pgn=Position, Rapid Update(129025): values=Latitude=(47.7065851 deg) Longitude=(-122.49002089999999 deg)

1  : pgn=129038 line=Rx 10312032 11 f8 0e 01 60 1b c1 84 b4 de 15 9a
1  : pgn=129038 line=Rx 10312032 11 f8 0e 01 61 35 0c b7 8f 63 69 1c
1  : pgn=129038 line=Rx 10312033 11 f8 0e 01 62 e4 a8 11 00 00 00 00
1  : pgn=129038 line=Rx 10312033 11 f8 0e 01 63 00 ff ff ff 7f f0 fe
32 : pgn=128259 line=Rx 10312034 09 f5 03 20 87 41 01 ff ff ff ff ff
source=32: pgn=Speed(128259): values=SpeedWaterReferenced=(3.21 m/s) SpeedGroundReferenced=(None) SpeedWaterReferencedType=(None) SpeedDirection=(None)

0  : pgn=127250 line=Rx 10312087 09 f1 12 00 ff 00 41 ff 7f ff 7f fd
source=0: pgn=Vessel Heading(127250): values=Heading=(95.34 deg) Deviation=(None) Variation=(None) Reference=("1")

0  : pgn=127245 line=Rx 10312088 09 f1 0d 00 00 f8 ff 7f 00 00 ff ff
source=0: pgn=Rudder(127245): values=Instance=(0) DirectionOrder=("0") AngleOrder=(None) Position=(0.00 deg)

0  : pgn=65359  line=Rx 10312095 1c ff 4f 00 3b 9f ff ff ff 00 41 ff
source=0: pgn=Seatalk: Pilot Heading(65359): values=ManufacturerCode=(1851) IndustryCode=(4) HeadingTrue=(None) HeadingMagnetic=(95.34 deg)

0  : pgn=126975 line=Rx 10312102 1d ef ff 00 80 08 3b 9f f0 81 9c d1
0  : pgn=126975 line=Rx 10312104 1d ef ff 00 81 02 00 ff ff ff ff ff
3  : pgn=129026 line=Tx 10312121 09 f8 02 03 ff fc f3 45 67 01 ff ff
source=3: pgn=COG & SOG, Rapid Update(129026): values=COGReference=("0") COG=(102.60 deg) SOG=(3.59 m/s)

3  : pgn=130577 line=Tx 10312121 0d fe 11 03 c0 0e c0 77 f3 45 67 01
3  : pgn=130577 line=Tx 10312121 0d fe 11 03 c1 ff ff ff ff 1d 24 46
3  : pgn=130577 line=Tx 10312121 0d fe 11 03 c2 00 ff ff ff ff ff ff
3  : pgn=129025 line=Tx 10312121 09 f8 01 03 65 72 6f 1c f2 81 fd b6
3  : pgn=130306 line=Tx 10312121 09 fd 02 03 ff 13 03 ce c9 fa ff ff
source=3: pgn=Wind Data(130306): values=WindSpeed=(7.87 m/s) WindAngle=(296.00 deg) Reference=("2")

32 : pgn=128259 line=Rx 10312133 09 f5 03 20 88 3c 01 ff ff ff ff ff
source=32: pgn=Speed(128259): values=SpeedWaterReferenced=(3.16 m/s) SpeedGroundReferenced=(None) SpeedWaterReferencedType=(None) SpeedDirection=(None)

0  : pgn=127250 line=Rx 10312187 09 f1 12 00 ff f7 40 ff 7f ff 7f fd
source=0: pgn=Vessel Heading(127250): values=Heading=(95.29 deg) Deviation=(None) Variation=(None) Reference=("1")

0  : pgn=127245 line=Rx 10312187 09 f1 0d 00 00 f8 ff 7f 00 00 ff ff
source=0: pgn=Rudder(127245): values=Instance=(0) DirectionOrder=("0") AngleOrder=(None) Position=(0.00 deg)

0  : pgn=65359  line=Rx 10312192 1c ff 4f 00 3b 9f ff ff ff f7 40 ff
source=0: pgn=Seatalk: Pilot Heading(65359): values=ManufacturerCode=(1851) IndustryCode=(4) HeadingTrue=(None) HeadingMagnetic=(95.29 deg)

1  : pgn=129038 line=Rx 10312214 11 f8 0e 01 80 1b c1 14 8c db 15 0e
1  : pgn=129038 line=Rx 10312214 11 f8 0e 01 81 6a 0d b7 f2 be 7f 1c
1  : pgn=129038 line=Rx 10312215 11 f8 0e 01 82 e9 b3 46 00 00 00 00
1  : pgn=129038 line=Rx 10312215 11 f8 0e 01 83 00 f3 48 00 00 ff fe
3  : pgn=129283 line=Tx 10312222 0d f9 03 03 ff 7f ff ff ff 7f ff ff
source=3: pgn=Cross Track Error(129283): values=XTEmode=(None) NavigationTerminated=("1") XTE=(None)

3  : pgn=129025 line=Tx 10312222 09 f8 01 03 65 72 6f 1c f2 81 fd b6
source=3: pgn=Position, Rapid Update(129025): values=Latitude=(47.7065829 deg) Longitude=(-122.490011 deg)

3  : pgn=128267 line=Tx 10312222 0d f5 0b 03 ff 08 3d 00 00 00 00 ff
source=3: pgn=Water Depth(128267): values=Depth=(156.24 m) Offset=(0.0 m) Range=(None)

32 : pgn=128259 line=Rx 10312235 09 f5 03 20 89 3b 01 ff ff ff ff ff
source=32: pgn=Speed(128259): values=SpeedWaterReferenced=(3.15 m/s) SpeedGroundReferenced=(None) SpeedWaterReferencedType=(None) SpeedDirection=(None)

32 : pgn=130310 line=Rx 10312238 15 fd 06 20 be ff ff ff ff ff ff ff
source=32: pgn=Environmental Parameters (obsolete)(130310): values=WaterTemperature=(None) OutsideAmbientAirTemperature=(None) AtmosphericPressure=(None)

32 : pgn=128275 line=Rx 10312248 19 f5 13 20 00 0e ff ff ff ff ff ff
source=32: pgn=Distance Log(128275): values=Date=(3584 d) Time=(None) Log=(0 m) TripLog=(0 m)

32 : pgn=128275 line=Rx 10312253 19 f5 13 20 01 af ad 3c 00 af ad 3c
source=32: pgn=Distance Log(128275): values=Date=(44801 d) Time=(293602.8333 s) Log=(0 m) TripLog=(0 m)

32 : pgn=128275 line=Rx 10312258 19 f5 13 20 02 00 ff ff ff ff ff ff
source=32: pgn=Distance Log(128275): values=Date=(2 d) Time=(None) Log=(0 m) TripLog=(0 m)

1  : pgn=59936  line=Rx 10312277 18 ea 20 01 00 ee 00 00 00 00 00 00
1  : pgn=129038 line=Rx 10312277 11 f8 0e 01 a0 1b c3 fa 89 e8 15 7a
1  : pgn=129038 line=Rx 10312278 11 f8 0e 01 a1 77 13 b7 bd 6b 60 1c
1  : pgn=129038 line=Rx 10312278 11 f8 0e 01 a2 e8 6a d6 77 01 00 00
1  : pgn=129038 line=Rx 10312279 11 f8 0e 01 a3 00 70 d7 00 00 ff fe
0  : pgn=127250 line=Rx 10312286 09 f1 12 00 ff ee 40 ff 7f ff 7f fd
source=0: pgn=Vessel Heading(127250): values=Heading=(95.24 deg) Deviation=(None) Variation=(None) Reference=("1")

0  : pgn=127245 line=Rx 10312287 09 f1 0d 00 00 f8 ff 7f 00 00 ff ff
source=0: pgn=Rudder(127245): values=Instance=(0) DirectionOrder=("0") AngleOrder=(None) Position=(0.00 deg)

0  : pgn=65359  line=Rx 10312295 1c ff 4f 00 3b 9f ff ff ff ee 40 ff
source=0: pgn=Seatalk: Pilot Heading(65359): values=ManufacturerCode=(1851) IndustryCode=(4) HeadingTrue=(None) HeadingMagnetic=(95.24 deg)

3  : pgn=129026 line=Tx 10312322 09 f8 02 03 ff fc f3 45 67 01 ff ff
source=3: pgn=COG & SOG, Rapid Update(129026): values=COGReference=("0") COG=(102.60 deg) SOG=(3.59 m/s)

3  : pgn=129025 line=Tx 10312322 09 f8 01 03 65 72 6f 1c f2 81 fd b6
source=3: pgn=Position, Rapid Update(129025): values=Latitude=(47.7065829 deg) Longitude=(-122.490011 deg)

3  : pgn=129542 line=Tx 10312322 19 fa 06 03 c0 0f 77 57 01 00 00 00
3  : pgn=129542 line=Tx 10312322 19 fa 06 03 c1 00 00 00 00 00 00 00
3  : pgn=129542 line=Tx 10312322 19 fa 06 03 c2 00 00 ff ff ff ff ff
3  : pgn=65364  line=Tx 10312322 1c ff 54 03 3b 9f 13 03 ce c9 ff ff
32 : pgn=128259 line=Rx 10312333 09 f5 03 20 8a 3e 01 ff ff ff ff ff
source=32: pgn=Speed(128259): values=SpeedWaterReferenced=(3.18 m/s) SpeedGroundReferenced=(None) SpeedWaterReferencedType=(None) SpeedDirection=(None)

1  : pgn=129038 line=Rx 10312338 11 f8 0e 01 c0 1b c1 f8 9b 13 12 76
1  : pgn=129038 line=Rx 10312338 11 f8 0e 01 c1 69 0e b7 18 02 64 1c
1  : pgn=129038 line=Rx 10312339 11 f8 0e 01 c2 e7 15 5e 05 00 00 00
1  : pgn=129038 line=Rx 10312339 11 f8 0e 01 c3 00 ff ff ff 7f f0 fe
0  : pgn=127250 line=Rx 10312387 09 f1 12 00 ff ea 40 ff 7f ff 7f fd
source=0: pgn=Vessel Heading(127250): values=Heading=(95.21 deg) Deviation=(None) Variation=(None) Reference=("1")

0  : pgn=127245 line=Rx 10312387 09 f1 0d 00 00 f8 ff 7f 00 00 ff ff
source=0: pgn=Rudder(127245): values=Instance=(0) DirectionOrder=("0") AngleOrder=(None) Position=(0.00 deg)

0  : pgn=65359  line=Rx 10312392 1c ff 4f 00 3b 9f ff ff ff ea 40 ff
source=0: pgn=Seatalk: Pilot Heading(65359): values=ManufacturerCode=(1851) IndustryCode=(4) HeadingTrue=(None) HeadingMagnetic=(95.21 deg)

4  : pgn=65384  line=Rx 10312407 1c ff 68 04 3b 9f 00 00 00 00 00 00
3  : pgn=129540 line=Tx 10312423 19 fa 04 03 00 9f 99 ff 0d 03 97 1a
source=3: pgn=GNSS Sats in View(129540): values=RangeResidualMode=(None) SatsinView=(153) PRN=(None) Elevation=(4.47 deg) Azimuth=(39.00 deg) SNR=(0.0 dB) Rangeresiduals=(0) Status=("0")

3  : pgn=129540 line=Tx 10312423 19 fa 04 03 01 2e 26 00 00 00 00 00
source=3: pgn=GNSS Sats in View(129540): values=RangeResidualMode=("0") SatsinView=(38) PRN=(0) Elevation=(0.00 deg) Azimuth=(0.00 deg) SNR=(0.0 dB) Rangeresiduals=(0) Status=("0")

3  : pgn=129540 line=Tx 10312423 19 fa 04 03 02 00 f3 0f ff 1d 5c 3d
source=3: pgn=GNSS Sats in View(129540): values=RangeResidualMode=("0") SatsinView=(243) PRN=(15) Elevation=(44.00 deg) Azimuth=(90.00 deg) SNR=(0.0 dB) Rangeresiduals=(0) Status=("0")

3  : pgn=129540 line=Tx 10312423 19 fa 04 03 03 80 0c 00 00 00 00 f5
source=3: pgn=GNSS Sats in View(129540): values=RangeResidualMode=("0") SatsinView=(12) PRN=(0) Elevation=(0.00 deg) Azimuth=(359.36 deg) SNR=(0.0 dB) Rangeresiduals=(0) Status=("0")

3  : pgn=129540 line=Tx 10312423 19 fa 04 03 04 10 17 13 71 b9 b8 0b
source=3: pgn=GNSS Sats in View(129540): values=RangeResidualMode=("0") SatsinView=(23) PRN=(19) Elevation=(-103.49 deg) Azimuth=(17.19 deg) SNR=(0.0 dB) Rangeresiduals=(0) Status=("0")

3  : pgn=129540 line=Tx 10312423 19 fa 04 03 05 00 00 00 00 f5 12 c5
source=3: pgn=GNSS Sats in View(129540): values=RangeResidualMode=("0") SatsinView=(0) PRN=(0) Elevation=(-16.13 deg) Azimuth=(289.06 deg) SNR=(0.0 dB) Rangeresiduals=(0) Status=("0")

3  : pgn=129540 line=Tx 10312423 19 fa 04 03 06 31 f2 93 48 0d 00 00
source=3: pgn=GNSS Sats in View(129540): values=RangeResidualMode=("1") SatsinView=(242) PRN=(147) Elevation=(19.48 deg) Azimuth=(0.00 deg) SNR=(0.0 dB) Rangeresiduals=(0) Status=("0")

3  : pgn=129540 line=Tx 10312423 19 fa 04 03 07 00 00 f5 13 69 03 1f
source=3: pgn=GNSS Sats in View(129540): values=RangeResidualMode=("0") SatsinView=(0) PRN=(245) Elevation=(154.12 deg) Azimuth=(45.49 deg) SNR=(0.0 dB) Rangeresiduals=(0) Status=("0")

3  : pgn=129540 line=Tx 10312423 19 fa 04 03 08 d8 48 0d 00 00 00 00
source=3: pgn=GNSS Sats in View(129540): values=RangeResidualMode=("0") SatsinView=(72) PRN=(13) Elevation=(0.00 deg) Azimuth=(0.00 deg) SNR=(0.0 dB) Rangeresiduals=(0) Status=("0")

3  : pgn=129540 line=Tx 10312423 19 fa 04 03 09 f5 15 e8 37 ba 20 ac
source=3: pgn=GNSS Sats in View(129540): values=RangeResidualMode=("1") SatsinView=(21) PRN=(232) Elevation=(-102.36 deg) Azimuth=(252.47 deg) SNR=(0.0 dB) Rangeresiduals=(0) Status=("0")

3  : pgn=129540 line=Tx 10312423 19 fa 04 03 0a 0d 00 00 00 00 f5 16
source=3: pgn=GNSS Sats in View(129540): values=RangeResidualMode=("1") SatsinView=(0) PRN=(0) Elevation=(0.00 deg) Azimuth=(33.67 deg) SNR=(0.0 dB) Rangeresiduals=(0) Status=("0")

3  : pgn=129540 line=Tx 10312424 19 fa 04 03 0b d1 15 cf 9c 48 0d 00
source=3: pgn=GNSS Sats in View(129540): values=RangeResidualMode=("1") SatsinView=(21) PRN=(207) Elevation=(106.50 deg) Azimuth=(0.07 deg) SNR=(0.0 dB) Rangeresiduals=(0) Status=("0")

3  : pgn=129540 line=Tx 10312425 19 fa 04 03 0c 00 00 00 f5 1a ae 0f
source=3: pgn=GNSS Sats in View(129540): values=RangeResidualMode=("0") SatsinView=(0) PRN=(0) Elevation=(39.54 deg) Azimuth=(23.00 deg) SNR=(0.0 dB) Rangeresiduals=(0) Status=("0")

3  : pgn=129540 line=Tx 10312425 19 fa 04 03 0d 5d 1f ac 0d 00 00 00
source=3: pgn=GNSS Sats in View(129540): values=RangeResidualMode=("1") SatsinView=(31) PRN=(172) Elevation=(0.07 deg) Azimuth=(0.00 deg) SNR=(0.0 dB) Rangeresiduals=(0) Status=("0")

3  : pgn=129540 line=Tx 10312426 19 fa 04 03 0e 00 f5 1b d1 15 ab d2
source=3: pgn=GNSS Sats in View(129540): values=RangeResidualMode=("0") SatsinView=(245) PRN=(27) Elevation=(32.00 deg) Azimuth=(309.00 deg) SNR=(0.0 dB) Rangeresiduals=(0) Status=("0")

3  : pgn=129540 line=Tx 10312427 19 fa 04 03 0f ac 0d 00 00 00 00 f5
source=3: pgn=GNSS Sats in View(129540): values=RangeResidualMode=("0") SatsinView=(13) PRN=(0) Elevation=(0.00 deg) Azimuth=(359.36 deg) SNR=(0.0 dB) Rangeresiduals=(0) Status=("0")

3  : pgn=129540 line=Tx 10312429 19 fa 04 03 10 1d 00 0f a1 67 1c 0c
source=3: pgn=GNSS Sats in View(129540): values=RangeResidualMode=("1") SatsinView=(0) PRN=(15) Elevation=(152.00 deg) Azimuth=(17.76 deg) SNR=(0.0 dB) Rangeresiduals=(0) Status=("0")

3  : pgn=129540 line=Tx 10312429 19 fa 04 03 11 00 00 00 00 f5 23 d1
source=3: pgn=GNSS Sats in View(129540): values=RangeResidualMode=("0") SatsinView=(0) PRN=(0) Elevation=(-16.13 deg) Azimuth=(306.76 deg) SNR=(0.0 dB) Rangeresiduals=(0) Status=("0")

3  : pgn=129540 line=Tx 10312430 19 fa 04 03 12 15 c3 8b 00 00 00 00
source=3: pgn=GNSS Sats in View(129540): values=RangeResidualMode=("1") SatsinView=(195) PRN=(139) Elevation=(0.00 deg) Azimuth=(0.00 deg) SNR=(0.0 dB) Rangeresiduals=(0) Status=("0")

3  : pgn=129540 line=Tx 10312431 19 fa 04 03 13 00 00 f3 30 2e 17 43
source=3: pgn=GNSS Sats in View(129540): values=RangeResidualMode=("0") SatsinView=(0) PRN=(243) Elevation=(67.75 deg) Azimuth=(98.41 deg) SNR=(0.0 dB) Rangeresiduals=(0) Status=("0")

3  : pgn=129540 line=Tx 10312432 19 fa 04 03 14 84 10 0e 00 00 00 00
source=3: pgn=GNSS Sats in View(129540): values=RangeResidualMode=("0") SatsinView=(16) PRN=(14) Elevation=(0.00 deg) Azimuth=(0.00 deg) SNR=(0.0 dB) Rangeresiduals=(0) Status=("0")

3  : pgn=129540 line=Tx 10312432 19 fa 04 03 15 f5 33 80 16 67 6c e4
source=3: pgn=GNSS Sats in View(129540): values=RangeResidualMode=("1") SatsinView=(51) PRN=(128) Elevation=(151.20 deg) Azimuth=(335.04 deg) SNR=(0.0 dB) Rangeresiduals=(0) Status=("0")

32 : pgn=128259 line=Rx 10312432 09 f5 03 20 8b 42 01 ff ff ff ff ff
source=32: pgn=Speed(128259): values=SpeedWaterReferenced=(3.22 m/s) SpeedGroundReferenced=(None) SpeedWaterReferencedType=(None) SpeedDirection=(None)

3  : pgn=129540 line=Tx 10312433 19 fa 04 03 16 0c 00 00 00 00 f5 ff
source=3: pgn=GNSS Sats in View(129540): values=RangeResidualMode=("0") SatsinView=(0) PRN=(0) Elevation=(0.00 deg) Azimuth=(375.43 deg) SNR=(0.0 dB) Rangeresiduals=(0) Status=("0")

3  : pgn=129025 line=Tx 10312434 09 f8 01 03 2a 72 6f 1c 63 82 fd b6
source=3: pgn=Position, Rapid Update(129025): values=Latitude=(47.706576999999996 deg) Longitude=(-122.4899997 deg)

3  : pgn=127258 line=Tx 10312435 19 f1 1a 03 ff f6 12 39 fa 0a ff ff
source=3: pgn=Magnetic Variation(127258): values=Source=("6") Ageofservice=(14610 d) Variation=(16.10 deg)

0  : pgn=127250 line=Rx 10312487 09 f1 12 00 ff ea 40 ff 7f ff 7f fd
source=0: pgn=Vessel Heading(127250): values=Heading=(95.21 deg) Deviation=(None) Variation=(None) Reference=("1")

0  : pgn=127245 line=Rx 10312487 09 f1 0d 00 00 f8 ff 7f 00 00 ff ff
source=0: pgn=Rudder(127245): values=Instance=(0) DirectionOrder=("0") AngleOrder=(None) Position=(0.00 deg)

0  : pgn=65359  line=Rx 10312494 1c ff 4f 00 3b 9f ff ff ff ea 40 ff
source=0: pgn=Seatalk: Pilot Heading(65359): values=ManufacturerCode=(1851) IndustryCode=(4) HeadingTrue=(None) HeadingMagnetic=(95.21 deg)

1  : pgn=129038 line=Rx 10312519 11 f8 0e 01 e0 1b c1 18 6d e7 15 ab
1  : pgn=129038 line=Rx 10312519 11 f8 0e 01 e1 b3 0f b7 c7 f6 67 1c
1  : pgn=129038 line=Rx 10312520 11 f8 0e 01 e2 e8 e2 0f 00 00 00 00
1  : pgn=129038 line=Rx 10312520 11 f8 0e 01 e3 00 ff ff ff 7f f0 fe
3  : pgn=129026 line=Tx 10312523 09 f8 02 03 ff fc 5c 46 67 01 ff ff
source=3: pgn=COG & SOG, Rapid Update(129026): values=COGReference=("0") COG=(103.20 deg) SOG=(3.59 m/s)

3  : pgn=129025 line=Tx 10312523 09 f8 01 03 2a 72 6f 1c 63 82 fd b6
source=3: pgn=Position, Rapid Update(129025): values=Latitude=(47.706576999999996 deg) Longitude=(-122.4899997 deg)

32 : pgn=128259 line=Rx 10312531 09 f5 03 20 8c 44 01 ff ff ff ff ff
source=32: pgn=Speed(128259): values=SpeedWaterReferenced=(3.24 m/s) SpeedGroundReferenced=(None) SpeedWaterReferencedType=(None) SpeedDirection=(None)

1  : pgn=129038 line=Rx 10312553 11 f8 0e 01 00 1b c1 38 45 e0 15 b7
source=1: pgn=AIS Class A Position Report(129038): values=MessageID=(0) RepeatIndicator=("0") UserID=(1161347355) Longitude=(0.0 deg) Latitude=(0.0 deg) PositionAccuracy=("0") RAIM=("0") TimeStamp=("0") COG=(0.00 deg) SOG=(0.0 m/s) CommunicationState=(0) AISTransceiverinformation=("0") Heading=(0.00 deg) RateofTurn=(0.00 deg/s) NavStatus=("0") SpecialManeuverIndicator=("0") Spare=(0) SequenceID=(0)

1  : pgn=129038 line=Rx 10312553 11 f8 0e 01 01 bb 0f b7 c1 f2 67 1c
source=1: pgn=AIS Class A Position Report(129038): values=MessageID=(1) RepeatIndicator=("0") UserID=(3249999803) Longitude=(0.0 deg) Latitude=(0.0 deg) PositionAccuracy=("0") RAIM=("0") TimeStamp=("0") COG=(0.00 deg) SOG=(0.0 m/s) CommunicationState=(0) AISTransceiverinformation=("0") Heading=(0.00 deg) RateofTurn=(0.00 deg/s) NavStatus=("0") SpecialManeuverIndicator=("0") Spare=(0) SequenceID=(0)

1  : pgn=129038 line=Rx 10312554 11 f8 0e 01 02 e8 22 0f 00 00 00 00
source=1: pgn=AIS Class A Position Report(129038): values=MessageID=(2) RepeatIndicator=("0") UserID=(991976) Longitude=(0.0 deg) Latitude=(0.0 deg) PositionAccuracy=("0") RAIM=("0") TimeStamp=("0") COG=(0.00 deg) SOG=(0.0 m/s) CommunicationState=(0) AISTransceiverinformation=("0") Heading=(0.00 deg) RateofTurn=(0.00 deg/s) NavStatus=("0") SpecialManeuverIndicator=("0") Spare=(0) SequenceID=(0)

1  : pgn=129038 line=Rx 10312554 11 f8 0e 01 03 00 ff ff ff 7f f0 fe
source=1: pgn=AIS Class A Position Report(129038): values=MessageID=(3) RepeatIndicator=("0") UserID=(4294967040) Longitude=(0.0 deg) Latitude=(0.0 deg) PositionAccuracy=("0") RAIM=("0") TimeStamp=("0") COG=(0.00 deg) SOG=(0.0 m/s) CommunicationState=(0) AISTransceiverinformation=("0") Heading=(0.00 deg) RateofTurn=(0.00 deg/s) NavStatus=("0") SpecialManeuverIndicator=("0") Spare=(0) SequenceID=(0)

32 : pgn=65368  line=Rx 10312562 1c ff 58 20 3b 9f 35 56 71 ff ff ff
1  : pgn=129038 line=Rx 10312583 11 f8 0e 01 20 1b c1 c6 60 e6 15 c8
1  : pgn=129038 line=Rx 10312583 11 f8 0e 01 21 74 0d b7 39 9d 68 1c
1  : pgn=129038 line=Rx 10312584 11 f8 0e 01 22 ee 30 ba 00 00 00 00
1  : pgn=129038 line=Rx 10312584 11 f8 0e 01 23 00 d1 15 00 00 f0 fe
0  : pgn=127250 line=Rx 10312591 09 f1 12 00 ff f6 40 ff 7f ff 7f fd
source=0: pgn=Vessel Heading(127250): values=Heading=(95.28 deg) Deviation=(None) Variation=(None) Reference=("1")

0  : pgn=127245 line=Rx 10312592 09 f1 0d 00 00 f8 ff 7f 00 00 ff ff
source=0: pgn=Rudder(127245): values=Instance=(0) DirectionOrder=("0") AngleOrder=(None) Position=(0.00 deg)

0  : pgn=65379  line=Rx 10312596 1c ff 63 00 3b 9f 00 00 00 00 01 ff
source=0: pgn=Seatalk: Pilot Mode(65379): values=ManufacturerCode=(1851) IndustryCode=(4) PilotMode=(0) SubMode=(0) PilotModeData=(0)

0  : pgn=65359  line=Rx 10312597 1c ff 4f 00 3b 9f ff ff ff f6 40 ff
source=0: pgn=Seatalk: Pilot Heading(65359): values=ManufacturerCode=(1851) IndustryCode=(4) HeadingTrue=(None) HeadingMagnetic=(95.28 deg)

0  : pgn=126975 line=Rx 10312599 1d ef ff 00 a0 0d 3b 9f f0 81 84 d6
0  : pgn=126975 line=Rx 10312601 1d ef ff 00 a1 42 0b 00 00 00 02 05
3  : pgn=129029 line=Tx 10312623 0d f8 05 03 c0 2b 77 06 40 de 27 0f
3  : pgn=129029 line=Tx 10312623 0d f8 05 03 c1 2c 00 92 a6 67 c5 e0
3  : pgn=129029 line=Tx 10312623 0d f8 05 03 c2 9e 06 00 76 b7 41 ff
3  : pgn=129029 line=Tx 10312623 0d f8 05 03 c3 47 00 ef ff ff ff ff
3  : pgn=129029 line=Tx 10312623 0d f8 05 03 c4 ff ff ff 7f 23 fc 09
3  : pgn=129029 line=Tx 10312623 0d f8 05 03 c5 54 00 ff 7f ff ff ff
3  : pgn=129029 line=Tx 10312623 0d f8 05 03 c6 7f 00 ff ff ff ff ff
3  : pgn=129025 line=Tx 10312623 09 f8 01 03 15 72 6f 1c 9f 82 fd b6
source=3: pgn=Position, Rapid Update(129025): values=Latitude=(47.7065749 deg) Longitude=(-122.4899937 deg)

3  : pgn=129033 line=Tx 10312623 0d f8 09 03 06 40 de 27 0f 2c 5c fe
source=3: pgn=Time & Date(129033): values=Date=(16390 d) Time=(73919.075 s) LocalOffset=(-25200.0 s)

32 : pgn=128259 line=Rx 10312631 09 f5 03 20 8d 48 01 ff ff ff ff ff
source=32: pgn=Speed(128259): values=SpeedWaterReferenced=(3.2800000000000002 m/s) SpeedGroundReferenced=(None) SpeedWaterReferencedType=(None) SpeedDirection=(None)

0  : pgn=127250 line=Rx 10312686 09 f1 12 00 ff 03 41 ff 7f ff 7f fd
source=0: pgn=Vessel Heading(127250): values=Heading=(95.36 deg) Deviation=(None) Variation=(None) Reference=("1")

0  : pgn=127245 line=Rx 10312688 09 f1 0d 00 00 f8 ff 7f 00 00 ff ff
source=0: pgn=Rudder(127245): values=Instance=(0) DirectionOrder=("0") AngleOrder=(None) Position=(0.00 deg)

0  : pgn=65359  line=Rx 10312694 1c ff 4f 00 3b 9f ff ff ff 03 41 ff
source=0: pgn=Seatalk: Pilot Heading(65359): values=ManufacturerCode=(1851) IndustryCode=(4) HeadingTrue=(None) HeadingMagnetic=(95.36 deg)

0  : pgn=126975 line=Rx 10312697 1d ef ff 00 c0 09 3b 9f f0 81 ae 02
0  : pgn=126975 line=Rx 10312699 1d ef ff 00 c1 00 08 00 ff ff ff ff
3  : pgn=129026 line=Tx 10312723 09 f8 02 03 ff fc 90 46 65 01 ff ff
source=3: pgn=COG & SOG, Rapid Update(129026): values=COGReference=("0") COG=(103.50 deg) SOG=(3.5700000000000003 m/s)

3  : pgn=129025 line=Tx 10312723 09 f8 01 03 15 72 6f 1c 9f 82 fd b6
source=3: pgn=Position, Rapid Update(129025): values=Latitude=(47.7065749 deg) Longitude=(-122.4899937 deg)

3  : pgn=126992 line=Tx 10312723 0d f0 10 03 ff ff 06 40 de 27 0f 2c
source=3: pgn=System Time(126992): values=Source=(None) Date=(16390 d) Time=(73919.075 s)

32 : pgn=128259 line=Rx 10312731 09 f5 03 20 8e 44 01 ff ff ff ff ff
source=32: pgn=Speed(128259): values=SpeedWaterReferenced=(3.24 m/s) SpeedGroundReferenced=(None) SpeedWaterReferencedType=(None) SpeedDirection=(None)

0  : pgn=127250 line=Rx 10312786 09 f1 12 00 ff 14 41 ff 7f ff 7f fd
source=0: pgn=Vessel Heading(127250): values=Heading=(95.45 deg) Deviation=(None) Variation=(None) Reference=("1")

0  : pgn=127245 line=Rx 10312787 09 f1 0d 00 00 f8 ff 7f 00 00 ff ff
source=0: pgn=Rudder(127245): values=Instance=(0) DirectionOrder=("0") AngleOrder=(None) Position=(0.00 deg)

0  : pgn=65359  line=Rx 10312793 1c ff 4f 00 3b 9f ff ff ff 14 41 ff
source=0: pgn=Seatalk: Pilot Heading(65359): values=ManufacturerCode=(1851) IndustryCode=(4) HeadingTrue=(None) HeadingMagnetic=(95.45 deg)

1  : pgn=129038 line=Rx 10312795 11 f8 0e 01 40 1b c1 be c9 df 15 01
1  : pgn=129038 line=Rx 10312795 11 f8 0e 01 41 fa 0f b7 6d 06 68 1c
1  : pgn=129038 line=Rx 10312796 11 f8 0e 01 42 ec 8e a0 00 00 00 00
1  : pgn=129038 line=Rx 10312796 11 f8 0e 01 43 00 13 d6 00 00 f0 fe
3  : pgn=129025 line=Tx 10312824 09 f8 01 03 15 72 6f 1c 9f 82 fd b6
source=3: pgn=Position, Rapid Update(129025): values=Latitude=(47.7065749 deg) Longitude=(-122.4899937 deg)

32 : pgn=128259 line=Rx 10312830 09 f5 03 20 8f 3a 01 ff ff ff ff ff
source=32: pgn=Speed(128259): values=SpeedWaterReferenced=(3.14 m/s) SpeedGroundReferenced=(None) SpeedWaterReferencedType=(None) SpeedDirection=(None)

1  : pgn=129041 line=Rx 10312856 11 f8 11 01 40 30 55 75 89 3a 3b 6d
1  : pgn=129041 line=Rx 10312856 11 f8 11 01 41 8b 0a b7 5b f8 47 1c
1  : pgn=129041 line=Rx 10312857 11 f8 11 01 42 f4 00 00 00 00 00 00
1  : pgn=129041 line=Rx 10312857 11 f8 11 01 43 ff ff 12 ee ff e0 16
1  : pgn=129041 line=Rx 10312858 11 f8 11 01 44 01 50 53 20 54 53 4c
1  : pgn=129041 line=Rx 10312858 11 f8 11 01 45 20 4c 42 20 54 41 20
1  : pgn=129041 line=Rx 10312859 11 f8 11 01 46 20 20 20 20 20 20 20
0  : pgn=127250 line=Rx 10312886 09 f1 12 00 ff 1a 41 ff 7f ff 7f fd
source=0: pgn=Vessel Heading(127250): values=Heading=(95.49 deg) Deviation=(None) Variation=(None) Reference=("1")

0  : pgn=127245 line=Rx 10312887 09 f1 0d 00 00 f8 ff 7f 00 00 ff ff
source=0: pgn=Rudder(127245): values=Instance=(0) DirectionOrder=("0") AngleOrder=(None) Position=(0.00 deg)

0  : pgn=65359  line=Rx 10312894 1c ff 4f 00 3b 9f ff ff ff 1a 41 ff
source=0: pgn=Seatalk: Pilot Heading(65359): values=ManufacturerCode=(1851) IndustryCode=(4) HeadingTrue=(None) HeadingMagnetic=(95.49 deg)

3  : pgn=129026 line=Tx 10312924 09 f8 02 03 ff fc b3 46 64 01 ff ff
source=3: pgn=COG & SOG, Rapid Update(129026): values=COGReference=("0") COG=(103.70 deg) SOG=(3.56 m/s)

3  : pgn=129025 line=Tx 10312924 09 f8 01 03 01 72 6f 1c e8 82 fd b6
source=3: pgn=Position, Rapid Update(129025): values=Latitude=(47.7065729 deg) Longitude=(-122.48998639999999 deg)

3  : pgn=129291 line=Tx 10312924 0d f9 0b 03 ff fc 8d 21 37 00 ff ff
source=3: pgn=Set & Drift, Rapid Update(129291): values=SetReference=("0") Set=(49.21 deg) Drift=(0.55 m/s)

32 : pgn=128259 line=Rx 10312930 09 f5 03 20 90 34 01 ff ff ff ff ff
source=32: pgn=Speed(128259): values=SpeedWaterReferenced=(3.08 m/s) SpeedGroundReferenced=(None) SpeedWaterReferencedType=(None) SpeedDirection=(None)

0  : pgn=127250 line=Rx 10312986 09 f1 12 00 ff 18 41 ff 7f ff 7f fd
source=0: pgn=Vessel Heading(127250): values=Heading=(95.48 deg) Deviation=(None) Variation=(None) Reference=("1")

0  : pgn=127245 line=Rx 10312987 09 f1 0d 00 00 f8 ff 7f 00 00 ff ff
source=0: pgn=Rudder(127245): values=Instance=(0) DirectionOrder=("0") AngleOrder=(None) Position=(0.00 deg)

0  : pgn=65359  line=Rx 10312991 1c ff 4f 00 3b 9f ff ff ff 18 41 ff
source=0: pgn=Seatalk: Pilot Heading(65359): values=ManufacturerCode=(1851) IndustryCode=(4) HeadingTrue=(None) HeadingMagnetic=(95.48 deg)

1  : pgn=129038 line=Rx 10313007 11 f8 0e 01 60 1b c1 40 3c e6 15 fd
1  : pgn=129038 line=Rx 10313007 11 f8 0e 01 61 91 0d b7 db e3 68 1c
1  : pgn=129038 line=Rx 10313008 11 f8 0e 01 62 ee 65 ba 00 00 00 00
1  : pgn=129038 line=Rx 10313008 11 f8 0e 01 63 00 ff ff ff 7f f0 fe
3  : pgn=129025 line=Tx 10313024 09 f8 01 03 01 72 6f 1c e8 82 fd b6
source=3: pgn=Position, Rapid Update(129025): values=Latitude=(47.7065729 deg) Longitude=(-122.48998639999999 deg)

32 : pgn=128259 line=Rx 10313029 09 f5 03 20 91 32 01 ff ff ff ff ff
source=32: pgn=Speed(128259): values=SpeedWaterReferenced=(3.06 m/s) SpeedGroundReferenced=(None) SpeedWaterReferencedType=(None) SpeedDirection=(None)

4  : pgn=126975 line=Rx 10313066 1d ef ff 04 00 07 3b 9f f0 81 90 00
4  : pgn=126975 line=Rx 10313066 1d ef ff 04 01 03 ff ff ff ff ff ff
0  : pgn=127250 line=Rx 10313086 09 f1 12 00 ff 0b 41 ff 7f ff 7f fd
source=0: pgn=Vessel Heading(127250): values=Heading=(95.40 deg) Deviation=(None) Variation=(None) Reference=("1")

0  : pgn=127245 line=Rx 10313087 09 f1 0d 00 00 f8 ff 7f 00 00 ff ff
source=0: pgn=Rudder(127245): values=Instance=(0) DirectionOrder=("0") AngleOrder=(None) Position=(0.00 deg)

0  : pgn=65359  line=Rx 10313094 1c ff 4f 00 3b 9f ff ff ff 0b 41 ff
source=0: pgn=Seatalk: Pilot Heading(65359): values=ManufacturerCode=(1851) IndustryCode=(4) HeadingTrue=(None) HeadingMagnetic=(95.40 deg)

0  : pgn=126975 line=Rx 10313096 1d ef ff 00 e0 08 3b 9f f0 81 9c d1
0  : pgn=126975 line=Rx 10313098 1d ef ff 00 e1 02 00 ff ff ff ff ff
3  : pgn=129026 line=Tx 10313124 09 f8 02 03 ff fc f9 46 62 01 ff ff
source=3: pgn=COG & SOG, Rapid Update(129026): values=COGReference=("0") COG=(104.10 deg) SOG=(3.54 m/s)

3  : pgn=130577 line=Tx 10313124 0d fe 11 03 e0 0e c0 78 f9 46 62 01
3  : pgn=130577 line=Tx 10313124 0d fe 11 03 e1 ff ff ff ff 8d 21 37
3  : pgn=130577 line=Tx 10313124 0d fe 11 03 e2 00 ff ff ff ff ff ff
3  : pgn=129025 line=Tx 10313124 09 f8 01 03 d4 71 6f 1c 85 83 fd b6
3  : pgn=130306 line=Tx 10313124 09 fd 02 03 ff 13 03 ce c9 fa ff ff
source=3: pgn=Wind Data(130306): values=WindSpeed=(7.87 m/s) WindAngle=(296.00 deg) Reference=("2")

32 : pgn=128259 line=Rx 10313129 09 f5 03 20 92 2f 01 ff ff ff ff ff
source=32: pgn=Speed(128259): values=SpeedWaterReferenced=(3.0300000000000002 m/s) SpeedGroundReferenced=(None) SpeedWaterReferencedType=(None) SpeedDirection=(None)

0  : pgn=127250 line=Rx 10313186 09 f1 12 00 ff fc 40 ff 7f ff 7f fd
source=0: pgn=Vessel Heading(127250): values=Heading=(95.32 deg) Deviation=(None) Variation=(None) Reference=("1")

0  : pgn=127245 line=Rx 10313187 09 f1 0d 00 00 f8 ff 7f 00 00 ff ff
source=0: pgn=Rudder(127245): values=Instance=(0) DirectionOrder=("0") AngleOrder=(None) Position=(0.00 deg)

0  : pgn=65359  line=Rx 10313192 1c ff 4f 00 3b 9f ff ff ff fc 40 ff
source=0: pgn=Seatalk: Pilot Heading(65359): values=ManufacturerCode=(1851) IndustryCode=(4) HeadingTrue=(None) HeadingMagnetic=(95.32 deg)

3  : pgn=129283 line=Tx 10313225 0d f9 03 03 ff 7f ff ff ff 7f ff ff
source=3: pgn=Cross Track Error(129283): values=XTEmode=(None) NavigationTerminated=("1") XTE=(None)

3  : pgn=129025 line=Tx 10313225 09 f8 01 03 d4 71 6f 1c 85 83 fd b6
source=3: pgn=Position, Rapid Update(129025): values=Latitude=(47.706568399999995 deg) Longitude=(-122.4899707 deg)

3  : pgn=128267 line=Tx 10313225 0d f5 0b 03 ff 11 3d 00 00 00 00 ff
source=3: pgn=Water Depth(128267): values=Depth=(156.33 m) Offset=(0.0 m) Range=(None)

32 : pgn=128259 line=Rx 10313231 09 f5 03 20 93 30 01 ff ff ff ff ff
source=32: pgn=Speed(128259): values=SpeedWaterReferenced=(3.04 m/s) SpeedGroundReferenced=(None) SpeedWaterReferencedType=(None) SpeedDirection=(None)

32 : pgn=130310 line=Rx 10313234 15 fd 06 20 bf ff ff ff ff ff ff ff
source=32: pgn=Environmental Parameters (obsolete)(130310): values=WaterTemperature=(None) OutsideAmbientAirTemperature=(None) AtmosphericPressure=(None)

32 : pgn=128275 line=Rx 10313244 19 f5 13 20 20 0e ff ff ff ff ff ff
32 : pgn=128275 line=Rx 10313249 19 f5 13 20 21 c1 ad 3c 00 c1 ad 3c
1  : pgn=129038 line=Rx 10313252 11 f8 0e 01 80 1b c1 ec 10 e8 15 6f
1  : pgn=129038 line=Rx 10313252 11 f8 0e 01 81 5e 0e b7 c0 eb 67 1c
1  : pgn=129038 line=Rx 10313253 11 f8 0e 01 82 ec 00 00 00 00 00 00
1  : pgn=129038 line=Rx 10313253 11 f8 0e 01 83 00 ff ff ff 7f f0 fe
32 : pgn=128275 line=Rx 10313254 19 f5 13 20 22 00 ff ff ff ff ff ff
1  : pgn=59936  line=Rx 10313281 18 ea 20 01 00 ee 00 00 00 00 00 00
0  : pgn=127250 line=Rx 10313286 09 f1 12 00 ff e2 40 ff 7f ff 7f fd
source=0: pgn=Vessel Heading(127250): values=Heading=(95.17 deg) Deviation=(None) Variation=(None) Reference=("1")

0  : pgn=127245 line=Rx 10313287 09 f1 0d 00 00 f8 ff 7f 00 00 ff ff
source=0: pgn=Rudder(127245): values=Instance=(0) DirectionOrder=("0") AngleOrder=(None) Position=(0.00 deg)

0  : pgn=65359  line=Rx 10313294 1c ff 4f 00 3b 9f ff ff ff e2 40 ff
source=0: pgn=Seatalk: Pilot Heading(65359): values=ManufacturerCode=(1851) IndustryCode=(4) HeadingTrue=(None) HeadingMagnetic=(95.17 deg)

1  : pgn=129038 line=Rx 10313316 11 f8 0e 01 a0 1b c1 3a 83 dc 15 51
1  : pgn=129038 line=Rx 10313316 11 f8 0e 01 a1 f1 f9 b6 4f 34 62 1c
1  : pgn=129038 line=Rx 10313317 11 f8 0e 01 a2 ed 77 ab 05 00 00 00
1  : pgn=129038 line=Rx 10313317 11 f8 0e 01 a3 00 cd c9 00 00 ff fe
3  : pgn=129026 line=Tx 10313325 09 f8 02 03 ff fc f9 46 62 01 ff ff
source=3: pgn=COG & SOG, Rapid Update(129026): values=COGReference=("0") COG=(104.10 deg) SOG=(3.54 m/s)

3  : pgn=129025 line=Tx 10313325 09 f8 01 03 d4 71 6f 1c 85 83 fd b6
source=3: pgn=Position, Rapid Update(129025): values=Latitude=(47.706568399999995 deg) Longitude=(-122.4899707 deg)

3  : pgn=129542 line=Tx 10313325 19 fa 06 03 e0 0f 78 45 01 00 00 00
3  : pgn=129542 line=Tx 10313325 19 fa 06 03 e1 00 00 00 00 00 00 00
3  : pgn=129542 line=Tx 10313325 19 fa 06 03 e2 00 00 ff ff ff ff ff
3  : pgn=65364  line=Tx 10313325 1c ff 54 03 3b 9f 13 03 ce c9 ff ff
32 : pgn=128259 line=Rx 10313328 09 f5 03 20 94 2f 01 ff ff ff ff ff
0  : pgn=127250 line=Rx 10313386 09 f1 12 00 ff d3 40 ff 7f ff 7f fd
source=0: pgn=Vessel Heading(127250): values=Heading=(95.08 deg) Deviation=(None) Variation=(None) Reference=("1")

0  : pgn=127245 line=Rx 10313387 09 f1 0d 00 00 f8 ff 7f 00 00 ff ff
source=0: pgn=Rudder(127245): values=Instance=(0) DirectionOrder=("0") AngleOrder=(None) Position=(0.00 deg)

0  : pgn=65359  line=Rx 10313391 1c ff 4f 00 3b 9f ff ff ff d3 40 ff
source=0: pgn=Seatalk: Pilot Heading(65359): values=ManufacturerCode=(1851) IndustryCode=(4) HeadingTrue=(None) HeadingMagnetic=(95.08 deg)

4  : pgn=65384  line=Rx 10313407 1c ff 68 04 3b 9f 00 00 00 00 00 00
3  : pgn=129540 line=Tx 10313426 19 fa 04 03 20 9f 9a ff 0d 03 97 1a
source=3: pgn=GNSS Sats in View(129540): values=RangeResidualMode=(None) SatsinView=(154) PRN=(None) Elevation=(4.47 deg) Azimuth=(39.00 deg) SNR=(0.0 dB) Rangeresiduals=(0) Status=("0")

3  : pgn=129540 line=Tx 10313426 19 fa 04 03 21 2e 26 00 00 00 00 00
source=3: pgn=GNSS Sats in View(129540): values=RangeResidualMode=("0") SatsinView=(38) PRN=(0) Elevation=(0.00 deg) Azimuth=(0.00 deg) SNR=(0.0 dB) Rangeresiduals=(0) Status=("0")

3  : pgn=129540 line=Tx 10313426 19 fa 04 03 22 00 f3 0f ff 1d 5c 3d
source=3: pgn=GNSS Sats in View(129540): values=RangeResidualMode=("0") SatsinView=(243) PRN=(15) Elevation=(44.00 deg) Azimuth=(90.00 deg) SNR=(0.0 dB) Rangeresiduals=(0) Status=("0")

3  : pgn=129540 line=Tx 10313426 19 fa 04 03 23 80 0c 00 00 00 00 f5
source=3: pgn=GNSS Sats in View(129540): values=RangeResidualMode=("0") SatsinView=(12) PRN=(0) Elevation=(0.00 deg) Azimuth=(359.36 deg) SNR=(0.0 dB) Rangeresiduals=(0) Status=("0")

3  : pgn=129540 line=Tx 10313426 19 fa 04 03 24 10 17 13 71 b9 b8 0b
source=3: pgn=GNSS Sats in View(129540): values=RangeResidualMode=("0") SatsinView=(23) PRN=(19) Elevation=(-103.49 deg) Azimuth=(17.19 deg) SNR=(0.0 dB) Rangeresiduals=(0) Status=("0")

3  : pgn=129540 line=Tx 10313426 19 fa 04 03 25 00 00 00 00 f5 12 c5
source=3: pgn=GNSS Sats in View(129540): values=RangeResidualMode=("0") SatsinView=(0) PRN=(0) Elevation=(-16.13 deg) Azimuth=(289.06 deg) SNR=(0.0 dB) Rangeresiduals=(0) Status=("0")

3  : pgn=129540 line=Tx 10313426 19 fa 04 03 26 31 f2 93 48 0d 00 00
source=3: pgn=GNSS Sats in View(129540): values=RangeResidualMode=("1") SatsinView=(242) PRN=(147) Elevation=(19.48 deg) Azimuth=(0.00 deg) SNR=(0.0 dB) Rangeresiduals=(0) Status=("0")

3  : pgn=129540 line=Tx 10313426 19 fa 04 03 27 00 00 f5 13 69 03 1f
source=3: pgn=GNSS Sats in View(129540): values=RangeResidualMode=("0") SatsinView=(0) PRN=(245) Elevation=(154.12 deg) Azimuth=(45.49 deg) SNR=(0.0 dB) Rangeresiduals=(0) Status=("0")

3  : pgn=129540 line=Tx 10313426 19 fa 04 03 28 d8 48 0d 00 00 00 00
source=3: pgn=GNSS Sats in View(129540): values=RangeResidualMode=("0") SatsinView=(72) PRN=(13) Elevation=(0.00 deg) Azimuth=(0.00 deg) SNR=(0.0 dB) Rangeresiduals=(0) Status=("0")

3  : pgn=129540 line=Tx 10313426 19 fa 04 03 29 f5 15 e8 37 ba 20 ac
source=3: pgn=GNSS Sats in View(129540): values=RangeResidualMode=("1") SatsinView=(21) PRN=(232) Elevation=(-102.36 deg) Azimuth=(252.47 deg) SNR=(0.0 dB) Rangeresiduals=(0) Status=("0")

3  : pgn=129540 line=Tx 10313426 19 fa 04 03 2a 0d 00 00 00 00 f5 16
source=3: pgn=GNSS Sats in View(129540): values=RangeResidualMode=("1") SatsinView=(0) PRN=(0) Elevation=(0.00 deg) Azimuth=(33.67 deg) SNR=(0.0 dB) Rangeresiduals=(0) Status=("0")

3  : pgn=129540 line=Tx 10313427 19 fa 04 03 2b d1 15 cf 9c 48 0d 00
source=3: pgn=GNSS Sats in View(129540): values=RangeResidualMode=("1") SatsinView=(21) PRN=(207) Elevation=(106.50 deg) Azimuth=(0.07 deg) SNR=(0.0 dB) Rangeresiduals=(0) Status=("0")

32 : pgn=128259 line=Rx 10313428 09 f5 03 20 95 32 01 ff ff ff ff ff
source=32: pgn=Speed(128259): values=SpeedWaterReferenced=(3.06 m/s) SpeedGroundReferenced=(None) SpeedWaterReferencedType=(None) SpeedDirection=(None)

3  : pgn=129540 line=Tx 10313428 19 fa 04 03 2c 00 00 00 f5 1a ae 0f
source=3: pgn=GNSS Sats in View(129540): values=RangeResidualMode=("0") SatsinView=(0) PRN=(0) Elevation=(39.54 deg) Azimuth=(23.00 deg) SNR=(0.0 dB) Rangeresiduals=(0) Status=("0")

3  : pgn=129540 line=Tx 10313429 19 fa 04 03 2d 5d 1f ac 0d 00 00 00
source=3: pgn=GNSS Sats in View(129540): values=RangeResidualMode=("1") SatsinView=(31) PRN=(172) Elevation=(0.07 deg) Azimuth=(0.00 deg) SNR=(0.0 dB) Rangeresiduals=(0) Status=("0")

3  : pgn=129540 line=Tx 10313430 19 fa 04 03 2e 00 f5 1b d1 15 ab d2
source=3: pgn=GNSS Sats in View(129540): values=RangeResidualMode=("0") SatsinView=(245) PRN=(27) Elevation=(32.00 deg) Azimuth=(309.00 deg) SNR=(0.0 dB) Rangeresiduals=(0) Status=("0")

3  : pgn=129540 line=Tx 10313430 19 fa 04 03 2f ac 0d 00 00 00 00 f5
source=3: pgn=GNSS Sats in View(129540): values=RangeResidualMode=("0") SatsinView=(13) PRN=(0) Elevation=(0.00 deg) Azimuth=(359.36 deg) SNR=(0.0 dB) Rangeresiduals=(0) Status=("0")

3  : pgn=129540 line=Tx 10313431 19 fa 04 03 30 1d 00 0f a1 67 1c 0c
source=3: pgn=GNSS Sats in View(129540): values=RangeResidualMode=("1") SatsinView=(0) PRN=(15) Elevation=(152.00 deg) Azimuth=(17.76 deg) SNR=(0.0 dB) Rangeresiduals=(0) Status=("0")

3  : pgn=129540 line=Tx 10313432 19 fa 04 03 31 00 00 00 00 f5 23 d1
source=3: pgn=GNSS Sats in View(129540): values=RangeResidualMode=("0") SatsinView=(0) PRN=(0) Elevation=(-16.13 deg) Azimuth=(306.76 deg) SNR=(0.0 dB) Rangeresiduals=(0) Status=("0")

3  : pgn=129540 line=Tx 10313434 19 fa 04 03 32 15 c3 8b 00 00 00 00
source=3: pgn=GNSS Sats in View(129540): values=RangeResidualMode=("1") SatsinView=(195) PRN=(139) Elevation=(0.00 deg) Azimuth=(0.00 deg) SNR=(0.0 dB) Rangeresiduals=(0) Status=("0")

3  : pgn=129540 line=Tx 10313434 19 fa 04 03 33 00 00 f3 30 2e 17 43
source=3: pgn=GNSS Sats in View(129540): values=RangeResidualMode=("0") SatsinView=(0) PRN=(243) Elevation=(67.75 deg) Azimuth=(98.41 deg) SNR=(0.0 dB) Rangeresiduals=(0) Status=("0")

3  : pgn=129540 line=Tx 10313435 19 fa 04 03 34 84 10 0e 00 00 00 00
source=3: pgn=GNSS Sats in View(129540): values=RangeResidualMode=("0") SatsinView=(16) PRN=(14) Elevation=(0.00 deg) Azimuth=(0.00 deg) SNR=(0.0 dB) Rangeresiduals=(0) Status=("0")

3  : pgn=129540 line=Tx 10313436 19 fa 04 03 35 f5 33 80 16 67 6c e4
source=3: pgn=GNSS Sats in View(129540): values=RangeResidualMode=("1") SatsinView=(51) PRN=(128) Elevation=(151.20 deg) Azimuth=(335.04 deg) SNR=(0.0 dB) Rangeresiduals=(0) Status=("0")

3  : pgn=129540 line=Tx 10313436 19 fa 04 03 36 0c 00 00 00 00 f5 ff
source=3: pgn=GNSS Sats in View(129540): values=RangeResidualMode=("0") SatsinView=(0) PRN=(0) Elevation=(0.00 deg) Azimuth=(375.43 deg) SNR=(0.0 dB) Rangeresiduals=(0) Status=("0")

3  : pgn=129025 line=Tx 10313437 09 f8 01 03 ba 71 6f 1c d9 83 fd b6
source=3: pgn=Position, Rapid Update(129025): values=Latitude=(47.7065658 deg) Longitude=(-122.48996229999999 deg)

1  : pgn=129038 line=Rx 10313437 11 f8 0e 01 c0 1b c1 b8 8e e4 15 02
1  : pgn=129038 line=Rx 10313438 11 f8 0e 01 c1 19 16 b7 fe 2f 64 1c
1  : pgn=129038 line=Rx 10313438 11 f8 0e 01 c2 ee 20 8a 00 00 00 00
1  : pgn=129038 line=Rx 10313439 11 f8 0e 01 c3 00 ff ff ff 7f f0 fe
3  : pgn=127258 line=Tx 10313441 19 f1 1a 03 ff f6 12 39 fa 0a ff ff
source=3: pgn=Magnetic Variation(127258): values=Source=("6") Ageofservice=(14610 d) Variation=(16.10 deg)

1  : pgn=129038 line=Rx 10313469 11 f8 0e 01 e0 1b c1 4a 6c de 15 67
1  : pgn=129038 line=Rx 10313469 11 f8 0e 01 e1 c9 03 b7 0b e9 59 1c
1  : pgn=129038 line=Rx 10313470 11 f8 0e 01 e2 00 60 9b 02 02 00 00
1  : pgn=129038 line=Rx 10313471 11 f8 0e 01 e3 00 2b 9e 00 00 ff fe
0  : pgn=127250 line=Rx 10313486 09 f1 12 00 ff b3 40 ff 7f ff 7f fd
source=0: pgn=Vessel Heading(127250): values=Heading=(94.90 deg) Deviation=(None) Variation=(None) Reference=("1")

0  : pgn=127245 line=Rx 10313487 09 f1 0d 00 00 f8 ff 7f 00 00 ff ff
source=0: pgn=Rudder(127245): values=Instance=(0) DirectionOrder=("0") AngleOrder=(None) Position=(0.00 deg)

0  : pgn=65359  line=Rx 10313494 1c ff 4f 00 3b 9f ff ff ff b3 40 ff
source=0: pgn=Seatalk: Pilot Heading(65359): values=ManufacturerCode=(1851) IndustryCode=(4) HeadingTrue=(None) HeadingMagnetic=(94.90 deg)

3  : pgn=129026 line=Tx 10313526 09 f8 02 03 ff fc 62 47 64 01 ff ff
source=3: pgn=COG & SOG, Rapid Update(129026): values=COGReference=("0") COG=(104.70 deg) SOG=(3.56 m/s)

3  : pgn=129025 line=Tx 10313526 09 f8 01 03 ba 71 6f 1c d9 83 fd b6
source=3: pgn=Position, Rapid Update(129025): values=Latitude=(47.7065658 deg) Longitude=(-122.48996229999999 deg)

32 : pgn=128259 line=Rx 10313527 09 f5 03 20 96 30 01 ff ff ff ff ff
source=32: pgn=Speed(128259): values=SpeedWaterReferenced=(3.04 m/s) SpeedGroundReferenced=(None) SpeedWaterReferencedType=(None) SpeedDirection=(None)

0  : pgn=127250 line=Rx 10313586 09 f1 12 00 ff a0 40 ff 7f ff 7f fd
source=0: pgn=Vessel Heading(127250): values=Heading=(94.79 deg) Deviation=(None) Variation=(None) Reference=("1")

0  : pgn=127245 line=Rx 10313587 09 f1 0d 00 00 f8 ff 7f 00 00 ff ff
source=0: pgn=Rudder(127245): values=Instance=(0) DirectionOrder=("0") AngleOrder=(None) Position=(0.00 deg)

0  : pgn=65379  line=Rx 10313591 1c ff 63 00 3b 9f 00 00 00 00 01 ff
source=0: pgn=Seatalk: Pilot Mode(65379): values=ManufacturerCode=(1851) IndustryCode=(4) PilotMode=(0) SubMode=(0) PilotModeData=(0)

0  : pgn=65359  line=Rx 10313592 1c ff 4f 00 3b 9f ff ff ff a0 40 ff
source=0: pgn=Seatalk: Pilot Heading(65359): values=ManufacturerCode=(1851) IndustryCode=(4) HeadingTrue=(None) HeadingMagnetic=(94.79 deg)

0  : pgn=126975 line=Rx 10313596 1d ef ff 00 00 0d 3b 9f f0 81 84 96
0  : pgn=126975 line=Rx 10313598 1d ef ff 00 01 42 0a 00 00 00 02 05
3  : pgn=129029 line=Tx 10313626 0d f8 05 03 e0 2b 78 06 40 ae 43 0f
3  : pgn=129029 line=Tx 10313626 0d f8 05 03 e1 2c 00 c4 a0 37 b0 e0
3  : pgn=129029 line=Tx 10313626 0d f8 05 03 e2 9e 06 00 3a 93 5d 48
3  : pgn=129029 line=Tx 10313626 0d f8 05 03 e3 48 00 ef ff ff ff ff
3  : pgn=129029 line=Tx 10313626 0d f8 05 03 e4 ff ff ff 7f 23 fc 09
3  : pgn=129029 line=Tx 10313626 0d f8 05 03 e5 54 00 ff 7f ff ff ff
3  : pgn=129029 line=Tx 10313626 0d f8 05 03 e6 7f 00 ff ff ff ff ff
3  : pgn=129025 line=Tx 10313626 09 f8 01 03 ba 71 6f 1c d9 83 fd b6
source=3: pgn=Position, Rapid Update(129025): values=Latitude=(47.7065658 deg) Longitude=(-122.48996229999999 deg)

3  : pgn=129033 line=Tx 10313626 0d f8 09 03 06 40 ae 43 0f 2c 5c fe
source=3: pgn=Time & Date(129033): values=Date=(16390 d) Time=(73919.787 s) LocalOffset=(-25200.0 s)

32 : pgn=128259 line=Rx 10313627 09 f5 03 20 97 32 01 ff ff ff ff ff
source=32: pgn=Speed(128259): values=SpeedWaterReferenced=(3.06 m/s) SpeedGroundReferenced=(None) SpeedWaterReferencedType=(None) SpeedDirection=(None)

1  : pgn=129038 line=Rx 10313680 11 f8 0e 01 00 1b c1 d0 8a f8 15 75
1  : pgn=129038 line=Rx 10313680 11 f8 0e 01 01 96 0c b7 f5 54 69 1c
1  : pgn=129038 line=Rx 10313681 11 f8 0e 01 02 ec d7 0a 00 00 00 00
source=1: pgn=AIS Class A Position Report(129038): values=MessageID=(2) RepeatIndicator=("0") UserID=(710636) Longitude=(0.0 deg) Latitude=(0.0 deg) PositionAccuracy=("0") RAIM=("0") TimeStamp=("0") COG=(0.00 deg) SOG=(0.0 m/s) CommunicationState=(0) AISTransceiverinformation=("0") Heading=(0.00 deg) RateofTurn=(0.00 deg/s) NavStatus=("0") SpecialManeuverIndicator=("0") Spare=(0) SequenceID=(0)

1  : pgn=129038 line=Rx 10313681 11 f8 0e 01 03 00 ff ff ff 7f f0 fe
source=1: pgn=AIS Class A Position Report(129038): values=MessageID=(3) RepeatIndicator=("0") UserID=(4294967040) Longitude=(0.0 deg) Latitude=(0.0 deg) PositionAccuracy=("0") RAIM=("0") TimeStamp=("0") COG=(0.00 deg) SOG=(0.0 m/s) CommunicationState=(0) AISTransceiverinformation=("0") Heading=(0.00 deg) RateofTurn=(0.00 deg/s) NavStatus=("0") SpecialManeuverIndicator=("0") Spare=(0) SequenceID=(0)

0  : pgn=127250 line=Rx 10313686 09 f1 12 00 ff 9d 40 ff 7f ff 7f fd
source=0: pgn=Vessel Heading(127250): values=Heading=(94.77 deg) Deviation=(None) Variation=(None) Reference=("1")

0  : pgn=127245 line=Rx 10313687 09 f1 0d 00 00 f8 ff 7f 00 00 ff ff
source=0: pgn=Rudder(127245): values=Instance=(0) DirectionOrder=("0") AngleOrder=(None) Position=(0.00 deg)

0  : pgn=65359  line=Rx 10313694 1c ff 4f 00 3b 9f ff ff ff 9d 40 ff
source=0: pgn=Seatalk: Pilot Heading(65359): values=ManufacturerCode=(1851) IndustryCode=(4) HeadingTrue=(None) HeadingMagnetic=(94.77 deg)

0  : pgn=126975 line=Rx 10313698 1d ef ff 00 20 09 3b 9f f0 81 ae 02
0  : pgn=126975 line=Rx 10313701 1d ef ff 00 21 00 08 00 ff ff ff ff
1  : pgn=129038 line=Rx 10313715 11 f8 0e 01 20 1b c1 58 92 12 12 b7
1  : pgn=129038 line=Rx 10313715 11 f8 0e 01 21 42 0e b7 dc 44 68 1c
1  : pgn=129038 line=Rx 10313716 11 f8 0e 01 22 ec 91 13 00 00 00 00
1  : pgn=129038 line=Rx 10313716 11 f8 0e 01 23 00 ff ff ff 7f f0 fe
32 : pgn=128259 line=Rx 10313726 09 f5 03 20 98 36 01 ff ff ff ff ff
source=32: pgn=Speed(128259): values=SpeedWaterReferenced=(3.1 m/s) SpeedGroundReferenced=(None) SpeedWaterReferencedType=(None) SpeedDirection=(None)

3  : pgn=129026 line=Tx 10313727 09 f8 02 03 ff fc b9 47 62 01 ff ff
source=3: pgn=COG & SOG, Rapid Update(129026): values=COGReference=("0") COG=(105.20 deg) SOG=(3.54 m/s)

3  : pgn=129025 line=Tx 10313727 09 f8 01 03 a4 71 6f 1c 11 84 fd b6
source=3: pgn=Position, Rapid Update(129025): values=Latitude=(47.706563599999996 deg) Longitude=(-122.4899567 deg)

3  : pgn=126992 line=Tx 10313727 0d f0 10 03 ff ff 06 40 e0 4d 0f 2c
source=3: pgn=System Time(126992): values=Source=(None) Date=(16390 d) Time=(73920.04800000001 s)

1  : pgn=129038 line=Rx 10313746 11 f8 0e 01 40 1b c3 e0 22 13 12 70
1  : pgn=129038 line=Rx 10313746 11 f8 0e 01 41 12 0f b7 f7 e9 67 1c
1  : pgn=129038 line=Rx 10313747 11 f8 0e 01 42 e8 00 00 00 00 00 00
1  : pgn=129038 line=Rx 10313747 11 f8 0e 01 43 00 ff ff ff 7f f5 fe
0  : pgn=127250 line=Rx 10313786 09 f1 12 00 ff 9d 40 ff 7f ff 7f fd
source=0: pgn=Vessel Heading(127250): values=Heading=(94.77 deg) Deviation=(None) Variation=(None) Reference=("1")

0  : pgn=127245 line=Rx 10313787 09 f1 0d 00 00 f8 ff 7f 00 00 ff ff
source=0: pgn=Rudder(127245): values=Instance=(0) DirectionOrder=("0") AngleOrder=(None) Position=(0.00 deg)

0  : pgn=65359  line=Rx 10313793 1c ff 4f 00 3b 9f ff ff ff 9d 40 ff
source=0: pgn=Seatalk: Pilot Heading(65359): values=ManufacturerCode=(1851) IndustryCode=(4) HeadingTrue=(None) HeadingMagnetic=(94.77 deg)

1  : pgn=129038 line=Rx 10313807 11 f8 0e 01 60 1b c1 1a 90 db 15 ac
1  : pgn=129038 line=Rx 10313807 11 f8 0e 01 61 da fc b6 cb eb 7c 1c
1  : pgn=129038 line=Rx 10313808 11 f8 0e 01 62 00 bc c0 00 00 00 00
1  : pgn=129038 line=Rx 10313808 11 f8 0e 01 63 00 70 c8 00 00 f0 fe
32 : pgn=128259 line=Rx 10313826 09 f5 03 20 99 36 01 ff ff ff ff ff
source=32: pgn=Speed(128259): values=SpeedWaterReferenced=(3.1 m/s) SpeedGroundReferenced=(None) SpeedWaterReferencedType=(None) SpeedDirection=(None)

3  : pgn=129025 line=Tx 10313827 09 f8 01 03 a4 71 6f 1c 11 84 fd b6
source=3: pgn=Position, Rapid Update(129025): values=Latitude=(47.706563599999996 deg) Longitude=(-122.4899567 deg)

1  : pgn=129038 line=Rx 10313838 11 f8 0e 01 80 1b c1 0e 28 dc 15 ec
1  : pgn=129038 line=Rx 10313838 11 f8 0e 01 81 10 02 b7 3c 4e 60 1c
1  : pgn=129038 line=Rx 10313839 11 f8 0e 01 82 01 0a 38 db 03 00 00
1  : pgn=129038 line=Rx 10313839 11 f8 0e 01 83 00 dc 35 00 00 f0 fe
0  : pgn=127250 line=Rx 10313891 09 f1 12 00 ff a8 40 ff 7f ff 7f fd
source=0: pgn=Vessel Heading(127250): values=Heading=(94.84 deg) Deviation=(None) Variation=(None) Reference=("1")

0  : pgn=127245 line=Rx 10313891 09 f1 0d 00 00 f8 ff 7f 00 00 ff ff
source=0: pgn=Rudder(127245): values=Instance=(0) DirectionOrder=("0") AngleOrder=(None) Position=(0.00 deg)

0  : pgn=65359  line=Rx 10313898 1c ff 4f 00 3b 9f ff ff ff a8 40 ff
source=0: pgn=Seatalk: Pilot Heading(65359): values=ManufacturerCode=(1851) IndustryCode=(4) HeadingTrue=(None) HeadingMagnetic=(94.84 deg)

32 : pgn=128259 line=Rx 10313925 09 f5 03 20 9a 34 01 ff ff ff ff ff
source=32: pgn=Speed(128259): values=SpeedWaterReferenced=(3.08 m/s) SpeedGroundReferenced=(None) SpeedWaterReferencedType=(None) SpeedDirection=(None)

3  : pgn=129026 line=Tx 10313928 09 f8 02 03 ff fc b9 47 62 01 ff ff
source=3: pgn=COG & SOG, Rapid Update(129026): values=COGReference=("0") COG=(105.20 deg) SOG=(3.54 m/s)

3  : pgn=129025 line=Tx 10313928 09 f8 01 03 a4 71 6f 1c 11 84 fd b6
source=3: pgn=Position, Rapid Update(129025): values=Latitude=(47.706563599999996 deg) Longitude=(-122.4899567 deg)

3  : pgn=129291 line=Tx 10313928 0d f9 0b 03 ff fc c6 30 37 00 ff ff
source=3: pgn=Set & Drift, Rapid Update(129291): values=SetReference=("0") Set=(71.54 deg) Drift=(0.55 m/s)

0  : pgn=127250 line=Rx 10313986 09 f1 12 00 ff ae 40 ff 7f ff 7f fd
source=0: pgn=Vessel Heading(127250): values=Heading=(94.87 deg) Deviation=(None) Variation=(None) Reference=("1")

0  : pgn=127245 line=Rx 10313987 09 f1 0d 00 00 f8 ff 7f 00 00 ff ff
source=0: pgn=Rudder(127245): values=Instance=(0) DirectionOrder=("0") AngleOrder=(None) Position=(0.00 deg)

1  : pgn=129038 line=Rx 10313990 11 f8 0e 01 a0 1b c1 9a cc e2 15 0f
1  : pgn=129038 line=Rx 10313991 11 f8 0e 01 a1 3d 10 b7 7e e5 67 1c
1  : pgn=129038 line=Rx 10313992 11 f8 0e 01 a2 ec d0 2d 00 00 00 00
1  : pgn=129038 line=Rx 10313992 11 f8 0e 01 a3 00 ff ff ff 7f f0 fe
0  : pgn=65359  line=Rx 10313993 1c ff 4f 00 3b 9f ff ff ff ae 40 ff
source=0: pgn=Seatalk: Pilot Heading(65359): values=ManufacturerCode=(1851) IndustryCode=(4) HeadingTrue=(None) HeadingMagnetic=(94.87 deg)

32 : pgn=128259 line=Rx 10314025 09 f5 03 20 9b 3a 01 ff ff ff ff ff
source=32: pgn=Speed(128259): values=SpeedWaterReferenced=(3.14 m/s) SpeedGroundReferenced=(None) SpeedWaterReferencedType=(None) SpeedDirection=(None)

3  : pgn=129025 line=Tx 10314028 09 f8 01 03 86 71 6f 1c a9 84 fd b6
source=3: pgn=Position, Rapid Update(129025): values=Latitude=(47.706560599999996 deg) Longitude=(-122.4899415 deg)

0  : pgn=127250 line=Rx 10314086 09 f1 12 00 ff b9 40 ff 7f ff 7f fd
source=0: pgn=Vessel Heading(127250): values=Heading=(94.93 deg) Deviation=(None) Variation=(None) Reference=("1")

0  : pgn=127245 line=Rx 10314087 09 f1 0d 00 00 f8 ff 7f 00 00 ff ff
source=0: pgn=Rudder(127245): values=Instance=(0) DirectionOrder=("0") AngleOrder=(None) Position=(0.00 deg)

0  : pgn=65359  line=Rx 10314093 1c ff 4f 00 3b 9f ff ff ff b9 40 ff
source=0: pgn=Seatalk: Pilot Heading(65359): values=ManufacturerCode=(1851) IndustryCode=(4) HeadingTrue=(None) HeadingMagnetic=(94.93 deg)

0  : pgn=126975 line=Rx 10314096 1d ef ff 00 40 08 3b 9f f0 81 9c 91
0  : pgn=126975 line=Rx 10314098 1d ef ff 00 41 02 00 ff ff ff ff ff
32 : pgn=128259 line=Rx 10314124 09 f5 03 20 9c 2b 01 ff ff ff ff ff
source=32: pgn=Speed(128259): values=SpeedWaterReferenced=(2.99 m/s) SpeedGroundReferenced=(None) SpeedWaterReferencedType=(None) SpeedDirection=(None)

3  : pgn=129026 line=Tx 10314129 09 f8 02 03 ff fc ca 47 5f 01 ff ff
source=3: pgn=COG & SOG, Rapid Update(129026): values=COGReference=("0") COG=(105.30 deg) SOG=(3.5100000000000002 m/s)

3  : pgn=130577 line=Tx 10314129 0d fe 11 03 00 0e c0 79 ca 47 5f 01
source=3: pgn=Direction Data(130577): values=DataMode=("0") COGReference=("0") COG=(178.58 deg) SOG=(183.78 m/s) Heading=(2.01 deg) SpeedthroughWater=(0.0 m/s) Set=(0.00 deg) Drift=(0.0 m/s)

3  : pgn=130577 line=Tx 10314129 0d fe 11 03 01 ff ff ff ff c6 30 37
source=3: pgn=Direction Data(130577): values=DataMode=("1") COGReference=("0") COG=(None) SOG=(509.43 m/s) Heading=(80.95 deg) SpeedthroughWater=(0.0 m/s) Set=(0.00 deg) Drift=(0.0 m/s)

3  : pgn=130577 line=Tx 10314129 0d fe 11 03 02 00 ff ff ff ff ff ff
source=3: pgn=Direction Data(130577): values=DataMode=("2") COGReference=("0") COG=(None) SOG=(None) Heading=(None) SpeedthroughWater=(0.0 m/s) Set=(0.00 deg) Drift=(0.0 m/s)

3  : pgn=129025 line=Tx 10314129 09 f8 01 03 86 71 6f 1c a9 84 fd b6
source=3: pgn=Position, Rapid Update(129025): values=Latitude=(47.706560599999996 deg) Longitude=(-122.4899415 deg)

3  : pgn=130306 line=Tx 10314129 09 fd 02 03 ff ff 02 88 cc fa ff ff
source=3: pgn=Wind Data(130306): values=WindSpeed=(7.67 m/s) WindAngle=(300.00 deg) Reference=("2")

1  : pgn=129793 line=Rx 10314142 1d fb 01 01 a0 1a 04 a2 fc 37 00 3f
1  : pgn=129793 line=Rx 10314142 1d fb 01 01 a1 14 19 b7 5f 8c 61 1c
1  : pgn=129793 line=Rx 10314143 1d fb 01 01 a2 ff f0 24 0f 2c 00 00
1  : pgn=129793 line=Rx 10314143 1d fb 01 01 a3 08 06 40 ff 00 fc ff
0  : pgn=127250 line=Rx 10314186 09 f1 12 00 ff c4 40 ff 7f ff 7f fd
source=0: pgn=Vessel Heading(127250): values=Heading=(95.00 deg) Deviation=(None) Variation=(None) Reference=("1")

0  : pgn=127245 line=Rx 10314187 09 f1 0d 00 00 f8 ff 7f 00 00 ff ff
source=0: pgn=Rudder(127245): values=Instance=(0) DirectionOrder=("0") AngleOrder=(None) Position=(0.00 deg)

0  : pgn=65359  line=Rx 10314191 1c ff 4f 00 3b 9f ff ff ff c4 40 ff
source=0: pgn=Seatalk: Pilot Heading(65359): values=ManufacturerCode=(1851) IndustryCode=(4) HeadingTrue=(None) HeadingMagnetic=(95.00 deg)

32 : pgn=128259 line=Rx 10314226 09 f5 03 20 9d 39 01 ff ff ff ff ff
source=32: pgn=Speed(128259): values=SpeedWaterReferenced=(3.13 m/s) SpeedGroundReferenced=(None) SpeedWaterReferencedType=(None) SpeedDirection=(None)

32 : pgn=130310 line=Rx 10314229 15 fd 06 20 c0 ff ff ff ff ff ff ff
source=32: pgn=Environmental Parameters (obsolete)(130310): values=WaterTemperature=(None) OutsideAmbientAirTemperature=(None) AtmosphericPressure=(None)

3  : pgn=129283 line=Tx 10314229 0d f9 03 03 ff 7f ff ff ff 7f ff ff
source=3: pgn=Cross Track Error(129283): values=XTEmode=(None) NavigationTerminated=("1") XTE=(None)

3  : pgn=129025 line=Tx 10314229 09 f8 01 03 86 71 6f 1c a9 84 fd b6
source=3: pgn=Position, Rapid Update(129025): values=Latitude=(47.706560599999996 deg) Longitude=(-122.4899415 deg)

3  : pgn=128267 line=Tx 10314229 0d f5 0b 03 ff 1a 3d 00 00 00 00 ff
source=3: pgn=Water Depth(128267): values=Depth=(156.42000000000002 m) Offset=(0.0 m) Range=(None)

32 : pgn=128275 line=Rx 10314239 19 f5 13 20 40 0e ff ff ff ff ff ff
32 : pgn=128275 line=Rx 10314244 19 f5 13 20 41 c1 ad 3c 00 c1 ad 3c
32 : pgn=128275 line=Rx 10314249 19 f5 13 20 42 00 ff ff ff ff ff ff
1  : pgn=59936  line=Rx 10314265 18 ea 20 01 00 ee 00 00 00 00 00 00
1  : pgn=129038 line=Rx 10314266 11 f8 0e 01 c0 1b c1 fe 82 dc 15 9e
1  : pgn=129038 line=Rx 10314267 11 f8 0e 01 c1 62 14 b7 df 7c 5f 1c
1  : pgn=129038 line=Rx 10314267 11 f8 0e 01 c2 05 02 b8 05 00 00 00
1  : pgn=129038 line=Rx 10314268 11 f8 0e 01 c3 00 e7 37 00 00 ff fe
0  : pgn=127250 line=Rx 10314286 09 f1 12 00 ff ca 40 ff 7f ff 7f fd
source=0: pgn=Vessel Heading(127250): values=Heading=(95.03 deg) Deviation=(None) Variation=(None) Reference=("1")

0  : pgn=127245 line=Rx 10314287 09 f1 0d 00 00 f8 ff 7f 00 00 ff ff
source=0: pgn=Rudder(127245): values=Instance=(0) DirectionOrder=("0") AngleOrder=(None) Position=(0.00 deg)

0  : pgn=65359  line=Rx 10314294 1c ff 4f 00 3b 9f ff ff ff ca 40 ff
source=0: pgn=Seatalk: Pilot Heading(65359): values=ManufacturerCode=(1851) IndustryCode=(4) HeadingTrue=(None) HeadingMagnetic=(95.03 deg)

32 : pgn=128259 line=Rx 10314324 09 f5 03 20 9e 2e 01 ff ff ff ff ff
1  : pgn=129038 line=Rx 10314325 11 f8 0e 01 e0 1b c3 ac 85 e0 15 24
1  : pgn=129038 line=Rx 10314326 11 f8 0e 01 e1 c9 15 b7 f2 d4 63 1c
1  : pgn=129038 line=Rx 10314326 11 f8 0e 01 e2 05 ff 23 00 00 00 00
1  : pgn=129038 line=Rx 10314327 11 f8 0e 01 e3 00 c4 5e 00 00 f5 fe
3  : pgn=129026 line=Tx 10314330 09 f8 02 03 ff fc ed 47 5c 01 ff ff
source=3: pgn=COG & SOG, Rapid Update(129026): values=COGReference=("0") COG=(105.50 deg) SOG=(3.48 m/s)

3  : pgn=129025 line=Tx 10314330 09 f8 01 03 74 71 6f 1c 00 85 fd b6
source=3: pgn=Position, Rapid Update(129025): values=Latitude=(47.706558799999996 deg) Longitude=(-122.48993279999999 deg)

3  : pgn=129542 line=Tx 10314330 19 fa 06 03 00 0f 79 3f 01 00 00 00
source=3: pgn=GNSS Pseudorange Noise Statistics(129542): values=RMSofPositionUncertainty=(30991) STDofMajoraxis=(63) STDofMinoraxis=(1) OrientationofMajoraxis=(0) STDofLatError=(0) STDofLonError=(0) STDofAltError=(0)

3  : pgn=129542 line=Tx 10314330 19 fa 06 03 01 00 00 00 00 00 00 00
source=3: pgn=GNSS Pseudorange Noise Statistics(129542): values=RMSofPositionUncertainty=(0) STDofMajoraxis=(0) STDofMinoraxis=(0) OrientationofMajoraxis=(0) STDofLatError=(0) STDofLonError=(0) STDofAltError=(0)

3  : pgn=129542 line=Tx 10314330 19 fa 06 03 02 00 00 ff ff ff ff ff
source=3: pgn=GNSS Pseudorange Noise Statistics(129542): values=RMSofPositionUncertainty=(0) STDofMajoraxis=(None) STDofMinoraxis=(None) OrientationofMajoraxis=(None) STDofLatError=(None) STDofLonError=(None) STDofAltError=(0)

3  : pgn=65364  line=Tx 10314330 1c ff 54 03 3b 9f ff 02 88 cc ff ff
1  : pgn=129041 line=Rx 10314388 11 f8 11 01 60 30 55 75 89 3a 3b 6d
0  : pgn=127250 line=Rx 10314388 09 f1 12 00 ff d3 40 ff 7f ff 7f fd
source=0: pgn=Vessel Heading(127250): values=Heading=(95.08 deg) Deviation=(None) Variation=(None) Reference=("1")

1  : pgn=129041 line=Rx 10314389 11 f8 11 01 61 8b 0a b7 5b f8 47 1c
0  : pgn=127245 line=Rx 10314389 09 f1 0d 00 00 f8 ff 7f 00 00 ff ff
source=0: pgn=Rudder(127245): values=Instance=(0) DirectionOrder=("0") AngleOrder=(None) Position=(0.00 deg)

1  : pgn=129041 line=Rx 10314390 11 f8 11 01 62 f4 00 00 00 00 00 00
1  : pgn=129041 line=Rx 10314391 11 f8 11 01 63 ff ff 12 ee ff e0 16
1  : pgn=129041 line=Rx 10314391 11 f8 11 01 64 01 50 53 20 54 53 4c
1  : pgn=129041 line=Rx 10314392 11 f8 11 01 65 20 4c 42 20 54 41 20
1  : pgn=129041 line=Rx 10314392 11 f8 11 01 66 20 20 20 20 20 20 20
0  : pgn=65359  line=Rx 10314397 1c ff 4f 00 3b 9f ff ff ff d3 40 ff
source=0: pgn=Seatalk: Pilot Heading(65359): values=ManufacturerCode=(1851) IndustryCode=(4) HeadingTrue=(None) HeadingMagnetic=(95.08 deg)

4  : pgn=65384  line=Rx 10314406 1c ff 68 04 3b 9f 00 00 00 00 00 00
32 : pgn=128259 line=Rx 10314423 09 f5 03 20 9f 30 01 ff ff ff ff ff
source=32: pgn=Speed(128259): values=SpeedWaterReferenced=(3.04 m/s) SpeedGroundReferenced=(None) SpeedWaterReferencedType=(None) SpeedDirection=(None)

3  : pgn=129540 line=Tx 10314430 19 fa 04 03 40 9f 9b ff 0d 03 97 1a
source=3: pgn=GNSS Sats in View(129540): values=RangeResidualMode=(None) SatsinView=(155) PRN=(None) Elevation=(4.47 deg) Azimuth=(39.00 deg) SNR=(0.0 dB) Rangeresiduals=(0) Status=("0")

3  : pgn=129540 line=Tx 10314430 19 fa 04 03 41 2e 26 00 00 00 00 00
source=3: pgn=GNSS Sats in View(129540): values=RangeResidualMode=("0") SatsinView=(38) PRN=(0) Elevation=(0.00 deg) Azimuth=(0.00 deg) SNR=(0.0 dB) Rangeresiduals=(0) Status=("0")

3  : pgn=129540 line=Tx 10314430 19 fa 04 03 42 00 f3 0f ff 1d 5c 3d
source=3: pgn=GNSS Sats in View(129540): values=RangeResidualMode=("0") SatsinView=(243) PRN=(15) Elevation=(44.00 deg) Azimuth=(90.00 deg) SNR=(0.0 dB) Rangeresiduals=(0) Status=("0")

3  : pgn=129540 line=Tx 10314430 19 fa 04 03 43 80 0c 00 00 00 00 f5
source=3: pgn=GNSS Sats in View(129540): values=RangeResidualMode=("0") SatsinView=(12) PRN=(0) Elevation=(0.00 deg) Azimuth=(359.36 deg) SNR=(0.0 dB) Rangeresiduals=(0) Status=("0")

3  : pgn=129540 line=Tx 10314430 19 fa 04 03 44 10 17 13 71 b9 b8 0b
source=3: pgn=GNSS Sats in View(129540): values=RangeResidualMode=("0") SatsinView=(23) PRN=(19) Elevation=(-103.49 deg) Azimuth=(17.19 deg) SNR=(0.0 dB) Rangeresiduals=(0) Status=("0")

3  : pgn=129540 line=Tx 10314430 19 fa 04 03 45 00 00 00 00 f5 12 c5
source=3: pgn=GNSS Sats in View(129540): values=RangeResidualMode=("0") SatsinView=(0) PRN=(0) Elevation=(-16.13 deg) Azimuth=(289.06 deg) SNR=(0.0 dB) Rangeresiduals=(0) Status=("0")

3  : pgn=129540 line=Tx 10314430 19 fa 04 03 46 31 f2 93 48 0d 00 00
source=3: pgn=GNSS Sats in View(129540): values=RangeResidualMode=("1") SatsinView=(242) PRN=(147) Elevation=(19.48 deg) Azimuth=(0.00 deg) SNR=(0.0 dB) Rangeresiduals=(0) Status=("0")

3  : pgn=129540 line=Tx 10314430 19 fa 04 03 47 00 00 f5 13 69 03 1f
source=3: pgn=GNSS Sats in View(129540): values=RangeResidualMode=("0") SatsinView=(0) PRN=(245) Elevation=(154.12 deg) Azimuth=(45.49 deg) SNR=(0.0 dB) Rangeresiduals=(0) Status=("0")

3  : pgn=129540 line=Tx 10314430 19 fa 04 03 48 d8 48 0d 00 00 00 00
source=3: pgn=GNSS Sats in View(129540): values=RangeResidualMode=("0") SatsinView=(72) PRN=(13) Elevation=(0.00 deg) Azimuth=(0.00 deg) SNR=(0.0 dB) Rangeresiduals=(0) Status=("0")

3  : pgn=129540 line=Tx 10314430 19 fa 04 03 49 f5 15 e8 37 ba 20 ac
source=3: pgn=GNSS Sats in View(129540): values=RangeResidualMode=("1") SatsinView=(21) PRN=(232) Elevation=(-102.36 deg) Azimuth=(252.47 deg) SNR=(0.0 dB) Rangeresiduals=(0) Status=("0")

3  : pgn=129540 line=Tx 10314430 19 fa 04 03 4a 0d 00 00 00 00 f5 16
source=3: pgn=GNSS Sats in View(129540): values=RangeResidualMode=("1") SatsinView=(0) PRN=(0) Elevation=(0.00 deg) Azimuth=(33.67 deg) SNR=(0.0 dB) Rangeresiduals=(0) Status=("0")

3  : pgn=129540 line=Tx 10314431 19 fa 04 03 4b d1 15 cf 9c 48 0d 00
source=3: pgn=GNSS Sats in View(129540): values=RangeResidualMode=("1") SatsinView=(21) PRN=(207) Elevation=(106.50 deg) Azimuth=(0.07 deg) SNR=(0.0 dB) Rangeresiduals=(0) Status=("0")

3  : pgn=129540 line=Tx 10314432 19 fa 04 03 4c 00 00 00 f5 1a ae 0f
source=3: pgn=GNSS Sats in View(129540): values=RangeResidualMode=("0") SatsinView=(0) PRN=(0) Elevation=(39.54 deg) Azimuth=(23.00 deg) SNR=(0.0 dB) Rangeresiduals=(0) Status=("0")

3  : pgn=129540 line=Tx 10314432 19 fa 04 03 4d 5d 1f ac 0d 00 00 00
source=3: pgn=GNSS Sats in View(129540): values=RangeResidualMode=("1") SatsinView=(31) PRN=(172) Elevation=(0.07 deg) Azimuth=(0.00 deg) SNR=(0.0 dB) Rangeresiduals=(0) Status=("0")

3  : pgn=129540 line=Tx 10314433 19 fa 04 03 4e 00 f5 1b d1 15 ab d2
source=3: pgn=GNSS Sats in View(129540): values=RangeResidualMode=("0") SatsinView=(245) PRN=(27) Elevation=(32.00 deg) Azimuth=(309.00 deg) SNR=(0.0 dB) Rangeresiduals=(0) Status=("0")

3  : pgn=129540 line=Tx 10314435 19 fa 04 03 4f ac 0d 00 00 00 00 f5
source=3: pgn=GNSS Sats in View(129540): values=RangeResidualMode=("0") SatsinView=(13) PRN=(0) Elevation=(0.00 deg) Azimuth=(359.36 deg) SNR=(0.0 dB) Rangeresiduals=(0) Status=("0")

3  : pgn=129540 line=Tx 10314435 19 fa 04 03 50 1d 00 0f a1 67 1c 0c
source=3: pgn=GNSS Sats in View(129540): values=RangeResidualMode=("1") SatsinView=(0) PRN=(15) Elevation=(152.00 deg) Azimuth=(17.76 deg) SNR=(0.0 dB) Rangeresiduals=(0) Status=("0")

3  : pgn=129540 line=Tx 10314436 19 fa 04 03 51 00 00 00 00 f5 23 d1
source=3: pgn=GNSS Sats in View(129540): values=RangeResidualMode=("0") SatsinView=(0) PRN=(0) Elevation=(-16.13 deg) Azimuth=(306.76 deg) SNR=(0.0 dB) Rangeresiduals=(0) Status=("0")

3  : pgn=129540 line=Tx 10314437 19 fa 04 03 52 15 c3 8b 00 00 00 00
source=3: pgn=GNSS Sats in View(129540): values=RangeResidualMode=("1") SatsinView=(195) PRN=(139) Elevation=(0.00 deg) Azimuth=(0.00 deg) SNR=(0.0 dB) Rangeresiduals=(0) Status=("0")

3  : pgn=129540 line=Tx 10314438 19 fa 04 03 53 00 00 f3 30 2e 17 43
source=3: pgn=GNSS Sats in View(129540): values=RangeResidualMode=("0") SatsinView=(0) PRN=(243) Elevation=(67.75 deg) Azimuth=(98.41 deg) SNR=(0.0 dB) Rangeresiduals=(0) Status=("0")

3  : pgn=129540 line=Tx 10314438 19 fa 04 03 54 84 10 0e 00 00 00 00
source=3: pgn=GNSS Sats in View(129540): values=RangeResidualMode=("0") SatsinView=(16) PRN=(14) Elevation=(0.00 deg) Azimuth=(0.00 deg) SNR=(0.0 dB) Rangeresiduals=(0) Status=("0")

3  : pgn=129540 line=Tx 10314439 19 fa 04 03 55 f5 33 80 16 67 6c e4
source=3: pgn=GNSS Sats in View(129540): values=RangeResidualMode=("1") SatsinView=(51) PRN=(128) Elevation=(151.20 deg) Azimuth=(335.04 deg) SNR=(0.0 dB) Rangeresiduals=(0) Status=("0")

3  : pgn=129540 line=Tx 10314439 19 fa 04 03 56 0c 00 00 00 00 f5 ff
source=3: pgn=GNSS Sats in View(129540): values=RangeResidualMode=("0") SatsinView=(0) PRN=(0) Elevation=(0.00 deg) Azimuth=(375.43 deg) SNR=(0.0 dB) Rangeresiduals=(0) Status=("0")

3  : pgn=129025 line=Tx 10314440 09 f8 01 03 74 71 6f 1c 00 85 fd b6
source=3: pgn=Position, Rapid Update(129025): values=Latitude=(47.706558799999996 deg) Longitude=(-122.48993279999999 deg)

3  : pgn=127258 line=Tx 10314442 19 f1 1a 03 ff f6 12 39 fa 0a ff ff
source=3: pgn=Magnetic Variation(127258): values=Source=("6") Ageofservice=(14610 d) Variation=(16.10 deg)

0  : pgn=127250 line=Rx 10314486 09 f1 12 00 ff d5 40 ff 7f ff 7f fd
source=0: pgn=Vessel Heading(127250): values=Heading=(95.09 deg) Deviation=(None) Variation=(None) Reference=("1")

0  : pgn=127245 line=Rx 10314487 09 f1 0d 00 00 f8 ff 7f 00 00 ff ff
source=0: pgn=Rudder(127245): values=Instance=(0) DirectionOrder=("0") AngleOrder=(None) Position=(0.00 deg)

0  : pgn=65359  line=Rx 10314494 1c ff 4f 00 3b 9f ff ff ff d5 40 ff
source=0: pgn=Seatalk: Pilot Heading(65359): values=ManufacturerCode=(1851) IndustryCode=(4) HeadingTrue=(None) HeadingMagnetic=(95.09 deg)

32 : pgn=128259 line=Rx 10314522 09 f5 03 20 a0 34 01 ff ff ff ff ff
source=32: pgn=Speed(128259): values=SpeedWaterReferenced=(3.08 m/s) SpeedGroundReferenced=(None) SpeedWaterReferencedType=(None) SpeedDirection=(None)

3  : pgn=129026 line=Tx 10314530 09 f8 02 03 ff fc 22 48 5a 01 ff ff
source=3: pgn=COG & SOG, Rapid Update(129026): values=COGReference=("0") COG=(105.80 deg) SOG=(3.46 m/s)

3  : pgn=129025 line=Tx 10314530 09 f8 01 03 49 71 6f 1c aa 85 fd b6
source=3: pgn=Position, Rapid Update(129025): values=Latitude=(47.706554499999996 deg) Longitude=(-122.48991579999999 deg)

1  : pgn=129038 line=Rx 10314540 11 f8 0e 01 00 1b c1 18 97 f4 15 e7
1  : pgn=129038 line=Rx 10314540 11 f8 0e 01 01 81 10 b7 e3 7c 67 1c
source=1: pgn=AIS Class A Position Report(129038): values=MessageID=(1) RepeatIndicator=("0") UserID=(3820425345) Longitude=(0.0 deg) Latitude=(0.0 deg) PositionAccuracy=("0") RAIM=("0") TimeStamp=("0") COG=(0.00 deg) SOG=(0.0 m/s) CommunicationState=(0) AISTransceiverinformation=("0") Heading=(0.00 deg) RateofTurn=(0.00 deg/s) NavStatus=("0") SpecialManeuverIndicator=("0") Spare=(0) SequenceID=(0)

1  : pgn=129038 line=Rx 10314541 11 f8 0e 01 02 03 b1 97 00 00 00 00
source=1: pgn=AIS Class A Position Report(129038): values=MessageID=(2) RepeatIndicator=("0") UserID=(9941251) Longitude=(0.0 deg) Latitude=(0.0 deg) PositionAccuracy=("0") RAIM=("0") TimeStamp=("0") COG=(0.00 deg) SOG=(0.0 m/s) CommunicationState=(0) AISTransceiverinformation=("0") Heading=(0.00 deg) RateofTurn=(0.00 deg/s) NavStatus=("0") SpecialManeuverIndicator=("0") Spare=(0) SequenceID=(0)

1  : pgn=129038 line=Rx 10314541 11 f8 0e 01 03 00 ff ff ff 7f f0 fe
source=1: pgn=AIS Class A Position Report(129038): values=MessageID=(3) RepeatIndicator=("0") UserID=(4294967040) Longitude=(0.0 deg) Latitude=(0.0 deg) PositionAccuracy=("0") RAIM=("0") TimeStamp=("0") COG=(0.00 deg) SOG=(0.0 m/s) CommunicationState=(0) AISTransceiverinformation=("0") Heading=(0.00 deg) RateofTurn=(0.00 deg/s) NavStatus=("0") SpecialManeuverIndicator=("0") Spare=(0) SequenceID=(0)

0  : pgn=127250 line=Rx 10314586 09 f1 12 00 ff db 40 ff 7f ff 7f fd
source=0: pgn=Vessel Heading(127250): values=Heading=(95.13 deg) Deviation=(None) Variation=(None) Reference=("1")

0  : pgn=127245 line=Rx 10314587 09 f1 0d 00 00 f8 ff 7f 00 00 ff ff
source=0: pgn=Rudder(127245): values=Instance=(0) DirectionOrder=("0") AngleOrder=(None) Position=(0.00 deg)

0  : pgn=65379  line=Rx 10314591 1c ff 63 00 3b 9f 00 00 00 00 01 ff
source=0: pgn=Seatalk: Pilot Mode(65379): values=ManufacturerCode=(1851) IndustryCode=(4) PilotMode=(0) SubMode=(0) PilotModeData=(0)

0  : pgn=65359  line=Rx 10314592 1c ff 4f 00 3b 9f ff ff ff db 40 ff
source=0: pgn=Seatalk: Pilot Heading(65359): values=ManufacturerCode=(1851) IndustryCode=(4) HeadingTrue=(None) HeadingMagnetic=(95.13 deg)

0  : pgn=126975 line=Rx 10314596 1d ef ff 00 60 0d 3b 9f f0 81 84 96
0  : pgn=126975 line=Rx 10314597 1d ef ff 00 61 42 0a 00 00 00 02 05
32 : pgn=128259 line=Rx 10314622 09 f5 03 20 a1 35 01 ff ff ff ff ff
source=32: pgn=Speed(128259): values=SpeedWaterReferenced=(3.09 m/s) SpeedGroundReferenced=(None) SpeedWaterReferencedType=(None) SpeedDirection=(None)

3  : pgn=129029 line=Tx 10314631 0d f8 05 03 00 2b 79 06 40 10 73 0f
source=3: pgn=GNSS Position Data(129029): values=Date=(31019 d) Time=(193044.4806 s) Latitude=(0.0 deg) Longitude=(0.0 deg) Altitude=(0.0 m) GNSStype=("0") Method=("0") Integrity=("0") NumberofSVs=(0) HDOP=(0.0) PDOP=(0.0) GeoidalSeparation=(0.0 m) ReferenceStations=(0) ReferenceStationType=("0") ReferenceStationID=(0) AgeofDGNSSCorrections=(0.0 s)

3  : pgn=129029 line=Tx 10314631 0d f8 05 03 01 2c 00 9a 4d e8 95 e0
source=3: pgn=GNSS Position Data(129029): values=Date=(44 d) Time=(251502.9402 s) Latitude=(0.0 deg) Longitude=(0.0 deg) Altitude=(0.0 m) GNSStype=("0") Method=("0") Integrity=("0") NumberofSVs=(0) HDOP=(0.0) PDOP=(0.0) GeoidalSeparation=(0.0 m) ReferenceStations=(0) ReferenceStationType=("0") ReferenceStationID=(0) AgeofDGNSSCorrections=(0.0 s)

3  : pgn=129029 line=Tx 10314631 0d f8 05 03 02 9e 06 00 24 bc a1 b4
source=3: pgn=GNSS Position Data(129029): values=Date=(1694 d) Time=(271346.17600000004 s) Latitude=(0.0 deg) Longitude=(0.0 deg) Altitude=(0.0 m) GNSStype=("0") Method=("0") Integrity=("0") NumberofSVs=(0) HDOP=(0.0) PDOP=(0.0) GeoidalSeparation=(0.0 m) ReferenceStations=(0) ReferenceStationType=("0") ReferenceStationID=(0) AgeofDGNSSCorrections=(0.0 s)

3  : pgn=129029 line=Tx 10314631 0d f8 05 03 03 48 00 ef ff ff ff ff
source=3: pgn=GNSS Position Data(129029): values=Date=(72 d) Time=(429496.7279 s) Latitude=(0.0 deg) Longitude=(0.0 deg) Altitude=(0.0 m) GNSStype=("0") Method=("0") Integrity=("0") NumberofSVs=(0) HDOP=(0.0) PDOP=(0.0) GeoidalSeparation=(0.0 m) ReferenceStations=(0) ReferenceStationType=("0") ReferenceStationID=(0) AgeofDGNSSCorrections=(0.0 s)

3  : pgn=129029 line=Tx 10314631 0d f8 05 03 04 ff ff ff 7f 23 fc 09
source=3: pgn=GNSS Position Data(129029): values=Date=(None) Time=(423018.49590000004 s) Latitude=(0.0 deg) Longitude=(0.0 deg) Altitude=(0.0 m) GNSStype=("0") Method=("0") Integrity=("0") NumberofSVs=(0) HDOP=(0.0) PDOP=(0.0) GeoidalSeparation=(0.0 m) ReferenceStations=(0) ReferenceStationType=("0") ReferenceStationID=(0) AgeofDGNSSCorrections=(0.0 s)

3  : pgn=129029 line=Tx 10314631 0d f8 05 03 05 54 00 ff 7f ff ff ff
source=3: pgn=GNSS Position Data(129029): values=Date=(84 d) Time=(429493.4527 s) Latitude=(0.0 deg) Longitude=(0.0 deg) Altitude=(0.0 m) GNSStype=("0") Method=("0") Integrity=("0") NumberofSVs=(0) HDOP=(0.0) PDOP=(0.0) GeoidalSeparation=(0.0 m) ReferenceStations=(0) ReferenceStationType=("0") ReferenceStationID=(0) AgeofDGNSSCorrections=(0.0 s)

3  : pgn=129029 line=Tx 10314631 0d f8 05 03 06 7f 00 ff ff ff ff ff
source=3: pgn=GNSS Position Data(129029): values=Date=(127 d) Time=(None) Latitude=(0.0 deg) Longitude=(0.0 deg) Altitude=(0.0 m) GNSStype=("0") Method=("0") Integrity=("0") NumberofSVs=(0) HDOP=(0.0) PDOP=(0.0) GeoidalSeparation=(0.0 m) ReferenceStations=(0) ReferenceStationType=("0") ReferenceStationID=(0) AgeofDGNSSCorrections=(0.0 s)

3  : pgn=129025 line=Tx 10314631 09 f8 01 03 49 71 6f 1c aa 85 fd b6
source=3: pgn=Position, Rapid Update(129025): values=Latitude=(47.706554499999996 deg) Longitude=(-122.48991579999999 deg)

3  : pgn=129033 line=Tx 10314631 0d f8 09 03 06 40 10 73 0f 2c 5c fe
source=3: pgn=Time & Date(129033): values=Date=(16390 d) Time=(73921.0 s) LocalOffset=(-25200.0 s)

0  : pgn=127250 line=Rx 10314686 09 f1 12 00 ff e9 40 ff 7f ff 7f fd
source=0: pgn=Vessel Heading(127250): values=Heading=(95.21 deg) Deviation=(None) Variation=(None) Reference=("1")

0  : pgn=127245 line=Rx 10314687 09 f1 0d 00 00 f8 ff 7f 00 00 ff ff
source=0: pgn=Rudder(127245): values=Instance=(0) DirectionOrder=("0") AngleOrder=(None) Position=(0.00 deg)

0  : pgn=65359  line=Rx 10314693 1c ff 4f 00 3b 9f ff ff ff e9 40 ff
source=0: pgn=Seatalk: Pilot Heading(65359): values=ManufacturerCode=(1851) IndustryCode=(4) HeadingTrue=(None) HeadingMagnetic=(95.21 deg)

0  : pgn=126975 line=Rx 10314703 1d ef ff 00 80 09 3b 9f f0 81 ae 02
0  : pgn=126975 line=Rx 10314705 1d ef ff 00 81 00 08 00 ff ff ff ff
32 : pgn=128259 line=Rx 10314721 09 f5 03 20 a2 40 01 ff ff ff ff ff
source=32: pgn=Speed(128259): values=SpeedWaterReferenced=(3.2 m/s) SpeedGroundReferenced=(None) SpeedWaterReferencedType=(None) SpeedDirection=(None)

3  : pgn=129026 line=Tx 10314731 09 f8 02 03 ff fc 22 48 5a 01 ff ff
source=3: pgn=COG & SOG, Rapid Update(129026): values=COGReference=("0") COG=(105.80 deg) SOG=(3.46 m/s)

3  : pgn=129025 line=Tx 10314731 09 f8 01 03 49 71 6f 1c aa 85 fd b6
source=3: pgn=Position, Rapid Update(129025): values=Latitude=(47.706554499999996 deg) Longitude=(-122.48991579999999 deg)

3  : pgn=126992 line=Tx 10314731 0d f0 10 03 ff ff 06 40 10 73 0f 2c
source=3: pgn=System Time(126992): values=Source=(None) Date=(16390 d) Time=(73921.0 s)

0  : pgn=127250 line=Rx 10314786 09 f1 12 00 ff fe 40 ff 7f ff 7f fd
source=0: pgn=Vessel Heading(127250): values=Heading=(95.33 deg) Deviation=(None) Variation=(None) Reference=("1")

1  : pgn=129041 line=Rx 10314786 11 f8 11 01 80 30 55 75 89 3a 3b 6d
0  : pgn=127245 line=Rx 10314787 09 f1 0d 00 00 f8 ff 7f 00 00 ff ff
source=0: pgn=Rudder(127245): values=Instance=(0) DirectionOrder=("0") AngleOrder=(None) Position=(0.00 deg)

1  : pgn=129041 line=Rx 10314787 11 f8 11 01 81 8b 0a b7 5b f8 47 1c
1  : pgn=129041 line=Rx 10314788 11 f8 11 01 82 f4 00 00 00 00 00 00
1  : pgn=129041 line=Rx 10314789 11 f8 11 01 83 ff ff 12 ee ff e0 16
1  : pgn=129041 line=Rx 10314789 11 f8 11 01 84 01 50 53 20 54 53 4c
1  : pgn=129041 line=Rx 10314790 11 f8 11 01 85 20 4c 42 20 54 41 20
1  : pgn=129041 line=Rx 10314790 11 f8 11 01 86 20 20 20 20 20 20 20
1  : pgn=129793 line=Rx 10314792 1d fb 01 01 c0 1a c4 e3 ff 37 00 42
1  : pgn=129793 line=Rx 10314792 1d fb 01 01 c1 75 d0 b6 c7 62 57 1c
1  : pgn=129793 line=Rx 10314792 1d fb 01 01 c2 ff 00 4c 0f 2c 00 00
1  : pgn=129793 line=Rx 10314793 1d fb 01 01 c3 08 06 40 ff 00 fc ff
0  : pgn=65359  line=Rx 10314799 1c ff 4f 00 3b 9f ff ff ff fe 40 ff
source=0: pgn=Seatalk: Pilot Heading(65359): values=ManufacturerCode=(1851) IndustryCode=(4) HeadingTrue=(None) HeadingMagnetic=(95.33 deg)

32 : pgn=128259 line=Rx 10314821 09 f5 03 20 a3 38 01 ff ff ff ff ff
source=32: pgn=Speed(128259): values=SpeedWaterReferenced=(3.12 m/s) SpeedGroundReferenced=(None) SpeedWaterReferencedType=(None) SpeedDirection=(None)

3  : pgn=129025 line=Tx 10314831 09 f8 01 03 3b 71 6f 1c 05 86 fd b6
source=3: pgn=Position, Rapid Update(129025): values=Latitude=(47.7065531 deg) Longitude=(-122.48990669999999 deg)

1  : pgn=129793 line=Rx 10314850 1d fb 01 01 e0 1a c4 e3 ff 37 00 42
1  : pgn=129793 line=Rx 10314850 1d fb 01 01 e1 75 d0 b6 c7 62 57 1c
1  : pgn=129793 line=Rx 10314851 1d fb 01 01 e2 ff 00 4c 0f 2c 00 00
1  : pgn=129793 line=Rx 10314852 1d fb 01 01 e3 00 06 40 ff 00 fc ff
0  : pgn=127250 line=Rx 10314886 09 f1 12 00 ff 20 41 ff 7f ff 7f fd
source=0: pgn=Vessel Heading(127250): values=Heading=(95.52 deg) Deviation=(None) Variation=(None) Reference=("1")

0  : pgn=127245 line=Rx 10314887 09 f1 0d 00 00 f8 ff 7f 00 00 ff ff
source=0: pgn=Rudder(127245): values=Instance=(0) DirectionOrder=("0") AngleOrder=(None) Position=(0.00 deg)

0  : pgn=65359  line=Rx 10314893 1c ff 4f 00 3b 9f ff ff ff 20 41 ff
source=0: pgn=Seatalk: Pilot Heading(65359): values=ManufacturerCode=(1851) IndustryCode=(4) HeadingTrue=(None) HeadingMagnetic=(95.52 deg)

1  : pgn=129793 line=Rx 10314911 1d fb 01 01 00 1a c4 e1 ff 37 00 97
source=1: pgn=AIS UTC and Date Report(129793): values=MessageID=(0) RepeatIndicator=("0") UserID=(4292985882) Longitude=(0.0 deg) Latitude=(0.0 deg) PositionAccuracy=("0") RAIM=("0") PositionTime=(0.0 s) CommunicationState=(0) AISTransceiverinformation=("0") PositionDate=(0 d) GNSStype=("0") Spare=(0)

1  : pgn=129793 line=Rx 10314911 1d fb 01 01 01 19 0f b7 61 cc 3e 1c
source=1: pgn=AIS UTC and Date Report(129793): values=MessageID=(1) RepeatIndicator=("0") UserID=(1639386905) Longitude=(0.0 deg) Latitude=(0.0 deg) PositionAccuracy=("0") RAIM=("0") PositionTime=(0.0 s) CommunicationState=(0) AISTransceiverinformation=("0") PositionDate=(0 d) GNSStype=("0") Spare=(0)

1  : pgn=129793 line=Rx 10314912 1d fb 01 01 02 ff 00 4c 0f 2c 00 00
source=1: pgn=AIS UTC and Date Report(129793): values=MessageID=(2) RepeatIndicator=("0") UserID=(256639231) Longitude=(0.0 deg) Latitude=(0.0 deg) PositionAccuracy=("0") RAIM=("0") PositionTime=(0.0 s) CommunicationState=(0) AISTransceiverinformation=("0") PositionDate=(0 d) GNSStype=("0") Spare=(0)

1  : pgn=129793 line=Rx 10314912 1d fb 01 01 03 00 06 40 ff 00 fc ff
source=1: pgn=AIS UTC and Date Report(129793): values=MessageID=(3) RepeatIndicator=("0") UserID=(4282385920) Longitude=(0.0 deg) Latitude=(0.0 deg) PositionAccuracy=("0") RAIM=("0") PositionTime=(0.0 s) CommunicationState=(0) AISTransceiverinformation=("0") PositionDate=(0 d) GNSStype=("0") Spare=(0)

32 : pgn=128259 line=Rx 10314920 09 f5 03 20 a4 37 01 ff ff ff ff ff
source=32: pgn=Speed(128259): values=SpeedWaterReferenced=(3.11 m/s) SpeedGroundReferenced=(None) SpeedWaterReferencedType=(None) SpeedDirection=(None)

3  : pgn=129026 line=Tx 10314931 09 f8 02 03 ff fc 44 48 59 01 ff ff
source=3: pgn=COG & SOG, Rapid Update(129026): values=COGReference=("0") COG=(106.00 deg) SOG=(3.45 m/s)

3  : pgn=129025 line=Tx 10314931 09 f8 01 03 3b 71 6f 1c 05 86 fd b6
source=3: pgn=Position, Rapid Update(129025): values=Latitude=(47.7065531 deg) Longitude=(-122.48990669999999 deg)

3  : pgn=129291 line=Tx 10314931 0d f9 0b 03 ff fc df 26 28 00 ff ff
source=3: pgn=Set & Drift, Rapid Update(129291): values=SetReference=("0") Set=(57.02 deg) Drift=(0.4 m/s)

1  : pgn=129793 line=Rx 10314973 1d fb 01 01 20 1a c4 cb fe 37 00 e5
1  : pgn=129793 line=Rx 10314973 1d fb 01 01 21 38 14 b7 b7 75 5d 1c
1  : pgn=129793 line=Rx 10314974 1d fb 01 01 22 ff 10 73 0f 2c 00 00
1  : pgn=129793 line=Rx 10314974 1d fb 01 01 23 00 06 40 ff 00 fc ff
1  : pgn=129793 line=Rx 10314976 1d fb 01 01 40 1a c4 c8 fe 37 00 2f
1  : pgn=129793 line=Rx 10314976 1d fb 01 01 41 0b db b6 79 6b 0a 1d
1  : pgn=129793 line=Rx 10314976 1d fb 01 01 42 ff 10 73 0f 2c 00 00
1  : pgn=129793 line=Rx 10314976 1d fb 01 01 43 00 06 40 ff 00 fc ff
0  : pgn=127250 line=Rx 10314986 09 f1 12 00 ff 36 41 ff 7f ff 7f fd
source=0: pgn=Vessel Heading(127250): values=Heading=(95.65 deg) Deviation=(None) Variation=(None) Reference=("1")

0  : pgn=127245 line=Rx 10314987 09 f1 0d 00 00 f8 ff 7f 00 00 ff ff
source=0: pgn=Rudder(127245): values=Instance=(0) DirectionOrder=("0") AngleOrder=(None) Position=(0.00 deg)

0  : pgn=65359  line=Rx 10314991 1c ff 4f 00 3b 9f ff ff ff 36 41 ff
source=0: pgn=Seatalk: Pilot Heading(65359): values=ManufacturerCode=(1851) IndustryCode=(4) HeadingTrue=(None) HeadingMagnetic=(95.65 deg)

32 : pgn=128259 line=Rx 10315020 09 f5 03 20 a5 38 01 ff ff ff ff ff
source=32: pgn=Speed(128259): values=SpeedWaterReferenced=(3.12 m/s) SpeedGroundReferenced=(None) SpeedWaterReferencedType=(None) SpeedDirection=(None)

3  : pgn=129025 line=Tx 10315032 09 f8 01 03 3b 71 6f 1c 05 86 fd b6
source=3: pgn=Position, Rapid Update(129025): values=Latitude=(47.7065531 deg) Longitude=(-122.48990669999999 deg)

4  : pgn=126975 line=Rx 10315065 1d ef ff 04 20 07 3b 9f f0 81 90 00
1  : pgn=129038 line=Rx 10315066 11 f8 0e 01 20 1b c1 2a ef df 15 68
1  : pgn=129038 line=Rx 10315066 11 f8 0e 01 21 91 14 b7 51 95 63 1c
1  : pgn=129038 line=Rx 10315067 11 f8 0e 01 22 0a 8e b8 00 00 00 00
1  : pgn=129038 line=Rx 10315067 11 f8 0e 01 23 00 ff ff ff 7f f0 fe
4  : pgn=126975 line=Rx 10315069 1d ef ff 04 21 03 ff ff ff ff ff ff
0  : pgn=127250 line=Rx 10315086 09 f1 12 00 ff 55 41 ff 7f ff 7f fd
source=0: pgn=Vessel Heading(127250): values=Heading=(95.83 deg) Deviation=(None) Variation=(None) Reference=("1")

0  : pgn=127245 line=Rx 10315087 09 f1 0d 00 00 f8 ff 7f 00 00 ff ff
source=0: pgn=Rudder(127245): values=Instance=(0) DirectionOrder=("0") AngleOrder=(None) Position=(0.00 deg)

0  : pgn=65359  line=Rx 10315093 1c ff 4f 00 3b 9f ff ff ff 55 41 ff
source=0: pgn=Seatalk: Pilot Heading(65359): values=ManufacturerCode=(1851) IndustryCode=(4) HeadingTrue=(None) HeadingMagnetic=(95.83 deg)

0  : pgn=126975 line=Rx 10315095 1d ef ff 00 a0 08 3b 9f f0 81 9c 11
0  : pgn=126975 line=Rx 10315097 1d ef ff 00 a1 03 00 ff ff ff ff ff
32 : pgn=128259 line=Rx 10315119 09 f5 03 20 a6 37 01 ff ff ff ff ff
source=32: pgn=Speed(128259): values=SpeedWaterReferenced=(3.11 m/s) SpeedGroundReferenced=(None) SpeedWaterReferencedType=(None) SpeedDirection=(None)

1  : pgn=129038 line=Rx 10315129 11 f8 0e 01 40 1b c1 2c fc df 15 98
1  : pgn=129038 line=Rx 10315129 11 f8 0e 01 41 27 0d b7 74 be 68 1c
1  : pgn=129038 line=Rx 10315130 11 f8 0e 01 42 ec 59 b5 00 00 00 00
1  : pgn=129038 line=Rx 10315130 11 f8 0e 01 43 00 39 37 00 00 f0 fe
3  : pgn=129026 line=Tx 10315133 09 f8 02 03 ff fc 56 48 56 01 ff ff
source=3: pgn=COG & SOG, Rapid Update(129026): values=COGReference=("0") COG=(106.10 deg) SOG=(3.42 m/s)

3  : pgn=130577 line=Tx 10315133 0d fe 11 03 20 0e c0 7a 56 48 56 01
3  : pgn=130577 line=Tx 10315133 0d fe 11 03 21 ff ff ff ff df 26 28
3  : pgn=130577 line=Tx 10315133 0d fe 11 03 22 00 ff ff ff ff ff ff
3  : pgn=129025 line=Tx 10315133 09 f8 01 03 26 71 6f 1c 54 86 fd b6
3  : pgn=130306 line=Tx 10315133 09 fd 02 03 ff 13 03 88 cc fa ff ff
source=3: pgn=Wind Data(130306): values=WindSpeed=(7.87 m/s) WindAngle=(300.00 deg) Reference=("2")

0  : pgn=127250 line=Rx 10315188 09 f1 12 00 ff 69 41 ff 7f ff 7f fd
source=0: pgn=Vessel Heading(127250): values=Heading=(95.94 deg) Deviation=(None) Variation=(None) Reference=("1")

0  : pgn=127245 line=Rx 10315188 09 f1 0d 00 00 f8 ff 7f 00 00 ff ff
source=0: pgn=Rudder(127245): values=Instance=(0) DirectionOrder=("0") AngleOrder=(None) Position=(0.00 deg)

1  : pgn=129794 line=Rx 10315189 19 fb 02 01 40 4b 05 04 b6 79 1c 34
1  : pgn=129794 line=Rx 10315189 19 fb 02 01 41 b2 8f 00 56 52 47 4f
1  : pgn=129794 line=Rx 10315190 19 fb 02 01 42 32 20 20 4f 4f 43 4c
1  : pgn=129794 line=Rx 10315190 19 fb 02 01 43 20 4c 4f 4e 44 4f 4e
1  : pgn=129794 line=Rx 10315191 19 fb 02 01 44 20 20 20 20 20 20 20
1  : pgn=129794 line=Rx 10315192 19 fb 02 01 45 20 20 46 9e 0c ae 01
1  : pgn=129794 line=Rx 10315192 19 fb 02 01 46 ff ff ff ff 06 40 00
1  : pgn=129794 line=Rx 10315193 19 fb 02 01 47 47 5a 31 09 05 54 41
1  : pgn=129794 line=Rx 10315193 19 fb 02 01 48 43 4f 4d 41 20 20 20
1  : pgn=129794 line=Rx 10315194 19 fb 02 01 49 20 20 20 20 20 20 20
1  : pgn=129794 line=Rx 10315194 19 fb 02 01 4a 20 20 20 20 04 e1 ff
0  : pgn=65359  line=Rx 10315199 1c ff 4f 00 3b 9f ff ff ff 69 41 ff
source=0: pgn=Seatalk: Pilot Heading(65359): values=ManufacturerCode=(1851) IndustryCode=(4) HeadingTrue=(None) HeadingMagnetic=(95.94 deg)

32 : pgn=128259 line=Rx 10315221 09 f5 03 20 a7 33 01 ff ff ff ff ff
source=32: pgn=Speed(128259): values=SpeedWaterReferenced=(3.0700000000000003 m/s) SpeedGroundReferenced=(None) SpeedWaterReferencedType=(None) SpeedDirection=(None)

32 : pgn=130310 line=Rx 10315224 15 fd 06 20 c1 ff ff ff ff ff ff ff
source=32: pgn=Environmental Parameters (obsolete)(130310): values=WaterTemperature=(None) OutsideAmbientAirTemperature=(None) AtmosphericPressure=(None)

3  : pgn=129283 line=Tx 10315233 0d f9 03 03 ff 7f ff ff ff 7f ff ff
source=3: pgn=Cross Track Error(129283): values=XTEmode=(None) NavigationTerminated=("1") XTE=(None)

3  : pgn=129025 line=Tx 10315233 09 f8 01 03 26 71 6f 1c 54 86 fd b6
source=3: pgn=Position, Rapid Update(129025): values=Latitude=(47.706551 deg) Longitude=(-122.48989879999999 deg)

3  : pgn=128267 line=Tx 10315233 0d f5 0b 03 ff 2d 3d 00 00 00 00 ff
source=3: pgn=Water Depth(128267): values=Depth=(156.61 m) Offset=(0.0 m) Range=(None)

32 : pgn=128275 line=Rx 10315234 19 f5 13 20 60 0e ff ff ff ff ff ff
32 : pgn=128275 line=Rx 10315239 19 f5 13 20 61 c1 ad 3c 00 c1 ad 3c
32 : pgn=128275 line=Rx 10315244 19 f5 13 20 62 00 ff ff ff ff ff ff
1  : pgn=59936  line=Rx 10315284 18 ea 20 01 00 ee 00 00 00 00 00 00
0  : pgn=127250 line=Rx 10315286 09 f1 12 00 ff 90 41 ff 7f ff 7f fd
source=0: pgn=Vessel Heading(127250): values=Heading=(96.17 deg) Deviation=(None) Variation=(None) Reference=("1")

0  : pgn=127245 line=Rx 10315287 09 f1 0d 00 00 f8 ff 7f 00 00 ff ff
source=0: pgn=Rudder(127245): values=Instance=(0) DirectionOrder=("0") AngleOrder=(None) Position=(0.00 deg)

0  : pgn=65359  line=Rx 10315294 1c ff 4f 00 3b 9f ff ff ff 90 41 ff
source=0: pgn=Seatalk: Pilot Heading(65359): values=ManufacturerCode=(1851) IndustryCode=(4) HeadingTrue=(None) HeadingMagnetic=(96.17 deg)

1  : pgn=129038 line=Rx 10315313 11 f8 0e 01 60 1b c1 0e 93 df 15 21
1  : pgn=129038 line=Rx 10315313 11 f8 0e 01 61 6f 11 b7 2e cd 5b 1c
1  : pgn=129038 line=Rx 10315314 11 f8 0e 01 62 07 b5 ef c9 01 00 00
1  : pgn=129038 line=Rx 10315314 11 f8 0e 01 63 00 ff ff ff 7f f0 fe
32 : pgn=128259 line=Rx 10315319 09 f5 03 20 a8 2c 01 ff ff ff ff ff
3  : pgn=129026 line=Tx 10315333 09 f8 02 03 ff fc 56 48 56 01 ff ff
source=3: pgn=COG & SOG, Rapid Update(129026): values=COGReference=("0") COG=(106.10 deg) SOG=(3.42 m/s)

3  : pgn=129025 line=Tx 10315333 09 f8 01 03 f8 70 6f 1c f3 86 fd b6
source=3: pgn=Position, Rapid Update(129025): values=Latitude=(47.7065464 deg) Longitude=(-122.4898829 deg)

3  : pgn=129542 line=Tx 10315333 19 fa 06 03 20 0f 7a 34 01 00 00 00
3  : pgn=129542 line=Tx 10315333 19 fa 06 03 21 00 00 00 00 00 00 00
3  : pgn=129542 line=Tx 10315333 19 fa 06 03 22 00 00 ff ff ff ff ff
3  : pgn=65364  line=Tx 10315333 1c ff 54 03 3b 9f 13 03 88 cc ff ff
0  : pgn=127250 line=Rx 10315387 09 f1 12 00 ff bd 41 ff 7f ff 7f fd
source=0: pgn=Vessel Heading(127250): values=Heading=(96.42 deg) Deviation=(None) Variation=(None) Reference=("1")

0  : pgn=127245 line=Rx 10315388 09 f1 0d 00 00 f8 ff 7f 00 00 ff ff
source=0: pgn=Rudder(127245): values=Instance=(0) DirectionOrder=("0") AngleOrder=(None) Position=(0.00 deg)

0  : pgn=65359  line=Rx 10315393 1c ff 4f 00 3b 9f ff ff ff bd 41 ff
source=0: pgn=Seatalk: Pilot Heading(65359): values=ManufacturerCode=(1851) IndustryCode=(4) HeadingTrue=(None) HeadingMagnetic=(96.42 deg)

4  : pgn=65384  line=Rx 10315406 1c ff 68 04 3b 9f 00 00 00 00 00 00
32 : pgn=128259 line=Rx 10315418 09 f5 03 20 a9 35 01 ff ff ff ff ff
source=32: pgn=Speed(128259): values=SpeedWaterReferenced=(3.09 m/s) SpeedGroundReferenced=(None) SpeedWaterReferencedType=(None) SpeedDirection=(None)

3  : pgn=129540 line=Tx 10315434 19 fa 04 03 60 9f 9c ff 0d 03 97 1a
source=3: pgn=GNSS Sats in View(129540): values=RangeResidualMode=(None) SatsinView=(156) PRN=(None) Elevation=(4.47 deg) Azimuth=(39.00 deg) SNR=(0.0 dB) Rangeresiduals=(0) Status=("0")

3  : pgn=129540 line=Tx 10315434 19 fa 04 03 61 2e 26 00 00 00 00 00
source=3: pgn=GNSS Sats in View(129540): values=RangeResidualMode=("0") SatsinView=(38) PRN=(0) Elevation=(0.00 deg) Azimuth=(0.00 deg) SNR=(0.0 dB) Rangeresiduals=(0) Status=("0")

3  : pgn=129540 line=Tx 10315434 19 fa 04 03 62 00 f3 0f ff 1d 5c 3d
source=3: pgn=GNSS Sats in View(129540): values=RangeResidualMode=("0") SatsinView=(243) PRN=(15) Elevation=(44.00 deg) Azimuth=(90.00 deg) SNR=(0.0 dB) Rangeresiduals=(0) Status=("0")

3  : pgn=129540 line=Tx 10315434 19 fa 04 03 63 1c 0c 00 00 00 00 f5
source=3: pgn=GNSS Sats in View(129540): values=RangeResidualMode=("0") SatsinView=(12) PRN=(0) Elevation=(0.00 deg) Azimuth=(359.36 deg) SNR=(0.0 dB) Rangeresiduals=(0) Status=("0")

3  : pgn=129540 line=Tx 10315434 19 fa 04 03 64 10 17 13 71 b9 e4 0c
source=3: pgn=GNSS Sats in View(129540): values=RangeResidualMode=("0") SatsinView=(23) PRN=(19) Elevation=(-103.49 deg) Azimuth=(18.91 deg) SNR=(0.0 dB) Rangeresiduals=(0) Status=("0")

3  : pgn=129540 line=Tx 10315434 19 fa 04 03 65 00 00 00 00 f5 12 c5
source=3: pgn=GNSS Sats in View(129540): values=RangeResidualMode=("0") SatsinView=(0) PRN=(0) Elevation=(-16.13 deg) Azimuth=(289.06 deg) SNR=(0.0 dB) Rangeresiduals=(0) Status=("0")

3  : pgn=129540 line=Tx 10315434 19 fa 04 03 66 31 f2 93 d8 0e 00 00
source=3: pgn=GNSS Sats in View(129540): values=RangeResidualMode=("1") SatsinView=(242) PRN=(147) Elevation=(21.77 deg) Azimuth=(0.00 deg) SNR=(0.0 dB) Rangeresiduals=(0) Status=("0")

3  : pgn=129540 line=Tx 10315434 19 fa 04 03 67 00 00 f5 13 69 03 1f
source=3: pgn=GNSS Sats in View(129540): values=RangeResidualMode=("0") SatsinView=(0) PRN=(245) Elevation=(154.12 deg) Azimuth=(45.49 deg) SNR=(0.0 dB) Rangeresiduals=(0) Status=("0")

3  : pgn=129540 line=Tx 10315434 19 fa 04 03 68 d8 d8 0e 00 00 00 00
source=3: pgn=GNSS Sats in View(129540): values=RangeResidualMode=("0") SatsinView=(216) PRN=(14) Elevation=(0.00 deg) Azimuth=(0.00 deg) SNR=(0.0 dB) Rangeresiduals=(0) Status=("0")

3  : pgn=129540 line=Tx 10315434 19 fa 04 03 69 f5 15 e8 37 ba 20 b8
source=3: pgn=GNSS Sats in View(129540): values=RangeResidualMode=("1") SatsinView=(21) PRN=(232) Elevation=(-102.36 deg) Azimuth=(270.07 deg) SNR=(0.0 dB) Rangeresiduals=(0) Status=("0")

3  : pgn=129540 line=Tx 10315434 19 fa 04 03 6a 0b 00 00 00 00 f5 16
source=3: pgn=GNSS Sats in View(129540): values=RangeResidualMode=(None) SatsinView=(0) PRN=(0) Elevation=(0.00 deg) Azimuth=(33.67 deg) SNR=(0.0 dB) Rangeresiduals=(0) Status=("0")

3  : pgn=129540 line=Tx 10315435 19 fa 04 03 6b d1 15 cf 9c a0 0f 00
source=3: pgn=GNSS Sats in View(129540): values=RangeResidualMode=("1") SatsinView=(21) PRN=(207) Elevation=(-139.92 deg) Azimuth=(0.09 deg) SNR=(0.0 dB) Rangeresiduals=(0) Status=("0")

3  : pgn=129540 line=Tx 10315436 19 fa 04 03 6c 00 00 00 f5 1a ae 0f
source=3: pgn=GNSS Sats in View(129540): values=RangeResidualMode=("0") SatsinView=(0) PRN=(0) Elevation=(39.54 deg) Azimuth=(23.00 deg) SNR=(0.0 dB) Rangeresiduals=(0) Status=("0")

3  : pgn=129540 line=Tx 10315437 19 fa 04 03 6d 5d 1f ac 0d 00 00 00
source=3: pgn=GNSS Sats in View(129540): values=RangeResidualMode=("1") SatsinView=(31) PRN=(172) Elevation=(0.07 deg) Azimuth=(0.00 deg) SNR=(0.0 dB) Rangeresiduals=(0) Status=("0")

3  : pgn=129540 line=Tx 10315438 19 fa 04 03 6e 00 f5 1b d1 15 ab d2
source=3: pgn=GNSS Sats in View(129540): values=RangeResidualMode=("0") SatsinView=(245) PRN=(27) Elevation=(32.00 deg) Azimuth=(309.00 deg) SNR=(0.0 dB) Rangeresiduals=(0) Status=("0")

3  : pgn=129540 line=Tx 10315438 19 fa 04 03 6f d8 0e 00 00 00 00 f5
source=3: pgn=GNSS Sats in View(129540): values=RangeResidualMode=("0") SatsinView=(14) PRN=(0) Elevation=(0.00 deg) Azimuth=(359.36 deg) SNR=(0.0 dB) Rangeresiduals=(0) Status=("0")

3  : pgn=129540 line=Tx 10315439 19 fa 04 03 70 1d 00 0f a1 67 48 0d
source=3: pgn=GNSS Sats in View(129540): values=RangeResidualMode=("1") SatsinView=(0) PRN=(15) Elevation=(152.00 deg) Azimuth=(19.48 deg) SNR=(0.0 dB) Rangeresiduals=(0) Status=("0")

3  : pgn=129540 line=Tx 10315440 19 fa 04 03 71 00 00 00 00 f5 23 d1
source=3: pgn=GNSS Sats in View(129540): values=RangeResidualMode=("0") SatsinView=(0) PRN=(0) Elevation=(-16.13 deg) Azimuth=(306.76 deg) SNR=(0.0 dB) Rangeresiduals=(0) Status=("0")

3  : pgn=129540 line=Tx 10315441 19 fa 04 03 72 15 c3 8b 00 00 00 00
source=3: pgn=GNSS Sats in View(129540): values=RangeResidualMode=("1") SatsinView=(195) PRN=(139) Elevation=(0.00 deg) Azimuth=(0.00 deg) SNR=(0.0 dB) Rangeresiduals=(0) Status=("0")

3  : pgn=129540 line=Tx 10315441 19 fa 04 03 73 00 00 f3 30 2e 17 43
source=3: pgn=GNSS Sats in View(129540): values=RangeResidualMode=("0") SatsinView=(0) PRN=(243) Elevation=(67.75 deg) Azimuth=(98.41 deg) SNR=(0.0 dB) Rangeresiduals=(0) Status=("0")

3  : pgn=129540 line=Tx 10315442 19 fa 04 03 74 84 48 0d 00 00 00 00
source=3: pgn=GNSS Sats in View(129540): values=RangeResidualMode=("0") SatsinView=(72) PRN=(13) Elevation=(0.00 deg) Azimuth=(0.00 deg) SNR=(0.0 dB) Rangeresiduals=(0) Status=("0")

3  : pgn=129540 line=Tx 10315444 19 fa 04 03 75 f5 33 80 16 67 6c ac
source=3: pgn=GNSS Sats in View(129540): values=RangeResidualMode=("1") SatsinView=(51) PRN=(128) Elevation=(151.20 deg) Azimuth=(252.90 deg) SNR=(0.0 dB) Rangeresiduals=(0) Status=("0")

3  : pgn=129540 line=Tx 10315445 19 fa 04 03 76 0d 00 00 00 00 f5 ff
source=3: pgn=GNSS Sats in View(129540): values=RangeResidualMode=("1") SatsinView=(0) PRN=(0) Elevation=(0.00 deg) Azimuth=(375.43 deg) SNR=(0.0 dB) Rangeresiduals=(0) Status=("0")

3  : pgn=129025 line=Tx 10315445 09 f8 01 03 f8 70 6f 1c f3 86 fd b6
source=3: pgn=Position, Rapid Update(129025): values=Latitude=(47.7065464 deg) Longitude=(-122.4898829 deg)

3  : pgn=127258 line=Tx 10315446 19 f1 1a 03 ff f6 12 39 fa 0a ff ff
source=3: pgn=Magnetic Variation(127258): values=Source=("6") Ageofservice=(14610 d) Variation=(16.10 deg)

0  : pgn=127250 line=Rx 10315486 09 f1 12 00 ff d3 41 ff 7f ff 7f fd
source=0: pgn=Vessel Heading(127250): values=Heading=(96.55 deg) Deviation=(None) Variation=(None) Reference=("1")

0  : pgn=127245 line=Rx 10315487 09 f1 0d 00 00 f8 ff 7f 00 00 ff ff
source=0: pgn=Rudder(127245): values=Instance=(0) DirectionOrder=("0") AngleOrder=(None) Position=(0.00 deg)

0  : pgn=65359  line=Rx 10315493 1c ff 4f 00 3b 9f ff ff ff d3 41 ff
source=0: pgn=Seatalk: Pilot Heading(65359): values=ManufacturerCode=(1851) IndustryCode=(4) HeadingTrue=(None) HeadingMagnetic=(96.55 deg)

32 : pgn=128259 line=Rx 10315518 09 f5 03 20 aa 29 01 ff ff ff ff ff
source=32: pgn=Speed(128259): values=SpeedWaterReferenced=(2.97 m/s) SpeedGroundReferenced=(None) SpeedWaterReferencedType=(None) SpeedDirection=(None)

3  : pgn=129026 line=Tx 10315534 09 f8 02 03 ff fc 56 48 56 01 ff ff
source=3: pgn=COG & SOG, Rapid Update(129026): values=COGReference=("0") COG=(106.10 deg) SOG=(3.42 m/s)

3  : pgn=129025 line=Tx 10315534 09 f8 01 03 f8 70 6f 1c f3 86 fd b6
source=3: pgn=Position, Rapid Update(129025): values=Latitude=(47.7065464 deg) Longitude=(-122.4898829 deg)

0  : pgn=127250 line=Rx 10315586 09 f1 12 00 ff f8 41 ff 7f ff 7f fd
source=0: pgn=Vessel Heading(127250): values=Heading=(96.76 deg) Deviation=(None) Variation=(None) Reference=("1")

0  : pgn=127245 line=Rx 10315586 09 f1 0d 00 00 f8 ff 7f 00 00 ff ff
source=0: pgn=Rudder(127245): values=Instance=(0) DirectionOrder=("0") AngleOrder=(None) Position=(0.00 deg)

0  : pgn=65379  line=Rx 10315591 1c ff 63 00 3b 9f 00 00 00 00 01 ff
source=0: pgn=Seatalk: Pilot Mode(65379): values=ManufacturerCode=(1851) IndustryCode=(4) PilotMode=(0) SubMode=(0) PilotModeData=(0)

0  : pgn=65359  line=Rx 10315592 1c ff 4f 00 3b 9f ff ff ff f8 41 ff
source=0: pgn=Seatalk: Pilot Heading(65359): values=ManufacturerCode=(1851) IndustryCode=(4) HeadingTrue=(None) HeadingMagnetic=(96.76 deg)

0  : pgn=126975 line=Rx 10315596 1d ef ff 00 c0 0d 3b 9f f0 81 84 96
0  : pgn=126975 line=Rx 10315598 1d ef ff 00 c1 43 0e 00 00 00 02 05
32 : pgn=128259 line=Rx 10315617 09 f5 03 20 ab 25 01 ff ff ff ff ff
source=32: pgn=Speed(128259): values=SpeedWaterReferenced=(2.93 m/s) SpeedGroundReferenced=(None) SpeedWaterReferencedType=(None) SpeedDirection=(None)

3  : pgn=129029 line=Tx 10315635 0d f8 05 03 20 2b 7a 06 40 d8 9b 0f
3  : pgn=129029 line=Tx 10315635 0d f8 05 03 21 2c 00 7c 71 db 7e e0
3  : pgn=129029 line=Tx 10315635 0d f8 05 03 22 9e 06 00 f8 79 f4 15
3  : pgn=129029 line=Tx 10315635 0d f8 05 03 23 49 00 ef ff ff ff ff
3  : pgn=129029 line=Tx 10315635 0d f8 05 03 24 ff ff ff 7f 23 fc 09
3  : pgn=129029 line=Tx 10315635 0d f8 05 03 25 54 00 ff 7f ff ff ff
3  : pgn=129029 line=Tx 10315635 0d f8 05 03 26 7f 00 ff ff ff ff ff
3  : pgn=129025 line=Tx 10315635 09 f8 01 03 e6 70 6f 1c 4c 87 fd b6
source=3: pgn=Position, Rapid Update(129025): values=Latitude=(47.7065446 deg) Longitude=(-122.489874 deg)

3  : pgn=129033 line=Tx 10315635 0d f8 09 03 06 40 d8 9b 0f 2c 5c fe
source=3: pgn=Time & Date(129033): values=Date=(16390 d) Time=(73922.04400000001 s) LocalOffset=(-25200.0 s)

0  : pgn=127250 line=Rx 10315688 09 f1 12 00 ff 10 42 ff 7f ff 7f fd
source=0: pgn=Vessel Heading(127250): values=Heading=(96.90 deg) Deviation=(None) Variation=(None) Reference=("1")

0  : pgn=127245 line=Rx 10315689 09 f1 0d 00 00 f8 ff 7f 00 00 ff ff
source=0: pgn=Rudder(127245): values=Instance=(0) DirectionOrder=("0") AngleOrder=(None) Position=(0.00 deg)

0  : pgn=65359  line=Rx 10315695 1c ff 4f 00 3b 9f ff ff ff 10 42 ff
source=0: pgn=Seatalk: Pilot Heading(65359): values=ManufacturerCode=(1851) IndustryCode=(4) HeadingTrue=(None) HeadingMagnetic=(96.90 deg)

0  : pgn=126975 line=Rx 10315699 1d ef ff 00 e0 09 3b 9f f0 81 ae 02
0  : pgn=126975 line=Rx 10315701 1d ef ff 00 e1 00 08 00 ff ff ff ff
32 : pgn=128259 line=Rx 10315717 09 f5 03 20 ac 23 01 ff ff ff ff ff
source=32: pgn=Speed(128259): values=SpeedWaterReferenced=(2.91 m/s) SpeedGroundReferenced=(None) SpeedWaterReferencedType=(None) SpeedDirection=(None)

3  : pgn=129026 line=Tx 10315735 09 f8 02 03 ff fc 79 48 55 01 ff ff
source=3: pgn=COG & SOG, Rapid Update(129026): values=COGReference=("0") COG=(106.30 deg) SOG=(3.41 m/s)

3  : pgn=129025 line=Tx 10315735 09 f8 01 03 e6 70 6f 1c 4c 87 fd b6
source=3: pgn=Position, Rapid Update(129025): values=Latitude=(47.7065446 deg) Longitude=(-122.489874 deg)

3  : pgn=126992 line=Tx 10315735 0d f0 10 03 ff ff 06 40 d8 9b 0f 2c
source=3: pgn=System Time(126992): values=Source=(None) Date=(16390 d) Time=(73922.04400000001 s)

0  : pgn=127250 line=Rx 10315786 09 f1 12 00 ff 16 42 ff 7f ff 7f fd
source=0: pgn=Vessel Heading(127250): values=Heading=(96.93 deg) Deviation=(None) Variation=(None) Reference=("1")

0  : pgn=127245 line=Rx 10315787 09 f1 0d 00 00 f8 ff 7f 00 00 ff ff
source=0: pgn=Rudder(127245): values=Instance=(0) DirectionOrder=("0") AngleOrder=(None) Position=(0.00 deg)

0  : pgn=65359  line=Rx 10315792 1c ff 4f 00 3b 9f ff ff ff 16 42 ff
source=0: pgn=Seatalk: Pilot Heading(65359): values=ManufacturerCode=(1851) IndustryCode=(4) HeadingTrue=(None) HeadingMagnetic=(96.93 deg)

32 : pgn=128259 line=Rx 10315816 09 f5 03 20 ad 23 01 ff ff ff ff ff
source=32: pgn=Speed(128259): values=SpeedWaterReferenced=(2.91 m/s) SpeedGroundReferenced=(None) SpeedWaterReferencedType=(None) SpeedDirection=(None)

3  : pgn=129025 line=Tx 10315835 09 f8 01 03 e6 70 6f 1c 4c 87 fd b6
source=3: pgn=Position, Rapid Update(129025): values=Latitude=(47.7065446 deg) Longitude=(-122.489874 deg)

0  : pgn=127250 line=Rx 10315886 09 f1 12 00 ff 18 42 ff 7f ff 7f fd
source=0: pgn=Vessel Heading(127250): values=Heading=(96.94 deg) Deviation=(None) Variation=(None) Reference=("1")

0  : pgn=127245 line=Rx 10315887 09 f1 0d 00 00 f8 ff 7f 00 00 ff ff
source=0: pgn=Rudder(127245): values=Instance=(0) DirectionOrder=("0") AngleOrder=(None) Position=(0.00 deg)

0  : pgn=65359  line=Rx 10315893 1c ff 4f 00 3b 9f ff ff ff 18 42 ff
source=0: pgn=Seatalk: Pilot Heading(65359): values=ManufacturerCode=(1851) IndustryCode=(4) HeadingTrue=(None) HeadingMagnetic=(96.94 deg)

32 : pgn=128259 line=Rx 10315916 09 f5 03 20 ae 25 01 ff ff ff ff ff
source=32: pgn=Speed(128259): values=SpeedWaterReferenced=(2.93 m/s) SpeedGroundReferenced=(None) SpeedWaterReferencedType=(None) SpeedDirection=(None)

3  : pgn=129026 line=Tx 10315936 09 f8 02 03 ff fc 8a 48 55 01 ff ff
source=3: pgn=COG & SOG, Rapid Update(129026): values=COGReference=("0") COG=(106.40 deg) SOG=(3.41 m/s)

3  : pgn=129025 line=Tx 10315936 09 f8 01 03 d5 70 6f 1c a5 87 fd b6
source=3: pgn=Position, Rapid Update(129025): values=Latitude=(47.706542899999995 deg) Longitude=(-122.48986509999999 deg)

3  : pgn=129291 line=Tx 10315936 0d f9 0b 03 ff fc b7 31 3e 00 ff ff
source=3: pgn=Set & Drift, Rapid Update(129291): values=SetReference=("0") Set=(72.92 deg) Drift=(0.62 m/s)

0  : pgn=127250 line=Rx 10315986 09 f1 12 00 ff 14 42 ff 7f ff 7f fd
source=0: pgn=Vessel Heading(127250): values=Heading=(96.92 deg) Deviation=(None) Variation=(None) Reference=("1")

0  : pgn=127245 line=Rx 10315987 09 f1 0d 00 00 f8 ff 7f 00 00 ff ff
source=0: pgn=Rudder(127245): values=Instance=(0) DirectionOrder=("0") AngleOrder=(None) Position=(0.00 deg)

0  : pgn=65359  line=Rx 10315991 1c ff 4f 00 3b 9f ff ff ff 14 42 ff
source=0: pgn=Seatalk: Pilot Heading(65359): values=ManufacturerCode=(1851) IndustryCode=(4) HeadingTrue=(None) HeadingMagnetic=(96.92 deg)

32 : pgn=128259 line=Rx 10316015 09 f5 03 20 af 26 01 ff ff ff ff ff
source=32: pgn=Speed(128259): values=SpeedWaterReferenced=(2.94 m/s) SpeedGroundReferenced=(None) SpeedWaterReferencedType=(None) SpeedDirection=(None)

3  : pgn=129025 line=Tx 10316036 09 f8 01 03 d5 70 6f 1c a5 87 fd b6
source=3: pgn=Position, Rapid Update(129025): values=Latitude=(47.706542899999995 deg) Longitude=(-122.48986509999999 deg)

0  : pgn=127250 line=Rx 10316086 09 f1 12 00 ff 09 42 ff 7f ff 7f fd
source=0: pgn=Vessel Heading(127250): values=Heading=(96.86 deg) Deviation=(None) Variation=(None) Reference=("1")

0  : pgn=127245 line=Rx 10316086 09 f1 0d 00 00 f8 ff 7f 00 00 ff ff
source=0: pgn=Rudder(127245): values=Instance=(0) DirectionOrder=("0") AngleOrder=(None) Position=(0.00 deg)

0  : pgn=65359  line=Rx 10316093 1c ff 4f 00 3b 9f ff ff ff 09 42 ff
source=0: pgn=Seatalk: Pilot Heading(65359): values=ManufacturerCode=(1851) IndustryCode=(4) HeadingTrue=(None) HeadingMagnetic=(96.86 deg)

0  : pgn=126975 line=Rx 10316095 1d ef ff 00 00 08 3b 9f f0 81 9c 91
0  : pgn=126975 line=Rx 10316097 1d ef ff 00 01 03 00 ff ff ff ff ff
32 : pgn=128259 line=Rx 10316115 09 f5 03 20 b0 2b 01 ff ff ff ff ff
source=32: pgn=Speed(128259): values=SpeedWaterReferenced=(2.99 m/s) SpeedGroundReferenced=(None) SpeedWaterReferencedType=(None) SpeedDirection=(None)

3  : pgn=129026 line=Tx 10316138 09 f8 02 03 ff fc ad 48 55 01 ff ff
source=3: pgn=COG & SOG, Rapid Update(129026): values=COGReference=("0") COG=(106.60 deg) SOG=(3.41 m/s)

3  : pgn=130577 line=Tx 10316138 0d fe 11 03 40 0e c0 7b ad 48 55 01
3  : pgn=130577 line=Tx 10316138 0d fe 11 03 41 ff ff ff ff b7 31 3e
3  : pgn=130577 line=Tx 10316138 0d fe 11 03 42 00 ff ff ff ff ff ff
3  : pgn=129025 line=Tx 10316139 09 f8 01 03 a8 70 6f 1c 4a 88 fd b6
3  : pgn=130306 line=Tx 10316139 09 fd 02 03 ff ff 02 7c ca fa ff ff
source=3: pgn=Wind Data(130306): values=WindSpeed=(7.67 m/s) WindAngle=(297.00 deg) Reference=("2")

0  : pgn=127250 line=Rx 10316185 09 f1 12 00 ff f8 41 ff 7f ff 7f fd
source=0: pgn=Vessel Heading(127250): values=Heading=(96.76 deg) Deviation=(None) Variation=(None) Reference=("1")

0  : pgn=127245 line=Rx 10316186 09 f1 0d 00 00 f8 ff 7f 00 00 ff ff
source=0: pgn=Rudder(127245): values=Instance=(0) DirectionOrder=("0") AngleOrder=(None) Position=(0.00 deg)

0  : pgn=65359  line=Rx 10316191 1c ff 4f 00 3b 9f ff ff ff f8 41 ff
source=0: pgn=Seatalk: Pilot Heading(65359): values=ManufacturerCode=(1851) IndustryCode=(4) HeadingTrue=(None) HeadingMagnetic=(96.76 deg)

32 : pgn=128259 line=Rx 10316217 09 f5 03 20 b1 2c 01 ff ff ff ff ff
source=32: pgn=Speed(128259): values=SpeedWaterReferenced=(3.0 m/s) SpeedGroundReferenced=(None) SpeedWaterReferencedType=(None) SpeedDirection=(None)

32 : pgn=130310 line=Rx 10316220 15 fd 06 20 c2 ff ff ff ff ff ff ff
source=32: pgn=Environmental Parameters (obsolete)(130310): values=WaterTemperature=(None) OutsideAmbientAirTemperature=(None) AtmosphericPressure=(None)

32 : pgn=128275 line=Rx 10316229 19 f5 13 20 80 0e ff ff ff ff ff ff
32 : pgn=128275 line=Rx 10316234 19 f5 13 20 81 c1 ad 3c 00 c1 ad 3c
3  : pgn=129283 line=Tx 10316239 0d f9 03 03 ff 7f ff ff ff 7f ff ff
source=3: pgn=Cross Track Error(129283): values=XTEmode=(None) NavigationTerminated=("1") XTE=(None)

3  : pgn=129025 line=Tx 10316239 09 f8 01 03 a8 70 6f 1c 4a 88 fd b6
source=3: pgn=Position, Rapid Update(129025): values=Latitude=(47.7065384 deg) Longitude=(-122.48984859999999 deg)

3  : pgn=128267 line=Tx 10316239 0d f5 0b 03 ff 33 3d 00 00 00 00 ff
source=3: pgn=Water Depth(128267): values=Depth=(156.67000000000002 m) Offset=(0.0 m) Range=(None)

32 : pgn=128275 line=Rx 10316239 19 f5 13 20 82 00 ff ff ff ff ff ff
1  : pgn=59936  line=Rx 10316280 18 ea 20 01 00 ee 00 00 00 00 00 00
0  : pgn=127250 line=Rx 10316285 09 f1 12 00 ff f6 41 ff 7f ff 7f fd
source=0: pgn=Vessel Heading(127250): values=Heading=(96.75 deg) Deviation=(None) Variation=(None) Reference=("1")

0  : pgn=127245 line=Rx 10316286 09 f1 0d 00 00 f8 ff 7f 00 00 ff ff
source=0: pgn=Rudder(127245): values=Instance=(0) DirectionOrder=("0") AngleOrder=(None) Position=(0.00 deg)

0  : pgn=65359  line=Rx 10316294 1c ff 4f 00 3b 9f ff ff ff f6 41 ff
source=0: pgn=Seatalk: Pilot Heading(65359): values=ManufacturerCode=(1851) IndustryCode=(4) HeadingTrue=(None) HeadingMagnetic=(96.75 deg)

32 : pgn=128259 line=Rx 10316314 09 f5 03 20 b2 30 01 ff ff ff ff ff
3  : pgn=129026 line=Tx 10316339 09 f8 02 03 ff fc ad 48 55 01 ff ff
source=3: pgn=COG & SOG, Rapid Update(129026): values=COGReference=("0") COG=(106.60 deg) SOG=(3.41 m/s)

3  : pgn=129025 line=Tx 10316339 09 f8 01 03 a8 70 6f 1c 4a 88 fd b6
source=3: pgn=Position, Rapid Update(129025): values=Latitude=(47.7065384 deg) Longitude=(-122.48984859999999 deg)

3  : pgn=129542 line=Tx 10316339 19 fa 06 03 40 0f 7b 2c 01 00 00 00
3  : pgn=129542 line=Tx 10316339 19 fa 06 03 41 00 00 00 00 00 00 00
3  : pgn=129542 line=Tx 10316339 19 fa 06 03 42 00 00 ff ff ff ff ff
3  : pgn=65364  line=Tx 10316339 1c ff 54 03 3b 9f ff 02 7c ca ff ff
0  : pgn=127250 line=Rx 10316386 09 f1 12 00 ff fc 41 ff 7f ff 7f fd
source=0: pgn=Vessel Heading(127250): values=Heading=(96.78 deg) Deviation=(None) Variation=(None) Reference=("1")

0  : pgn=127245 line=Rx 10316386 09 f1 0d 00 00 f8 ff 7f 00 00 ff ff
source=0: pgn=Rudder(127245): values=Instance=(0) DirectionOrder=("0") AngleOrder=(None) Position=(0.00 deg)

0  : pgn=65359  line=Rx 10316391 1c ff 4f 00 3b 9f ff ff ff fc 41 ff
source=0: pgn=Seatalk: Pilot Heading(65359): values=ManufacturerCode=(1851) IndustryCode=(4) HeadingTrue=(None) HeadingMagnetic=(96.78 deg)

1  : pgn=129038 line=Rx 10316403 11 f8 0e 01 80 1b c1 d0 05 2f 14 10
1  : pgn=129038 line=Rx 10316403 11 f8 0e 01 81 2f 16 b7 c1 80 64 1c
1  : pgn=129038 line=Rx 10316404 11 f8 0e 01 82 08 2b b9 00 00 00 00
1  : pgn=129038 line=Rx 10316407 11 f8 0e 01 83 00 9f c1 00 00 ff fe
4  : pgn=65384  line=Rx 10316408 1c ff 68 04 3b 9f 00 00 00 00 00 00
32 : pgn=128259 line=Rx 10316414 09 f5 03 20 b3 35 01 ff ff ff ff ff
source=32: pgn=Speed(128259): values=SpeedWaterReferenced=(3.09 m/s) SpeedGroundReferenced=(None) SpeedWaterReferencedType=(None) SpeedDirection=(None)

3  : pgn=129540 line=Tx 10316440 19 fa 04 03 80 9f 9d ff 0d 03 97 1a
source=3: pgn=GNSS Sats in View(129540): values=RangeResidualMode=(None) SatsinView=(157) PRN=(None) Elevation=(4.47 deg) Azimuth=(39.00 deg) SNR=(0.0 dB) Rangeresiduals=(0) Status=("0")

3  : pgn=129540 line=Tx 10316440 19 fa 04 03 81 2e 26 00 00 00 00 00
source=3: pgn=GNSS Sats in View(129540): values=RangeResidualMode=("0") SatsinView=(38) PRN=(0) Elevation=(0.00 deg) Azimuth=(0.00 deg) SNR=(0.0 dB) Rangeresiduals=(0) Status=("0")

3  : pgn=129540 line=Tx 10316440 19 fa 04 03 82 00 f3 0f ff 1d 5c 3d
source=3: pgn=GNSS Sats in View(129540): values=RangeResidualMode=("0") SatsinView=(243) PRN=(15) Elevation=(44.00 deg) Azimuth=(90.00 deg) SNR=(0.0 dB) Rangeresiduals=(0) Status=("0")

3  : pgn=129540 line=Tx 10316440 19 fa 04 03 83 54 0b 00 00 00 00 f5
source=3: pgn=GNSS Sats in View(129540): values=RangeResidualMode=("0") SatsinView=(11) PRN=(0) Elevation=(0.00 deg) Azimuth=(359.36 deg) SNR=(0.0 dB) Rangeresiduals=(0) Status=("0")

3  : pgn=129540 line=Tx 10316440 19 fa 04 03 84 10 17 13 71 b9 ac 0d
source=3: pgn=GNSS Sats in View(129540): values=RangeResidualMode=("0") SatsinView=(23) PRN=(19) Elevation=(-103.49 deg) Azimuth=(20.05 deg) SNR=(0.0 dB) Rangeresiduals=(0) Status=("0")

3  : pgn=129540 line=Tx 10316440 19 fa 04 03 85 00 00 00 00 f5 12 c5
source=3: pgn=GNSS Sats in View(129540): values=RangeResidualMode=("0") SatsinView=(0) PRN=(0) Elevation=(-16.13 deg) Azimuth=(289.06 deg) SNR=(0.0 dB) Rangeresiduals=(0) Status=("0")

3  : pgn=129540 line=Tx 10316440 19 fa 04 03 86 31 f2 93 d8 0e 00 00
source=3: pgn=GNSS Sats in View(129540): values=RangeResidualMode=("1") SatsinView=(242) PRN=(147) Elevation=(21.77 deg) Azimuth=(0.00 deg) SNR=(0.0 dB) Rangeresiduals=(0) Status=("0")

3  : pgn=129540 line=Tx 10316440 19 fa 04 03 87 00 00 f5 13 69 03 1f
source=3: pgn=GNSS Sats in View(129540): values=RangeResidualMode=("0") SatsinView=(0) PRN=(245) Elevation=(154.12 deg) Azimuth=(45.49 deg) SNR=(0.0 dB) Rangeresiduals=(0) Status=("0")

3  : pgn=129540 line=Tx 10316440 19 fa 04 03 88 d8 d8 0e 00 00 00 00
source=3: pgn=GNSS Sats in View(129540): values=RangeResidualMode=("0") SatsinView=(216) PRN=(14) Elevation=(0.00 deg) Azimuth=(0.00 deg) SNR=(0.0 dB) Rangeresiduals=(0) Status=("0")

3  : pgn=129540 line=Tx 10316440 19 fa 04 03 89 f5 15 e8 37 ba 20 ac
source=3: pgn=GNSS Sats in View(129540): values=RangeResidualMode=("1") SatsinView=(21) PRN=(232) Elevation=(-102.36 deg) Azimuth=(252.47 deg) SNR=(0.0 dB) Rangeresiduals=(0) Status=("0")

3  : pgn=129540 line=Tx 10316440 19 fa 04 03 8a 0d 00 00 00 00 f5 16
source=3: pgn=GNSS Sats in View(129540): values=RangeResidualMode=("1") SatsinView=(0) PRN=(0) Elevation=(0.00 deg) Azimuth=(33.67 deg) SNR=(0.0 dB) Rangeresiduals=(0) Status=("0")

3  : pgn=129540 line=Tx 10316441 19 fa 04 03 8b d1 15 cf 9c 10 0e 00
source=3: pgn=GNSS Sats in View(129540): values=RangeResidualMode=("1") SatsinView=(21) PRN=(207) Elevation=(24.36 deg) Azimuth=(0.08 deg) SNR=(0.0 dB) Rangeresiduals=(0) Status=("0")

3  : pgn=129540 line=Tx 10316442 19 fa 04 03 8c 00 00 00 f5 1a ae 0f
source=3: pgn=GNSS Sats in View(129540): values=RangeResidualMode=("0") SatsinView=(0) PRN=(0) Elevation=(39.54 deg) Azimuth=(23.00 deg) SNR=(0.0 dB) Rangeresiduals=(0) Status=("0")

3  : pgn=129540 line=Tx 10316443 19 fa 04 03 8d 5d 1f 80 0c 00 00 00
source=3: pgn=GNSS Sats in View(129540): values=RangeResidualMode=("1") SatsinView=(31) PRN=(128) Elevation=(0.07 deg) Azimuth=(0.00 deg) SNR=(0.0 dB) Rangeresiduals=(0) Status=("0")

3  : pgn=129540 line=Tx 10316443 19 fa 04 03 8e 00 f5 1b d1 15 ab d2
source=3: pgn=GNSS Sats in View(129540): values=RangeResidualMode=("0") SatsinView=(245) PRN=(27) Elevation=(32.00 deg) Azimuth=(309.00 deg) SNR=(0.0 dB) Rangeresiduals=(0) Status=("0")

3  : pgn=129540 line=Tx 10316444 19 fa 04 03 8f a0 0f 00 00 00 00 f5
source=3: pgn=GNSS Sats in View(129540): values=RangeResidualMode=("0") SatsinView=(15) PRN=(0) Elevation=(0.00 deg) Azimuth=(359.36 deg) SNR=(0.0 dB) Rangeresiduals=(0) Status=("0")

3  : pgn=129540 line=Tx 10316445 19 fa 04 03 90 1d 00 0f a1 67 80 0c
source=3: pgn=GNSS Sats in View(129540): values=RangeResidualMode=("1") SatsinView=(0) PRN=(15) Elevation=(152.00 deg) Azimuth=(18.33 deg) SNR=(0.0 dB) Rangeresiduals=(0) Status=("0")

3  : pgn=129540 line=Tx 10316446 19 fa 04 03 91 00 00 00 00 f5 23 d1
source=3: pgn=GNSS Sats in View(129540): values=RangeResidualMode=("0") SatsinView=(0) PRN=(0) Elevation=(-16.13 deg) Azimuth=(306.76 deg) SNR=(0.0 dB) Rangeresiduals=(0) Status=("0")

3  : pgn=129540 line=Tx 10316446 19 fa 04 03 92 15 c3 8b 00 00 00 00
source=3: pgn=GNSS Sats in View(129540): values=RangeResidualMode=("1") SatsinView=(195) PRN=(139) Elevation=(0.00 deg) Azimuth=(0.00 deg) SNR=(0.0 dB) Rangeresiduals=(0) Status=("0")

3  : pgn=129540 line=Tx 10316447 19 fa 04 03 93 00 00 f3 30 2e 17 43
source=3: pgn=GNSS Sats in View(129540): values=RangeResidualMode=("0") SatsinView=(0) PRN=(243) Elevation=(67.75 deg) Azimuth=(98.41 deg) SNR=(0.0 dB) Rangeresiduals=(0) Status=("0")

3  : pgn=129540 line=Tx 10316448 19 fa 04 03 94 84 3c 0f 00 00 00 00
source=3: pgn=GNSS Sats in View(129540): values=RangeResidualMode=("0") SatsinView=(60) PRN=(15) Elevation=(0.00 deg) Azimuth=(0.00 deg) SNR=(0.0 dB) Rangeresiduals=(0) Status=("0")

3  : pgn=129540 line=Tx 10316449 19 fa 04 03 95 f5 33 80 16 67 6c 48
source=3: pgn=GNSS Sats in View(129540): values=RangeResidualMode=("1") SatsinView=(51) PRN=(128) Elevation=(151.20 deg) Azimuth=(106.23 deg) SNR=(0.0 dB) Rangeresiduals=(0) Status=("0")

3  : pgn=129540 line=Tx 10316450 19 fa 04 03 96 0d 00 00 00 00 f5 ff
source=3: pgn=GNSS Sats in View(129540): values=RangeResidualMode=("1") SatsinView=(0) PRN=(0) Elevation=(0.00 deg) Azimuth=(375.43 deg) SNR=(0.0 dB) Rangeresiduals=(0) Status=("0")

3  : pgn=129025 line=Tx 10316451 09 f8 01 03 8e 70 6f 1c a1 88 fd b6
source=3: pgn=Position, Rapid Update(129025): values=Latitude=(47.7065358 deg) Longitude=(-122.48983989999999 deg)

3  : pgn=127258 line=Tx 10316452 19 f1 1a 03 ff f6 12 39 fa 0a ff ff
source=3: pgn=Magnetic Variation(127258): values=Source=("6") Ageofservice=(14610 d) Variation=(16.10 deg)

0  : pgn=127250 line=Rx 10316486 09 f1 12 00 ff 04 42 ff 7f ff 7f fd
source=0: pgn=Vessel Heading(127250): values=Heading=(96.83 deg) Deviation=(None) Variation=(None) Reference=("1")

0  : pgn=127245 line=Rx 10316487 09 f1 0d 00 00 f8 ff 7f 00 00 ff ff
source=0: pgn=Rudder(127245): values=Instance=(0) DirectionOrder=("0") AngleOrder=(None) Position=(0.00 deg)

0  : pgn=65359  line=Rx 10316493 1c ff 4f 00 3b 9f ff ff ff 04 42 ff
source=0: pgn=Seatalk: Pilot Heading(65359): values=ManufacturerCode=(1851) IndustryCode=(4) HeadingTrue=(None) HeadingMagnetic=(96.83 deg)

32 : pgn=128259 line=Rx 10316513 09 f5 03 20 b4 37 01 ff ff ff ff ff
source=32: pgn=Speed(128259): values=SpeedWaterReferenced=(3.11 m/s) SpeedGroundReferenced=(None) SpeedWaterReferencedType=(None) SpeedDirection=(None)

3  : pgn=129026 line=Tx 10316540 09 f8 02 03 ff fc d0 48 56 01 ff ff
source=3: pgn=COG & SOG, Rapid Update(129026): values=COGReference=("0") COG=(106.80 deg) SOG=(3.42 m/s)

3  : pgn=129025 line=Tx 10316540 09 f8 01 03 8e 70 6f 1c a1 88 fd b6
source=3: pgn=Position, Rapid Update(129025): values=Latitude=(47.7065358 deg) Longitude=(-122.48983989999999 deg)

1  : pgn=129793 line=Rx 10316556 1d fb 01 01 60 1a 04 a1 fc 37 00 26
1  : pgn=129793 line=Rx 10316557 1d fb 01 01 61 ba e8 b6 d4 7c e1 1c
1  : pgn=129793 line=Rx 10316557 1d fb 01 01 62 ff 10 73 0f 2c 00 00
1  : pgn=129793 line=Rx 10316558 1d fb 01 01 63 00 06 40 ff 00 fc ff
0  : pgn=127250 line=Rx 10316586 09 f1 12 00 ff 20 42 ff 7f ff 7f fd
source=0: pgn=Vessel Heading(127250): values=Heading=(96.99 deg) Deviation=(None) Variation=(None) Reference=("1")

0  : pgn=127245 line=Rx 10316586 09 f1 0d 00 00 f8 ff 7f 00 00 ff ff
source=0: pgn=Rudder(127245): values=Instance=(0) DirectionOrder=("0") AngleOrder=(None) Position=(0.00 deg)

0  : pgn=65379  line=Rx 10316591 1c ff 63 00 3b 9f 00 00 00 00 01 ff
source=0: pgn=Seatalk: Pilot Mode(65379): values=ManufacturerCode=(1851) IndustryCode=(4) PilotMode=(0) SubMode=(0) PilotModeData=(0)

0  : pgn=65359  line=Rx 10316592 1c ff 4f 00 3b 9f ff ff ff 20 42 ff
source=0: pgn=Seatalk: Pilot Heading(65359): values=ManufacturerCode=(1851) IndustryCode=(4) HeadingTrue=(None) HeadingMagnetic=(96.99 deg)

0  : pgn=126975 line=Rx 10316595 1d ef ff 00 20 0d 3b 9f f0 81 84 96
0  : pgn=126975 line=Rx 10316597 1d ef ff 00 21 43 0e 00 00 00 02 05
32 : pgn=128259 line=Rx 10316613 09 f5 03 20 b5 39 01 ff ff ff ff ff
source=32: pgn=Speed(128259): values=SpeedWaterReferenced=(3.13 m/s) SpeedGroundReferenced=(None) SpeedWaterReferencedType=(None) SpeedDirection=(None)

3  : pgn=129029 line=Tx 10316640 0d f8 05 03 40 2b 7b 06 40 2e b9 0f
3  : pgn=129029 line=Tx 10316640 0d f8 05 03 41 2c 00 0c 3c 5e 6a e0
3  : pgn=129029 line=Tx 10316640 0d f8 05 03 42 9e 06 00 0a a9 59 65
3  : pgn=129029 line=Tx 10316640 0d f8 05 03 43 49 00 ef ff ff ff ff
3  : pgn=129029 line=Tx 10316640 0d f8 05 03 44 ff ff ff 7f 23 fc 09
3  : pgn=129029 line=Tx 10316640 0d f8 05 03 45 54 00 ff 7f ff ff ff
3  : pgn=129029 line=Tx 10316640 0d f8 05 03 46 7f 00 ff ff ff ff ff
3  : pgn=129025 line=Tx 10316640 09 f8 01 03 8e 70 6f 1c a1 88 fd b6
source=3: pgn=Position, Rapid Update(129025): values=Latitude=(47.7065358 deg) Longitude=(-122.48983989999999 deg)

3  : pgn=129033 line=Tx 10316641 0d f8 09 03 06 40 2e b9 0f 2c 5c fe
source=3: pgn=Time & Date(129033): values=Date=(16390 d) Time=(73922.795 s) LocalOffset=(-25200.0 s)

0  : pgn=127250 line=Rx 10316685 09 f1 12 00 ff 3f 42 ff 7f ff 7f fd
source=0: pgn=Vessel Heading(127250): values=Heading=(97.17 deg) Deviation=(None) Variation=(None) Reference=("1")

0  : pgn=127245 line=Rx 10316686 09 f1 0d 00 00 f8 ff 7f 00 00 ff ff
source=0: pgn=Rudder(127245): values=Instance=(0) DirectionOrder=("0") AngleOrder=(None) Position=(0.00 deg)

0  : pgn=65359  line=Rx 10316693 1c ff 4f 00 3b 9f ff ff ff 3f 42 ff
source=0: pgn=Seatalk: Pilot Heading(65359): values=ManufacturerCode=(1851) IndustryCode=(4) HeadingTrue=(None) HeadingMagnetic=(97.17 deg)

0  : pgn=126975 line=Rx 10316696 1d ef ff 00 40 09 3b 9f f0 81 ae 02
0  : pgn=126975 line=Rx 10316698 1d ef ff 00 41 00 08 00 ff ff ff ff
32 : pgn=128259 line=Rx 10316712 09 f5 03 20 b6 38 01 ff ff ff ff ff
source=32: pgn=Speed(128259): values=SpeedWaterReferenced=(3.12 m/s) SpeedGroundReferenced=(None) SpeedWaterReferencedType=(None) SpeedDirection=(None)

1  : pgn=129038 line=Rx 10316739 11 f8 0e 01 a0 1b c1 b8 2a df 15 1b
1  : pgn=129038 line=Rx 10316739 11 f8 0e 01 a1 f9 0d b7 b5 a5 63 1c
1  : pgn=129038 line=Rx 10316740 11 f8 0e 01 a2 00 fd 98 00 00 01 00
1  : pgn=129038 line=Rx 10316740 11 f8 0e 01 a3 08 14 7c 00 00 f0 fe
3  : pgn=129026 line=Tx 10316741 09 f8 02 03 ff fc e2 48 55 01 ff ff
source=3: pgn=COG & SOG, Rapid Update(129026): values=COGReference=("0") COG=(106.90 deg) SOG=(3.41 m/s)

3  : pgn=129025 line=Tx 10316741 09 f8 01 03 74 70 6f 1c e9 88 fd b6
source=3: pgn=Position, Rapid Update(129025): values=Latitude=(47.706533199999996 deg) Longitude=(-122.4898327 deg)

3  : pgn=126992 line=Tx 10316741 0d f0 10 03 ff ff 06 40 5a c4 0f 2c
source=3: pgn=System Time(126992): values=Source=(None) Date=(16390 d) Time=(73923.081 s)

0  : pgn=127250 line=Rx 10316785 09 f1 12 00 ff 52 42 ff 7f ff 7f fd
source=0: pgn=Vessel Heading(127250): values=Heading=(97.28 deg) Deviation=(None) Variation=(None) Reference=("1")

0  : pgn=127245 line=Rx 10316786 09 f1 0d 00 00 f8 ff 7f 00 00 ff ff
source=0: pgn=Rudder(127245): values=Instance=(0) DirectionOrder=("0") AngleOrder=(None) Position=(0.00 deg)

0  : pgn=65359  line=Rx 10316792 1c ff 4f 00 3b 9f ff ff ff 52 42 ff
source=0: pgn=Seatalk: Pilot Heading(65359): values=ManufacturerCode=(1851) IndustryCode=(4) HeadingTrue=(None) HeadingMagnetic=(97.28 deg)

32 : pgn=128259 line=Rx 10316812 09 f5 03 20 b7 35 01 ff ff ff ff ff
source=32: pgn=Speed(128259): values=SpeedWaterReferenced=(3.09 m/s) SpeedGroundReferenced=(None) SpeedWaterReferencedType=(None) SpeedDirection=(None)

3  : pgn=129025 line=Tx 10316841 09 f8 01 03 74 70 6f 1c e9 88 fd b6
source=3: pgn=Position, Rapid Update(129025): values=Latitude=(47.706533199999996 deg) Longitude=(-122.4898327 deg)

1  : pgn=129039 line=Rx 10316864 11 f8 0f 01 80 1a 12 be d9 e8 15 22
1  : pgn=129039 line=Rx 10316864 11 f8 0f 01 81 6c 0a b7 a0 5a 6c 1c
1  : pgn=129039 line=Rx 10316865 11 f8 0f 01 82 08 43 87 d2 00 03 00
1  : pgn=129039 line=Rx 10316865 11 f8 0f 01 83 08 ff ff 00 fc ff ff
0  : pgn=127250 line=Rx 10316885 09 f1 12 00 ff 7d 42 ff 7f ff 7f fd
source=0: pgn=Vessel Heading(127250): values=Heading=(97.52 deg) Deviation=(None) Variation=(None) Reference=("1")

0  : pgn=127245 line=Rx 10316886 09 f1 0d 00 00 f8 ff 7f 00 00 ff ff
source=0: pgn=Rudder(127245): values=Instance=(0) DirectionOrder=("0") AngleOrder=(None) Position=(0.00 deg)

1  : pgn=129041 line=Rx 10316892 11 f8 11 01 a0 30 55 75 89 3a 3b 6d
1  : pgn=129041 line=Rx 10316892 11 f8 11 01 a1 8b 0a b7 5b f8 47 1c
1  : pgn=129041 line=Rx 10316893 11 f8 11 01 a2 f4 00 00 00 00 00 00
1  : pgn=129041 line=Rx 10316893 11 f8 11 01 a3 ff ff 12 ee ff e1 16
1  : pgn=129041 line=Rx 10316894 11 f8 11 01 a4 01 50 53 20 54 53 4c
1  : pgn=129041 line=Rx 10316894 11 f8 11 01 a5 20 4c 42 20 54 41 20
1  : pgn=129041 line=Rx 10316895 11 f8 11 01 a6 20 20 20 20 20 20 20
0  : pgn=65359  line=Rx 10316897 1c ff 4f 00 3b 9f ff ff ff 7d 42 ff
source=0: pgn=Seatalk: Pilot Heading(65359): values=ManufacturerCode=(1851) IndustryCode=(4) HeadingTrue=(None) HeadingMagnetic=(97.52 deg)

32 : pgn=128259 line=Rx 10316911 09 f5 03 20 b8 30 01 ff ff ff ff ff
source=32: pgn=Speed(128259): values=SpeedWaterReferenced=(3.04 m/s) SpeedGroundReferenced=(None) SpeedWaterReferencedType=(None) SpeedDirection=(None)

1  : pgn=129038 line=Rx 10316925 11 f8 0e 01 c0 1b c1 1c 44 e9 15 a3
1  : pgn=129038 line=Rx 10316926 11 f8 0e 01 c1 f7 18 b7 20 d0 94 1c
1  : pgn=129038 line=Rx 10316926 11 f8 0e 01 c2 0d 4d c8 5f 02 00 00
1  : pgn=129038 line=Rx 10316927 11 f8 0e 01 c3 00 1f c9 00 00 ff fe
3  : pgn=129026 line=Tx 10316941 09 f8 02 03 ff fc e2 48 55 01 ff ff
source=3: pgn=COG & SOG, Rapid Update(129026): values=COGReference=("0") COG=(106.90 deg) SOG=(3.41 m/s)

3  : pgn=129025 line=Tx 10316941 09 f8 01 03 74 70 6f 1c e9 88 fd b6
source=3: pgn=Position, Rapid Update(129025): values=Latitude=(47.706533199999996 deg) Longitude=(-122.4898327 deg)

3  : pgn=129291 line=Tx 10316941 0d f9 0b 03 ff fc a8 29 30 00 ff ff
source=3: pgn=Set & Drift, Rapid Update(129291): values=SetReference=("0") Set=(61.10 deg) Drift=(0.48 m/s)

0  : pgn=127250 line=Rx 10316989 09 f1 12 00 ff a7 42 ff 7f ff 7f fd
source=0: pgn=Vessel Heading(127250): values=Heading=(97.76 deg) Deviation=(None) Variation=(None) Reference=("1")

0  : pgn=127245 line=Rx 10316990 09 f1 0d 00 00 f8 ff 7f 00 00 ff ff
source=0: pgn=Rudder(127245): values=Instance=(0) DirectionOrder=("0") AngleOrder=(None) Position=(0.00 deg)

0  : pgn=65359  line=Rx 10316994 1c ff 4f 00 3b 9f ff ff ff a7 42 ff
source=0: pgn=Seatalk: Pilot Heading(65359): values=ManufacturerCode=(1851) IndustryCode=(4) HeadingTrue=(None) HeadingMagnetic=(97.76 deg)

32 : pgn=128259 line=Rx 10317010 09 f5 03 20 b9 2c 01 ff ff ff ff ff
source=32: pgn=Speed(128259): values=SpeedWaterReferenced=(3.0 m/s) SpeedGroundReferenced=(None) SpeedWaterReferencedType=(None) SpeedDirection=(None)

3  : pgn=129025 line=Tx 10317042 09 f8 01 03 49 70 6f 1c 8c 89 fd b6
source=3: pgn=Position, Rapid Update(129025): values=Latitude=(47.706528899999995 deg) Longitude=(-122.4898164 deg)

4  : pgn=126975 line=Rx 10317065 1d ef ff 04 40 07 3b 9f f0 81 90 00
4  : pgn=126975 line=Rx 10317066 1d ef ff 04 41 03 ff ff ff ff ff ff
1  : pgn=129038 line=Rx 10317074 11 f8 0e 01 e0 1b c1 7c ac df 15 e9
1  : pgn=129038 line=Rx 10317075 11 f8 0e 01 e1 7e 0b b7 c2 ff 7a 1c
1  : pgn=129038 line=Rx 10317075 11 f8 0e 01 e2 0c 08 9b 00 00 00 00
1  : pgn=129038 line=Rx 10317076 11 f8 0e 01 e3 00 ff ff ff 7f f0 fe
0  : pgn=127250 line=Rx 10317085 09 f1 12 00 ff b8 42 ff 7f ff 7f fd
source=0: pgn=Vessel Heading(127250): values=Heading=(97.86 deg) Deviation=(None) Variation=(None) Reference=("1")

0  : pgn=127245 line=Rx 10317086 09 f1 0d 00 00 f8 ff 7f 00 00 ff ff
source=0: pgn=Rudder(127245): values=Instance=(0) DirectionOrder=("0") AngleOrder=(None) Position=(0.00 deg)

0  : pgn=65359  line=Rx 10317092 1c ff 4f 00 3b 9f ff ff ff b8 42 ff
source=0: pgn=Seatalk: Pilot Heading(65359): values=ManufacturerCode=(1851) IndustryCode=(4) HeadingTrue=(None) HeadingMagnetic=(97.86 deg)

0  : pgn=126975 line=Rx 10317095 1d ef ff 00 60 08 3b 9f f0 81 9c 11
0  : pgn=126975 line=Rx 10317097 1d ef ff 00 61 04 00 ff ff ff ff ff
32 : pgn=128259 line=Rx 10317110 09 f5 03 20 ba 2b 01 ff ff ff ff ff
source=32: pgn=Speed(128259): values=SpeedWaterReferenced=(2.99 m/s) SpeedGroundReferenced=(None) SpeedWaterReferencedType=(None) SpeedDirection=(None)

3  : pgn=129026 line=Tx 10317142 09 f8 02 03 ff fc 16 49 54 01 ff ff
source=3: pgn=COG & SOG, Rapid Update(129026): values=COGReference=("0") COG=(107.20 deg) SOG=(3.4 m/s)

3  : pgn=130577 line=Tx 10317142 0d fe 11 03 60 0e c0 7c 16 49 54 01
3  : pgn=130577 line=Tx 10317142 0d fe 11 03 61 ff ff ff ff a8 29 30
3  : pgn=130577 line=Tx 10317142 0d fe 11 03 62 00 ff ff ff ff ff ff
3  : pgn=129025 line=Tx 10317142 09 f8 01 03 49 70 6f 1c 8c 89 fd b6
3  : pgn=130306 line=Tx 10317142 09 fd 02 03 ff ff 02 1f c9 fa ff ff
source=3: pgn=Wind Data(130306): values=WindSpeed=(7.67 m/s) WindAngle=(295.00 deg) Reference=("2")

0  : pgn=127250 line=Rx 10317185 09 f1 12 00 ff ca 42 ff 7f ff 7f fd
source=0: pgn=Vessel Heading(127250): values=Heading=(97.96 deg) Deviation=(None) Variation=(None) Reference=("1")

0  : pgn=127245 line=Rx 10317186 09 f1 0d 00 00 f8 ff 7f 00 00 ff ff
source=0: pgn=Rudder(127245): values=Instance=(0) DirectionOrder=("0") AngleOrder=(None) Position=(0.00 deg)

0  : pgn=65359  line=Rx 10317190 1c ff 4f 00 3b 9f ff ff ff ca 42 ff
source=0: pgn=Seatalk: Pilot Heading(65359): values=ManufacturerCode=(1851) IndustryCode=(4) HeadingTrue=(None) HeadingMagnetic=(97.96 deg)

32 : pgn=128259 line=Rx 10317212 09 f5 03 20 bb 2b 01 ff ff ff ff ff
source=32: pgn=Speed(128259): values=SpeedWaterReferenced=(2.99 m/s) SpeedGroundReferenced=(None) SpeedWaterReferencedType=(None) SpeedDirection=(None)

32 : pgn=130310 line=Rx 10317215 15 fd 06 20 c3 ff ff ff ff ff ff ff
source=32: pgn=Environmental Parameters (obsolete)(130310): values=WaterTemperature=(None) OutsideAmbientAirTemperature=(None) AtmosphericPressure=(None)

32 : pgn=128275 line=Rx 10317225 19 f5 13 20 a0 0e ff ff ff ff ff ff
32 : pgn=128275 line=Rx 10317230 19 f5 13 20 a1 c1 ad 3c 00 c1 ad 3c
32 : pgn=128275 line=Rx 10317235 19 f5 13 20 a2 00 ff ff ff ff ff ff
3  : pgn=129283 line=Tx 10317242 0d f9 03 03 ff 7f ff ff ff 7f ff ff
source=3: pgn=Cross Track Error(129283): values=XTEmode=(None) NavigationTerminated=("1") XTE=(None)

3  : pgn=129025 line=Tx 10317243 09 f8 01 03 2f 70 6f 1c dd 89 fd b6
source=3: pgn=Position, Rapid Update(129025): values=Latitude=(47.7065263 deg) Longitude=(-122.48980829999999 deg)

3  : pgn=128267 line=Tx 10317243 0d f5 0b 03 ff 39 3d 00 00 00 00 ff
source=3: pgn=Water Depth(128267): values=Depth=(156.73 m) Offset=(0.0 m) Range=(None)

1  : pgn=59936  line=Rx 10317258 18 ea 20 01 00 ee 00 00 00 00 00 00
1  : pgn=129794 line=Rx 10317259 19 fb 02 01 60 4b 05 fe 82 dc 15 ff
1  : pgn=129794 line=Rx 10317260 19 fb 02 01 61 ff ff ff 57 59 32 35
1  : pgn=129794 line=Rx 10317260 19 fb 02 01 62 31 32 20 4b 41 4c 45
1  : pgn=129794 line=Rx 10317261 19 fb 02 01 63 45 54 41 4e 20 20 20
1  : pgn=129794 line=Rx 10317261 19 fb 02 01 64 20 20 20 20 20 20 20
1  : pgn=129794 line=Rx 10317262 19 fb 02 01 65 20 20 3c 88 04 dc 00
1  : pgn=129794 line=Rx 10317262 19 fb 02 01 66 ff ff ff ff ff ff 00
1  : pgn=129794 line=Rx 10317263 19 fb 02 01 67 47 5a 31 ff ff ff 41
1  : pgn=129794 line=Rx 10317263 19 fb 02 01 68 43 4f 4d 41 20 20 20
1  : pgn=129794 line=Rx 10317264 19 fb 02 01 69 20 20 20 20 20 20 20
1  : pgn=129794 line=Rx 10317265 19 fb 02 01 6a 20 20 20 20 05 e1 ff
0  : pgn=127250 line=Rx 10317285 09 f1 12 00 ff d0 42 ff 7f ff 7f fd
source=0: pgn=Vessel Heading(127250): values=Heading=(98.00 deg) Deviation=(None) Variation=(None) Reference=("1")

0  : pgn=127245 line=Rx 10317286 09 f1 0d 00 00 f8 ff 7f 00 00 ff ff
source=0: pgn=Rudder(127245): values=Instance=(0) DirectionOrder=("0") AngleOrder=(None) Position=(0.00 deg)

1  : pgn=129038 line=Rx 10317290 11 f8 0e 01 00 1b c1 30 83 dc 15 11
1  : pgn=129038 line=Rx 10317290 11 f8 0e 01 01 f9 f9 b6 f4 3c 62 1c
source=1: pgn=AIS Class A Position Report(129038): values=MessageID=(1) RepeatIndicator=("0") UserID=(4105632249) Longitude=(0.0 deg) Latitude=(0.0 deg) PositionAccuracy=("0") RAIM=("0") TimeStamp=("0") COG=(0.00 deg) SOG=(0.0 m/s) CommunicationState=(0) AISTransceiverinformation=("0") Heading=(0.00 deg) RateofTurn=(0.00 deg/s) NavStatus=("0") SpecialManeuverIndicator=("0") Spare=(0) SequenceID=(0)

1  : pgn=129038 line=Rx 10317291 11 f8 0e 01 02 11 a5 c2 00 00 00 00
source=1: pgn=AIS Class A Position Report(129038): values=MessageID=(2) RepeatIndicator=("0") UserID=(12756241) Longitude=(0.0 deg) Latitude=(0.0 deg) PositionAccuracy=("0") RAIM=("0") TimeStamp=("0") COG=(0.00 deg) SOG=(0.0 m/s) CommunicationState=(0) AISTransceiverinformation=("0") Heading=(0.00 deg) RateofTurn=(0.00 deg/s) NavStatus=("0") SpecialManeuverIndicator=("0") Spare=(0) SequenceID=(0)

1  : pgn=129038 line=Rx 10317291 11 f8 0e 01 03 00 70 c8 00 00 ff fe
source=1: pgn=AIS Class A Position Report(129038): values=MessageID=(3) RepeatIndicator=("0") UserID=(13135872) Longitude=(0.0 deg) Latitude=(0.0 deg) PositionAccuracy=("0") RAIM=("0") TimeStamp=("0") COG=(0.00 deg) SOG=(0.0 m/s) CommunicationState=(0) AISTransceiverinformation=("0") Heading=(0.00 deg) RateofTurn=(0.00 deg/s) NavStatus=("0") SpecialManeuverIndicator=("0") Spare=(0) SequenceID=(0)

0  : pgn=65359  line=Rx 10317296 1c ff 4f 00 3b 9f ff ff ff d0 42 ff
source=0: pgn=Seatalk: Pilot Heading(65359): values=ManufacturerCode=(1851) IndustryCode=(4) HeadingTrue=(None) HeadingMagnetic=(98.00 deg)

32 : pgn=128259 line=Rx 10317309 09 f5 03 20 bc 2a 01 ff ff ff ff ff
3  : pgn=129026 line=Tx 10317343 09 f8 02 03 ff fc 5c 49 53 01 ff ff
source=3: pgn=COG & SOG, Rapid Update(129026): values=COGReference=("0") COG=(107.60 deg) SOG=(3.39 m/s)

3  : pgn=129025 line=Tx 10317343 09 f8 01 03 2f 70 6f 1c dd 89 fd b6
source=3: pgn=Position, Rapid Update(129025): values=Latitude=(47.7065263 deg) Longitude=(-122.48980829999999 deg)

3  : pgn=129542 line=Tx 10317343 19 fa 06 03 60 0f 7c 20 01 00 00 00
3  : pgn=129542 line=Tx 10317343 19 fa 06 03 61 00 00 00 00 00 00 00
3  : pgn=129542 line=Tx 10317343 19 fa 06 03 62 00 00 ff ff ff ff ff
3  : pgn=65364  line=Tx 10317343 1c ff 54 03 3b 9f ff 02 1f c9 ff ff
1  : pgn=129038 line=Rx 10317352 11 f8 0e 01 20 1b c2 02 43 e6 15 2a
1  : pgn=129038 line=Rx 10317352 11 f8 0e 01 21 1d 0e b7 a5 3f 68 1c
1  : pgn=129038 line=Rx 10317352 11 f8 0e 01 22 0c 00 00 00 00 00 00
1  : pgn=129038 line=Rx 10317353 11 f8 0e 01 23 00 ff ff ff 7f ff fe
0  : pgn=127250 line=Rx 10317385 09 f1 12 00 ff cf 42 ff 7f ff 7f fd
source=0: pgn=Vessel Heading(127250): values=Heading=(97.99 deg) Deviation=(None) Variation=(None) Reference=("1")

0  : pgn=127245 line=Rx 10317386 09 f1 0d 00 00 f8 ff 7f 00 00 ff ff
source=0: pgn=Rudder(127245): values=Instance=(0) DirectionOrder=("0") AngleOrder=(None) Position=(0.00 deg)

0  : pgn=65359  line=Rx 10317391 1c ff 4f 00 3b 9f ff ff ff cf 42 ff
source=0: pgn=Seatalk: Pilot Heading(65359): values=ManufacturerCode=(1851) IndustryCode=(4) HeadingTrue=(None) HeadingMagnetic=(97.99 deg)

4  : pgn=65384  line=Rx 10317406 1c ff 68 04 3b 9f 00 00 00 00 00 00
32 : pgn=128259 line=Rx 10317409 09 f5 03 20 bd 2d 01 ff ff ff ff ff
source=32: pgn=Speed(128259): values=SpeedWaterReferenced=(3.0100000000000002 m/s) SpeedGroundReferenced=(None) SpeedWaterReferencedType=(None) SpeedDirection=(None)

3  : pgn=129540 line=Tx 10317443 19 fa 04 03 a0 9f 9e ff 0d 03 97 1a
source=3: pgn=GNSS Sats in View(129540): values=RangeResidualMode=(None) SatsinView=(158) PRN=(None) Elevation=(4.47 deg) Azimuth=(39.00 deg) SNR=(0.0 dB) Rangeresiduals=(0) Status=("0")

3  : pgn=129540 line=Tx 10317443 19 fa 04 03 a1 2e 26 00 00 00 00 00
source=3: pgn=GNSS Sats in View(129540): values=RangeResidualMode=("0") SatsinView=(38) PRN=(0) Elevation=(0.00 deg) Azimuth=(0.00 deg) SNR=(0.0 dB) Rangeresiduals=(0) Status=("0")

3  : pgn=129540 line=Tx 10317443 19 fa 04 03 a2 00 f3 0f ff 1d 5c 3d
source=3: pgn=GNSS Sats in View(129540): values=RangeResidualMode=("0") SatsinView=(243) PRN=(15) Elevation=(44.00 deg) Azimuth=(90.00 deg) SNR=(0.0 dB) Rangeresiduals=(0) Status=("0")

3  : pgn=129540 line=Tx 10317443 19 fa 04 03 a3 54 0b 00 00 00 00 f5
source=3: pgn=GNSS Sats in View(129540): values=RangeResidualMode=("0") SatsinView=(11) PRN=(0) Elevation=(0.00 deg) Azimuth=(359.36 deg) SNR=(0.0 dB) Rangeresiduals=(0) Status=("0")

3  : pgn=129540 line=Tx 10317443 19 fa 04 03 a4 10 17 13 71 b9 ac 0d
source=3: pgn=GNSS Sats in View(129540): values=RangeResidualMode=("0") SatsinView=(23) PRN=(19) Elevation=(-103.49 deg) Azimuth=(20.05 deg) SNR=(0.0 dB) Rangeresiduals=(0) Status=("0")

3  : pgn=129540 line=Tx 10317443 19 fa 04 03 a5 00 00 00 00 f5 12 c5
source=3: pgn=GNSS Sats in View(129540): values=RangeResidualMode=("0") SatsinView=(0) PRN=(0) Elevation=(-16.13 deg) Azimuth=(289.06 deg) SNR=(0.0 dB) Rangeresiduals=(0) Status=("0")

3  : pgn=129540 line=Tx 10317443 19 fa 04 03 a6 31 f2 93 d8 0e 00 00
source=3: pgn=GNSS Sats in View(129540): values=RangeResidualMode=("1") SatsinView=(242) PRN=(147) Elevation=(21.77 deg) Azimuth=(0.00 deg) SNR=(0.0 dB) Rangeresiduals=(0) Status=("0")

3  : pgn=129540 line=Tx 10317444 19 fa 04 03 a7 00 00 f5 13 69 03 1f
source=3: pgn=GNSS Sats in View(129540): values=RangeResidualMode=("0") SatsinView=(0) PRN=(245) Elevation=(154.12 deg) Azimuth=(45.49 deg) SNR=(0.0 dB) Rangeresiduals=(0) Status=("0")

3  : pgn=129540 line=Tx 10317444 19 fa 04 03 a8 d8 d8 0e 00 00 00 00
source=3: pgn=GNSS Sats in View(129540): values=RangeResidualMode=("0") SatsinView=(216) PRN=(14) Elevation=(0.00 deg) Azimuth=(0.00 deg) SNR=(0.0 dB) Rangeresiduals=(0) Status=("0")

3  : pgn=129540 line=Tx 10317444 19 fa 04 03 a9 f5 15 e8 37 ba 20 ac
source=3: pgn=GNSS Sats in View(129540): values=RangeResidualMode=("1") SatsinView=(21) PRN=(232) Elevation=(-102.36 deg) Azimuth=(252.47 deg) SNR=(0.0 dB) Rangeresiduals=(0) Status=("0")

3  : pgn=129540 line=Tx 10317444 19 fa 04 03 aa 0d 00 00 00 00 f5 16
source=3: pgn=GNSS Sats in View(129540): values=RangeResidualMode=("1") SatsinView=(0) PRN=(0) Elevation=(0.00 deg) Azimuth=(33.67 deg) SNR=(0.0 dB) Rangeresiduals=(0) Status=("0")

3  : pgn=129540 line=Tx 10317445 19 fa 04 03 ab d1 15 cf 9c 10 0e 00
source=3: pgn=GNSS Sats in View(129540): values=RangeResidualMode=("1") SatsinView=(21) PRN=(207) Elevation=(24.36 deg) Azimuth=(0.08 deg) SNR=(0.0 dB) Rangeresiduals=(0) Status=("0")

3  : pgn=129540 line=Tx 10317446 19 fa 04 03 ac 00 00 00 f5 1a ae 0f
source=3: pgn=GNSS Sats in View(129540): values=RangeResidualMode=("0") SatsinView=(0) PRN=(0) Elevation=(39.54 deg) Azimuth=(23.00 deg) SNR=(0.0 dB) Rangeresiduals=(0) Status=("0")

3  : pgn=129540 line=Tx 10317446 19 fa 04 03 ad 5d 1f 80 0c 00 00 00
source=3: pgn=GNSS Sats in View(129540): values=RangeResidualMode=("1") SatsinView=(31) PRN=(128) Elevation=(0.07 deg) Azimuth=(0.00 deg) SNR=(0.0 dB) Rangeresiduals=(0) Status=("0")

3  : pgn=129540 line=Tx 10317447 19 fa 04 03 ae 00 f5 1b d1 15 ab d2
source=3: pgn=GNSS Sats in View(129540): values=RangeResidualMode=("0") SatsinView=(245) PRN=(27) Elevation=(32.00 deg) Azimuth=(309.00 deg) SNR=(0.0 dB) Rangeresiduals=(0) Status=("0")

3  : pgn=129540 line=Tx 10317448 19 fa 04 03 af a0 0f 00 00 00 00 f5
source=3: pgn=GNSS Sats in View(129540): values=RangeResidualMode=("0") SatsinView=(15) PRN=(0) Elevation=(0.00 deg) Azimuth=(359.36 deg) SNR=(0.0 dB) Rangeresiduals=(0) Status=("0")

3  : pgn=129540 line=Tx 10317449 19 fa 04 03 b0 1d 00 0f a1 67 80 0c
source=3: pgn=GNSS Sats in View(129540): values=RangeResidualMode=("1") SatsinView=(0) PRN=(15) Elevation=(152.00 deg) Azimuth=(18.33 deg) SNR=(0.0 dB) Rangeresiduals=(0) Status=("0")

3  : pgn=129540 line=Tx 10317449 19 fa 04 03 b1 00 00 00 00 f5 23 d1
source=3: pgn=GNSS Sats in View(129540): values=RangeResidualMode=("0") SatsinView=(0) PRN=(0) Elevation=(-16.13 deg) Azimuth=(306.76 deg) SNR=(0.0 dB) Rangeresiduals=(0) Status=("0")

3  : pgn=129540 line=Tx 10317450 19 fa 04 03 b2 15 c3 8b 00 00 00 00
source=3: pgn=GNSS Sats in View(129540): values=RangeResidualMode=("1") SatsinView=(195) PRN=(139) Elevation=(0.00 deg) Azimuth=(0.00 deg) SNR=(0.0 dB) Rangeresiduals=(0) Status=("0")

3  : pgn=129540 line=Tx 10317451 19 fa 04 03 b3 00 00 f3 30 2e 17 43
source=3: pgn=GNSS Sats in View(129540): values=RangeResidualMode=("0") SatsinView=(0) PRN=(243) Elevation=(67.75 deg) Azimuth=(98.41 deg) SNR=(0.0 dB) Rangeresiduals=(0) Status=("0")

3  : pgn=129540 line=Tx 10317451 19 fa 04 03 b4 84 3c 0f 00 00 00 00
source=3: pgn=GNSS Sats in View(129540): values=RangeResidualMode=("0") SatsinView=(60) PRN=(15) Elevation=(0.00 deg) Azimuth=(0.00 deg) SNR=(0.0 dB) Rangeresiduals=(0) Status=("0")

3  : pgn=129540 line=Tx 10317453 19 fa 04 03 b5 f5 33 80 16 67 6c 48
source=3: pgn=GNSS Sats in View(129540): values=RangeResidualMode=("1") SatsinView=(51) PRN=(128) Elevation=(151.20 deg) Azimuth=(106.23 deg) SNR=(0.0 dB) Rangeresiduals=(0) Status=("0")

3  : pgn=129540 line=Tx 10317454 19 fa 04 03 b6 0d 00 00 00 00 f5 ff
source=3: pgn=GNSS Sats in View(129540): values=RangeResidualMode=("1") SatsinView=(0) PRN=(0) Elevation=(0.00 deg) Azimuth=(375.43 deg) SNR=(0.0 dB) Rangeresiduals=(0) Status=("0")

3  : pgn=129025 line=Tx 10317454 09 f8 01 03 2f 70 6f 1c dd 89 fd b6
source=3: pgn=Position, Rapid Update(129025): values=Latitude=(47.7065263 deg) Longitude=(-122.48980829999999 deg)

3  : pgn=127258 line=Tx 10317455 19 f1 1a 03 ff f6 12 39 fa 0a ff ff
source=3: pgn=Magnetic Variation(127258): values=Source=("6") Ageofservice=(14610 d) Variation=(16.10 deg)

0  : pgn=127250 line=Rx 10317486 09 f1 12 00 ff c9 42 ff 7f ff 7f fd
source=0: pgn=Vessel Heading(127250): values=Heading=(97.96 deg) Deviation=(None) Variation=(None) Reference=("1")

0  : pgn=127245 line=Rx 10317487 09 f1 0d 00 00 f8 ff 7f 00 00 ff ff
source=0: pgn=Rudder(127245): values=Instance=(0) DirectionOrder=("0") AngleOrder=(None) Position=(0.00 deg)

0  : pgn=65359  line=Rx 10317493 1c ff 4f 00 3b 9f ff ff ff c9 42 ff
source=0: pgn=Seatalk: Pilot Heading(65359): values=ManufacturerCode=(1851) IndustryCode=(4) HeadingTrue=(None) HeadingMagnetic=(97.96 deg)

32 : pgn=128259 line=Rx 10317508 09 f5 03 20 be 30 01 ff ff ff ff ff
source=32: pgn=Speed(128259): values=SpeedWaterReferenced=(3.04 m/s) SpeedGroundReferenced=(None) SpeedWaterReferencedType=(None) SpeedDirection=(None)

3  : pgn=129026 line=Tx 10317543 09 f8 02 03 ff fc 90 49 52 01 ff ff
source=3: pgn=COG & SOG, Rapid Update(129026): values=COGReference=("0") COG=(107.90 deg) SOG=(3.38 m/s)

3  : pgn=129025 line=Tx 10317544 09 f8 01 03 19 70 6f 1c 2d 8a fd b6
source=3: pgn=Position, Rapid Update(129025): values=Latitude=(47.706524099999996 deg) Longitude=(-122.4898003 deg)

0  : pgn=127250 line=Rx 10317585 09 f1 12 00 ff c6 42 ff 7f ff 7f fd
source=0: pgn=Vessel Heading(127250): values=Heading=(97.94 deg) Deviation=(None) Variation=(None) Reference=("1")

0  : pgn=127245 line=Rx 10317586 09 f1 0d 00 00 f8 ff 7f 00 00 ff ff
source=0: pgn=Rudder(127245): values=Instance=(0) DirectionOrder=("0") AngleOrder=(None) Position=(0.00 deg)

0  : pgn=65379  line=Rx 10317590 1c ff 63 00 3b 9f 00 00 00 00 01 ff
source=0: pgn=Seatalk: Pilot Mode(65379): values=ManufacturerCode=(1851) IndustryCode=(4) PilotMode=(0) SubMode=(0) PilotModeData=(0)

0  : pgn=65359  line=Rx 10317591 1c ff 4f 00 3b 9f ff ff ff c6 42 ff
source=0: pgn=Seatalk: Pilot Heading(65359): values=ManufacturerCode=(1851) IndustryCode=(4) HeadingTrue=(None) HeadingMagnetic=(97.94 deg)

0  : pgn=126975 line=Rx 10317595 1d ef ff 00 80 0d 3b 9f f0 81 84 16
0  : pgn=126975 line=Rx 10317597 1d ef ff 00 81 44 10 00 00 00 02 05
32 : pgn=128259 line=Rx 10317608 09 f5 03 20 bf 32 01 ff ff ff ff ff
source=32: pgn=Speed(128259): values=SpeedWaterReferenced=(3.06 m/s) SpeedGroundReferenced=(None) SpeedWaterReferencedType=(None) SpeedDirection=(None)

3  : pgn=129029 line=Tx 10317647 0d f8 05 03 60 2b 7c 06 40 d0 df 0f
3  : pgn=129029 line=Tx 10317647 0d f8 05 03 61 2c 00 ba 7d 20 4f e0
3  : pgn=129029 line=Tx 10317647 0d f8 05 03 62 9e 06 00 82 19 8d c1
3  : pgn=129029 line=Tx 10317647 0d f8 05 03 63 49 00 ef ff ff ff ff
3  : pgn=129029 line=Tx 10317647 0d f8 05 03 64 ff ff ff 7f 23 fc 09
3  : pgn=129029 line=Tx 10317647 0d f8 05 03 65 54 00 ff 7f ff ff ff
3  : pgn=129029 line=Tx 10317647 0d f8 05 03 66 7f 00 ff ff ff ff ff
3  : pgn=129025 line=Tx 10317647 09 f8 01 03 19 70 6f 1c 2d 8a fd b6
source=3: pgn=Position, Rapid Update(129025): values=Latitude=(47.706524099999996 deg) Longitude=(-122.4898003 deg)

3  : pgn=129033 line=Tx 10317647 0d f8 09 03 06 40 d0 df 0f 2c 5c fe
source=3: pgn=Time & Date(129033): values=Date=(16390 d) Time=(73923.784 s) LocalOffset=(-25200.0 s)

0  : pgn=127250 line=Rx 10317689 09 f1 12 00 ff c9 42 ff 7f ff 7f fd
source=0: pgn=Vessel Heading(127250): values=Heading=(97.96 deg) Deviation=(None) Variation=(None) Reference=("1")

0  : pgn=127245 line=Rx 10317690 09 f1 0d 00 00 f8 ff 7f 00 00 ff ff
source=0: pgn=Rudder(127245): values=Instance=(0) DirectionOrder=("0") AngleOrder=(None) Position=(0.00 deg)

0  : pgn=65359  line=Rx 10317696 1c ff 4f 00 3b 9f ff ff ff c9 42 ff
source=0: pgn=Seatalk: Pilot Heading(65359): values=ManufacturerCode=(1851) IndustryCode=(4) HeadingTrue=(None) HeadingMagnetic=(97.96 deg)

0  : pgn=126975 line=Rx 10317699 1d ef ff 00 a0 09 3b 9f f0 81 ae 02
0  : pgn=126975 line=Rx 10317702 1d ef ff 00 a1 00 08 00 ff ff ff ff
32 : pgn=128259 line=Rx 10317707 09 f5 03 20 c0 34 01 ff ff ff ff ff
source=32: pgn=Speed(128259): values=SpeedWaterReferenced=(3.08 m/s) SpeedGroundReferenced=(None) SpeedWaterReferencedType=(None) SpeedDirection=(None)

1  : pgn=129038 line=Rx 10317712 11 f8 0e 01 40 1b c3 24 90 db 15 3e
source=1: pgn=AIS Class A Position Report(129038): values=MessageID=(2) RepeatIndicator=(None) UserID=(367411970) Longitude=(-122.3811798 deg) Latitude=(47.6594085 deg) PositionAccuracy=("0") RAIM=("0") TimeStamp=("3") COG=(0.00 deg) SOG=(0.0 m/s) CommunicationState=(0) AISTransceiverinformation=("0") Heading=(None) RateofTurn=(None) NavStatus=(None) SpecialManeuverIndicator=(None) Spare=(6) SequenceID=(27)

1  : pgn=129038 line=Rx 10317712 11 f8 0e 01 41 0e 02 b7 9a 65 52 1c
1  : pgn=129038 line=Rx 10317713 11 f8 0e 01 42 11 3c aa 18 03 00 00
1  : pgn=129038 line=Rx 10317713 11 f8 0e 01 43 00 c2 a9 d2 e5 f0 fe
3  : pgn=129026 line=Tx 10317747 09 f8 02 03 ff fc d6 49 51 01 ff ff
source=3: pgn=COG & SOG, Rapid Update(129026): values=COGReference=("0") COG=(108.30 deg) SOG=(3.37 m/s)

3  : pgn=129025 line=Tx 10317747 09 f8 01 03 e1 6f 6f 1c d2 8a fd b6
source=3: pgn=Position, Rapid Update(129025): values=Latitude=(47.7065185 deg) Longitude=(-122.4897838 deg)

3  : pgn=126992 line=Tx 10317747 0d f0 10 03 ff ff 06 40 52 ea 0f 2c
source=3: pgn=System Time(126992): values=Source=(None) Date=(16390 d) Time=(73924.053 s)

1  : pgn=129038 line=Rx 10317775 11 f8 0e 01 60 1b c1 82 40 e1 15 bb
1  : pgn=129038 line=Rx 10317776 11 f8 0e 01 61 5e 0e b7 a2 e5 63 1c
1  : pgn=129038 line=Rx 10317776 11 f8 0e 01 62 0c ee 0e 00 00 00 00
1  : pgn=129038 line=Rx 10317777 11 f8 0e 01 63 00 ff ff ff 7f ff fe
0  : pgn=127250 line=Rx 10317785 09 f1 12 00 ff cc 42 ff 7f ff 7f fd
source=0: pgn=Vessel Heading(127250): values=Heading=(97.98 deg) Deviation=(None) Variation=(None) Reference=("1")

0  : pgn=127245 line=Rx 10317786 09 f1 0d 00 00 f8 ff 7f 00 00 ff ff
source=0: pgn=Rudder(127245): values=Instance=(0) DirectionOrder=("0") AngleOrder=(None) Position=(0.00 deg)

0  : pgn=65359  line=Rx 10317792 1c ff 4f 00 3b 9f ff ff ff cc 42 ff
source=0: pgn=Seatalk: Pilot Heading(65359): values=ManufacturerCode=(1851) IndustryCode=(4) HeadingTrue=(None) HeadingMagnetic=(97.98 deg)

32 : pgn=128259 line=Rx 10317807 09 f5 03 20 c1 37 01 ff ff ff ff ff
source=32: pgn=Speed(128259): values=SpeedWaterReferenced=(3.11 m/s) SpeedGroundReferenced=(None) SpeedWaterReferencedType=(None) SpeedDirection=(None)

3  : pgn=129025 line=Tx 10317851 09 f8 01 03 e1 6f 6f 1c d2 8a fd b6
source=3: pgn=Position, Rapid Update(129025): values=Latitude=(47.7065185 deg) Longitude=(-122.4897838 deg)

0  : pgn=127250 line=Rx 10317885 09 f1 12 00 ff d6 42 ff 7f ff 7f fd
source=0: pgn=Vessel Heading(127250): values=Heading=(98.03 deg) Deviation=(None) Variation=(None) Reference=("1")

0  : pgn=127245 line=Rx 10317886 09 f1 0d 00 00 f8 ff 7f 00 00 ff ff
source=0: pgn=Rudder(127245): values=Instance=(0) DirectionOrder=("0") AngleOrder=(None) Position=(0.00 deg)

0  : pgn=65359  line=Rx 10317892 1c ff 4f 00 3b 9f ff ff ff d6 42 ff
source=0: pgn=Seatalk: Pilot Heading(65359): values=ManufacturerCode=(1851) IndustryCode=(4) HeadingTrue=(None) HeadingMagnetic=(98.03 deg)

32 : pgn=128259 line=Rx 10317906 09 f5 03 20 c2 3c 01 ff ff ff ff ff
source=32: pgn=Speed(128259): values=SpeedWaterReferenced=(3.16 m/s) SpeedGroundReferenced=(None) SpeedWaterReferencedType=(None) SpeedDirection=(None)

3  : pgn=129026 line=Tx 10317948 09 f8 02 03 ff fc d6 49 51 01 ff ff
source=3: pgn=COG & SOG, Rapid Update(129026): values=COGReference=("0") COG=(108.30 deg) SOG=(3.37 m/s)

3  : pgn=129025 line=Tx 10317948 09 f8 01 03 e1 6f 6f 1c d2 8a fd b6
source=3: pgn=Position, Rapid Update(129025): values=Latitude=(47.7065185 deg) Longitude=(-122.4897838 deg)

3  : pgn=129291 line=Tx 10317948 0d f9 0b 03 ff fc ff 28 2a 00 ff ff
source=3: pgn=Set & Drift, Rapid Update(129291): values=SetReference=("0") Set=(60.13 deg) Drift=(0.42 m/s)

0  : pgn=127250 line=Rx 10317985 09 f1 12 00 ff e9 42 ff 7f ff 7f fd
source=0: pgn=Vessel Heading(127250): values=Heading=(98.14 deg) Deviation=(None) Variation=(None) Reference=("1")

0  : pgn=127245 line=Rx 10317986 09 f1 0d 00 00 f8 ff 7f 00 00 ff ff
source=0: pgn=Rudder(127245): values=Instance=(0) DirectionOrder=("0") AngleOrder=(None) Position=(0.00 deg)

0  : pgn=65359  line=Rx 10317990 1c ff 4f 00 3b 9f ff ff ff e9 42 ff
source=0: pgn=Seatalk: Pilot Heading(65359): values=ManufacturerCode=(1851) IndustryCode=(4) HeadingTrue=(None) HeadingMagnetic=(98.14 deg)

32 : pgn=128259 line=Rx 10318006 09 f5 03 20 c3 3a 01 ff ff ff ff ff
source=32: pgn=Speed(128259): values=SpeedWaterReferenced=(3.14 m/s) SpeedGroundReferenced=(None) SpeedWaterReferencedType=(None) SpeedDirection=(None)

3  : pgn=129025 line=Tx 10318048 09 f8 01 03 c9 6f 6f 1c 1f 8b fd b6
source=3: pgn=Position, Rapid Update(129025): values=Latitude=(47.706516099999995 deg) Longitude=(-122.4897761 deg)

0  : pgn=127250 line=Rx 10318085 09 f1 12 00 ff f3 42 ff 7f ff 7f fd
source=0: pgn=Vessel Heading(127250): values=Heading=(98.20 deg) Deviation=(None) Variation=(None) Reference=("1")

0  : pgn=127245 line=Rx 10318086 09 f1 0d 00 00 f8 ff 7f 00 00 ff ff
source=0: pgn=Rudder(127245): values=Instance=(0) DirectionOrder=("0") AngleOrder=(None) Position=(0.00 deg)

0  : pgn=65359  line=Rx 10318093 1c ff 4f 00 3b 9f ff ff ff f3 42 ff
source=0: pgn=Seatalk: Pilot Heading(65359): values=ManufacturerCode=(1851) IndustryCode=(4) HeadingTrue=(None) HeadingMagnetic=(98.20 deg)

0  : pgn=126975 line=Rx 10318094 1d ef ff 00 c0 08 3b 9f f0 81 9c 11
0  : pgn=126975 line=Rx 10318097 1d ef ff 00 c1 04 00 ff ff ff ff ff
32 : pgn=128259 line=Rx 10318105 09 f5 03 20 c4 3b 01 ff ff ff ff ff
source=32: pgn=Speed(128259): values=SpeedWaterReferenced=(3.15 m/s) SpeedGroundReferenced=(None) SpeedWaterReferencedType=(None) SpeedDirection=(None)

1  : pgn=129038 line=Rx 10318107 11 f8 0e 01 80 1b c3 24 90 db 15 3e
1  : pgn=129038 line=Rx 10318107 11 f8 0e 01 81 0e 02 b7 9a 65 52 1c
1  : pgn=129038 line=Rx 10318108 11 f8 0e 01 82 11 3c aa 18 03 00 00
1  : pgn=129038 line=Rx 10318108 11 f8 0e 01 83 00 c2 a9 d2 e5 f0 fe
1  : pgn=129038 line=Rx 10318139 11 f8 0e 01 a0 1b c1 8c a9 e6 15 bf
1  : pgn=129038 line=Rx 10318139 11 f8 0e 01 a1 b8 14 b7 fe ba 56 1c
1  : pgn=129038 line=Rx 10318140 11 f8 0e 01 a2 0c 39 13 00 00 00 00
1  : pgn=129038 line=Rx 10318140 11 f8 0e 01 a3 00 ff ff ff 7f f0 fe
3  : pgn=129026 line=Tx 10318149 09 f8 02 03 ff fc 1c 4a 50 01 ff ff
source=3: pgn=COG & SOG, Rapid Update(129026): values=COGReference=("0") COG=(108.70 deg) SOG=(3.36 m/s)

3  : pgn=130577 line=Tx 10318149 0d fe 11 03 80 0e c0 7d 1c 4a 50 01
3  : pgn=130577 line=Tx 10318149 0d fe 11 03 81 ff ff ff ff ff 28 2a
3  : pgn=130577 line=Tx 10318149 0d fe 11 03 82 00 ff ff ff ff ff ff
3  : pgn=129025 line=Tx 10318149 09 f8 01 03 c9 6f 6f 1c 1f 8b fd b6
3  : pgn=130306 line=Tx 10318149 09 fd 02 03 ff ea 02 ce c9 fa ff ff
source=3: pgn=Wind Data(130306): values=WindSpeed=(7.46 m/s) WindAngle=(296.00 deg) Reference=("2")

0  : pgn=127250 line=Rx 10318187 09 f1 12 00 ff 0c 43 ff 7f ff 7f fd
source=0: pgn=Vessel Heading(127250): values=Heading=(98.34 deg) Deviation=(None) Variation=(None) Reference=("1")

0  : pgn=127245 line=Rx 10318188 09 f1 0d 00 00 f8 ff 7f 00 00 ff ff
source=0: pgn=Rudder(127245): values=Instance=(0) DirectionOrder=("0") AngleOrder=(None) Position=(0.00 deg)

0  : pgn=65359  line=Rx 10318192 1c ff 4f 00 3b 9f ff ff ff 0c 43 ff
source=0: pgn=Seatalk: Pilot Heading(65359): values=ManufacturerCode=(1851) IndustryCode=(4) HeadingTrue=(None) HeadingMagnetic=(98.34 deg)

32 : pgn=128259 line=Rx 10318207 09 f5 03 20 c5 35 01 ff ff ff ff ff
source=32: pgn=Speed(128259): values=SpeedWaterReferenced=(3.09 m/s) SpeedGroundReferenced=(None) SpeedWaterReferencedType=(None) SpeedDirection=(None)

32 : pgn=130310 line=Rx 10318210 15 fd 06 20 c4 ff ff ff ff ff ff ff
source=32: pgn=Environmental Parameters (obsolete)(130310): values=WaterTemperature=(None) OutsideAmbientAirTemperature=(None) AtmosphericPressure=(None)

32 : pgn=128275 line=Rx 10318220 19 f5 13 20 c0 0e ff ff ff ff ff ff
32 : pgn=128275 line=Rx 10318225 19 f5 13 20 c1 c1 ad 3c 00 c1 ad 3c
32 : pgn=128275 line=Rx 10318230 19 f5 13 20 c2 00 ff ff ff ff ff ff
1  : pgn=129038 line=Rx 10318231 11 f8 0e 01 c0 1b c3 24 90 db 15 3e
1  : pgn=129038 line=Rx 10318231 11 f8 0e 01 c1 0e 02 b7 9a 65 52 1c
1  : pgn=129038 line=Rx 10318232 11 f8 0e 01 c2 11 3c aa 18 03 00 00
1  : pgn=129038 line=Rx 10318232 11 f8 0e 01 c3 00 14 a9 d2 e5 f0 fe
3  : pgn=129283 line=Tx 10318252 0d f9 03 03 ff 7f ff ff ff 7f ff ff
source=3: pgn=Cross Track Error(129283): values=XTEmode=(None) NavigationTerminated=("1") XTE=(None)

3  : pgn=129025 line=Tx 10318252 09 f8 01 03 c9 6f 6f 1c 1f 8b fd b6
source=3: pgn=Position, Rapid Update(129025): values=Latitude=(47.706516099999995 deg) Longitude=(-122.4897761 deg)

3  : pgn=128267 line=Tx 10318252 0d f5 0b 03 ff 3f 3d 00 00 00 00 ff
source=3: pgn=Water Depth(128267): values=Depth=(156.79 m) Offset=(0.0 m) Range=(None)

1  : pgn=59936  line=Rx 10318260 18 ea 20 01 00 ee 00 00 00 00 00 00
0  : pgn=127250 line=Rx 10318286 09 f1 12 00 ff 13 43 ff 7f ff 7f fd
source=0: pgn=Vessel Heading(127250): values=Heading=(98.38 deg) Deviation=(None) Variation=(None) Reference=("1")

0  : pgn=127245 line=Rx 10318287 09 f1 0d 00 00 f8 ff 7f 00 00 ff ff
source=0: pgn=Rudder(127245): values=Instance=(0) DirectionOrder=("0") AngleOrder=(None) Position=(0.00 deg)

0  : pgn=65359  line=Rx 10318294 1c ff 4f 00 3b 9f ff ff ff 13 43 ff
source=0: pgn=Seatalk: Pilot Heading(65359): values=ManufacturerCode=(1851) IndustryCode=(4) HeadingTrue=(None) HeadingMagnetic=(98.38 deg)

32 : pgn=128259 line=Rx 10318304 09 f5 03 20 c6 2e 01 ff ff ff ff ff
3  : pgn=129026 line=Tx 10318356 09 f8 02 03 ff fc 62 4a 50 01 ff ff
source=3: pgn=COG & SOG, Rapid Update(129026): values=COGReference=("0") COG=(109.10 deg) SOG=(3.36 m/s)

3  : pgn=129025 line=Tx 10318356 09 f8 01 03 b4 6f 6f 1c 6f 8b fd b6
source=3: pgn=Position, Rapid Update(129025): values=Latitude=(47.706514 deg) Longitude=(-122.48976809999999 deg)

3  : pgn=129542 line=Tx 10318356 19 fa 06 03 80 0f 7d 17 01 00 00 00
3  : pgn=129542 line=Tx 10318356 19 fa 06 03 81 00 00 00 00 00 00 00
3  : pgn=129542 line=Tx 10318356 19 fa 06 03 82 00 00 ff ff ff ff ff
3  : pgn=65364  line=Tx 10318356 1c ff 54 03 3b 9f ea 02 ce c9 ff ff
0  : pgn=127250 line=Rx 10318385 09 f1 12 00 ff 18 43 ff 7f ff 7f fd
source=0: pgn=Vessel Heading(127250): values=Heading=(98.41 deg) Deviation=(None) Variation=(None) Reference=("1")

0  : pgn=127245 line=Rx 10318386 09 f1 0d 00 00 f8 ff 7f 00 00 ff ff
source=0: pgn=Rudder(127245): values=Instance=(0) DirectionOrder=("0") AngleOrder=(None) Position=(0.00 deg)

0  : pgn=65359  line=Rx 10318390 1c ff 4f 00 3b 9f ff ff ff 18 43 ff
source=0: pgn=Seatalk: Pilot Heading(65359): values=ManufacturerCode=(1851) IndustryCode=(4) HeadingTrue=(None) HeadingMagnetic=(98.41 deg)

32 : pgn=128259 line=Rx 10318404 09 f5 03 20 c7 2b 01 ff ff ff ff ff
source=32: pgn=Speed(128259): values=SpeedWaterReferenced=(2.99 m/s) SpeedGroundReferenced=(None) SpeedWaterReferencedType=(None) SpeedDirection=(None)

4  : pgn=65384  line=Rx 10318406 1c ff 68 04 3b 9f 00 00 00 00 00 00
3  : pgn=129540 line=Tx 10318457 19 fa 04 03 c0 9f 9f ff 0d 03 97 1a
source=3: pgn=GNSS Sats in View(129540): values=RangeResidualMode=(None) SatsinView=(159) PRN=(None) Elevation=(4.47 deg) Azimuth=(39.00 deg) SNR=(0.0 dB) Rangeresiduals=(0) Status=("0")

3  : pgn=129540 line=Tx 10318457 19 fa 04 03 c1 2e 26 00 00 00 00 00
source=3: pgn=GNSS Sats in View(129540): values=RangeResidualMode=("0") SatsinView=(38) PRN=(0) Elevation=(0.00 deg) Azimuth=(0.00 deg) SNR=(0.0 dB) Rangeresiduals=(0) Status=("0")

3  : pgn=129540 line=Tx 10318457 19 fa 04 03 c2 00 f3 0f ff 1d 5c 3d
source=3: pgn=GNSS Sats in View(129540): values=RangeResidualMode=("0") SatsinView=(243) PRN=(15) Elevation=(44.00 deg) Azimuth=(90.00 deg) SNR=(0.0 dB) Rangeresiduals=(0) Status=("0")

3  : pgn=129540 line=Tx 10318457 19 fa 04 03 c3 54 0b 00 00 00 00 f5
source=3: pgn=GNSS Sats in View(129540): values=RangeResidualMode=("0") SatsinView=(11) PRN=(0) Elevation=(0.00 deg) Azimuth=(359.36 deg) SNR=(0.0 dB) Rangeresiduals=(0) Status=("0")

3  : pgn=129540 line=Tx 10318457 19 fa 04 03 c4 10 17 13 71 b9 ac 0d
source=3: pgn=GNSS Sats in View(129540): values=RangeResidualMode=("0") SatsinView=(23) PRN=(19) Elevation=(-103.49 deg) Azimuth=(20.05 deg) SNR=(0.0 dB) Rangeresiduals=(0) Status=("0")

3  : pgn=129540 line=Tx 10318457 19 fa 04 03 c5 00 00 00 00 f5 12 c5
source=3: pgn=GNSS Sats in View(129540): values=RangeResidualMode=("0") SatsinView=(0) PRN=(0) Elevation=(-16.13 deg) Azimuth=(289.06 deg) SNR=(0.0 dB) Rangeresiduals=(0) Status=("0")

3  : pgn=129540 line=Tx 10318457 19 fa 04 03 c6 31 f2 93 d8 0e 00 00
source=3: pgn=GNSS Sats in View(129540): values=RangeResidualMode=("1") SatsinView=(242) PRN=(147) Elevation=(21.77 deg) Azimuth=(0.00 deg) SNR=(0.0 dB) Rangeresiduals=(0) Status=("0")

3  : pgn=129540 line=Tx 10318457 19 fa 04 03 c7 00 00 f5 13 69 03 1f
source=3: pgn=GNSS Sats in View(129540): values=RangeResidualMode=("0") SatsinView=(0) PRN=(245) Elevation=(154.12 deg) Azimuth=(45.49 deg) SNR=(0.0 dB) Rangeresiduals=(0) Status=("0")

3  : pgn=129540 line=Tx 10318457 19 fa 04 03 c8 d8 d8 0e 00 00 00 00
source=3: pgn=GNSS Sats in View(129540): values=RangeResidualMode=("0") SatsinView=(216) PRN=(14) Elevation=(0.00 deg) Azimuth=(0.00 deg) SNR=(0.0 dB) Rangeresiduals=(0) Status=("0")

3  : pgn=129540 line=Tx 10318457 19 fa 04 03 c9 f5 15 e8 37 ba 20 ac
source=3: pgn=GNSS Sats in View(129540): values=RangeResidualMode=("1") SatsinView=(21) PRN=(232) Elevation=(-102.36 deg) Azimuth=(252.47 deg) SNR=(0.0 dB) Rangeresiduals=(0) Status=("0")

3  : pgn=129540 line=Tx 10318457 19 fa 04 03 ca 0d 00 00 00 00 f5 16
source=3: pgn=GNSS Sats in View(129540): values=RangeResidualMode=("1") SatsinView=(0) PRN=(0) Elevation=(0.00 deg) Azimuth=(33.67 deg) SNR=(0.0 dB) Rangeresiduals=(0) Status=("0")

3  : pgn=129540 line=Tx 10318458 19 fa 04 03 cb d1 15 cf 9c 10 0e 00
source=3: pgn=GNSS Sats in View(129540): values=RangeResidualMode=("1") SatsinView=(21) PRN=(207) Elevation=(24.36 deg) Azimuth=(0.08 deg) SNR=(0.0 dB) Rangeresiduals=(0) Status=("0")

3  : pgn=129540 line=Tx 10318459 19 fa 04 03 cc 00 00 00 f5 1a ae 0f
source=3: pgn=GNSS Sats in View(129540): values=RangeResidualMode=("0") SatsinView=(0) PRN=(0) Elevation=(39.54 deg) Azimuth=(23.00 deg) SNR=(0.0 dB) Rangeresiduals=(0) Status=("0")

3  : pgn=129540 line=Tx 10318460 19 fa 04 03 cd 5d 1f 80 0c 00 00 00
source=3: pgn=GNSS Sats in View(129540): values=RangeResidualMode=("1") SatsinView=(31) PRN=(128) Elevation=(0.07 deg) Azimuth=(0.00 deg) SNR=(0.0 dB) Rangeresiduals=(0) Status=("0")

3  : pgn=129540 line=Tx 10318460 19 fa 04 03 ce 00 f5 1b d1 15 ab d2
source=3: pgn=GNSS Sats in View(129540): values=RangeResidualMode=("0") SatsinView=(245) PRN=(27) Elevation=(32.00 deg) Azimuth=(309.00 deg) SNR=(0.0 dB) Rangeresiduals=(0) Status=("0")

3  : pgn=129540 line=Tx 10318461 19 fa 04 03 cf a0 0f 00 00 00 00 f5
source=3: pgn=GNSS Sats in View(129540): values=RangeResidualMode=("0") SatsinView=(15) PRN=(0) Elevation=(0.00 deg) Azimuth=(359.36 deg) SNR=(0.0 dB) Rangeresiduals=(0) Status=("0")

3  : pgn=129540 line=Tx 10318462 19 fa 04 03 d0 1d 00 0f a1 67 80 0c
source=3: pgn=GNSS Sats in View(129540): values=RangeResidualMode=("1") SatsinView=(0) PRN=(15) Elevation=(152.00 deg) Azimuth=(18.33 deg) SNR=(0.0 dB) Rangeresiduals=(0) Status=("0")

3  : pgn=129540 line=Tx 10318463 19 fa 04 03 d1 00 00 00 00 f5 23 d1
source=3: pgn=GNSS Sats in View(129540): values=RangeResidualMode=("0") SatsinView=(0) PRN=(0) Elevation=(-16.13 deg) Azimuth=(306.76 deg) SNR=(0.0 dB) Rangeresiduals=(0) Status=("0")

3  : pgn=129540 line=Tx 10318464 19 fa 04 03 d2 15 c3 8b 00 00 00 00
source=3: pgn=GNSS Sats in View(129540): values=RangeResidualMode=("1") SatsinView=(195) PRN=(139) Elevation=(0.00 deg) Azimuth=(0.00 deg) SNR=(0.0 dB) Rangeresiduals=(0) Status=("0")

3  : pgn=129540 line=Tx 10318465 19 fa 04 03 d3 00 00 f3 30 2e 17 43
source=3: pgn=GNSS Sats in View(129540): values=RangeResidualMode=("0") SatsinView=(0) PRN=(243) Elevation=(67.75 deg) Azimuth=(98.41 deg) SNR=(0.0 dB) Rangeresiduals=(0) Status=("0")

3  : pgn=129540 line=Tx 10318466 19 fa 04 03 d4 84 3c 0f 00 00 00 00
source=3: pgn=GNSS Sats in View(129540): values=RangeResidualMode=("0") SatsinView=(60) PRN=(15) Elevation=(0.00 deg) Azimuth=(0.00 deg) SNR=(0.0 dB) Rangeresiduals=(0) Status=("0")

3  : pgn=129540 line=Tx 10318466 19 fa 04 03 d5 f5 33 80 16 67 6c 48
source=3: pgn=GNSS Sats in View(129540): values=RangeResidualMode=("1") SatsinView=(51) PRN=(128) Elevation=(151.20 deg) Azimuth=(106.23 deg) SNR=(0.0 dB) Rangeresiduals=(0) Status=("0")

3  : pgn=129540 line=Tx 10318467 19 fa 04 03 d6 0d 00 00 00 00 f5 ff
source=3: pgn=GNSS Sats in View(129540): values=RangeResidualMode=("1") SatsinView=(0) PRN=(0) Elevation=(0.00 deg) Azimuth=(375.43 deg) SNR=(0.0 dB) Rangeresiduals=(0) Status=("0")

3  : pgn=129025 line=Tx 10318468 09 f8 01 03 b4 6f 6f 1c 6f 8b fd b6
source=3: pgn=Position, Rapid Update(129025): values=Latitude=(47.706514 deg) Longitude=(-122.48976809999999 deg)

3  : pgn=127258 line=Tx 10318468 19 f1 1a 03 ff f6 12 39 fa 0a ff ff
source=3: pgn=Magnetic Variation(127258): values=Source=("6") Ageofservice=(14610 d) Variation=(16.10 deg)

1  : pgn=129038 line=Rx 10318475 11 f8 0e 01 e0 1b c1 2c 37 e1 15 49
1  : pgn=129038 line=Rx 10318476 11 f8 0e 01 e1 65 0c b7 41 28 69 1c
1  : pgn=129038 line=Rx 10318476 11 f8 0e 01 e2 04 00 00 00 00 00 00
1  : pgn=129038 line=Rx 10318477 11 f8 0e 01 e3 00 ff ff ff 7f f0 fe
32 : pgn=65368  line=Rx 10318484 1c ff 58 20 3b 9f 35 56 71 ff ff ff
0  : pgn=127250 line=Rx 10318493 09 f1 12 00 ff 1e 43 ff 7f ff 7f fd
source=0: pgn=Vessel Heading(127250): values=Heading=(98.45 deg) Deviation=(None) Variation=(None) Reference=("1")

0  : pgn=127245 line=Rx 10318494 09 f1 0d 00 00 f8 ff 7f 00 00 ff ff
source=0: pgn=Rudder(127245): values=Instance=(0) DirectionOrder=("0") AngleOrder=(None) Position=(0.00 deg)

0  : pgn=65359  line=Rx 10318501 1c ff 4f 00 3b 9f ff ff ff 1e 43 ff
source=0: pgn=Seatalk: Pilot Heading(65359): values=ManufacturerCode=(1851) IndustryCode=(4) HeadingTrue=(None) HeadingMagnetic=(98.45 deg)

32 : pgn=128259 line=Rx 10318504 09 f5 03 20 c8 25 01 ff ff ff ff ff
source=32: pgn=Speed(128259): values=SpeedWaterReferenced=(2.93 m/s) SpeedGroundReferenced=(None) SpeedWaterReferencedType=(None) SpeedDirection=(None)

1  : pgn=129038 line=Rx 10318537 11 f8 0e 01 00 1b c1 2e 9d e2 15 60
1  : pgn=129038 line=Rx 10318537 11 f8 0e 01 01 75 0c b7 b5 e3 68 1c
1  : pgn=129038 line=Rx 10318538 11 f8 0e 01 02 14 85 0b 00 00 00 00
source=1: pgn=AIS Class A Position Report(129038): values=MessageID=(2) RepeatIndicator=("0") UserID=(754964) Longitude=(0.0 deg) Latitude=(0.0 deg) PositionAccuracy=("0") RAIM=("0") TimeStamp=("0") COG=(0.00 deg) SOG=(0.0 m/s) CommunicationState=(0) AISTransceiverinformation=("0") Heading=(0.00 deg) RateofTurn=(0.00 deg/s) NavStatus=("0") SpecialManeuverIndicator=("0") Spare=(0) SequenceID=(0)

1  : pgn=129038 line=Rx 10318539 11 f8 0e 01 03 00 ff ff ff 7f f0 fe
source=1: pgn=AIS Class A Position Report(129038): values=MessageID=(3) RepeatIndicator=("0") UserID=(4294967040) Longitude=(0.0 deg) Latitude=(0.0 deg) PositionAccuracy=("0") RAIM=("0") TimeStamp=("0") COG=(0.00 deg) SOG=(0.0 m/s) CommunicationState=(0) AISTransceiverinformation=("0") Heading=(0.00 deg) RateofTurn=(0.00 deg/s) NavStatus=("0") SpecialManeuverIndicator=("0") Spare=(0) SequenceID=(0)

3  : pgn=129026 line=Tx 10318557 09 f8 02 03 ff fc 62 4a 50 01 ff ff
source=3: pgn=COG & SOG, Rapid Update(129026): values=COGReference=("0") COG=(109.10 deg) SOG=(3.36 m/s)

3  : pgn=129025 line=Tx 10318557 09 f8 01 03 b4 6f 6f 1c 6f 8b fd b6
source=3: pgn=Position, Rapid Update(129025): values=Latitude=(47.706514 deg) Longitude=(-122.48976809999999 deg)

1  : pgn=129038 line=Rx 10318567 11 f8 0e 01 20 1b c1 44 d6 e0 15 b6
1  : pgn=129038 line=Rx 10318567 11 f8 0e 01 21 e8 0c b7 4c 56 69 1c
1  : pgn=129038 line=Rx 10318568 11 f8 0e 01 22 0e a4 f2 00 00 00 00
1  : pgn=129038 line=Rx 10318568 11 f8 0e 01 23 00 ff ff ff 7f f0 fe
0  : pgn=127250 line=Rx 10318586 09 f1 12 00 ff 1a 43 ff 7f ff 7f fd
source=0: pgn=Vessel Heading(127250): values=Heading=(98.42 deg) Deviation=(None) Variation=(None) Reference=("1")

0  : pgn=127245 line=Rx 10318587 09 f1 0d 00 00 f8 ff 7f 00 00 ff ff
source=0: pgn=Rudder(127245): values=Instance=(0) DirectionOrder=("0") AngleOrder=(None) Position=(0.00 deg)

0  : pgn=65379  line=Rx 10318591 1c ff 63 00 3b 9f 00 00 00 00 01 ff
source=0: pgn=Seatalk: Pilot Mode(65379): values=ManufacturerCode=(1851) IndustryCode=(4) PilotMode=(0) SubMode=(0) PilotModeData=(0)

0  : pgn=65359  line=Rx 10318592 1c ff 4f 00 3b 9f ff ff ff 1a 43 ff
source=0: pgn=Seatalk: Pilot Heading(65359): values=ManufacturerCode=(1851) IndustryCode=(4) HeadingTrue=(None) HeadingMagnetic=(98.42 deg)

0  : pgn=126975 line=Rx 10318601 1d ef ff 00 e0 0d 3b 9f f0 81 84 56
0  : pgn=126975 line=Rx 10318602 1d ef ff 00 e1 44 11 00 00 00 02 05
32 : pgn=128259 line=Rx 10318604 09 f5 03 20 c9 24 01 ff ff ff ff ff
source=32: pgn=Speed(128259): values=SpeedWaterReferenced=(2.92 m/s) SpeedGroundReferenced=(None) SpeedWaterReferencedType=(None) SpeedDirection=(None)

3  : pgn=129029 line=Tx 10318659 0d f8 05 03 80 2b 7d 06 40 50 0f 10
3  : pgn=129029 line=Tx 10318659 0d f8 05 03 81 2c 00 28 66 6f 2c e0
3  : pgn=129029 line=Tx 10318659 0d f8 05 03 82 9e 06 00 26 60 a3 33
3  : pgn=129029 line=Tx 10318659 0d f8 05 03 83 4a 00 ef ff ff ff ff
3  : pgn=129029 line=Tx 10318659 0d f8 05 03 84 ff ff ff 7f 23 fc 09
3  : pgn=129029 line=Tx 10318659 0d f8 05 03 85 54 00 ff 7f ff ff ff
3  : pgn=129029 line=Tx 10318659 0d f8 05 03 86 7f 00 ff ff ff ff ff
3  : pgn=129025 line=Tx 10318659 09 f8 01 03 84 6f 6f 1c 17 8c fd b6
source=3: pgn=Position, Rapid Update(129025): values=Latitude=(47.7065092 deg) Longitude=(-122.4897513 deg)

3  : pgn=129033 line=Tx 10318659 0d f8 09 03 06 40 50 0f 10 2c 5c fe
source=3: pgn=Time & Date(129033): values=Date=(16390 d) Time=(73925.0 s) LocalOffset=(-25200.0 s)

0  : pgn=127250 line=Rx 10318693 09 f1 12 00 ff 0f 43 ff 7f ff 7f fd
source=0: pgn=Vessel Heading(127250): values=Heading=(98.36 deg) Deviation=(None) Variation=(None) Reference=("1")

0  : pgn=127245 line=Rx 10318694 09 f1 0d 00 00 f8 ff 7f 00 00 ff ff
source=0: pgn=Rudder(127245): values=Instance=(0) DirectionOrder=("0") AngleOrder=(None) Position=(0.00 deg)

0  : pgn=65359  line=Rx 10318701 1c ff 4f 00 3b 9f ff ff ff 0f 43 ff
source=0: pgn=Seatalk: Pilot Heading(65359): values=ManufacturerCode=(1851) IndustryCode=(4) HeadingTrue=(None) HeadingMagnetic=(98.36 deg)

32 : pgn=128259 line=Rx 10318703 09 f5 03 20 ca 24 01 ff ff ff ff ff
source=32: pgn=Speed(128259): values=SpeedWaterReferenced=(2.92 m/s) SpeedGroundReferenced=(None) SpeedWaterReferencedType=(None) SpeedDirection=(None)

0  : pgn=126975 line=Rx 10318707 1d ef ff 00 00 09 3b 9f f0 81 ae 02
0  : pgn=126975 line=Rx 10318709 1d ef ff 00 01 00 08 04 ff ff ff ff
1  : pgn=129794 line=Rx 10318749 19 fb 02 01 80 4b 05 a4 2a df 15 df
1  : pgn=129794 line=Rx 10318749 19 fb 02 01 81 83 6f 00 57 44 42 37
1  : pgn=129794 line=Rx 10318750 19 fb 02 01 82 37 31 37 ff 41 4c 45
1  : pgn=129794 line=Rx 10318750 19 fb 02 01 83 45 54 41 4e 20 20 20
1  : pgn=129794 line=Rx 10318751 19 fb 02 01 84 20 20 20 20 20 20 20
1  : pgn=129794 line=Rx 10318751 19 fb 02 01 85 20 20 1e 90 01 64 00
1  : pgn=129794 line=Rx 10318752 19 fb 02 01 86 ff ff ff ff a0 3f 00
1  : pgn=129794 line=Rx 10318752 19 fb 02 01 87 bf 2f 20 40 01 ff 41
1  : pgn=129794 line=Rx 10318753 19 fb 02 01 88 43 4f 4d 41 20 20 20
1  : pgn=129794 line=Rx 10318753 19 fb 02 01 89 20 20 20 20 20 20 20
1  : pgn=129794 line=Rx 10318754 19 fb 02 01 8a 20 20 20 20 3d e0 ff
3  : pgn=129026 line=Tx 10318759 09 f8 02 03 ff fc a7 4a 4f 01 ff ff
source=3: pgn=COG & SOG, Rapid Update(129026): values=COGReference=("0") COG=(109.50 deg) SOG=(3.35 m/s)

3  : pgn=129025 line=Tx 10318759 09 f8 01 03 84 6f 6f 1c 17 8c fd b6
source=3: pgn=Position, Rapid Update(129025): values=Latitude=(47.7065092 deg) Longitude=(-122.4897513 deg)

3  : pgn=126992 line=Tx 10318759 0d f0 10 03 ff ff 06 40 50 0f 10 2c
source=3: pgn=System Time(126992): values=Source=(None) Date=(16390 d) Time=(73925.0 s)

0  : pgn=127250 line=Rx 10318795 09 f1 12 00 ff fe 42 ff 7f ff 7f fd
source=0: pgn=Vessel Heading(127250): values=Heading=(98.26 deg) Deviation=(None) Variation=(None) Reference=("1")

0  : pgn=127245 line=Rx 10318796 09 f1 0d 00 00 f8 ff 7f 00 00 ff ff
source=0: pgn=Rudder(127245): values=Instance=(0) DirectionOrder=("0") AngleOrder=(None) Position=(0.00 deg)

0  : pgn=65359  line=Rx 10318802 1c ff 4f 00 3b 9f ff ff ff fe 42 ff
source=0: pgn=Seatalk: Pilot Heading(65359): values=ManufacturerCode=(1851) IndustryCode=(4) HeadingTrue=(None) HeadingMagnetic=(98.26 deg)

32 : pgn=128259 line=Rx 10318803 09 f5 03 20 cb 21 01 ff ff ff ff ff
source=32: pgn=Speed(128259): values=SpeedWaterReferenced=(2.89 m/s) SpeedGroundReferenced=(None) SpeedWaterReferencedType=(None) SpeedDirection=(None)

3  : pgn=129025 line=Tx 10318860 09 f8 01 03 6a 6f 6f 1c 67 8c fd b6
source=3: pgn=Position, Rapid Update(129025): values=Latitude=(47.7065066 deg) Longitude=(-122.4897433 deg)

1  : pgn=129038 line=Rx 10318872 11 f8 0e 01 40 1b c1 aa 4a dc 15 a5
1  : pgn=129038 line=Rx 10318872 11 f8 0e 01 41 6d 14 b7 46 60 66 1c
1  : pgn=129038 line=Rx 10318873 11 f8 0e 01 42 10 91 13 00 00 00 00
1  : pgn=129038 line=Rx 10318873 11 f8 0e 01 43 00 ff ff ff 7f f0 fe
0  : pgn=127250 line=Rx 10318885 09 f1 12 00 ff f5 42 ff 7f ff 7f fd
source=0: pgn=Vessel Heading(127250): values=Heading=(98.21 deg) Deviation=(None) Variation=(None) Reference=("1")

0  : pgn=127245 line=Rx 10318886 09 f1 0d 00 00 f8 ff 7f 00 00 ff ff
source=0: pgn=Rudder(127245): values=Instance=(0) DirectionOrder=("0") AngleOrder=(None) Position=(0.00 deg)

0  : pgn=65359  line=Rx 10318893 1c ff 4f 00 3b 9f ff ff ff f5 42 ff
source=0: pgn=Seatalk: Pilot Heading(65359): values=ManufacturerCode=(1851) IndustryCode=(4) HeadingTrue=(None) HeadingMagnetic=(98.21 deg)

32 : pgn=128259 line=Rx 10318902 09 f5 03 20 cc 20 01 ff ff ff ff ff
source=32: pgn=Speed(128259): values=SpeedWaterReferenced=(2.88 m/s) SpeedGroundReferenced=(None) SpeedWaterReferencedType=(None) SpeedDirection=(None)

3  : pgn=129026 line=Tx 10318960 09 f8 02 03 ff fc ed 4a 4e 01 ff ff
source=3: pgn=COG & SOG, Rapid Update(129026): values=COGReference=("0") COG=(109.90 deg) SOG=(3.34 m/s)

3  : pgn=129025 line=Tx 10318960 09 f8 01 03 6a 6f 6f 1c 67 8c fd b6
source=3: pgn=Position, Rapid Update(129025): values=Latitude=(47.7065066 deg) Longitude=(-122.4897433 deg)

3  : pgn=129291 line=Tx 10318960 0d f9 0b 03 ff fc 9d 39 34 00 ff ff
source=3: pgn=Set & Drift, Rapid Update(129291): values=SetReference=("0") Set=(84.51 deg) Drift=(0.52 m/s)

3  : pgn=129044 line=Tx 10318960 19 f8 14 03 00 14 57 38 34 00 00 00
source=3: pgn=Datum(129044): values=LocalDatum=( W8) DeltaLatitude=(5.199999999999999e-06 deg) DeltaLongitude=(0.0 deg) DeltaAltitude=(0.0 m) ReferenceDatum=(0)

3  : pgn=129044 line=Tx 10318960 19 f8 14 03 01 00 00 00 00 00 00 00
source=3: pgn=Datum(129044): values=LocalDatum=(   ) DeltaLatitude=(0.0 deg) DeltaLongitude=(0.0 deg) DeltaAltitude=(0.0 m) ReferenceDatum=(0)

3  : pgn=129044 line=Tx 10318960 19 f8 14 03 02 00 00 00 57 38 34 00
source=3: pgn=Datum(129044): values=LocalDatum=(   ) DeltaLatitude=(0.34222949999999996 deg) DeltaLongitude=(0.0 deg) DeltaAltitude=(0.0 m) ReferenceDatum=(0)

0  : pgn=127250 line=Rx 10319000 09 f1 12 00 ff dc 42 ff 7f ff 7f fd
source=0: pgn=Vessel Heading(127250): values=Heading=(98.07 deg) Deviation=(None) Variation=(None) Reference=("1")

0  : pgn=127245 line=Rx 10319001 09 f1 0d 00 00 f8 ff 7f 00 00 ff ff
source=0: pgn=Rudder(127245): values=Instance=(0) DirectionOrder=("0") AngleOrder=(None) Position=(0.00 deg)

32 : pgn=128259 line=Rx 10319001 09 f5 03 20 cd 2b 01 ff ff ff ff ff
source=32: pgn=Speed(128259): values=SpeedWaterReferenced=(2.99 m/s) SpeedGroundReferenced=(None) SpeedWaterReferencedType=(None) SpeedDirection=(None)

0  : pgn=65359  line=Rx 10319007 1c ff 4f 00 3b 9f ff ff ff dc 42 ff
source=0: pgn=Seatalk: Pilot Heading(65359): values=ManufacturerCode=(1851) IndustryCode=(4) HeadingTrue=(None) HeadingMagnetic=(98.07 deg)

3  : pgn=129025 line=Tx 10319060 09 f8 01 03 6a 6f 6f 1c 67 8c fd b6
source=3: pgn=Position, Rapid Update(129025): values=Latitude=(47.7065066 deg) Longitude=(-122.4897433 deg)

4  : pgn=126975 line=Rx 10319065 1d ef ff 04 60 07 3b 9f f0 81 90 00
4  : pgn=126975 line=Rx 10319065 1d ef ff 04 61 03 ff ff ff ff ff ff
1  : pgn=129038 line=Rx 10319083 11 f8 0e 01 60 1b c3 fa 89 e8 15 22
1  : pgn=129038 line=Rx 10319084 11 f8 0e 01 61 6f 13 b7 66 71 60 1c
1  : pgn=129038 line=Rx 10319084 11 f8 0e 01 62 10 c1 d6 77 01 00 00
1  : pgn=129038 line=Rx 10319085 11 f8 0e 01 63 00 70 d7 00 00 ff fe
0  : pgn=127250 line=Rx 10319087 09 f1 12 00 ff d4 42 ff 7f ff 7f fd
source=0: pgn=Vessel Heading(127250): values=Heading=(98.02 deg) Deviation=(None) Variation=(None) Reference=("1")

0  : pgn=127245 line=Rx 10319088 09 f1 0d 00 00 f8 ff 7f 00 00 ff ff
source=0: pgn=Rudder(127245): values=Instance=(0) DirectionOrder=("0") AngleOrder=(None) Position=(0.00 deg)

0  : pgn=65359  line=Rx 10319095 1c ff 4f 00 3b 9f ff ff ff d4 42 ff
source=0: pgn=Seatalk: Pilot Heading(65359): values=ManufacturerCode=(1851) IndustryCode=(4) HeadingTrue=(None) HeadingMagnetic=(98.02 deg)

32 : pgn=128259 line=Rx 10319101 09 f5 03 20 ce 23 01 ff ff ff ff ff
source=32: pgn=Speed(128259): values=SpeedWaterReferenced=(2.91 m/s) SpeedGroundReferenced=(None) SpeedWaterReferencedType=(None) SpeedDirection=(None)

0  : pgn=126975 line=Rx 10319105 1d ef ff 00 20 08 3b 9f f0 81 9c 11
0  : pgn=126975 line=Rx 10319107 1d ef ff 00 21 04 00 ff ff ff ff ff
1  : pgn=129038 line=Rx 10319114 11 f8 0e 01 80 1b c1 7c 61 df 15 4a
1  : pgn=129038 line=Rx 10319114 11 f8 0e 01 81 65 0f b7 eb 61 68 1c
1  : pgn=129038 line=Rx 10319115 11 f8 0e 01 82 10 1c 08 00 00 00 00
1  : pgn=129038 line=Rx 10319115 11 f8 0e 01 83 00 ff ff ff 7f f0 fe
3  : pgn=129026 line=Tx 10319164 09 f8 02 03 ff fc 56 4b 4e 01 ff ff
source=3: pgn=COG & SOG, Rapid Update(129026): values=COGReference=("0") COG=(110.50 deg) SOG=(3.34 m/s)

3  : pgn=130577 line=Tx 10319164 0d fe 11 03 a0 0e c0 7e 56 4b 4e 01
3  : pgn=130577 line=Tx 10319164 0d fe 11 03 a1 ff ff ff ff 9d 39 34
3  : pgn=130577 line=Tx 10319164 0d fe 11 03 a2 00 ff ff ff ff ff ff
3  : pgn=129025 line=Tx 10319164 09 f8 01 03 34 6f 6f 1c 0b 8d fd b6
3  : pgn=130306 line=Tx 10319164 09 fd 02 03 ff ea 02 ce c9 fa ff ff
source=3: pgn=Wind Data(130306): values=WindSpeed=(7.46 m/s) WindAngle=(296.00 deg) Reference=("2")

0  : pgn=127250 line=Rx 10319197 09 f1 12 00 ff ce 42 ff 7f ff 7f fd
source=0: pgn=Vessel Heading(127250): values=Heading=(97.99 deg) Deviation=(None) Variation=(None) Reference=("1")

0  : pgn=127245 line=Rx 10319198 09 f1 0d 00 00 f8 ff 7f 00 00 ff ff
source=0: pgn=Rudder(127245): values=Instance=(0) DirectionOrder=("0") AngleOrder=(None) Position=(0.00 deg)

0  : pgn=65359  line=Rx 10319202 1c ff 4f 00 3b 9f ff ff ff ce 42 ff
source=0: pgn=Seatalk: Pilot Heading(65359): values=ManufacturerCode=(1851) IndustryCode=(4) HeadingTrue=(None) HeadingMagnetic=(97.99 deg)

32 : pgn=128259 line=Rx 10319204 09 f5 03 20 cf 26 01 ff ff ff ff ff
source=32: pgn=Speed(128259): values=SpeedWaterReferenced=(2.94 m/s) SpeedGroundReferenced=(None) SpeedWaterReferencedType=(None) SpeedDirection=(None)

32 : pgn=130310 line=Rx 10319207 15 fd 06 20 c5 ff ff ff ff ff ff ff
source=32: pgn=Environmental Parameters (obsolete)(130310): values=WaterTemperature=(None) OutsideAmbientAirTemperature=(None) AtmosphericPressure=(None)

32 : pgn=128275 line=Rx 10319215 19 f5 13 20 e0 0e ff ff ff ff ff ff
32 : pgn=128275 line=Rx 10319220 19 f5 13 20 e1 d3 ad 3c 00 d3 ad 3c
32 : pgn=128275 line=Rx 10319225 19 f5 13 20 e2 00 ff ff ff ff ff ff
32 : pgn=130846 line=Rx 10319235 1d ff 1e 20 e0 0c 3b 9f 04 01 35 56
1  : pgn=129039 line=Rx 10319236 11 f8 0f 01 a0 1a 12 1b 07 27 14 ee
1  : pgn=129039 line=Rx 10319237 11 f8 0f 01 a1 f7 15 b7 9a f9 63 1c
1  : pgn=129039 line=Rx 10319238 11 f8 0f 01 a2 10 d6 22 00 00 03 00
1  : pgn=129039 line=Rx 10319238 11 f8 0f 01 a3 00 ff ff 00 fc ff ff
32 : pgn=130846 line=Rx 10319240 1d ff 1e 20 e1 07 09 15 00 d8 04 ff
source=32: pgn=Furuno: Motion Sensor Status Extended(130846): values=ManufacturerCode=(2017) IndustryCode=(0)

3  : pgn=129283 line=Tx 10319264 0d f9 03 03 ff 7f ff ff ff 7f ff ff
source=3: pgn=Cross Track Error(129283): values=XTEmode=(None) NavigationTerminated=("1") XTE=(None)

3  : pgn=129025 line=Tx 10319264 09 f8 01 03 34 6f 6f 1c 0b 8d fd b6
source=3: pgn=Position, Rapid Update(129025): values=Latitude=(47.7065012 deg) Longitude=(-122.4897269 deg)

3  : pgn=128267 line=Tx 10319264 0d f5 0b 03 ff 45 3d 00 00 00 00 ff
source=3: pgn=Water Depth(128267): values=Depth=(156.85 m) Offset=(0.0 m) Range=(None)

1  : pgn=59936  line=Rx 10319266 18 ea 20 01 00 ee 00 00 00 00 00 00
0  : pgn=127250 line=Rx 10319285 09 f1 12 00 ff d6 42 ff 7f ff 7f fd
source=0: pgn=Vessel Heading(127250): values=Heading=(98.03 deg) Deviation=(None) Variation=(None) Reference=("1")

0  : pgn=127245 line=Rx 10319286 09 f1 0d 00 00 f8 ff 7f 00 00 ff ff
source=0: pgn=Rudder(127245): values=Instance=(0) DirectionOrder=("0") AngleOrder=(None) Position=(0.00 deg)

0  : pgn=65359  line=Rx 10319293 1c ff 4f 00 3b 9f ff ff ff d6 42 ff
source=0: pgn=Seatalk: Pilot Heading(65359): values=ManufacturerCode=(1851) IndustryCode=(4) HeadingTrue=(None) HeadingMagnetic=(98.03 deg)

32 : pgn=128259 line=Rx 10319300 09 f5 03 20 d0 2b 01 ff ff ff ff ff
source=32: pgn=Speed(128259): values=SpeedWaterReferenced=(2.99 m/s) SpeedGroundReferenced=(None) SpeedWaterReferencedType=(None) SpeedDirection=(None)

3  : pgn=129026 line=Tx 10319367 09 f8 02 03 ff fc d0 4b 4f 01 ff ff
source=3: pgn=COG & SOG, Rapid Update(129026): values=COGReference=("0") COG=(111.20 deg) SOG=(3.35 m/s)

3  : pgn=129025 line=Tx 10319367 09 f8 01 03 1a 6f 6f 1c 59 8d fd b6
source=3: pgn=Position, Rapid Update(129025): values=Latitude=(47.706498599999996 deg) Longitude=(-122.48971909999999 deg)

3  : pgn=129542 line=Tx 10319367 19 fa 06 03 a0 0f 7e 18 01 00 00 00
3  : pgn=129542 line=Tx 10319367 19 fa 06 03 a1 00 00 00 00 00 00 00
3  : pgn=129542 line=Tx 10319367 19 fa 06 03 a2 00 00 ff ff ff ff ff
3  : pgn=65364  line=Tx 10319367 1c ff 54 03 3b 9f ff 02 88 cc ff ff
0  : pgn=127250 line=Rx 10319395 09 f1 12 00 ff db 42 ff 7f ff 7f fd
source=0: pgn=Vessel Heading(127250): values=Heading=(98.06 deg) Deviation=(None) Variation=(None) Reference=("1")

0  : pgn=127245 line=Rx 10319396 09 f1 0d 00 00 f8 ff 7f 00 00 ff ff
source=0: pgn=Rudder(127245): values=Instance=(0) DirectionOrder=("0") AngleOrder=(None) Position=(0.00 deg)

32 : pgn=128259 line=Rx 10319400 09 f5 03 20 d1 29 01 ff ff ff ff ff
source=32: pgn=Speed(128259): values=SpeedWaterReferenced=(2.97 m/s) SpeedGroundReferenced=(None) SpeedWaterReferencedType=(None) SpeedDirection=(None)

0  : pgn=65359  line=Rx 10319403 1c ff 4f 00 3b 9f ff ff ff db 42 ff
source=0: pgn=Seatalk: Pilot Heading(65359): values=ManufacturerCode=(1851) IndustryCode=(4) HeadingTrue=(None) HeadingMagnetic=(98.06 deg)

4  : pgn=65384  line=Rx 10319406 1c ff 68 04 3b 9f 00 00 00 00 00 00
1  : pgn=129038 line=Rx 10319420 11 f8 0e 01 a0 1b c1 0a 8c db 15 39
1  : pgn=129038 line=Rx 10319420 11 f8 0e 01 a1 a6 fc b6 8a ee 51 1c
1  : pgn=129038 line=Rx 10319421 11 f8 0e 01 a2 15 f7 9d 00 00 00 00
1  : pgn=129038 line=Rx 10319421 11 f8 0e 01 a3 00 da 8f 00 00 f8 fe
1  : pgn=129038 line=Rx 10319450 11 f8 0e 01 c0 1b c3 4e 83 dc 15 93
1  : pgn=129038 line=Rx 10319451 11 f8 0e 01 c1 38 09 b7 ec e9 52 1c
1  : pgn=129038 line=Rx 10319451 11 f8 0e 01 c2 15 3e 38 bb 02 00 00
1  : pgn=129038 line=Rx 10319452 11 f8 0e 01 c3 00 73 32 d2 e5 f0 fe
3  : pgn=129540 line=Tx 10319468 19 fa 04 03 e0 9f a0 ff 0d 03 97 1a
source=3: pgn=GNSS Sats in View(129540): values=RangeResidualMode=(None) SatsinView=(160) PRN=(None) Elevation=(4.47 deg) Azimuth=(39.00 deg) SNR=(0.0 dB) Rangeresiduals=(0) Status=("0")

3  : pgn=129540 line=Tx 10319468 19 fa 04 03 e1 2e 26 00 00 00 00 00
source=3: pgn=GNSS Sats in View(129540): values=RangeResidualMode=("0") SatsinView=(38) PRN=(0) Elevation=(0.00 deg) Azimuth=(0.00 deg) SNR=(0.0 dB) Rangeresiduals=(0) Status=("0")

3  : pgn=129540 line=Tx 10319468 19 fa 04 03 e2 00 f3 0f ff 1d 5c 3d
source=3: pgn=GNSS Sats in View(129540): values=RangeResidualMode=("0") SatsinView=(243) PRN=(15) Elevation=(44.00 deg) Azimuth=(90.00 deg) SNR=(0.0 dB) Rangeresiduals=(0) Status=("0")

3  : pgn=129540 line=Tx 10319468 19 fa 04 03 e3 b8 0b 00 00 00 00 f5
source=3: pgn=GNSS Sats in View(129540): values=RangeResidualMode=("0") SatsinView=(11) PRN=(0) Elevation=(0.00 deg) Azimuth=(359.36 deg) SNR=(0.0 dB) Rangeresiduals=(0) Status=("0")

3  : pgn=129540 line=Tx 10319468 19 fa 04 03 e4 10 17 13 71 b9 ac 0d
source=3: pgn=GNSS Sats in View(129540): values=RangeResidualMode=("0") SatsinView=(23) PRN=(19) Elevation=(-103.49 deg) Azimuth=(20.05 deg) SNR=(0.0 dB) Rangeresiduals=(0) Status=("0")

3  : pgn=129540 line=Tx 10319468 19 fa 04 03 e5 00 00 00 00 f5 12 c5
source=3: pgn=GNSS Sats in View(129540): values=RangeResidualMode=("0") SatsinView=(0) PRN=(0) Elevation=(-16.13 deg) Azimuth=(289.06 deg) SNR=(0.0 dB) Rangeresiduals=(0) Status=("0")

3  : pgn=129540 line=Tx 10319468 19 fa 04 03 e6 31 f2 93 48 0d 00 00
source=3: pgn=GNSS Sats in View(129540): values=RangeResidualMode=("1") SatsinView=(242) PRN=(147) Elevation=(19.48 deg) Azimuth=(0.00 deg) SNR=(0.0 dB) Rangeresiduals=(0) Status=("0")

3  : pgn=129540 line=Tx 10319468 19 fa 04 03 e7 00 00 f5 13 69 03 1f
source=3: pgn=GNSS Sats in View(129540): values=RangeResidualMode=("0") SatsinView=(0) PRN=(245) Elevation=(154.12 deg) Azimuth=(45.49 deg) SNR=(0.0 dB) Rangeresiduals=(0) Status=("0")

3  : pgn=129540 line=Tx 10319468 19 fa 04 03 e8 d8 74 0e 00 00 00 00
source=3: pgn=GNSS Sats in View(129540): values=RangeResidualMode=("0") SatsinView=(116) PRN=(14) Elevation=(0.00 deg) Azimuth=(0.00 deg) SNR=(0.0 dB) Rangeresiduals=(0) Status=("0")

3  : pgn=129540 line=Tx 10319468 19 fa 04 03 e9 f5 15 e8 37 ba 20 10
source=3: pgn=GNSS Sats in View(129540): values=RangeResidualMode=("1") SatsinView=(21) PRN=(232) Elevation=(-102.36 deg) Azimuth=(23.65 deg) SNR=(0.0 dB) Rangeresiduals=(0) Status=("0")

3  : pgn=129540 line=Tx 10319468 19 fa 04 03 ea 0e 00 00 00 00 f5 16
source=3: pgn=GNSS Sats in View(129540): values=RangeResidualMode=("0") SatsinView=(0) PRN=(0) Elevation=(0.00 deg) Azimuth=(33.67 deg) SNR=(0.0 dB) Rangeresiduals=(0) Status=("0")

3  : pgn=129540 line=Tx 10319469 19 fa 04 03 eb d1 15 cf 9c d8 0e 00
source=3: pgn=GNSS Sats in View(129540): values=RangeResidualMode=("1") SatsinView=(21) PRN=(207) Elevation=(-57.78 deg) Azimuth=(0.08 deg) SNR=(0.0 dB) Rangeresiduals=(0) Status=("0")

3  : pgn=129540 line=Tx 10319470 19 fa 04 03 ec 00 00 00 f5 1a ae 0f
source=3: pgn=GNSS Sats in View(129540): values=RangeResidualMode=("0") SatsinView=(0) PRN=(0) Elevation=(39.54 deg) Azimuth=(23.00 deg) SNR=(0.0 dB) Rangeresiduals=(0) Status=("0")

3  : pgn=129540 line=Tx 10319471 19 fa 04 03 ed 5d 1f 74 0e 00 00 00
source=3: pgn=GNSS Sats in View(129540): values=RangeResidualMode=("1") SatsinView=(31) PRN=(116) Elevation=(0.08 deg) Azimuth=(0.00 deg) SNR=(0.0 dB) Rangeresiduals=(0) Status=("0")

3  : pgn=129540 line=Tx 10319471 19 fa 04 03 ee 00 f5 1b d1 15 ab d2
source=3: pgn=GNSS Sats in View(129540): values=RangeResidualMode=("0") SatsinView=(245) PRN=(27) Elevation=(32.00 deg) Azimuth=(309.00 deg) SNR=(0.0 dB) Rangeresiduals=(0) Status=("0")

3  : pgn=129540 line=Tx 10319472 19 fa 04 03 ef 74 0e 00 00 00 00 f5
source=3: pgn=GNSS Sats in View(129540): values=RangeResidualMode=("0") SatsinView=(14) PRN=(0) Elevation=(0.00 deg) Azimuth=(359.36 deg) SNR=(0.0 dB) Rangeresiduals=(0) Status=("0")

3  : pgn=129540 line=Tx 10319473 19 fa 04 03 f0 1d 00 0f a1 67 f0 0a
source=3: pgn=GNSS Sats in View(129540): values=RangeResidualMode=("1") SatsinView=(0) PRN=(15) Elevation=(152.00 deg) Azimuth=(16.04 deg) SNR=(0.0 dB) Rangeresiduals=(0) Status=("0")

3  : pgn=129540 line=Tx 10319474 19 fa 04 03 f1 00 00 00 00 f5 23 d1
source=3: pgn=GNSS Sats in View(129540): values=RangeResidualMode=("0") SatsinView=(0) PRN=(0) Elevation=(-16.13 deg) Azimuth=(306.76 deg) SNR=(0.0 dB) Rangeresiduals=(0) Status=("0")

3  : pgn=129540 line=Tx 10319474 19 fa 04 03 f2 15 c3 8b 00 00 00 00
source=3: pgn=GNSS Sats in View(129540): values=RangeResidualMode=("1") SatsinView=(195) PRN=(139) Elevation=(0.00 deg) Azimuth=(0.00 deg) SNR=(0.0 dB) Rangeresiduals=(0) Status=("0")

3  : pgn=129540 line=Tx 10319475 19 fa 04 03 f3 00 00 f3 30 2e 17 43
source=3: pgn=GNSS Sats in View(129540): values=RangeResidualMode=("0") SatsinView=(0) PRN=(243) Elevation=(67.75 deg) Azimuth=(98.41 deg) SNR=(0.0 dB) Rangeresiduals=(0) Status=("0")

3  : pgn=129540 line=Tx 10319476 19 fa 04 03 f4 84 d8 0e 00 00 00 00
source=3: pgn=GNSS Sats in View(129540): values=RangeResidualMode=("0") SatsinView=(216) PRN=(14) Elevation=(0.00 deg) Azimuth=(0.00 deg) SNR=(0.0 dB) Rangeresiduals=(0) Status=("0")

3  : pgn=129540 line=Tx 10319477 19 fa 04 03 f5 f5 33 80 16 67 6c 48
source=3: pgn=GNSS Sats in View(129540): values=RangeResidualMode=("1") SatsinView=(51) PRN=(128) Elevation=(151.20 deg) Azimuth=(106.23 deg) SNR=(0.0 dB) Rangeresiduals=(0) Status=("0")

3  : pgn=129540 line=Tx 10319478 19 fa 04 03 f6 0d 00 00 00 00 f5 ff
source=3: pgn=GNSS Sats in View(129540): values=RangeResidualMode=("1") SatsinView=(0) PRN=(0) Elevation=(0.00 deg) Azimuth=(375.43 deg) SNR=(0.0 dB) Rangeresiduals=(0) Status=("0")

3  : pgn=129025 line=Tx 10319479 09 f8 01 03 1a 6f 6f 1c 59 8d fd b6
source=3: pgn=Position, Rapid Update(129025): values=Latitude=(47.706498599999996 deg) Longitude=(-122.48971909999999 deg)

3  : pgn=127258 line=Tx 10319480 19 f1 1a 03 ff f6 12 39 fa 0a ff ff
source=3: pgn=Magnetic Variation(127258): values=Source=("6") Ageofservice=(14610 d) Variation=(16.10 deg)

3  : pgn=65311  line=Tx 10319480 1c ff 1f 03 3b 9f ff fa 0a ff ff ff
0  : pgn=127250 line=Rx 10319497 09 f1 12 00 ff e2 42 ff 7f ff 7f fd
source=0: pgn=Vessel Heading(127250): values=Heading=(98.10 deg) Deviation=(None) Variation=(None) Reference=("1")

0  : pgn=127245 line=Rx 10319498 09 f1 0d 00 00 f8 ff 7f 00 00 ff ff
source=0: pgn=Rudder(127245): values=Instance=(0) DirectionOrder=("0") AngleOrder=(None) Position=(0.00 deg)

32 : pgn=128259 line=Rx 10319499 09 f5 03 20 d2 2c 01 ff ff ff ff ff
source=32: pgn=Speed(128259): values=SpeedWaterReferenced=(3.0 m/s) SpeedGroundReferenced=(None) SpeedWaterReferencedType=(None) SpeedDirection=(None)

0  : pgn=65359  line=Rx 10319507 1c ff 4f 00 3b 9f ff ff ff e2 42 ff
source=0: pgn=Seatalk: Pilot Heading(65359): values=ManufacturerCode=(1851) IndustryCode=(4) HeadingTrue=(None) HeadingMagnetic=(98.10 deg)

1  : pgn=129038 line=Rx 10319510 11 f8 0e 01 e0 1b c1 88 b4 f3 15 1b
1  : pgn=129038 line=Rx 10319511 11 f8 0e 01 e1 f9 0d b7 7e c6 63 1c
1  : pgn=129038 line=Rx 10319511 11 f8 0e 01 e2 19 c2 b5 00 00 00 00
1  : pgn=129038 line=Rx 10319511 11 f8 0e 01 e3 00 b7 7a 00 00 f0 fe
3  : pgn=129026 line=Tx 10319568 09 f8 02 03 ff fc d0 4b 4f 01 ff ff
source=3: pgn=COG & SOG, Rapid Update(129026): values=COGReference=("0") COG=(111.20 deg) SOG=(3.35 m/s)

3  : pgn=129025 line=Tx 10319568 09 f8 01 03 1a 6f 6f 1c 59 8d fd b6
source=3: pgn=Position, Rapid Update(129025): values=Latitude=(47.706498599999996 deg) Longitude=(-122.48971909999999 deg)

0  : pgn=127250 line=Rx 10319594 09 f1 12 00 ff e4 42 ff 7f ff 7f fd
source=0: pgn=Vessel Heading(127250): values=Heading=(98.11 deg) Deviation=(None) Variation=(None) Reference=("1")

0  : pgn=127245 line=Rx 10319595 09 f1 0d 00 00 f8 ff 7f 00 00 ff ff
source=0: pgn=Rudder(127245): values=Instance=(0) DirectionOrder=("0") AngleOrder=(None) Position=(0.00 deg)

32 : pgn=128259 line=Rx 10319598 09 f5 03 20 d3 2b 01 ff ff ff ff ff
source=32: pgn=Speed(128259): values=SpeedWaterReferenced=(2.99 m/s) SpeedGroundReferenced=(None) SpeedWaterReferencedType=(None) SpeedDirection=(None)

0  : pgn=65379  line=Rx 10319602 1c ff 63 00 3b 9f 00 00 00 00 01 ff
source=0: pgn=Seatalk: Pilot Mode(65379): values=ManufacturerCode=(1851) IndustryCode=(4) PilotMode=(0) SubMode=(0) PilotModeData=(0)

0  : pgn=65359  line=Rx 10319603 1c ff 4f 00 3b 9f ff ff ff e4 42 ff
source=0: pgn=Seatalk: Pilot Heading(65359): values=ManufacturerCode=(1851) IndustryCode=(4) HeadingTrue=(None) HeadingMagnetic=(98.11 deg)

0  : pgn=126975 line=Rx 10319612 1d ef ff 00 40 0d 3b 9f f0 81 84 16
0  : pgn=126975 line=Rx 10319613 1d ef ff 00 41 44 10 00 00 00 02 05
1  : pgn=129038 line=Rx 10319664 11 f8 0e 01 00 1b c1 70 64 01 16 cb
1  : pgn=129038 line=Rx 10319664 11 f8 0e 01 01 36 0c b7 19 47 69 1c
1  : pgn=129038 line=Rx 10319664 11 f8 0e 01 02 10 93 b9 00 00 01 00
source=1: pgn=AIS Class A Position Report(129038): values=MessageID=(2) RepeatIndicator=("0") UserID=(12161808) Longitude=(0.0 deg) Latitude=(0.0 deg) PositionAccuracy=("0") RAIM=("0") TimeStamp=("0") COG=(0.00 deg) SOG=(0.0 m/s) CommunicationState=(0) AISTransceiverinformation=("0") Heading=(0.00 deg) RateofTurn=(0.00 deg/s) NavStatus=("0") SpecialManeuverIndicator=("0") Spare=(0) SequenceID=(0)

1  : pgn=129038 line=Rx 10319665 11 f8 0e 01 03 08 fd 77 ff ff f0 fe
source=1: pgn=AIS Class A Position Report(129038): values=MessageID=(3) RepeatIndicator=("0") UserID=(4286053640) Longitude=(0.0 deg) Latitude=(0.0 deg) PositionAccuracy=("0") RAIM=("0") TimeStamp=("0") COG=(0.00 deg) SOG=(0.0 m/s) CommunicationState=(0) AISTransceiverinformation=("0") Heading=(0.00 deg) RateofTurn=(0.00 deg/s) NavStatus=("0") SpecialManeuverIndicator=("0") Spare=(0) SequenceID=(0)

3  : pgn=129029 line=Tx 10319671 0d f8 05 03 a0 2b 7e 06 40 40 38 10
3  : pgn=129029 line=Tx 10319671 0d f8 05 03 a1 2c 00 a2 c5 00 0d e0
3  : pgn=129029 line=Tx 10319671 0d f8 05 03 a2 9e 06 00 40 00 24 8f
3  : pgn=129029 line=Tx 10319671 0d f8 05 03 a3 4a 00 ef ff ff ff ff
3  : pgn=129029 line=Tx 10319671 0d f8 05 03 a4 ff ff ff 7f 23 fc 09
3  : pgn=129029 line=Tx 10319671 0d f8 05 03 a5 54 00 ff 7f ff ff ff
3  : pgn=129029 line=Tx 10319671 0d f8 05 03 a6 7f 00 ff ff ff ff ff
3  : pgn=129025 line=Tx 10319671 09 f8 01 03 fd 6e 6f 1c a0 8d fd b6
source=3: pgn=Position, Rapid Update(129025): values=Latitude=(47.7064957 deg) Longitude=(-122.489712 deg)

3  : pgn=129033 line=Tx 10319671 0d f8 09 03 06 40 40 38 10 2c 5c fe
source=3: pgn=Time & Date(129033): values=Date=(16390 d) Time=(73926.04800000001 s) LocalOffset=(-25200.0 s)

0  : pgn=127250 line=Rx 10319697 09 f1 12 00 ff e4 42 ff 7f ff 7f fd
source=0: pgn=Vessel Heading(127250): values=Heading=(98.11 deg) Deviation=(None) Variation=(None) Reference=("1")

0  : pgn=127245 line=Rx 10319697 09 f1 0d 00 00 f8 ff 7f 00 00 ff ff
source=0: pgn=Rudder(127245): values=Instance=(0) DirectionOrder=("0") AngleOrder=(None) Position=(0.00 deg)

32 : pgn=128259 line=Rx 10319698 09 f5 03 20 d4 2b 01 ff ff ff ff ff
source=32: pgn=Speed(128259): values=SpeedWaterReferenced=(2.99 m/s) SpeedGroundReferenced=(None) SpeedWaterReferencedType=(None) SpeedDirection=(None)

0  : pgn=65359  line=Rx 10319707 1c ff 4f 00 3b 9f ff ff ff e4 42 ff
source=0: pgn=Seatalk: Pilot Heading(65359): values=ManufacturerCode=(1851) IndustryCode=(4) HeadingTrue=(None) HeadingMagnetic=(98.11 deg)

0  : pgn=126975 line=Rx 10319721 1d ef ff 00 60 09 3b 9f f0 81 ae 02
0  : pgn=126975 line=Rx 10319723 1d ef ff 00 61 00 08 00 ff ff ff ff
1  : pgn=129038 line=Rx 10319757 11 f8 0e 01 20 1b c3 50 e0 e6 15 a4
1  : pgn=129038 line=Rx 10319758 11 f8 0e 01 21 85 ca b6 0d 73 67 1c
1  : pgn=129038 line=Rx 10319758 11 f8 0e 01 22 14 c4 52 05 00 00 00
1  : pgn=129038 line=Rx 10319759 11 f8 0e 01 23 00 f3 2a d2 e5 ff fe
1  : pgn=129038 line=Rx 10319760 11 f8 0e 01 40 1b c1 aa eb e0 15 25
1  : pgn=129038 line=Rx 10319760 11 f8 0e 01 41 20 0e b7 5e 3c 68 1c
1  : pgn=129038 line=Rx 10319761 11 f8 0e 01 42 14 97 0b 00 00 00 00
1  : pgn=129038 line=Rx 10319761 11 f8 0e 01 43 00 ff ff ff 7f f8 fe
3  : pgn=129026 line=Tx 10319771 09 f8 02 03 ff fc 5c 4c 4f 01 ff ff
source=3: pgn=COG & SOG, Rapid Update(129026): values=COGReference=("0") COG=(112.00 deg) SOG=(3.35 m/s)

3  : pgn=129025 line=Tx 10319771 09 f8 01 03 fd 6e 6f 1c a0 8d fd b6
source=3: pgn=Position, Rapid Update(129025): values=Latitude=(47.7064957 deg) Longitude=(-122.489712 deg)

3  : pgn=126992 line=Tx 10319771 0d f0 10 03 ff ff 06 40 40 38 10 2c
source=3: pgn=System Time(126992): values=Source=(None) Date=(16390 d) Time=(73926.04800000001 s)

32 : pgn=128259 line=Rx 10319798 09 f5 03 20 d5 29 01 ff ff ff ff ff
source=32: pgn=Speed(128259): values=SpeedWaterReferenced=(2.97 m/s) SpeedGroundReferenced=(None) SpeedWaterReferencedType=(None) SpeedDirection=(None)

0  : pgn=127250 line=Rx 10319809 09 f1 12 00 ff de 42 ff 7f ff 7f fd
source=0: pgn=Vessel Heading(127250): values=Heading=(98.08 deg) Deviation=(None) Variation=(None) Reference=("1")

0  : pgn=127245 line=Rx 10319810 09 f1 0d 00 00 f8 ff 7f 00 00 ff ff
source=0: pgn=Rudder(127245): values=Instance=(0) DirectionOrder=("0") AngleOrder=(None) Position=(0.00 deg)

0  : pgn=65359  line=Rx 10319816 1c ff 4f 00 3b 9f ff ff ff de 42 ff
source=0: pgn=Seatalk: Pilot Heading(65359): values=ManufacturerCode=(1851) IndustryCode=(4) HeadingTrue=(None) HeadingMagnetic=(98.08 deg)

3  : pgn=129025 line=Tx 10319871 09 f8 01 03 fd 6e 6f 1c a0 8d fd b6
source=3: pgn=Position, Rapid Update(129025): values=Latitude=(47.7064957 deg) Longitude=(-122.489712 deg)

0  : pgn=127250 line=Rx 10319885 09 f1 12 00 ff d8 42 ff 7f ff 7f fd
source=0: pgn=Vessel Heading(127250): values=Heading=(98.04 deg) Deviation=(None) Variation=(None) Reference=("1")

0  : pgn=127245 line=Rx 10319886 09 f1 0d 00 00 f8 ff 7f 00 00 ff ff
source=0: pgn=Rudder(127245): values=Instance=(0) DirectionOrder=("0") AngleOrder=(None) Position=(0.00 deg)

0  : pgn=65359  line=Rx 10319893 1c ff 4f 00 3b 9f ff ff ff d8 42 ff
source=0: pgn=Seatalk: Pilot Heading(65359): values=ManufacturerCode=(1851) IndustryCode=(4) HeadingTrue=(None) HeadingMagnetic=(98.04 deg)

32 : pgn=128259 line=Rx 10319897 09 f5 03 20 d6 26 01 ff ff ff ff ff
source=32: pgn=Speed(128259): values=SpeedWaterReferenced=(2.94 m/s) SpeedGroundReferenced=(None) SpeedWaterReferencedType=(None) SpeedDirection=(None)

1  : pgn=129038 line=Rx 10319909 11 f8 0e 01 60 1b c1 a8 2c e8 15 b8
1  : pgn=129038 line=Rx 10319909 11 f8 0e 01 61 c9 0c b7 97 75 69 1c
1  : pgn=129038 line=Rx 10319910 11 f8 0e 01 62 14 d1 0f 00 00 00 00
1  : pgn=129038 line=Rx 10319910 11 f8 0e 01 63 00 ff ff ff 7f ff fe
3  : pgn=129026 line=Tx 10319972 09 f8 02 03 ff fc a2 4c 4e 01 ff ff
source=3: pgn=COG & SOG, Rapid Update(129026): values=COGReference=("0") COG=(112.40 deg) SOG=(3.34 m/s)

3  : pgn=129025 line=Tx 10319972 09 f8 01 03 d9 6e 6f 1c 2d 8e fd b6
source=3: pgn=Position, Rapid Update(129025): values=Latitude=(47.7064921 deg) Longitude=(-122.4896979 deg)

3  : pgn=129291 line=Tx 10319972 0d f9 0b 03 ff fc 9d 39 34 00 ff ff
source=3: pgn=Set & Drift, Rapid Update(129291): values=SetReference=("0") Set=(84.51 deg) Drift=(0.52 m/s)

3  : pgn=65362  line=Tx 10319972 1c ff 52 03 3b 9f 90 9d ff ff ff ff
32 : pgn=128259 line=Rx 10319996 09 f5 03 20 d7 2c 01 ff ff ff ff ff
source=32: pgn=Speed(128259): values=SpeedWaterReferenced=(3.0 m/s) SpeedGroundReferenced=(None) SpeedWaterReferencedType=(None) SpeedDirection=(None)

0  : pgn=127250 line=Rx 10320002 09 f1 12 00 ff c9 42 ff 7f ff 7f fd
source=0: pgn=Vessel Heading(127250): values=Heading=(97.96 deg) Deviation=(None) Variation=(None) Reference=("1")

0  : pgn=127245 line=Rx 10320002 09 f1 0d 00 00 f8 ff 7f 00 00 ff ff
source=0: pgn=Rudder(127245): values=Instance=(0) DirectionOrder=("0") AngleOrder=(None) Position=(0.00 deg)

0  : pgn=65359  line=Rx 10320006 1c ff 4f 00 3b 9f ff ff ff c9 42 ff
source=0: pgn=Seatalk: Pilot Heading(65359): values=ManufacturerCode=(1851) IndustryCode=(4) HeadingTrue=(None) HeadingMagnetic=(97.96 deg)

3  : pgn=129025 line=Tx 10320072 09 f8 01 03 d9 6e 6f 1c 2d 8e fd b6
source=3: pgn=Position, Rapid Update(129025): values=Latitude=(47.7064921 deg) Longitude=(-122.4896979 deg)

0  : pgn=127250 line=Rx 10320089 09 f1 12 00 ff b5 42 ff 7f ff 7f fd
source=0: pgn=Vessel Heading(127250): values=Heading=(97.84 deg) Deviation=(None) Variation=(None) Reference=("1")

0  : pgn=127245 line=Rx 10320089 09 f1 0d 00 00 f8 ff 7f 00 00 ff ff
source=0: pgn=Rudder(127245): values=Instance=(0) DirectionOrder=("0") AngleOrder=(None) Position=(0.00 deg)

32 : pgn=128259 line=Rx 10320096 09 f5 03 20 d8 1f 01 ff ff ff ff ff
source=32: pgn=Speed(128259): values=SpeedWaterReferenced=(2.87 m/s) SpeedGroundReferenced=(None) SpeedWaterReferencedType=(None) SpeedDirection=(None)

0  : pgn=65359  line=Rx 10320097 1c ff 4f 00 3b 9f ff ff ff b5 42 ff
source=0: pgn=Seatalk: Pilot Heading(65359): values=ManufacturerCode=(1851) IndustryCode=(4) HeadingTrue=(None) HeadingMagnetic=(97.84 deg)

0  : pgn=126975 line=Rx 10320100 1d ef ff 00 80 08 3b 9f f0 81 9c 11
0  : pgn=126975 line=Rx 10320102 1d ef ff 00 81 04 00 ff ff ff ff ff
1  : pgn=129038 line=Rx 10320120 11 f8 0e 01 80 1b c3 fa 89 e8 15 73
1  : pgn=129038 line=Rx 10320120 11 f8 0e 01 81 6c 13 b7 56 73 60 1c
1  : pgn=129038 line=Rx 10320121 11 f8 0e 01 82 18 e4 d6 7c 01 00 00
1  : pgn=129038 line=Rx 10320121 11 f8 0e 01 83 00 c1 d6 00 00 ff fe
3  : pgn=129026 line=Tx 10320173 09 f8 02 03 ff fc a2 4c 4e 01 ff ff
source=3: pgn=COG & SOG, Rapid Update(129026): values=COGReference=("0") COG=(112.40 deg) SOG=(3.34 m/s)

3  : pgn=130577 line=Tx 10320173 0d fe 11 03 c0 0e c0 7f a2 4c 4e 01
3  : pgn=130577 line=Tx 10320173 0d fe 11 03 c1 ff ff ff ff cb 42 23
3  : pgn=130577 line=Tx 10320173 0d fe 11 03 c2 00 ff ff ff ff ff ff
3  : pgn=129025 line=Tx 10320173 09 f8 01 03 c3 6e 6f 1c 76 8e fd b6
3  : pgn=130306 line=Tx 10320173 09 fd 02 03 ff ff 02 88 cc fa ff ff
source=3: pgn=Wind Data(130306): values=WindSpeed=(7.67 m/s) WindAngle=(300.00 deg) Reference=("2")

32 : pgn=128259 line=Rx 10320198 09 f5 03 20 d9 1a 01 ff ff ff ff ff
source=32: pgn=Speed(128259): values=SpeedWaterReferenced=(2.82 m/s) SpeedGroundReferenced=(None) SpeedWaterReferencedType=(None) SpeedDirection=(None)

32 : pgn=130310 line=Rx 10320201 15 fd 06 20 c6 ff ff ff ff ff ff ff
source=32: pgn=Environmental Parameters (obsolete)(130310): values=WaterTemperature=(None) OutsideAmbientAirTemperature=(None) AtmosphericPressure=(None)

32 : pgn=128275 line=Rx 10320211 19 f5 13 20 00 0e ff ff ff ff ff ff
source=32: pgn=Distance Log(128275): values=Date=(3584 d) Time=(None) Log=(0 m) TripLog=(0 m)

0  : pgn=127250 line=Rx 10320212 09 f1 12 00 ff a8 42 ff 7f ff 7f fd
source=0: pgn=Vessel Heading(127250): values=Heading=(97.77 deg) Deviation=(None) Variation=(None) Reference=("1")

0  : pgn=127245 line=Rx 10320213 09 f1 0d 00 00 f8 ff 7f 00 00 ff ff
source=0: pgn=Rudder(127245): values=Instance=(0) DirectionOrder=("0") AngleOrder=(None) Position=(0.00 deg)

32 : pgn=128275 line=Rx 10320216 19 f5 13 20 01 d3 ad 3c 00 d3 ad 3c
source=32: pgn=Distance Log(128275): values=Date=(54017 d) Time=(354000.81090000004 s) Log=(0 m) TripLog=(0 m)

0  : pgn=65359  line=Rx 10320218 1c ff 4f 00 3b 9f ff ff ff a8 42 ff
source=0: pgn=Seatalk: Pilot Heading(65359): values=ManufacturerCode=(1851) IndustryCode=(4) HeadingTrue=(None) HeadingMagnetic=(97.77 deg)

32 : pgn=128275 line=Rx 10320220 19 f5 13 20 02 00 ff ff ff ff ff ff
source=32: pgn=Distance Log(128275): values=Date=(2 d) Time=(None) Log=(0 m) TripLog=(0 m)

1  : pgn=59936  line=Rx 10320239 18 ea 20 01 00 ee 00 00 00 00 00 00
1  : pgn=129038 line=Rx 10320271 11 f8 0e 01 a0 1b c1 da 4c dc 15 70
1  : pgn=129038 line=Rx 10320272 11 f8 0e 01 a1 a7 08 b7 82 77 5f 1c
1  : pgn=129038 line=Rx 10320272 11 f8 0e 01 a2 19 b6 b3 9d 03 00 00
3  : pgn=129283 line=Tx 10320273 0d f9 03 03 ff 7f ff ff ff 7f ff ff
source=3: pgn=Cross Track Error(129283): values=XTEmode=(None) NavigationTerminated=("1") XTE=(None)

3  : pgn=129025 line=Tx 10320273 09 f8 01 03 c3 6e 6f 1c 76 8e fd b6
source=3: pgn=Position, Rapid Update(129025): values=Latitude=(47.7064899 deg) Longitude=(-122.48969059999999 deg)

3  : pgn=128267 line=Tx 10320273 0d f5 0b 03 ff 4e 3d 00 00 00 00 ff
source=3: pgn=Water Depth(128267): values=Depth=(156.94 m) Offset=(0.0 m) Range=(None)

1  : pgn=129038 line=Rx 10320273 11 f8 0e 01 a3 00 fc b3 00 00 ff fe
0  : pgn=127250 line=Rx 10320285 09 f1 12 00 ff 88 42 ff 7f ff 7f fd
source=0: pgn=Vessel Heading(127250): values=Heading=(97.59 deg) Deviation=(None) Variation=(None) Reference=("1")

0  : pgn=127245 line=Rx 10320286 09 f1 0d 00 00 f8 ff 7f 00 00 ff ff
source=0: pgn=Rudder(127245): values=Instance=(0) DirectionOrder=("0") AngleOrder=(None) Position=(0.00 deg)

0  : pgn=65359  line=Rx 10320293 1c ff 4f 00 3b 9f ff ff ff 88 42 ff
source=0: pgn=Seatalk: Pilot Heading(65359): values=ManufacturerCode=(1851) IndustryCode=(4) HeadingTrue=(None) HeadingMagnetic=(97.59 deg)

32 : pgn=128259 line=Rx 10320295 09 f5 03 20 da 18 01 ff ff ff ff ff
source=32: pgn=Speed(128259): values=SpeedWaterReferenced=(2.8000000000000003 m/s) SpeedGroundReferenced=(None) SpeedWaterReferencedType=(None) SpeedDirection=(None)

1  : pgn=129038 line=Rx 10320364 11 f8 0e 01 c0 1b c1 58 f2 20 0d 77
1  : pgn=129038 line=Rx 10320365 11 f8 0e 01 c1 88 13 b7 2f 4d 5d 1c
1  : pgn=129038 line=Rx 10320365 11 f8 0e 01 c2 14 b1 82 25 01 00 00
1  : pgn=129038 line=Rx 10320366 11 f8 0e 01 c3 00 14 7c 00 00 f5 fe
1  : pgn=129038 line=Rx 10320368 11 f8 0e 01 e0 1b c1 8a ff e7 15 2e
1  : pgn=129038 line=Rx 10320368 11 f8 0e 01 e1 66 0e b7 e5 30 68 1c
1  : pgn=129038 line=Rx 10320368 11 f8 0e 01 e2 18 b9 0e 00 00 00 00
1  : pgn=129038 line=Rx 10320368 11 f8 0e 01 e3 00 ff ff ff 7f ff fe
3  : pgn=129026 line=Tx 10320373 09 f8 02 03 ff fc a2 4c 4b 01 ff ff
source=3: pgn=COG & SOG, Rapid Update(129026): values=COGReference=("0") COG=(112.40 deg) SOG=(3.31 m/s)

3  : pgn=129025 line=Tx 10320373 09 f8 01 03 c3 6e 6f 1c 76 8e fd b6
source=3: pgn=Position, Rapid Update(129025): values=Latitude=(47.7064899 deg) Longitude=(-122.48969059999999 deg)

3  : pgn=129542 line=Tx 10320373 19 fa 06 03 c0 0f 7f 10 01 00 00 00
3  : pgn=129542 line=Tx 10320373 19 fa 06 03 c1 00 00 00 00 00 00 00
3  : pgn=129542 line=Tx 10320373 19 fa 06 03 c2 00 00 ff ff ff ff ff
3  : pgn=65364  line=Tx 10320373 1c ff 54 03 3b 9f ea 02 c2 c7 ff ff
3  : pgn=130846 line=Tx 10320373 1d ff 1e 03 00 0c 3b 9f 0b 1a 13 cc
source=3: pgn=Furuno: Motion Sensor Status Extended(130846): values=ManufacturerCode=(1024) IndustryCode=(0)

3  : pgn=130846 line=Tx 10320373 1d ff 1e 03 01 05 01 40 01 ff ff ff
source=3: pgn=Furuno: Motion Sensor Status Extended(130846): values=ManufacturerCode=(1281) IndustryCode=(0)

32 : pgn=128259 line=Rx 10320395 09 f5 03 20 db 22 01 ff ff ff ff ff
source=32: pgn=Speed(128259): values=SpeedWaterReferenced=(2.9 m/s) SpeedGroundReferenced=(None) SpeedWaterReferencedType=(None) SpeedDirection=(None)

4  : pgn=65384  line=Rx 10320406 1c ff 68 04 3b 9f 00 00 00 00 00 00
0  : pgn=127250 line=Rx 10320406 09 f1 12 00 ff 76 42 ff 7f ff 7f fd
source=0: pgn=Vessel Heading(127250): values=Heading=(97.48 deg) Deviation=(None) Variation=(None) Reference=("1")

0  : pgn=127245 line=Rx 10320408 09 f1 0d 00 00 f8 ff 7f 00 00 ff ff
source=0: pgn=Rudder(127245): values=Instance=(0) DirectionOrder=("0") AngleOrder=(None) Position=(0.00 deg)

0  : pgn=65359  line=Rx 10320412 1c ff 4f 00 3b 9f ff ff ff 76 42 ff
source=0: pgn=Seatalk: Pilot Heading(65359): values=ManufacturerCode=(1851) IndustryCode=(4) HeadingTrue=(None) HeadingMagnetic=(97.48 deg)

1  : pgn=129038 line=Rx 10320457 11 f8 0e 01 00 1b c3 ca 4c e7 15 7f
1  : pgn=129038 line=Rx 10320458 11 f8 0e 01 01 16 d5 b6 7e d4 ac 1c
1  : pgn=129038 line=Rx 10320458 11 f8 0e 01 02 1d ad 42 17 02 00 00
1  : pgn=129038 line=Rx 10320459 11 f8 0e 01 03 00 e7 37 d2 e5 f0 fe
3  : pgn=129540 line=Tx 10320474 19 fa 04 03 00 9f a1 ff 0d 03 97 1a
source=3: pgn=GNSS Sats in View(129540): values=RangeResidualMode=(None) SatsinView=(161) PRN=(None) Elevation=(4.47 deg) Azimuth=(39.00 deg) SNR=(0.0 dB) Rangeresiduals=(0) Status=("0")

3  : pgn=129540 line=Tx 10320474 19 fa 04 03 01 2e 26 00 00 00 00 00
source=3: pgn=GNSS Sats in View(129540): values=RangeResidualMode=("0") SatsinView=(38) PRN=(0) Elevation=(0.00 deg) Azimuth=(0.00 deg) SNR=(0.0 dB) Rangeresiduals=(0) Status=("0")

3  : pgn=129540 line=Tx 10320474 19 fa 04 03 02 00 f3 0f ff 1d ad 3c
source=3: pgn=GNSS Sats in View(129540): values=RangeResidualMode=("0") SatsinView=(243) PRN=(15) Elevation=(44.00 deg) Azimuth=(89.00 deg) SNR=(0.0 dB) Rangeresiduals=(0) Status=("0")

3  : pgn=129540 line=Tx 10320474 19 fa 04 03 03 10 0e 00 00 00 00 f5
source=3: pgn=GNSS Sats in View(129540): values=RangeResidualMode=("0") SatsinView=(14) PRN=(0) Elevation=(0.00 deg) Azimuth=(359.36 deg) SNR=(0.0 dB) Rangeresiduals=(0) Status=("0")

3  : pgn=129540 line=Tx 10320474 19 fa 04 03 04 10 17 13 71 b9 74 0e
source=3: pgn=GNSS Sats in View(129540): values=RangeResidualMode=("0") SatsinView=(23) PRN=(19) Elevation=(-103.49 deg) Azimuth=(21.20 deg) SNR=(0.0 dB) Rangeresiduals=(0) Status=("0")

3  : pgn=129540 line=Tx 10320474 19 fa 04 03 05 00 00 00 00 f5 12 c5
source=3: pgn=GNSS Sats in View(129540): values=RangeResidualMode=("0") SatsinView=(0) PRN=(0) Elevation=(-16.13 deg) Azimuth=(289.06 deg) SNR=(0.0 dB) Rangeresiduals=(0) Status=("0")

3  : pgn=129540 line=Tx 10320474 19 fa 04 03 06 31 f2 93 ac 0d 00 00
source=3: pgn=GNSS Sats in View(129540): values=RangeResidualMode=("1") SatsinView=(242) PRN=(147) Elevation=(20.05 deg) Azimuth=(0.00 deg) SNR=(0.0 dB) Rangeresiduals=(0) Status=("0")

3  : pgn=129540 line=Tx 10320474 19 fa 04 03 07 00 00 f5 13 69 03 1f
source=3: pgn=GNSS Sats in View(129540): values=RangeResidualMode=("0") SatsinView=(0) PRN=(245) Elevation=(154.12 deg) Azimuth=(45.49 deg) SNR=(0.0 dB) Rangeresiduals=(0) Status=("0")

3  : pgn=129540 line=Tx 10320474 19 fa 04 03 08 d8 d8 0e 00 00 00 00
source=3: pgn=GNSS Sats in View(129540): values=RangeResidualMode=("0") SatsinView=(216) PRN=(14) Elevation=(0.00 deg) Azimuth=(0.00 deg) SNR=(0.0 dB) Rangeresiduals=(0) Status=("0")

3  : pgn=129540 line=Tx 10320474 19 fa 04 03 09 f5 15 e8 37 ba 20 48
source=3: pgn=GNSS Sats in View(129540): values=RangeResidualMode=("1") SatsinView=(21) PRN=(232) Elevation=(-102.36 deg) Azimuth=(105.79 deg) SNR=(0.0 dB) Rangeresiduals=(0) Status=("0")

3  : pgn=129540 line=Tx 10320474 19 fa 04 03 0a 0d 00 00 00 00 f5 16
source=3: pgn=GNSS Sats in View(129540): values=RangeResidualMode=("1") SatsinView=(0) PRN=(0) Elevation=(0.00 deg) Azimuth=(33.67 deg) SNR=(0.0 dB) Rangeresiduals=(0) Status=("0")

3  : pgn=129540 line=Tx 10320475 19 fa 04 03 0b d1 15 cf 9c cc 10 00
source=3: pgn=GNSS Sats in View(129540): values=RangeResidualMode=("1") SatsinView=(21) PRN=(207) Elevation=(-75.38 deg) Azimuth=(0.09 deg) SNR=(0.0 dB) Rangeresiduals=(0) Status=("0")

3  : pgn=129540 line=Tx 10320476 19 fa 04 03 0c 00 00 00 f5 1a ae 0f
source=3: pgn=GNSS Sats in View(129540): values=RangeResidualMode=("0") SatsinView=(0) PRN=(0) Elevation=(39.54 deg) Azimuth=(23.00 deg) SNR=(0.0 dB) Rangeresiduals=(0) Status=("0")

3  : pgn=129540 line=Tx 10320477 19 fa 04 03 0d 5d 1f 74 0e 00 00 00
source=3: pgn=GNSS Sats in View(129540): values=RangeResidualMode=("1") SatsinView=(31) PRN=(116) Elevation=(0.08 deg) Azimuth=(0.00 deg) SNR=(0.0 dB) Rangeresiduals=(0) Status=("0")

3  : pgn=129540 line=Tx 10320477 19 fa 04 03 0e 00 f5 1b d1 15 ab d2
source=3: pgn=GNSS Sats in View(129540): values=RangeResidualMode=("0") SatsinView=(245) PRN=(27) Elevation=(32.00 deg) Azimuth=(309.00 deg) SNR=(0.0 dB) Rangeresiduals=(0) Status=("0")

3  : pgn=129540 line=Tx 10320478 19 fa 04 03 0f 3c 0f 00 00 00 00 f5
source=3: pgn=GNSS Sats in View(129540): values=RangeResidualMode=("0") SatsinView=(15) PRN=(0) Elevation=(0.00 deg) Azimuth=(359.36 deg) SNR=(0.0 dB) Rangeresiduals=(0) Status=("0")

3  : pgn=129540 line=Tx 10320479 19 fa 04 03 10 1d 00 0f a1 67 f0 0a
source=3: pgn=GNSS Sats in View(129540): values=RangeResidualMode=("1") SatsinView=(0) PRN=(15) Elevation=(152.00 deg) Azimuth=(16.04 deg) SNR=(0.0 dB) Rangeresiduals=(0) Status=("0")

3  : pgn=129540 line=Tx 10320481 19 fa 04 03 11 00 00 00 00 f5 23 d1
source=3: pgn=GNSS Sats in View(129540): values=RangeResidualMode=("0") SatsinView=(0) PRN=(0) Elevation=(-16.13 deg) Azimuth=(306.76 deg) SNR=(0.0 dB) Rangeresiduals=(0) Status=("0")

3  : pgn=129540 line=Tx 10320481 19 fa 04 03 12 15 c3 8b 00 00 00 00
source=3: pgn=GNSS Sats in View(129540): values=RangeResidualMode=("1") SatsinView=(195) PRN=(139) Elevation=(0.00 deg) Azimuth=(0.00 deg) SNR=(0.0 dB) Rangeresiduals=(0) Status=("0")

3  : pgn=129540 line=Tx 10320482 19 fa 04 03 13 00 00 f3 30 2e 17 43
source=3: pgn=GNSS Sats in View(129540): values=RangeResidualMode=("0") SatsinView=(0) PRN=(243) Elevation=(67.75 deg) Azimuth=(98.41 deg) SNR=(0.0 dB) Rangeresiduals=(0) Status=("0")

3  : pgn=129540 line=Tx 10320483 19 fa 04 03 14 84 d8 0e 00 00 00 00
source=3: pgn=GNSS Sats in View(129540): values=RangeResidualMode=("0") SatsinView=(216) PRN=(14) Elevation=(0.00 deg) Azimuth=(0.00 deg) SNR=(0.0 dB) Rangeresiduals=(0) Status=("0")

3  : pgn=129540 line=Tx 10320483 19 fa 04 03 15 f5 33 80 16 67 6c b8
source=3: pgn=GNSS Sats in View(129540): values=RangeResidualMode=("1") SatsinView=(51) PRN=(128) Elevation=(151.20 deg) Azimuth=(270.50 deg) SNR=(0.0 dB) Rangeresiduals=(0) Status=("0")

3  : pgn=129540 line=Tx 10320484 19 fa 04 03 16 0b 00 00 00 00 f5 ff
source=3: pgn=GNSS Sats in View(129540): values=RangeResidualMode=(None) SatsinView=(0) PRN=(0) Elevation=(0.00 deg) Azimuth=(375.43 deg) SNR=(0.0 dB) Rangeresiduals=(0) Status=("0")

3  : pgn=129025 line=Tx 10320485 09 f8 01 03 a8 6e 6f 1c c2 8e fd b6
source=3: pgn=Position, Rapid Update(129025): values=Latitude=(47.7064872 deg) Longitude=(-122.489683 deg)

3  : pgn=127258 line=Tx 10320486 19 f1 1a 03 ff f6 12 39 fa 0a ff ff
source=3: pgn=Magnetic Variation(127258): values=Source=("6") Ageofservice=(14610 d) Variation=(16.10 deg)

0  : pgn=127250 line=Rx 10320494 09 f1 12 00 ff 48 42 ff 7f ff 7f fd
source=0: pgn=Vessel Heading(127250): values=Heading=(97.22 deg) Deviation=(None) Variation=(None) Reference=("1")

32 : pgn=128259 line=Rx 10320495 09 f5 03 20 dc 17 01 ff ff ff ff ff
source=32: pgn=Speed(128259): values=SpeedWaterReferenced=(2.79 m/s) SpeedGroundReferenced=(None) SpeedWaterReferencedType=(None) SpeedDirection=(None)

0  : pgn=127245 line=Rx 10320502 09 f1 0d 00 00 f8 ff 7f 00 00 ff ff
source=0: pgn=Rudder(127245): values=Instance=(0) DirectionOrder=("0") AngleOrder=(None) Position=(0.00 deg)

0  : pgn=65359  line=Rx 10320509 1c ff 4f 00 3b 9f ff ff ff 48 42 ff
source=0: pgn=Seatalk: Pilot Heading(65359): values=ManufacturerCode=(1851) IndustryCode=(4) HeadingTrue=(None) HeadingMagnetic=(97.22 deg)

3  : pgn=129026 line=Tx 10320574 09 f8 02 03 ff fc b3 4c 4b 01 ff ff
source=3: pgn=COG & SOG, Rapid Update(129026): values=COGReference=("0") COG=(112.50 deg) SOG=(3.31 m/s)

3  : pgn=129025 line=Tx 10320574 09 f8 01 03 a8 6e 6f 1c c2 8e fd b6
source=3: pgn=Position, Rapid Update(129025): values=Latitude=(47.7064872 deg) Longitude=(-122.489683 deg)

1  : pgn=129038 line=Rx 10320579 11 f8 0e 01 20 1b c1 0e 28 dc 15 b0
1  : pgn=129038 line=Rx 10320580 11 f8 0e 01 21 34 02 b7 83 51 60 1c
1  : pgn=129038 line=Rx 10320580 11 f8 0e 01 22 1d 3e 38 e0 03 00 00
1  : pgn=129038 line=Rx 10320581 11 f8 0e 01 23 00 2d 35 00 00 f0 fe
32 : pgn=128259 line=Rx 10320594 09 f5 03 20 dd 18 01 ff ff ff ff ff
source=32: pgn=Speed(128259): values=SpeedWaterReferenced=(2.8000000000000003 m/s) SpeedGroundReferenced=(None) SpeedWaterReferencedType=(None) SpeedDirection=(None)

0  : pgn=127250 line=Rx 10320613 09 f1 12 00 ff 0c 42 ff 7f ff 7f fd
source=0: pgn=Vessel Heading(127250): values=Heading=(96.88 deg) Deviation=(None) Variation=(None) Reference=("1")

0  : pgn=127245 line=Rx 10320614 09 f1 0d 00 00 f8 ff 7f 00 00 ff ff
source=0: pgn=Rudder(127245): values=Instance=(0) DirectionOrder=("0") AngleOrder=(None) Position=(0.00 deg)

0  : pgn=65379  line=Rx 10320618 1c ff 63 00 3b 9f 00 00 00 00 01 ff
source=0: pgn=Seatalk: Pilot Mode(65379): values=ManufacturerCode=(1851) IndustryCode=(4) PilotMode=(0) SubMode=(0) PilotModeData=(0)

0  : pgn=65359  line=Rx 10320619 1c ff 4f 00 3b 9f ff ff ff 0c 42 ff
source=0: pgn=Seatalk: Pilot Heading(65359): values=ManufacturerCode=(1851) IndustryCode=(4) HeadingTrue=(None) HeadingMagnetic=(96.88 deg)

0  : pgn=126975 line=Rx 10320621 1d ef ff 00 a0 0d 3b 9f f0 81 84 96
0  : pgn=126975 line=Rx 10320623 1d ef ff 00 a1 43 0e 00 00 00 02 05
3  : pgn=129029 line=Tx 10320675 0d f8 05 03 c0 2b 7f 06 40 8c 55 10
3  : pgn=129029 line=Tx 10320675 0d f8 05 03 c1 2c 00 90 60 36 f9 df
3  : pgn=129029 line=Tx 10320675 0d f8 05 03 c2 9e 06 00 14 59 a9 d2
3  : pgn=129029 line=Tx 10320675 0d f8 05 03 c3 4a 00 ef ff ff ff ff
3  : pgn=129029 line=Tx 10320675 0d f8 05 03 c4 ff ff ff 7f 23 fc 09
3  : pgn=129029 line=Tx 10320675 0d f8 05 03 c5 54 00 ff 7f ff ff ff
3  : pgn=129029 line=Tx 10320675 0d f8 05 03 c6 7f 00 ff ff ff ff ff
3  : pgn=129025 line=Tx 10320675 09 f8 01 03 a8 6e 6f 1c c2 8e fd b6
source=3: pgn=Position, Rapid Update(129025): values=Latitude=(47.7064872 deg) Longitude=(-122.489683 deg)

3  : pgn=129033 line=Tx 10320675 0d f8 09 03 06 40 8c 55 10 2c 5c fe
source=3: pgn=Time & Date(129033): values=Date=(16390 d) Time=(73926.79800000001 s) LocalOffset=(-25200.0 s)

32 : pgn=128259 line=Rx 10320693 09 f5 03 20 de 1c 01 ff ff ff ff ff
source=32: pgn=Speed(128259): values=SpeedWaterReferenced=(2.84 m/s) SpeedGroundReferenced=(None) SpeedWaterReferencedType=(None) SpeedDirection=(None)

0  : pgn=127250 line=Rx 10320703 09 f1 12 00 ff f3 41 ff 7f ff 7f fd
source=0: pgn=Vessel Heading(127250): values=Heading=(96.73 deg) Deviation=(None) Variation=(None) Reference=("1")

0  : pgn=127245 line=Rx 10320704 09 f1 0d 00 00 f8 ff 7f 00 00 ff ff
source=0: pgn=Rudder(127245): values=Instance=(0) DirectionOrder=("0") AngleOrder=(None) Position=(0.00 deg)

0  : pgn=65359  line=Rx 10320711 1c ff 4f 00 3b 9f ff ff ff f3 41 ff
source=0: pgn=Seatalk: Pilot Heading(65359): values=ManufacturerCode=(1851) IndustryCode=(4) HeadingTrue=(None) HeadingMagnetic=(96.73 deg)

0  : pgn=126975 line=Rx 10320714 1d ef ff 00 c0 09 3b 9f f0 81 ae 02
0  : pgn=126975 line=Rx 10320716 1d ef ff 00 c1 00 08 00 ff ff ff ff
3  : pgn=129026 line=Tx 10320776 09 f8 02 03 ff fc a2 4c 4c 01 ff ff
source=3: pgn=COG & SOG, Rapid Update(129026): values=COGReference=("0") COG=(112.40 deg) SOG=(3.3200000000000003 m/s)

3  : pgn=129025 line=Tx 10320776 09 f8 01 03 80 6e 6f 1c 5c 8f fd b6
source=3: pgn=Position, Rapid Update(129025): values=Latitude=(47.7064832 deg) Longitude=(-122.48966759999999 deg)

3  : pgn=126992 line=Tx 10320776 0d f0 10 03 ff ff 06 40 90 60 10 2c
source=3: pgn=System Time(126992): values=Source=(None) Date=(16390 d) Time=(73927.08 s)

32 : pgn=128259 line=Rx 10320793 09 f5 03 20 df 20 01 ff ff ff ff ff
source=32: pgn=Speed(128259): values=SpeedWaterReferenced=(2.88 m/s) SpeedGroundReferenced=(None) SpeedWaterReferencedType=(None) SpeedDirection=(None)

0  : pgn=127250 line=Rx 10320810 09 f1 12 00 ff b2 41 ff 7f ff 7f fd
source=0: pgn=Vessel Heading(127250): values=Heading=(96.36 deg) Deviation=(None) Variation=(None) Reference=("1")

0  : pgn=127245 line=Rx 10320811 09 f1 0d 00 00 f8 ff 7f 00 00 ff ff
source=0: pgn=Rudder(127245): values=Instance=(0) DirectionOrder=("0") AngleOrder=(None) Position=(0.00 deg)

0  : pgn=65359  line=Rx 10320817 1c ff 4f 00 3b 9f ff ff ff b2 41 ff
source=0: pgn=Seatalk: Pilot Heading(65359): values=ManufacturerCode=(1851) IndustryCode=(4) HeadingTrue=(None) HeadingMagnetic=(96.36 deg)

3  : pgn=129025 line=Tx 10320876 09 f8 01 03 80 6e 6f 1c 5c 8f fd b6
source=3: pgn=Position, Rapid Update(129025): values=Latitude=(47.7064832 deg) Longitude=(-122.48966759999999 deg)

1  : pgn=129038 line=Rx 10320880 11 f8 0e 01 40 1b c1 fa 6c e7 15 5a
1  : pgn=129038 line=Rx 10320881 11 f8 0e 01 41 b6 0f b7 76 f9 67 1c
1  : pgn=129038 line=Rx 10320881 11 f8 0e 01 42 18 ff 14 00 00 00 00
1  : pgn=129038 line=Rx 10320882 11 f8 0e 01 43 00 ff ff ff 7f ff fe
32 : pgn=128259 line=Rx 10320892 09 f5 03 20 e0 24 01 ff ff ff ff ff
source=32: pgn=Speed(128259): values=SpeedWaterReferenced=(2.92 m/s) SpeedGroundReferenced=(None) SpeedWaterReferencedType=(None) SpeedDirection=(None)

0  : pgn=127250 line=Rx 10320893 09 f1 12 00 ff 91 41 ff 7f ff 7f fd
source=0: pgn=Vessel Heading(127250): values=Heading=(96.17 deg) Deviation=(None) Variation=(None) Reference=("1")

0  : pgn=127245 line=Rx 10320896 09 f1 0d 00 00 f8 ff 7f 00 00 ff ff
source=0: pgn=Rudder(127245): values=Instance=(0) DirectionOrder=("0") AngleOrder=(None) Position=(0.00 deg)

0  : pgn=65359  line=Rx 10320903 1c ff 4f 00 3b 9f ff ff ff 91 41 ff
source=0: pgn=Seatalk: Pilot Heading(65359): values=ManufacturerCode=(1851) IndustryCode=(4) HeadingTrue=(None) HeadingMagnetic=(96.17 deg)

3  : pgn=129026 line=Tx 10320976 09 f8 02 03 ff fc a2 4c 4c 01 ff ff
source=3: pgn=COG & SOG, Rapid Update(129026): values=COGReference=("0") COG=(112.40 deg) SOG=(3.3200000000000003 m/s)

3  : pgn=129025 line=Tx 10320976 09 f8 01 03 80 6e 6f 1c 5c 8f fd b6
source=3: pgn=Position, Rapid Update(129025): values=Latitude=(47.7064832 deg) Longitude=(-122.48966759999999 deg)

3  : pgn=129291 line=Tx 10320976 0d f9 0b 03 ff fc cb 42 23 00 ff ff
source=3: pgn=Set & Drift, Rapid Update(129291): values=SetReference=("0") Set=(97.97 deg) Drift=(0.35000000000000003 m/s)

0  : pgn=127250 line=Rx 10320989 09 f1 12 00 ff 44 41 ff 7f ff 7f fd
source=0: pgn=Vessel Heading(127250): values=Heading=(95.73 deg) Deviation=(None) Variation=(None) Reference=("1")

0  : pgn=127245 line=Rx 10320989 09 f1 0d 00 00 f8 ff 7f 00 00 ff ff
source=0: pgn=Rudder(127245): values=Instance=(0) DirectionOrder=("0") AngleOrder=(None) Position=(0.00 deg)

32 : pgn=128259 line=Rx 10320992 09 f5 03 20 e1 27 01 ff ff ff ff ff
source=32: pgn=Speed(128259): values=SpeedWaterReferenced=(2.95 m/s) SpeedGroundReferenced=(None) SpeedWaterReferencedType=(None) SpeedDirection=(None)

0  : pgn=65359  line=Rx 10320996 1c ff 4f 00 3b 9f ff ff ff 44 41 ff
source=0: pgn=Seatalk: Pilot Heading(65359): values=ManufacturerCode=(1851) IndustryCode=(4) HeadingTrue=(None) HeadingMagnetic=(95.73 deg)

1  : pgn=129038 line=Rx 10321063 11 f8 0e 01 60 1b c3 4e 83 dc 15 26
1  : pgn=129038 line=Rx 10321064 11 f8 0e 01 61 3c 09 b7 5f ea 52 1c
1  : pgn=129038 line=Rx 10321064 11 f8 0e 01 62 1d 5c 37 bb 02 00 00
1  : pgn=129038 line=Rx 10321065 11 f8 0e 01 63 00 c4 31 d2 e5 f0 fe
4  : pgn=126975 line=Rx 10321066 1d ef ff 04 80 07 3b 9f f0 81 90 00
4  : pgn=126975 line=Rx 10321066 1d ef ff 04 81 03 ff ff ff ff ff ff
3  : pgn=129025 line=Tx 10321076 09 f8 01 03 6c 6e 6f 1c a8 8f fd b6
source=3: pgn=Position, Rapid Update(129025): values=Latitude=(47.7064812 deg) Longitude=(-122.48966 deg)

0  : pgn=127250 line=Rx 10321085 09 f1 12 00 ff f8 40 ff 7f ff 7f fd
source=0: pgn=Vessel Heading(127250): values=Heading=(95.29 deg) Deviation=(None) Variation=(None) Reference=("1")

0  : pgn=127245 line=Rx 10321086 09 f1 0d 00 00 f8 ff 7f 00 00 ff ff
source=0: pgn=Rudder(127245): values=Instance=(0) DirectionOrder=("0") AngleOrder=(None) Position=(0.00 deg)

32 : pgn=128259 line=Rx 10321091 09 f5 03 20 e2 29 01 ff ff ff ff ff
source=32: pgn=Speed(128259): values=SpeedWaterReferenced=(2.97 m/s) SpeedGroundReferenced=(None) SpeedWaterReferencedType=(None) SpeedDirection=(None)

1  : pgn=129038 line=Rx 10321094 11 f8 0e 01 80 1b c1 76 c0 e0 15 be
1  : pgn=129038 line=Rx 10321095 11 f8 0e 01 81 a7 0c b7 fc 5f 69 1c
1  : pgn=129038 line=Rx 10321096 11 f8 0e 01 82 18 ac 72 00 00 00 00
1  : pgn=129038 line=Rx 10321096 11 f8 0e 01 83 00 ff ff ff 7f ff fe
0  : pgn=65359  line=Rx 10321097 1c ff 4f 00 3b 9f ff ff ff f8 40 ff
source=0: pgn=Seatalk: Pilot Heading(65359): values=ManufacturerCode=(1851) IndustryCode=(4) HeadingTrue=(None) HeadingMagnetic=(95.29 deg)

0  : pgn=126975 line=Rx 10321098 1d ef ff 00 e0 08 3b 9f f0 81 9c d1
0  : pgn=126975 line=Rx 10321100 1d ef ff 00 e1 02 00 ff ff ff ff ff
3  : pgn=129026 line=Tx 10321176 09 f8 02 03 ff fc 6d 4c 4c 01 ff ff
source=3: pgn=COG & SOG, Rapid Update(129026): values=COGReference=("0") COG=(112.10 deg) SOG=(3.3200000000000003 m/s)

3  : pgn=130577 line=Tx 10321177 0d fe 11 03 e0 0e c0 80 6d 4c 4c 01
3  : pgn=130577 line=Tx 10321177 0d fe 11 03 e1 ff ff ff ff c9 4e 24
3  : pgn=130577 line=Tx 10321177 0d fe 11 03 e2 00 ff ff ff ff ff ff
3  : pgn=129025 line=Tx 10321177 09 f8 01 03 6c 6e 6f 1c a8 8f fd b6
3  : pgn=130306 line=Tx 10321177 09 fd 02 03 ff ea 02 c2 c7 fa ff ff
source=3: pgn=Wind Data(130306): values=WindSpeed=(7.46 m/s) WindAngle=(293.00 deg) Reference=("2")

32 : pgn=128259 line=Rx 10321193 09 f5 03 20 e3 2b 01 ff ff ff ff ff
source=32: pgn=Speed(128259): values=SpeedWaterReferenced=(2.99 m/s) SpeedGroundReferenced=(None) SpeedWaterReferencedType=(None) SpeedDirection=(None)

32 : pgn=130310 line=Rx 10321196 15 fd 06 20 c7 ff ff ff ff ff ff ff
source=32: pgn=Environmental Parameters (obsolete)(130310): values=WaterTemperature=(None) OutsideAmbientAirTemperature=(None) AtmosphericPressure=(None)

0  : pgn=127250 line=Rx 10321197 09 f1 12 00 ff d3 40 ff 7f ff 7f fd
source=0: pgn=Vessel Heading(127250): values=Heading=(95.08 deg) Deviation=(None) Variation=(None) Reference=("1")

0  : pgn=127245 line=Rx 10321198 09 f1 0d 00 00 f8 ff 7f 00 00 ff ff
source=0: pgn=Rudder(127245): values=Instance=(0) DirectionOrder=("0") AngleOrder=(None) Position=(0.00 deg)

0  : pgn=65359  line=Rx 10321203 1c ff 4f 00 3b 9f ff ff ff d3 40 ff
source=0: pgn=Seatalk: Pilot Heading(65359): values=ManufacturerCode=(1851) IndustryCode=(4) HeadingTrue=(None) HeadingMagnetic=(95.08 deg)

32 : pgn=128275 line=Rx 10321206 19 f5 13 20 20 0e ff ff ff ff ff ff
32 : pgn=128275 line=Rx 10321211 19 f5 13 20 21 d3 ad 3c 00 d3 ad 3c
32 : pgn=128275 line=Rx 10321216 19 f5 13 20 22 00 ff ff ff ff ff ff
1  : pgn=129038 line=Rx 10321218 11 f8 0e 01 a0 1b c1 f8 9b 13 12 76
1  : pgn=129038 line=Rx 10321219 11 f8 0e 01 a1 69 0e b7 18 02 64 1c
1  : pgn=129038 line=Rx 10321219 11 f8 0e 01 a2 1b db 65 00 00 00 00
1  : pgn=129038 line=Rx 10321220 11 f8 0e 01 a3 00 ff ff ff 7f f0 fe
1  : pgn=59936  line=Rx 10321250 18 ea 20 01 00 ee 00 00 00 00 00 00
1  : pgn=129041 line=Rx 10321251 11 f8 11 01 c0 30 15 76 89 3a 3b ed
1  : pgn=129041 line=Rx 10321251 11 f8 11 01 c1 61 e3 b6 67 78 ad 1c
1  : pgn=129041 line=Rx 10321252 11 f8 11 01 c2 f4 00 00 00 00 00 00
1  : pgn=129041 line=Rx 10321252 11 f8 11 01 c3 ff ff 52 ee ff e0 16
1  : pgn=129041 line=Rx 10321253 11 f8 11 01 c4 01 50 53 20 54 53 4c
1  : pgn=129041 line=Rx 10321253 11 f8 11 01 c5 20 53 42 20 20 20 20
1  : pgn=129041 line=Rx 10321254 11 f8 11 01 c6 20 20 20 20 20 20 20
3  : pgn=129283 line=Tx 10321277 0d f9 03 03 ff 7f ff ff ff 7f ff ff
source=3: pgn=Cross Track Error(129283): values=XTEmode=(None) NavigationTerminated=("1") XTE=(None)

3  : pgn=129025 line=Tx 10321277 09 f8 01 03 53 6e 6f 1c f2 8f fd b6
source=3: pgn=Position, Rapid Update(129025): values=Latitude=(47.7064787 deg) Longitude=(-122.4896526 deg)

3  : pgn=128267 line=Tx 10321277 0d f5 0b 03 ff 51 3d 00 00 00 00 ff
source=3: pgn=Water Depth(128267): values=Depth=(156.97 m) Offset=(0.0 m) Range=(None)

1  : pgn=129038 line=Rx 10321282 11 f8 0e 01 c0 1b c1 00 b9 ef 15 02
1  : pgn=129038 line=Rx 10321283 11 f8 0e 01 c1 62 0e b7 d0 a4 63 1c
1  : pgn=129038 line=Rx 10321283 11 f8 0e 01 c2 1c a4 da 00 00 00 00
1  : pgn=129038 line=Rx 10321284 11 f8 0e 01 c3 00 14 7c 00 00 f0 fe
0  : pgn=127250 line=Rx 10321289 09 f1 12 00 ff 85 40 ff 7f ff 7f fd
source=0: pgn=Vessel Heading(127250): values=Heading=(94.64 deg) Deviation=(None) Variation=(None) Reference=("1")

0  : pgn=127245 line=Rx 10321290 09 f1 0d 00 00 f8 ff 7f 00 00 ff ff
source=0: pgn=Rudder(127245): values=Instance=(0) DirectionOrder=("0") AngleOrder=(None) Position=(0.00 deg)

32 : pgn=128259 line=Rx 10321290 09 f5 03 20 e4 2b 01 ff ff ff ff ff
0  : pgn=65359  line=Rx 10321300 1c ff 4f 00 3b 9f ff ff ff 85 40 ff
source=0: pgn=Seatalk: Pilot Heading(65359): values=ManufacturerCode=(1851) IndustryCode=(4) HeadingTrue=(None) HeadingMagnetic=(94.64 deg)

1  : pgn=129041 line=Rx 10321315 11 f8 11 01 e0 30 55 75 89 3a 3b 6d
1  : pgn=129041 line=Rx 10321316 11 f8 11 01 e1 8b 0a b7 5b f8 47 1c
1  : pgn=129041 line=Rx 10321316 11 f8 11 01 e2 f4 00 00 00 00 00 00
1  : pgn=129041 line=Rx 10321317 11 f8 11 01 e3 ff ff 12 ee ff e0 16
1  : pgn=129041 line=Rx 10321317 11 f8 11 01 e4 01 50 53 20 54 53 4c
1  : pgn=129041 line=Rx 10321318 11 f8 11 01 e5 20 4c 42 20 54 41 20
1  : pgn=129041 line=Rx 10321318 11 f8 11 01 e6 20 20 20 20 20 20 20
1  : pgn=129038 line=Rx 10321345 11 f8 0e 01 e0 1b c1 14 8c db 15 c1
1  : pgn=129038 line=Rx 10321346 11 f8 0e 01 e1 69 0d b7 f2 be 7f 1c
1  : pgn=129038 line=Rx 10321346 11 f8 0e 01 e2 21 b3 46 05 00 00 00
1  : pgn=129038 line=Rx 10321347 11 f8 0e 01 e3 00 f3 48 00 00 ff fe
3  : pgn=129026 line=Tx 10321378 09 f8 02 03 ff fc 5c 4c 4b 01 ff ff
source=3: pgn=COG & SOG, Rapid Update(129026): values=COGReference=("0") COG=(112.00 deg) SOG=(3.31 m/s)

3  : pgn=129025 line=Tx 10321378 09 f8 01 03 53 6e 6f 1c f2 8f fd b6
source=3: pgn=Position, Rapid Update(129025): values=Latitude=(47.7064787 deg) Longitude=(-122.4896526 deg)

3  : pgn=129542 line=Tx 10321378 19 fa 06 03 e0 0f 80 0b 01 00 00 00
3  : pgn=129542 line=Tx 10321378 19 fa 06 03 e1 00 00 00 00 00 00 00
3  : pgn=129542 line=Tx 10321378 19 fa 06 03 e2 00 00 ff ff ff ff ff
3  : pgn=65364  line=Tx 10321378 1c ff 54 03 3b 9f ea 02 c2 c7 ff ff
32 : pgn=128259 line=Rx 10321390 09 f5 03 20 e5 29 01 ff ff ff ff ff
source=32: pgn=Speed(128259): values=SpeedWaterReferenced=(2.97 m/s) SpeedGroundReferenced=(None) SpeedWaterReferencedType=(None) SpeedDirection=(None)

0  : pgn=127250 line=Rx 10321396 09 f1 12 00 ff 59 40 ff 7f ff 7f fd
source=0: pgn=Vessel Heading(127250): values=Heading=(94.38 deg) Deviation=(None) Variation=(None) Reference=("1")

0  : pgn=127245 line=Rx 10321397 09 f1 0d 00 00 f8 ff 7f 00 00 ff ff
source=0: pgn=Rudder(127245): values=Instance=(0) DirectionOrder=("0") AngleOrder=(None) Position=(0.00 deg)

0  : pgn=65359  line=Rx 10321401 1c ff 4f 00 3b 9f ff ff ff 59 40 ff
source=0: pgn=Seatalk: Pilot Heading(65359): values=ManufacturerCode=(1851) IndustryCode=(4) HeadingTrue=(None) HeadingMagnetic=(94.38 deg)

4  : pgn=65384  line=Rx 10321406 1c ff 68 04 3b 9f 00 00 00 00 00 00
3  : pgn=129540 line=Tx 10321479 19 fa 04 03 20 9f a2 ff 0d 03 97 1a
source=3: pgn=GNSS Sats in View(129540): values=RangeResidualMode=(None) SatsinView=(162) PRN=(None) Elevation=(4.47 deg) Azimuth=(39.00 deg) SNR=(0.0 dB) Rangeresiduals=(0) Status=("0")

3  : pgn=129540 line=Tx 10321479 19 fa 04 03 21 2e 26 00 00 00 00 00
source=3: pgn=GNSS Sats in View(129540): values=RangeResidualMode=("0") SatsinView=(38) PRN=(0) Elevation=(0.00 deg) Azimuth=(0.00 deg) SNR=(0.0 dB) Rangeresiduals=(0) Status=("0")

3  : pgn=129540 line=Tx 10321479 19 fa 04 03 22 00 f3 0f ff 1d ad 3c
source=3: pgn=GNSS Sats in View(129540): values=RangeResidualMode=("0") SatsinView=(243) PRN=(15) Elevation=(44.00 deg) Azimuth=(89.00 deg) SNR=(0.0 dB) Rangeresiduals=(0) Status=("0")

3  : pgn=129540 line=Tx 10321479 19 fa 04 03 23 10 0e 00 00 00 00 f5
source=3: pgn=GNSS Sats in View(129540): values=RangeResidualMode=("0") SatsinView=(14) PRN=(0) Elevation=(0.00 deg) Azimuth=(359.36 deg) SNR=(0.0 dB) Rangeresiduals=(0) Status=("0")

3  : pgn=129540 line=Tx 10321479 19 fa 04 03 24 10 17 13 71 b9 74 0e
source=3: pgn=GNSS Sats in View(129540): values=RangeResidualMode=("0") SatsinView=(23) PRN=(19) Elevation=(-103.49 deg) Azimuth=(21.20 deg) SNR=(0.0 dB) Rangeresiduals=(0) Status=("0")

3  : pgn=129540 line=Tx 10321479 19 fa 04 03 25 00 00 00 00 f5 12 c5
source=3: pgn=GNSS Sats in View(129540): values=RangeResidualMode=("0") SatsinView=(0) PRN=(0) Elevation=(-16.13 deg) Azimuth=(289.06 deg) SNR=(0.0 dB) Rangeresiduals=(0) Status=("0")

3  : pgn=129540 line=Tx 10321479 19 fa 04 03 26 31 f2 93 ac 0d 00 00
source=3: pgn=GNSS Sats in View(129540): values=RangeResidualMode=("1") SatsinView=(242) PRN=(147) Elevation=(20.05 deg) Azimuth=(0.00 deg) SNR=(0.0 dB) Rangeresiduals=(0) Status=("0")

3  : pgn=129540 line=Tx 10321479 19 fa 04 03 27 00 00 f5 13 69 03 1f
source=3: pgn=GNSS Sats in View(129540): values=RangeResidualMode=("0") SatsinView=(0) PRN=(245) Elevation=(154.12 deg) Azimuth=(45.49 deg) SNR=(0.0 dB) Rangeresiduals=(0) Status=("0")

3  : pgn=129540 line=Tx 10321479 19 fa 04 03 28 d8 d8 0e 00 00 00 00
source=3: pgn=GNSS Sats in View(129540): values=RangeResidualMode=("0") SatsinView=(216) PRN=(14) Elevation=(0.00 deg) Azimuth=(0.00 deg) SNR=(0.0 dB) Rangeresiduals=(0) Status=("0")

3  : pgn=129540 line=Tx 10321479 19 fa 04 03 29 f5 15 e8 37 ba 20 48
source=3: pgn=GNSS Sats in View(129540): values=RangeResidualMode=("1") SatsinView=(21) PRN=(232) Elevation=(-102.36 deg) Azimuth=(105.79 deg) SNR=(0.0 dB) Rangeresiduals=(0) Status=("0")

3  : pgn=129540 line=Tx 10321479 19 fa 04 03 2a 0d 00 00 00 00 f5 16
source=3: pgn=GNSS Sats in View(129540): values=RangeResidualMode=("1") SatsinView=(0) PRN=(0) Elevation=(0.00 deg) Azimuth=(33.67 deg) SNR=(0.0 dB) Rangeresiduals=(0) Status=("0")

3  : pgn=129540 line=Tx 10321480 19 fa 04 03 2b d1 15 cf 9c cc 10 00
source=3: pgn=GNSS Sats in View(129540): values=RangeResidualMode=("1") SatsinView=(21) PRN=(207) Elevation=(-75.38 deg) Azimuth=(0.09 deg) SNR=(0.0 dB) Rangeresiduals=(0) Status=("0")

3  : pgn=129540 line=Tx 10321481 19 fa 04 03 2c 00 00 00 f5 1a ae 0f
source=3: pgn=GNSS Sats in View(129540): values=RangeResidualMode=("0") SatsinView=(0) PRN=(0) Elevation=(39.54 deg) Azimuth=(23.00 deg) SNR=(0.0 dB) Rangeresiduals=(0) Status=("0")

3  : pgn=129540 line=Tx 10321481 19 fa 04 03 2d 5d 1f 74 0e 00 00 00
source=3: pgn=GNSS Sats in View(129540): values=RangeResidualMode=("1") SatsinView=(31) PRN=(116) Elevation=(0.08 deg) Azimuth=(0.00 deg) SNR=(0.0 dB) Rangeresiduals=(0) Status=("0")

3  : pgn=129540 line=Tx 10321482 19 fa 04 03 2e 00 f5 1b d1 15 ab d2
source=3: pgn=GNSS Sats in View(129540): values=RangeResidualMode=("0") SatsinView=(245) PRN=(27) Elevation=(32.00 deg) Azimuth=(309.00 deg) SNR=(0.0 dB) Rangeresiduals=(0) Status=("0")

3  : pgn=129540 line=Tx 10321483 19 fa 04 03 2f 3c 0f 00 00 00 00 f5
source=3: pgn=GNSS Sats in View(129540): values=RangeResidualMode=("0") SatsinView=(15) PRN=(0) Elevation=(0.00 deg) Azimuth=(359.36 deg) SNR=(0.0 dB) Rangeresiduals=(0) Status=("0")

3  : pgn=129540 line=Tx 10321483 19 fa 04 03 30 1d 00 0f a1 67 f0 0a
source=3: pgn=GNSS Sats in View(129540): values=RangeResidualMode=("1") SatsinView=(0) PRN=(15) Elevation=(152.00 deg) Azimuth=(16.04 deg) SNR=(0.0 dB) Rangeresiduals=(0) Status=("0")

3  : pgn=129540 line=Tx 10321484 19 fa 04 03 31 00 00 00 00 f5 23 d1
source=3: pgn=GNSS Sats in View(129540): values=RangeResidualMode=("0") SatsinView=(0) PRN=(0) Elevation=(-16.13 deg) Azimuth=(306.76 deg) SNR=(0.0 dB) Rangeresiduals=(0) Status=("0")

3  : pgn=129540 line=Tx 10321486 19 fa 04 03 32 15 c3 8b 00 00 00 00
source=3: pgn=GNSS Sats in View(129540): values=RangeResidualMode=("1") SatsinView=(195) PRN=(139) Elevation=(0.00 deg) Azimuth=(0.00 deg) SNR=(0.0 dB) Rangeresiduals=(0) Status=("0")

3  : pgn=129540 line=Tx 10321487 19 fa 04 03 33 00 00 f3 30 2e 17 43
source=3: pgn=GNSS Sats in View(129540): values=RangeResidualMode=("0") SatsinView=(0) PRN=(243) Elevation=(67.75 deg) Azimuth=(98.41 deg) SNR=(0.0 dB) Rangeresiduals=(0) Status=("0")

3  : pgn=129540 line=Tx 10321487 19 fa 04 03 34 84 d8 0e 00 00 00 00
source=3: pgn=GNSS Sats in View(129540): values=RangeResidualMode=("0") SatsinView=(216) PRN=(14) Elevation=(0.00 deg) Azimuth=(0.00 deg) SNR=(0.0 dB) Rangeresiduals=(0) Status=("0")

3  : pgn=129540 line=Tx 10321488 19 fa 04 03 35 f5 33 80 16 67 6c b8
source=3: pgn=GNSS Sats in View(129540): values=RangeResidualMode=("1") SatsinView=(51) PRN=(128) Elevation=(151.20 deg) Azimuth=(270.50 deg) SNR=(0.0 dB) Rangeresiduals=(0) Status=("0")

3  : pgn=129540 line=Tx 10321489 19 fa 04 03 36 0b 00 00 00 00 f5 ff
source=3: pgn=GNSS Sats in View(129540): values=RangeResidualMode=(None) SatsinView=(0) PRN=(0) Elevation=(0.00 deg) Azimuth=(375.43 deg) SNR=(0.0 dB) Rangeresiduals=(0) Status=("0")

3  : pgn=129025 line=Tx 10321489 09 f8 01 03 53 6e 6f 1c f2 8f fd b6
source=3: pgn=Position, Rapid Update(129025): values=Latitude=(47.7064787 deg) Longitude=(-122.4896526 deg)

32 : pgn=128259 line=Rx 10321490 09 f5 03 20 e6 2a 01 ff ff ff ff ff
source=32: pgn=Speed(128259): values=SpeedWaterReferenced=(2.98 m/s) SpeedGroundReferenced=(None) SpeedWaterReferencedType=(None) SpeedDirection=(None)

3  : pgn=127258 line=Tx 10321490 19 f1 1a 03 ff f6 12 39 fa 0a ff ff
source=3: pgn=Magnetic Variation(127258): values=Source=("6") Ageofservice=(14610 d) Variation=(16.10 deg)

0  : pgn=127250 line=Rx 10321496 09 f1 12 00 ff 06 40 ff 7f ff 7f fd
source=0: pgn=Vessel Heading(127250): values=Heading=(93.91 deg) Deviation=(None) Variation=(None) Reference=("1")

0  : pgn=127245 line=Rx 10321498 09 f1 0d 00 00 f8 ff 7f 00 00 ff ff
source=0: pgn=Rudder(127245): values=Instance=(0) DirectionOrder=("0") AngleOrder=(None) Position=(0.00 deg)

0  : pgn=65359  line=Rx 10321511 1c ff 4f 00 3b 9f ff ff ff 06 40 ff
source=0: pgn=Seatalk: Pilot Heading(65359): values=ManufacturerCode=(1851) IndustryCode=(4) HeadingTrue=(None) HeadingMagnetic=(93.91 deg)

3  : pgn=129026 line=Tx 10321579 09 f8 02 03 ff fc 5c 4c 4b 01 ff ff
source=3: pgn=COG & SOG, Rapid Update(129026): values=COGReference=("0") COG=(112.00 deg) SOG=(3.31 m/s)

3  : pgn=129025 line=Tx 10321579 09 f8 01 03 24 6e 6f 1c 82 90 fd b6
source=3: pgn=Position, Rapid Update(129025): values=Latitude=(47.706474 deg) Longitude=(-122.48963819999999 deg)

32 : pgn=128259 line=Rx 10321589 09 f5 03 20 e7 26 01 ff ff ff ff ff
source=32: pgn=Speed(128259): values=SpeedWaterReferenced=(2.94 m/s) SpeedGroundReferenced=(None) SpeedWaterReferencedType=(None) SpeedDirection=(None)

0  : pgn=127250 line=Rx 10321593 09 f1 12 00 ff bd 3f ff 7f ff 7f fd
source=0: pgn=Vessel Heading(127250): values=Heading=(93.49 deg) Deviation=(None) Variation=(None) Reference=("1")

0  : pgn=127245 line=Rx 10321594 09 f1 0d 00 00 f8 ff 7f 00 00 ff ff
source=0: pgn=Rudder(127245): values=Instance=(0) DirectionOrder=("0") AngleOrder=(None) Position=(0.00 deg)

0  : pgn=65379  line=Rx 10321598 1c ff 63 00 3b 9f 00 00 00 00 01 ff
source=0: pgn=Seatalk: Pilot Mode(65379): values=ManufacturerCode=(1851) IndustryCode=(4) PilotMode=(0) SubMode=(0) PilotModeData=(0)

0  : pgn=65359  line=Rx 10321599 1c ff 4f 00 3b 9f ff ff ff bd 3f ff
source=0: pgn=Seatalk: Pilot Heading(65359): values=ManufacturerCode=(1851) IndustryCode=(4) HeadingTrue=(None) HeadingMagnetic=(93.49 deg)

0  : pgn=126975 line=Rx 10321616 1d ef ff 00 00 0d 3b 9f f0 81 84 d6
1  : pgn=129038 line=Rx 10321616 11 f8 0e 01 00 1b c1 ec 10 e8 15 07
1  : pgn=129038 line=Rx 10321617 11 f8 0e 01 01 5f 0e b7 c0 eb 67 1c
1  : pgn=129038 line=Rx 10321618 11 f8 0e 01 02 1c 00 00 00 00 00 00
source=1: pgn=AIS Class A Position Report(129038): values=MessageID=(2) RepeatIndicator=("0") UserID=(28) Longitude=(0.0 deg) Latitude=(0.0 deg) PositionAccuracy=("0") RAIM=("0") TimeStamp=("0") COG=(0.00 deg) SOG=(0.0 m/s) CommunicationState=(0) AISTransceiverinformation=("0") Heading=(0.00 deg) RateofTurn=(0.00 deg/s) NavStatus=("0") SpecialManeuverIndicator=("0") Spare=(0) SequenceID=(0)

1  : pgn=129038 line=Rx 10321618 11 f8 0e 01 03 00 ff ff ff 7f f0 fe
source=1: pgn=AIS Class A Position Report(129038): values=MessageID=(3) RepeatIndicator=("0") UserID=(4294967040) Longitude=(0.0 deg) Latitude=(0.0 deg) PositionAccuracy=("0") RAIM=("0") TimeStamp=("0") COG=(0.00 deg) SOG=(0.0 m/s) CommunicationState=(0) AISTransceiverinformation=("0") Heading=(0.00 deg) RateofTurn=(0.00 deg/s) NavStatus=("0") SpecialManeuverIndicator=("0") Spare=(0) SequenceID=(0)

0  : pgn=126975 line=Rx 10321619 1d ef ff 00 01 41 07 00 00 00 02 05
3  : pgn=129029 line=Tx 10321680 0d f8 05 03 e0 2b 80 06 40 80 84 10
3  : pgn=129029 line=Tx 10321680 0d f8 05 03 e1 2c 00 68 90 7a da df
3  : pgn=129029 line=Tx 10321680 0d f8 05 03 e2 9e 06 00 94 3a f8 3a
3  : pgn=129029 line=Tx 10321680 0d f8 05 03 e3 4b 00 ef ff ff ff ff
3  : pgn=129029 line=Tx 10321680 0d f8 05 03 e4 ff ff ff 7f 23 fc 09
3  : pgn=129029 line=Tx 10321680 0d f8 05 03 e5 54 00 ff 7f ff ff ff
3  : pgn=129029 line=Tx 10321680 0d f8 05 03 e6 7f 00 ff ff ff ff ff
3  : pgn=129025 line=Tx 10321680 09 f8 01 03 24 6e 6f 1c 82 90 fd b6
source=3: pgn=Position, Rapid Update(129025): values=Latitude=(47.706474 deg) Longitude=(-122.48963819999999 deg)

3  : pgn=129033 line=Tx 10321680 0d f8 09 03 06 40 80 84 10 2c 5c fe
source=3: pgn=Time & Date(129033): values=Date=(16390 d) Time=(73928.0 s) LocalOffset=(-25200.0 s)

32 : pgn=128259 line=Rx 10321689 09 f5 03 20 e8 21 01 ff ff ff ff ff
source=32: pgn=Speed(128259): values=SpeedWaterReferenced=(2.89 m/s) SpeedGroundReferenced=(None) SpeedWaterReferencedType=(None) SpeedDirection=(None)

0  : pgn=127250 line=Rx 10321706 09 f1 12 00 ff 9a 3f ff 7f ff 7f fd
source=0: pgn=Vessel Heading(127250): values=Heading=(93.29 deg) Deviation=(None) Variation=(None) Reference=("1")

0  : pgn=127245 line=Rx 10321706 09 f1 0d 00 00 f8 ff 7f 00 00 ff ff
source=0: pgn=Rudder(127245): values=Instance=(0) DirectionOrder=("0") AngleOrder=(None) Position=(0.00 deg)

0  : pgn=65359  line=Rx 10321713 1c ff 4f 00 3b 9f ff ff ff 9a 3f ff
source=0: pgn=Seatalk: Pilot Heading(65359): values=ManufacturerCode=(1851) IndustryCode=(4) HeadingTrue=(None) HeadingMagnetic=(93.29 deg)

0  : pgn=126975 line=Rx 10321723 1d ef ff 00 20 09 3b 9f f0 81 ae 02
0  : pgn=126975 line=Rx 10321725 1d ef ff 00 21 00 08 00 ff ff ff ff
3  : pgn=129026 line=Tx 10321780 09 f8 02 03 ff fc 5c 4c 4b 01 ff ff
source=3: pgn=COG & SOG, Rapid Update(129026): values=COGReference=("0") COG=(112.00 deg) SOG=(3.31 m/s)

3  : pgn=129025 line=Tx 10321780 09 f8 01 03 24 6e 6f 1c 82 90 fd b6
source=3: pgn=Position, Rapid Update(129025): values=Latitude=(47.706474 deg) Longitude=(-122.48963819999999 deg)

3  : pgn=126992 line=Tx 10321780 0d f0 10 03 ff ff 06 40 80 84 10 2c
source=3: pgn=System Time(126992): values=Source=(None) Date=(16390 d) Time=(73928.0 s)

32 : pgn=128259 line=Rx 10321788 09 f5 03 20 e9 1e 01 ff ff ff ff ff
source=32: pgn=Speed(128259): values=SpeedWaterReferenced=(2.86 m/s) SpeedGroundReferenced=(None) SpeedWaterReferencedType=(None) SpeedDirection=(None)

0  : pgn=127250 line=Rx 10321796 09 f1 12 00 ff 5b 3f ff 7f ff 7f fd
source=0: pgn=Vessel Heading(127250): values=Heading=(92.93 deg) Deviation=(None) Variation=(None) Reference=("1")

0  : pgn=127245 line=Rx 10321797 09 f1 0d 00 00 f8 ff 7f 00 00 ff ff
source=0: pgn=Rudder(127245): values=Instance=(0) DirectionOrder=("0") AngleOrder=(None) Position=(0.00 deg)

1  : pgn=129038 line=Rx 10321799 11 f8 0e 01 20 1b c1 3a 7c e8 15 6e
1  : pgn=129038 line=Rx 10321800 11 f8 0e 01 21 5e 0c b7 02 80 63 1c
1  : pgn=129038 line=Rx 10321800 11 f8 0e 01 22 1f 6e 07 00 00 00 00
1  : pgn=129038 line=Rx 10321801 11 f8 0e 01 23 00 ff ff ff 7f ff fe
0  : pgn=65359  line=Rx 10321805 1c ff 4f 00 3b 9f ff ff ff 5b 3f ff
source=0: pgn=Seatalk: Pilot Heading(65359): values=ManufacturerCode=(1851) IndustryCode=(4) HeadingTrue=(None) HeadingMagnetic=(92.93 deg)

0  : pgn=126975 line=Rx 10321823 1d ef ff 00 40 07 3b 9f f0 81 90 10
0  : pgn=126975 line=Rx 10321825 1d ef ff 00 41 05 ff ff ff ff ff ff
3  : pgn=129025 line=Tx 10321880 09 f8 01 03 0c 6e 6f 1c d7 90 fd b6
source=3: pgn=Position, Rapid Update(129025): values=Latitude=(47.7064716 deg) Longitude=(-122.4896297 deg)

32 : pgn=128259 line=Rx 10321888 09 f5 03 20 ea 1a 01 ff ff ff ff ff
source=32: pgn=Speed(128259): values=SpeedWaterReferenced=(2.82 m/s) SpeedGroundReferenced=(None) SpeedWaterReferencedType=(None) SpeedDirection=(None)

0  : pgn=127250 line=Rx 10321893 09 f1 12 00 ff 28 3f ff 7f ff 7f fd
source=0: pgn=Vessel Heading(127250): values=Heading=(92.64 deg) Deviation=(None) Variation=(None) Reference=("1")

0  : pgn=127245 line=Rx 10321894 09 f1 0d 00 00 f8 ff 7f 00 00 ff ff
source=0: pgn=Rudder(127245): values=Instance=(0) DirectionOrder=("0") AngleOrder=(None) Position=(0.00 deg)

0  : pgn=65359  line=Rx 10321900 1c ff 4f 00 3b 9f ff ff ff 28 3f ff
source=0: pgn=Seatalk: Pilot Heading(65359): values=ManufacturerCode=(1851) IndustryCode=(4) HeadingTrue=(None) HeadingMagnetic=(92.64 deg)

3  : pgn=129026 line=Tx 10321980 09 f8 02 03 ff fc 6d 4c 4b 01 ff ff
source=3: pgn=COG & SOG, Rapid Update(129026): values=COGReference=("0") COG=(112.10 deg) SOG=(3.31 m/s)

3  : pgn=129025 line=Tx 10321980 09 f8 01 03 0c 6e 6f 1c d7 90 fd b6
source=3: pgn=Position, Rapid Update(129025): values=Latitude=(47.7064716 deg) Longitude=(-122.4896297 deg)

3  : pgn=129291 line=Tx 10321980 0d f9 0b 03 ff fc c9 4e 24 00 ff ff
source=3: pgn=Set & Drift, Rapid Update(129291): values=SetReference=("0") Set=(115.56 deg) Drift=(0.36 m/s)

32 : pgn=128259 line=Rx 10321987 09 f5 03 20 eb 18 01 ff ff ff ff ff
source=32: pgn=Speed(128259): values=SpeedWaterReferenced=(2.8000000000000003 m/s) SpeedGroundReferenced=(None) SpeedWaterReferencedType=(None) SpeedDirection=(None)

0  : pgn=127250 line=Rx 10321994 09 f1 12 00 ff 0e 3f ff 7f ff 7f fd
source=0: pgn=Vessel Heading(127250): values=Heading=(92.49 deg) Deviation=(None) Variation=(None) Reference=("1")

0  : pgn=127245 line=Rx 10321995 09 f1 0d 00 00 f8 ff 7f 00 00 ff ff
source=0: pgn=Rudder(127245): values=Instance=(0) DirectionOrder=("0") AngleOrder=(None) Position=(0.00 deg)

0  : pgn=65359  line=Rx 10321999 1c ff 4f 00 3b 9f ff ff ff 0e 3f ff
source=0: pgn=Seatalk: Pilot Heading(65359): values=ManufacturerCode=(1851) IndustryCode=(4) HeadingTrue=(None) HeadingMagnetic=(92.49 deg)

3  : pgn=129025 line=Tx 10322080 09 f8 01 03 f5 6d 6f 1c 29 91 fd b6
source=3: pgn=Position, Rapid Update(129025): values=Latitude=(47.706469299999995 deg) Longitude=(-122.4896215 deg)

32 : pgn=128259 line=Rx 10322087 09 f5 03 20 ec 18 01 ff ff ff ff ff
source=32: pgn=Speed(128259): values=SpeedWaterReferenced=(2.8000000000000003 m/s) SpeedGroundReferenced=(None) SpeedWaterReferencedType=(None) SpeedDirection=(None)

0  : pgn=127250 line=Rx 10322090 09 f1 12 00 ff df 3e ff 7f ff 7f fd
source=0: pgn=Vessel Heading(127250): values=Heading=(92.22 deg) Deviation=(None) Variation=(None) Reference=("1")

0  : pgn=127245 line=Rx 10322091 09 f1 0d 00 00 f8 ff 7f 00 00 ff ff
source=0: pgn=Rudder(127245): values=Instance=(0) DirectionOrder=("0") AngleOrder=(None) Position=(0.00 deg)

0  : pgn=65359  line=Rx 10322098 1c ff 4f 00 3b 9f ff ff ff df 3e ff
source=0: pgn=Seatalk: Pilot Heading(65359): values=ManufacturerCode=(1851) IndustryCode=(4) HeadingTrue=(None) HeadingMagnetic=(92.22 deg)

0  : pgn=126975 line=Rx 10322111 1d ef ff 00 60 08 3b 9f f0 81 9c 11
0  : pgn=126975 line=Rx 10322113 1d ef ff 00 61 01 00 ff ff ff ff ff
1  : pgn=129038 line=Rx 10322160 11 f8 0e 01 40 1b c1 18 6d e7 15 ab
1  : pgn=129038 line=Rx 10322161 11 f8 0e 01 41 b3 0f b7 2f f6 67 1c
1  : pgn=129038 line=Rx 10322161 11 f8 0e 01 42 1c d1 0f 00 00 00 00
1  : pgn=129038 line=Rx 10322162 11 f8 0e 01 43 00 ff ff ff 7f f0 fe
3  : pgn=129026 line=Tx 10322181 09 f8 02 03 ff fc 6d 4c 4b 01 ff ff
source=3: pgn=COG & SOG, Rapid Update(129026): values=COGReference=("0") COG=(112.10 deg) SOG=(3.31 m/s)

3  : pgn=130577 line=Tx 10322181 0d fe 11 03 00 0e c0 81 6d 4c 4b 01
source=3: pgn=Direction Data(130577): values=DataMode=("0") COGReference=("0") COG=(190.31 deg) SOG=(195.65 m/s) Heading=(1.90 deg) SpeedthroughWater=(0.0 m/s) Set=(0.00 deg) Drift=(0.0 m/s)

3  : pgn=130577 line=Tx 10322181 0d fe 11 03 01 ff ff ff ff 7b 59 36
source=3: pgn=Direction Data(130577): values=DataMode=("1") COGReference=("0") COG=(None) SOG=(317.43 m/s) Heading=(79.72 deg) SpeedthroughWater=(0.0 m/s) Set=(0.00 deg) Drift=(0.0 m/s)

3  : pgn=130577 line=Tx 10322181 0d fe 11 03 02 00 ff ff ff ff ff ff
source=3: pgn=Direction Data(130577): values=DataMode=("2") COGReference=("0") COG=(None) SOG=(None) Heading=(None) SpeedthroughWater=(0.0 m/s) Set=(0.00 deg) Drift=(0.0 m/s)

3  : pgn=129025 line=Tx 10322181 09 f8 01 03 f5 6d 6f 1c 29 91 fd b6
source=3: pgn=Position, Rapid Update(129025): values=Latitude=(47.706469299999995 deg) Longitude=(-122.4896215 deg)

3  : pgn=130306 line=Tx 10322181 09 fd 02 03 ff ea 02 d9 cb fa ff ff
source=3: pgn=Wind Data(130306): values=WindSpeed=(7.46 m/s) WindAngle=(299.00 deg) Reference=("2")

32 : pgn=128259 line=Rx 10322188 09 f5 03 20 ed 19 01 ff ff ff ff ff
source=32: pgn=Speed(128259): values=SpeedWaterReferenced=(2.81 m/s) SpeedGroundReferenced=(None) SpeedWaterReferencedType=(None) SpeedDirection=(None)

32 : pgn=130310 line=Rx 10322191 15 fd 06 20 c8 ff ff ff ff ff ff ff
source=32: pgn=Environmental Parameters (obsolete)(130310): values=WaterTemperature=(None) OutsideAmbientAirTemperature=(None) AtmosphericPressure=(None)

0  : pgn=127250 line=Rx 10322200 09 f1 12 00 ff c4 3e ff 7f ff 7f fd
source=0: pgn=Vessel Heading(127250): values=Heading=(92.06 deg) Deviation=(None) Variation=(None) Reference=("1")

0  : pgn=127245 line=Rx 10322200 09 f1 0d 00 00 f8 ff 7f 00 00 ff ff
source=0: pgn=Rudder(127245): values=Instance=(0) DirectionOrder=("0") AngleOrder=(None) Position=(0.00 deg)

32 : pgn=128275 line=Rx 10322201 19 f5 13 20 40 0e ff ff ff ff ff ff
0  : pgn=65359  line=Rx 10322205 1c ff 4f 00 3b 9f ff ff ff c4 3e ff
source=0: pgn=Seatalk: Pilot Heading(65359): values=ManufacturerCode=(1851) IndustryCode=(4) HeadingTrue=(None) HeadingMagnetic=(92.06 deg)

32 : pgn=128275 line=Rx 10322206 19 f5 13 20 41 d3 ad 3c 00 d3 ad 3c
32 : pgn=128275 line=Rx 10322211 19 f5 13 20 42 00 ff ff ff ff ff ff
1  : pgn=59936  line=Rx 10322248 18 ea 20 01 00 ee 00 00 00 00 00 00
3  : pgn=129283 line=Tx 10322281 0d f9 03 03 ff 7f ff ff ff 7f ff ff
source=3: pgn=Cross Track Error(129283): values=XTEmode=(None) NavigationTerminated=("1") XTE=(None)

3  : pgn=129025 line=Tx 10322281 09 f8 01 03 f5 6d 6f 1c 29 91 fd b6
source=3: pgn=Position, Rapid Update(129025): values=Latitude=(47.706469299999995 deg) Longitude=(-122.4896215 deg)

3  : pgn=128267 line=Tx 10322281 0d f5 0b 03 ff 54 3d 00 00 00 00 ff
source=3: pgn=Water Depth(128267): values=Depth=(157.0 m) Offset=(0.0 m) Range=(None)

32 : pgn=128259 line=Rx 10322286 09 f5 03 20 ee 19 01 ff ff ff ff ff
0  : pgn=127250 line=Rx 10322291 09 f1 12 00 ff 91 3e ff 7f ff 7f fd
source=0: pgn=Vessel Heading(127250): values=Heading=(91.77 deg) Deviation=(None) Variation=(None) Reference=("1")

0  : pgn=127245 line=Rx 10322292 09 f1 0d 00 00 f8 ff 7f 00 00 ff ff
source=0: pgn=Rudder(127245): values=Instance=(0) DirectionOrder=("0") AngleOrder=(None) Position=(0.00 deg)

0  : pgn=65359  line=Rx 10322300 1c ff 4f 00 3b 9f ff ff ff 91 3e ff
source=0: pgn=Seatalk: Pilot Heading(65359): values=ManufacturerCode=(1851) IndustryCode=(4) HeadingTrue=(None) HeadingMagnetic=(91.77 deg)

1  : pgn=129794 line=Rx 10322342 19 fb 02 01 a0 4b 05 bc 00 ea 25 a4
1  : pgn=129794 line=Rx 10322343 19 fb 02 01 a1 68 8f 00 41 38 53 49
1  : pgn=129794 line=Rx 10322343 19 fb 02 01 a2 34 20 20 5a 49 4d 20
1  : pgn=129794 line=Rx 10322344 19 fb 02 01 a3 44 4a 49 42 4f 55 54
1  : pgn=129794 line=Rx 10322344 19 fb 02 01 a4 49 20 20 20 20 20 20
1  : pgn=129794 line=Rx 10322345 19 fb 02 01 a5 20 20 4f a2 0d cc 01
1  : pgn=129794 line=Rx 10322346 19 fb 02 01 a6 ff ff ff ff 05 40 00
1  : pgn=129794 line=Rx 10322346 19 fb 02 01 a7 f6 34 2f ce 04 43 41
1  : pgn=129794 line=Rx 10322347 19 fb 02 01 a8 56 41 4e 2d 55 53 54
1  : pgn=129794 line=Rx 10322347 19 fb 02 01 a9 41 43 20 20 20 20 20
1  : pgn=129794 line=Rx 10322348 19 fb 02 01 aa 20 20 20 20 04 e1 ff
3  : pgn=129026 line=Tx 10322381 09 f8 02 03 ff fc 4a 4c 4b 01 ff ff
source=3: pgn=COG & SOG, Rapid Update(129026): values=COGReference=("0") COG=(111.90 deg) SOG=(3.31 m/s)

3  : pgn=129025 line=Tx 10322381 09 f8 01 03 db 6d 6f 1c cc 91 fd b6
source=3: pgn=Position, Rapid Update(129025): values=Latitude=(47.7064667 deg) Longitude=(-122.4896052 deg)

3  : pgn=129542 line=Tx 10322381 19 fa 06 03 00 0f 81 0b 01 00 00 00
source=3: pgn=GNSS Pseudorange Noise Statistics(129542): values=RMSofPositionUncertainty=(33039) STDofMajoraxis=(11) STDofMinoraxis=(1) OrientationofMajoraxis=(0) STDofLatError=(0) STDofLonError=(0) STDofAltError=(0)

3  : pgn=129542 line=Tx 10322381 19 fa 06 03 01 00 00 00 00 00 00 00
source=3: pgn=GNSS Pseudorange Noise Statistics(129542): values=RMSofPositionUncertainty=(0) STDofMajoraxis=(0) STDofMinoraxis=(0) OrientationofMajoraxis=(0) STDofLatError=(0) STDofLonError=(0) STDofAltError=(0)

3  : pgn=129542 line=Tx 10322381 19 fa 06 03 02 00 00 ff ff ff ff ff
source=3: pgn=GNSS Pseudorange Noise Statistics(129542): values=RMSofPositionUncertainty=(0) STDofMajoraxis=(None) STDofMinoraxis=(None) OrientationofMajoraxis=(None) STDofLatError=(None) STDofLonError=(None) STDofAltError=(0)

3  : pgn=65364  line=Tx 10322381 1c ff 54 03 3b 9f ea 02 d9 cb ff ff
32 : pgn=128259 line=Rx 10322385 09 f5 03 20 ef 19 01 ff ff ff ff ff
source=32: pgn=Speed(128259): values=SpeedWaterReferenced=(2.81 m/s) SpeedGroundReferenced=(None) SpeedWaterReferencedType=(None) SpeedDirection=(None)

0  : pgn=127250 line=Rx 10322395 09 f1 12 00 ff 62 3e ff 7f ff 7f fd
source=0: pgn=Vessel Heading(127250): values=Heading=(91.50 deg) Deviation=(None) Variation=(None) Reference=("1")

0  : pgn=127245 line=Rx 10322395 09 f1 0d 00 00 f8 ff 7f 00 00 ff ff
source=0: pgn=Rudder(127245): values=Instance=(0) DirectionOrder=("0") AngleOrder=(None) Position=(0.00 deg)

0  : pgn=65359  line=Rx 10322400 1c ff 4f 00 3b 9f ff ff ff 62 3e ff
source=0: pgn=Seatalk: Pilot Heading(65359): values=ManufacturerCode=(1851) IndustryCode=(4) HeadingTrue=(None) HeadingMagnetic=(91.50 deg)

1  : pgn=129038 line=Rx 10322403 11 f8 0e 01 60 1b c1 00 c6 e2 15 23
1  : pgn=129038 line=Rx 10322404 11 f8 0e 01 61 50 13 b7 28 c2 5d 1c
1  : pgn=129038 line=Rx 10322405 11 f8 0e 01 62 22 14 a6 00 00 00 00
1  : pgn=129038 line=Rx 10322405 11 f8 0e 01 63 00 ff ff ff 7f f0 fe
4  : pgn=65384  line=Rx 10322406 1c ff 68 04 3b 9f 00 00 00 00 00 00
0  : pgn=126975 line=Rx 10322419 1d ef ff 00 80 0d 3b 9f f0 81 a4 56
0  : pgn=126975 line=Rx 10322422 1d ef ff 00 81 46 03 05 ff ff ff ff
3  : pgn=129540 line=Tx 10322481 19 fa 04 03 40 9f a3 ff 0d 03 97 1a
source=3: pgn=GNSS Sats in View(129540): values=RangeResidualMode=(None) SatsinView=(163) PRN=(None) Elevation=(4.47 deg) Azimuth=(39.00 deg) SNR=(0.0 dB) Rangeresiduals=(0) Status=("0")

3  : pgn=129540 line=Tx 10322481 19 fa 04 03 41 2e 26 00 00 00 00 00
source=3: pgn=GNSS Sats in View(129540): values=RangeResidualMode=("0") SatsinView=(38) PRN=(0) Elevation=(0.00 deg) Azimuth=(0.00 deg) SNR=(0.0 dB) Rangeresiduals=(0) Status=("0")

3  : pgn=129540 line=Tx 10322481 19 fa 04 03 42 00 f3 0f ff 1d ad 3c
source=3: pgn=GNSS Sats in View(129540): values=RangeResidualMode=("0") SatsinView=(243) PRN=(15) Elevation=(44.00 deg) Azimuth=(89.00 deg) SNR=(0.0 dB) Rangeresiduals=(0) Status=("0")

3  : pgn=129540 line=Tx 10322481 19 fa 04 03 43 80 0c 00 00 00 00 f5
source=3: pgn=GNSS Sats in View(129540): values=RangeResidualMode=("0") SatsinView=(12) PRN=(0) Elevation=(0.00 deg) Azimuth=(359.36 deg) SNR=(0.0 dB) Rangeresiduals=(0) Status=("0")

3  : pgn=129540 line=Tx 10322481 19 fa 04 03 44 10 17 13 71 b9 10 0e
source=3: pgn=GNSS Sats in View(129540): values=RangeResidualMode=("0") SatsinView=(23) PRN=(19) Elevation=(-103.49 deg) Azimuth=(20.63 deg) SNR=(0.0 dB) Rangeresiduals=(0) Status=("0")

3  : pgn=129540 line=Tx 10322481 19 fa 04 03 45 00 00 00 00 f5 12 c5
source=3: pgn=GNSS Sats in View(129540): values=RangeResidualMode=("0") SatsinView=(0) PRN=(0) Elevation=(-16.13 deg) Azimuth=(289.06 deg) SNR=(0.0 dB) Rangeresiduals=(0) Status=("0")

3  : pgn=129540 line=Tx 10322481 19 fa 04 03 46 31 f2 93 10 0e 00 00
source=3: pgn=GNSS Sats in View(129540): values=RangeResidualMode=("1") SatsinView=(242) PRN=(147) Elevation=(20.63 deg) Azimuth=(0.00 deg) SNR=(0.0 dB) Rangeresiduals=(0) Status=("0")

3  : pgn=129540 line=Tx 10322481 19 fa 04 03 47 00 00 f5 13 69 03 1f
source=3: pgn=GNSS Sats in View(129540): values=RangeResidualMode=("0") SatsinView=(0) PRN=(245) Elevation=(154.12 deg) Azimuth=(45.49 deg) SNR=(0.0 dB) Rangeresiduals=(0) Status=("0")

3  : pgn=129540 line=Tx 10322481 19 fa 04 03 48 d8 d8 0e 00 00 00 00
source=3: pgn=GNSS Sats in View(129540): values=RangeResidualMode=("0") SatsinView=(216) PRN=(14) Elevation=(0.00 deg) Azimuth=(0.00 deg) SNR=(0.0 dB) Rangeresiduals=(0) Status=("0")

3  : pgn=129540 line=Tx 10322481 19 fa 04 03 49 f5 15 e8 37 ba 20 e4
source=3: pgn=GNSS Sats in View(129540): values=RangeResidualMode=("1") SatsinView=(21) PRN=(232) Elevation=(-102.36 deg) Azimuth=(334.61 deg) SNR=(0.0 dB) Rangeresiduals=(0) Status=("0")

3  : pgn=129540 line=Tx 10322481 19 fa 04 03 4a 0c 00 00 00 00 f5 16
source=3: pgn=GNSS Sats in View(129540): values=RangeResidualMode=("0") SatsinView=(0) PRN=(0) Elevation=(0.00 deg) Azimuth=(33.67 deg) SNR=(0.0 dB) Rangeresiduals=(0) Status=("0")

3  : pgn=129540 line=Tx 10322483 19 fa 04 03 4b 80 16 cf 9c 48 0d 00
source=3: pgn=GNSS Sats in View(129540): values=RangeResidualMode=("0") SatsinView=(22) PRN=(207) Elevation=(106.50 deg) Azimuth=(0.07 deg) SNR=(0.0 dB) Rangeresiduals=(0) Status=("0")

3  : pgn=129540 line=Tx 10322484 19 fa 04 03 4c 00 00 00 f5 1a ae 0f
source=3: pgn=GNSS Sats in View(129540): values=RangeResidualMode=("0") SatsinView=(0) PRN=(0) Elevation=(39.54 deg) Azimuth=(23.00 deg) SNR=(0.0 dB) Rangeresiduals=(0) Status=("0")

3  : pgn=129540 line=Tx 10322484 19 fa 04 03 4d 5d 1f 80 0c 00 00 00
source=3: pgn=GNSS Sats in View(129540): values=RangeResidualMode=("1") SatsinView=(31) PRN=(128) Elevation=(0.07 deg) Azimuth=(0.00 deg) SNR=(0.0 dB) Rangeresiduals=(0) Status=("0")

3  : pgn=129540 line=Tx 10322485 19 fa 04 03 4e 00 f5 1b d1 15 ab d2
source=3: pgn=GNSS Sats in View(129540): values=RangeResidualMode=("0") SatsinView=(245) PRN=(27) Elevation=(32.00 deg) Azimuth=(309.00 deg) SNR=(0.0 dB) Rangeresiduals=(0) Status=("0")

32 : pgn=128259 line=Rx 10322485 09 f5 03 20 f0 1a 01 ff ff ff ff ff
source=32: pgn=Speed(128259): values=SpeedWaterReferenced=(2.82 m/s) SpeedGroundReferenced=(None) SpeedWaterReferencedType=(None) SpeedDirection=(None)

3  : pgn=129540 line=Tx 10322486 19 fa 04 03 4f 80 0c 00 00 00 00 f5
source=3: pgn=GNSS Sats in View(129540): values=RangeResidualMode=("0") SatsinView=(12) PRN=(0) Elevation=(0.00 deg) Azimuth=(359.36 deg) SNR=(0.0 dB) Rangeresiduals=(0) Status=("0")

3  : pgn=129540 line=Tx 10322487 19 fa 04 03 50 1d 00 0f a1 67 80 0c
source=3: pgn=GNSS Sats in View(129540): values=RangeResidualMode=("1") SatsinView=(0) PRN=(15) Elevation=(152.00 deg) Azimuth=(18.33 deg) SNR=(0.0 dB) Rangeresiduals=(0) Status=("0")

3  : pgn=129540 line=Tx 10322488 19 fa 04 03 51 00 00 00 00 f5 23 d1
source=3: pgn=GNSS Sats in View(129540): values=RangeResidualMode=("0") SatsinView=(0) PRN=(0) Elevation=(-16.13 deg) Azimuth=(306.76 deg) SNR=(0.0 dB) Rangeresiduals=(0) Status=("0")

3  : pgn=129540 line=Tx 10322488 19 fa 04 03 52 15 c3 8b 00 00 00 00
source=3: pgn=GNSS Sats in View(129540): values=RangeResidualMode=("1") SatsinView=(195) PRN=(139) Elevation=(0.00 deg) Azimuth=(0.00 deg) SNR=(0.0 dB) Rangeresiduals=(0) Status=("0")

3  : pgn=129540 line=Tx 10322490 19 fa 04 03 53 00 00 f3 30 2e 17 43
source=3: pgn=GNSS Sats in View(129540): values=RangeResidualMode=("0") SatsinView=(0) PRN=(243) Elevation=(67.75 deg) Azimuth=(98.41 deg) SNR=(0.0 dB) Rangeresiduals=(0) Status=("0")

3  : pgn=129540 line=Tx 10322490 19 fa 04 03 54 84 10 0e 00 00 00 00
source=3: pgn=GNSS Sats in View(129540): values=RangeResidualMode=("0") SatsinView=(16) PRN=(14) Elevation=(0.00 deg) Azimuth=(0.00 deg) SNR=(0.0 dB) Rangeresiduals=(0) Status=("0")

3  : pgn=129540 line=Tx 10322491 19 fa 04 03 55 f5 33 80 16 67 6c d8
source=3: pgn=GNSS Sats in View(129540): values=RangeResidualMode=("1") SatsinView=(51) PRN=(128) Elevation=(151.20 deg) Azimuth=(317.44 deg) SNR=(0.0 dB) Rangeresiduals=(0) Status=("0")

3  : pgn=129540 line=Tx 10322492 19 fa 04 03 56 0e 00 00 00 00 f5 ff
source=3: pgn=GNSS Sats in View(129540): values=RangeResidualMode=("0") SatsinView=(0) PRN=(0) Elevation=(0.00 deg) Azimuth=(375.43 deg) SNR=(0.0 dB) Rangeresiduals=(0) Status=("0")

3  : pgn=129025 line=Tx 10322492 09 f8 01 03 db 6d 6f 1c cc 91 fd b6
source=3: pgn=Position, Rapid Update(129025): values=Latitude=(47.7064667 deg) Longitude=(-122.4896052 deg)

0  : pgn=127250 line=Rx 10322493 09 f1 12 00 ff 4b 3e ff 7f ff 7f fd
source=0: pgn=Vessel Heading(127250): values=Heading=(91.37 deg) Deviation=(None) Variation=(None) Reference=("1")

3  : pgn=127258 line=Tx 10322493 19 f1 1a 03 ff f6 12 39 fa 0a ff ff
source=3: pgn=Magnetic Variation(127258): values=Source=("6") Ageofservice=(14610 d) Variation=(16.10 deg)

0  : pgn=127245 line=Rx 10322494 09 f1 0d 00 00 f8 ff 7f 00 00 ff ff
source=0: pgn=Rudder(127245): values=Instance=(0) DirectionOrder=("0") AngleOrder=(None) Position=(0.00 deg)

0  : pgn=65359  line=Rx 10322512 1c ff 4f 00 3b 9f ff ff ff 4b 3e ff
source=0: pgn=Seatalk: Pilot Heading(65359): values=ManufacturerCode=(1851) IndustryCode=(4) HeadingTrue=(None) HeadingMagnetic=(91.37 deg)

3  : pgn=129026 line=Tx 10322581 09 f8 02 03 ff fc 4a 4c 4b 01 ff ff
source=3: pgn=COG & SOG, Rapid Update(129026): values=COGReference=("0") COG=(111.90 deg) SOG=(3.31 m/s)

3  : pgn=129025 line=Tx 10322582 09 f8 01 03 db 6d 6f 1c cc 91 fd b6
source=3: pgn=Position, Rapid Update(129025): values=Latitude=(47.7064667 deg) Longitude=(-122.4896052 deg)

32 : pgn=128259 line=Rx 10322584 09 f5 03 20 f1 1d 01 ff ff ff ff ff
source=32: pgn=Speed(128259): values=SpeedWaterReferenced=(2.85 m/s) SpeedGroundReferenced=(None) SpeedWaterReferencedType=(None) SpeedDirection=(None)

0  : pgn=127250 line=Rx 10322594 09 f1 12 00 ff 16 3e ff 7f ff 7f fd
source=0: pgn=Vessel Heading(127250): values=Heading=(91.07 deg) Deviation=(None) Variation=(None) Reference=("1")

0  : pgn=127245 line=Rx 10322594 09 f1 0d 00 00 f8 ff 7f 00 00 ff ff
source=0: pgn=Rudder(127245): values=Instance=(0) DirectionOrder=("0") AngleOrder=(None) Position=(0.00 deg)

0  : pgn=65379  line=Rx 10322599 1c ff 63 00 3b 9f 00 00 00 00 01 ff
source=0: pgn=Seatalk: Pilot Mode(65379): values=ManufacturerCode=(1851) IndustryCode=(4) PilotMode=(0) SubMode=(0) PilotModeData=(0)

0  : pgn=65359  line=Rx 10322599 1c ff 4f 00 3b 9f ff ff ff 16 3e ff
source=0: pgn=Seatalk: Pilot Heading(65359): values=ManufacturerCode=(1851) IndustryCode=(4) HeadingTrue=(None) HeadingMagnetic=(91.07 deg)

0  : pgn=126975 line=Rx 10322616 1d ef ff 00 a0 0d 3b 9f f0 81 84 96
0  : pgn=126975 line=Rx 10322617 1d ef ff 00 a1 40 02 00 00 00 02 05
1  : pgn=129038 line=Rx 10322671 11 f8 0e 01 80 1b c1 38 45 e0 15 b7
1  : pgn=129038 line=Rx 10322671 11 f8 0e 01 81 bb 0f b7 c1 f2 67 1c
1  : pgn=129038 line=Rx 10322672 11 f8 0e 01 82 20 3f 0e 00 00 00 00
1  : pgn=129038 line=Rx 10322673 11 f8 0e 01 83 00 ff ff ff 7f f0 fe
3  : pgn=129029 line=Tx 10322682 0d f8 05 03 00 2b 81 06 40 ba ae 10
source=3: pgn=GNSS Position Data(129029): values=Date=(33067 d) Time=(293144.167 s) Latitude=(0.0 deg) Longitude=(0.0 deg) Altitude=(0.0 m) GNSStype=("0") Method=("0") Integrity=("0") NumberofSVs=(0) HDOP=(0.0) PDOP=(0.0) GeoidalSeparation=(0.0 m) ReferenceStations=(0) ReferenceStationType=("0") ReferenceStationID=(0) AgeofDGNSSCorrections=(0.0 s)

3  : pgn=129029 line=Tx 10322682 0d f8 05 03 01 2c 00 ea 60 27 c7 df
source=3: pgn=GNSS Position Data(129029): values=Date=(44 d) Time=(334124.66980000003 s) Latitude=(0.0 deg) Longitude=(0.0 deg) Altitude=(0.0 m) GNSStype=("0") Method=("0") Integrity=("0") NumberofSVs=(0) HDOP=(0.0) PDOP=(0.0) GeoidalSeparation=(0.0 m) ReferenceStations=(0) ReferenceStationType=("0") ReferenceStationID=(0) AgeofDGNSSCorrections=(0.0 s)

3  : pgn=129029 line=Tx 10322682 0d f8 05 03 02 9e 06 00 c6 c8 fd 9c
source=3: pgn=GNSS Position Data(129029): values=Date=(1694 d) Time=(425779.35360000003 s) Latitude=(0.0 deg) Longitude=(0.0 deg) Altitude=(0.0 m) GNSStype=("0") Method=("0") Integrity=("0") NumberofSVs=(0) HDOP=(0.0) PDOP=(0.0) GeoidalSeparation=(0.0 m) ReferenceStations=(0) ReferenceStationType=("0") ReferenceStationID=(0) AgeofDGNSSCorrections=(0.0 s)

3  : pgn=129029 line=Tx 10322682 0d f8 05 03 03 4b 00 ef ff ff ff ff
source=3: pgn=GNSS Position Data(129029): values=Date=(75 d) Time=(429496.7279 s) Latitude=(0.0 deg) Longitude=(0.0 deg) Altitude=(0.0 m) GNSStype=("0") Method=("0") Integrity=("0") NumberofSVs=(0) HDOP=(0.0) PDOP=(0.0) GeoidalSeparation=(0.0 m) ReferenceStations=(0) ReferenceStationType=("0") ReferenceStationID=(0) AgeofDGNSSCorrections=(0.0 s)

3  : pgn=129029 line=Tx 10322682 0d f8 05 03 04 ff ff ff 7f 23 fc 09
source=3: pgn=GNSS Position Data(129029): values=Date=(None) Time=(423018.49590000004 s) Latitude=(0.0 deg) Longitude=(0.0 deg) Altitude=(0.0 m) GNSStype=("0") Method=("0") Integrity=("0") NumberofSVs=(0) HDOP=(0.0) PDOP=(0.0) GeoidalSeparation=(0.0 m) ReferenceStations=(0) ReferenceStationType=("0") ReferenceStationID=(0) AgeofDGNSSCorrections=(0.0 s)

3  : pgn=129029 line=Tx 10322682 0d f8 05 03 05 54 00 ff 7f ff ff ff
source=3: pgn=GNSS Position Data(129029): values=Date=(84 d) Time=(429493.4527 s) Latitude=(0.0 deg) Longitude=(0.0 deg) Altitude=(0.0 m) GNSStype=("0") Method=("0") Integrity=("0") NumberofSVs=(0) HDOP=(0.0) PDOP=(0.0) GeoidalSeparation=(0.0 m) ReferenceStations=(0) ReferenceStationType=("0") ReferenceStationID=(0) AgeofDGNSSCorrections=(0.0 s)

3  : pgn=129029 line=Tx 10322682 0d f8 05 03 06 7f 00 ff ff ff ff ff
source=3: pgn=GNSS Position Data(129029): values=Date=(127 d) Time=(None) Latitude=(0.0 deg) Longitude=(0.0 deg) Altitude=(0.0 m) GNSStype=("0") Method=("0") Integrity=("0") NumberofSVs=(0) HDOP=(0.0) PDOP=(0.0) GeoidalSeparation=(0.0 m) ReferenceStations=(0) ReferenceStationType=("0") ReferenceStationID=(0) AgeofDGNSSCorrections=(0.0 s)

3  : pgn=129025 line=Tx 10322682 09 f8 01 03 d1 6d 6f 1c 27 92 fd b6
source=3: pgn=Position, Rapid Update(129025): values=Latitude=(47.706465699999995 deg) Longitude=(-122.4895961 deg)

3  : pgn=129033 line=Tx 10322682 0d f8 09 03 06 40 ba ae 10 2c 5c fe
source=3: pgn=Time & Date(129033): values=Date=(16390 d) Time=(73929.081 s) LocalOffset=(-25200.0 s)

32 : pgn=128259 line=Rx 10322684 09 f5 03 20 f2 1e 01 ff ff ff ff ff
source=32: pgn=Speed(128259): values=SpeedWaterReferenced=(2.86 m/s) SpeedGroundReferenced=(None) SpeedWaterReferencedType=(None) SpeedDirection=(None)

1  : pgn=129794 line=Rx 10322686 19 fb 02 01 c0 4b 05 0a 8c db 15 8c
1  : pgn=129794 line=Rx 10322687 19 fb 02 01 c1 24 77 00 57 43 58 37
1  : pgn=129794 line=Rx 10322688 19 fb 02 01 c2 38 37 38 57 53 46 20
1  : pgn=129794 line=Rx 10322689 19 fb 02 01 c3 43 48 45 4c 41 4e 20
1  : pgn=129794 line=Rx 10322690 19 fb 02 01 c4 20 20 20 20 20 20 20
0  : pgn=127250 line=Rx 10322691 09 f1 12 00 ff fb 3d ff 7f ff 7f fd
source=0: pgn=Vessel Heading(127250): values=Heading=(90.91 deg) Deviation=(None) Variation=(None) Reference=("1")

1  : pgn=129794 line=Rx 10322692 19 fb 02 01 c5 20 20 3c 92 04 dc 00
1  : pgn=129794 line=Rx 10322693 19 fb 02 01 c6 ff ff ff ff ff ff 00
1  : pgn=129794 line=Rx 10322693 19 fb 02 01 c7 f6 34 2f 12 02 ff 41
1  : pgn=129794 line=Rx 10322694 19 fb 02 01 c8 56 41 4e 2d 55 53 54
1  : pgn=129794 line=Rx 10322695 19 fb 02 01 c9 41 43 20 20 20 20 20
1  : pgn=129794 line=Rx 10322695 19 fb 02 01 ca 20 20 20 20 05 e1 ff
0  : pgn=127245 line=Rx 10322708 09 f1 0d 00 00 f8 ff 7f 00 00 ff ff
source=0: pgn=Rudder(127245): values=Instance=(0) DirectionOrder=("0") AngleOrder=(None) Position=(0.00 deg)

0  : pgn=65359  line=Rx 10322714 1c ff 4f 00 3b 9f ff ff ff fb 3d ff
source=0: pgn=Seatalk: Pilot Heading(65359): values=ManufacturerCode=(1851) IndustryCode=(4) HeadingTrue=(None) HeadingMagnetic=(90.91 deg)

0  : pgn=126975 line=Rx 10322736 1d ef ff 00 c0 09 3b 9f f0 81 ae 02
0  : pgn=126975 line=Rx 10322738 1d ef ff 00 c1 00 08 00 ff ff ff ff
1  : pgn=129038 line=Rx 10322778 11 f8 0e 01 a0 1b c1 95 05 06 16 f1
1  : pgn=129038 line=Rx 10322778 11 f8 0e 01 a1 5b d7 b6 5d b1 73 1c
1  : pgn=129038 line=Rx 10322779 11 f8 0e 01 a2 21 fc aa 00 00 00 00
1  : pgn=129038 line=Rx 10322779 11 f8 0e 01 a3 00 ff ff ff 7f f0 fe
3  : pgn=129026 line=Tx 10322782 09 f8 02 03 ff fc d0 4b 4b 01 ff ff
source=3: pgn=COG & SOG, Rapid Update(129026): values=COGReference=("0") COG=(111.20 deg) SOG=(3.31 m/s)

3  : pgn=129025 line=Tx 10322782 09 f8 01 03 d1 6d 6f 1c 27 92 fd b6
source=3: pgn=Position, Rapid Update(129025): values=Latitude=(47.706465699999995 deg) Longitude=(-122.4895961 deg)

3  : pgn=126992 line=Tx 10322782 0d f0 10 03 ff ff 06 40 ba ae 10 2c
source=3: pgn=System Time(126992): values=Source=(None) Date=(16390 d) Time=(73929.081 s)

32 : pgn=128259 line=Rx 10322784 09 f5 03 20 f3 20 01 ff ff ff ff ff
source=32: pgn=Speed(128259): values=SpeedWaterReferenced=(2.88 m/s) SpeedGroundReferenced=(None) SpeedWaterReferencedType=(None) SpeedDirection=(None)

0  : pgn=127250 line=Rx 10322795 09 f1 12 00 ff c9 3d ff 7f ff 7f fd
source=0: pgn=Vessel Heading(127250): values=Heading=(90.62 deg) Deviation=(None) Variation=(None) Reference=("1")

0  : pgn=127245 line=Rx 10322796 09 f1 0d 00 00 f8 ff 7f 00 00 ff ff
source=0: pgn=Rudder(127245): values=Instance=(0) DirectionOrder=("0") AngleOrder=(None) Position=(0.00 deg)

0  : pgn=65359  line=Rx 10322802 1c ff 4f 00 3b 9f ff ff ff c9 3d ff
source=0: pgn=Seatalk: Pilot Heading(65359): values=ManufacturerCode=(1851) IndustryCode=(4) HeadingTrue=(None) HeadingMagnetic=(90.62 deg)

1  : pgn=129038 line=Rx 10322842 11 f8 0e 01 c0 1b c1 c6 60 e6 15 7c
1  : pgn=129038 line=Rx 10322843 11 f8 0e 01 c1 74 0d b7 39 9d 68 1c
1  : pgn=129038 line=Rx 10322843 11 f8 0e 01 c2 26 b6 b9 00 00 00 00
1  : pgn=129038 line=Rx 10322844 11 f8 0e 01 c3 00 d1 15 00 00 f0 fe
1  : pgn=129794 line=Rx 10322871 19 fb 02 01 e0 4b 05 b0 2c e0 15 ff
1  : pgn=129794 line=Rx 10322872 19 fb 02 01 e1 ff ff ff 57 43 57 35
1  : pgn=129794 line=Rx 10322872 19 fb 02 01 e2 34 34 38 ff 53 46 20
1  : pgn=129794 line=Rx 10322873 19 fb 02 01 e3 43 48 45 4c 41 4e 20
1  : pgn=129794 line=Rx 10322873 19 fb 02 01 e4 20 20 20 20 20 20 20
1  : pgn=129794 line=Rx 10322874 19 fb 02 01 e5 20 20 3c fa 00 50 00
1  : pgn=129794 line=Rx 10322875 19 fb 02 01 e6 ff ff ff ff d6 3e 00
1  : pgn=129794 line=Rx 10322875 19 fb 02 01 e7 bf 2f 20 58 02 ff 41
1  : pgn=129794 line=Rx 10322876 19 fb 02 01 e8 56 41 4e 2d 55 53 54
1  : pgn=129794 line=Rx 10322876 19 fb 02 01 e9 41 43 20 20 20 20 20
1  : pgn=129794 line=Rx 10322877 19 fb 02 01 ea 20 20 20 20 44 e0 ff
32 : pgn=128259 line=Rx 10322883 09 f5 03 20 f4 21 01 ff ff ff ff ff
source=32: pgn=Speed(128259): values=SpeedWaterReferenced=(2.89 m/s) SpeedGroundReferenced=(None) SpeedWaterReferencedType=(None) SpeedDirection=(None)

3  : pgn=129025 line=Tx 10322883 09 f8 01 03 d1 6d 6f 1c 27 92 fd b6
source=3: pgn=Position, Rapid Update(129025): values=Latitude=(47.706465699999995 deg) Longitude=(-122.4895961 deg)

0  : pgn=127250 line=Rx 10322890 09 f1 12 00 ff 97 3d ff 7f ff 7f fd
source=0: pgn=Vessel Heading(127250): values=Heading=(90.34 deg) Deviation=(None) Variation=(None) Reference=("1")

0  : pgn=127245 line=Rx 10322891 09 f1 0d 00 00 f8 ff 7f 00 00 ff ff
source=0: pgn=Rudder(127245): values=Instance=(0) DirectionOrder=("0") AngleOrder=(None) Position=(0.00 deg)

0  : pgn=65359  line=Rx 10322898 1c ff 4f 00 3b 9f ff ff ff 97 3d ff
source=0: pgn=Seatalk: Pilot Heading(65359): values=ManufacturerCode=(1851) IndustryCode=(4) HeadingTrue=(None) HeadingMagnetic=(90.34 deg)

1  : pgn=129038 line=Rx 10322934 11 f8 0e 01 e0 1b c1 3a 83 dc 15 05
1  : pgn=129038 line=Rx 10322935 11 f8 0e 01 e1 f1 f9 b6 75 34 62 1c
1  : pgn=129038 line=Rx 10322935 11 f8 0e 01 e2 25 08 b6 05 00 00 00
1  : pgn=129038 line=Rx 10322936 11 f8 0e 01 e3 00 cd c9 00 00 ff fe
32 : pgn=128259 line=Rx 10322982 09 f5 03 20 f5 20 01 ff ff ff ff ff
source=32: pgn=Speed(128259): values=SpeedWaterReferenced=(2.88 m/s) SpeedGroundReferenced=(None) SpeedWaterReferencedType=(None) SpeedDirection=(None)

3  : pgn=129026 line=Tx 10322983 09 f8 02 03 ff fc 56 4b 4b 01 ff ff
source=3: pgn=COG & SOG, Rapid Update(129026): values=COGReference=("0") COG=(110.50 deg) SOG=(3.31 m/s)

3  : pgn=129025 line=Tx 10322983 09 f8 01 03 b7 6d 6f 1c d8 92 fd b6
source=3: pgn=Position, Rapid Update(129025): values=Latitude=(47.7064631 deg) Longitude=(-122.4895784 deg)

3  : pgn=129291 line=Tx 10322983 0d f9 0b 03 ff fc 7b 59 36 00 ff ff
source=3: pgn=Set & Drift, Rapid Update(129291): values=SetReference=("0") Set=(131.25 deg) Drift=(0.54 m/s)

0  : pgn=127250 line=Rx 10322993 09 f1 12 00 ff 82 3d ff 7f ff 7f fd
source=0: pgn=Vessel Heading(127250): values=Heading=(90.22 deg) Deviation=(None) Variation=(None) Reference=("1")

0  : pgn=127245 line=Rx 10322994 09 f1 0d 00 00 f8 ff 7f 00 00 ff ff
source=0: pgn=Rudder(127245): values=Instance=(0) DirectionOrder=("0") AngleOrder=(None) Position=(0.00 deg)

1  : pgn=129038 line=Rx 10322996 11 f8 0e 01 00 1b c1 14 fd dd 15 4a
source=1: pgn=AIS Class A Position Report(129038): values=MessageID=(0) RepeatIndicator=("0") UserID=(4245995803) Longitude=(0.0 deg) Latitude=(0.0 deg) PositionAccuracy=("0") RAIM=("0") TimeStamp=("0") COG=(0.00 deg) SOG=(0.0 m/s) CommunicationState=(0) AISTransceiverinformation=("0") Heading=(0.00 deg) RateofTurn=(0.00 deg/s) NavStatus=("0") SpecialManeuverIndicator=("0") Spare=(0) SequenceID=(0)

1  : pgn=129038 line=Rx 10322997 11 f8 0e 01 01 ec 0c b7 92 d2 68 1c
source=1: pgn=AIS Class A Position Report(129038): values=MessageID=(1) RepeatIndicator=("0") UserID=(2461469932) Longitude=(0.0 deg) Latitude=(0.0 deg) PositionAccuracy=("0") RAIM=("0") TimeStamp=("0") COG=(0.00 deg) SOG=(0.0 m/s) CommunicationState=(0) AISTransceiverinformation=("0") Heading=(0.00 deg) RateofTurn=(0.00 deg/s) NavStatus=("0") SpecialManeuverIndicator=("0") Spare=(0) SequenceID=(0)

1  : pgn=129038 line=Rx 10322997 11 f8 0e 01 02 20 eb b3 00 00 01 00
source=1: pgn=AIS Class A Position Report(129038): values=MessageID=(2) RepeatIndicator=("0") UserID=(11791136) Longitude=(0.0 deg) Latitude=(0.0 deg) PositionAccuracy=("0") RAIM=("0") TimeStamp=("0") COG=(0.00 deg) SOG=(0.0 m/s) CommunicationState=(0) AISTransceiverinformation=("0") Heading=(0.00 deg) RateofTurn=(0.00 deg/s) NavStatus=("0") SpecialManeuverIndicator=("0") Spare=(0) SequenceID=(0)

1  : pgn=129038 line=Rx 10322998 11 f8 0e 01 03 08 5b 4c 00 00 ff fe
source=1: pgn=AIS Class A Position Report(129038): values=MessageID=(3) RepeatIndicator=("0") UserID=(5004040) Longitude=(0.0 deg) Latitude=(0.0 deg) PositionAccuracy=("0") RAIM=("0") TimeStamp=("0") COG=(0.00 deg) SOG=(0.0 m/s) CommunicationState=(0) AISTransceiverinformation=("0") Heading=(0.00 deg) RateofTurn=(0.00 deg/s) NavStatus=("0") SpecialManeuverIndicator=("0") Spare=(0) SequenceID=(0)

0  : pgn=65359  line=Rx 10323001 1c ff 4f 00 3b 9f ff ff ff 82 3d ff
source=0: pgn=Seatalk: Pilot Heading(65359): values=ManufacturerCode=(1851) IndustryCode=(4) HeadingTrue=(None) HeadingMagnetic=(90.22 deg)

4  : pgn=126975 line=Rx 10323065 1d ef ff 04 a0 07 3b 9f f0 81 90 00
4  : pgn=126975 line=Rx 10323065 1d ef ff 04 a1 03 ff ff ff ff ff ff
32 : pgn=128259 line=Rx 10323082 09 f5 03 20 f6 20 01 ff ff ff ff ff
source=32: pgn=Speed(128259): values=SpeedWaterReferenced=(2.88 m/s) SpeedGroundReferenced=(None) SpeedWaterReferencedType=(None) SpeedDirection=(None)

3  : pgn=129025 line=Tx 10323083 09 f8 01 03 b7 6d 6f 1c d8 92 fd b6
source=3: pgn=Position, Rapid Update(129025): values=Latitude=(47.7064631 deg) Longitude=(-122.4895784 deg)

1  : pgn=129038 line=Rx 10323087 11 f8 0e 01 20 1b c3 ca 4c e7 15 29
1  : pgn=129038 line=Rx 10323088 11 f8 0e 01 21 1c d5 b6 ca d4 ac 1c
1  : pgn=129038 line=Rx 10323088 11 f8 0e 01 22 25 ca 3e 17 02 00 00
1  : pgn=129038 line=Rx 10323089 11 f8 0e 01 23 00 7f 34 d2 e5 f0 fe
0  : pgn=127250 line=Rx 10323091 09 f1 12 00 ff 5c 3d ff 7f ff 7f fd
source=0: pgn=Vessel Heading(127250): values=Heading=(90.00 deg) Deviation=(None) Variation=(None) Reference=("1")

0  : pgn=127245 line=Rx 10323092 09 f1 0d 00 00 f8 ff 7f 00 00 ff ff
source=0: pgn=Rudder(127245): values=Instance=(0) DirectionOrder=("0") AngleOrder=(None) Position=(0.00 deg)

0  : pgn=65359  line=Rx 10323098 1c ff 4f 00 3b 9f ff ff ff 5c 3d ff
source=0: pgn=Seatalk: Pilot Heading(65359): values=ManufacturerCode=(1851) IndustryCode=(4) HeadingTrue=(None) HeadingMagnetic=(90.00 deg)

0  : pgn=126975 line=Rx 10323111 1d ef ff 00 e0 08 3b 9f f0 81 9c 11
0  : pgn=126975 line=Rx 10323113 1d ef ff 00 e1 00 00 ff ff ff ff ff
32 : pgn=128259 line=Rx 10323183 09 f5 03 20 f7 21 01 ff ff ff ff ff
source=32: pgn=Speed(128259): values=SpeedWaterReferenced=(2.89 m/s) SpeedGroundReferenced=(None) SpeedWaterReferencedType=(None) SpeedDirection=(None)

3  : pgn=129026 line=Tx 10323184 09 f8 02 03 ff fc dc 4a 4b 01 ff ff
source=3: pgn=COG & SOG, Rapid Update(129026): values=COGReference=("0") COG=(109.80 deg) SOG=(3.31 m/s)

3  : pgn=130577 line=Tx 10323184 0d fe 11 03 20 0e c0 82 dc 4a 4b 01
3  : pgn=130577 line=Tx 10323184 0d fe 11 03 21 ff ff ff ff 9d 5c 30
3  : pgn=130577 line=Tx 10323184 0d fe 11 03 22 00 ff ff ff ff ff ff
3  : pgn=129025 line=Tx 10323184 09 f8 01 03 aa 6d 6f 1c 31 93 fd b6
3  : pgn=130306 line=Tx 10323184 09 fd 02 03 ff ea 02 36 cd fa ff ff
source=3: pgn=Wind Data(130306): values=WindSpeed=(7.46 m/s) WindAngle=(301.00 deg) Reference=("2")

32 : pgn=130310 line=Rx 10323187 15 fd 06 20 c9 ff ff ff ff ff ff ff
source=32: pgn=Environmental Parameters (obsolete)(130310): values=WaterTemperature=(None) OutsideAmbientAirTemperature=(None) AtmosphericPressure=(None)

32 : pgn=128275 line=Rx 10323196 19 f5 13 20 60 0e ff ff ff ff ff ff
32 : pgn=128275 line=Rx 10323201 19 f5 13 20 61 d3 ad 3c 00 d3 ad 3c
0  : pgn=127250 line=Rx 10323205 09 f1 12 00 ff 46 3d ff 7f ff 7f fd
source=0: pgn=Vessel Heading(127250): values=Heading=(89.87 deg) Deviation=(None) Variation=(None) Reference=("1")

0  : pgn=127245 line=Rx 10323205 09 f1 0d 00 00 f8 ff 7f 00 00 ff ff
source=0: pgn=Rudder(127245): values=Instance=(0) DirectionOrder=("0") AngleOrder=(None) Position=(0.00 deg)

32 : pgn=128275 line=Rx 10323206 19 f5 13 20 62 00 ff ff ff ff ff ff
1  : pgn=129038 line=Rx 10323209 11 f8 0e 01 40 1b c1 a8 e4 f8 15 a6
1  : pgn=129038 line=Rx 10323210 11 f8 0e 01 41 2f 10 b7 c6 e8 67 1c
1  : pgn=129038 line=Rx 10323210 11 f8 0e 01 42 fc ee 11 00 00 00 00
1  : pgn=129038 line=Rx 10323211 11 f8 0e 01 43 00 ff ff ff 7f f0 fe
0  : pgn=65359  line=Rx 10323212 1c ff 4f 00 3b 9f ff ff ff 46 3d ff
source=0: pgn=Seatalk: Pilot Heading(65359): values=ManufacturerCode=(1851) IndustryCode=(4) HeadingTrue=(None) HeadingMagnetic=(89.87 deg)

1  : pgn=59936  line=Rx 10323238 18 ea 20 01 00 ee 00 00 00 00 00 00
32 : pgn=128259 line=Rx 10323281 09 f5 03 20 f8 22 01 ff ff ff ff ff
3  : pgn=129283 line=Tx 10323284 0d f9 03 03 ff 7f ff ff ff 7f ff ff
source=3: pgn=Cross Track Error(129283): values=XTEmode=(None) NavigationTerminated=("1") XTE=(None)

3  : pgn=129025 line=Tx 10323284 09 f8 01 03 aa 6d 6f 1c 31 93 fd b6
source=3: pgn=Position, Rapid Update(129025): values=Latitude=(47.7064618 deg) Longitude=(-122.48956949999999 deg)

3  : pgn=128267 line=Tx 10323284 0d f5 0b 03 ff 5a 3d 00 00 00 00 ff
source=3: pgn=Water Depth(128267): values=Depth=(157.06 m) Offset=(0.0 m) Range=(None)

0  : pgn=127250 line=Rx 10323292 09 f1 12 00 ff 42 3d ff 7f ff 7f fd
source=0: pgn=Vessel Heading(127250): values=Heading=(89.85 deg) Deviation=(None) Variation=(None) Reference=("1")

0  : pgn=127245 line=Rx 10323292 09 f1 0d 00 00 f8 ff 7f 00 00 ff ff
source=0: pgn=Rudder(127245): values=Instance=(0) DirectionOrder=("0") AngleOrder=(None) Position=(0.00 deg)

0  : pgn=65359  line=Rx 10323300 1c ff 4f 00 3b 9f ff ff ff 42 3d ff
source=0: pgn=Seatalk: Pilot Heading(65359): values=ManufacturerCode=(1851) IndustryCode=(4) HeadingTrue=(None) HeadingMagnetic=(89.85 deg)

1  : pgn=129038 line=Rx 10323303 11 f8 0e 01 60 1b c1 e0 d6 dd 15 23
1  : pgn=129038 line=Rx 10323304 11 f8 0e 01 61 b8 0d b7 c4 ef 63 1c
1  : pgn=129038 line=Rx 10323304 11 f8 0e 01 62 29 73 23 00 00 00 00
1  : pgn=129038 line=Rx 10323305 11 f8 0e 01 63 00 12 f4 00 00 f0 fe
32 : pgn=128259 line=Rx 10323380 09 f5 03 20 f9 24 01 ff ff ff ff ff
source=32: pgn=Speed(128259): values=SpeedWaterReferenced=(2.92 m/s) SpeedGroundReferenced=(None) SpeedWaterReferencedType=(None) SpeedDirection=(None)

0  : pgn=127250 line=Rx 10323386 09 f1 12 00 ff 45 3d ff 7f ff 7f fd
source=0: pgn=Vessel Heading(127250): values=Heading=(89.87 deg) Deviation=(None) Variation=(None) Reference=("1")

3  : pgn=129026 line=Tx 10323387 09 f8 02 03 ff fc dc 4a 4b 01 ff ff
source=3: pgn=COG & SOG, Rapid Update(129026): values=COGReference=("0") COG=(109.80 deg) SOG=(3.31 m/s)

3  : pgn=129025 line=Tx 10323387 09 f8 01 03 aa 6d 6f 1c 31 93 fd b6
source=3: pgn=Position, Rapid Update(129025): values=Latitude=(47.7064618 deg) Longitude=(-122.48956949999999 deg)

3  : pgn=129542 line=Tx 10323387 19 fa 06 03 20 0f 82 10 01 00 00 00
3  : pgn=129542 line=Tx 10323387 19 fa 06 03 21 00 00 00 00 00 00 00
3  : pgn=129542 line=Tx 10323387 19 fa 06 03 22 00 00 ff ff ff ff ff
3  : pgn=65364  line=Tx 10323387 1c ff 54 03 3b 9f ea 02 36 cd ff ff
0  : pgn=127245 line=Rx 10323387 09 f1 0d 00 00 f8 ff 7f 00 00 ff ff
source=0: pgn=Rudder(127245): values=Instance=(0) DirectionOrder=("0") AngleOrder=(None) Position=(0.00 deg)

1  : pgn=129041 line=Rx 10323394 11 f8 11 01 00 30 15 76 89 3a 3b ed
source=1: pgn=AIS Aids to Navigation (AtoN) Report(129041): values=MessageID=(0) RepeatIndicator=("0") UserID=(2306217264) Longitude=(0.0 deg) Latitude=(0.0 deg) PositionAccuracy=("0") RAIM=("0") TimeStamp=("0") Length/Diameter=(0.0 m) Beam/Diameter=(0.0 m) PositionReferencefromStarboardEdge=(0.0 m) PositionReferencefromTrueNorthFacingEdge=(0.0 m) AtoNType=("0") OffPositionIndicator=("0") VirtualAtoNFlag=("0") AssignedModeFlag=("0") Spare=(0) PositionFixingDeviceType=("0") AtoNStatus=(0) AISTransceiverinformation=("0") AtoNName=(None)

1  : pgn=129041 line=Rx 10323394 11 f8 11 01 01 61 e3 b6 67 78 ad 1c
source=1: pgn=AIS Aids to Navigation (AtoN) Report(129041): values=MessageID=(1) RepeatIndicator=("0") UserID=(1740039009) Longitude=(0.0 deg) Latitude=(0.0 deg) PositionAccuracy=("0") RAIM=("0") TimeStamp=("0") Length/Diameter=(0.0 m) Beam/Diameter=(0.0 m) PositionReferencefromStarboardEdge=(0.0 m) PositionReferencefromTrueNorthFacingEdge=(0.0 m) AtoNType=("0") OffPositionIndicator=("0") VirtualAtoNFlag=("0") AssignedModeFlag=("0") Spare=(0) PositionFixingDeviceType=("0") AtoNStatus=(0) AISTransceiverinformation=("0") AtoNName=(None)

1  : pgn=129041 line=Rx 10323395 11 f8 11 01 02 f4 00 00 00 00 00 00
source=1: pgn=AIS Aids to Navigation (AtoN) Report(129041): values=MessageID=(2) RepeatIndicator=("0") UserID=(244) Longitude=(0.0 deg) Latitude=(0.0 deg) PositionAccuracy=("0") RAIM=("0") TimeStamp=("0") Length/Diameter=(0.0 m) Beam/Diameter=(0.0 m) PositionReferencefromStarboardEdge=(0.0 m) PositionReferencefromTrueNorthFacingEdge=(0.0 m) AtoNType=("0") OffPositionIndicator=("0") VirtualAtoNFlag=("0") AssignedModeFlag=("0") Spare=(0) PositionFixingDeviceType=("0") AtoNStatus=(0) AISTransceiverinformation=("0") AtoNName=(None)

1  : pgn=129041 line=Rx 10323396 11 f8 11 01 03 ff ff 52 ee ff e1 16
source=1: pgn=AIS Aids to Navigation (AtoN) Report(129041): values=MessageID=(3) RepeatIndicator=("0") UserID=(3998416895) Longitude=(0.0 deg) Latitude=(0.0 deg) PositionAccuracy=("0") RAIM=("0") TimeStamp=("0") Length/Diameter=(0.0 m) Beam/Diameter=(0.0 m) PositionReferencefromStarboardEdge=(0.0 m) PositionReferencefromTrueNorthFacingEdge=(0.0 m) AtoNType=("0") OffPositionIndicator=("0") VirtualAtoNFlag=("0") AssignedModeFlag=("0") Spare=(0) PositionFixingDeviceType=("0") AtoNStatus=(0) AISTransceiverinformation=("0") AtoNName=(None)

1  : pgn=129041 line=Rx 10323396 11 f8 11 01 04 01 50 53 20 54 53 4c
source=1: pgn=AIS Aids to Navigation (AtoN) Report(129041): values=MessageID=(4) RepeatIndicator=("0") UserID=(542330881) Longitude=(0.0 deg) Latitude=(0.0 deg) PositionAccuracy=("0") RAIM=("0") TimeStamp=("0") Length/Diameter=(0.0 m) Beam/Diameter=(0.0 m) PositionReferencefromStarboardEdge=(0.0 m) PositionReferencefromTrueNorthFacingEdge=(0.0 m) AtoNType=("0") OffPositionIndicator=("0") VirtualAtoNFlag=("0") AssignedModeFlag=("0") Spare=(0) PositionFixingDeviceType=("0") AtoNStatus=(0) AISTransceiverinformation=("0") AtoNName=(None)

1  : pgn=129041 line=Rx 10323397 11 f8 11 01 05 20 53 42 20 20 20 20
source=1: pgn=AIS Aids to Navigation (AtoN) Report(129041): values=MessageID=(5) RepeatIndicator=("0") UserID=(541217568) Longitude=(0.0 deg) Latitude=(0.0 deg) PositionAccuracy=("0") RAIM=("0") TimeStamp=("0") Length/Diameter=(0.0 m) Beam/Diameter=(0.0 m) PositionReferencefromStarboardEdge=(0.0 m) PositionReferencefromTrueNorthFacingEdge=(0.0 m) AtoNType=("0") OffPositionIndicator=("0") VirtualAtoNFlag=("0") AssignedModeFlag=("0") Spare=(0) PositionFixingDeviceType=("0") AtoNStatus=(0) AISTransceiverinformation=("0") AtoNName=(None)

1  : pgn=129041 line=Rx 10323397 11 f8 11 01 06 20 20 20 20 20 20 20
source=1: pgn=AIS Aids to Navigation (AtoN) Report(129041): values=MessageID=(6) RepeatIndicator=("0") UserID=(538976288) Longitude=(0.0 deg) Latitude=(0.0 deg) PositionAccuracy=("0") RAIM=("0") TimeStamp=("0") Length/Diameter=(0.0 m) Beam/Diameter=(0.0 m) PositionReferencefromStarboardEdge=(0.0 m) PositionReferencefromTrueNorthFacingEdge=(0.0 m) AtoNType=("0") OffPositionIndicator=("0") VirtualAtoNFlag=("0") AssignedModeFlag=("0") Spare=(0) PositionFixingDeviceType=("0") AtoNStatus=(0) AISTransceiverinformation=("0") AtoNName=(None)

0  : pgn=65359  line=Rx 10323402 1c ff 4f 00 3b 9f ff ff ff 45 3d ff
source=0: pgn=Seatalk: Pilot Heading(65359): values=ManufacturerCode=(1851) IndustryCode=(4) HeadingTrue=(None) HeadingMagnetic=(89.87 deg)

4  : pgn=65384  line=Rx 10323405 1c ff 68 04 3b 9f 00 00 00 00 00 00
1  : pgn=129038 line=Rx 10323457 11 f8 0e 01 80 1b c1 7e e1 df 15 25
1  : pgn=129038 line=Rx 10323458 11 f8 0e 01 81 20 0e b7 2b 2d 68 1c
1  : pgn=129038 line=Rx 10323458 11 f8 0e 01 82 29 24 cd 00 00 00 00
1  : pgn=129038 line=Rx 10323459 11 f8 0e 01 83 00 68 03 00 00 f0 fe
1  : pgn=129038 line=Rx 10323459 11 f8 0e 01 a0 1b c1 9a cc e2 15 f4
1  : pgn=129038 line=Rx 10323460 11 f8 0e 01 a1 3d 10 b7 0c e5 67 1c
1  : pgn=129038 line=Rx 10323461 11 f8 0e 01 a2 24 39 2e 00 00 00 00
1  : pgn=129038 line=Rx 10323461 11 f8 0e 01 a3 00 ff ff ff 7f f0 fe
32 : pgn=128259 line=Rx 10323480 09 f5 03 20 fa 25 01 ff ff ff ff ff
source=32: pgn=Speed(128259): values=SpeedWaterReferenced=(2.93 m/s) SpeedGroundReferenced=(None) SpeedWaterReferencedType=(None) SpeedDirection=(None)

0  : pgn=127250 line=Rx 10323486 09 f1 12 00 ff 48 3d ff 7f ff 7f fd
source=0: pgn=Vessel Heading(127250): values=Heading=(89.89 deg) Deviation=(None) Variation=(None) Reference=("1")

0  : pgn=127245 line=Rx 10323487 09 f1 0d 00 00 f8 ff 7f 00 00 ff ff
source=0: pgn=Rudder(127245): values=Instance=(0) DirectionOrder=("0") AngleOrder=(None) Position=(0.00 deg)

3  : pgn=129540 line=Tx 10323487 19 fa 04 03 60 9f a4 ff 0d 03 97 1a
source=3: pgn=GNSS Sats in View(129540): values=RangeResidualMode=(None) SatsinView=(164) PRN=(None) Elevation=(4.47 deg) Azimuth=(39.00 deg) SNR=(0.0 dB) Rangeresiduals=(0) Status=("0")

3  : pgn=129540 line=Tx 10323487 19 fa 04 03 61 2e 26 00 00 00 00 00
source=3: pgn=GNSS Sats in View(129540): values=RangeResidualMode=("0") SatsinView=(38) PRN=(0) Elevation=(0.00 deg) Azimuth=(0.00 deg) SNR=(0.0 dB) Rangeresiduals=(0) Status=("0")

3  : pgn=129540 line=Tx 10323487 19 fa 04 03 62 00 f3 0f ff 1d ad 3c
source=3: pgn=GNSS Sats in View(129540): values=RangeResidualMode=("0") SatsinView=(243) PRN=(15) Elevation=(44.00 deg) Azimuth=(89.00 deg) SNR=(0.0 dB) Rangeresiduals=(0) Status=("0")

3  : pgn=129540 line=Tx 10323487 19 fa 04 03 63 80 0c 00 00 00 00 f5
source=3: pgn=GNSS Sats in View(129540): values=RangeResidualMode=("0") SatsinView=(12) PRN=(0) Elevation=(0.00 deg) Azimuth=(359.36 deg) SNR=(0.0 dB) Rangeresiduals=(0) Status=("0")

3  : pgn=129540 line=Tx 10323487 19 fa 04 03 64 10 17 13 71 b9 10 0e
source=3: pgn=GNSS Sats in View(129540): values=RangeResidualMode=("0") SatsinView=(23) PRN=(19) Elevation=(-103.49 deg) Azimuth=(20.63 deg) SNR=(0.0 dB) Rangeresiduals=(0) Status=("0")

3  : pgn=129540 line=Tx 10323487 19 fa 04 03 65 00 00 00 00 f5 12 c5
source=3: pgn=GNSS Sats in View(129540): values=RangeResidualMode=("0") SatsinView=(0) PRN=(0) Elevation=(-16.13 deg) Azimuth=(289.06 deg) SNR=(0.0 dB) Rangeresiduals=(0) Status=("0")

3  : pgn=129540 line=Tx 10323487 19 fa 04 03 66 31 f2 93 10 0e 00 00
source=3: pgn=GNSS Sats in View(129540): values=RangeResidualMode=("1") SatsinView=(242) PRN=(147) Elevation=(20.63 deg) Azimuth=(0.00 deg) SNR=(0.0 dB) Rangeresiduals=(0) Status=("0")

3  : pgn=129540 line=Tx 10323487 19 fa 04 03 67 00 00 f5 13 69 03 1f
source=3: pgn=GNSS Sats in View(129540): values=RangeResidualMode=("0") SatsinView=(0) PRN=(245) Elevation=(154.12 deg) Azimuth=(45.49 deg) SNR=(0.0 dB) Rangeresiduals=(0) Status=("0")

3  : pgn=129540 line=Tx 10323487 19 fa 04 03 68 d8 d8 0e 00 00 00 00
source=3: pgn=GNSS Sats in View(129540): values=RangeResidualMode=("0") SatsinView=(216) PRN=(14) Elevation=(0.00 deg) Azimuth=(0.00 deg) SNR=(0.0 dB) Rangeresiduals=(0) Status=("0")

3  : pgn=129540 line=Tx 10323487 19 fa 04 03 69 f5 15 e8 37 ba 20 e4
source=3: pgn=GNSS Sats in View(129540): values=RangeResidualMode=("1") SatsinView=(21) PRN=(232) Elevation=(-102.36 deg) Azimuth=(334.61 deg) SNR=(0.0 dB) Rangeresiduals=(0) Status=("0")

3  : pgn=129540 line=Tx 10323487 19 fa 04 03 6a 0c 00 00 00 00 f5 16
source=3: pgn=GNSS Sats in View(129540): values=RangeResidualMode=("0") SatsinView=(0) PRN=(0) Elevation=(0.00 deg) Azimuth=(33.67 deg) SNR=(0.0 dB) Rangeresiduals=(0) Status=("0")

3  : pgn=129540 line=Tx 10323488 19 fa 04 03 6b 80 16 cf 9c 48 0d 00
source=3: pgn=GNSS Sats in View(129540): values=RangeResidualMode=("0") SatsinView=(22) PRN=(207) Elevation=(106.50 deg) Azimuth=(0.07 deg) SNR=(0.0 dB) Rangeresiduals=(0) Status=("0")

3  : pgn=129540 line=Tx 10323489 19 fa 04 03 6c 00 00 00 f5 1a ae 0f
source=3: pgn=GNSS Sats in View(129540): values=RangeResidualMode=("0") SatsinView=(0) PRN=(0) Elevation=(39.54 deg) Azimuth=(23.00 deg) SNR=(0.0 dB) Rangeresiduals=(0) Status=("0")

3  : pgn=129540 line=Tx 10323491 19 fa 04 03 6d 5d 1f 80 0c 00 00 00
source=3: pgn=GNSS Sats in View(129540): values=RangeResidualMode=("1") SatsinView=(31) PRN=(128) Elevation=(0.07 deg) Azimuth=(0.00 deg) SNR=(0.0 dB) Rangeresiduals=(0) Status=("0")

3  : pgn=129540 line=Tx 10323491 19 fa 04 03 6e 00 f5 1b d1 15 ab d2
source=3: pgn=GNSS Sats in View(129540): values=RangeResidualMode=("0") SatsinView=(245) PRN=(27) Elevation=(32.00 deg) Azimuth=(309.00 deg) SNR=(0.0 dB) Rangeresiduals=(0) Status=("0")

3  : pgn=129540 line=Tx 10323492 19 fa 04 03 6f 80 0c 00 00 00 00 f5
source=3: pgn=GNSS Sats in View(129540): values=RangeResidualMode=("0") SatsinView=(12) PRN=(0) Elevation=(0.00 deg) Azimuth=(359.36 deg) SNR=(0.0 dB) Rangeresiduals=(0) Status=("0")

3  : pgn=129540 line=Tx 10323493 19 fa 04 03 70 1d 00 0f a1 67 80 0c
source=3: pgn=GNSS Sats in View(129540): values=RangeResidualMode=("1") SatsinView=(0) PRN=(15) Elevation=(152.00 deg) Azimuth=(18.33 deg) SNR=(0.0 dB) Rangeresiduals=(0) Status=("0")

3  : pgn=129540 line=Tx 10323494 19 fa 04 03 71 00 00 00 00 f5 23 d1
source=3: pgn=GNSS Sats in View(129540): values=RangeResidualMode=("0") SatsinView=(0) PRN=(0) Elevation=(-16.13 deg) Azimuth=(306.76 deg) SNR=(0.0 dB) Rangeresiduals=(0) Status=("0")

3  : pgn=129540 line=Tx 10323494 19 fa 04 03 72 15 c3 8b 00 00 00 00
source=3: pgn=GNSS Sats in View(129540): values=RangeResidualMode=("1") SatsinView=(195) PRN=(139) Elevation=(0.00 deg) Azimuth=(0.00 deg) SNR=(0.0 dB) Rangeresiduals=(0) Status=("0")

3  : pgn=129540 line=Tx 10323495 19 fa 04 03 73 00 00 f3 30 2e 17 43
source=3: pgn=GNSS Sats in View(129540): values=RangeResidualMode=("0") SatsinView=(0) PRN=(243) Elevation=(67.75 deg) Azimuth=(98.41 deg) SNR=(0.0 dB) Rangeresiduals=(0) Status=("0")

3  : pgn=129540 line=Tx 10323496 19 fa 04 03 74 84 10 0e 00 00 00 00
source=3: pgn=GNSS Sats in View(129540): values=RangeResidualMode=("0") SatsinView=(16) PRN=(14) Elevation=(0.00 deg) Azimuth=(0.00 deg) SNR=(0.0 dB) Rangeresiduals=(0) Status=("0")

3  : pgn=129540 line=Tx 10323496 19 fa 04 03 75 f5 33 80 16 67 6c d8
source=3: pgn=GNSS Sats in View(129540): values=RangeResidualMode=("1") SatsinView=(51) PRN=(128) Elevation=(151.20 deg) Azimuth=(317.44 deg) SNR=(0.0 dB) Rangeresiduals=(0) Status=("0")

3  : pgn=129540 line=Tx 10323497 19 fa 04 03 76 0e 00 00 00 00 f5 ff
source=3: pgn=GNSS Sats in View(129540): values=RangeResidualMode=("0") SatsinView=(0) PRN=(0) Elevation=(0.00 deg) Azimuth=(375.43 deg) SNR=(0.0 dB) Rangeresiduals=(0) Status=("0")

3  : pgn=129025 line=Tx 10323498 09 f8 01 03 9b 6d 6f 1c 86 93 fd b6
source=3: pgn=Position, Rapid Update(129025): values=Latitude=(47.706460299999996 deg) Longitude=(-122.489561 deg)

3  : pgn=127258 line=Tx 10323499 19 f1 1a 03 ff f6 12 39 fa 0a ff ff
source=3: pgn=Magnetic Variation(127258): values=Source=("6") Ageofservice=(14610 d) Variation=(16.10 deg)

0  : pgn=65359  line=Rx 10323504 1c ff 4f 00 3b 9f ff ff ff 48 3d ff
source=0: pgn=Seatalk: Pilot Heading(65359): values=ManufacturerCode=(1851) IndustryCode=(4) HeadingTrue=(None) HeadingMagnetic=(89.89 deg)

32 : pgn=128259 line=Rx 10323579 09 f5 03 20 fb 27 01 ff ff ff ff ff
source=32: pgn=Speed(128259): values=SpeedWaterReferenced=(2.95 m/s) SpeedGroundReferenced=(None) SpeedWaterReferencedType=(None) SpeedDirection=(None)

0  : pgn=127250 line=Rx 10323586 09 f1 12 00 ff 5c 3d ff 7f ff 7f fd
source=0: pgn=Vessel Heading(127250): values=Heading=(90.00 deg) Deviation=(None) Variation=(None) Reference=("1")

0  : pgn=127245 line=Rx 10323587 09 f1 0d 00 00 f8 ff 7f 00 00 ff ff
source=0: pgn=Rudder(127245): values=Instance=(0) DirectionOrder=("0") AngleOrder=(None) Position=(0.00 deg)

3  : pgn=129026 line=Tx 10323588 09 f8 02 03 ff fc 73 4a 4b 01 ff ff
source=3: pgn=COG & SOG, Rapid Update(129026): values=COGReference=("0") COG=(109.20 deg) SOG=(3.31 m/s)

3  : pgn=129025 line=Tx 10323588 09 f8 01 03 9b 6d 6f 1c 86 93 fd b6
source=3: pgn=Position, Rapid Update(129025): values=Latitude=(47.706460299999996 deg) Longitude=(-122.489561 deg)

0  : pgn=65379  line=Rx 10323598 1c ff 63 00 3b 9f 00 00 00 00 01 ff
source=0: pgn=Seatalk: Pilot Mode(65379): values=ManufacturerCode=(1851) IndustryCode=(4) PilotMode=(0) SubMode=(0) PilotModeData=(0)

0  : pgn=65359  line=Rx 10323599 1c ff 4f 00 3b 9f ff ff ff 5c 3d ff
source=0: pgn=Seatalk: Pilot Heading(65359): values=ManufacturerCode=(1851) IndustryCode=(4) HeadingTrue=(None) HeadingMagnetic=(90.00 deg)

0  : pgn=126975 line=Rx 10323616 1d ef ff 00 00 0d 3b 9f f0 81 84 16
0  : pgn=126975 line=Rx 10323617 1d ef ff 00 01 40 00 00 00 00 02 05
1  : pgn=129038 line=Rx 10323670 11 f8 0e 01 c0 1b c1 b8 8e e4 15 6a
1  : pgn=129038 line=Rx 10323671 11 f8 0e 01 c1 18 16 b7 d8 2f 64 1c
1  : pgn=129038 line=Rx 10323671 11 f8 0e 01 c2 26 20 8a 00 00 00 00
1  : pgn=129038 line=Rx 10323672 11 f8 0e 01 c3 00 ff ff ff 7f f0 fe
32 : pgn=128259 line=Rx 10323679 09 f5 03 20 fc 29 01 ff ff ff ff ff
source=32: pgn=Speed(128259): values=SpeedWaterReferenced=(2.97 m/s) SpeedGroundReferenced=(None) SpeedWaterReferencedType=(None) SpeedDirection=(None)

0  : pgn=127250 line=Rx 10323688 09 f1 12 00 ff 79 3d ff 7f ff 7f fd
source=0: pgn=Vessel Heading(127250): values=Heading=(90.17 deg) Deviation=(None) Variation=(None) Reference=("1")

0  : pgn=127245 line=Rx 10323688 09 f1 0d 00 00 f8 ff 7f 00 00 ff ff
source=0: pgn=Rudder(127245): values=Instance=(0) DirectionOrder=("0") AngleOrder=(None) Position=(0.00 deg)

3  : pgn=129029 line=Tx 10323690 0d f8 05 03 20 2b 82 06 40 da d4 10
3  : pgn=129029 line=Tx 10323690 0d f8 05 03 21 2c 00 4e ba 94 ba df
3  : pgn=129029 line=Tx 10323690 0d f8 05 03 22 9e 06 00 bc 03 b7 ee
3  : pgn=129029 line=Tx 10323690 0d f8 05 03 23 4b 00 ef ff ff ff ff
3  : pgn=129029 line=Tx 10323690 0d f8 05 03 24 ff ff ff 7f 23 fc 09
3  : pgn=129029 line=Tx 10323690 0d f8 05 03 25 54 00 ff 7f ff ff ff
3  : pgn=129029 line=Tx 10323690 0d f8 05 03 26 7f 00 ff ff ff ff ff
3  : pgn=129025 line=Tx 10323690 09 f8 01 03 9b 6d 6f 1c 86 93 fd b6
source=3: pgn=Position, Rapid Update(129025): values=Latitude=(47.706460299999996 deg) Longitude=(-122.489561 deg)

3  : pgn=129033 line=Tx 10323690 0d f8 09 03 06 40 da d4 10 2c 5c fe
source=3: pgn=Time & Date(129033): values=Date=(16390 d) Time=(73930.057 s) LocalOffset=(-25200.0 s)

0  : pgn=65359  line=Rx 10323713 1c ff 4f 00 3b 9f ff ff ff 79 3d ff
source=0: pgn=Seatalk: Pilot Heading(65359): values=ManufacturerCode=(1851) IndustryCode=(4) HeadingTrue=(None) HeadingMagnetic=(90.17 deg)

0  : pgn=126975 line=Rx 10323728 1d ef ff 00 20 09 3b 9f f0 81 ae 02
0  : pgn=126975 line=Rx 10323730 1d ef ff 00 21 00 08 00 ff ff ff ff
32 : pgn=128259 line=Rx 10323778 09 f5 03 20 00 26 01 ff ff ff ff ff
source=32: pgn=Speed(128259): values=SpeedWaterReferenced=(2.94 m/s) SpeedGroundReferenced=(None) SpeedWaterReferencedType=(None) SpeedDirection=(None)

0  : pgn=127250 line=Rx 10323785 09 f1 12 00 ff 8c 3d ff 7f ff 7f fd
source=0: pgn=Vessel Heading(127250): values=Heading=(90.28 deg) Deviation=(None) Variation=(None) Reference=("1")

0  : pgn=127245 line=Rx 10323786 09 f1 0d 00 00 f8 ff 7f 00 00 ff ff
source=0: pgn=Rudder(127245): values=Instance=(0) DirectionOrder=("0") AngleOrder=(None) Position=(0.00 deg)

3  : pgn=129026 line=Tx 10323791 09 f8 02 03 ff fc 0a 4a 4c 01 ff ff
source=3: pgn=COG & SOG, Rapid Update(129026): values=COGReference=("0") COG=(108.60 deg) SOG=(3.3200000000000003 m/s)

3  : pgn=129025 line=Tx 10323791 09 f8 01 03 87 6d 6f 1c 3a 94 fd b6
source=3: pgn=Position, Rapid Update(129025): values=Latitude=(47.7064583 deg) Longitude=(-122.489543 deg)

3  : pgn=126992 line=Tx 10323791 0d f0 10 03 ff ff 06 40 da d4 10 2c
source=3: pgn=System Time(126992): values=Source=(None) Date=(16390 d) Time=(73930.057 s)

0  : pgn=65359  line=Rx 10323792 1c ff 4f 00 3b 9f ff ff ff 8c 3d ff
source=0: pgn=Seatalk: Pilot Heading(65359): values=ManufacturerCode=(1851) IndustryCode=(4) HeadingTrue=(None) HeadingMagnetic=(90.28 deg)

32 : pgn=128259 line=Rx 10323878 09 f5 03 20 01 25 01 ff ff ff ff ff
source=32: pgn=Speed(128259): values=SpeedWaterReferenced=(2.93 m/s) SpeedGroundReferenced=(None) SpeedWaterReferencedType=(None) SpeedDirection=(None)

0  : pgn=127250 line=Rx 10323885 09 f1 12 00 ff bb 3d ff 7f ff 7f fd
source=0: pgn=Vessel Heading(127250): values=Heading=(90.54 deg) Deviation=(None) Variation=(None) Reference=("1")

0  : pgn=127245 line=Rx 10323885 09 f1 0d 00 00 f8 ff 7f 00 00 ff ff
source=0: pgn=Rudder(127245): values=Instance=(0) DirectionOrder=("0") AngleOrder=(None) Position=(0.00 deg)

3  : pgn=129025 line=Tx 10323891 09 f8 01 03 87 6d 6f 1c 3a 94 fd b6
source=3: pgn=Position, Rapid Update(129025): values=Latitude=(47.7064583 deg) Longitude=(-122.489543 deg)

0  : pgn=65359  line=Rx 10323892 1c ff 4f 00 3b 9f ff ff ff bb 3d ff
source=0: pgn=Seatalk: Pilot Heading(65359): values=ManufacturerCode=(1851) IndustryCode=(4) HeadingTrue=(None) HeadingMagnetic=(90.54 deg)

32 : pgn=128259 line=Rx 10323977 09 f5 03 20 02 21 01 ff ff ff ff ff
source=32: pgn=Speed(128259): values=SpeedWaterReferenced=(2.89 m/s) SpeedGroundReferenced=(None) SpeedWaterReferencedType=(None) SpeedDirection=(None)

3  : pgn=129026 line=Tx 10323991 09 f8 02 03 ff fc 27 49 4b 01 ff ff
source=3: pgn=COG & SOG, Rapid Update(129026): values=COGReference=("0") COG=(107.30 deg) SOG=(3.31 m/s)

3  : pgn=129025 line=Tx 10323991 09 f8 01 03 7c 6d 6f 1c 8f 94 fd b6
source=3: pgn=Position, Rapid Update(129025): values=Latitude=(47.706457199999996 deg) Longitude=(-122.48953449999999 deg)

3  : pgn=129291 line=Tx 10323991 0d f9 0b 03 ff fc 9d 5c 30 00 ff ff
source=3: pgn=Set & Drift, Rapid Update(129291): values=SetReference=("0") Set=(135.84 deg) Drift=(0.48 m/s)

1  : pgn=129038 line=Rx 10324000 11 f8 0e 01 e0 1b c1 d0 57 e0 15 e4
1  : pgn=129038 line=Rx 10324001 11 f8 0e 01 e1 73 0e b7 bf b7 67 1c
1  : pgn=129038 line=Rx 10324001 11 f8 0e 01 e2 24 62 0e 00 00 00 00
1  : pgn=129038 line=Rx 10324002 11 f8 0e 01 e3 00 ff ff ff 7f f0 fe
0  : pgn=127250 line=Rx 10324005 09 f1 12 00 ff d2 3d ff 7f ff 7f fd
source=0: pgn=Vessel Heading(127250): values=Heading=(90.68 deg) Deviation=(None) Variation=(None) Reference=("1")

0  : pgn=127245 line=Rx 10324006 09 f1 0d 00 00 f8 ff 7f 00 00 ff ff
source=0: pgn=Rudder(127245): values=Instance=(0) DirectionOrder=("0") AngleOrder=(None) Position=(0.00 deg)

0  : pgn=65359  line=Rx 10324010 1c ff 4f 00 3b 9f ff ff ff d2 3d ff
source=0: pgn=Seatalk: Pilot Heading(65359): values=ManufacturerCode=(1851) IndustryCode=(4) HeadingTrue=(None) HeadingMagnetic=(90.68 deg)

32 : pgn=128259 line=Rx 10324077 09 f5 03 20 03 1a 01 ff ff ff ff ff
source=32: pgn=Speed(128259): values=SpeedWaterReferenced=(2.82 m/s) SpeedGroundReferenced=(None) SpeedWaterReferencedType=(None) SpeedDirection=(None)

0  : pgn=127250 line=Rx 10324089 09 f1 12 00 ff f9 3d ff 7f ff 7f fd
source=0: pgn=Vessel Heading(127250): values=Heading=(90.90 deg) Deviation=(None) Variation=(None) Reference=("1")

0  : pgn=127245 line=Rx 10324090 09 f1 0d 00 00 f8 ff 7f 00 00 ff ff
source=0: pgn=Rudder(127245): values=Instance=(0) DirectionOrder=("0") AngleOrder=(None) Position=(0.00 deg)

3  : pgn=129025 line=Tx 10324091 09 f8 01 03 7c 6d 6f 1c 8f 94 fd b6
source=3: pgn=Position, Rapid Update(129025): values=Latitude=(47.706457199999996 deg) Longitude=(-122.48953449999999 deg)

0  : pgn=65359  line=Rx 10324100 1c ff 4f 00 3b 9f ff ff ff f9 3d ff
source=0: pgn=Seatalk: Pilot Heading(65359): values=ManufacturerCode=(1851) IndustryCode=(4) HeadingTrue=(None) HeadingMagnetic=(90.90 deg)

0  : pgn=126975 line=Rx 10324101 1d ef ff 00 40 08 3b 9f f0 81 9c 91
0  : pgn=126975 line=Rx 10324103 1d ef ff 00 41 00 00 ff ff ff ff ff
32 : pgn=128259 line=Rx 10324179 09 f5 03 20 04 25 01 ff ff ff ff ff
source=32: pgn=Speed(128259): values=SpeedWaterReferenced=(2.93 m/s) SpeedGroundReferenced=(None) SpeedWaterReferencedType=(None) SpeedDirection=(None)

32 : pgn=130310 line=Rx 10324182 15 fd 06 20 ca ff ff ff ff ff ff ff
source=32: pgn=Environmental Parameters (obsolete)(130310): values=WaterTemperature=(None) OutsideAmbientAirTemperature=(None) AtmosphericPressure=(None)

0  : pgn=127250 line=Rx 10324185 09 f1 12 00 ff 13 3e ff 7f ff 7f fd
source=0: pgn=Vessel Heading(127250): values=Heading=(91.05 deg) Deviation=(None) Variation=(None) Reference=("1")

0  : pgn=127245 line=Rx 10324186 09 f1 0d 00 00 f8 ff 7f 00 00 ff ff
source=0: pgn=Rudder(127245): values=Instance=(0) DirectionOrder=("0") AngleOrder=(None) Position=(0.00 deg)

0  : pgn=65359  line=Rx 10324191 1c ff 4f 00 3b 9f ff ff ff 13 3e ff
source=0: pgn=Seatalk: Pilot Heading(65359): values=ManufacturerCode=(1851) IndustryCode=(4) HeadingTrue=(None) HeadingMagnetic=(91.05 deg)

3  : pgn=129026 line=Tx 10324191 09 f8 02 03 ff fc 27 49 4b 01 ff ff
source=3: pgn=COG & SOG, Rapid Update(129026): values=COGReference=("0") COG=(107.30 deg) SOG=(3.31 m/s)

32 : pgn=128275 line=Rx 10324192 19 f5 13 20 80 0e ff ff ff ff ff ff
3  : pgn=130577 line=Tx 10324192 0d fe 11 03 40 0e c0 83 27 49 4b 01
3  : pgn=130577 line=Tx 10324192 0d fe 11 03 41 ff ff ff ff 64 4a 26
3  : pgn=130577 line=Tx 10324192 0d fe 11 03 42 00 ff ff ff ff ff ff
3  : pgn=129025 line=Tx 10324192 09 f8 01 03 7c 6d 6f 1c 8f 94 fd b6
3  : pgn=130306 line=Tx 10324192 09 fd 02 03 ff ff 02 88 cc fa ff ff
source=3: pgn=Wind Data(130306): values=WindSpeed=(7.67 m/s) WindAngle=(300.00 deg) Reference=("2")

32 : pgn=128275 line=Rx 10324197 19 f5 13 20 81 d3 ad 3c 00 d3 ad 3c
32 : pgn=128275 line=Rx 10324201 19 f5 13 20 82 00 ff ff ff ff ff ff
1  : pgn=59936  line=Rx 10324242 18 ea 20 01 00 ee 00 00 00 00 00 00
1  : pgn=129038 line=Rx 10324273 11 f8 0e 01 00 1b c1 70 83 e7 15 fb
source=1: pgn=AIS Class A Position Report(129038): values=MessageID=(0) RepeatIndicator=("0") UserID=(2205204763) Longitude=(0.0 deg) Latitude=(0.0 deg) PositionAccuracy=("0") RAIM=("0") TimeStamp=("0") COG=(0.00 deg) SOG=(0.0 m/s) CommunicationState=(0) AISTransceiverinformation=("0") Heading=(0.00 deg) RateofTurn=(0.00 deg/s) NavStatus=("0") SpecialManeuverIndicator=("0") Spare=(0) SequenceID=(0)

1  : pgn=129038 line=Rx 10324273 11 f8 0e 01 01 56 0e b7 cc 46 68 1c
source=1: pgn=AIS Class A Position Report(129038): values=MessageID=(1) RepeatIndicator=("0") UserID=(3434548822) Longitude=(0.0 deg) Latitude=(0.0 deg) PositionAccuracy=("0") RAIM=("0") TimeStamp=("0") COG=(0.00 deg) SOG=(0.0 m/s) CommunicationState=(0) AISTransceiverinformation=("0") Heading=(0.00 deg) RateofTurn=(0.00 deg/s) NavStatus=("0") SpecialManeuverIndicator=("0") Spare=(0) SequenceID=(0)

1  : pgn=129038 line=Rx 10324274 11 f8 0e 01 02 2a 5f b3 00 00 00 00
source=1: pgn=AIS Class A Position Report(129038): values=MessageID=(2) RepeatIndicator=("0") UserID=(11755306) Longitude=(0.0 deg) Latitude=(0.0 deg) PositionAccuracy=("0") RAIM=("0") TimeStamp=("0") COG=(0.00 deg) SOG=(0.0 m/s) CommunicationState=(0) AISTransceiverinformation=("0") Heading=(0.00 deg) RateofTurn=(0.00 deg/s) NavStatus=("0") SpecialManeuverIndicator=("0") Spare=(0) SequenceID=(0)

1  : pgn=129038 line=Rx 10324275 11 f8 0e 01 03 00 ff ff ff 7f f0 fe
source=1: pgn=AIS Class A Position Report(129038): values=MessageID=(3) RepeatIndicator=("0") UserID=(4294967040) Longitude=(0.0 deg) Latitude=(0.0 deg) PositionAccuracy=("0") RAIM=("0") TimeStamp=("0") COG=(0.00 deg) SOG=(0.0 m/s) CommunicationState=(0) AISTransceiverinformation=("0") Heading=(0.00 deg) RateofTurn=(0.00 deg/s) NavStatus=("0") SpecialManeuverIndicator=("0") Spare=(0) SequenceID=(0)

32 : pgn=128259 line=Rx 10324276 09 f5 03 20 05 1c 01 ff ff ff ff ff
0  : pgn=127250 line=Rx 10324288 09 f1 12 00 ff 17 3e ff 7f ff 7f fd
source=0: pgn=Vessel Heading(127250): values=Heading=(91.07 deg) Deviation=(None) Variation=(None) Reference=("1")

0  : pgn=127245 line=Rx 10324289 09 f1 0d 00 00 f8 ff 7f 00 00 ff ff
source=0: pgn=Rudder(127245): values=Instance=(0) DirectionOrder=("0") AngleOrder=(None) Position=(0.00 deg)

3  : pgn=129283 line=Tx 10324292 0d f9 03 03 ff 7f ff ff ff 7f ff ff
source=3: pgn=Cross Track Error(129283): values=XTEmode=(None) NavigationTerminated=("1") XTE=(None)

3  : pgn=129025 line=Tx 10324292 09 f8 01 03 70 6d 6f 1c e0 94 fd b6
source=3: pgn=Position, Rapid Update(129025): values=Latitude=(47.706455999999996 deg) Longitude=(-122.48952639999999 deg)

3  : pgn=128267 line=Tx 10324292 0d f5 0b 03 ff 5d 3d 00 00 00 00 ff
source=3: pgn=Water Depth(128267): values=Depth=(157.09 m) Offset=(0.0 m) Range=(None)

0  : pgn=65359  line=Rx 10324302 1c ff 4f 00 3b 9f ff ff ff 17 3e ff
source=0: pgn=Seatalk: Pilot Heading(65359): values=ManufacturerCode=(1851) IndustryCode=(4) HeadingTrue=(None) HeadingMagnetic=(91.07 deg)

1  : pgn=129041 line=Rx 10324362 11 f8 11 01 20 30 15 76 89 3a 3b ed
1  : pgn=129041 line=Rx 10324363 11 f8 11 01 21 61 e3 b6 67 78 ad 1c
1  : pgn=129041 line=Rx 10324363 11 f8 11 01 22 f4 00 00 00 00 00 00
1  : pgn=129041 line=Rx 10324364 11 f8 11 01 23 ff ff 52 ee ff e0 16
1  : pgn=129041 line=Rx 10324364 11 f8 11 01 24 01 50 53 20 54 53 4c
1  : pgn=129041 line=Rx 10324365 11 f8 11 01 25 20 53 42 20 20 20 20
1  : pgn=129041 line=Rx 10324366 11 f8 11 01 26 20 20 20 20 20 20 20
32 : pgn=128259 line=Rx 10324376 09 f5 03 20 06 1d 01 ff ff ff ff ff
source=32: pgn=Speed(128259): values=SpeedWaterReferenced=(2.85 m/s) SpeedGroundReferenced=(None) SpeedWaterReferencedType=(None) SpeedDirection=(None)

0  : pgn=127250 line=Rx 10324388 09 f1 12 00 ff 0f 3e ff 7f ff 7f fd
source=0: pgn=Vessel Heading(127250): values=Heading=(91.03 deg) Deviation=(None) Variation=(None) Reference=("1")

0  : pgn=127245 line=Rx 10324388 09 f1 0d 00 00 f8 ff 7f 00 00 ff ff
source=0: pgn=Rudder(127245): values=Instance=(0) DirectionOrder=("0") AngleOrder=(None) Position=(0.00 deg)

3  : pgn=129026 line=Tx 10324393 09 f8 02 03 ff fc 79 48 4a 01 ff ff
source=3: pgn=COG & SOG, Rapid Update(129026): values=COGReference=("0") COG=(106.30 deg) SOG=(3.3000000000000003 m/s)

3  : pgn=129025 line=Tx 10324393 09 f8 01 03 70 6d 6f 1c e0 94 fd b6
source=3: pgn=Position, Rapid Update(129025): values=Latitude=(47.706455999999996 deg) Longitude=(-122.48952639999999 deg)

3  : pgn=129542 line=Tx 10324393 19 fa 06 03 40 0f 83 19 01 00 00 00
3  : pgn=129542 line=Tx 10324393 19 fa 06 03 41 00 00 00 00 00 00 00
3  : pgn=129542 line=Tx 10324393 19 fa 06 03 42 00 00 ff ff ff ff ff
3  : pgn=65364  line=Tx 10324393 1c ff 54 03 3b 9f ff 02 88 cc ff ff
0  : pgn=65359  line=Rx 10324393 1c ff 4f 00 3b 9f ff ff ff 0f 3e ff
source=0: pgn=Seatalk: Pilot Heading(65359): values=ManufacturerCode=(1851) IndustryCode=(4) HeadingTrue=(None) HeadingMagnetic=(91.03 deg)

4  : pgn=65384  line=Rx 10324405 1c ff 68 04 3b 9f 00 00 00 00 00 00
32 : pgn=128259 line=Rx 10324475 09 f5 03 20 07 1d 01 ff ff ff ff ff
source=32: pgn=Speed(128259): values=SpeedWaterReferenced=(2.85 m/s) SpeedGroundReferenced=(None) SpeedWaterReferencedType=(None) SpeedDirection=(None)

0  : pgn=127250 line=Rx 10324489 09 f1 12 00 ff 01 3e ff 7f ff 7f fd
source=0: pgn=Vessel Heading(127250): values=Heading=(90.95 deg) Deviation=(None) Variation=(None) Reference=("1")

0  : pgn=127245 line=Rx 10324490 09 f1 0d 00 00 f8 ff 7f 00 00 ff ff
source=0: pgn=Rudder(127245): values=Instance=(0) DirectionOrder=("0") AngleOrder=(None) Position=(0.00 deg)

3  : pgn=129540 line=Tx 10324493 19 fa 04 03 80 9f a5 ff 0d 03 97 1a
source=3: pgn=GNSS Sats in View(129540): values=RangeResidualMode=(None) SatsinView=(165) PRN=(None) Elevation=(4.47 deg) Azimuth=(39.00 deg) SNR=(0.0 dB) Rangeresiduals=(0) Status=("0")

3  : pgn=129540 line=Tx 10324493 19 fa 04 03 81 2e 26 00 00 00 00 00
source=3: pgn=GNSS Sats in View(129540): values=RangeResidualMode=("0") SatsinView=(38) PRN=(0) Elevation=(0.00 deg) Azimuth=(0.00 deg) SNR=(0.0 dB) Rangeresiduals=(0) Status=("0")

3  : pgn=129540 line=Tx 10324493 19 fa 04 03 82 00 f3 0f ff 1d ad 3c
source=3: pgn=GNSS Sats in View(129540): values=RangeResidualMode=("0") SatsinView=(243) PRN=(15) Elevation=(44.00 deg) Azimuth=(89.00 deg) SNR=(0.0 dB) Rangeresiduals=(0) Status=("0")

3  : pgn=129540 line=Tx 10324493 19 fa 04 03 83 80 0c 00 00 00 00 f5
source=3: pgn=GNSS Sats in View(129540): values=RangeResidualMode=("0") SatsinView=(12) PRN=(0) Elevation=(0.00 deg) Azimuth=(359.36 deg) SNR=(0.0 dB) Rangeresiduals=(0) Status=("0")

3  : pgn=129540 line=Tx 10324493 19 fa 04 03 84 10 17 13 71 b9 10 0e
source=3: pgn=GNSS Sats in View(129540): values=RangeResidualMode=("0") SatsinView=(23) PRN=(19) Elevation=(-103.49 deg) Azimuth=(20.63 deg) SNR=(0.0 dB) Rangeresiduals=(0) Status=("0")

3  : pgn=129540 line=Tx 10324493 19 fa 04 03 85 00 00 00 00 f5 12 c5
source=3: pgn=GNSS Sats in View(129540): values=RangeResidualMode=("0") SatsinView=(0) PRN=(0) Elevation=(-16.13 deg) Azimuth=(289.06 deg) SNR=(0.0 dB) Rangeresiduals=(0) Status=("0")

3  : pgn=129540 line=Tx 10324493 19 fa 04 03 86 31 f2 93 10 0e 00 00
source=3: pgn=GNSS Sats in View(129540): values=RangeResidualMode=("1") SatsinView=(242) PRN=(147) Elevation=(20.63 deg) Azimuth=(0.00 deg) SNR=(0.0 dB) Rangeresiduals=(0) Status=("0")

3  : pgn=129540 line=Tx 10324493 19 fa 04 03 87 00 00 f5 13 69 03 1f
source=3: pgn=GNSS Sats in View(129540): values=RangeResidualMode=("0") SatsinView=(0) PRN=(245) Elevation=(154.12 deg) Azimuth=(45.49 deg) SNR=(0.0 dB) Rangeresiduals=(0) Status=("0")

3  : pgn=129540 line=Tx 10324493 19 fa 04 03 88 d8 d8 0e 00 00 00 00
source=3: pgn=GNSS Sats in View(129540): values=RangeResidualMode=("0") SatsinView=(216) PRN=(14) Elevation=(0.00 deg) Azimuth=(0.00 deg) SNR=(0.0 dB) Rangeresiduals=(0) Status=("0")

3  : pgn=129540 line=Tx 10324493 19 fa 04 03 89 f5 15 e8 37 ba 20 e4
source=3: pgn=GNSS Sats in View(129540): values=RangeResidualMode=("1") SatsinView=(21) PRN=(232) Elevation=(-102.36 deg) Azimuth=(334.61 deg) SNR=(0.0 dB) Rangeresiduals=(0) Status=("0")

3  : pgn=129540 line=Tx 10324493 19 fa 04 03 8a 0c 00 00 00 00 f5 16
source=3: pgn=GNSS Sats in View(129540): values=RangeResidualMode=("0") SatsinView=(0) PRN=(0) Elevation=(0.00 deg) Azimuth=(33.67 deg) SNR=(0.0 dB) Rangeresiduals=(0) Status=("0")

3  : pgn=129540 line=Tx 10324494 19 fa 04 03 8b 80 16 cf 9c 48 0d 00
source=3: pgn=GNSS Sats in View(129540): values=RangeResidualMode=("0") SatsinView=(22) PRN=(207) Elevation=(106.50 deg) Azimuth=(0.07 deg) SNR=(0.0 dB) Rangeresiduals=(0) Status=("0")

3  : pgn=129540 line=Tx 10324495 19 fa 04 03 8c 00 00 00 f5 1a ae 0f
source=3: pgn=GNSS Sats in View(129540): values=RangeResidualMode=("0") SatsinView=(0) PRN=(0) Elevation=(39.54 deg) Azimuth=(23.00 deg) SNR=(0.0 dB) Rangeresiduals=(0) Status=("0")

3  : pgn=129540 line=Tx 10324496 19 fa 04 03 8d 5d 1f 80 0c 00 00 00
source=3: pgn=GNSS Sats in View(129540): values=RangeResidualMode=("1") SatsinView=(31) PRN=(128) Elevation=(0.07 deg) Azimuth=(0.00 deg) SNR=(0.0 dB) Rangeresiduals=(0) Status=("0")

3  : pgn=129540 line=Tx 10324496 19 fa 04 03 8e 00 f5 1b d1 15 ab d2
source=3: pgn=GNSS Sats in View(129540): values=RangeResidualMode=("0") SatsinView=(245) PRN=(27) Elevation=(32.00 deg) Azimuth=(309.00 deg) SNR=(0.0 dB) Rangeresiduals=(0) Status=("0")

3  : pgn=129540 line=Tx 10324497 19 fa 04 03 8f 80 0c 00 00 00 00 f5
source=3: pgn=GNSS Sats in View(129540): values=RangeResidualMode=("0") SatsinView=(12) PRN=(0) Elevation=(0.00 deg) Azimuth=(359.36 deg) SNR=(0.0 dB) Rangeresiduals=(0) Status=("0")

3  : pgn=129540 line=Tx 10324498 19 fa 04 03 90 1d 00 0f a1 67 80 0c
source=3: pgn=GNSS Sats in View(129540): values=RangeResidualMode=("1") SatsinView=(0) PRN=(15) Elevation=(152.00 deg) Azimuth=(18.33 deg) SNR=(0.0 dB) Rangeresiduals=(0) Status=("0")

3  : pgn=129540 line=Tx 10324498 19 fa 04 03 91 00 00 00 00 f5 23 d1
source=3: pgn=GNSS Sats in View(129540): values=RangeResidualMode=("0") SatsinView=(0) PRN=(0) Elevation=(-16.13 deg) Azimuth=(306.76 deg) SNR=(0.0 dB) Rangeresiduals=(0) Status=("0")

3  : pgn=129540 line=Tx 10324500 19 fa 04 03 92 15 c3 8b 00 00 00 00
source=3: pgn=GNSS Sats in View(129540): values=RangeResidualMode=("1") SatsinView=(195) PRN=(139) Elevation=(0.00 deg) Azimuth=(0.00 deg) SNR=(0.0 dB) Rangeresiduals=(0) Status=("0")

3  : pgn=129540 line=Tx 10324501 19 fa 04 03 93 00 00 f3 30 2e 17 43
source=3: pgn=GNSS Sats in View(129540): values=RangeResidualMode=("0") SatsinView=(0) PRN=(243) Elevation=(67.75 deg) Azimuth=(98.41 deg) SNR=(0.0 dB) Rangeresiduals=(0) Status=("0")

3  : pgn=129540 line=Tx 10324501 19 fa 04 03 94 84 10 0e 00 00 00 00
source=3: pgn=GNSS Sats in View(129540): values=RangeResidualMode=("0") SatsinView=(16) PRN=(14) Elevation=(0.00 deg) Azimuth=(0.00 deg) SNR=(0.0 dB) Rangeresiduals=(0) Status=("0")

3  : pgn=129540 line=Tx 10324502 19 fa 04 03 95 f5 33 80 16 67 6c d8
source=3: pgn=GNSS Sats in View(129540): values=RangeResidualMode=("1") SatsinView=(51) PRN=(128) Elevation=(151.20 deg) Azimuth=(317.44 deg) SNR=(0.0 dB) Rangeresiduals=(0) Status=("0")

3  : pgn=129540 line=Tx 10324503 19 fa 04 03 96 0e 00 00 00 00 f5 ff
source=3: pgn=GNSS Sats in View(129540): values=RangeResidualMode=("0") SatsinView=(0) PRN=(0) Elevation=(0.00 deg) Azimuth=(375.43 deg) SNR=(0.0 dB) Rangeresiduals=(0) Status=("0")

0  : pgn=65359  line=Rx 10324504 1c ff 4f 00 3b 9f ff ff ff 01 3e ff
source=0: pgn=Seatalk: Pilot Heading(65359): values=ManufacturerCode=(1851) IndustryCode=(4) HeadingTrue=(None) HeadingMagnetic=(90.95 deg)

3  : pgn=129025 line=Tx 10324504 09 f8 01 03 70 6d 6f 1c e0 94 fd b6
source=3: pgn=Position, Rapid Update(129025): values=Latitude=(47.706455999999996 deg) Longitude=(-122.48952639999999 deg)

3  : pgn=127258 line=Tx 10324505 19 f1 1a 03 ff f6 12 39 fa 0a ff ff
source=3: pgn=Magnetic Variation(127258): values=Source=("6") Ageofservice=(14610 d) Variation=(16.10 deg)

32 : pgn=128259 line=Rx 10324575 09 f5 03 20 08 1e 01 ff ff ff ff ff
source=32: pgn=Speed(128259): values=SpeedWaterReferenced=(2.86 m/s) SpeedGroundReferenced=(None) SpeedWaterReferencedType=(None) SpeedDirection=(None)

3  : pgn=129026 line=Tx 10324593 09 f8 02 03 ff fc b9 47 4a 01 ff ff
source=3: pgn=COG & SOG, Rapid Update(129026): values=COGReference=("0") COG=(105.20 deg) SOG=(3.3000000000000003 m/s)

3  : pgn=129025 line=Tx 10324593 09 f8 01 03 59 6d 6f 1c 6b 95 fd b6
source=3: pgn=Position, Rapid Update(129025): values=Latitude=(47.7064537 deg) Longitude=(-122.48951249999999 deg)

0  : pgn=127250 line=Rx 10324603 09 f1 12 00 ff e0 3d ff 7f ff 7f fd
source=0: pgn=Vessel Heading(127250): values=Heading=(90.76 deg) Deviation=(None) Variation=(None) Reference=("1")

0  : pgn=127245 line=Rx 10324604 09 f1 0d 00 00 f8 ff 7f 00 00 ff ff
source=0: pgn=Rudder(127245): values=Instance=(0) DirectionOrder=("0") AngleOrder=(None) Position=(0.00 deg)

0  : pgn=65379  line=Rx 10324608 1c ff 63 00 3b 9f 00 00 00 00 01 ff
source=0: pgn=Seatalk: Pilot Mode(65379): values=ManufacturerCode=(1851) IndustryCode=(4) PilotMode=(0) SubMode=(0) PilotModeData=(0)

0  : pgn=65359  line=Rx 10324609 1c ff 4f 00 3b 9f ff ff ff e0 3d ff
source=0: pgn=Seatalk: Pilot Heading(65359): values=ManufacturerCode=(1851) IndustryCode=(4) HeadingTrue=(None) HeadingMagnetic=(90.76 deg)

0  : pgn=126975 line=Rx 10324611 1d ef ff 00 60 0d 3b 9f f0 81 84 96
0  : pgn=126975 line=Rx 10324613 1d ef ff 00 61 40 02 00 00 00 02 05
32 : pgn=128259 line=Rx 10324674 09 f5 03 20 09 22 01 ff ff ff ff ff
source=32: pgn=Speed(128259): values=SpeedWaterReferenced=(2.9 m/s) SpeedGroundReferenced=(None) SpeedWaterReferencedType=(None) SpeedDirection=(None)

0  : pgn=127250 line=Rx 10324686 09 f1 12 00 ff be 3d ff 7f ff 7f fd
source=0: pgn=Vessel Heading(127250): values=Heading=(90.56 deg) Deviation=(None) Variation=(None) Reference=("1")

0  : pgn=127245 line=Rx 10324689 09 f1 0d 00 00 f8 ff 7f 00 00 ff ff
source=0: pgn=Rudder(127245): values=Instance=(0) DirectionOrder=("0") AngleOrder=(None) Position=(0.00 deg)

3  : pgn=129029 line=Tx 10324693 0d f8 05 03 40 2b 83 06 40 b0 f9 10
3  : pgn=129029 line=Tx 10324693 0d f8 05 03 41 2c 00 3a d2 36 ab df
3  : pgn=129029 line=Tx 10324693 0d f8 05 03 42 9e 06 00 6e 44 a3 5f
3  : pgn=129029 line=Tx 10324693 0d f8 05 03 43 4c 00 ef ff ff ff ff
3  : pgn=129029 line=Tx 10324693 0d f8 05 03 44 ff ff ff 7f 23 fc 09
3  : pgn=129029 line=Tx 10324693 0d f8 05 03 45 54 00 ff 7f ff ff ff
3  : pgn=129029 line=Tx 10324693 0d f8 05 03 46 7f 00 ff ff ff ff ff
3  : pgn=129025 line=Tx 10324693 09 f8 01 03 59 6d 6f 1c 6b 95 fd b6
source=3: pgn=Position, Rapid Update(129025): values=Latitude=(47.7064537 deg) Longitude=(-122.48951249999999 deg)

3  : pgn=129033 line=Tx 10324693 0d f8 09 03 06 40 b0 f9 10 2c 5c fe
source=3: pgn=Time & Date(129033): values=Date=(16390 d) Time=(73931.0 s) LocalOffset=(-25200.0 s)

0  : pgn=65359  line=Rx 10324694 1c ff 4f 00 3b 9f ff ff ff be 3d ff
source=0: pgn=Seatalk: Pilot Heading(65359): values=ManufacturerCode=(1851) IndustryCode=(4) HeadingTrue=(None) HeadingMagnetic=(90.56 deg)

32 : pgn=65368  line=Rx 10324699 1c ff 58 20 3b 9f 35 56 71 ff ff ff
32 : pgn=65368  line=Rx 10324704 1c ff 58 20 3b 9f 35 56 71 ff ff ff
0  : pgn=126975 line=Rx 10324716 1d ef ff 00 80 09 3b 9f f0 81 ae 02
0  : pgn=126975 line=Rx 10324718 1d ef ff 00 81 00 08 00 ff ff ff ff
32 : pgn=128259 line=Rx 10324774 09 f5 03 20 0a 25 01 ff ff ff ff ff
source=32: pgn=Speed(128259): values=SpeedWaterReferenced=(2.93 m/s) SpeedGroundReferenced=(None) SpeedWaterReferencedType=(None) SpeedDirection=(None)

0  : pgn=127250 line=Rx 10324786 09 f1 12 00 ff b4 3d ff 7f ff 7f fd
source=0: pgn=Vessel Heading(127250): values=Heading=(90.50 deg) Deviation=(None) Variation=(None) Reference=("1")

0  : pgn=127245 line=Rx 10324786 09 f1 0d 00 00 f8 ff 7f 00 00 ff ff
source=0: pgn=Rudder(127245): values=Instance=(0) DirectionOrder=("0") AngleOrder=(None) Position=(0.00 deg)

0  : pgn=65359  line=Rx 10324793 1c ff 4f 00 3b 9f ff ff ff b4 3d ff
source=0: pgn=Seatalk: Pilot Heading(65359): values=ManufacturerCode=(1851) IndustryCode=(4) HeadingTrue=(None) HeadingMagnetic=(90.50 deg)

3  : pgn=129026 line=Tx 10324794 09 f8 02 03 ff fc c5 46 49 01 ff ff
source=3: pgn=COG & SOG, Rapid Update(129026): values=COGReference=("0") COG=(103.80 deg) SOG=(3.29 m/s)

3  : pgn=129025 line=Tx 10324794 09 f8 01 03 51 6d 6f 1c b4 95 fd b6
source=3: pgn=Position, Rapid Update(129025): values=Latitude=(47.706452899999995 deg) Longitude=(-122.4895052 deg)

3  : pgn=126992 line=Tx 10324794 0d f0 10 03 ff ff 06 40 7e 03 11 2c
source=3: pgn=System Time(126992): values=Source=(None) Date=(16390 d) Time=(73931.251 s)

1  : pgn=129038 line=Rx 10324844 11 f8 0e 01 20 1b c1 18 97 f4 15 e7
1  : pgn=129038 line=Rx 10324845 11 f8 0e 01 21 81 10 b7 e3 7c 67 1c
1  : pgn=129038 line=Rx 10324845 11 f8 0e 01 22 27 77 99 00 00 00 00
1  : pgn=129038 line=Rx 10324846 11 f8 0e 01 23 00 ff ff ff 7f f0 fe
32 : pgn=128259 line=Rx 10324873 09 f5 03 20 0b 29 01 ff ff ff ff ff
source=32: pgn=Speed(128259): values=SpeedWaterReferenced=(2.97 m/s) SpeedGroundReferenced=(None) SpeedWaterReferencedType=(None) SpeedDirection=(None)

0  : pgn=127250 line=Rx 10324885 09 f1 12 00 ff ac 3d ff 7f ff 7f fd
source=0: pgn=Vessel Heading(127250): values=Heading=(90.46 deg) Deviation=(None) Variation=(None) Reference=("1")

0  : pgn=127245 line=Rx 10324886 09 f1 0d 00 00 f8 ff 7f 00 00 ff ff
source=0: pgn=Rudder(127245): values=Instance=(0) DirectionOrder=("0") AngleOrder=(None) Position=(0.00 deg)

0  : pgn=65359  line=Rx 10324893 1c ff 4f 00 3b 9f ff ff ff ac 3d ff
source=0: pgn=Seatalk: Pilot Heading(65359): values=ManufacturerCode=(1851) IndustryCode=(4) HeadingTrue=(None) HeadingMagnetic=(90.46 deg)

3  : pgn=129025 line=Tx 10324895 09 f8 01 03 51 6d 6f 1c b4 95 fd b6
source=3: pgn=Position, Rapid Update(129025): values=Latitude=(47.706452899999995 deg) Longitude=(-122.4895052 deg)

1  : pgn=129038 line=Rx 10324908 11 f8 0e 01 40 1b c1 2a ef df 15 b4
1  : pgn=129038 line=Rx 10324908 11 f8 0e 01 41 91 14 b7 2b 95 63 1c
1  : pgn=129038 line=Rx 10324909 11 f8 0e 01 42 2a 59 b8 00 00 00 00
1  : pgn=129038 line=Rx 10324909 11 f8 0e 01 43 00 ff ff ff 7f f0 fe
32 : pgn=128259 line=Rx 10324973 09 f5 03 20 0c 2e 01 ff ff ff ff ff
source=32: pgn=Speed(128259): values=SpeedWaterReferenced=(3.02 m/s) SpeedGroundReferenced=(None) SpeedWaterReferencedType=(None) SpeedDirection=(None)

3  : pgn=129026 line=Tx 10324995 09 f8 02 03 ff fc c5 46 49 01 ff ff
source=3: pgn=COG & SOG, Rapid Update(129026): values=COGReference=("0") COG=(103.80 deg) SOG=(3.29 m/s)

3  : pgn=129025 line=Tx 10324995 09 f8 01 03 51 6d 6f 1c b4 95 fd b6
source=3: pgn=Position, Rapid Update(129025): values=Latitude=(47.706452899999995 deg) Longitude=(-122.4895052 deg)

3  : pgn=129291 line=Tx 10324995 0d f9 0b 03 ff fc 64 4a 26 00 ff ff
source=3: pgn=Set & Drift, Rapid Update(129291): values=SetReference=("0") Set=(109.11 deg) Drift=(0.38 m/s)

0  : pgn=127250 line=Rx 10325006 09 f1 12 00 ff ba 3d ff 7f ff 7f fd
source=0: pgn=Vessel Heading(127250): values=Heading=(90.54 deg) Deviation=(None) Variation=(None) Reference=("1")

0  : pgn=127245 line=Rx 10325006 09 f1 0d 00 00 f8 ff 7f 00 00 ff ff
source=0: pgn=Rudder(127245): values=Instance=(0) DirectionOrder=("0") AngleOrder=(None) Position=(0.00 deg)

0  : pgn=65359  line=Rx 10325010 1c ff 4f 00 3b 9f ff ff ff ba 3d ff
source=0: pgn=Seatalk: Pilot Heading(65359): values=ManufacturerCode=(1851) IndustryCode=(4) HeadingTrue=(None) HeadingMagnetic=(90.54 deg)

4  : pgn=126975 line=Rx 10325064 1d ef ff 04 c0 07 3b 9f f0 81 90 00
4  : pgn=126975 line=Rx 10325065 1d ef ff 04 c1 03 ff ff ff ff ff ff
32 : pgn=128259 line=Rx 10325072 09 f5 03 20 0d 32 01 ff ff ff ff ff
source=32: pgn=Speed(128259): values=SpeedWaterReferenced=(3.06 m/s) SpeedGroundReferenced=(None) SpeedWaterReferencedType=(None) SpeedDirection=(None)

0  : pgn=127250 line=Rx 10325085 09 f1 12 00 ff c4 3d ff 7f ff 7f fd
source=0: pgn=Vessel Heading(127250): values=Heading=(90.60 deg) Deviation=(None) Variation=(None) Reference=("1")

0  : pgn=127245 line=Rx 10325085 09 f1 0d 00 00 f8 ff 7f 00 00 ff ff
source=0: pgn=Rudder(127245): values=Instance=(0) DirectionOrder=("0") AngleOrder=(None) Position=(0.00 deg)

1  : pgn=129793 line=Rx 10325087 1d fb 01 01 80 1a 04 a2 fc 37 00 f3
1  : pgn=129793 line=Rx 10325088 1d fb 01 01 81 13 19 b7 13 8c 61 1c
1  : pgn=129793 line=Rx 10325088 1d fb 01 01 82 ff 90 ab 10 2c 00 00
1  : pgn=129793 line=Rx 10325089 1d fb 01 01 83 00 06 40 ff 00 fc ff
0  : pgn=65359  line=Rx 10325094 1c ff 4f 00 3b 9f ff ff ff c4 3d ff
source=0: pgn=Seatalk: Pilot Heading(65359): values=ManufacturerCode=(1851) IndustryCode=(4) HeadingTrue=(None) HeadingMagnetic=(90.60 deg)

3  : pgn=129025 line=Tx 10325095 09 f8 01 03 4e 6d 6f 1c f6 95 fd b6
source=3: pgn=Position, Rapid Update(129025): values=Latitude=(47.7064526 deg) Longitude=(-122.48949859999999 deg)

0  : pgn=126975 line=Rx 10325096 1d ef ff 00 a0 08 3b 9f f0 81 9c 51
0  : pgn=126975 line=Rx 10325098 1d ef ff 00 a1 00 00 ff ff ff ff ff
32 : pgn=128259 line=Rx 10325174 09 f5 03 20 0e 2f 01 ff ff ff ff ff
source=32: pgn=Speed(128259): values=SpeedWaterReferenced=(3.0300000000000002 m/s) SpeedGroundReferenced=(None) SpeedWaterReferencedType=(None) SpeedDirection=(None)

32 : pgn=130310 line=Rx 10325177 15 fd 06 20 cb ff ff ff ff ff ff ff
source=32: pgn=Environmental Parameters (obsolete)(130310): values=WaterTemperature=(None) OutsideAmbientAirTemperature=(None) AtmosphericPressure=(None)

32 : pgn=128275 line=Rx 10325187 19 f5 13 20 a0 0e ff ff ff ff ff ff
32 : pgn=128275 line=Rx 10325192 19 f5 13 20 a1 ea ad 3c 00 ea ad 3c
0  : pgn=127250 line=Rx 10325193 09 f1 12 00 ff fa 3d ff 7f ff 7f fd
source=0: pgn=Vessel Heading(127250): values=Heading=(90.91 deg) Deviation=(None) Variation=(None) Reference=("1")

0  : pgn=127245 line=Rx 10325194 09 f1 0d 00 00 f8 ff 7f 00 00 ff ff
source=0: pgn=Rudder(127245): values=Instance=(0) DirectionOrder=("0") AngleOrder=(None) Position=(0.00 deg)

3  : pgn=129026 line=Tx 10325195 09 f8 02 03 ff fc d0 45 45 01 ff ff
source=3: pgn=COG & SOG, Rapid Update(129026): values=COGReference=("0") COG=(102.40 deg) SOG=(3.25 m/s)

3  : pgn=130577 line=Tx 10325195 0d fe 11 03 60 0e c0 84 d0 45 45 01
3  : pgn=130577 line=Tx 10325195 0d fe 11 03 61 ff ff ff ff 45 26 21
3  : pgn=130577 line=Tx 10325195 0d fe 11 03 62 00 ff ff ff ff ff ff
3  : pgn=129025 line=Tx 10325195 09 f8 01 03 4e 6d 6f 1c f6 95 fd b6
3  : pgn=130306 line=Tx 10325195 09 fd 02 03 ff ff 02 93 ce fa ff ff
source=3: pgn=Wind Data(130306): values=WindSpeed=(7.67 m/s) WindAngle=(303.00 deg) Reference=("2")

32 : pgn=128275 line=Rx 10325197 19 f5 13 20 a2 00 ff ff ff ff ff ff
1  : pgn=59936  line=Rx 10325210 18 ea 20 01 00 ee 00 00 00 00 00 00
0  : pgn=65359  line=Rx 10325213 1c ff 4f 00 3b 9f ff ff ff fa 3d ff
source=0: pgn=Seatalk: Pilot Heading(65359): values=ManufacturerCode=(1851) IndustryCode=(4) HeadingTrue=(None) HeadingMagnetic=(90.91 deg)

32 : pgn=128259 line=Rx 10325272 09 f5 03 20 0f 2d 01 ff ff ff ff ff
0  : pgn=127250 line=Rx 10325283 09 f1 12 00 ff 20 3e ff 7f ff 7f fd
source=0: pgn=Vessel Heading(127250): values=Heading=(91.12 deg) Deviation=(None) Variation=(None) Reference=("1")

0  : pgn=127245 line=Rx 10325284 09 f1 0d 00 00 f8 ff 7f 00 00 ff ff
source=0: pgn=Rudder(127245): values=Instance=(0) DirectionOrder=("0") AngleOrder=(None) Position=(0.00 deg)

0  : pgn=65359  line=Rx 10325291 1c ff 4f 00 3b 9f ff ff ff 20 3e ff
source=0: pgn=Seatalk: Pilot Heading(65359): values=ManufacturerCode=(1851) IndustryCode=(4) HeadingTrue=(None) HeadingMagnetic=(91.12 deg)

3  : pgn=129283 line=Tx 10325297 0d f9 03 03 ff 7f ff ff ff 7f ff ff
source=3: pgn=Cross Track Error(129283): values=XTEmode=(None) NavigationTerminated=("1") XTE=(None)

3  : pgn=129025 line=Tx 10325297 09 f8 01 03 4e 6d 6f 1c f6 95 fd b6
source=3: pgn=Position, Rapid Update(129025): values=Latitude=(47.7064526 deg) Longitude=(-122.48949859999999 deg)

3  : pgn=128267 line=Tx 10325297 0d f5 0b 03 ff 67 3d 00 00 00 00 ff
source=3: pgn=Water Depth(128267): values=Depth=(157.19 m) Offset=(0.0 m) Range=(None)

32 : pgn=128259 line=Rx 10325371 09 f5 03 20 10 2b 01 ff ff ff ff ff
source=32: pgn=Speed(128259): values=SpeedWaterReferenced=(2.99 m/s) SpeedGroundReferenced=(None) SpeedWaterReferencedType=(None) SpeedDirection=(None)

0  : pgn=127250 line=Rx 10325383 09 f1 12 00 ff 6b 3e ff 7f ff 7f fd
source=0: pgn=Vessel Heading(127250): values=Heading=(91.55 deg) Deviation=(None) Variation=(None) Reference=("1")

0  : pgn=127245 line=Rx 10325384 09 f1 0d 00 00 f8 ff 7f 00 00 ff ff
source=0: pgn=Rudder(127245): values=Instance=(0) DirectionOrder=("0") AngleOrder=(None) Position=(0.00 deg)

0  : pgn=65359  line=Rx 10325389 1c ff 4f 00 3b 9f ff ff ff 6b 3e ff
source=0: pgn=Seatalk: Pilot Heading(65359): values=ManufacturerCode=(1851) IndustryCode=(4) HeadingTrue=(None) HeadingMagnetic=(91.55 deg)

3  : pgn=129026 line=Tx 10325396 09 f8 02 03 ff fc ed 44 43 01 ff ff
source=3: pgn=COG & SOG, Rapid Update(129026): values=COGReference=("0") COG=(101.10 deg) SOG=(3.23 m/s)

3  : pgn=129025 line=Tx 10325396 09 f8 01 03 3d 6d 6f 1c 97 96 fd b6
source=3: pgn=Position, Rapid Update(129025): values=Latitude=(47.7064509 deg) Longitude=(-122.4894825 deg)

3  : pgn=129542 line=Tx 10325396 19 fa 06 03 60 0f 84 29 01 00 00 00
3  : pgn=129542 line=Tx 10325396 19 fa 06 03 61 00 00 00 00 00 00 00
3  : pgn=129542 line=Tx 10325396 19 fa 06 03 62 00 00 ff ff ff ff ff
3  : pgn=65364  line=Tx 10325396 1c ff 54 03 3b 9f ff 02 93 ce ff ff
1  : pgn=129038 line=Rx 10325397 11 f8 0e 01 60 1b c1 32 4f e6 15 90
1  : pgn=129038 line=Rx 10325398 11 f8 0e 01 61 0e 0e b7 15 d8 67 1c
1  : pgn=129038 line=Rx 10325399 11 f8 0e 01 62 2e b6 b6 00 00 00 00
1  : pgn=129038 line=Rx 10325400 11 f8 0e 01 63 00 ff ff ff 7f f0 fe
4  : pgn=65384  line=Rx 10325405 1c ff 68 04 3b 9f 00 00 00 00 00 00
1  : pgn=129038 line=Rx 10325427 11 f8 0e 01 80 1b c1 ca 4c e7 15 ce
1  : pgn=129038 line=Rx 10325428 11 f8 0e 01 81 24 d5 b6 89 d5 ac 1c
1  : pgn=129038 line=Rx 10325428 11 f8 0e 01 82 31 d0 3c 17 02 00 00
1  : pgn=129038 line=Rx 10325429 11 f8 0e 01 83 00 73 32 d2 e5 f0 fe
32 : pgn=128259 line=Rx 10325471 09 f5 03 20 11 29 01 ff ff ff ff ff
source=32: pgn=Speed(128259): values=SpeedWaterReferenced=(2.97 m/s) SpeedGroundReferenced=(None) SpeedWaterReferencedType=(None) SpeedDirection=(None)

0  : pgn=127250 line=Rx 10325490 09 f1 12 00 ff c1 3e ff 7f ff 7f fd
source=0: pgn=Vessel Heading(127250): values=Heading=(92.05 deg) Deviation=(None) Variation=(None) Reference=("1")

0  : pgn=127245 line=Rx 10325491 09 f1 0d 00 00 f8 ff 7f 00 00 ff ff
source=0: pgn=Rudder(127245): values=Instance=(0) DirectionOrder=("0") AngleOrder=(None) Position=(0.00 deg)

3  : pgn=129540 line=Tx 10325497 19 fa 04 03 a0 9f a6 ff 0d 03 97 1a
source=3: pgn=GNSS Sats in View(129540): values=RangeResidualMode=(None) SatsinView=(166) PRN=(None) Elevation=(4.47 deg) Azimuth=(39.00 deg) SNR=(0.0 dB) Rangeresiduals=(0) Status=("0")

3  : pgn=129540 line=Tx 10325497 19 fa 04 03 a1 2e 26 00 00 00 00 00
source=3: pgn=GNSS Sats in View(129540): values=RangeResidualMode=("0") SatsinView=(38) PRN=(0) Elevation=(0.00 deg) Azimuth=(0.00 deg) SNR=(0.0 dB) Rangeresiduals=(0) Status=("0")

3  : pgn=129540 line=Tx 10325497 19 fa 04 03 a2 00 f3 0f ff 1d ad 3c
source=3: pgn=GNSS Sats in View(129540): values=RangeResidualMode=("0") SatsinView=(243) PRN=(15) Elevation=(44.00 deg) Azimuth=(89.00 deg) SNR=(0.0 dB) Rangeresiduals=(0) Status=("0")

3  : pgn=129540 line=Tx 10325497 19 fa 04 03 a3 1c 0c 00 00 00 00 f5
source=3: pgn=GNSS Sats in View(129540): values=RangeResidualMode=("0") SatsinView=(12) PRN=(0) Elevation=(0.00 deg) Azimuth=(359.36 deg) SNR=(0.0 dB) Rangeresiduals=(0) Status=("0")

3  : pgn=129540 line=Tx 10325497 19 fa 04 03 a4 10 17 13 71 b9 1c 0c
source=3: pgn=GNSS Sats in View(129540): values=RangeResidualMode=("0") SatsinView=(23) PRN=(19) Elevation=(-103.49 deg) Azimuth=(17.76 deg) SNR=(0.0 dB) Rangeresiduals=(0) Status=("0")

3  : pgn=129540 line=Tx 10325497 19 fa 04 03 a5 00 00 00 00 f5 12 c5
source=3: pgn=GNSS Sats in View(129540): values=RangeResidualMode=("0") SatsinView=(0) PRN=(0) Elevation=(-16.13 deg) Azimuth=(289.06 deg) SNR=(0.0 dB) Rangeresiduals=(0) Status=("0")

3  : pgn=129540 line=Tx 10325497 19 fa 04 03 a6 31 f2 93 d8 0e 00 00
source=3: pgn=GNSS Sats in View(129540): values=RangeResidualMode=("1") SatsinView=(242) PRN=(147) Elevation=(21.77 deg) Azimuth=(0.00 deg) SNR=(0.0 dB) Rangeresiduals=(0) Status=("0")

3  : pgn=129540 line=Tx 10325497 19 fa 04 03 a7 00 00 f5 13 69 03 1f
source=3: pgn=GNSS Sats in View(129540): values=RangeResidualMode=("0") SatsinView=(0) PRN=(245) Elevation=(154.12 deg) Azimuth=(45.49 deg) SNR=(0.0 dB) Rangeresiduals=(0) Status=("0")

3  : pgn=129540 line=Tx 10325497 19 fa 04 03 a8 d8 a0 0f 00 00 00 00
source=3: pgn=GNSS Sats in View(129540): values=RangeResidualMode=("0") SatsinView=(160) PRN=(15) Elevation=(0.00 deg) Azimuth=(0.00 deg) SNR=(0.0 dB) Rangeresiduals=(0) Status=("0")

3  : pgn=129540 line=Tx 10325497 19 fa 04 03 a9 f5 15 e8 37 ba 20 48
source=3: pgn=GNSS Sats in View(129540): values=RangeResidualMode=("1") SatsinView=(21) PRN=(232) Elevation=(-102.36 deg) Azimuth=(105.79 deg) SNR=(0.0 dB) Rangeresiduals=(0) Status=("0")

3  : pgn=129540 line=Tx 10325497 19 fa 04 03 aa 0d 00 00 00 00 f5 16
source=3: pgn=GNSS Sats in View(129540): values=RangeResidualMode=("1") SatsinView=(0) PRN=(0) Elevation=(0.00 deg) Azimuth=(33.67 deg) SNR=(0.0 dB) Rangeresiduals=(0) Status=("0")

0  : pgn=65359  line=Rx 10325497 1c ff 4f 00 3b 9f ff ff ff c1 3e ff
source=0: pgn=Seatalk: Pilot Heading(65359): values=ManufacturerCode=(1851) IndustryCode=(4) HeadingTrue=(None) HeadingMagnetic=(92.05 deg)

3  : pgn=129540 line=Tx 10325498 19 fa 04 03 ab 80 16 cf 9c 80 0c 00
source=3: pgn=GNSS Sats in View(129540): values=RangeResidualMode=("0") SatsinView=(22) PRN=(207) Elevation=(-186.85 deg) Azimuth=(0.07 deg) SNR=(0.0 dB) Rangeresiduals=(0) Status=("0")

3  : pgn=129540 line=Tx 10325499 19 fa 04 03 ac 00 00 00 f5 1a ae 0f
source=3: pgn=GNSS Sats in View(129540): values=RangeResidualMode=("0") SatsinView=(0) PRN=(0) Elevation=(39.54 deg) Azimuth=(23.00 deg) SNR=(0.0 dB) Rangeresiduals=(0) Status=("0")

3  : pgn=129540 line=Tx 10325500 19 fa 04 03 ad 5d 1f 1c 0c 00 00 00
source=3: pgn=GNSS Sats in View(129540): values=RangeResidualMode=("1") SatsinView=(31) PRN=(28) Elevation=(0.07 deg) Azimuth=(0.00 deg) SNR=(0.0 dB) Rangeresiduals=(0) Status=("0")

3  : pgn=129540 line=Tx 10325501 19 fa 04 03 ae 00 f5 1b d1 15 ab d2
source=3: pgn=GNSS Sats in View(129540): values=RangeResidualMode=("0") SatsinView=(245) PRN=(27) Elevation=(32.00 deg) Azimuth=(309.00 deg) SNR=(0.0 dB) Rangeresiduals=(0) Status=("0")

3  : pgn=129540 line=Tx 10325501 19 fa 04 03 af 80 0c 00 00 00 00 f5
source=3: pgn=GNSS Sats in View(129540): values=RangeResidualMode=("0") SatsinView=(12) PRN=(0) Elevation=(0.00 deg) Azimuth=(359.36 deg) SNR=(0.0 dB) Rangeresiduals=(0) Status=("0")

3  : pgn=129540 line=Tx 10325502 19 fa 04 03 b0 1d 00 0f a1 67 1c 0c
source=3: pgn=GNSS Sats in View(129540): values=RangeResidualMode=("1") SatsinView=(0) PRN=(15) Elevation=(152.00 deg) Azimuth=(17.76 deg) SNR=(0.0 dB) Rangeresiduals=(0) Status=("0")

3  : pgn=129540 line=Tx 10325503 19 fa 04 03 b1 00 00 00 00 f5 23 d1
source=3: pgn=GNSS Sats in View(129540): values=RangeResidualMode=("0") SatsinView=(0) PRN=(0) Elevation=(-16.13 deg) Azimuth=(306.76 deg) SNR=(0.0 dB) Rangeresiduals=(0) Status=("0")

3  : pgn=129540 line=Tx 10325503 19 fa 04 03 b2 15 c3 8b 00 00 00 00
source=3: pgn=GNSS Sats in View(129540): values=RangeResidualMode=("1") SatsinView=(195) PRN=(139) Elevation=(0.00 deg) Azimuth=(0.00 deg) SNR=(0.0 dB) Rangeresiduals=(0) Status=("0")

3  : pgn=129540 line=Tx 10325504 19 fa 04 03 b3 00 00 f3 30 2e 17 43
source=3: pgn=GNSS Sats in View(129540): values=RangeResidualMode=("0") SatsinView=(0) PRN=(243) Elevation=(67.75 deg) Azimuth=(98.41 deg) SNR=(0.0 dB) Rangeresiduals=(0) Status=("0")

3  : pgn=129540 line=Tx 10325506 19 fa 04 03 b4 84 10 0e 00 00 00 00
source=3: pgn=GNSS Sats in View(129540): values=RangeResidualMode=("0") SatsinView=(16) PRN=(14) Elevation=(0.00 deg) Azimuth=(0.00 deg) SNR=(0.0 dB) Rangeresiduals=(0) Status=("0")

3  : pgn=129540 line=Tx 10325507 19 fa 04 03 b5 f5 33 80 16 67 6c b8
source=3: pgn=GNSS Sats in View(129540): values=RangeResidualMode=("1") SatsinView=(51) PRN=(128) Elevation=(151.20 deg) Azimuth=(270.50 deg) SNR=(0.0 dB) Rangeresiduals=(0) Status=("0")

3  : pgn=129540 line=Tx 10325507 19 fa 04 03 b6 0b 00 00 00 00 f5 ff
source=3: pgn=GNSS Sats in View(129540): values=RangeResidualMode=(None) SatsinView=(0) PRN=(0) Elevation=(0.00 deg) Azimuth=(375.43 deg) SNR=(0.0 dB) Rangeresiduals=(0) Status=("0")

3  : pgn=129025 line=Tx 10325508 09 f8 01 03 3d 6d 6f 1c 97 96 fd b6
source=3: pgn=Position, Rapid Update(129025): values=Latitude=(47.7064509 deg) Longitude=(-122.4894825 deg)

3  : pgn=127258 line=Tx 10325509 19 f1 1a 03 ff f6 12 39 fa 0a ff ff
source=3: pgn=Magnetic Variation(127258): values=Source=("6") Ageofservice=(14610 d) Variation=(16.10 deg)

1  : pgn=129038 line=Rx 10325520 11 f8 0e 01 a0 1b c1 28 71 e0 15 3f
1  : pgn=129038 line=Rx 10325520 11 f8 0e 01 a1 6b 0e b7 30 2a 68 1c
1  : pgn=129038 line=Rx 10325521 11 f8 0e 01 a2 2c d4 ac 00 00 00 00
1  : pgn=129038 line=Rx 10325521 11 f8 0e 01 a3 00 ff ff ff 7f f0 fe
32 : pgn=128259 line=Rx 10325570 09 f5 03 20 12 2b 01 ff ff ff ff ff
source=32: pgn=Speed(128259): values=SpeedWaterReferenced=(2.99 m/s) SpeedGroundReferenced=(None) SpeedWaterReferencedType=(None) SpeedDirection=(None)

0  : pgn=127250 line=Rx 10325591 09 f1 12 00 ff e7 3e ff 7f ff 7f fd
source=0: pgn=Vessel Heading(127250): values=Heading=(92.26 deg) Deviation=(None) Variation=(None) Reference=("1")

0  : pgn=127245 line=Rx 10325592 09 f1 0d 00 00 f8 ff 7f 00 00 ff ff
source=0: pgn=Rudder(127245): values=Instance=(0) DirectionOrder=("0") AngleOrder=(None) Position=(0.00 deg)

0  : pgn=65379  line=Rx 10325596 1c ff 63 00 3b 9f 00 00 00 00 01 ff
source=0: pgn=Seatalk: Pilot Mode(65379): values=ManufacturerCode=(1851) IndustryCode=(4) PilotMode=(0) SubMode=(0) PilotModeData=(0)

3  : pgn=129026 line=Tx 10325597 09 f8 02 03 ff fc 50 44 41 01 ff ff
source=3: pgn=COG & SOG, Rapid Update(129026): values=COGReference=("0") COG=(100.20 deg) SOG=(3.21 m/s)

3  : pgn=129025 line=Tx 10325597 09 f8 01 03 35 6d 6f 1c e4 96 fd b6
source=3: pgn=Position, Rapid Update(129025): values=Latitude=(47.7064501 deg) Longitude=(-122.4894748 deg)

0  : pgn=65359  line=Rx 10325597 1c ff 4f 00 3b 9f ff ff ff e7 3e ff
source=0: pgn=Seatalk: Pilot Heading(65359): values=ManufacturerCode=(1851) IndustryCode=(4) HeadingTrue=(None) HeadingMagnetic=(92.26 deg)

0  : pgn=126975 line=Rx 10325606 1d ef ff 00 c0 0d 3b 9f f0 81 84 56
0  : pgn=126975 line=Rx 10325609 1d ef ff 00 c1 41 05 00 00 00 02 05
1  : pgn=129038 line=Rx 10325641 11 f8 0e 01 c0 1b c1 e0 bd e2 15 8a
1  : pgn=129038 line=Rx 10325642 11 f8 0e 01 c1 41 15 b7 8b dc 63 1c
1  : pgn=129038 line=Rx 10325642 11 f8 0e 01 c2 2b 0e ab 42 00 00 00
1  : pgn=129038 line=Rx 10325643 11 f8 0e 01 c3 00 ff ff ff 7f f0 fe
32 : pgn=128259 line=Rx 10325670 09 f5 03 20 13 27 01 ff ff ff ff ff
source=32: pgn=Speed(128259): values=SpeedWaterReferenced=(2.95 m/s) SpeedGroundReferenced=(None) SpeedWaterReferencedType=(None) SpeedDirection=(None)

0  : pgn=127250 line=Rx 10325683 09 f1 12 00 ff 34 3f ff 7f ff 7f fd
source=0: pgn=Vessel Heading(127250): values=Heading=(92.70 deg) Deviation=(None) Variation=(None) Reference=("1")

0  : pgn=127245 line=Rx 10325684 09 f1 0d 00 00 f8 ff 7f 00 00 ff ff
source=0: pgn=Rudder(127245): values=Instance=(0) DirectionOrder=("0") AngleOrder=(None) Position=(0.00 deg)

0  : pgn=65359  line=Rx 10325690 1c ff 4f 00 3b 9f ff ff ff 34 3f ff
source=0: pgn=Seatalk: Pilot Heading(65359): values=ManufacturerCode=(1851) IndustryCode=(4) HeadingTrue=(None) HeadingMagnetic=(92.70 deg)

0  : pgn=126975 line=Rx 10325693 1d ef ff 00 e0 09 3b 9f f0 81 ae 02
0  : pgn=126975 line=Rx 10325696 1d ef ff 00 e1 00 08 00 ff ff ff ff
3  : pgn=129029 line=Tx 10325697 0d f8 05 03 60 2b 84 06 40 b4 22 11
3  : pgn=129029 line=Tx 10325697 0d f8 05 03 61 2c 00 d2 0d d5 a2 df
3  : pgn=129029 line=Tx 10325697 0d f8 05 03 62 9e 06 00 e8 37 6a b7
3  : pgn=129029 line=Tx 10325697 0d f8 05 03 63 4c 00 ef ff ff ff ff
3  : pgn=129029 line=Tx 10325697 0d f8 05 03 64 ff ff ff 7f 23 fc 09
3  : pgn=129029 line=Tx 10325697 0d f8 05 03 65 54 00 ff 7f ff ff ff
3  : pgn=129029 line=Tx 10325697 0d f8 05 03 66 7f 00 ff ff ff ff ff
3  : pgn=129025 line=Tx 10325697 09 f8 01 03 35 6d 6f 1c e4 96 fd b6
source=3: pgn=Position, Rapid Update(129025): values=Latitude=(47.7064501 deg) Longitude=(-122.4894748 deg)

3  : pgn=129033 line=Tx 10325697 0d f8 09 03 06 40 b4 22 11 2c 5c fe
source=3: pgn=Time & Date(129033): values=Date=(16390 d) Time=(73932.05 s) LocalOffset=(-25200.0 s)

1  : pgn=129038 line=Rx 10325734 11 f8 0e 01 e0 1b c1 82 40 e1 15 07
1  : pgn=129038 line=Rx 10325734 11 f8 0e 01 e1 5f 0e b7 a2 e5 63 1c
1  : pgn=129038 line=Rx 10325735 11 f8 0e 01 e2 2c 16 10 00 00 00 00
1  : pgn=129038 line=Rx 10325735 11 f8 0e 01 e3 00 ff ff ff 7f ff fe
1  : pgn=129793 line=Rx 10325764 1d fb 01 01 a0 1a 04 a1 fc 37 00 0b
1  : pgn=129793 line=Rx 10325765 1d fb 01 01 a1 bb e8 b6 c9 7b e1 1c
1  : pgn=129793 line=Rx 10325765 1d fb 01 01 a2 ff b0 f9 10 2c 00 00
1  : pgn=129793 line=Rx 10325766 1d fb 01 01 a3 08 06 40 ff 00 fc ff
32 : pgn=128259 line=Rx 10325769 09 f5 03 20 14 27 01 ff ff ff ff ff
source=32: pgn=Speed(128259): values=SpeedWaterReferenced=(2.95 m/s) SpeedGroundReferenced=(None) SpeedWaterReferencedType=(None) SpeedDirection=(None)

0  : pgn=127250 line=Rx 10325783 09 f1 12 00 ff 5c 3f ff 7f ff 7f fd
source=0: pgn=Vessel Heading(127250): values=Heading=(92.93 deg) Deviation=(None) Variation=(None) Reference=("1")

0  : pgn=127245 line=Rx 10325784 09 f1 0d 00 00 f8 ff 7f 00 00 ff ff
source=0: pgn=Rudder(127245): values=Instance=(0) DirectionOrder=("0") AngleOrder=(None) Position=(0.00 deg)

0  : pgn=65359  line=Rx 10325790 1c ff 4f 00 3b 9f ff ff ff 5c 3f ff
source=0: pgn=Seatalk: Pilot Heading(65359): values=ManufacturerCode=(1851) IndustryCode=(4) HeadingTrue=(None) HeadingMagnetic=(92.93 deg)

3  : pgn=129026 line=Tx 10325797 09 f8 02 03 ff fc 50 44 41 01 ff ff
source=3: pgn=COG & SOG, Rapid Update(129026): values=COGReference=("0") COG=(100.20 deg) SOG=(3.21 m/s)

3  : pgn=129025 line=Tx 10325797 09 f8 01 03 35 6d 6f 1c e4 96 fd b6
source=3: pgn=Position, Rapid Update(129025): values=Latitude=(47.7064501 deg) Longitude=(-122.4894748 deg)

3  : pgn=126992 line=Tx 10325797 0d f0 10 03 ff ff 06 40 b4 22 11 2c
source=3: pgn=System Time(126992): values=Source=(None) Date=(16390 d) Time=(73932.05 s)

1  : pgn=129794 line=Rx 10325826 19 fb 02 01 00 4b 05 00 c6 e2 15 20
source=1: pgn=AIS Class A Static and Voyage Related Data(129794): values=MessageID=(0) RepeatIndicator=("0") UserID=(3321890123) IMOnumber=(0) Callsign=(0) Name=(0) Typeofship=("0") Length=(0.0 m) Beam=(0.0 m) PositionreferencefromStarboard=(0.0 m) PositionreferencefromBow=(0.0 m) ETADate=(0 d) ETATime=(0.0 s) Draft=(0.0 m) Destination=(0) AISversionindicator=("0") GNSStype=("0") DTE=("0") AISTransceiverinformation=("0")

1  : pgn=129794 line=Rx 10325827 19 fb 02 01 01 00 00 00 57 44 44 37
source=1: pgn=AIS Class A Static and Voyage Related Data(129794): values=MessageID=(1) RepeatIndicator=("0") UserID=(1459617792) IMOnumber=(0) Callsign=(0) Name=(0) Typeofship=("0") Length=(0.0 m) Beam=(0.0 m) PositionreferencefromStarboard=(0.0 m) PositionreferencefromBow=(0.0 m) ETADate=(0 d) ETATime=(0.0 s) Draft=(0.0 m) Destination=(0) AISversionindicator=("0") GNSStype=("0") DTE=("0") AISTransceiverinformation=("0")

1  : pgn=129794 line=Rx 10325827 19 fb 02 01 02 32 31 36 4f 4c 59 4d
source=1: pgn=AIS Class A Static and Voyage Related Data(129794): values=MessageID=(2) RepeatIndicator=("0") UserID=(1328951602) IMOnumber=(0) Callsign=(0) Name=(0) Typeofship=("0") Length=(0.0 m) Beam=(0.0 m) PositionreferencefromStarboard=(0.0 m) PositionreferencefromBow=(0.0 m) ETADate=(0 d) ETATime=(0.0 s) Draft=(0.0 m) Destination=(0) AISversionindicator=("0") GNSStype=("0") DTE=("0") AISTransceiverinformation=("0")

1  : pgn=129794 line=Rx 10325828 19 fb 02 01 03 50 49 43 20 53 43 4f
source=1: pgn=AIS Class A Static and Voyage Related Data(129794): values=MessageID=(3) RepeatIndicator=("0") UserID=(541280592) IMOnumber=(0) Callsign=(0) Name=(0) Typeofship=("0") Length=(0.0 m) Beam=(0.0 m) PositionreferencefromStarboard=(0.0 m) PositionreferencefromBow=(0.0 m) ETADate=(0 d) ETATime=(0.0 s) Draft=(0.0 m) Destination=(0) AISversionindicator=("0") GNSStype=("0") DTE=("0") AISTransceiverinformation=("0")

1  : pgn=129794 line=Rx 10325828 19 fb 02 01 04 55 54 20 20 20 20 20
source=1: pgn=AIS Class A Static and Voyage Related Data(129794): values=MessageID=(4) RepeatIndicator=("0") UserID=(538989653) IMOnumber=(0) Callsign=(0) Name=(0) Typeofship=("0") Length=(0.0 m) Beam=(0.0 m) PositionreferencefromStarboard=(0.0 m) PositionreferencefromBow=(0.0 m) ETADate=(0 d) ETATime=(0.0 s) Draft=(0.0 m) Destination=(0) AISversionindicator=("0") GNSStype=("0") DTE=("0") AISTransceiverinformation=("0")

1  : pgn=129794 line=Rx 10325829 19 fb 02 01 05 20 20 34 00 00 00 00
source=1: pgn=AIS Class A Static and Voyage Related Data(129794): values=MessageID=(5) RepeatIndicator=("0") UserID=(3416096) IMOnumber=(0) Callsign=(0) Name=(0) Typeofship=("0") Length=(0.0 m) Beam=(0.0 m) PositionreferencefromStarboard=(0.0 m) PositionreferencefromBow=(0.0 m) ETADate=(0 d) ETATime=(0.0 s) Draft=(0.0 m) Destination=(0) AISversionindicator=("0") GNSStype=("0") DTE=("0") AISTransceiverinformation=("0")

1  : pgn=129794 line=Rx 10325829 19 fb 02 01 06 ff ff ff ff 02 40 80
source=1: pgn=AIS Class A Static and Voyage Related Data(129794): values=MessageID=(6) RepeatIndicator=("0") UserID=(None) IMOnumber=(0) Callsign=(0) Name=(0) Typeofship=("0") Length=(0.0 m) Beam=(0.0 m) PositionreferencefromStarboard=(0.0 m) PositionreferencefromBow=(0.0 m) ETADate=(0 d) ETATime=(0.0 s) Draft=(0.0 m) Destination=(0) AISversionindicator=("0") GNSStype=("0") DTE=("0") AISTransceiverinformation=("0")

1  : pgn=129794 line=Rx 10325830 19 fb 02 01 07 74 d2 1a f4 01 53 45
1  : pgn=129794 line=Rx 10325830 19 fb 02 01 08 41 54 54 4c 45 20 20
1  : pgn=129794 line=Rx 10325831 19 fb 02 01 09 20 20 20 20 20 20 20
1  : pgn=129794 line=Rx 10325832 19 fb 02 01 0a 20 20 20 20 3d e1 ff
source=1: pgn=AIS Class A Static and Voyage Related Data(129794): values=MessageID=(32) RepeatIndicator=("0") UserID=(538976288) IMOnumber=(538976288) Callsign=(0) Name=(0) Typeofship=("0") Length=(0.0 m) Beam=(0.0 m) PositionreferencefromStarboard=(0.0 m) PositionreferencefromBow=(0.0 m) ETADate=(0 d) ETATime=(0.0 s) Draft=(0.0 m) Destination=(0) AISversionindicator=("0") GNSStype=("0") DTE=("0") AISTransceiverinformation=("0")

32 : pgn=128259 line=Rx 10325868 09 f5 03 20 15 2a 01 ff ff ff ff ff
source=32: pgn=Speed(128259): values=SpeedWaterReferenced=(2.98 m/s) SpeedGroundReferenced=(None) SpeedWaterReferencedType=(None) SpeedDirection=(None)

0  : pgn=127250 line=Rx 10325883 09 f1 12 00 ff 94 3f ff 7f ff 7f fd
source=0: pgn=Vessel Heading(127250): values=Heading=(93.25 deg) Deviation=(None) Variation=(None) Reference=("1")

0  : pgn=127245 line=Rx 10325884 09 f1 0d 00 00 f8 ff 7f 00 00 ff ff
source=0: pgn=Rudder(127245): values=Instance=(0) DirectionOrder=("0") AngleOrder=(None) Position=(0.00 deg)

0  : pgn=65359  line=Rx 10325890 1c ff 4f 00 3b 9f ff ff ff 94 3f ff
source=0: pgn=Seatalk: Pilot Heading(65359): values=ManufacturerCode=(1851) IndustryCode=(4) HeadingTrue=(None) HeadingMagnetic=(93.25 deg)

3  : pgn=129025 line=Tx 10325897 09 f8 01 03 2c 6d 6f 1c 33 97 fd b6
source=3: pgn=Position, Rapid Update(129025): values=Latitude=(47.706449199999994 deg) Longitude=(-122.4894669 deg)

1  : pgn=129038 line=Rx 10325919 11 f8 0e 01 00 1b c3 fa 89 e8 15 82
source=1: pgn=AIS Class A Position Report(129038): values=MessageID=(0) RepeatIndicator=("0") UserID=(2314912539) Longitude=(0.0 deg) Latitude=(0.0 deg) PositionAccuracy=("0") RAIM=("0") TimeStamp=("0") COG=(0.00 deg) SOG=(0.0 m/s) CommunicationState=(0) AISTransceiverinformation=("0") Heading=(0.00 deg) RateofTurn=(0.00 deg/s) NavStatus=("0") SpecialManeuverIndicator=("0") Spare=(0) SequenceID=(0)

1  : pgn=129038 line=Rx 10325919 11 f8 0e 01 01 63 13 b7 da 78 60 1c
source=1: pgn=AIS Class A Position Report(129038): values=MessageID=(1) RepeatIndicator=("0") UserID=(3669431139) Longitude=(0.0 deg) Latitude=(0.0 deg) PositionAccuracy=("0") RAIM=("0") TimeStamp=("0") COG=(0.00 deg) SOG=(0.0 m/s) CommunicationState=(0) AISTransceiverinformation=("0") Heading=(0.00 deg) RateofTurn=(0.00 deg/s) NavStatus=("0") SpecialManeuverIndicator=("0") Spare=(0) SequenceID=(0)

1  : pgn=129038 line=Rx 10325920 11 f8 0e 01 02 30 aa d5 7c 01 00 00
source=1: pgn=AIS Class A Position Report(129038): values=MessageID=(2) RepeatIndicator=("0") UserID=(2094377520) Longitude=(0.0 deg) Latitude=(0.0 deg) PositionAccuracy=("0") RAIM=("0") TimeStamp=("0") COG=(0.00 deg) SOG=(0.0 m/s) CommunicationState=(0) AISTransceiverinformation=("0") Heading=(0.00 deg) RateofTurn=(0.00 deg/s) NavStatus=("0") SpecialManeuverIndicator=("0") Spare=(0) SequenceID=(0)

1  : pgn=129038 line=Rx 10325921 11 f8 0e 01 03 00 13 d6 d2 e5 ff fe
source=1: pgn=AIS Class A Position Report(129038): values=MessageID=(3) RepeatIndicator=("0") UserID=(3537244928) Longitude=(0.0 deg) Latitude=(0.0 deg) PositionAccuracy=("0") RAIM=("0") TimeStamp=("0") COG=(0.00 deg) SOG=(0.0 m/s) CommunicationState=(0) AISTransceiverinformation=("0") Heading=(0.00 deg) RateofTurn=(0.00 deg/s) NavStatus=("0") SpecialManeuverIndicator=("0") Spare=(0) SequenceID=(0)

32 : pgn=128259 line=Rx 10325968 09 f5 03 20 16 29 01 ff ff ff ff ff
source=32: pgn=Speed(128259): values=SpeedWaterReferenced=(2.97 m/s) SpeedGroundReferenced=(None) SpeedWaterReferencedType=(None) SpeedDirection=(None)

0  : pgn=127250 line=Rx 10325993 09 f1 12 00 ff c3 3f ff 7f ff 7f fd
source=0: pgn=Vessel Heading(127250): values=Heading=(93.52 deg) Deviation=(None) Variation=(None) Reference=("1")

0  : pgn=127245 line=Rx 10325993 09 f1 0d 00 00 f8 ff 7f 00 00 ff ff
source=0: pgn=Rudder(127245): values=Instance=(0) DirectionOrder=("0") AngleOrder=(None) Position=(0.00 deg)

0  : pgn=65359  line=Rx 10325998 1c ff 4f 00 3b 9f ff ff ff c3 3f ff
source=0: pgn=Seatalk: Pilot Heading(65359): values=ManufacturerCode=(1851) IndustryCode=(4) HeadingTrue=(None) HeadingMagnetic=(93.52 deg)

3  : pgn=129026 line=Tx 10325998 09 f8 02 03 ff fc d6 43 40 01 ff ff
source=3: pgn=COG & SOG, Rapid Update(129026): values=COGReference=("0") COG=(99.50 deg) SOG=(3.2 m/s)

3  : pgn=129025 line=Tx 10325998 09 f8 01 03 2c 6d 6f 1c 33 97 fd b6
source=3: pgn=Position, Rapid Update(129025): values=Latitude=(47.706449199999994 deg) Longitude=(-122.4894669 deg)

3  : pgn=129291 line=Tx 10325998 0d f9 0b 03 ff fc 45 26 21 00 ff ff
source=3: pgn=Set & Drift, Rapid Update(129291): values=SetReference=("0") Set=(56.13 deg) Drift=(0.33 m/s)

1  : pgn=129038 line=Rx 10326040 11 f8 0e 01 20 1b c1 fe 82 dc 15 9e
1  : pgn=129038 line=Rx 10326041 11 f8 0e 01 21 62 14 b7 df 7c 5f 1c
1  : pgn=129038 line=Rx 10326041 11 f8 0e 01 22 31 02 b8 05 00 00 00
1  : pgn=129038 line=Rx 10326042 11 f8 0e 01 23 00 e7 37 00 00 ff fe
32 : pgn=128259 line=Rx 10326068 09 f5 03 20 17 2b 01 ff ff ff ff ff
source=32: pgn=Speed(128259): values=SpeedWaterReferenced=(2.99 m/s) SpeedGroundReferenced=(None) SpeedWaterReferencedType=(None) SpeedDirection=(None)

1  : pgn=129041 line=Rx 10326071 11 f8 11 01 40 30 55 75 89 3a 3b 6d
1  : pgn=129041 line=Rx 10326072 11 f8 11 01 41 8b 0a b7 5b f8 47 1c
1  : pgn=129041 line=Rx 10326072 11 f8 11 01 42 f4 00 00 00 00 00 00
1  : pgn=129041 line=Rx 10326073 11 f8 11 01 43 ff ff 12 ee ff e0 16
1  : pgn=129041 line=Rx 10326073 11 f8 11 01 44 01 50 53 20 54 53 4c
1  : pgn=129041 line=Rx 10326074 11 f8 11 01 45 20 4c 42 20 54 41 20
1  : pgn=129041 line=Rx 10326074 11 f8 11 01 46 20 20 20 20 20 20 20
0  : pgn=127250 line=Rx 10326084 09 f1 12 00 ff d5 3f ff 7f ff 7f fd
source=0: pgn=Vessel Heading(127250): values=Heading=(93.63 deg) Deviation=(None) Variation=(None) Reference=("1")

0  : pgn=127245 line=Rx 10326085 09 f1 0d 00 00 f8 ff 7f 00 00 ff ff
source=0: pgn=Rudder(127245): values=Instance=(0) DirectionOrder=("0") AngleOrder=(None) Position=(0.00 deg)

0  : pgn=65359  line=Rx 10326092 1c ff 4f 00 3b 9f ff ff ff d5 3f ff
source=0: pgn=Seatalk: Pilot Heading(65359): values=ManufacturerCode=(1851) IndustryCode=(4) HeadingTrue=(None) HeadingMagnetic=(93.63 deg)

0  : pgn=126975 line=Rx 10326095 1d ef ff 00 00 08 3b 9f f0 81 9c d1
0  : pgn=126975 line=Rx 10326097 1d ef ff 00 01 01 00 ff ff ff ff ff
3  : pgn=129025 line=Tx 10326098 09 f8 01 03 2c 6d 6f 1c 33 97 fd b6
source=3: pgn=Position, Rapid Update(129025): values=Latitude=(47.706449199999994 deg) Longitude=(-122.4894669 deg)

1  : pgn=129038 line=Rx 10326164 11 f8 0e 01 40 1b c1 2c fc df 15 4c
1  : pgn=129038 line=Rx 10326165 11 f8 0e 01 41 27 0d b7 74 be 68 1c
1  : pgn=129038 line=Rx 10326165 11 f8 0e 01 42 28 59 b5 00 00 00 00
1  : pgn=129038 line=Rx 10326166 11 f8 0e 01 43 00 39 37 00 00 f0 fe
32 : pgn=128259 line=Rx 10326169 09 f5 03 20 18 2a 01 ff ff ff ff ff
source=32: pgn=Speed(128259): values=SpeedWaterReferenced=(2.98 m/s) SpeedGroundReferenced=(None) SpeedWaterReferencedType=(None) SpeedDirection=(None)

32 : pgn=130310 line=Rx 10326172 15 fd 06 20 cc ff ff ff ff ff ff ff
source=32: pgn=Environmental Parameters (obsolete)(130310): values=WaterTemperature=(None) OutsideAmbientAirTemperature=(None) AtmosphericPressure=(None)

32 : pgn=128275 line=Rx 10326182 19 f5 13 20 c0 0e ff ff ff ff ff ff
32 : pgn=128275 line=Rx 10326187 19 f5 13 20 c1 ea ad 3c 00 ea ad 3c
0  : pgn=127250 line=Rx 10326189 09 f1 12 00 ff e7 3f ff 7f ff 7f fd
source=0: pgn=Vessel Heading(127250): values=Heading=(93.73 deg) Deviation=(None) Variation=(None) Reference=("1")

0  : pgn=127245 line=Rx 10326189 09 f1 0d 00 00 f8 ff 7f 00 00 ff ff
source=0: pgn=Rudder(127245): values=Instance=(0) DirectionOrder=("0") AngleOrder=(None) Position=(0.00 deg)

32 : pgn=128275 line=Rx 10326192 19 f5 13 20 c2 00 ff ff ff ff ff ff
0  : pgn=65359  line=Rx 10326195 1c ff 4f 00 3b 9f ff ff ff e7 3f ff
source=0: pgn=Seatalk: Pilot Heading(65359): values=ManufacturerCode=(1851) IndustryCode=(4) HeadingTrue=(None) HeadingMagnetic=(93.73 deg)

3  : pgn=129026 line=Tx 10326198 09 f8 02 03 ff fc 7f 43 3f 01 ff ff
source=3: pgn=COG & SOG, Rapid Update(129026): values=COGReference=("0") COG=(99.00 deg) SOG=(3.19 m/s)

3  : pgn=130577 line=Tx 10326198 0d fe 11 03 80 0e c0 85 7f 43 3f 01
3  : pgn=130577 line=Tx 10326198 0d fe 11 03 81 ff ff ff ff 45 26 21
3  : pgn=130577 line=Tx 10326198 0d fe 11 03 82 00 ff ff ff ff ff ff
3  : pgn=129025 line=Tx 10326198 09 f8 01 03 15 6d 6f 1c e5 97 fd b6
3  : pgn=130306 line=Tx 10326198 09 fd 02 03 ff 23 03 d9 cb fa ff ff
source=3: pgn=Wind Data(130306): values=WindSpeed=(8.03 m/s) WindAngle=(299.00 deg) Reference=("2")

1  : pgn=59936  line=Rx 10326222 18 ea 20 01 00 ee 00 00 00 00 00 00
32 : pgn=128259 line=Rx 10326267 09 f5 03 20 19 34 01 ff ff ff ff ff
0  : pgn=127250 line=Rx 10326287 09 f1 12 00 ff ed 3f ff 7f ff 7f fd
source=0: pgn=Vessel Heading(127250): values=Heading=(93.76 deg) Deviation=(None) Variation=(None) Reference=("1")

0  : pgn=127245 line=Rx 10326288 09 f1 0d 00 00 f8 ff 7f 00 00 ff ff
source=0: pgn=Rudder(127245): values=Instance=(0) DirectionOrder=("0") AngleOrder=(None) Position=(0.00 deg)

0  : pgn=65359  line=Rx 10326296 1c ff 4f 00 3b 9f ff ff ff ed 3f ff
source=0: pgn=Seatalk: Pilot Heading(65359): values=ManufacturerCode=(1851) IndustryCode=(4) HeadingTrue=(None) HeadingMagnetic=(93.76 deg)

3  : pgn=129283 line=Tx 10326299 0d f9 03 03 ff 7f ff ff ff 7f ff ff
source=3: pgn=Cross Track Error(129283): values=XTEmode=(None) NavigationTerminated=("1") XTE=(None)

3  : pgn=129025 line=Tx 10326299 09 f8 01 03 15 6d 6f 1c e5 97 fd b6
source=3: pgn=Position, Rapid Update(129025): values=Latitude=(47.706446899999996 deg) Longitude=(-122.48944909999999 deg)

3  : pgn=128267 line=Tx 10326299 0d f5 0b 03 ff 6a 3d 00 00 00 00 ff
source=3: pgn=Water Depth(128267): values=Depth=(157.22 m) Offset=(0.0 m) Range=(None)

32 : pgn=128259 line=Rx 10326366 09 f5 03 20 1a 27 01 ff ff ff ff ff
source=32: pgn=Speed(128259): values=SpeedWaterReferenced=(2.95 m/s) SpeedGroundReferenced=(None) SpeedWaterReferencedType=(None) SpeedDirection=(None)

0  : pgn=127250 line=Rx 10326383 09 f1 12 00 ff f3 3f ff 7f ff 7f fd
source=0: pgn=Vessel Heading(127250): values=Heading=(93.80 deg) Deviation=(None) Variation=(None) Reference=("1")

0  : pgn=127245 line=Rx 10326384 09 f1 0d 00 00 f8 ff 7f 00 00 ff ff
source=0: pgn=Rudder(127245): values=Instance=(0) DirectionOrder=("0") AngleOrder=(None) Position=(0.00 deg)

0  : pgn=65359  line=Rx 10326388 1c ff 4f 00 3b 9f ff ff ff f3 3f ff
source=0: pgn=Seatalk: Pilot Heading(65359): values=ManufacturerCode=(1851) IndustryCode=(4) HeadingTrue=(None) HeadingMagnetic=(93.80 deg)

4  : pgn=65384  line=Rx 10326405 1c ff 68 04 3b 9f 00 00 00 00 00 00
3  : pgn=129026 line=Tx 10326405 09 f8 02 03 ff fc 7f 43 3f 01 ff ff
source=3: pgn=COG & SOG, Rapid Update(129026): values=COGReference=("0") COG=(99.00 deg) SOG=(3.19 m/s)

3  : pgn=129025 line=Tx 10326405 09 f8 01 03 15 6d 6f 1c e5 97 fd b6
source=3: pgn=Position, Rapid Update(129025): values=Latitude=(47.706446899999996 deg) Longitude=(-122.48944909999999 deg)

3  : pgn=129542 line=Tx 10326405 19 fa 06 03 80 0f 85 3c 01 00 00 00
3  : pgn=129542 line=Tx 10326405 19 fa 06 03 81 00 00 00 00 00 00 00
3  : pgn=129542 line=Tx 10326406 19 fa 06 03 82 00 00 ff ff ff ff ff
3  : pgn=65364  line=Tx 10326406 1c ff 54 03 3b 9f 23 03 d9 cb ff ff
1  : pgn=129793 line=Rx 10326408 1d fb 01 01 c0 1a 04 a0 fc 37 00 68
1  : pgn=129793 line=Rx 10326409 1d fb 01 01 c1 6e d0 b6 dd 64 57 1c
1  : pgn=129793 line=Rx 10326410 1d fb 01 01 c2 ff c0 20 11 2c 00 00
1  : pgn=129793 line=Rx 10326411 1d fb 01 01 c3 00 06 40 ff 00 fc ff
32 : pgn=128259 line=Rx 10326466 09 f5 03 20 1b 27 01 ff ff ff ff ff
source=32: pgn=Speed(128259): values=SpeedWaterReferenced=(2.95 m/s) SpeedGroundReferenced=(None) SpeedWaterReferencedType=(None) SpeedDirection=(None)

0  : pgn=127250 line=Rx 10326483 09 f1 12 00 ff 04 40 ff 7f ff 7f fd
source=0: pgn=Vessel Heading(127250): values=Heading=(93.90 deg) Deviation=(None) Variation=(None) Reference=("1")

0  : pgn=127245 line=Rx 10326484 09 f1 0d 00 00 f8 ff 7f 00 00 ff ff
source=0: pgn=Rudder(127245): values=Instance=(0) DirectionOrder=("0") AngleOrder=(None) Position=(0.00 deg)

0  : pgn=65359  line=Rx 10326490 1c ff 4f 00 3b 9f ff ff ff 04 40 ff
source=0: pgn=Seatalk: Pilot Heading(65359): values=ManufacturerCode=(1851) IndustryCode=(4) HeadingTrue=(None) HeadingMagnetic=(93.90 deg)

3  : pgn=129540 line=Tx 10326506 19 fa 04 03 c0 9f a7 ff 0d 03 97 1a
source=3: pgn=GNSS Sats in View(129540): values=RangeResidualMode=(None) SatsinView=(167) PRN=(None) Elevation=(4.47 deg) Azimuth=(39.00 deg) SNR=(0.0 dB) Rangeresiduals=(0) Status=("0")

3  : pgn=129540 line=Tx 10326506 19 fa 04 03 c1 2e 26 00 00 00 00 00
source=3: pgn=GNSS Sats in View(129540): values=RangeResidualMode=("0") SatsinView=(38) PRN=(0) Elevation=(0.00 deg) Azimuth=(0.00 deg) SNR=(0.0 dB) Rangeresiduals=(0) Status=("0")

3  : pgn=129540 line=Tx 10326506 19 fa 04 03 c2 00 f3 0f ff 1d ad 3c
source=3: pgn=GNSS Sats in View(129540): values=RangeResidualMode=("0") SatsinView=(243) PRN=(15) Elevation=(44.00 deg) Azimuth=(89.00 deg) SNR=(0.0 dB) Rangeresiduals=(0) Status=("0")

3  : pgn=129540 line=Tx 10326506 19 fa 04 03 c3 1c 0c 00 00 00 00 f5
source=3: pgn=GNSS Sats in View(129540): values=RangeResidualMode=("0") SatsinView=(12) PRN=(0) Elevation=(0.00 deg) Azimuth=(359.36 deg) SNR=(0.0 dB) Rangeresiduals=(0) Status=("0")

3  : pgn=129540 line=Tx 10326506 19 fa 04 03 c4 10 17 13 71 b9 ac 0d
source=3: pgn=GNSS Sats in View(129540): values=RangeResidualMode=("0") SatsinView=(23) PRN=(19) Elevation=(-103.49 deg) Azimuth=(20.05 deg) SNR=(0.0 dB) Rangeresiduals=(0) Status=("0")

3  : pgn=129540 line=Tx 10326506 19 fa 04 03 c5 00 00 00 00 f5 12 c5
source=3: pgn=GNSS Sats in View(129540): values=RangeResidualMode=("0") SatsinView=(0) PRN=(0) Elevation=(-16.13 deg) Azimuth=(289.06 deg) SNR=(0.0 dB) Rangeresiduals=(0) Status=("0")

3  : pgn=129540 line=Tx 10326506 19 fa 04 03 c6 31 f2 93 74 0e 00 00
source=3: pgn=GNSS Sats in View(129540): values=RangeResidualMode=("1") SatsinView=(242) PRN=(147) Elevation=(21.20 deg) Azimuth=(0.00 deg) SNR=(0.0 dB) Rangeresiduals=(0) Status=("0")

3  : pgn=129540 line=Tx 10326506 19 fa 04 03 c7 00 00 f5 13 69 03 1f
source=3: pgn=GNSS Sats in View(129540): values=RangeResidualMode=("0") SatsinView=(0) PRN=(245) Elevation=(154.12 deg) Azimuth=(45.49 deg) SNR=(0.0 dB) Rangeresiduals=(0) Status=("0")

3  : pgn=129540 line=Tx 10326506 19 fa 04 03 c8 d8 3c 0f 00 00 00 00
source=3: pgn=GNSS Sats in View(129540): values=RangeResidualMode=("0") SatsinView=(60) PRN=(15) Elevation=(0.00 deg) Azimuth=(0.00 deg) SNR=(0.0 dB) Rangeresiduals=(0) Status=("0")

3  : pgn=129540 line=Tx 10326506 19 fa 04 03 c9 f5 15 e8 37 ba 20 48
source=3: pgn=GNSS Sats in View(129540): values=RangeResidualMode=("1") SatsinView=(21) PRN=(232) Elevation=(-102.36 deg) Azimuth=(105.79 deg) SNR=(0.0 dB) Rangeresiduals=(0) Status=("0")

3  : pgn=129540 line=Tx 10326506 19 fa 04 03 ca 0d 00 00 00 00 f5 16
source=3: pgn=GNSS Sats in View(129540): values=RangeResidualMode=("1") SatsinView=(0) PRN=(0) Elevation=(0.00 deg) Azimuth=(33.67 deg) SNR=(0.0 dB) Rangeresiduals=(0) Status=("0")

3  : pgn=129540 line=Tx 10326507 19 fa 04 03 cb 80 16 cf 9c a0 0f 00
source=3: pgn=GNSS Sats in View(129540): values=RangeResidualMode=("0") SatsinView=(22) PRN=(207) Elevation=(-139.92 deg) Azimuth=(0.09 deg) SNR=(0.0 dB) Rangeresiduals=(0) Status=("0")

3  : pgn=129540 line=Tx 10326508 19 fa 04 03 cc 00 00 00 f5 1a ae 0f
source=3: pgn=GNSS Sats in View(129540): values=RangeResidualMode=("0") SatsinView=(0) PRN=(0) Elevation=(39.54 deg) Azimuth=(23.00 deg) SNR=(0.0 dB) Rangeresiduals=(0) Status=("0")

3  : pgn=129540 line=Tx 10326509 19 fa 04 03 cd 5d 1f 80 0c 00 00 00
source=3: pgn=GNSS Sats in View(129540): values=RangeResidualMode=("1") SatsinView=(31) PRN=(128) Elevation=(0.07 deg) Azimuth=(0.00 deg) SNR=(0.0 dB) Rangeresiduals=(0) Status=("0")

3  : pgn=129540 line=Tx 10326509 19 fa 04 03 ce 00 f5 1b d1 15 ab d2
source=3: pgn=GNSS Sats in View(129540): values=RangeResidualMode=("0") SatsinView=(245) PRN=(27) Elevation=(32.00 deg) Azimuth=(309.00 deg) SNR=(0.0 dB) Rangeresiduals=(0) Status=("0")

3  : pgn=129540 line=Tx 10326511 19 fa 04 03 cf e4 0c 00 00 00 00 f5
source=3: pgn=GNSS Sats in View(129540): values=RangeResidualMode=("0") SatsinView=(12) PRN=(0) Elevation=(0.00 deg) Azimuth=(359.36 deg) SNR=(0.0 dB) Rangeresiduals=(0) Status=("0")

3  : pgn=129540 line=Tx 10326512 19 fa 04 03 d0 1d 00 0f a1 67 e4 0c
source=3: pgn=GNSS Sats in View(129540): values=RangeResidualMode=("1") SatsinView=(0) PRN=(15) Elevation=(152.00 deg) Azimuth=(18.91 deg) SNR=(0.0 dB) Rangeresiduals=(0) Status=("0")

3  : pgn=129540 line=Tx 10326512 19 fa 04 03 d1 00 00 00 00 f5 23 d1
source=3: pgn=GNSS Sats in View(129540): values=RangeResidualMode=("0") SatsinView=(0) PRN=(0) Elevation=(-16.13 deg) Azimuth=(306.76 deg) SNR=(0.0 dB) Rangeresiduals=(0) Status=("0")

3  : pgn=129540 line=Tx 10326513 19 fa 04 03 d2 15 c3 8b 00 00 00 00
source=3: pgn=GNSS Sats in View(129540): values=RangeResidualMode=("1") SatsinView=(195) PRN=(139) Elevation=(0.00 deg) Azimuth=(0.00 deg) SNR=(0.0 dB) Rangeresiduals=(0) Status=("0")

3  : pgn=129540 line=Tx 10326514 19 fa 04 03 d3 00 00 f3 30 2e 17 43
source=3: pgn=GNSS Sats in View(129540): values=RangeResidualMode=("0") SatsinView=(0) PRN=(243) Elevation=(67.75 deg) Azimuth=(98.41 deg) SNR=(0.0 dB) Rangeresiduals=(0) Status=("0")

3  : pgn=129540 line=Tx 10326514 19 fa 04 03 d4 84 74 0e 00 00 00 00
source=3: pgn=GNSS Sats in View(129540): values=RangeResidualMode=("0") SatsinView=(116) PRN=(14) Elevation=(0.00 deg) Azimuth=(0.00 deg) SNR=(0.0 dB) Rangeresiduals=(0) Status=("0")

3  : pgn=129540 line=Tx 10326515 19 fa 04 03 d5 f5 33 80 16 67 6c 48
source=3: pgn=GNSS Sats in View(129540): values=RangeResidualMode=("1") SatsinView=(51) PRN=(128) Elevation=(151.20 deg) Azimuth=(106.23 deg) SNR=(0.0 dB) Rangeresiduals=(0) Status=("0")

3  : pgn=129540 line=Tx 10326516 19 fa 04 03 d6 0d 00 00 00 00 f5 ff
source=3: pgn=GNSS Sats in View(129540): values=RangeResidualMode=("1") SatsinView=(0) PRN=(0) Elevation=(0.00 deg) Azimuth=(375.43 deg) SNR=(0.0 dB) Rangeresiduals=(0) Status=("0")

3  : pgn=129025 line=Tx 10326517 09 f8 01 03 fa 6c 6f 1c 2f 98 fd b6
source=3: pgn=Position, Rapid Update(129025): values=Latitude=(47.7064442 deg) Longitude=(-122.4894417 deg)

3  : pgn=127258 line=Tx 10326517 19 f1 1a 03 ff f6 12 39 fa 0a ff ff
source=3: pgn=Magnetic Variation(127258): values=Source=("6") Ageofservice=(14610 d) Variation=(16.10 deg)

1  : pgn=129038 line=Rx 10326561 11 f8 0e 01 60 1b c1 da 4c dc 15 20
1  : pgn=129038 line=Rx 10326562 11 f8 0e 01 61 8b 08 b7 92 75 5f 1c
1  : pgn=129038 line=Rx 10326563 11 f8 0e 01 62 35 0e b4 9d 03 00 00
1  : pgn=129038 line=Rx 10326563 11 f8 0e 01 63 00 ab b4 00 00 ff fe
32 : pgn=128259 line=Rx 10326565 09 f5 03 20 1c 29 01 ff ff ff ff ff
source=32: pgn=Speed(128259): values=SpeedWaterReferenced=(2.97 m/s) SpeedGroundReferenced=(None) SpeedWaterReferencedType=(None) SpeedDirection=(None)

0  : pgn=127250 line=Rx 10326586 09 f1 12 00 ff 12 40 ff 7f ff 7f fd
source=0: pgn=Vessel Heading(127250): values=Heading=(93.98 deg) Deviation=(None) Variation=(None) Reference=("1")

0  : pgn=127245 line=Rx 10326587 09 f1 0d 00 00 f8 ff 7f 00 00 ff ff
source=0: pgn=Rudder(127245): values=Instance=(0) DirectionOrder=("0") AngleOrder=(None) Position=(0.00 deg)

0  : pgn=65379  line=Rx 10326591 1c ff 63 00 3b 9f 00 00 00 00 01 ff
source=0: pgn=Seatalk: Pilot Mode(65379): values=ManufacturerCode=(1851) IndustryCode=(4) PilotMode=(0) SubMode=(0) PilotModeData=(0)

0  : pgn=65359  line=Rx 10326592 1c ff 4f 00 3b 9f ff ff ff 12 40 ff
source=0: pgn=Seatalk: Pilot Heading(65359): values=ManufacturerCode=(1851) IndustryCode=(4) HeadingTrue=(None) HeadingMagnetic=(93.98 deg)

1  : pgn=129038 line=Rx 10326594 11 f8 0e 01 80 1b c1 b0 2c e0 15 14
1  : pgn=129038 line=Rx 10326594 11 f8 0e 01 81 ee 0e b7 35 77 5e 1c
1  : pgn=129038 line=Rx 10326595 11 f8 0e 01 82 30 78 6f e3 01 00 00
1  : pgn=129038 line=Rx 10326596 11 f8 0e 01 83 00 ff ff ff 7f f5 fe
0  : pgn=126975 line=Rx 10326603 1d ef ff 00 20 0d 3b 9f f0 81 84 16
0  : pgn=126975 line=Rx 10326603 1d ef ff 00 21 42 08 00 00 00 02 05
3  : pgn=129026 line=Tx 10326606 09 f8 02 03 ff fc 16 43 41 01 ff ff
source=3: pgn=COG & SOG, Rapid Update(129026): values=COGReference=("0") COG=(98.40 deg) SOG=(3.21 m/s)

3  : pgn=129025 line=Tx 10326606 09 f8 01 03 fa 6c 6f 1c 2f 98 fd b6
source=3: pgn=Position, Rapid Update(129025): values=Latitude=(47.7064442 deg) Longitude=(-122.4894417 deg)

1  : pgn=129038 line=Rx 10326624 11 f8 0e 01 a0 1b c1 78 cf e8 15 18
1  : pgn=129038 line=Rx 10326625 11 f8 0e 01 a1 75 13 b7 f7 74 5a 1c
1  : pgn=129038 line=Rx 10326625 11 f8 0e 01 a2 38 8d be 00 00 00 00
1  : pgn=129038 line=Rx 10326626 11 f8 0e 01 a3 00 4f 77 00 00 f0 fe
32 : pgn=128259 line=Rx 10326665 09 f5 03 20 1d 29 01 ff ff ff ff ff
source=32: pgn=Speed(128259): values=SpeedWaterReferenced=(2.97 m/s) SpeedGroundReferenced=(None) SpeedWaterReferencedType=(None) SpeedDirection=(None)

0  : pgn=127250 line=Rx 10326683 09 f1 12 00 ff 34 40 ff 7f ff 7f fd
source=0: pgn=Vessel Heading(127250): values=Heading=(94.17 deg) Deviation=(None) Variation=(None) Reference=("1")

0  : pgn=127245 line=Rx 10326684 09 f1 0d 00 00 f8 ff 7f 00 00 ff ff
source=0: pgn=Rudder(127245): values=Instance=(0) DirectionOrder=("0") AngleOrder=(None) Position=(0.00 deg)

0  : pgn=65359  line=Rx 10326690 1c ff 4f 00 3b 9f ff ff ff 34 40 ff
source=0: pgn=Seatalk: Pilot Heading(65359): values=ManufacturerCode=(1851) IndustryCode=(4) HeadingTrue=(None) HeadingMagnetic=(94.17 deg)

0  : pgn=126975 line=Rx 10326694 1d ef ff 00 40 09 3b 9f f0 81 ae 02
0  : pgn=126975 line=Rx 10326695 1d ef ff 00 41 00 08 00 ff ff ff ff
3  : pgn=129029 line=Tx 10326708 0d f8 05 03 80 2b 85 06 40 4a 4b 11
3  : pgn=129029 line=Tx 10326708 0d f8 05 03 81 2c 00 44 61 18 95 df
3  : pgn=129029 line=Tx 10326708 0d f8 05 03 82 9e 06 00 16 5b 7b 04
3  : pgn=129029 line=Tx 10326708 0d f8 05 03 83 4d 00 ef ff ff ff ff
3  : pgn=129029 line=Tx 10326708 0d f8 05 03 84 ff ff ff 7f 23 fc 09
3  : pgn=129029 line=Tx 10326708 0d f8 05 03 85 54 00 ff 7f ff ff ff
3  : pgn=129029 line=Tx 10326708 0d f8 05 03 86 7f 00 ff ff ff ff ff
3  : pgn=129025 line=Tx 10326708 09 f8 01 03 fa 6c 6f 1c 2f 98 fd b6
source=3: pgn=Position, Rapid Update(129025): values=Latitude=(47.7064442 deg) Longitude=(-122.4894417 deg)

3  : pgn=129033 line=Tx 10326708 0d f8 09 03 06 40 4a 4b 11 2c 5c fe
source=3: pgn=Time & Date(129033): values=Date=(16390 d) Time=(73933.089 s) LocalOffset=(-25200.0 s)

1  : pgn=129038 line=Rx 10326716 11 f8 0e 01 c0 1b c1 d2 d5 e2 15 ff
1  : pgn=129038 line=Rx 10326717 11 f8 0e 01 c1 ff ff 7f ff ff ff 7f
1  : pgn=129038 line=Rx 10326717 11 f8 0e 01 c2 fc ff ff ff ff 00 00
1  : pgn=129038 line=Rx 10326718 11 f8 0e 01 c3 00 ff ff ff 7f f0 fe
32 : pgn=128259 line=Rx 10326764 09 f5 03 20 1e 29 01 ff ff ff ff ff
source=32: pgn=Speed(128259): values=SpeedWaterReferenced=(2.97 m/s) SpeedGroundReferenced=(None) SpeedWaterReferencedType=(None) SpeedDirection=(None)

0  : pgn=127250 line=Rx 10326783 09 f1 12 00 ff 6f 40 ff 7f ff 7f fd
source=0: pgn=Vessel Heading(127250): values=Heading=(94.51 deg) Deviation=(None) Variation=(None) Reference=("1")

0  : pgn=127245 line=Rx 10326784 09 f1 0d 00 00 f8 ff 7f 00 00 ff ff
source=0: pgn=Rudder(127245): values=Instance=(0) DirectionOrder=("0") AngleOrder=(None) Position=(0.00 deg)

0  : pgn=65359  line=Rx 10326790 1c ff 4f 00 3b 9f ff ff ff 6f 40 ff
source=0: pgn=Seatalk: Pilot Heading(65359): values=ManufacturerCode=(1851) IndustryCode=(4) HeadingTrue=(None) HeadingMagnetic=(94.51 deg)

3  : pgn=129026 line=Tx 10326808 09 f8 02 03 ff fc e2 42 46 01 ff ff
source=3: pgn=COG & SOG, Rapid Update(129026): values=COGReference=("0") COG=(98.10 deg) SOG=(3.2600000000000002 m/s)

3  : pgn=129025 line=Tx 10326808 09 f8 01 03 c7 6c 6f 1c ba 98 fd b6
source=3: pgn=Position, Rapid Update(129025): values=Latitude=(47.7064391 deg) Longitude=(-122.4894278 deg)

3  : pgn=126992 line=Tx 10326808 0d f0 10 03 ff ff 06 40 4a 4b 11 2c
source=3: pgn=System Time(126992): values=Source=(None) Date=(16390 d) Time=(73933.089 s)

1  : pgn=129038 line=Rx 10326838 11 f8 0e 01 e0 1b c1 25 49 e5 15 f6
1  : pgn=129038 line=Rx 10326838 11 f8 0e 01 e1 2c 0e b7 0c 12 68 1c
1  : pgn=129038 line=Rx 10326839 11 f8 0e 01 e2 36 6b bb 00 00 00 00
1  : pgn=129038 line=Rx 10326839 11 f8 0e 01 e3 00 ff ff ff 7f f0 fe
32 : pgn=128259 line=Rx 10326864 09 f5 03 20 1f 29 01 ff ff ff ff ff
source=32: pgn=Speed(128259): values=SpeedWaterReferenced=(2.97 m/s) SpeedGroundReferenced=(None) SpeedWaterReferencedType=(None) SpeedDirection=(None)

0  : pgn=127250 line=Rx 10326883 09 f1 12 00 ff 92 40 ff 7f ff 7f fd
source=0: pgn=Vessel Heading(127250): values=Heading=(94.71 deg) Deviation=(None) Variation=(None) Reference=("1")

0  : pgn=127245 line=Rx 10326884 09 f1 0d 00 00 f8 ff 7f 00 00 ff ff
source=0: pgn=Rudder(127245): values=Instance=(0) DirectionOrder=("0") AngleOrder=(None) Position=(0.00 deg)

0  : pgn=65359  line=Rx 10326891 1c ff 4f 00 3b 9f ff ff ff 92 40 ff
source=0: pgn=Seatalk: Pilot Heading(65359): values=ManufacturerCode=(1851) IndustryCode=(4) HeadingTrue=(None) HeadingMagnetic=(94.71 deg)

3  : pgn=129025 line=Tx 10326909 09 f8 01 03 c7 6c 6f 1c ba 98 fd b6
source=3: pgn=Position, Rapid Update(129025): values=Latitude=(47.7064391 deg) Longitude=(-122.4894278 deg)

1  : pgn=129038 line=Rx 10326930 11 f8 0e 01 00 1b c1 d0 05 2f 14 c4
source=1: pgn=AIS Class A Position Report(129038): values=MessageID=(0) RepeatIndicator=("0") UserID=(97567003) Longitude=(0.0 deg) Latitude=(0.0 deg) PositionAccuracy=("0") RAIM=("0") TimeStamp=("0") COG=(0.00 deg) SOG=(0.0 m/s) CommunicationState=(0) AISTransceiverinformation=("0") Heading=(0.00 deg) RateofTurn=(0.00 deg/s) NavStatus=("0") SpecialManeuverIndicator=("0") Spare=(0) SequenceID=(0)

1  : pgn=129038 line=Rx 10326931 11 f8 0e 01 01 2e 16 b7 9b 80 64 1c
source=1: pgn=AIS Class A Position Report(129038): values=MessageID=(1) RepeatIndicator=("0") UserID=(2612467246) Longitude=(0.0 deg) Latitude=(0.0 deg) PositionAccuracy=("0") RAIM=("0") TimeStamp=("0") COG=(0.00 deg) SOG=(0.0 m/s) CommunicationState=(0) AISTransceiverinformation=("0") Heading=(0.00 deg) RateofTurn=(0.00 deg/s) NavStatus=("0") SpecialManeuverIndicator=("0") Spare=(0) SequenceID=(0)

1  : pgn=129038 line=Rx 10326931 11 f8 0e 01 02 34 8d be 00 00 00 00
source=1: pgn=AIS Class A Position Report(129038): values=MessageID=(2) RepeatIndicator=("0") UserID=(12487988) Longitude=(0.0 deg) Latitude=(0.0 deg) PositionAccuracy=("0") RAIM=("0") TimeStamp=("0") COG=(0.00 deg) SOG=(0.0 m/s) CommunicationState=(0) AISTransceiverinformation=("0") Heading=(0.00 deg) RateofTurn=(0.00 deg/s) NavStatus=("0") SpecialManeuverIndicator=("0") Spare=(0) SequenceID=(0)

1  : pgn=129038 line=Rx 10326932 11 f8 0e 01 03 00 9f c1 00 00 ff fe
source=1: pgn=AIS Class A Position Report(129038): values=MessageID=(3) RepeatIndicator=("0") UserID=(12689152) Longitude=(0.0 deg) Latitude=(0.0 deg) PositionAccuracy=("0") RAIM=("0") TimeStamp=("0") COG=(0.00 deg) SOG=(0.0 m/s) CommunicationState=(0) AISTransceiverinformation=("0") Heading=(0.00 deg) RateofTurn=(0.00 deg/s) NavStatus=("0") SpecialManeuverIndicator=("0") Spare=(0) SequenceID=(0)

32 : pgn=128259 line=Rx 10326963 09 f5 03 20 20 22 01 ff ff ff ff ff
source=32: pgn=Speed(128259): values=SpeedWaterReferenced=(2.9 m/s) SpeedGroundReferenced=(None) SpeedWaterReferencedType=(None) SpeedDirection=(None)

0  : pgn=127250 line=Rx 10326983 09 f1 12 00 ff e4 40 ff 7f ff 7f fd
source=0: pgn=Vessel Heading(127250): values=Heading=(95.18 deg) Deviation=(None) Variation=(None) Reference=("1")

0  : pgn=127245 line=Rx 10326984 09 f1 0d 00 00 f8 ff 7f 00 00 ff ff
source=0: pgn=Rudder(127245): values=Instance=(0) DirectionOrder=("0") AngleOrder=(None) Position=(0.00 deg)

0  : pgn=65359  line=Rx 10326988 1c ff 4f 00 3b 9f ff ff ff e4 40 ff
source=0: pgn=Seatalk: Pilot Heading(65359): values=ManufacturerCode=(1851) IndustryCode=(4) HeadingTrue=(None) HeadingMagnetic=(95.18 deg)

1  : pgn=129038 line=Rx 10326990 11 f8 0e 01 20 1b c1 8c a9 e6 15 3c
1  : pgn=129038 line=Rx 10326991 11 f8 0e 01 21 ba 14 b7 c2 b8 56 1c
1  : pgn=129038 line=Rx 10326991 11 f8 0e 01 22 30 28 0d 00 00 00 00
1  : pgn=129038 line=Rx 10326992 11 f8 0e 01 23 00 ff ff ff 7f f0 fe
3  : pgn=129026 line=Tx 10327009 09 f8 02 03 ff fc 05 43 45 01 ff ff
source=3: pgn=COG & SOG, Rapid Update(129026): values=COGReference=("0") COG=(98.30 deg) SOG=(3.25 m/s)

3  : pgn=129025 line=Tx 10327009 09 f8 01 03 c0 6c 6f 1c 0a 99 fd b6
source=3: pgn=Position, Rapid Update(129025): values=Latitude=(47.706438399999996 deg) Longitude=(-122.4894198 deg)

3  : pgn=129291 line=Tx 10327009 0d f9 0b 03 ff fc a5 11 3b 00 ff ff
source=3: pgn=Set & Drift, Rapid Update(129291): values=SetReference=("0") Set=(25.88 deg) Drift=(0.59 m/s)

32 : pgn=128259 line=Rx 10327063 09 f5 03 20 21 20 01 ff ff ff ff ff
source=32: pgn=Speed(128259): values=SpeedWaterReferenced=(2.88 m/s) SpeedGroundReferenced=(None) SpeedWaterReferencedType=(None) SpeedDirection=(None)

4  : pgn=126975 line=Rx 10327064 1d ef ff 04 e0 07 3b 9f f0 81 90 00
4  : pgn=126975 line=Rx 10327065 1d ef ff 04 e1 03 ff ff ff ff ff ff
1  : pgn=129038 line=Rx 10327082 11 f8 0e 01 40 1b c1 50 c6 e2 15 ff
1  : pgn=129038 line=Rx 10327082 11 f8 0e 01 41 ff ff 7f ff ff ff 7f
1  : pgn=129038 line=Rx 10327083 11 f8 0e 01 42 fc ff ff ff ff 03 00
1  : pgn=129038 line=Rx 10327083 11 f8 0e 01 43 18 ff ff ff 7f f0 fe
0  : pgn=127250 line=Rx 10327084 09 f1 12 00 ff 18 41 ff 7f ff 7f fd
source=0: pgn=Vessel Heading(127250): values=Heading=(95.48 deg) Deviation=(None) Variation=(None) Reference=("1")

0  : pgn=127245 line=Rx 10327086 09 f1 0d 00 00 f8 ff 7f 00 00 ff ff
source=0: pgn=Rudder(127245): values=Instance=(0) DirectionOrder=("0") AngleOrder=(None) Position=(0.00 deg)

0  : pgn=65359  line=Rx 10327092 1c ff 4f 00 3b 9f ff ff ff 18 41 ff
source=0: pgn=Seatalk: Pilot Heading(65359): values=ManufacturerCode=(1851) IndustryCode=(4) HeadingTrue=(None) HeadingMagnetic=(95.48 deg)

0  : pgn=126975 line=Rx 10327101 1d ef ff 00 60 08 3b 9f f0 81 9c d1
0  : pgn=126975 line=Rx 10327102 1d ef ff 00 61 02 00 ff ff ff ff ff
3  : pgn=129025 line=Tx 10327109 09 f8 01 03 c0 6c 6f 1c 0a 99 fd b6
source=3: pgn=Position, Rapid Update(129025): values=Latitude=(47.706438399999996 deg) Longitude=(-122.4894198 deg)

1  : pgn=129038 line=Rx 10327144 11 f8 0e 01 60 1b c1 30 83 dc 15 11
1  : pgn=129038 line=Rx 10327145 11 f8 0e 01 61 f9 f9 b6 f4 3c 62 1c
1  : pgn=129038 line=Rx 10327145 11 f8 0e 01 62 35 a5 c2 00 00 00 00
1  : pgn=129038 line=Rx 10327146 11 f8 0e 01 63 00 70 c8 00 00 ff fe
32 : pgn=128259 line=Rx 10327164 09 f5 03 20 22 20 01 ff ff ff ff ff
source=32: pgn=Speed(128259): values=SpeedWaterReferenced=(2.88 m/s) SpeedGroundReferenced=(None) SpeedWaterReferencedType=(None) SpeedDirection=(None)

32 : pgn=130310 line=Rx 10327168 15 fd 06 20 cd ff ff ff ff ff ff ff
source=32: pgn=Environmental Parameters (obsolete)(130310): values=WaterTemperature=(None) OutsideAmbientAirTemperature=(None) AtmosphericPressure=(None)

32 : pgn=128275 line=Rx 10327177 19 f5 13 20 e0 0e ff ff ff ff ff ff
32 : pgn=128275 line=Rx 10327182 19 f5 13 20 e1 ea ad 3c 00 ea ad 3c
0  : pgn=127250 line=Rx 10327184 09 f1 12 00 ff 6c 41 ff 7f ff 7f fd
source=0: pgn=Vessel Heading(127250): values=Heading=(95.96 deg) Deviation=(None) Variation=(None) Reference=("1")

0  : pgn=127245 line=Rx 10327185 09 f1 0d 00 00 f8 ff 7f 00 00 ff ff
source=0: pgn=Rudder(127245): values=Instance=(0) DirectionOrder=("0") AngleOrder=(None) Position=(0.00 deg)

32 : pgn=128275 line=Rx 10327187 19 f5 13 20 e2 00 ff ff ff ff ff ff
0  : pgn=65359  line=Rx 10327189 1c ff 4f 00 3b 9f ff ff ff 6c 41 ff
source=0: pgn=Seatalk: Pilot Heading(65359): values=ManufacturerCode=(1851) IndustryCode=(4) HeadingTrue=(None) HeadingMagnetic=(95.96 deg)

1  : pgn=59936  line=Rx 10327205 18 ea 20 01 00 ee 00 00 00 00 00 00
3  : pgn=129026 line=Tx 10327210 09 f8 02 03 ff fc 05 43 45 01 ff ff
source=3: pgn=COG & SOG, Rapid Update(129026): values=COGReference=("0") COG=(98.30 deg) SOG=(3.25 m/s)

3  : pgn=130577 line=Tx 10327210 0d fe 11 03 a0 0e c0 86 05 43 45 01
3  : pgn=130577 line=Tx 10327210 0d fe 11 03 a1 ff ff ff ff a5 11 3b
3  : pgn=130577 line=Tx 10327210 0d fe 11 03 a2 00 ff ff ff ff ff ff
3  : pgn=129025 line=Tx 10327210 09 f8 01 03 c0 6c 6f 1c 0a 99 fd b6
3  : pgn=130306 line=Tx 10327210 09 fd 02 03 ff 37 03 71 c8 fa ff ff
source=3: pgn=Wind Data(130306): values=WindSpeed=(8.23 m/s) WindAngle=(294.00 deg) Reference=("2")

32 : pgn=128259 line=Rx 10327262 09 f5 03 20 23 25 01 ff ff ff ff ff
0  : pgn=127250 line=Rx 10327283 09 f1 12 00 ff c5 41 ff 7f ff 7f fd
source=0: pgn=Vessel Heading(127250): values=Heading=(96.47 deg) Deviation=(None) Variation=(None) Reference=("1")

0  : pgn=127245 line=Rx 10327284 09 f1 0d 00 00 f8 ff 7f 00 00 ff ff
source=0: pgn=Rudder(127245): values=Instance=(0) DirectionOrder=("0") AngleOrder=(None) Position=(0.00 deg)

0  : pgn=65359  line=Rx 10327291 1c ff 4f 00 3b 9f ff ff ff c5 41 ff
source=0: pgn=Seatalk: Pilot Heading(65359): values=ManufacturerCode=(1851) IndustryCode=(4) HeadingTrue=(None) HeadingMagnetic=(96.47 deg)

3  : pgn=129283 line=Tx 10327310 0d f9 03 03 ff 7f ff ff ff 7f ff ff
source=3: pgn=Cross Track Error(129283): values=XTEmode=(None) NavigationTerminated=("1") XTE=(None)

3  : pgn=129025 line=Tx 10327310 09 f8 01 03 b2 6c 6f 1c 52 99 fd b6
source=3: pgn=Position, Rapid Update(129025): values=Latitude=(47.706437 deg) Longitude=(-122.4894126 deg)

3  : pgn=128267 line=Tx 10327310 0d f5 0b 03 ff 6d 3d 00 00 00 00 ff
source=3: pgn=Water Depth(128267): values=Depth=(157.25 m) Offset=(0.0 m) Range=(None)

32 : pgn=128259 line=Rx 10327361 09 f5 03 20 24 2a 01 ff ff ff ff ff
source=32: pgn=Speed(128259): values=SpeedWaterReferenced=(2.98 m/s) SpeedGroundReferenced=(None) SpeedWaterReferencedType=(None) SpeedDirection=(None)

0  : pgn=127250 line=Rx 10327383 09 f1 12 00 ff f2 41 ff 7f ff 7f fd
source=0: pgn=Vessel Heading(127250): values=Heading=(96.73 deg) Deviation=(None) Variation=(None) Reference=("1")

0  : pgn=127245 line=Rx 10327384 09 f1 0d 00 00 f8 ff 7f 00 00 ff ff
source=0: pgn=Rudder(127245): values=Instance=(0) DirectionOrder=("0") AngleOrder=(None) Position=(0.00 deg)

0  : pgn=65359  line=Rx 10327388 1c ff 4f 00 3b 9f ff ff ff f2 41 ff
source=0: pgn=Seatalk: Pilot Heading(65359): values=ManufacturerCode=(1851) IndustryCode=(4) HeadingTrue=(None) HeadingMagnetic=(96.73 deg)

4  : pgn=65384  line=Rx 10327405 1c ff 68 04 3b 9f 00 00 00 00 00 00
3  : pgn=129026 line=Tx 10327411 09 f8 02 03 ff fc 4a 43 43 01 ff ff
source=3: pgn=COG & SOG, Rapid Update(129026): values=COGReference=("0") COG=(98.70 deg) SOG=(3.23 m/s)

3  : pgn=129025 line=Tx 10327411 09 f8 01 03 b2 6c 6f 1c 52 99 fd b6
source=3: pgn=Position, Rapid Update(129025): values=Latitude=(47.706437 deg) Longitude=(-122.4894126 deg)

3  : pgn=129542 line=Tx 10327411 19 fa 06 03 a0 0f 86 34 01 00 00 00
3  : pgn=129542 line=Tx 10327411 19 fa 06 03 a1 00 00 00 00 00 00 00
3  : pgn=129542 line=Tx 10327411 19 fa 06 03 a2 00 00 ff ff ff ff ff
3  : pgn=65364  line=Tx 10327411 1c ff 54 03 3b 9f 37 03 71 c8 ff ff
32 : pgn=128259 line=Rx 10327461 09 f5 03 20 25 30 01 ff ff ff ff ff
source=32: pgn=Speed(128259): values=SpeedWaterReferenced=(3.04 m/s) SpeedGroundReferenced=(None) SpeedWaterReferencedType=(None) SpeedDirection=(None)

0  : pgn=127250 line=Rx 10327483 09 f1 12 00 ff 38 42 ff 7f ff 7f fd
source=0: pgn=Vessel Heading(127250): values=Heading=(97.13 deg) Deviation=(None) Variation=(None) Reference=("1")

0  : pgn=127245 line=Rx 10327484 09 f1 0d 00 00 f8 ff 7f 00 00 ff ff
source=0: pgn=Rudder(127245): values=Instance=(0) DirectionOrder=("0") AngleOrder=(None) Position=(0.00 deg)

0  : pgn=65359  line=Rx 10327491 1c ff 4f 00 3b 9f ff ff ff 38 42 ff
source=0: pgn=Seatalk: Pilot Heading(65359): values=ManufacturerCode=(1851) IndustryCode=(4) HeadingTrue=(None) HeadingMagnetic=(97.13 deg)

3  : pgn=129540 line=Tx 10327513 19 fa 04 03 e0 9f a8 ff 0d 03 97 1a
source=3: pgn=GNSS Sats in View(129540): values=RangeResidualMode=(None) SatsinView=(168) PRN=(None) Elevation=(4.47 deg) Azimuth=(39.00 deg) SNR=(0.0 dB) Rangeresiduals=(0) Status=("0")

3  : pgn=129540 line=Tx 10327513 19 fa 04 03 e1 2e 26 00 00 00 00 00
source=3: pgn=GNSS Sats in View(129540): values=RangeResidualMode=("0") SatsinView=(38) PRN=(0) Elevation=(0.00 deg) Azimuth=(0.00 deg) SNR=(0.0 dB) Rangeresiduals=(0) Status=("0")

3  : pgn=129540 line=Tx 10327513 19 fa 04 03 e2 00 f3 0f ff 1d ad 3c
source=3: pgn=GNSS Sats in View(129540): values=RangeResidualMode=("0") SatsinView=(243) PRN=(15) Elevation=(44.00 deg) Azimuth=(89.00 deg) SNR=(0.0 dB) Rangeresiduals=(0) Status=("0")

3  : pgn=129540 line=Tx 10327513 19 fa 04 03 e3 1c 0c 00 00 00 00 f5
source=3: pgn=GNSS Sats in View(129540): values=RangeResidualMode=("0") SatsinView=(12) PRN=(0) Elevation=(0.00 deg) Azimuth=(359.36 deg) SNR=(0.0 dB) Rangeresiduals=(0) Status=("0")

3  : pgn=129540 line=Tx 10327513 19 fa 04 03 e4 10 17 13 71 b9 ac 0d
source=3: pgn=GNSS Sats in View(129540): values=RangeResidualMode=("0") SatsinView=(23) PRN=(19) Elevation=(-103.49 deg) Azimuth=(20.05 deg) SNR=(0.0 dB) Rangeresiduals=(0) Status=("0")

3  : pgn=129540 line=Tx 10327513 19 fa 04 03 e5 00 00 00 00 f5 12 c5
source=3: pgn=GNSS Sats in View(129540): values=RangeResidualMode=("0") SatsinView=(0) PRN=(0) Elevation=(-16.13 deg) Azimuth=(289.06 deg) SNR=(0.0 dB) Rangeresiduals=(0) Status=("0")

3  : pgn=129540 line=Tx 10327513 19 fa 04 03 e6 31 f2 93 74 0e 00 00
source=3: pgn=GNSS Sats in View(129540): values=RangeResidualMode=("1") SatsinView=(242) PRN=(147) Elevation=(21.20 deg) Azimuth=(0.00 deg) SNR=(0.0 dB) Rangeresiduals=(0) Status=("0")

3  : pgn=129540 line=Tx 10327513 19 fa 04 03 e7 00 00 f5 13 69 03 1f
source=3: pgn=GNSS Sats in View(129540): values=RangeResidualMode=("0") SatsinView=(0) PRN=(245) Elevation=(154.12 deg) Azimuth=(45.49 deg) SNR=(0.0 dB) Rangeresiduals=(0) Status=("0")

3  : pgn=129540 line=Tx 10327513 19 fa 04 03 e8 d8 3c 0f 00 00 00 00
source=3: pgn=GNSS Sats in View(129540): values=RangeResidualMode=("0") SatsinView=(60) PRN=(15) Elevation=(0.00 deg) Azimuth=(0.00 deg) SNR=(0.0 dB) Rangeresiduals=(0) Status=("0")

3  : pgn=129540 line=Tx 10327513 19 fa 04 03 e9 f5 15 e8 37 ba 20 48
source=3: pgn=GNSS Sats in View(129540): values=RangeResidualMode=("1") SatsinView=(21) PRN=(232) Elevation=(-102.36 deg) Azimuth=(105.79 deg) SNR=(0.0 dB) Rangeresiduals=(0) Status=("0")

3  : pgn=129540 line=Tx 10327513 19 fa 04 03 ea 0d 00 00 00 00 f5 16
source=3: pgn=GNSS Sats in View(129540): values=RangeResidualMode=("1") SatsinView=(0) PRN=(0) Elevation=(0.00 deg) Azimuth=(33.67 deg) SNR=(0.0 dB) Rangeresiduals=(0) Status=("0")

3  : pgn=129540 line=Tx 10327514 19 fa 04 03 eb 80 16 cf 9c a0 0f 00
source=3: pgn=GNSS Sats in View(129540): values=RangeResidualMode=("0") SatsinView=(22) PRN=(207) Elevation=(-139.92 deg) Azimuth=(0.09 deg) SNR=(0.0 dB) Rangeresiduals=(0) Status=("0")

3  : pgn=129540 line=Tx 10327515 19 fa 04 03 ec 00 00 00 f5 1a ae 0f
source=3: pgn=GNSS Sats in View(129540): values=RangeResidualMode=("0") SatsinView=(0) PRN=(0) Elevation=(39.54 deg) Azimuth=(23.00 deg) SNR=(0.0 dB) Rangeresiduals=(0) Status=("0")

3  : pgn=129540 line=Tx 10327517 19 fa 04 03 ed 5d 1f 80 0c 00 00 00
source=3: pgn=GNSS Sats in View(129540): values=RangeResidualMode=("1") SatsinView=(31) PRN=(128) Elevation=(0.07 deg) Azimuth=(0.00 deg) SNR=(0.0 dB) Rangeresiduals=(0) Status=("0")

3  : pgn=129540 line=Tx 10327517 19 fa 04 03 ee 00 f5 1b d1 15 ab d2
source=3: pgn=GNSS Sats in View(129540): values=RangeResidualMode=("0") SatsinView=(245) PRN=(27) Elevation=(32.00 deg) Azimuth=(309.00 deg) SNR=(0.0 dB) Rangeresiduals=(0) Status=("0")

3  : pgn=129540 line=Tx 10327518 19 fa 04 03 ef e4 0c 00 00 00 00 f5
source=3: pgn=GNSS Sats in View(129540): values=RangeResidualMode=("0") SatsinView=(12) PRN=(0) Elevation=(0.00 deg) Azimuth=(359.36 deg) SNR=(0.0 dB) Rangeresiduals=(0) Status=("0")

3  : pgn=129540 line=Tx 10327519 19 fa 04 03 f0 1d 00 0f a1 67 e4 0c
source=3: pgn=GNSS Sats in View(129540): values=RangeResidualMode=("1") SatsinView=(0) PRN=(15) Elevation=(152.00 deg) Azimuth=(18.91 deg) SNR=(0.0 dB) Rangeresiduals=(0) Status=("0")

3  : pgn=129540 line=Tx 10327519 19 fa 04 03 f1 00 00 00 00 f5 23 d1
source=3: pgn=GNSS Sats in View(129540): values=RangeResidualMode=("0") SatsinView=(0) PRN=(0) Elevation=(-16.13 deg) Azimuth=(306.76 deg) SNR=(0.0 dB) Rangeresiduals=(0) Status=("0")

3  : pgn=129540 line=Tx 10327520 19 fa 04 03 f2 15 c3 8b 00 00 00 00
source=3: pgn=GNSS Sats in View(129540): values=RangeResidualMode=("1") SatsinView=(195) PRN=(139) Elevation=(0.00 deg) Azimuth=(0.00 deg) SNR=(0.0 dB) Rangeresiduals=(0) Status=("0")

3  : pgn=129540 line=Tx 10327521 19 fa 04 03 f3 00 00 f3 30 2e 17 43
source=3: pgn=GNSS Sats in View(129540): values=RangeResidualMode=("0") SatsinView=(0) PRN=(243) Elevation=(67.75 deg) Azimuth=(98.41 deg) SNR=(0.0 dB) Rangeresiduals=(0) Status=("0")

3  : pgn=129540 line=Tx 10327522 19 fa 04 03 f4 84 74 0e 00 00 00 00
source=3: pgn=GNSS Sats in View(129540): values=RangeResidualMode=("0") SatsinView=(116) PRN=(14) Elevation=(0.00 deg) Azimuth=(0.00 deg) SNR=(0.0 dB) Rangeresiduals=(0) Status=("0")

3  : pgn=129540 line=Tx 10327522 19 fa 04 03 f5 f5 33 80 16 67 6c 48
source=3: pgn=GNSS Sats in View(129540): values=RangeResidualMode=("1") SatsinView=(51) PRN=(128) Elevation=(151.20 deg) Azimuth=(106.23 deg) SNR=(0.0 dB) Rangeresiduals=(0) Status=("0")

3  : pgn=129540 line=Tx 10327523 19 fa 04 03 f6 0d 00 00 00 00 f5 ff
source=3: pgn=GNSS Sats in View(129540): values=RangeResidualMode=("1") SatsinView=(0) PRN=(0) Elevation=(0.00 deg) Azimuth=(375.43 deg) SNR=(0.0 dB) Rangeresiduals=(0) Status=("0")

3  : pgn=129025 line=Tx 10327524 09 f8 01 03 7e 6c 6f 1c f5 99 fd b6
source=3: pgn=Position, Rapid Update(129025): values=Latitude=(47.7064318 deg) Longitude=(-122.4893963 deg)

3  : pgn=127258 line=Tx 10327525 19 f1 1a 03 ff f6 12 39 fa 0a ff ff
source=3: pgn=Magnetic Variation(127258): values=Source=("6") Ageofservice=(14610 d) Variation=(16.10 deg)

1  : pgn=129038 line=Rx 10327540 11 f8 0e 01 80 1b c1 0e 44 de 15 52
1  : pgn=129038 line=Rx 10327541 11 f8 0e 01 81 24 10 b7 69 67 5d 1c
1  : pgn=129038 line=Rx 10327541 11 f8 0e 01 82 3a d0 1b 05 00 00 00
1  : pgn=129038 line=Rx 10327542 11 f8 0e 01 83 00 9e df 00 00 ff fe
32 : pgn=128259 line=Rx 10327560 09 f5 03 20 26 35 01 ff ff ff ff ff
source=32: pgn=Speed(128259): values=SpeedWaterReferenced=(3.09 m/s) SpeedGroundReferenced=(None) SpeedWaterReferencedType=(None) SpeedDirection=(None)

0  : pgn=127250 line=Rx 10327584 09 f1 12 00 ff 5b 42 ff 7f ff 7f fd
source=0: pgn=Vessel Heading(127250): values=Heading=(97.33 deg) Deviation=(None) Variation=(None) Reference=("1")

0  : pgn=127245 line=Rx 10327584 09 f1 0d 00 00 f8 ff 7f 00 00 ff ff
source=0: pgn=Rudder(127245): values=Instance=(0) DirectionOrder=("0") AngleOrder=(None) Position=(0.00 deg)

0  : pgn=65379  line=Rx 10327589 1c ff 63 00 3b 9f 00 00 00 00 01 ff
source=0: pgn=Seatalk: Pilot Mode(65379): values=ManufacturerCode=(1851) IndustryCode=(4) PilotMode=(0) SubMode=(0) PilotModeData=(0)

0  : pgn=65359  line=Rx 10327590 1c ff 4f 00 3b 9f ff ff ff 5b 42 ff
source=0: pgn=Seatalk: Pilot Heading(65359): values=ManufacturerCode=(1851) IndustryCode=(4) HeadingTrue=(None) HeadingMagnetic=(97.33 deg)

0  : pgn=126975 line=Rx 10327597 1d ef ff 00 80 0d 3b 9f f0 81 84 d6
0  : pgn=126975 line=Rx 10327598 1d ef ff 00 81 43 0f 00 00 00 02 05
3  : pgn=129026 line=Tx 10327613 09 f8 02 03 ff fc b3 43 41 01 ff ff
source=3: pgn=COG & SOG, Rapid Update(129026): values=COGReference=("0") COG=(99.30 deg) SOG=(3.21 m/s)

3  : pgn=129025 line=Tx 10327613 09 f8 01 03 7e 6c 6f 1c f5 99 fd b6
source=3: pgn=Position, Rapid Update(129025): values=Latitude=(47.7064318 deg) Longitude=(-122.4893963 deg)

32 : pgn=128259 line=Rx 10327660 09 f5 03 20 27 36 01 ff ff ff ff ff
source=32: pgn=Speed(128259): values=SpeedWaterReferenced=(3.1 m/s) SpeedGroundReferenced=(None) SpeedWaterReferencedType=(None) SpeedDirection=(None)

0  : pgn=127250 line=Rx 10327683 09 f1 12 00 ff 8d 42 ff 7f ff 7f fd
source=0: pgn=Vessel Heading(127250): values=Heading=(97.61 deg) Deviation=(None) Variation=(None) Reference=("1")

0  : pgn=127245 line=Rx 10327683 09 f1 0d 00 00 f8 ff 7f 00 00 ff ff
source=0: pgn=Rudder(127245): values=Instance=(0) DirectionOrder=("0") AngleOrder=(None) Position=(0.00 deg)

0  : pgn=65359  line=Rx 10327690 1c ff 4f 00 3b 9f ff ff ff 8d 42 ff
source=0: pgn=Seatalk: Pilot Heading(65359): values=ManufacturerCode=(1851) IndustryCode=(4) HeadingTrue=(None) HeadingMagnetic=(97.61 deg)

0  : pgn=126975 line=Rx 10327693 1d ef ff 00 a0 09 3b 9f f0 81 ae 02
0  : pgn=126975 line=Rx 10327695 1d ef ff 00 a1 00 08 00 ff ff ff ff
3  : pgn=129029 line=Tx 10327714 0d f8 05 03 a0 2b 86 06 40 e0 6e 11
3  : pgn=129029 line=Tx 10327714 0d f8 05 03 a1 2c 00 6c 67 39 78 df
3  : pgn=129029 line=Tx 10327714 0d f8 05 03 a2 9e 06 00 52 dd 2f 6e
3  : pgn=129029 line=Tx 10327714 0d f8 05 03 a3 4d 00 ef ff ff ff ff
3  : pgn=129029 line=Tx 10327714 0d f8 05 03 a4 ff ff ff 7f 23 fc 09
3  : pgn=129029 line=Tx 10327714 0d f8 05 03 a5 54 00 ff 7f ff ff ff
3  : pgn=129029 line=Tx 10327714 0d f8 05 03 a6 7f 00 ff ff ff ff ff
3  : pgn=129025 line=Tx 10327714 09 f8 01 03 7e 6c 6f 1c f5 99 fd b6
source=3: pgn=Position, Rapid Update(129025): values=Latitude=(47.7064318 deg) Longitude=(-122.4893963 deg)

3  : pgn=129033 line=Tx 10327714 0d f8 09 03 06 40 e0 6e 11 2c 5c fe
source=3: pgn=Time & Date(129033): values=Date=(16390 d) Time=(73934.0 s) LocalOffset=(-25200.0 s)

1  : pgn=129038 line=Rx 10327752 11 f8 0e 01 a0 1b c1 a0 c1 e2 15 cd
1  : pgn=129038 line=Rx 10327752 11 f8 0e 01 a1 55 14 b7 5b 54 66 1c
1  : pgn=129038 line=Rx 10327753 11 f8 0e 01 a2 34 e2 0f 00 00 00 00
1  : pgn=129038 line=Rx 10327754 11 f8 0e 01 a3 00 ff ff ff 7f f0 fe
32 : pgn=128259 line=Rx 10327759 09 f5 03 20 28 39 01 ff ff ff ff ff
source=32: pgn=Speed(128259): values=SpeedWaterReferenced=(3.13 m/s) SpeedGroundReferenced=(None) SpeedWaterReferencedType=(None) SpeedDirection=(None)

0  : pgn=127250 line=Rx 10327783 09 f1 12 00 ff b5 42 ff 7f ff 7f fd
source=0: pgn=Vessel Heading(127250): values=Heading=(97.84 deg) Deviation=(None) Variation=(None) Reference=("1")

0  : pgn=127245 line=Rx 10327783 09 f1 0d 00 00 f8 ff 7f 00 00 ff ff
source=0: pgn=Rudder(127245): values=Instance=(0) DirectionOrder=("0") AngleOrder=(None) Position=(0.00 deg)

0  : pgn=65359  line=Rx 10327789 1c ff 4f 00 3b 9f ff ff ff b5 42 ff
source=0: pgn=Seatalk: Pilot Heading(65359): values=ManufacturerCode=(1851) IndustryCode=(4) HeadingTrue=(None) HeadingMagnetic=(97.84 deg)

1  : pgn=129038 line=Rx 10327813 11 f8 0e 01 c0 1b c1 62 83 dc 15 7c
1  : pgn=129038 line=Rx 10327814 11 f8 0e 01 c1 e7 f9 b6 58 4d 62 1c
3  : pgn=129026 line=Tx 10327814 09 f8 02 03 ff fc 1c 44 42 01 ff ff
source=3: pgn=COG & SOG, Rapid Update(129026): values=COGReference=("0") COG=(99.90 deg) SOG=(3.22 m/s)

3  : pgn=129025 line=Tx 10327814 09 f8 01 03 67 6c 6f 1c 41 9a fd b6
source=3: pgn=Position, Rapid Update(129025): values=Latitude=(47.7064295 deg) Longitude=(-122.48938869999999 deg)

3  : pgn=126992 line=Tx 10327814 0d f0 10 03 ff ff 06 40 ae 78 11 2c
source=3: pgn=System Time(126992): values=Source=(None) Date=(16390 d) Time=(73934.251 s)

1  : pgn=129038 line=Rx 10327814 11 f8 0e 01 c2 39 64 d2 05 00 00 00
1  : pgn=129038 line=Rx 10327815 11 f8 0e 01 c3 00 cd c9 00 00 ff fe
1  : pgn=129038 line=Rx 10327846 11 f8 0e 01 e0 1b c1 0a 8c db 15 39
1  : pgn=129038 line=Rx 10327847 11 f8 0e 01 e1 a6 fc b6 8a ee 51 1c
1  : pgn=129038 line=Rx 10327847 11 f8 0e 01 e2 39 f7 9d 05 00 00 00
1  : pgn=129038 line=Rx 10327848 11 f8 0e 01 e3 00 da 8f 00 00 f8 fe
32 : pgn=128259 line=Rx 10327859 09 f5 03 20 29 3c 01 ff ff ff ff ff
source=32: pgn=Speed(128259): values=SpeedWaterReferenced=(3.16 m/s) SpeedGroundReferenced=(None) SpeedWaterReferencedType=(None) SpeedDirection=(None)

0  : pgn=127250 line=Rx 10327883 09 f1 12 00 ff c5 42 ff 7f ff 7f fd
source=0: pgn=Vessel Heading(127250): values=Heading=(97.94 deg) Deviation=(None) Variation=(None) Reference=("1")

0  : pgn=127245 line=Rx 10327884 09 f1 0d 00 00 f8 ff 7f 00 00 ff ff
source=0: pgn=Rudder(127245): values=Instance=(0) DirectionOrder=("0") AngleOrder=(None) Position=(0.00 deg)

0  : pgn=65359  line=Rx 10327890 1c ff 4f 00 3b 9f ff ff ff c5 42 ff
source=0: pgn=Seatalk: Pilot Heading(65359): values=ManufacturerCode=(1851) IndustryCode=(4) HeadingTrue=(None) HeadingMagnetic=(97.94 deg)

3  : pgn=129025 line=Tx 10327916 09 f8 01 03 67 6c 6f 1c 41 9a fd b6
source=3: pgn=Position, Rapid Update(129025): values=Latitude=(47.7064295 deg) Longitude=(-122.48938869999999 deg)

32 : pgn=128259 line=Rx 10327958 09 f5 03 20 2a 3f 01 ff ff ff ff ff
source=32: pgn=Speed(128259): values=SpeedWaterReferenced=(3.19 m/s) SpeedGroundReferenced=(None) SpeedWaterReferencedType=(None) SpeedDirection=(None)

0  : pgn=127250 line=Rx 10327983 09 f1 12 00 ff d9 42 ff 7f ff 7f fd
source=0: pgn=Vessel Heading(127250): values=Heading=(98.05 deg) Deviation=(None) Variation=(None) Reference=("1")

0  : pgn=127245 line=Rx 10327984 09 f1 0d 00 00 f8 ff 7f 00 00 ff ff
source=0: pgn=Rudder(127245): values=Instance=(0) DirectionOrder=("0") AngleOrder=(None) Position=(0.00 deg)

0  : pgn=65359  line=Rx 10327987 1c ff 4f 00 3b 9f ff ff ff d9 42 ff
source=0: pgn=Seatalk: Pilot Heading(65359): values=ManufacturerCode=(1851) IndustryCode=(4) HeadingTrue=(None) HeadingMagnetic=(98.05 deg)

3  : pgn=129026 line=Tx 10328017 09 f8 02 03 ff fc 1c 44 42 01 ff ff
source=3: pgn=COG & SOG, Rapid Update(129026): values=COGReference=("0") COG=(99.90 deg) SOG=(3.22 m/s)

3  : pgn=129025 line=Tx 10328017 09 f8 01 03 67 6c 6f 1c 41 9a fd b6
source=3: pgn=Position, Rapid Update(129025): values=Latitude=(47.7064295 deg) Longitude=(-122.48938869999999 deg)

3  : pgn=129291 line=Tx 10328017 0d f9 0b 03 ff fc 91 19 4f 00 ff ff
source=3: pgn=Set & Drift, Rapid Update(129291): values=SetReference=("0") Set=(37.50 deg) Drift=(0.79 m/s)

32 : pgn=128259 line=Rx 10328058 09 f5 03 20 2b 43 01 ff ff ff ff ff
source=32: pgn=Speed(128259): values=SpeedWaterReferenced=(3.23 m/s) SpeedGroundReferenced=(None) SpeedWaterReferencedType=(None) SpeedDirection=(None)

0  : pgn=127250 line=Rx 10328085 09 f1 12 00 ff ef 42 ff 7f ff 7f fd
source=0: pgn=Vessel Heading(127250): values=Heading=(98.18 deg) Deviation=(None) Variation=(None) Reference=("1")

0  : pgn=127245 line=Rx 10328086 09 f1 0d 00 00 f8 ff 7f 00 00 ff ff
source=0: pgn=Rudder(127245): values=Instance=(0) DirectionOrder=("0") AngleOrder=(None) Position=(0.00 deg)

0  : pgn=65359  line=Rx 10328093 1c ff 4f 00 3b 9f ff ff ff ef 42 ff
source=0: pgn=Seatalk: Pilot Heading(65359): values=ManufacturerCode=(1851) IndustryCode=(4) HeadingTrue=(None) HeadingMagnetic=(98.18 deg)

0  : pgn=126975 line=Rx 10328094 1d ef ff 00 c0 08 3b 9f f0 81 9c 11
0  : pgn=126975 line=Rx 10328096 1d ef ff 00 c1 04 00 ff ff ff ff ff
3  : pgn=129025 line=Tx 10328117 09 f8 01 03 58 6c 6f 1c 94 9a fd b6
source=3: pgn=Position, Rapid Update(129025): values=Latitude=(47.706427999999995 deg) Longitude=(-122.48938039999999 deg)

32 : pgn=128259 line=Rx 10328160 09 f5 03 20 2c 45 01 ff ff ff ff ff
source=32: pgn=Speed(128259): values=SpeedWaterReferenced=(3.25 m/s) SpeedGroundReferenced=(None) SpeedWaterReferencedType=(None) SpeedDirection=(None)

32 : pgn=130310 line=Rx 10328163 15 fd 06 20 ce ff ff ff ff ff ff ff
source=32: pgn=Environmental Parameters (obsolete)(130310): values=WaterTemperature=(None) OutsideAmbientAirTemperature=(None) AtmosphericPressure=(None)

32 : pgn=128275 line=Rx 10328173 19 f5 13 20 00 0e ff ff ff ff ff ff
source=32: pgn=Distance Log(128275): values=Date=(3584 d) Time=(None) Log=(0 m) TripLog=(0 m)

32 : pgn=128275 line=Rx 10328178 19 f5 13 20 01 ea ad 3c 00 ea ad 3c
source=32: pgn=Distance Log(128275): values=Date=(59905 d) Time=(392588.40770000004 s) Log=(0 m) TripLog=(0 m)

32 : pgn=128275 line=Rx 10328183 19 f5 13 20 02 00 ff ff ff ff ff ff
source=32: pgn=Distance Log(128275): values=Date=(2 d) Time=(None) Log=(0 m) TripLog=(0 m)

0  : pgn=127250 line=Rx 10328183 09 f1 12 00 ff f5 42 ff 7f ff 7f fd
source=0: pgn=Vessel Heading(127250): values=Heading=(98.21 deg) Deviation=(None) Variation=(None) Reference=("1")

0  : pgn=127245 line=Rx 10328184 09 f1 0d 00 00 f8 ff 7f 00 00 ff ff
source=0: pgn=Rudder(127245): values=Instance=(0) DirectionOrder=("0") AngleOrder=(None) Position=(0.00 deg)

0  : pgn=65359  line=Rx 10328189 1c ff 4f 00 3b 9f ff ff ff f5 42 ff
source=0: pgn=Seatalk: Pilot Heading(65359): values=ManufacturerCode=(1851) IndustryCode=(4) HeadingTrue=(None) HeadingMagnetic=(98.21 deg)

1  : pgn=59936  line=Rx 10328206 18 ea 20 01 00 ee 00 00 00 00 00 00
3  : pgn=129026 line=Tx 10328218 09 f8 02 03 ff fc 73 44 43 01 ff ff
source=3: pgn=COG & SOG, Rapid Update(129026): values=COGReference=("0") COG=(100.40 deg) SOG=(3.23 m/s)

3  : pgn=130577 line=Tx 10328218 0d fe 11 03 c0 0e c0 87 73 44 43 01
3  : pgn=130577 line=Tx 10328218 0d fe 11 03 c1 ff ff ff ff 91 19 4f
3  : pgn=130577 line=Tx 10328218 0d fe 11 03 c2 00 ff ff ff ff ff ff
3  : pgn=129025 line=Tx 10328218 09 f8 01 03 58 6c 6f 1c 94 9a fd b6
3  : pgn=130306 line=Tx 10328218 09 fd 02 03 ff 37 03 d9 cb fa ff ff
source=3: pgn=Wind Data(130306): values=WindSpeed=(8.23 m/s) WindAngle=(299.00 deg) Reference=("2")

1  : pgn=129041 line=Rx 10328238 11 f8 11 01 60 30 55 75 89 3a 3b 6d
1  : pgn=129041 line=Rx 10328239 11 f8 11 01 61 8b 0a b7 5b f8 47 1c
1  : pgn=129041 line=Rx 10328239 11 f8 11 01 62 f4 00 00 00 00 00 00
1  : pgn=129041 line=Rx 10328240 11 f8 11 01 63 ff ff 12 ee ff e0 16
1  : pgn=129041 line=Rx 10328240 11 f8 11 01 64 01 50 53 20 54 53 4c
1  : pgn=129041 line=Rx 10328241 11 f8 11 01 65 20 4c 42 20 54 41 20
1  : pgn=129041 line=Rx 10328241 11 f8 11 01 66 20 20 20 20 20 20 20
32 : pgn=128259 line=Rx 10328257 09 f5 03 20 2d 4c 01 ff ff ff ff ff
source=32: pgn=Speed(128259): values=SpeedWaterReferenced=(3.3200000000000003 m/s) SpeedGroundReferenced=(None) SpeedWaterReferencedType=(None) SpeedDirection=(None)

0  : pgn=127250 line=Rx 10328283 09 f1 12 00 ff fe 42 ff 7f ff 7f fd
source=0: pgn=Vessel Heading(127250): values=Heading=(98.26 deg) Deviation=(None) Variation=(None) Reference=("1")

0  : pgn=127245 line=Rx 10328283 09 f1 0d 00 00 f8 ff 7f 00 00 ff ff
source=0: pgn=Rudder(127245): values=Instance=(0) DirectionOrder=("0") AngleOrder=(None) Position=(0.00 deg)

0  : pgn=65359  line=Rx 10328291 1c ff 4f 00 3b 9f ff ff ff fe 42 ff
source=0: pgn=Seatalk: Pilot Heading(65359): values=ManufacturerCode=(1851) IndustryCode=(4) HeadingTrue=(None) HeadingMagnetic=(98.26 deg)

3  : pgn=129283 line=Tx 10328319 0d f9 03 03 ff 7f ff ff ff 7f ff ff
source=3: pgn=Cross Track Error(129283): values=XTEmode=(None) NavigationTerminated=("1") XTE=(None)

3  : pgn=129025 line=Tx 10328319 09 f8 01 03 58 6c 6f 1c 94 9a fd b6
source=3: pgn=Position, Rapid Update(129025): values=Latitude=(47.706427999999995 deg) Longitude=(-122.48938039999999 deg)

3  : pgn=128267 line=Tx 10328319 0d f5 0b 03 ff 70 3d 00 00 00 00 ff
source=3: pgn=Water Depth(128267): values=Depth=(157.28 m) Offset=(0.0 m) Range=(None)

32 : pgn=128259 line=Rx 10328357 09 f5 03 20 2e 3b 01 ff ff ff ff ff
source=32: pgn=Speed(128259): values=SpeedWaterReferenced=(3.15 m/s) SpeedGroundReferenced=(None) SpeedWaterReferencedType=(None) SpeedDirection=(None)

0  : pgn=127250 line=Rx 10328382 09 f1 12 00 ff ff 42 ff 7f ff 7f fd
source=0: pgn=Vessel Heading(127250): values=Heading=(98.27 deg) Deviation=(None) Variation=(None) Reference=("1")

0  : pgn=127245 line=Rx 10328383 09 f1 0d 00 00 f8 ff 7f 00 00 ff ff
source=0: pgn=Rudder(127245): values=Instance=(0) DirectionOrder=("0") AngleOrder=(None) Position=(0.00 deg)

0  : pgn=65359  line=Rx 10328388 1c ff 4f 00 3b 9f ff ff ff ff 42 ff
source=0: pgn=Seatalk: Pilot Heading(65359): values=ManufacturerCode=(1851) IndustryCode=(4) HeadingTrue=(None) HeadingMagnetic=(98.27 deg)

4  : pgn=65384  line=Rx 10328405 1c ff 68 04 3b 9f 00 00 00 00 00 00
3  : pgn=129026 line=Tx 10328419 09 f8 02 03 ff fc dc 44 44 01 ff ff
source=3: pgn=COG & SOG, Rapid Update(129026): values=COGReference=("0") COG=(101.00 deg) SOG=(3.24 m/s)

3  : pgn=129025 line=Tx 10328419 09 f8 01 03 33 6c 6f 1c 45 9b fd b6
source=3: pgn=Position, Rapid Update(129025): values=Latitude=(47.706424299999995 deg) Longitude=(-122.4893627 deg)

3  : pgn=129542 line=Tx 10328419 19 fa 06 03 c0 0f 87 32 01 00 00 00
3  : pgn=129542 line=Tx 10328419 19 fa 06 03 c1 00 00 00 00 00 00 00
3  : pgn=129542 line=Tx 10328419 19 fa 06 03 c2 00 00 ff ff ff ff ff
3  : pgn=65364  line=Tx 10328419 1c ff 54 03 3b 9f 37 03 d9 cb ff ff
32 : pgn=128259 line=Rx 10328456 09 f5 03 20 2f 39 01 ff ff ff ff ff
source=32: pgn=Speed(128259): values=SpeedWaterReferenced=(3.13 m/s) SpeedGroundReferenced=(None) SpeedWaterReferencedType=(None) SpeedDirection=(None)

0  : pgn=127250 line=Rx 10328483 09 f1 12 00 ff fd 42 ff 7f ff 7f fd
source=0: pgn=Vessel Heading(127250): values=Heading=(98.26 deg) Deviation=(None) Variation=(None) Reference=("1")

0  : pgn=127245 line=Rx 10328484 09 f1 0d 00 00 f8 ff 7f 00 00 ff ff
source=0: pgn=Rudder(127245): values=Instance=(0) DirectionOrder=("0") AngleOrder=(None) Position=(0.00 deg)

1  : pgn=129041 line=Rx 10328484 11 f8 11 01 80 30 55 75 89 3a 3b 6d
1  : pgn=129041 line=Rx 10328485 11 f8 11 01 81 8b 0a b7 5b f8 47 1c
1  : pgn=129041 line=Rx 10328485 11 f8 11 01 82 f4 00 00 00 00 00 00
1  : pgn=129041 line=Rx 10328486 11 f8 11 01 83 ff ff 12 ee ff e1 16
1  : pgn=129041 line=Rx 10328486 11 f8 11 01 84 01 50 53 20 54 53 4c
1  : pgn=129041 line=Rx 10328487 11 f8 11 01 85 20 4c 42 20 54 41 20
1  : pgn=129041 line=Rx 10328487 11 f8 11 01 86 20 20 20 20 20 20 20
0  : pgn=65359  line=Rx 10328494 1c ff 4f 00 3b 9f ff ff ff fd 42 ff
source=0: pgn=Seatalk: Pilot Heading(65359): values=ManufacturerCode=(1851) IndustryCode=(4) HeadingTrue=(None) HeadingMagnetic=(98.26 deg)

1  : pgn=129038 line=Rx 10328513 11 f8 0e 01 00 1b c1 d0 26 df 15 51
1  : pgn=129038 line=Rx 10328514 11 f8 0e 01 01 f7 0d b7 e5 eb 63 1c
source=1: pgn=AIS Class A Position Report(129038): values=MessageID=(1) RepeatIndicator=("0") UserID=(3853979127) Longitude=(0.0 deg) Latitude=(0.0 deg) PositionAccuracy=("0") RAIM=("0") TimeStamp=("0") COG=(0.00 deg) SOG=(0.0 m/s) CommunicationState=(0) AISTransceiverinformation=("0") Heading=(0.00 deg) RateofTurn=(0.00 deg/s) NavStatus=("0") SpecialManeuverIndicator=("0") Spare=(0) SequenceID=(0)

1  : pgn=129038 line=Rx 10328514 11 f8 0e 01 02 38 4e 95 00 00 00 00
source=1: pgn=AIS Class A Position Report(129038): values=MessageID=(2) RepeatIndicator=("0") UserID=(9784888) Longitude=(0.0 deg) Latitude=(0.0 deg) PositionAccuracy=("0") RAIM=("0") TimeStamp=("0") COG=(0.00 deg) SOG=(0.0 m/s) CommunicationState=(0) AISTransceiverinformation=("0") Heading=(0.00 deg) RateofTurn=(0.00 deg/s) NavStatus=("0") SpecialManeuverIndicator=("0") Spare=(0) SequenceID=(0)

1  : pgn=129038 line=Rx 10328515 11 f8 0e 01 03 00 09 7a 00 00 f0 fe
source=1: pgn=AIS Class A Position Report(129038): values=MessageID=(3) RepeatIndicator=("0") UserID=(7997696) Longitude=(0.0 deg) Latitude=(0.0 deg) PositionAccuracy=("0") RAIM=("0") TimeStamp=("0") COG=(0.00 deg) SOG=(0.0 m/s) CommunicationState=(0) AISTransceiverinformation=("0") Heading=(0.00 deg) RateofTurn=(0.00 deg/s) NavStatus=("0") SpecialManeuverIndicator=("0") Spare=(0) SequenceID=(0)

3  : pgn=129540 line=Tx 10328519 19 fa 04 03 00 9f a9 ff 0d 03 97 1a
source=3: pgn=GNSS Sats in View(129540): values=RangeResidualMode=(None) SatsinView=(169) PRN=(None) Elevation=(4.47 deg) Azimuth=(39.00 deg) SNR=(0.0 dB) Rangeresiduals=(0) Status=("0")

3  : pgn=129540 line=Tx 10328519 19 fa 04 03 01 2e 26 00 00 00 00 00
source=3: pgn=GNSS Sats in View(129540): values=RangeResidualMode=("0") SatsinView=(38) PRN=(0) Elevation=(0.00 deg) Azimuth=(0.00 deg) SNR=(0.0 dB) Rangeresiduals=(0) Status=("0")

3  : pgn=129540 line=Tx 10328520 19 fa 04 03 02 00 f3 0f ff 1d ad 3c
source=3: pgn=GNSS Sats in View(129540): values=RangeResidualMode=("0") SatsinView=(243) PRN=(15) Elevation=(44.00 deg) Azimuth=(89.00 deg) SNR=(0.0 dB) Rangeresiduals=(0) Status=("0")

3  : pgn=129540 line=Tx 10328520 19 fa 04 03 03 80 0c 00 00 00 00 f5
source=3: pgn=GNSS Sats in View(129540): values=RangeResidualMode=("0") SatsinView=(12) PRN=(0) Elevation=(0.00 deg) Azimuth=(359.36 deg) SNR=(0.0 dB) Rangeresiduals=(0) Status=("0")

3  : pgn=129540 line=Tx 10328520 19 fa 04 03 04 10 17 13 71 b9 d8 0e
source=3: pgn=GNSS Sats in View(129540): values=RangeResidualMode=("0") SatsinView=(23) PRN=(19) Elevation=(-103.49 deg) Azimuth=(21.77 deg) SNR=(0.0 dB) Rangeresiduals=(0) Status=("0")

3  : pgn=129540 line=Tx 10328520 19 fa 04 03 05 00 00 00 00 f5 12 c5
source=3: pgn=GNSS Sats in View(129540): values=RangeResidualMode=("0") SatsinView=(0) PRN=(0) Elevation=(-16.13 deg) Azimuth=(289.06 deg) SNR=(0.0 dB) Rangeresiduals=(0) Status=("0")

3  : pgn=129540 line=Tx 10328520 19 fa 04 03 06 31 f2 93 74 0e 00 00
source=3: pgn=GNSS Sats in View(129540): values=RangeResidualMode=("1") SatsinView=(242) PRN=(147) Elevation=(21.20 deg) Azimuth=(0.00 deg) SNR=(0.0 dB) Rangeresiduals=(0) Status=("0")

3  : pgn=129540 line=Tx 10328520 19 fa 04 03 07 00 00 f5 13 69 03 1f
source=3: pgn=GNSS Sats in View(129540): values=RangeResidualMode=("0") SatsinView=(0) PRN=(245) Elevation=(154.12 deg) Azimuth=(45.49 deg) SNR=(0.0 dB) Rangeresiduals=(0) Status=("0")

3  : pgn=129540 line=Tx 10328520 19 fa 04 03 08 d8 d8 0e 00 00 00 00
source=3: pgn=GNSS Sats in View(129540): values=RangeResidualMode=("0") SatsinView=(216) PRN=(14) Elevation=(0.00 deg) Azimuth=(0.00 deg) SNR=(0.0 dB) Rangeresiduals=(0) Status=("0")

3  : pgn=129540 line=Tx 10328520 19 fa 04 03 09 f5 15 e8 37 ba 20 e4
source=3: pgn=GNSS Sats in View(129540): values=RangeResidualMode=("1") SatsinView=(21) PRN=(232) Elevation=(-102.36 deg) Azimuth=(334.61 deg) SNR=(0.0 dB) Rangeresiduals=(0) Status=("0")

3  : pgn=129540 line=Tx 10328520 19 fa 04 03 0a 0c 00 00 00 00 f5 16
source=3: pgn=GNSS Sats in View(129540): values=RangeResidualMode=("0") SatsinView=(0) PRN=(0) Elevation=(0.00 deg) Azimuth=(33.67 deg) SNR=(0.0 dB) Rangeresiduals=(0) Status=("0")

3  : pgn=129540 line=Tx 10328521 19 fa 04 03 0b 80 16 cf 9c b8 0b 00
source=3: pgn=GNSS Sats in View(129540): values=RangeResidualMode=("0") SatsinView=(22) PRN=(207) Elevation=(-104.71 deg) Azimuth=(0.06 deg) SNR=(0.0 dB) Rangeresiduals=(0) Status=("0")

3  : pgn=129540 line=Tx 10328522 19 fa 04 03 0c 00 00 00 f5 1a ae 0f
source=3: pgn=GNSS Sats in View(129540): values=RangeResidualMode=("0") SatsinView=(0) PRN=(0) Elevation=(39.54 deg) Azimuth=(23.00 deg) SNR=(0.0 dB) Rangeresiduals=(0) Status=("0")

3  : pgn=129540 line=Tx 10328523 19 fa 04 03 0d 5d 1f d8 0e 00 00 00
source=3: pgn=GNSS Sats in View(129540): values=RangeResidualMode=("1") SatsinView=(31) PRN=(216) Elevation=(0.08 deg) Azimuth=(0.00 deg) SNR=(0.0 dB) Rangeresiduals=(0) Status=("0")

3  : pgn=129540 line=Tx 10328523 19 fa 04 03 0e 00 f5 1b d1 15 ab d2
source=3: pgn=GNSS Sats in View(129540): values=RangeResidualMode=("0") SatsinView=(245) PRN=(27) Elevation=(32.00 deg) Azimuth=(309.00 deg) SNR=(0.0 dB) Rangeresiduals=(0) Status=("0")

3  : pgn=129540 line=Tx 10328524 19 fa 04 03 0f ac 0d 00 00 00 00 f5
source=3: pgn=GNSS Sats in View(129540): values=RangeResidualMode=("0") SatsinView=(13) PRN=(0) Elevation=(0.00 deg) Azimuth=(359.36 deg) SNR=(0.0 dB) Rangeresiduals=(0) Status=("0")

3  : pgn=129540 line=Tx 10328525 19 fa 04 03 10 1d 00 0f a1 67 34 08
source=3: pgn=GNSS Sats in View(129540): values=RangeResidualMode=("1") SatsinView=(0) PRN=(15) Elevation=(152.00 deg) Azimuth=(12.03 deg) SNR=(0.0 dB) Rangeresiduals=(0) Status=("0")

3  : pgn=129540 line=Tx 10328526 19 fa 04 03 11 00 00 00 00 f5 23 d1
source=3: pgn=GNSS Sats in View(129540): values=RangeResidualMode=("0") SatsinView=(0) PRN=(0) Elevation=(-16.13 deg) Azimuth=(306.76 deg) SNR=(0.0 dB) Rangeresiduals=(0) Status=("0")

3  : pgn=129540 line=Tx 10328526 19 fa 04 03 12 15 c3 8b 00 00 00 00
source=3: pgn=GNSS Sats in View(129540): values=RangeResidualMode=("1") SatsinView=(195) PRN=(139) Elevation=(0.00 deg) Azimuth=(0.00 deg) SNR=(0.0 dB) Rangeresiduals=(0) Status=("0")

3  : pgn=129540 line=Tx 10328527 19 fa 04 03 13 00 00 f3 30 2e 17 43
source=3: pgn=GNSS Sats in View(129540): values=RangeResidualMode=("0") SatsinView=(0) PRN=(243) Elevation=(67.75 deg) Azimuth=(98.41 deg) SNR=(0.0 dB) Rangeresiduals=(0) Status=("0")

3  : pgn=129540 line=Tx 10328528 19 fa 04 03 14 84 d8 0e 00 00 00 00
source=3: pgn=GNSS Sats in View(129540): values=RangeResidualMode=("0") SatsinView=(216) PRN=(14) Elevation=(0.00 deg) Azimuth=(0.00 deg) SNR=(0.0 dB) Rangeresiduals=(0) Status=("0")

3  : pgn=129540 line=Tx 10328528 19 fa 04 03 15 f5 33 80 16 67 6c b8
source=3: pgn=GNSS Sats in View(129540): values=RangeResidualMode=("1") SatsinView=(51) PRN=(128) Elevation=(151.20 deg) Azimuth=(270.50 deg) SNR=(0.0 dB) Rangeresiduals=(0) Status=("0")

3  : pgn=129540 line=Tx 10328529 19 fa 04 03 16 0b 00 00 00 00 f5 ff
source=3: pgn=GNSS Sats in View(129540): values=RangeResidualMode=(None) SatsinView=(0) PRN=(0) Elevation=(0.00 deg) Azimuth=(375.43 deg) SNR=(0.0 dB) Rangeresiduals=(0) Status=("0")

3  : pgn=129025 line=Tx 10328531 09 f8 01 03 33 6c 6f 1c 45 9b fd b6
source=3: pgn=Position, Rapid Update(129025): values=Latitude=(47.706424299999995 deg) Longitude=(-122.4893627 deg)

3  : pgn=127258 line=Tx 10328532 19 f1 1a 03 ff f6 12 39 fa 0a ff ff
source=3: pgn=Magnetic Variation(127258): values=Source=("6") Ageofservice=(14610 d) Variation=(16.10 deg)

32 : pgn=128259 line=Rx 10328556 09 f5 03 20 30 35 01 ff ff ff ff ff
source=32: pgn=Speed(128259): values=SpeedWaterReferenced=(3.09 m/s) SpeedGroundReferenced=(None) SpeedWaterReferencedType=(None) SpeedDirection=(None)

0  : pgn=127250 line=Rx 10328584 09 f1 12 00 ff f2 42 ff 7f ff 7f fd
source=0: pgn=Vessel Heading(127250): values=Heading=(98.19 deg) Deviation=(None) Variation=(None) Reference=("1")

0  : pgn=127245 line=Rx 10328585 09 f1 0d 00 00 f8 ff 7f 00 00 ff ff
source=0: pgn=Rudder(127245): values=Instance=(0) DirectionOrder=("0") AngleOrder=(None) Position=(0.00 deg)

0  : pgn=65379  line=Rx 10328589 1c ff 63 00 3b 9f 00 00 00 00 01 ff
source=0: pgn=Seatalk: Pilot Mode(65379): values=ManufacturerCode=(1851) IndustryCode=(4) PilotMode=(0) SubMode=(0) PilotModeData=(0)

0  : pgn=65359  line=Rx 10328590 1c ff 4f 00 3b 9f ff ff ff f2 42 ff
source=0: pgn=Seatalk: Pilot Heading(65359): values=ManufacturerCode=(1851) IndustryCode=(4) HeadingTrue=(None) HeadingMagnetic=(98.19 deg)

0  : pgn=126975 line=Rx 10328592 1d ef ff 00 e0 0d 3b 9f f0 81 84 16
0  : pgn=126975 line=Rx 10328594 1d ef ff 00 e1 44 10 00 00 00 02 05
1  : pgn=129038 line=Rx 10328605 11 f8 0e 01 20 1b c1 44 d6 e0 15 80
1  : pgn=129038 line=Rx 10328606 11 f8 0e 01 21 ea 0c b7 4c 56 69 1c
1  : pgn=129038 line=Rx 10328606 11 f8 0e 01 22 3a fe 3b 00 00 00 00
1  : pgn=129038 line=Rx 10328607 11 f8 0e 01 23 00 ff ff ff 7f f0 fe
3  : pgn=129026 line=Tx 10328621 09 f8 02 03 ff fc 33 45 45 01 ff ff
source=3: pgn=COG & SOG, Rapid Update(129026): values=COGReference=("0") COG=(101.50 deg) SOG=(3.25 m/s)

3  : pgn=129025 line=Tx 10328621 09 f8 01 03 1f 6c 6f 1c 98 9b fd b6
source=3: pgn=Position, Rapid Update(129025): values=Latitude=(47.7064223 deg) Longitude=(-122.4893544 deg)

32 : pgn=128259 line=Rx 10328655 09 f5 03 20 31 33 01 ff ff ff ff ff
source=32: pgn=Speed(128259): values=SpeedWaterReferenced=(3.0700000000000003 m/s) SpeedGroundReferenced=(None) SpeedWaterReferencedType=(None) SpeedDirection=(None)

0  : pgn=127250 line=Rx 10328683 09 f1 12 00 ff ea 42 ff 7f ff 7f fd
source=0: pgn=Vessel Heading(127250): values=Heading=(98.15 deg) Deviation=(None) Variation=(None) Reference=("1")

0  : pgn=127245 line=Rx 10328683 09 f1 0d 00 00 f8 ff 7f 00 00 ff ff
source=0: pgn=Rudder(127245): values=Instance=(0) DirectionOrder=("0") AngleOrder=(None) Position=(0.00 deg)

0  : pgn=65359  line=Rx 10328690 1c ff 4f 00 3b 9f ff ff ff ea 42 ff
source=0: pgn=Seatalk: Pilot Heading(65359): values=ManufacturerCode=(1851) IndustryCode=(4) HeadingTrue=(None) HeadingMagnetic=(98.15 deg)

0  : pgn=126975 line=Rx 10328693 1d ef ff 00 00 09 3b 9f f0 81 ae 02
0  : pgn=126975 line=Rx 10328695 1d ef ff 00 01 00 08 00 ff ff ff ff
3  : pgn=129029 line=Tx 10328721 0d f8 05 03 c0 2b 87 06 40 f2 98 11
3  : pgn=129029 line=Tx 10328721 0d f8 05 03 c1 2c 00 76 f6 1a 62 df
3  : pgn=129029 line=Tx 10328721 0d f8 05 03 c2 9e 06 00 f0 35 be cf
3  : pgn=129029 line=Tx 10328721 0d f8 05 03 c3 4d 00 ef ff ff ff ff
3  : pgn=129029 line=Tx 10328721 0d f8 05 03 c4 ff ff ff 7f 23 fc 09
3  : pgn=129029 line=Tx 10328721 0d f8 05 03 c5 55 00 ff 7f ff ff ff
3  : pgn=129029 line=Tx 10328721 0d f8 05 03 c6 7f 00 ff ff ff ff ff
3  : pgn=129025 line=Tx 10328721 09 f8 01 03 1f 6c 6f 1c 98 9b fd b6
source=3: pgn=Position, Rapid Update(129025): values=Latitude=(47.7064223 deg) Longitude=(-122.4893544 deg)

3  : pgn=129033 line=Tx 10328721 0d f8 09 03 06 40 f2 98 11 2c 5c fe
source=3: pgn=Time & Date(129033): values=Date=(16390 d) Time=(73935.077 s) LocalOffset=(-25200.0 s)

32 : pgn=128259 line=Rx 10328755 09 f5 03 20 32 3a 01 ff ff ff ff ff
source=32: pgn=Speed(128259): values=SpeedWaterReferenced=(3.14 m/s) SpeedGroundReferenced=(None) SpeedWaterReferencedType=(None) SpeedDirection=(None)

0  : pgn=127250 line=Rx 10328782 09 f1 12 00 ff dd 42 ff 7f ff 7f fd
source=0: pgn=Vessel Heading(127250): values=Heading=(98.07 deg) Deviation=(None) Variation=(None) Reference=("1")

0  : pgn=127245 line=Rx 10328783 09 f1 0d 00 00 f8 ff 7f 00 00 ff ff
source=0: pgn=Rudder(127245): values=Instance=(0) DirectionOrder=("0") AngleOrder=(None) Position=(0.00 deg)

0  : pgn=65359  line=Rx 10328789 1c ff 4f 00 3b 9f ff ff ff dd 42 ff
source=0: pgn=Seatalk: Pilot Heading(65359): values=ManufacturerCode=(1851) IndustryCode=(4) HeadingTrue=(None) HeadingMagnetic=(98.07 deg)

1  : pgn=129038 line=Rx 10328818 11 f8 0e 01 40 1b c1 a8 2c e8 15 9c
1  : pgn=129038 line=Rx 10328818 11 f8 0e 01 41 ca 0c b7 d8 74 69 1c
1  : pgn=129038 line=Rx 10328819 11 f8 0e 01 42 38 b9 0e 00 00 00 00
1  : pgn=129038 line=Rx 10328820 11 f8 0e 01 43 00 ff ff ff 7f ff fe
3  : pgn=129026 line=Tx 10328821 09 f8 02 03 ff fc 33 45 45 01 ff ff
source=3: pgn=COG & SOG, Rapid Update(129026): values=COGReference=("0") COG=(101.50 deg) SOG=(3.25 m/s)

3  : pgn=129025 line=Tx 10328821 09 f8 01 03 1f 6c 6f 1c 98 9b fd b6
source=3: pgn=Position, Rapid Update(129025): values=Latitude=(47.7064223 deg) Longitude=(-122.4893544 deg)

3  : pgn=126992 line=Tx 10328821 0d f0 10 03 ff ff 06 40 f2 98 11 2c
source=3: pgn=System Time(126992): values=Source=(None) Date=(16390 d) Time=(73935.077 s)

32 : pgn=128259 line=Rx 10328854 09 f5 03 20 33 2c 01 ff ff ff ff ff
source=32: pgn=Speed(128259): values=SpeedWaterReferenced=(3.0 m/s) SpeedGroundReferenced=(None) SpeedWaterReferencedType=(None) SpeedDirection=(None)

0  : pgn=127250 line=Rx 10328883 09 f1 12 00 ff d8 42 ff 7f ff 7f fd
source=0: pgn=Vessel Heading(127250): values=Heading=(98.04 deg) Deviation=(None) Variation=(None) Reference=("1")

0  : pgn=127245 line=Rx 10328884 09 f1 0d 00 00 f8 ff 7f 00 00 ff ff
source=0: pgn=Rudder(127245): values=Instance=(0) DirectionOrder=("0") AngleOrder=(None) Position=(0.00 deg)

0  : pgn=65359  line=Rx 10328890 1c ff 4f 00 3b 9f ff ff ff d8 42 ff
source=0: pgn=Seatalk: Pilot Heading(65359): values=ManufacturerCode=(1851) IndustryCode=(4) HeadingTrue=(None) HeadingMagnetic=(98.04 deg)

3  : pgn=129025 line=Tx 10328922 09 f8 01 03 0e 6c 6f 1c ed 9b fd b6
source=3: pgn=Position, Rapid Update(129025): values=Latitude=(47.7064206 deg) Longitude=(-122.48934589999999 deg)

32 : pgn=128259 line=Rx 10328954 09 f5 03 20 34 29 01 ff ff ff ff ff
source=32: pgn=Speed(128259): values=SpeedWaterReferenced=(2.97 m/s) SpeedGroundReferenced=(None) SpeedWaterReferencedType=(None) SpeedDirection=(None)

0  : pgn=127250 line=Rx 10328982 09 f1 12 00 ff da 42 ff 7f ff 7f fd
source=0: pgn=Vessel Heading(127250): values=Heading=(98.06 deg) Deviation=(None) Variation=(None) Reference=("1")

0  : pgn=127245 line=Rx 10328983 09 f1 0d 00 00 f8 ff 7f 00 00 ff ff
source=0: pgn=Rudder(127245): values=Instance=(0) DirectionOrder=("0") AngleOrder=(None) Position=(0.00 deg)

0  : pgn=65359  line=Rx 10328987 1c ff 4f 00 3b 9f ff ff ff da 42 ff
source=0: pgn=Seatalk: Pilot Heading(65359): values=ManufacturerCode=(1851) IndustryCode=(4) HeadingTrue=(None) HeadingMagnetic=(98.06 deg)

3  : pgn=129026 line=Tx 10329022 09 f8 02 03 ff fc 79 45 46 01 ff ff
source=3: pgn=COG & SOG, Rapid Update(129026): values=COGReference=("0") COG=(101.90 deg) SOG=(3.2600000000000002 m/s)

3  : pgn=129025 line=Tx 10329022 09 f8 01 03 0e 6c 6f 1c ed 9b fd b6
source=3: pgn=Position, Rapid Update(129025): values=Latitude=(47.7064206 deg) Longitude=(-122.48934589999999 deg)

3  : pgn=129291 line=Tx 10329022 0d f9 0b 03 ff fc 87 07 4f 00 ff ff
source=3: pgn=Set & Drift, Rapid Update(129291): values=SetReference=("0") Set=(11.04 deg) Drift=(0.79 m/s)

3  : pgn=129044 line=Tx 10329022 19 f8 14 03 20 14 57 38 34 00 00 00
3  : pgn=129044 line=Tx 10329022 19 f8 14 03 21 00 00 00 00 00 00 00
3  : pgn=129044 line=Tx 10329022 19 f8 14 03 22 00 00 00 57 38 34 00
32 : pgn=128259 line=Rx 10329053 09 f5 03 20 35 30 01 ff ff ff ff ff
source=32: pgn=Speed(128259): values=SpeedWaterReferenced=(3.04 m/s) SpeedGroundReferenced=(None) SpeedWaterReferencedType=(None) SpeedDirection=(None)

4  : pgn=126975 line=Rx 10329064 1d ef ff 04 00 07 3b 9f f0 81 90 00
4  : pgn=126975 line=Rx 10329064 1d ef ff 04 01 03 ff ff ff ff ff ff
0  : pgn=127250 line=Rx 10329082 09 f1 12 00 ff e6 42 ff 7f ff 7f fd
source=0: pgn=Vessel Heading(127250): values=Heading=(98.12 deg) Deviation=(None) Variation=(None) Reference=("1")

0  : pgn=127245 line=Rx 10329083 09 f1 0d 00 00 f8 ff 7f 00 00 ff ff
source=0: pgn=Rudder(127245): values=Instance=(0) DirectionOrder=("0") AngleOrder=(None) Position=(0.00 deg)

0  : pgn=65359  line=Rx 10329090 1c ff 4f 00 3b 9f ff ff ff e6 42 ff
source=0: pgn=Seatalk: Pilot Heading(65359): values=ManufacturerCode=(1851) IndustryCode=(4) HeadingTrue=(None) HeadingMagnetic=(98.12 deg)

0  : pgn=126975 line=Rx 10329092 1d ef ff 00 20 08 3b 9f f0 81 9c 11
0  : pgn=126975 line=Rx 10329094 1d ef ff 00 21 04 00 ff ff ff ff ff
3  : pgn=129025 line=Tx 10329122 09 f8 01 03 0e 6c 6f 1c ed 9b fd b6
32 : pgn=128259 line=Rx 10329156 09 f5 03 20 36 25 01 ff ff ff ff ff
source=32: pgn=Speed(128259): values=SpeedWaterReferenced=(2.93 m/s) SpeedGroundReferenced=(None) SpeedWaterReferencedType=(None) SpeedDirection=(None)

32 : pgn=130310 line=Rx 10329159 15 fd 06 20 cf ff ff ff ff ff ff ff
source=32: pgn=Environmental Parameters (obsolete)(130310): values=WaterTemperature=(None) OutsideAmbientAirTemperature=(None) AtmosphericPressure=(None)

32 : pgn=128275 line=Rx 10329168 19 f5 13 20 20 0e ff ff ff ff ff ff
32 : pgn=128275 line=Rx 10329173 19 f5 13 20 21 ea ad 3c 00 ea ad 3c
32 : pgn=128275 line=Rx 10329178 19 f5 13 20 22 00 ff ff ff ff ff ff
0  : pgn=127250 line=Rx 10329182 09 f1 12 00 ff f1 42 ff 7f ff 7f fd
source=0: pgn=Vessel Heading(127250): values=Heading=(98.19 deg) Deviation=(None) Variation=(None) Reference=("1")

0  : pgn=127245 line=Rx 10329183 09 f1 0d 00 00 f8 ff 7f 00 00 ff ff
source=0: pgn=Rudder(127245): values=Instance=(0) DirectionOrder=("0") AngleOrder=(None) Position=(0.00 deg)

0  : pgn=65359  line=Rx 10329188 1c ff 4f 00 3b 9f ff ff ff f1 42 ff
source=0: pgn=Seatalk: Pilot Heading(65359): values=ManufacturerCode=(1851) IndustryCode=(4) HeadingTrue=(None) HeadingMagnetic=(98.19 deg)

32 : pgn=130846 line=Rx 10329188 1d ff 1e 20 00 0c 3b 9f 04 01 35 56
32 : pgn=130846 line=Rx 10329193 1d ff 1e 20 01 07 09 15 00 d1 04 ff
source=32: pgn=Furuno: Motion Sensor Status Extended(130846): values=ManufacturerCode=(1793) IndustryCode=(0)

1  : pgn=59936  line=Rx 10329208 18 ea 20 01 00 ee 00 00 00 00 00 00
3  : pgn=129026 line=Tx 10329223 09 f8 02 03 ff fc f3 45 47 01 ff ff
source=3: pgn=COG & SOG, Rapid Update(129026): values=COGReference=("0") COG=(102.60 deg) SOG=(3.27 m/s)

3  : pgn=130577 line=Tx 10329223 0d fe 11 03 e0 0e c0 88 f3 45 47 01
3  : pgn=130577 line=Tx 10329223 0d fe 11 03 e1 ff ff ff ff 87 07 4f
3  : pgn=130577 line=Tx 10329223 0d fe 11 03 e2 00 ff ff ff ff ff ff
3  : pgn=129025 line=Tx 10329223 09 f8 01 03 dd 6b 6f 1c 79 9c fd b6
3  : pgn=130306 line=Tx 10329223 09 fd 02 03 ff 37 03 1f c9 fa ff ff
source=3: pgn=Wind Data(130306): values=WindSpeed=(8.23 m/s) WindAngle=(295.00 deg) Reference=("2")

32 : pgn=128259 line=Rx 10329252 09 f5 03 20 37 2a 01 ff ff ff ff ff
source=32: pgn=Speed(128259): values=SpeedWaterReferenced=(2.98 m/s) SpeedGroundReferenced=(None) SpeedWaterReferencedType=(None) SpeedDirection=(None)

1  : pgn=129038 line=Rx 10329271 11 f8 0e 01 60 1b c3 bc 00 ea 25 25
1  : pgn=129038 line=Rx 10329272 11 f8 0e 01 61 47 f8 b6 c5 27 56 1c
1  : pgn=129038 line=Rx 10329272 11 f8 0e 01 62 28 2d 35 05 00 00 00
1  : pgn=129038 line=Rx 10329273 11 f8 0e 01 63 00 4d e0 00 00 f1 fe
1  : pgn=129038 line=Rx 10329274 11 f8 0e 01 80 1b c1 88 b4 f3 15 1b
1  : pgn=129038 line=Rx 10329274 11 f8 0e 01 81 f9 0d b7 a4 c6 63 1c
1  : pgn=129038 line=Rx 10329274 11 f8 0e 01 82 3d 5e ec 00 00 00 00
1  : pgn=129038 line=Rx 10329275 11 f8 0e 01 83 00 b7 7a 00 00 f0 fe
0  : pgn=127250 line=Rx 10329282 09 f1 12 00 ff 0a 43 ff 7f ff 7f fd
source=0: pgn=Vessel Heading(127250): values=Heading=(98.33 deg) Deviation=(None) Variation=(None) Reference=("1")

0  : pgn=127245 line=Rx 10329283 09 f1 0d 00 00 f8 ff 7f 00 00 ff ff
source=0: pgn=Rudder(127245): values=Instance=(0) DirectionOrder=("0") AngleOrder=(None) Position=(0.00 deg)

0  : pgn=65359  line=Rx 10329290 1c ff 4f 00 3b 9f ff ff ff 0a 43 ff
source=0: pgn=Seatalk: Pilot Heading(65359): values=ManufacturerCode=(1851) IndustryCode=(4) HeadingTrue=(None) HeadingMagnetic=(98.33 deg)

3  : pgn=129283 line=Tx 10329323 0d f9 03 03 ff 7f ff ff ff 7f ff ff
source=3: pgn=Cross Track Error(129283): values=XTEmode=(None) NavigationTerminated=("1") XTE=(None)

3  : pgn=129025 line=Tx 10329323 09 f8 01 03 dd 6b 6f 1c 79 9c fd b6
source=3: pgn=Position, Rapid Update(129025): values=Latitude=(47.7064157 deg) Longitude=(-122.4893319 deg)

3  : pgn=128267 line=Tx 10329323 0d f5 0b 03 ff 73 3d 00 00 00 00 ff
source=3: pgn=Water Depth(128267): values=Depth=(157.31 m) Offset=(0.0 m) Range=(None)

32 : pgn=128259 line=Rx 10329352 09 f5 03 20 38 2b 01 ff ff ff ff ff
source=32: pgn=Speed(128259): values=SpeedWaterReferenced=(2.99 m/s) SpeedGroundReferenced=(None) SpeedWaterReferencedType=(None) SpeedDirection=(None)

0  : pgn=127250 line=Rx 10329387 09 f1 12 00 ff 29 43 ff 7f ff 7f fd
source=0: pgn=Vessel Heading(127250): values=Heading=(98.51 deg) Deviation=(None) Variation=(None) Reference=("1")

0  : pgn=127245 line=Rx 10329387 09 f1 0d 00 00 f8 ff 7f 00 00 ff ff
source=0: pgn=Rudder(127245): values=Instance=(0) DirectionOrder=("0") AngleOrder=(None) Position=(0.00 deg)

0  : pgn=65359  line=Rx 10329392 1c ff 4f 00 3b 9f ff ff ff 29 43 ff
source=0: pgn=Seatalk: Pilot Heading(65359): values=ManufacturerCode=(1851) IndustryCode=(4) HeadingTrue=(None) HeadingMagnetic=(98.51 deg)

4  : pgn=65384  line=Rx 10329405 1c ff 68 04 3b 9f 00 00 00 00 00 00
1  : pgn=129038 line=Rx 10329423 11 f8 0e 01 a0 1b c1 aa eb e0 15 25
1  : pgn=129038 line=Rx 10329423 11 f8 0e 01 a1 20 0e b7 12 3c 68 1c
3  : pgn=129026 line=Tx 10329424 09 f8 02 03 ff fc a2 46 48 01 ff ff
source=3: pgn=COG & SOG, Rapid Update(129026): values=COGReference=("0") COG=(103.60 deg) SOG=(3.2800000000000002 m/s)

3  : pgn=129025 line=Tx 10329424 09 f8 01 03 c0 6b 6f 1c c6 9c fd b6
source=3: pgn=Position, Rapid Update(129025): values=Latitude=(47.706412799999995 deg) Longitude=(-122.4893242 deg)

3  : pgn=129542 line=Tx 10329424 19 fa 06 03 e0 0f 88 2f 01 00 00 00
3  : pgn=129542 line=Tx 10329424 19 fa 06 03 e1 00 00 00 00 00 00 00
3  : pgn=129542 line=Tx 10329424 19 fa 06 03 e2 00 00 ff ff ff ff ff
3  : pgn=65364  line=Tx 10329424 1c ff 54 03 3b 9f 37 03 1f c9 ff ff
1  : pgn=129038 line=Rx 10329424 11 f8 0e 01 a2 38 97 0b 00 00 00 00
1  : pgn=129038 line=Rx 10329425 11 f8 0e 01 a3 00 ff ff ff 7f f8 fe
32 : pgn=128259 line=Rx 10329451 09 f5 03 20 39 30 01 ff ff ff ff ff
source=32: pgn=Speed(128259): values=SpeedWaterReferenced=(3.04 m/s) SpeedGroundReferenced=(None) SpeedWaterReferencedType=(None) SpeedDirection=(None)

0  : pgn=127250 line=Rx 10329483 09 f1 12 00 ff 3b 43 ff 7f ff 7f fd
source=0: pgn=Vessel Heading(127250): values=Heading=(98.61 deg) Deviation=(None) Variation=(None) Reference=("1")

0  : pgn=127245 line=Rx 10329484 09 f1 0d 00 00 f8 ff 7f 00 00 ff ff
source=0: pgn=Rudder(127245): values=Instance=(0) DirectionOrder=("0") AngleOrder=(None) Position=(0.00 deg)

0  : pgn=65359  line=Rx 10329490 1c ff 4f 00 3b 9f ff ff ff 3b 43 ff
source=0: pgn=Seatalk: Pilot Heading(65359): values=ManufacturerCode=(1851) IndustryCode=(4) HeadingTrue=(None) HeadingMagnetic=(98.61 deg)

1  : pgn=129038 line=Rx 10329517 11 f8 0e 01 c0 1b c1 0c fe e4 15 00
1  : pgn=129038 line=Rx 10329517 11 f8 0e 01 c1 67 e8 b6 cd 58 a6 1c
1  : pgn=129038 line=Rx 10329518 11 f8 0e 01 c2 3c 81 ef d8 00 00 00
1  : pgn=129038 line=Rx 10329519 11 f8 0e 01 c3 00 b5 f2 00 00 f0 fe
3  : pgn=129540 line=Tx 10329524 19 fa 04 03 20 9f aa ff 0d 03 97 1a
source=3: pgn=GNSS Sats in View(129540): values=RangeResidualMode=(None) SatsinView=(170) PRN=(None) Elevation=(4.47 deg) Azimuth=(39.00 deg) SNR=(0.0 dB) Rangeresiduals=(0) Status=("0")

3  : pgn=129540 line=Tx 10329524 19 fa 04 03 21 2e 26 00 00 00 00 00
source=3: pgn=GNSS Sats in View(129540): values=RangeResidualMode=("0") SatsinView=(38) PRN=(0) Elevation=(0.00 deg) Azimuth=(0.00 deg) SNR=(0.0 dB) Rangeresiduals=(0) Status=("0")

3  : pgn=129540 line=Tx 10329524 19 fa 04 03 22 00 f3 0f ff 1d ad 3c
source=3: pgn=GNSS Sats in View(129540): values=RangeResidualMode=("0") SatsinView=(243) PRN=(15) Elevation=(44.00 deg) Azimuth=(89.00 deg) SNR=(0.0 dB) Rangeresiduals=(0) Status=("0")

3  : pgn=129540 line=Tx 10329524 19 fa 04 03 23 80 0c 00 00 00 00 f5
source=3: pgn=GNSS Sats in View(129540): values=RangeResidualMode=("0") SatsinView=(12) PRN=(0) Elevation=(0.00 deg) Azimuth=(359.36 deg) SNR=(0.0 dB) Rangeresiduals=(0) Status=("0")

3  : pgn=129540 line=Tx 10329524 19 fa 04 03 24 10 17 13 71 b9 d8 0e
source=3: pgn=GNSS Sats in View(129540): values=RangeResidualMode=("0") SatsinView=(23) PRN=(19) Elevation=(-103.49 deg) Azimuth=(21.77 deg) SNR=(0.0 dB) Rangeresiduals=(0) Status=("0")

3  : pgn=129540 line=Tx 10329524 19 fa 04 03 25 00 00 00 00 f5 12 c5
source=3: pgn=GNSS Sats in View(129540): values=RangeResidualMode=("0") SatsinView=(0) PRN=(0) Elevation=(-16.13 deg) Azimuth=(289.06 deg) SNR=(0.0 dB) Rangeresiduals=(0) Status=("0")

3  : pgn=129540 line=Tx 10329524 19 fa 04 03 26 31 f2 93 74 0e 00 00
source=3: pgn=GNSS Sats in View(129540): values=RangeResidualMode=("1") SatsinView=(242) PRN=(147) Elevation=(21.20 deg) Azimuth=(0.00 deg) SNR=(0.0 dB) Rangeresiduals=(0) Status=("0")

3  : pgn=129540 line=Tx 10329524 19 fa 04 03 27 00 00 f5 13 69 03 1f
source=3: pgn=GNSS Sats in View(129540): values=RangeResidualMode=("0") SatsinView=(0) PRN=(245) Elevation=(154.12 deg) Azimuth=(45.49 deg) SNR=(0.0 dB) Rangeresiduals=(0) Status=("0")

3  : pgn=129540 line=Tx 10329524 19 fa 04 03 28 d8 d8 0e 00 00 00 00
source=3: pgn=GNSS Sats in View(129540): values=RangeResidualMode=("0") SatsinView=(216) PRN=(14) Elevation=(0.00 deg) Azimuth=(0.00 deg) SNR=(0.0 dB) Rangeresiduals=(0) Status=("0")

3  : pgn=129540 line=Tx 10329524 19 fa 04 03 29 f5 15 e8 37 ba 20 e4
source=3: pgn=GNSS Sats in View(129540): values=RangeResidualMode=("1") SatsinView=(21) PRN=(232) Elevation=(-102.36 deg) Azimuth=(334.61 deg) SNR=(0.0 dB) Rangeresiduals=(0) Status=("0")

3  : pgn=129540 line=Tx 10329524 19 fa 04 03 2a 0c 00 00 00 00 f5 16
source=3: pgn=GNSS Sats in View(129540): values=RangeResidualMode=("0") SatsinView=(0) PRN=(0) Elevation=(0.00 deg) Azimuth=(33.67 deg) SNR=(0.0 dB) Rangeresiduals=(0) Status=("0")

3  : pgn=129540 line=Tx 10329525 19 fa 04 03 2b 80 16 cf 9c b8 0b 00
source=3: pgn=GNSS Sats in View(129540): values=RangeResidualMode=("0") SatsinView=(22) PRN=(207) Elevation=(-104.71 deg) Azimuth=(0.06 deg) SNR=(0.0 dB) Rangeresiduals=(0) Status=("0")

3  : pgn=129540 line=Tx 10329526 19 fa 04 03 2c 00 00 00 f5 1a ae 0f
source=3: pgn=GNSS Sats in View(129540): values=RangeResidualMode=("0") SatsinView=(0) PRN=(0) Elevation=(39.54 deg) Azimuth=(23.00 deg) SNR=(0.0 dB) Rangeresiduals=(0) Status=("0")

3  : pgn=129540 line=Tx 10329526 19 fa 04 03 2d 5d 1f d8 0e 00 00 00
source=3: pgn=GNSS Sats in View(129540): values=RangeResidualMode=("1") SatsinView=(31) PRN=(216) Elevation=(0.08 deg) Azimuth=(0.00 deg) SNR=(0.0 dB) Rangeresiduals=(0) Status=("0")

3  : pgn=129540 line=Tx 10329527 19 fa 04 03 2e 00 f5 1b d1 15 ab d2
source=3: pgn=GNSS Sats in View(129540): values=RangeResidualMode=("0") SatsinView=(245) PRN=(27) Elevation=(32.00 deg) Azimuth=(309.00 deg) SNR=(0.0 dB) Rangeresiduals=(0) Status=("0")

3  : pgn=129540 line=Tx 10329529 19 fa 04 03 2f ac 0d 00 00 00 00 f5
source=3: pgn=GNSS Sats in View(129540): values=RangeResidualMode=("0") SatsinView=(13) PRN=(0) Elevation=(0.00 deg) Azimuth=(359.36 deg) SNR=(0.0 dB) Rangeresiduals=(0) Status=("0")

3  : pgn=129540 line=Tx 10329529 19 fa 04 03 30 1d 00 0f a1 67 34 08
source=3: pgn=GNSS Sats in View(129540): values=RangeResidualMode=("1") SatsinView=(0) PRN=(15) Elevation=(152.00 deg) Azimuth=(12.03 deg) SNR=(0.0 dB) Rangeresiduals=(0) Status=("0")

3  : pgn=129540 line=Tx 10329530 19 fa 04 03 31 00 00 00 00 f5 23 d1
source=3: pgn=GNSS Sats in View(129540): values=RangeResidualMode=("0") SatsinView=(0) PRN=(0) Elevation=(-16.13 deg) Azimuth=(306.76 deg) SNR=(0.0 dB) Rangeresiduals=(0) Status=("0")

3  : pgn=129540 line=Tx 10329531 19 fa 04 03 32 15 c3 8b 00 00 00 00
source=3: pgn=GNSS Sats in View(129540): values=RangeResidualMode=("1") SatsinView=(195) PRN=(139) Elevation=(0.00 deg) Azimuth=(0.00 deg) SNR=(0.0 dB) Rangeresiduals=(0) Status=("0")

3  : pgn=129540 line=Tx 10329532 19 fa 04 03 33 00 00 f3 30 2e 17 43
source=3: pgn=GNSS Sats in View(129540): values=RangeResidualMode=("0") SatsinView=(0) PRN=(243) Elevation=(67.75 deg) Azimuth=(98.41 deg) SNR=(0.0 dB) Rangeresiduals=(0) Status=("0")

3  : pgn=129540 line=Tx 10329532 19 fa 04 03 34 84 d8 0e 00 00 00 00
source=3: pgn=GNSS Sats in View(129540): values=RangeResidualMode=("0") SatsinView=(216) PRN=(14) Elevation=(0.00 deg) Azimuth=(0.00 deg) SNR=(0.0 dB) Rangeresiduals=(0) Status=("0")

3  : pgn=129540 line=Tx 10329533 19 fa 04 03 35 f5 33 80 16 67 6c b8
source=3: pgn=GNSS Sats in View(129540): values=RangeResidualMode=("1") SatsinView=(51) PRN=(128) Elevation=(151.20 deg) Azimuth=(270.50 deg) SNR=(0.0 dB) Rangeresiduals=(0) Status=("0")

3  : pgn=129540 line=Tx 10329534 19 fa 04 03 36 0b 00 00 00 00 f5 ff
source=3: pgn=GNSS Sats in View(129540): values=RangeResidualMode=(None) SatsinView=(0) PRN=(0) Elevation=(0.00 deg) Azimuth=(375.43 deg) SNR=(0.0 dB) Rangeresiduals=(0) Status=("0")

3  : pgn=129025 line=Tx 10329534 09 f8 01 03 c0 6b 6f 1c c6 9c fd b6
source=3: pgn=Position, Rapid Update(129025): values=Latitude=(47.706412799999995 deg) Longitude=(-122.4893242 deg)

3  : pgn=127258 line=Tx 10329535 19 f1 1a 03 ff f6 12 39 fa 0a ff ff
source=3: pgn=Magnetic Variation(127258): values=Source=("6") Ageofservice=(14610 d) Variation=(16.10 deg)

3  : pgn=65311  line=Tx 10329537 1c ff 1f 03 3b 9f ff fa 0a ff ff ff
1  : pgn=129038 line=Rx 10329548 11 f8 0e 01 e0 1b c1 70 64 01 16 17
1  : pgn=129038 line=Rx 10329549 11 f8 0e 01 e1 37 0c b7 19 47 69 1c
1  : pgn=129038 line=Rx 10329549 11 f8 0e 01 e2 38 ab b7 00 00 01 00
1  : pgn=129038 line=Rx 10329550 11 f8 0e 01 e3 08 fd 77 ff ff f0 fe
32 : pgn=128259 line=Rx 10329551 09 f5 03 20 3a 35 01 ff ff ff ff ff
source=32: pgn=Speed(128259): values=SpeedWaterReferenced=(3.09 m/s) SpeedGroundReferenced=(None) SpeedWaterReferencedType=(None) SpeedDirection=(None)

0  : pgn=127250 line=Rx 10329582 09 f1 12 00 ff 4e 43 ff 7f ff 7f fd
source=0: pgn=Vessel Heading(127250): values=Heading=(98.72 deg) Deviation=(None) Variation=(None) Reference=("1")

0  : pgn=127245 line=Rx 10329583 09 f1 0d 00 00 f8 ff 7f 00 00 ff ff
source=0: pgn=Rudder(127245): values=Instance=(0) DirectionOrder=("0") AngleOrder=(None) Position=(0.00 deg)

0  : pgn=65379  line=Rx 10329587 1c ff 63 00 3b 9f 00 00 00 00 01 ff
source=0: pgn=Seatalk: Pilot Mode(65379): values=ManufacturerCode=(1851) IndustryCode=(4) PilotMode=(0) SubMode=(0) PilotModeData=(0)

0  : pgn=65359  line=Rx 10329588 1c ff 4f 00 3b 9f ff ff ff 4e 43 ff
source=0: pgn=Seatalk: Pilot Heading(65359): values=ManufacturerCode=(1851) IndustryCode=(4) HeadingTrue=(None) HeadingMagnetic=(98.72 deg)

0  : pgn=126975 line=Rx 10329592 1d ef ff 00 40 0d 3b 9f f0 81 84 56
0  : pgn=126975 line=Rx 10329594 1d ef ff 00 41 44 11 00 00 00 02 05
3  : pgn=129026 line=Tx 10329624 09 f8 02 03 ff fc a2 46 48 01 ff ff
source=3: pgn=COG & SOG, Rapid Update(129026): values=COGReference=("0") COG=(103.60 deg) SOG=(3.2800000000000002 m/s)

3  : pgn=129025 line=Tx 10329624 09 f8 01 03 c0 6b 6f 1c c6 9c fd b6
source=3: pgn=Position, Rapid Update(129025): values=Latitude=(47.706412799999995 deg) Longitude=(-122.4893242 deg)

32 : pgn=128259 line=Rx 10329650 09 f5 03 20 3b 37 01 ff ff ff ff ff
source=32: pgn=Speed(128259): values=SpeedWaterReferenced=(3.11 m/s) SpeedGroundReferenced=(None) SpeedWaterReferencedType=(None) SpeedDirection=(None)

0  : pgn=127250 line=Rx 10329684 09 f1 12 00 ff 55 43 ff 7f ff 7f fd
source=0: pgn=Vessel Heading(127250): values=Heading=(98.76 deg) Deviation=(None) Variation=(None) Reference=("1")

0  : pgn=127245 line=Rx 10329685 09 f1 0d 00 00 f8 ff 7f 00 00 ff ff
source=0: pgn=Rudder(127245): values=Instance=(0) DirectionOrder=("0") AngleOrder=(None) Position=(0.00 deg)

0  : pgn=65359  line=Rx 10329691 1c ff 4f 00 3b 9f ff ff ff 55 43 ff
source=0: pgn=Seatalk: Pilot Heading(65359): values=ManufacturerCode=(1851) IndustryCode=(4) HeadingTrue=(None) HeadingMagnetic=(98.76 deg)

0  : pgn=126975 line=Rx 10329702 1d ef ff 00 60 09 3b 9f f0 81 ae 02
0  : pgn=126975 line=Rx 10329704 1d ef ff 00 61 00 08 00 ff ff ff ff
3  : pgn=129029 line=Tx 10329725 0d f8 05 03 e0 2b 88 06 40 b2 bf 11
3  : pgn=129029 line=Tx 10329725 0d f8 05 03 e1 2c 00 26 bb 70 42 df
3  : pgn=129029 line=Tx 10329725 0d f8 05 03 e2 9e 06 00 c0 ed e9 39
3  : pgn=129029 line=Tx 10329725 0d f8 05 03 e3 4e 00 ef ff ff ff ff
3  : pgn=129029 line=Tx 10329725 0d f8 05 03 e4 ff ff ff 7f 23 fc 09
3  : pgn=129029 line=Tx 10329725 0d f8 05 03 e5 55 00 ff 7f ff ff ff
3  : pgn=129029 line=Tx 10329725 0d f8 05 03 e6 7f 00 ff ff ff ff ff
3  : pgn=129025 line=Tx 10329725 09 f8 01 03 97 6b 6f 1c 60 9d fd b6
source=3: pgn=Position, Rapid Update(129025): values=Latitude=(47.7064087 deg) Longitude=(-122.48930879999999 deg)

3  : pgn=129033 line=Tx 10329725 0d f8 09 03 06 40 b2 bf 11 2c 5c fe
source=3: pgn=Time & Date(129033): values=Date=(16390 d) Time=(73936.069 s) LocalOffset=(-25200.0 s)

32 : pgn=128259 line=Rx 10329750 09 f5 03 20 3c 3c 01 ff ff ff ff ff
source=32: pgn=Speed(128259): values=SpeedWaterReferenced=(3.16 m/s) SpeedGroundReferenced=(None) SpeedWaterReferencedType=(None) SpeedDirection=(None)

0  : pgn=127250 line=Rx 10329782 09 f1 12 00 ff 5b 43 ff 7f ff 7f fd
source=0: pgn=Vessel Heading(127250): values=Heading=(98.80 deg) Deviation=(None) Variation=(None) Reference=("1")

0  : pgn=127245 line=Rx 10329783 09 f1 0d 00 00 f8 ff 7f 00 00 ff ff
source=0: pgn=Rudder(127245): values=Instance=(0) DirectionOrder=("0") AngleOrder=(None) Position=(0.00 deg)

0  : pgn=65359  line=Rx 10329789 1c ff 4f 00 3b 9f ff ff ff 5b 43 ff
source=0: pgn=Seatalk: Pilot Heading(65359): values=ManufacturerCode=(1851) IndustryCode=(4) HeadingTrue=(None) HeadingMagnetic=(98.80 deg)

3  : pgn=129026 line=Tx 10329825 09 f8 02 03 ff fc 3f 47 49 01 ff ff
source=3: pgn=COG & SOG, Rapid Update(129026): values=COGReference=("0") COG=(104.50 deg) SOG=(3.29 m/s)

3  : pgn=129025 line=Tx 10329825 09 f8 01 03 97 6b 6f 1c 60 9d fd b6
source=3: pgn=Position, Rapid Update(129025): values=Latitude=(47.7064087 deg) Longitude=(-122.48930879999999 deg)

3  : pgn=126992 line=Tx 10329825 0d f0 10 03 ff ff 06 40 b2 bf 11 2c
source=3: pgn=System Time(126992): values=Source=(None) Date=(16390 d) Time=(73936.069 s)

1  : pgn=129038 line=Rx 10329849 11 f8 0e 01 00 1b c1 50 e0 e6 15 f0
source=1: pgn=AIS Class A Position Report(129038): values=MessageID=(0) RepeatIndicator=("0") UserID=(3763388699) Longitude=(0.0 deg) Latitude=(0.0 deg) PositionAccuracy=("0") RAIM=("0") TimeStamp=("0") COG=(0.00 deg) SOG=(0.0 m/s) CommunicationState=(0) AISTransceiverinformation=("0") Heading=(0.00 deg) RateofTurn=(0.00 deg/s) NavStatus=("0") SpecialManeuverIndicator=("0") Spare=(0) SequenceID=(0)

1  : pgn=129038 line=Rx 10329850 11 f8 0e 01 01 85 ca b6 0d 73 67 1c
source=1: pgn=AIS Class A Position Report(129038): values=MessageID=(1) RepeatIndicator=("0") UserID=(230083205) Longitude=(0.0 deg) Latitude=(0.0 deg) PositionAccuracy=("0") RAIM=("0") TimeStamp=("0") COG=(0.00 deg) SOG=(0.0 m/s) CommunicationState=(0) AISTransceiverinformation=("0") Heading=(0.00 deg) RateofTurn=(0.00 deg/s) NavStatus=("0") SpecialManeuverIndicator=("0") Spare=(0) SequenceID=(0)

1  : pgn=129038 line=Rx 10329850 11 f8 0e 01 02 38 56 42 05 00 00 00
source=1: pgn=AIS Class A Position Report(129038): values=MessageID=(2) RepeatIndicator=("0") UserID=(88233528) Longitude=(0.0 deg) Latitude=(0.0 deg) PositionAccuracy=("0") RAIM=("0") TimeStamp=("0") COG=(0.00 deg) SOG=(0.0 m/s) CommunicationState=(0) AISTransceiverinformation=("0") Heading=(0.00 deg) RateofTurn=(0.00 deg/s) NavStatus=("0") SpecialManeuverIndicator=("0") Spare=(0) SequenceID=(0)

1  : pgn=129038 line=Rx 10329851 11 f8 0e 01 03 00 96 29 d2 e5 ff fe
source=1: pgn=AIS Class A Position Report(129038): values=MessageID=(3) RepeatIndicator=("0") UserID=(3525940736) Longitude=(0.0 deg) Latitude=(0.0 deg) PositionAccuracy=("0") RAIM=("0") TimeStamp=("0") COG=(0.00 deg) SOG=(0.0 m/s) CommunicationState=(0) AISTransceiverinformation=("0") Heading=(0.00 deg) RateofTurn=(0.00 deg/s) NavStatus=("0") SpecialManeuverIndicator=("0") Spare=(0) SequenceID=(0)

32 : pgn=128259 line=Rx 10329852 09 f5 03 20 3d 3c 01 ff ff ff ff ff
source=32: pgn=Speed(128259): values=SpeedWaterReferenced=(3.16 m/s) SpeedGroundReferenced=(None) SpeedWaterReferencedType=(None) SpeedDirection=(None)

0  : pgn=127250 line=Rx 10329883 09 f1 12 00 ff 55 43 ff 7f ff 7f fd
source=0: pgn=Vessel Heading(127250): values=Heading=(98.76 deg) Deviation=(None) Variation=(None) Reference=("1")

0  : pgn=127245 line=Rx 10329883 09 f1 0d 00 00 f8 ff 7f 00 00 ff ff
source=0: pgn=Rudder(127245): values=Instance=(0) DirectionOrder=("0") AngleOrder=(None) Position=(0.00 deg)

0  : pgn=65359  line=Rx 10329890 1c ff 4f 00 3b 9f ff ff ff 55 43 ff
source=0: pgn=Seatalk: Pilot Heading(65359): values=ManufacturerCode=(1851) IndustryCode=(4) HeadingTrue=(None) HeadingMagnetic=(98.76 deg)

3  : pgn=129025 line=Tx 10329925 09 f8 01 03 97 6b 6f 1c 60 9d fd b6
source=3: pgn=Position, Rapid Update(129025): values=Latitude=(47.7064087 deg) Longitude=(-122.48930879999999 deg)

32 : pgn=128259 line=Rx 10329949 09 f5 03 20 3e 42 01 ff ff ff ff ff
source=32: pgn=Speed(128259): values=SpeedWaterReferenced=(3.22 m/s) SpeedGroundReferenced=(None) SpeedWaterReferencedType=(None) SpeedDirection=(None)

1  : pgn=129038 line=Rx 10329973 11 f8 0e 01 20 1b c1 7c 61 df 15 96
1  : pgn=129038 line=Rx 10329973 11 f8 0e 01 21 65 0f b7 c5 61 68 1c
1  : pgn=129038 line=Rx 10329974 11 f8 0e 01 22 3c 85 08 00 00 00 00
1  : pgn=129038 line=Rx 10329975 11 f8 0e 01 23 00 ff ff ff 7f f0 fe
0  : pgn=127250 line=Rx 10329982 09 f1 12 00 ff 50 43 ff 7f ff 7f fd
source=0: pgn=Vessel Heading(127250): values=Heading=(98.73 deg) Deviation=(None) Variation=(None) Reference=("1")

0  : pgn=127245 line=Rx 10329983 09 f1 0d 00 00 f8 ff 7f 00 00 ff ff
source=0: pgn=Rudder(127245): values=Instance=(0) DirectionOrder=("0") AngleOrder=(None) Position=(0.00 deg)

0  : pgn=65359  line=Rx 10329987 1c ff 4f 00 3b 9f ff ff ff 50 43 ff
source=0: pgn=Seatalk: Pilot Heading(65359): values=ManufacturerCode=(1851) IndustryCode=(4) HeadingTrue=(None) HeadingMagnetic=(98.73 deg)

3  : pgn=129026 line=Tx 10330025 09 f8 02 03 ff fc a7 47 4a 01 ff ff
source=3: pgn=COG & SOG, Rapid Update(129026): values=COGReference=("0") COG=(105.10 deg) SOG=(3.3000000000000003 m/s)

3  : pgn=129025 line=Tx 10330025 09 f8 01 03 82 6b 6f 1c a1 9d fd b6
source=3: pgn=Position, Rapid Update(129025): values=Latitude=(47.7064066 deg) Longitude=(-122.48930229999999 deg)

3  : pgn=129291 line=Tx 10330025 0d f9 0b 03 ff fc 95 1c 45 00 ff ff
source=3: pgn=Set & Drift, Rapid Update(129291): values=SetReference=("0") Set=(41.92 deg) Drift=(0.6900000000000001 m/s)

3  : pgn=65362  line=Tx 10330025 1c ff 52 03 3b 9f 90 9d ff ff ff ff
32 : pgn=128259 line=Rx 10330048 09 f5 03 20 3f 44 01 ff ff ff ff ff
source=32: pgn=Speed(128259): values=SpeedWaterReferenced=(3.24 m/s) SpeedGroundReferenced=(None) SpeedWaterReferencedType=(None) SpeedDirection=(None)

0  : pgn=127250 line=Rx 10330082 09 f1 12 00 ff 3d 43 ff 7f ff 7f fd
source=0: pgn=Vessel Heading(127250): values=Heading=(98.62 deg) Deviation=(None) Variation=(None) Reference=("1")

0  : pgn=127245 line=Rx 10330083 09 f1 0d 00 00 f8 ff 7f 00 00 ff ff
source=0: pgn=Rudder(127245): values=Instance=(0) DirectionOrder=("0") AngleOrder=(None) Position=(0.00 deg)

0  : pgn=65359  line=Rx 10330089 1c ff 4f 00 3b 9f ff ff ff 3d 43 ff
source=0: pgn=Seatalk: Pilot Heading(65359): values=ManufacturerCode=(1851) IndustryCode=(4) HeadingTrue=(None) HeadingMagnetic=(98.62 deg)

0  : pgn=126975 line=Rx 10330092 1d ef ff 00 80 08 3b 9f f0 81 9c 51
0  : pgn=126975 line=Rx 10330094 1d ef ff 00 81 04 00 ff ff ff ff ff
3  : pgn=129025 line=Tx 10330126 09 f8 01 03 82 6b 6f 1c a1 9d fd b6
source=3: pgn=Position, Rapid Update(129025): values=Latitude=(47.7064066 deg) Longitude=(-122.48930229999999 deg)

32 : pgn=128259 line=Rx 10330150 09 f5 03 20 40 43 01 ff ff ff ff ff
source=32: pgn=Speed(128259): values=SpeedWaterReferenced=(3.23 m/s) SpeedGroundReferenced=(None) SpeedWaterReferencedType=(None) SpeedDirection=(None)

32 : pgn=130310 line=Rx 10330153 15 fd 06 20 d0 ff ff ff ff ff ff ff
source=32: pgn=Environmental Parameters (obsolete)(130310): values=WaterTemperature=(None) OutsideAmbientAirTemperature=(None) AtmosphericPressure=(None)

32 : pgn=128275 line=Rx 10330163 19 f5 13 20 40 0e ff ff ff ff ff ff
32 : pgn=128275 line=Rx 10330168 19 f5 13 20 41 ea ad 3c 00 ea ad 3c
32 : pgn=128275 line=Rx 10330173 19 f5 13 20 42 00 ff ff ff ff ff ff
0  : pgn=127250 line=Rx 10330182 09 f1 12 00 ff 2f 43 ff 7f ff 7f fd
source=0: pgn=Vessel Heading(127250): values=Heading=(98.54 deg) Deviation=(None) Variation=(None) Reference=("1")

0  : pgn=127245 line=Rx 10330183 09 f1 0d 00 00 f8 ff 7f 00 00 ff ff
source=0: pgn=Rudder(127245): values=Instance=(0) DirectionOrder=("0") AngleOrder=(None) Position=(0.00 deg)

0  : pgn=65359  line=Rx 10330187 1c ff 4f 00 3b 9f ff ff ff 2f 43 ff
source=0: pgn=Seatalk: Pilot Heading(65359): values=ManufacturerCode=(1851) IndustryCode=(4) HeadingTrue=(None) HeadingMagnetic=(98.54 deg)

1  : pgn=59936  line=Rx 10330212 18 ea 20 01 00 ee 00 00 00 00 00 00
3  : pgn=129026 line=Tx 10330227 09 f8 02 03 ff fc a7 47 4a 01 ff ff
source=3: pgn=COG & SOG, Rapid Update(129026): values=COGReference=("0") COG=(105.10 deg) SOG=(3.3000000000000003 m/s)

3  : pgn=130577 line=Tx 10330227 0d fe 11 03 00 0e c0 89 a7 47 4a 01
source=3: pgn=Direction Data(130577): values=DataMode=("0") COGReference=("0") COG=(202.05 deg) SOG=(183.43 m/s) Heading=(1.89 deg) SpeedthroughWater=(0.0 m/s) Set=(0.00 deg) Drift=(0.0 m/s)

3  : pgn=130577 line=Tx 10330227 0d fe 11 03 01 ff ff ff ff 95 1c 45
source=3: pgn=Direction Data(130577): values=DataMode=("1") COGReference=("0") COG=(None) SOG=(383.99 m/s) Heading=(101.37 deg) SpeedthroughWater=(0.0 m/s) Set=(0.00 deg) Drift=(0.0 m/s)

3  : pgn=130577 line=Tx 10330227 0d fe 11 03 02 00 ff ff ff ff ff ff
source=3: pgn=Direction Data(130577): values=DataMode=("2") COGReference=("0") COG=(None) SOG=(None) Heading=(None) SpeedthroughWater=(0.0 m/s) Set=(0.00 deg) Drift=(0.0 m/s)

3  : pgn=129025 line=Tx 10330227 09 f8 01 03 82 6b 6f 1c a1 9d fd b6
source=3: pgn=Position, Rapid Update(129025): values=Latitude=(47.7064066 deg) Longitude=(-122.48930229999999 deg)

3  : pgn=130306 line=Tx 10330227 09 fd 02 03 ff 37 03 1f c9 fa ff ff
source=3: pgn=Wind Data(130306): values=WindSpeed=(8.23 m/s) WindAngle=(295.00 deg) Reference=("2")

32 : pgn=128259 line=Rx 10330247 09 f5 03 20 41 3b 01 ff ff ff ff ff
0  : pgn=127250 line=Rx 10330282 09 f1 12 00 ff 05 43 ff 7f ff 7f fd
source=0: pgn=Vessel Heading(127250): values=Heading=(98.30 deg) Deviation=(None) Variation=(None) Reference=("1")

0  : pgn=127245 line=Rx 10330283 09 f1 0d 00 00 f8 ff 7f 00 00 ff ff
source=0: pgn=Rudder(127245): values=Instance=(0) DirectionOrder=("0") AngleOrder=(None) Position=(0.00 deg)

0  : pgn=65359  line=Rx 10330290 1c ff 4f 00 3b 9f ff ff ff 05 43 ff
source=0: pgn=Seatalk: Pilot Heading(65359): values=ManufacturerCode=(1851) IndustryCode=(4) HeadingTrue=(None) HeadingMagnetic=(98.30 deg)

3  : pgn=129283 line=Tx 10330327 0d f9 03 03 ff 7f ff ff ff 7f ff ff
source=3: pgn=Cross Track Error(129283): values=XTEmode=(None) NavigationTerminated=("1") XTE=(None)

3  : pgn=129025 line=Tx 10330327 09 f8 01 03 6b 6b 6f 1c dd 9d fd b6
source=3: pgn=Position, Rapid Update(129025): values=Latitude=(47.706404299999996 deg) Longitude=(-122.48929629999999 deg)

3  : pgn=128267 line=Tx 10330327 0d f5 0b 03 ff 76 3d 00 00 00 00 ff
source=3: pgn=Water Depth(128267): values=Depth=(157.34 m) Offset=(0.0 m) Range=(None)

1  : pgn=129038 line=Rx 10330333 11 f8 0e 01 40 1b c1 aa 4a dc 15 c0
1  : pgn=129038 line=Rx 10330333 11 f8 0e 01 41 6c 14 b7 c9 5e 66 1c
1  : pgn=129038 line=Rx 10330334 11 f8 0e 01 42 3c 96 17 00 00 00 00
1  : pgn=129038 line=Rx 10330334 11 f8 0e 01 43 00 ff ff ff 7f f0 fe
32 : pgn=128259 line=Rx 10330347 09 f5 03 20 42 42 01 ff ff ff ff ff
source=32: pgn=Speed(128259): values=SpeedWaterReferenced=(3.22 m/s) SpeedGroundReferenced=(None) SpeedWaterReferencedType=(None) SpeedDirection=(None)

0  : pgn=127250 line=Rx 10330382 09 f1 12 00 ff e9 42 ff 7f ff 7f fd
source=0: pgn=Vessel Heading(127250): values=Heading=(98.14 deg) Deviation=(None) Variation=(None) Reference=("1")

0  : pgn=127245 line=Rx 10330383 09 f1 0d 00 00 f8 ff 7f 00 00 ff ff
source=0: pgn=Rudder(127245): values=Instance=(0) DirectionOrder=("0") AngleOrder=(None) Position=(0.00 deg)

0  : pgn=65359  line=Rx 10330388 1c ff 4f 00 3b 9f ff ff ff e9 42 ff
source=0: pgn=Seatalk: Pilot Heading(65359): values=ManufacturerCode=(1851) IndustryCode=(4) HeadingTrue=(None) HeadingMagnetic=(98.14 deg)

1  : pgn=129038 line=Rx 10330396 11 f8 0e 01 60 1b c1 2e 9d e2 15 60
1  : pgn=129038 line=Rx 10330396 11 f8 0e 01 61 75 0c b7 db e3 68 1c
1  : pgn=129038 line=Rx 10330398 11 f8 0e 01 62 40 85 0b 00 00 00 00
1  : pgn=129038 line=Rx 10330398 11 f8 0e 01 63 00 ff ff ff 7f f0 fe
4  : pgn=65384  line=Rx 10330405 1c ff 68 04 3b 9f 00 00 00 00 00 00
3  : pgn=129026 line=Tx 10330427 09 f8 02 03 ff fc ff 47 48 01 ff ff
source=3: pgn=COG & SOG, Rapid Update(129026): values=COGReference=("0") COG=(105.60 deg) SOG=(3.2800000000000002 m/s)

3  : pgn=129025 line=Tx 10330428 09 f8 01 03 6b 6b 6f 1c dd 9d fd b6
source=3: pgn=Position, Rapid Update(129025): values=Latitude=(47.706404299999996 deg) Longitude=(-122.48929629999999 deg)

3  : pgn=129542 line=Tx 10330428 19 fa 06 03 00 0f 89 26 01 00 00 00
source=3: pgn=GNSS Pseudorange Noise Statistics(129542): values=RMSofPositionUncertainty=(35087) STDofMajoraxis=(38) STDofMinoraxis=(1) OrientationofMajoraxis=(0) STDofLatError=(0) STDofLonError=(0) STDofAltError=(0)

3  : pgn=129542 line=Tx 10330428 19 fa 06 03 01 00 00 00 00 00 00 00
source=3: pgn=GNSS Pseudorange Noise Statistics(129542): values=RMSofPositionUncertainty=(0) STDofMajoraxis=(0) STDofMinoraxis=(0) OrientationofMajoraxis=(0) STDofLatError=(0) STDofLonError=(0) STDofAltError=(0)

3  : pgn=129542 line=Tx 10330428 19 fa 06 03 02 00 00 ff ff ff ff ff
source=3: pgn=GNSS Pseudorange Noise Statistics(129542): values=RMSofPositionUncertainty=(0) STDofMajoraxis=(None) STDofMinoraxis=(None) OrientationofMajoraxis=(None) STDofLatError=(None) STDofLonError=(None) STDofAltError=(0)

3  : pgn=65364  line=Tx 10330428 1c ff 54 03 3b 9f 37 03 7c ca ff ff
3  : pgn=130846 line=Tx 10330428 1d ff 1e 03 20 0c 3b 9f 0b 1a 13 cc
source=3: pgn=Furuno: Motion Sensor Status Extended(130846): values=ManufacturerCode=(1056) IndustryCode=(0)

3  : pgn=130846 line=Tx 10330428 1d ff 1e 03 21 05 01 40 01 ff ff ff
source=3: pgn=Furuno: Motion Sensor Status Extended(130846): values=ManufacturerCode=(1313) IndustryCode=(0)

32 : pgn=128259 line=Rx 10330446 09 f5 03 20 43 32 01 ff ff ff ff ff
source=32: pgn=Speed(128259): values=SpeedWaterReferenced=(3.06 m/s) SpeedGroundReferenced=(None) SpeedWaterReferencedType=(None) SpeedDirection=(None)

0  : pgn=127250 line=Rx 10330482 09 f1 12 00 ff db 42 ff 7f ff 7f fd
source=0: pgn=Vessel Heading(127250): values=Heading=(98.06 deg) Deviation=(None) Variation=(None) Reference=("1")

0  : pgn=127245 line=Rx 10330483 09 f1 0d 00 00 f8 ff 7f 00 00 ff ff
source=0: pgn=Rudder(127245): values=Instance=(0) DirectionOrder=("0") AngleOrder=(None) Position=(0.00 deg)

0  : pgn=65359  line=Rx 10330490 1c ff 4f 00 3b 9f ff ff ff db 42 ff
source=0: pgn=Seatalk: Pilot Heading(65359): values=ManufacturerCode=(1851) IndustryCode=(4) HeadingTrue=(None) HeadingMagnetic=(98.06 deg)

3  : pgn=129540 line=Tx 10330528 19 fa 04 03 40 9f ab ff 0d 03 97 1a
source=3: pgn=GNSS Sats in View(129540): values=RangeResidualMode=(None) SatsinView=(171) PRN=(None) Elevation=(4.47 deg) Azimuth=(39.00 deg) SNR=(0.0 dB) Rangeresiduals=(0) Status=("0")

3  : pgn=129540 line=Tx 10330528 19 fa 04 03 41 2e 26 00 00 00 00 00
source=3: pgn=GNSS Sats in View(129540): values=RangeResidualMode=("0") SatsinView=(38) PRN=(0) Elevation=(0.00 deg) Azimuth=(0.00 deg) SNR=(0.0 dB) Rangeresiduals=(0) Status=("0")

3  : pgn=129540 line=Tx 10330528 19 fa 04 03 42 00 f3 0f ff 1d ad 3c
source=3: pgn=GNSS Sats in View(129540): values=RangeResidualMode=("0") SatsinView=(243) PRN=(15) Elevation=(44.00 deg) Azimuth=(89.00 deg) SNR=(0.0 dB) Rangeresiduals=(0) Status=("0")

3  : pgn=129540 line=Tx 10330528 19 fa 04 03 43 80 0c 00 00 00 00 f5
source=3: pgn=GNSS Sats in View(129540): values=RangeResidualMode=("0") SatsinView=(12) PRN=(0) Elevation=(0.00 deg) Azimuth=(359.36 deg) SNR=(0.0 dB) Rangeresiduals=(0) Status=("0")

3  : pgn=129540 line=Tx 10330528 19 fa 04 03 44 10 17 13 71 b9 d8 0e
source=3: pgn=GNSS Sats in View(129540): values=RangeResidualMode=("0") SatsinView=(23) PRN=(19) Elevation=(-103.49 deg) Azimuth=(21.77 deg) SNR=(0.0 dB) Rangeresiduals=(0) Status=("0")

3  : pgn=129540 line=Tx 10330528 19 fa 04 03 45 00 00 00 00 f5 12 c5
source=3: pgn=GNSS Sats in View(129540): values=RangeResidualMode=("0") SatsinView=(0) PRN=(0) Elevation=(-16.13 deg) Azimuth=(289.06 deg) SNR=(0.0 dB) Rangeresiduals=(0) Status=("0")

3  : pgn=129540 line=Tx 10330528 19 fa 04 03 46 31 f2 93 74 0e 00 00
source=3: pgn=GNSS Sats in View(129540): values=RangeResidualMode=("1") SatsinView=(242) PRN=(147) Elevation=(21.20 deg) Azimuth=(0.00 deg) SNR=(0.0 dB) Rangeresiduals=(0) Status=("0")

3  : pgn=129540 line=Tx 10330528 19 fa 04 03 47 00 00 f5 13 69 03 1f
source=3: pgn=GNSS Sats in View(129540): values=RangeResidualMode=("0") SatsinView=(0) PRN=(245) Elevation=(154.12 deg) Azimuth=(45.49 deg) SNR=(0.0 dB) Rangeresiduals=(0) Status=("0")

3  : pgn=129540 line=Tx 10330528 19 fa 04 03 48 d8 d8 0e 00 00 00 00
source=3: pgn=GNSS Sats in View(129540): values=RangeResidualMode=("0") SatsinView=(216) PRN=(14) Elevation=(0.00 deg) Azimuth=(0.00 deg) SNR=(0.0 dB) Rangeresiduals=(0) Status=("0")

3  : pgn=129540 line=Tx 10330528 19 fa 04 03 49 f5 15 e8 37 ba 20 e4
source=3: pgn=GNSS Sats in View(129540): values=RangeResidualMode=("1") SatsinView=(21) PRN=(232) Elevation=(-102.36 deg) Azimuth=(334.61 deg) SNR=(0.0 dB) Rangeresiduals=(0) Status=("0")

3  : pgn=129540 line=Tx 10330528 19 fa 04 03 4a 0c 00 00 00 00 f5 16
source=3: pgn=GNSS Sats in View(129540): values=RangeResidualMode=("0") SatsinView=(0) PRN=(0) Elevation=(0.00 deg) Azimuth=(33.67 deg) SNR=(0.0 dB) Rangeresiduals=(0) Status=("0")

3  : pgn=129540 line=Tx 10330529 19 fa 04 03 4b 80 16 cf 9c b8 0b 00
source=3: pgn=GNSS Sats in View(129540): values=RangeResidualMode=("0") SatsinView=(22) PRN=(207) Elevation=(-104.71 deg) Azimuth=(0.06 deg) SNR=(0.0 dB) Rangeresiduals=(0) Status=("0")

3  : pgn=129540 line=Tx 10330530 19 fa 04 03 4c 00 00 00 f5 1a ae 0f
source=3: pgn=GNSS Sats in View(129540): values=RangeResidualMode=("0") SatsinView=(0) PRN=(0) Elevation=(39.54 deg) Azimuth=(23.00 deg) SNR=(0.0 dB) Rangeresiduals=(0) Status=("0")

3  : pgn=129540 line=Tx 10330530 19 fa 04 03 4d 5d 1f d8 0e 00 00 00
source=3: pgn=GNSS Sats in View(129540): values=RangeResidualMode=("1") SatsinView=(31) PRN=(216) Elevation=(0.08 deg) Azimuth=(0.00 deg) SNR=(0.0 dB) Rangeresiduals=(0) Status=("0")

3  : pgn=129540 line=Tx 10330531 19 fa 04 03 4e 00 f5 1b d1 15 ab d2
source=3: pgn=GNSS Sats in View(129540): values=RangeResidualMode=("0") SatsinView=(245) PRN=(27) Elevation=(32.00 deg) Azimuth=(309.00 deg) SNR=(0.0 dB) Rangeresiduals=(0) Status=("0")

3  : pgn=129540 line=Tx 10330533 19 fa 04 03 4f ac 0d 00 00 00 00 f5
source=3: pgn=GNSS Sats in View(129540): values=RangeResidualMode=("0") SatsinView=(13) PRN=(0) Elevation=(0.00 deg) Azimuth=(359.36 deg) SNR=(0.0 dB) Rangeresiduals=(0) Status=("0")

3  : pgn=129540 line=Tx 10330533 19 fa 04 03 50 1d 00 0f a1 67 34 08
source=3: pgn=GNSS Sats in View(129540): values=RangeResidualMode=("1") SatsinView=(0) PRN=(15) Elevation=(152.00 deg) Azimuth=(12.03 deg) SNR=(0.0 dB) Rangeresiduals=(0) Status=("0")

3  : pgn=129540 line=Tx 10330534 19 fa 04 03 51 00 00 00 00 f5 23 d1
source=3: pgn=GNSS Sats in View(129540): values=RangeResidualMode=("0") SatsinView=(0) PRN=(0) Elevation=(-16.13 deg) Azimuth=(306.76 deg) SNR=(0.0 dB) Rangeresiduals=(0) Status=("0")

3  : pgn=129540 line=Tx 10330535 19 fa 04 03 52 15 c3 8b 00 00 00 00
source=3: pgn=GNSS Sats in View(129540): values=RangeResidualMode=("1") SatsinView=(195) PRN=(139) Elevation=(0.00 deg) Azimuth=(0.00 deg) SNR=(0.0 dB) Rangeresiduals=(0) Status=("0")

3  : pgn=129540 line=Tx 10330535 19 fa 04 03 53 00 00 f3 30 2e 17 43
source=3: pgn=GNSS Sats in View(129540): values=RangeResidualMode=("0") SatsinView=(0) PRN=(243) Elevation=(67.75 deg) Azimuth=(98.41 deg) SNR=(0.0 dB) Rangeresiduals=(0) Status=("0")

3  : pgn=129540 line=Tx 10330536 19 fa 04 03 54 84 d8 0e 00 00 00 00
source=3: pgn=GNSS Sats in View(129540): values=RangeResidualMode=("0") SatsinView=(216) PRN=(14) Elevation=(0.00 deg) Azimuth=(0.00 deg) SNR=(0.0 dB) Rangeresiduals=(0) Status=("0")

3  : pgn=129540 line=Tx 10330538 19 fa 04 03 55 f5 33 80 16 67 6c b8
source=3: pgn=GNSS Sats in View(129540): values=RangeResidualMode=("1") SatsinView=(51) PRN=(128) Elevation=(151.20 deg) Azimuth=(270.50 deg) SNR=(0.0 dB) Rangeresiduals=(0) Status=("0")

3  : pgn=129540 line=Tx 10330538 19 fa 04 03 56 0b 00 00 00 00 f5 ff
source=3: pgn=GNSS Sats in View(129540): values=RangeResidualMode=(None) SatsinView=(0) PRN=(0) Elevation=(0.00 deg) Azimuth=(375.43 deg) SNR=(0.0 dB) Rangeresiduals=(0) Status=("0")

3  : pgn=129025 line=Tx 10330539 09 f8 01 03 6b 6b 6f 1c dd 9d fd b6
source=3: pgn=Position, Rapid Update(129025): values=Latitude=(47.706404299999996 deg) Longitude=(-122.48929629999999 deg)

3  : pgn=127258 line=Tx 10330540 19 f1 1a 03 ff f6 12 39 fa 0a ff ff
source=3: pgn=Magnetic Variation(127258): values=Source=("6") Ageofservice=(14610 d) Variation=(16.10 deg)

32 : pgn=128259 line=Rx 10330546 09 f5 03 20 44 2a 01 ff ff ff ff ff
source=32: pgn=Speed(128259): values=SpeedWaterReferenced=(2.98 m/s) SpeedGroundReferenced=(None) SpeedWaterReferencedType=(None) SpeedDirection=(None)

0  : pgn=127250 line=Rx 10330582 09 f1 12 00 ff c9 42 ff 7f ff 7f fd
source=0: pgn=Vessel Heading(127250): values=Heading=(97.96 deg) Deviation=(None) Variation=(None) Reference=("1")

0  : pgn=127245 line=Rx 10330583 09 f1 0d 00 00 f8 ff 7f 00 00 ff ff
source=0: pgn=Rudder(127245): values=Instance=(0) DirectionOrder=("0") AngleOrder=(None) Position=(0.00 deg)

0  : pgn=65379  line=Rx 10330587 1c ff 63 00 3b 9f 00 00 00 00 01 ff
source=0: pgn=Seatalk: Pilot Mode(65379): values=ManufacturerCode=(1851) IndustryCode=(4) PilotMode=(0) SubMode=(0) PilotModeData=(0)

0  : pgn=65359  line=Rx 10330588 1c ff 4f 00 3b 9f ff ff ff c9 42 ff
source=0: pgn=Seatalk: Pilot Heading(65359): values=ManufacturerCode=(1851) IndustryCode=(4) HeadingTrue=(None) HeadingMagnetic=(97.96 deg)

0  : pgn=126975 line=Rx 10330592 1d ef ff 00 a0 0d 3b 9f f0 81 84 16
0  : pgn=126975 line=Rx 10330594 1d ef ff 00 a1 44 10 00 00 00 02 05
3  : pgn=129026 line=Tx 10330629 09 f8 02 03 ff fc 79 48 48 01 ff ff
source=3: pgn=COG & SOG, Rapid Update(129026): values=COGReference=("0") COG=(106.30 deg) SOG=(3.2800000000000002 m/s)

3  : pgn=129025 line=Tx 10330629 09 f8 01 03 3a 6b 6f 1c 75 9e fd b6
source=3: pgn=Position, Rapid Update(129025): values=Latitude=(47.706399399999995 deg) Longitude=(-122.4892811 deg)

32 : pgn=128259 line=Rx 10330645 09 f5 03 20 45 27 01 ff ff ff ff ff
source=32: pgn=Speed(128259): values=SpeedWaterReferenced=(2.95 m/s) SpeedGroundReferenced=(None) SpeedWaterReferencedType=(None) SpeedDirection=(None)

32 : pgn=65368  line=Rx 10330659 1c ff 58 20 3b 9f 35 56 71 ff ff ff
0  : pgn=127250 line=Rx 10330683 09 f1 12 00 ff c6 42 ff 7f ff 7f fd
source=0: pgn=Vessel Heading(127250): values=Heading=(97.94 deg) Deviation=(None) Variation=(None) Reference=("1")

0  : pgn=127245 line=Rx 10330684 09 f1 0d 00 00 f8 ff 7f 00 00 ff ff
source=0: pgn=Rudder(127245): values=Instance=(0) DirectionOrder=("0") AngleOrder=(None) Position=(0.00 deg)

0  : pgn=65359  line=Rx 10330690 1c ff 4f 00 3b 9f ff ff ff c6 42 ff
source=0: pgn=Seatalk: Pilot Heading(65359): values=ManufacturerCode=(1851) IndustryCode=(4) HeadingTrue=(None) HeadingMagnetic=(97.94 deg)

0  : pgn=126975 line=Rx 10330699 1d ef ff 00 c0 09 3b 9f f0 81 ae 02
0  : pgn=126975 line=Rx 10330701 1d ef ff 00 c1 00 08 00 ff ff ff ff
3  : pgn=129029 line=Tx 10330730 0d f8 05 03 00 2b 89 06 40 10 e4 11
source=3: pgn=GNSS Position Data(129029): values=Date=(35115 d) Time=(382627.0214 s) Latitude=(0.0 deg) Longitude=(0.0 deg) Altitude=(0.0 m) GNSStype=("0") Method=("0") Integrity=("0") NumberofSVs=(0) HDOP=(0.0) PDOP=(0.0) GeoidalSeparation=(0.0 m) ReferenceStations=(0) ReferenceStationType=("0") ReferenceStationID=(0) AgeofDGNSSCorrections=(0.0 s)

3  : pgn=129029 line=Tx 10330730 0d f8 05 03 01 2c 00 c4 7f c9 2c df
source=3: pgn=GNSS Position Data(129029): values=Date=(44 d) Time=(75140.2948 s) Latitude=(0.0 deg) Longitude=(0.0 deg) Altitude=(0.0 m) GNSStype=("0") Method=("0") Integrity=("0") NumberofSVs=(0) HDOP=(0.0) PDOP=(0.0) GeoidalSeparation=(0.0 m) ReferenceStations=(0) ReferenceStationType=("0") ReferenceStationID=(0) AgeofDGNSSCorrections=(0.0 s)

3  : pgn=129029 line=Tx 10330730 0d f8 05 03 02 9e 06 00 52 6a 68 7a
source=3: pgn=GNSS Position Data(129029): values=Date=(1694 d) Time=(175179.8272 s) Latitude=(0.0 deg) Longitude=(0.0 deg) Altitude=(0.0 m) GNSStype=("0") Method=("0") Integrity=("0") NumberofSVs=(0) HDOP=(0.0) PDOP=(0.0) GeoidalSeparation=(0.0 m) ReferenceStations=(0) ReferenceStationType=("0") ReferenceStationID=(0) AgeofDGNSSCorrections=(0.0 s)

3  : pgn=129029 line=Tx 10330730 0d f8 05 03 03 4e 00 ef ff ff ff ff
source=3: pgn=GNSS Position Data(129029): values=Date=(78 d) Time=(429496.7279 s) Latitude=(0.0 deg) Longitude=(0.0 deg) Altitude=(0.0 m) GNSStype=("0") Method=("0") Integrity=("0") NumberofSVs=(0) HDOP=(0.0) PDOP=(0.0) GeoidalSeparation=(0.0 m) ReferenceStations=(0) ReferenceStationType=("0") ReferenceStationID=(0) AgeofDGNSSCorrections=(0.0 s)

3  : pgn=129029 line=Tx 10330730 0d f8 05 03 04 ff ff ff 7f 23 fc 09
source=3: pgn=GNSS Position Data(129029): values=Date=(None) Time=(423018.49590000004 s) Latitude=(0.0 deg) Longitude=(0.0 deg) Altitude=(0.0 m) GNSStype=("0") Method=("0") Integrity=("0") NumberofSVs=(0) HDOP=(0.0) PDOP=(0.0) GeoidalSeparation=(0.0 m) ReferenceStations=(0) ReferenceStationType=("0") ReferenceStationID=(0) AgeofDGNSSCorrections=(0.0 s)

3  : pgn=129029 line=Tx 10330730 0d f8 05 03 05 55 00 ff 7f ff ff ff
source=3: pgn=GNSS Position Data(129029): values=Date=(85 d) Time=(429493.4527 s) Latitude=(0.0 deg) Longitude=(0.0 deg) Altitude=(0.0 m) GNSStype=("0") Method=("0") Integrity=("0") NumberofSVs=(0) HDOP=(0.0) PDOP=(0.0) GeoidalSeparation=(0.0 m) ReferenceStations=(0) ReferenceStationType=("0") ReferenceStationID=(0) AgeofDGNSSCorrections=(0.0 s)

3  : pgn=129029 line=Tx 10330730 0d f8 05 03 06 7f 00 ff ff ff ff ff
source=3: pgn=GNSS Position Data(129029): values=Date=(127 d) Time=(None) Latitude=(0.0 deg) Longitude=(0.0 deg) Altitude=(0.0 m) GNSStype=("0") Method=("0") Integrity=("0") NumberofSVs=(0) HDOP=(0.0) PDOP=(0.0) GeoidalSeparation=(0.0 m) ReferenceStations=(0) ReferenceStationType=("0") ReferenceStationID=(0) AgeofDGNSSCorrections=(0.0 s)

3  : pgn=129025 line=Tx 10330730 09 f8 01 03 3a 6b 6f 1c 75 9e fd b6
source=3: pgn=Position, Rapid Update(129025): values=Latitude=(47.706399399999995 deg) Longitude=(-122.4892811 deg)

3  : pgn=129033 line=Tx 10330730 0d f8 09 03 06 40 10 e4 11 2c 5c fe
source=3: pgn=Time & Date(129033): values=Date=(16390 d) Time=(73937.0 s) LocalOffset=(-25200.0 s)

32 : pgn=128259 line=Rx 10330745 09 f5 03 20 46 2c 01 ff ff ff ff ff
source=32: pgn=Speed(128259): values=SpeedWaterReferenced=(3.0 m/s) SpeedGroundReferenced=(None) SpeedWaterReferencedType=(None) SpeedDirection=(None)

0  : pgn=127250 line=Rx 10330782 09 f1 12 00 ff c6 42 ff 7f ff 7f fd
source=0: pgn=Vessel Heading(127250): values=Heading=(97.94 deg) Deviation=(None) Variation=(None) Reference=("1")

0  : pgn=127245 line=Rx 10330783 09 f1 0d 00 00 f8 ff 7f 00 00 ff ff
source=0: pgn=Rudder(127245): values=Instance=(0) DirectionOrder=("0") AngleOrder=(None) Position=(0.00 deg)

0  : pgn=65359  line=Rx 10330788 1c ff 4f 00 3b 9f ff ff ff c6 42 ff
source=0: pgn=Seatalk: Pilot Heading(65359): values=ManufacturerCode=(1851) IndustryCode=(4) HeadingTrue=(None) HeadingMagnetic=(97.94 deg)

3  : pgn=129026 line=Tx 10330830 09 f8 02 03 ff fc f3 48 47 01 ff ff
source=3: pgn=COG & SOG, Rapid Update(129026): values=COGReference=("0") COG=(107.00 deg) SOG=(3.27 m/s)

3  : pgn=129025 line=Tx 10330830 09 f8 01 03 22 6b 6f 1c c0 9e fd b6
source=3: pgn=Position, Rapid Update(129025): values=Latitude=(47.706396999999996 deg) Longitude=(-122.48927359999999 deg)

3  : pgn=126992 line=Tx 10330830 0d f0 10 03 ff ff 06 40 de ed 11 2c
source=3: pgn=System Time(126992): values=Source=(None) Date=(16390 d) Time=(73937.251 s)

32 : pgn=128259 line=Rx 10330844 09 f5 03 20 47 25 01 ff ff ff ff ff
source=32: pgn=Speed(128259): values=SpeedWaterReferenced=(2.93 m/s) SpeedGroundReferenced=(None) SpeedWaterReferencedType=(None) SpeedDirection=(None)

0  : pgn=127250 line=Rx 10330882 09 f1 12 00 ff c7 42 ff 7f ff 7f fd
source=0: pgn=Vessel Heading(127250): values=Heading=(97.95 deg) Deviation=(None) Variation=(None) Reference=("1")

0  : pgn=127245 line=Rx 10330883 09 f1 0d 00 00 f8 ff 7f 00 00 ff ff
source=0: pgn=Rudder(127245): values=Instance=(0) DirectionOrder=("0") AngleOrder=(None) Position=(0.00 deg)

0  : pgn=65359  line=Rx 10330889 1c ff 4f 00 3b 9f ff ff ff c7 42 ff
source=0: pgn=Seatalk: Pilot Heading(65359): values=ManufacturerCode=(1851) IndustryCode=(4) HeadingTrue=(None) HeadingMagnetic=(97.95 deg)

3  : pgn=129025 line=Tx 10330930 09 f8 01 03 22 6b 6f 1c c0 9e fd b6
source=3: pgn=Position, Rapid Update(129025): values=Latitude=(47.706396999999996 deg) Longitude=(-122.48927359999999 deg)

32 : pgn=128259 line=Rx 10330944 09 f5 03 20 48 29 01 ff ff ff ff ff
source=32: pgn=Speed(128259): values=SpeedWaterReferenced=(2.97 m/s) SpeedGroundReferenced=(None) SpeedWaterReferencedType=(None) SpeedDirection=(None)

0  : pgn=127250 line=Rx 10330982 09 f1 12 00 ff cb 42 ff 7f ff 7f fd
source=0: pgn=Vessel Heading(127250): values=Heading=(97.97 deg) Deviation=(None) Variation=(None) Reference=("1")

0  : pgn=127245 line=Rx 10330983 09 f1 0d 00 00 f8 ff 7f 00 00 ff ff
source=0: pgn=Rudder(127245): values=Instance=(0) DirectionOrder=("0") AngleOrder=(None) Position=(0.00 deg)

0  : pgn=65359  line=Rx 10330987 1c ff 4f 00 3b 9f ff ff ff cb 42 ff
source=0: pgn=Seatalk: Pilot Heading(65359): values=ManufacturerCode=(1851) IndustryCode=(4) HeadingTrue=(None) HeadingMagnetic=(97.97 deg)

3  : pgn=129026 line=Tx 10331030 09 f8 02 03 ff fc f3 48 47 01 ff ff
source=3: pgn=COG & SOG, Rapid Update(129026): values=COGReference=("0") COG=(107.00 deg) SOG=(3.27 m/s)

3  : pgn=129025 line=Tx 10331030 09 f8 01 03 22 6b 6f 1c c0 9e fd b6
source=3: pgn=Position, Rapid Update(129025): values=Latitude=(47.706396999999996 deg) Longitude=(-122.48927359999999 deg)

3  : pgn=129291 line=Tx 10331030 0d f9 0b 03 ff fc 37 12 31 00 ff ff
source=3: pgn=Set & Drift, Rapid Update(129291): values=SetReference=("0") Set=(26.72 deg) Drift=(0.49 m/s)

32 : pgn=128259 line=Rx 10331043 09 f5 03 20 49 2b 01 ff ff ff ff ff
source=32: pgn=Speed(128259): values=SpeedWaterReferenced=(2.99 m/s) SpeedGroundReferenced=(None) SpeedWaterReferencedType=(None) SpeedDirection=(None)

4  : pgn=126975 line=Rx 10331064 1d ef ff 04 20 07 3b 9f f0 81 90 00
4  : pgn=126975 line=Rx 10331064 1d ef ff 04 21 03 ff ff ff ff ff ff
0  : pgn=127250 line=Rx 10331082 09 f1 12 00 ff da 42 ff 7f ff 7f fd
source=0: pgn=Vessel Heading(127250): values=Heading=(98.06 deg) Deviation=(None) Variation=(None) Reference=("1")

0  : pgn=127245 line=Rx 10331083 09 f1 0d 00 00 f8 ff 7f 00 00 ff ff
source=0: pgn=Rudder(127245): values=Instance=(0) DirectionOrder=("0") AngleOrder=(None) Position=(0.00 deg)

0  : pgn=65359  line=Rx 10331089 1c ff 4f 00 3b 9f ff ff ff da 42 ff
source=0: pgn=Seatalk: Pilot Heading(65359): values=ManufacturerCode=(1851) IndustryCode=(4) HeadingTrue=(None) HeadingMagnetic=(98.06 deg)

0  : pgn=126975 line=Rx 10331091 1d ef ff 00 e0 08 3b 9f f0 81 9c 11
0  : pgn=126975 line=Rx 10331093 1d ef ff 00 e1 04 00 ff ff ff ff ff
3  : pgn=129025 line=Tx 10331130 09 f8 01 03 09 6b 6f 1c 0d 9f fd b6
source=3: pgn=Position, Rapid Update(129025): values=Latitude=(47.706394499999995 deg) Longitude=(-122.48926589999999 deg)

32 : pgn=128259 line=Rx 10331145 09 f5 03 20 4a 2b 01 ff ff ff ff ff
source=32: pgn=Speed(128259): values=SpeedWaterReferenced=(2.99 m/s) SpeedGroundReferenced=(None) SpeedWaterReferencedType=(None) SpeedDirection=(None)

1  : pgn=129038 line=Rx 10331148 11 f8 0e 01 80 1b c1 fa 6c e7 15 dd
1  : pgn=129038 line=Rx 10331148 11 f8 0e 01 81 b4 0f b7 e8 f9 67 1c
1  : pgn=129038 line=Rx 10331149 11 f8 0e 01 82 3c 28 10 00 00 00 00
1  : pgn=129038 line=Rx 10331150 11 f8 0e 01 83 00 ff ff ff 7f ff fe
32 : pgn=130310 line=Rx 10331150 15 fd 06 20 d1 ff ff ff ff ff ff ff
source=32: pgn=Environmental Parameters (obsolete)(130310): values=WaterTemperature=(None) OutsideAmbientAirTemperature=(None) AtmosphericPressure=(None)

32 : pgn=128275 line=Rx 10331158 19 f5 13 20 60 0e ff ff ff ff ff ff
32 : pgn=128275 line=Rx 10331163 19 f5 13 20 61 fc ad 3c 00 fc ad 3c
32 : pgn=128275 line=Rx 10331168 19 f5 13 20 62 00 ff ff ff ff ff ff
0  : pgn=127250 line=Rx 10331184 09 f1 12 00 ff ed 42 ff 7f ff 7f fd
source=0: pgn=Vessel Heading(127250): values=Heading=(98.16 deg) Deviation=(None) Variation=(None) Reference=("1")

0  : pgn=127245 line=Rx 10331185 09 f1 0d 00 00 f8 ff 7f 00 00 ff ff
source=0: pgn=Rudder(127245): values=Instance=(0) DirectionOrder=("0") AngleOrder=(None) Position=(0.00 deg)

0  : pgn=65359  line=Rx 10331190 1c ff 4f 00 3b 9f ff ff ff ed 42 ff
source=0: pgn=Seatalk: Pilot Heading(65359): values=ManufacturerCode=(1851) IndustryCode=(4) HeadingTrue=(None) HeadingMagnetic=(98.16 deg)

1  : pgn=59936  line=Rx 10331208 18 ea 20 01 00 ee 00 00 00 00 00 00
3  : pgn=129026 line=Tx 10331230 09 f8 02 03 ff fc 39 49 49 01 ff ff
source=3: pgn=COG & SOG, Rapid Update(129026): values=COGReference=("0") COG=(107.40 deg) SOG=(3.29 m/s)

3  : pgn=130577 line=Tx 10331231 0d fe 11 03 20 0e c0 8a 39 49 49 01
3  : pgn=130577 line=Tx 10331231 0d fe 11 03 21 ff ff ff ff 37 12 31
3  : pgn=130577 line=Tx 10331231 0d fe 11 03 22 00 ff ff ff ff ff ff
3  : pgn=129025 line=Tx 10331231 09 f8 01 03 09 6b 6f 1c 0d 9f fd b6
3  : pgn=130306 line=Tx 10331231 09 fd 02 03 ff 37 03 7c ca fa ff ff
source=3: pgn=Wind Data(130306): values=WindSpeed=(8.23 m/s) WindAngle=(297.00 deg) Reference=("2")

32 : pgn=128259 line=Rx 10331243 09 f5 03 20 4b 2e 01 ff ff ff ff ff
1  : pgn=129041 line=Rx 10331269 11 f8 11 01 a0 30 55 75 89 3a 3b 6d
1  : pgn=129041 line=Rx 10331269 11 f8 11 01 a1 8b 0a b7 5b f8 47 1c
1  : pgn=129041 line=Rx 10331270 11 f8 11 01 a2 f4 00 00 00 00 00 00
1  : pgn=129041 line=Rx 10331270 11 f8 11 01 a3 ff ff 12 ee ff e1 16
1  : pgn=129041 line=Rx 10331271 11 f8 11 01 a4 01 50 53 20 54 53 4c
1  : pgn=129041 line=Rx 10331272 11 f8 11 01 a5 20 4c 42 20 54 41 20
1  : pgn=129041 line=Rx 10331272 11 f8 11 01 a6 20 20 20 20 20 20 20
0  : pgn=127250 line=Rx 10331282 09 f1 12 00 ff fb 42 ff 7f ff 7f fd
source=0: pgn=Vessel Heading(127250): values=Heading=(98.25 deg) Deviation=(None) Variation=(None) Reference=("1")

0  : pgn=127245 line=Rx 10331282 09 f1 0d 00 00 f8 ff 7f 00 00 ff ff
source=0: pgn=Rudder(127245): values=Instance=(0) DirectionOrder=("0") AngleOrder=(None) Position=(0.00 deg)

0  : pgn=65359  line=Rx 10331290 1c ff 4f 00 3b 9f ff ff ff fb 42 ff
source=0: pgn=Seatalk: Pilot Heading(65359): values=ManufacturerCode=(1851) IndustryCode=(4) HeadingTrue=(None) HeadingMagnetic=(98.25 deg)

3  : pgn=129283 line=Tx 10331331 0d f9 03 03 ff 7f ff ff ff 7f ff ff
source=3: pgn=Cross Track Error(129283): values=XTEmode=(None) NavigationTerminated=("1") XTE=(None)

3  : pgn=129025 line=Tx 10331331 09 f8 01 03 f4 6a 6f 1c 66 9f fd b6
source=3: pgn=Position, Rapid Update(129025): values=Latitude=(47.7063924 deg) Longitude=(-122.489257 deg)

3  : pgn=128267 line=Tx 10331331 0d f5 0b 03 ff 79 3d 00 00 00 00 ff
source=3: pgn=Water Depth(128267): values=Depth=(157.37 m) Offset=(0.0 m) Range=(None)

32 : pgn=128259 line=Rx 10331342 09 f5 03 20 4c 32 01 ff ff ff ff ff
source=32: pgn=Speed(128259): values=SpeedWaterReferenced=(3.06 m/s) SpeedGroundReferenced=(None) SpeedWaterReferencedType=(None) SpeedDirection=(None)

1  : pgn=129038 line=Rx 10331360 11 f8 0e 01 a0 1b c1 1e ae e6 15 4f
1  : pgn=129038 line=Rx 10331360 11 f8 0e 01 a1 27 14 b7 f8 82 58 1c
1  : pgn=129038 line=Rx 10331361 11 f8 0e 01 a2 45 8e b2 00 00 00 00
1  : pgn=129038 line=Rx 10331362 11 f8 0e 01 a3 00 f0 c0 00 00 f0 fe
0  : pgn=127250 line=Rx 10331382 09 f1 12 00 ff 07 43 ff 7f ff 7f fd
source=0: pgn=Vessel Heading(127250): values=Heading=(98.31 deg) Deviation=(None) Variation=(None) Reference=("1")

0  : pgn=127245 line=Rx 10331383 09 f1 0d 00 00 f8 ff 7f 00 00 ff ff
source=0: pgn=Rudder(127245): values=Instance=(0) DirectionOrder=("0") AngleOrder=(None) Position=(0.00 deg)

0  : pgn=65359  line=Rx 10331387 1c ff 4f 00 3b 9f ff ff ff 07 43 ff
source=0: pgn=Seatalk: Pilot Heading(65359): values=ManufacturerCode=(1851) IndustryCode=(4) HeadingTrue=(None) HeadingMagnetic=(98.31 deg)

4  : pgn=65384  line=Rx 10331405 1c ff 68 04 3b 9f 00 00 00 00 00 00
3  : pgn=129026 line=Tx 10331431 09 f8 02 03 ff fc 5c 49 4a 01 ff ff
source=3: pgn=COG & SOG, Rapid Update(129026): values=COGReference=("0") COG=(107.60 deg) SOG=(3.3000000000000003 m/s)

3  : pgn=129025 line=Tx 10331431 09 f8 01 03 df 6a 6f 1c b1 9f fd b6
source=3: pgn=Position, Rapid Update(129025): values=Latitude=(47.706390299999995 deg) Longitude=(-122.4892495 deg)

3  : pgn=129542 line=Tx 10331431 19 fa 06 03 20 0f 8a 18 01 00 00 00
3  : pgn=129542 line=Tx 10331431 19 fa 06 03 21 00 00 00 00 00 00 00
3  : pgn=129542 line=Tx 10331431 19 fa 06 03 22 00 00 ff ff ff ff ff
3  : pgn=65364  line=Tx 10331431 1c ff 54 03 3b 9f 23 03 88 cc ff ff
32 : pgn=128259 line=Rx 10331442 09 f5 03 20 4d 35 01 ff ff ff ff ff
source=32: pgn=Speed(128259): values=SpeedWaterReferenced=(3.09 m/s) SpeedGroundReferenced=(None) SpeedWaterReferencedType=(None) SpeedDirection=(None)

0  : pgn=127250 line=Rx 10331482 09 f1 12 00 ff 0b 43 ff 7f ff 7f fd
source=0: pgn=Vessel Heading(127250): values=Heading=(98.34 deg) Deviation=(None) Variation=(None) Reference=("1")

0  : pgn=127245 line=Rx 10331483 09 f1 0d 00 00 f8 ff 7f 00 00 ff ff
source=0: pgn=Rudder(127245): values=Instance=(0) DirectionOrder=("0") AngleOrder=(None) Position=(0.00 deg)

0  : pgn=65359  line=Rx 10331489 1c ff 4f 00 3b 9f ff ff ff 0b 43 ff
source=0: pgn=Seatalk: Pilot Heading(65359): values=ManufacturerCode=(1851) IndustryCode=(4) HeadingTrue=(None) HeadingMagnetic=(98.34 deg)

3  : pgn=129540 line=Tx 10331532 19 fa 04 03 60 9f ac ff 0d 03 97 1a
source=3: pgn=GNSS Sats in View(129540): values=RangeResidualMode=(None) SatsinView=(172) PRN=(None) Elevation=(4.47 deg) Azimuth=(39.00 deg) SNR=(0.0 dB) Rangeresiduals=(0) Status=("0")

3  : pgn=129540 line=Tx 10331532 19 fa 04 03 61 2e 26 00 00 00 00 00
source=3: pgn=GNSS Sats in View(129540): values=RangeResidualMode=("0") SatsinView=(38) PRN=(0) Elevation=(0.00 deg) Azimuth=(0.00 deg) SNR=(0.0 dB) Rangeresiduals=(0) Status=("0")

3  : pgn=129540 line=Tx 10331532 19 fa 04 03 62 00 f3 0f ff 1d ad 3c
source=3: pgn=GNSS Sats in View(129540): values=RangeResidualMode=("0") SatsinView=(243) PRN=(15) Elevation=(44.00 deg) Azimuth=(89.00 deg) SNR=(0.0 dB) Rangeresiduals=(0) Status=("0")

3  : pgn=129540 line=Tx 10331532 19 fa 04 03 63 10 0e 00 00 00 00 f5
source=3: pgn=GNSS Sats in View(129540): values=RangeResidualMode=("0") SatsinView=(14) PRN=(0) Elevation=(0.00 deg) Azimuth=(359.36 deg) SNR=(0.0 dB) Rangeresiduals=(0) Status=("0")

3  : pgn=129540 line=Tx 10331532 19 fa 04 03 64 10 17 13 71 b9 10 0e
source=3: pgn=GNSS Sats in View(129540): values=RangeResidualMode=("0") SatsinView=(23) PRN=(19) Elevation=(-103.49 deg) Azimuth=(20.63 deg) SNR=(0.0 dB) Rangeresiduals=(0) Status=("0")

3  : pgn=129540 line=Tx 10331532 19 fa 04 03 65 00 00 00 00 f5 12 c5
source=3: pgn=GNSS Sats in View(129540): values=RangeResidualMode=("0") SatsinView=(0) PRN=(0) Elevation=(-16.13 deg) Azimuth=(289.06 deg) SNR=(0.0 dB) Rangeresiduals=(0) Status=("0")

3  : pgn=129540 line=Tx 10331532 19 fa 04 03 66 31 f2 93 10 0e 00 00
source=3: pgn=GNSS Sats in View(129540): values=RangeResidualMode=("1") SatsinView=(242) PRN=(147) Elevation=(20.63 deg) Azimuth=(0.00 deg) SNR=(0.0 dB) Rangeresiduals=(0) Status=("0")

3  : pgn=129540 line=Tx 10331532 19 fa 04 03 67 00 00 f5 13 69 03 1f
source=3: pgn=GNSS Sats in View(129540): values=RangeResidualMode=("0") SatsinView=(0) PRN=(245) Elevation=(154.12 deg) Azimuth=(45.49 deg) SNR=(0.0 dB) Rangeresiduals=(0) Status=("0")

3  : pgn=129540 line=Tx 10331532 19 fa 04 03 68 d8 ac 0d 00 00 00 00
source=3: pgn=GNSS Sats in View(129540): values=RangeResidualMode=("0") SatsinView=(172) PRN=(13) Elevation=(0.00 deg) Azimuth=(0.00 deg) SNR=(0.0 dB) Rangeresiduals=(0) Status=("0")

3  : pgn=129540 line=Tx 10331532 19 fa 04 03 69 f5 15 e8 37 ba 20 48
source=3: pgn=GNSS Sats in View(129540): values=RangeResidualMode=("1") SatsinView=(21) PRN=(232) Elevation=(-102.36 deg) Azimuth=(105.79 deg) SNR=(0.0 dB) Rangeresiduals=(0) Status=("0")

3  : pgn=129540 line=Tx 10331532 19 fa 04 03 6a 0d 00 00 00 00 f5 16
source=3: pgn=GNSS Sats in View(129540): values=RangeResidualMode=("1") SatsinView=(0) PRN=(0) Elevation=(0.00 deg) Azimuth=(33.67 deg) SNR=(0.0 dB) Rangeresiduals=(0) Status=("0")

3  : pgn=129540 line=Tx 10331533 19 fa 04 03 6b 80 16 cf 9c 68 10 00
source=3: pgn=GNSS Sats in View(129540): values=RangeResidualMode=("0") SatsinView=(22) PRN=(207) Elevation=(153.44 deg) Azimuth=(0.09 deg) SNR=(0.0 dB) Rangeresiduals=(0) Status=("0")

3  : pgn=129540 line=Tx 10331534 19 fa 04 03 6c 00 00 00 f5 1a ae 0f
source=3: pgn=GNSS Sats in View(129540): values=RangeResidualMode=("0") SatsinView=(0) PRN=(0) Elevation=(39.54 deg) Azimuth=(23.00 deg) SNR=(0.0 dB) Rangeresiduals=(0) Status=("0")

3  : pgn=129540 line=Tx 10331534 19 fa 04 03 6d 5d 1f 80 0c 00 00 00
source=3: pgn=GNSS Sats in View(129540): values=RangeResidualMode=("1") SatsinView=(31) PRN=(128) Elevation=(0.07 deg) Azimuth=(0.00 deg) SNR=(0.0 dB) Rangeresiduals=(0) Status=("0")

3  : pgn=129540 line=Tx 10331536 19 fa 04 03 6e 00 f5 1b d1 15 ab d2
source=3: pgn=GNSS Sats in View(129540): values=RangeResidualMode=("0") SatsinView=(245) PRN=(27) Elevation=(32.00 deg) Azimuth=(309.00 deg) SNR=(0.0 dB) Rangeresiduals=(0) Status=("0")

3  : pgn=129540 line=Tx 10331537 19 fa 04 03 6f 10 0e 00 00 00 00 f5
source=3: pgn=GNSS Sats in View(129540): values=RangeResidualMode=("0") SatsinView=(14) PRN=(0) Elevation=(0.00 deg) Azimuth=(359.36 deg) SNR=(0.0 dB) Rangeresiduals=(0) Status=("0")

3  : pgn=129540 line=Tx 10331538 19 fa 04 03 70 1d 00 0f a1 67 54 0b
source=3: pgn=GNSS Sats in View(129540): values=RangeResidualMode=("1") SatsinView=(0) PRN=(15) Elevation=(152.00 deg) Azimuth=(16.62 deg) SNR=(0.0 dB) Rangeresiduals=(0) Status=("0")

3  : pgn=129540 line=Tx 10331538 19 fa 04 03 71 00 00 00 00 f5 23 d1
source=3: pgn=GNSS Sats in View(129540): values=RangeResidualMode=("0") SatsinView=(0) PRN=(0) Elevation=(-16.13 deg) Azimuth=(306.76 deg) SNR=(0.0 dB) Rangeresiduals=(0) Status=("0")

3  : pgn=129540 line=Tx 10331539 19 fa 04 03 72 15 c3 8b 00 00 00 00
source=3: pgn=GNSS Sats in View(129540): values=RangeResidualMode=("1") SatsinView=(195) PRN=(139) Elevation=(0.00 deg) Azimuth=(0.00 deg) SNR=(0.0 dB) Rangeresiduals=(0) Status=("0")

3  : pgn=129540 line=Tx 10331540 19 fa 04 03 73 00 00 f3 30 2e 17 43
source=3: pgn=GNSS Sats in View(129540): values=RangeResidualMode=("0") SatsinView=(0) PRN=(243) Elevation=(67.75 deg) Azimuth=(98.41 deg) SNR=(0.0 dB) Rangeresiduals=(0) Status=("0")

3  : pgn=129540 line=Tx 10331540 19 fa 04 03 74 84 74 0e 00 00 00 00
source=3: pgn=GNSS Sats in View(129540): values=RangeResidualMode=("0") SatsinView=(116) PRN=(14) Elevation=(0.00 deg) Azimuth=(0.00 deg) SNR=(0.0 dB) Rangeresiduals=(0) Status=("0")

3  : pgn=129540 line=Tx 10331541 19 fa 04 03 75 f5 33 80 16 67 6c 1c
source=3: pgn=GNSS Sats in View(129540): values=RangeResidualMode=("1") SatsinView=(51) PRN=(128) Elevation=(151.20 deg) Azimuth=(41.69 deg) SNR=(0.0 dB) Rangeresiduals=(0) Status=("0")

32 : pgn=128259 line=Rx 10331542 09 f5 03 20 4e 39 01 ff ff ff ff ff
source=32: pgn=Speed(128259): values=SpeedWaterReferenced=(3.13 m/s) SpeedGroundReferenced=(None) SpeedWaterReferencedType=(None) SpeedDirection=(None)

3  : pgn=129540 line=Tx 10331542 19 fa 04 03 76 0c 00 00 00 00 f5 ff
source=3: pgn=GNSS Sats in View(129540): values=RangeResidualMode=("0") SatsinView=(0) PRN=(0) Elevation=(0.00 deg) Azimuth=(375.43 deg) SNR=(0.0 dB) Rangeresiduals=(0) Status=("0")

3  : pgn=129025 line=Tx 10331543 09 f8 01 03 df 6a 6f 1c b1 9f fd b6
source=3: pgn=Position, Rapid Update(129025): values=Latitude=(47.706390299999995 deg) Longitude=(-122.4892495 deg)

3  : pgn=127258 line=Tx 10331545 19 f1 1a 03 ff f6 12 39 fa 0a ff ff
source=3: pgn=Magnetic Variation(127258): values=Source=("6") Ageofservice=(14610 d) Variation=(16.10 deg)

0  : pgn=127250 line=Rx 10331582 09 f1 12 00 ff 03 43 ff 7f ff 7f fd
source=0: pgn=Vessel Heading(127250): values=Heading=(98.29 deg) Deviation=(None) Variation=(None) Reference=("1")

0  : pgn=127245 line=Rx 10331583 09 f1 0d 00 00 f8 ff 7f 00 00 ff ff
source=0: pgn=Rudder(127245): values=Instance=(0) DirectionOrder=("0") AngleOrder=(None) Position=(0.00 deg)

0  : pgn=65379  line=Rx 10331587 1c ff 63 00 3b 9f 00 00 00 00 01 ff
source=0: pgn=Seatalk: Pilot Mode(65379): values=ManufacturerCode=(1851) IndustryCode=(4) PilotMode=(0) SubMode=(0) PilotModeData=(0)

0  : pgn=65359  line=Rx 10331588 1c ff 4f 00 3b 9f ff ff ff 03 43 ff
source=0: pgn=Seatalk: Pilot Heading(65359): values=ManufacturerCode=(1851) IndustryCode=(4) HeadingTrue=(None) HeadingMagnetic=(98.29 deg)

0  : pgn=126975 line=Rx 10331591 1d ef ff 00 00 0d 3b 9f f0 81 84 56
0  : pgn=126975 line=Rx 10331593 1d ef ff 00 01 44 11 00 00 00 02 05
3  : pgn=129026 line=Tx 10331632 09 f8 02 03 ff fc b3 49 49 01 ff ff
source=3: pgn=COG & SOG, Rapid Update(129026): values=COGReference=("0") COG=(108.10 deg) SOG=(3.29 m/s)

3  : pgn=129025 line=Tx 10331632 09 f8 01 03 c9 6a 6f 1c f9 9f fd b6
source=3: pgn=Position, Rapid Update(129025): values=Latitude=(47.7063881 deg) Longitude=(-122.4892423 deg)

32 : pgn=128259 line=Rx 10331641 09 f5 03 20 4f 3a 01 ff ff ff ff ff
source=32: pgn=Speed(128259): values=SpeedWaterReferenced=(3.14 m/s) SpeedGroundReferenced=(None) SpeedWaterReferencedType=(None) SpeedDirection=(None)

0  : pgn=127250 line=Rx 10331682 09 f1 12 00 ff 00 43 ff 7f ff 7f fd
source=0: pgn=Vessel Heading(127250): values=Heading=(98.27 deg) Deviation=(None) Variation=(None) Reference=("1")

0  : pgn=127245 line=Rx 10331683 09 f1 0d 00 00 f8 ff 7f 00 00 ff ff
source=0: pgn=Rudder(127245): values=Instance=(0) DirectionOrder=("0") AngleOrder=(None) Position=(0.00 deg)

0  : pgn=65359  line=Rx 10331689 1c ff 4f 00 3b 9f ff ff ff 00 43 ff
source=0: pgn=Seatalk: Pilot Heading(65359): values=ManufacturerCode=(1851) IndustryCode=(4) HeadingTrue=(None) HeadingMagnetic=(98.27 deg)

0  : pgn=126975 line=Rx 10331692 1d ef ff 00 20 09 3b 9f f0 81 ae 02
0  : pgn=126975 line=Rx 10331694 1d ef ff 00 21 00 08 00 ff ff ff ff
3  : pgn=129029 line=Tx 10331733 0d f8 05 03 20 2b 8a 06 40 0a 0d 12
3  : pgn=129029 line=Tx 10331733 0d f8 05 03 21 2c 00 9a 2c 7a 12 df
3  : pgn=129029 line=Tx 10331733 0d f8 05 03 22 9e 06 00 7a 04 bf d4
3  : pgn=129029 line=Tx 10331733 0d f8 05 03 23 4e 00 ef ff ff ff ff
3  : pgn=129029 line=Tx 10331733 0d f8 05 03 24 ff ff ff 7f 23 fc 09
3  : pgn=129029 line=Tx 10331733 0d f8 05 03 25 55 00 ff 7f ff ff ff
3  : pgn=129029 line=Tx 10331733 0d f8 05 03 26 7f 00 ff ff ff ff ff
3  : pgn=129025 line=Tx 10331733 09 f8 01 03 c9 6a 6f 1c f9 9f fd b6
source=3: pgn=Position, Rapid Update(129025): values=Latitude=(47.7063881 deg) Longitude=(-122.4892423 deg)

3  : pgn=129033 line=Tx 10331733 0d f8 09 03 06 40 0a 0d 12 2c 5c fe
source=3: pgn=Time & Date(129033): values=Date=(16390 d) Time=(73938.049 s) LocalOffset=(-25200.0 s)

32 : pgn=128259 line=Rx 10331741 09 f5 03 20 50 38 01 ff ff ff ff ff
source=32: pgn=Speed(128259): values=SpeedWaterReferenced=(3.12 m/s) SpeedGroundReferenced=(None) SpeedWaterReferencedType=(None) SpeedDirection=(None)

0  : pgn=127250 line=Rx 10331782 09 f1 12 00 ff 00 43 ff 7f ff 7f fd
source=0: pgn=Vessel Heading(127250): values=Heading=(98.27 deg) Deviation=(None) Variation=(None) Reference=("1")

0  : pgn=127245 line=Rx 10331783 09 f1 0d 00 00 f8 ff 7f 00 00 ff ff
source=0: pgn=Rudder(127245): values=Instance=(0) DirectionOrder=("0") AngleOrder=(None) Position=(0.00 deg)

1  : pgn=129038 line=Rx 10331784 11 f8 0e 01 c0 1b c1 12 f9 de 15 2e
1  : pgn=129038 line=Rx 10331784 11 f8 0e 01 c1 85 10 b7 a1 76 67 1c
1  : pgn=129038 line=Rx 10331785 11 f8 0e 01 c2 43 7c bb 00 00 01 00
1  : pgn=129038 line=Rx 10331785 11 f8 0e 01 c3 08 37 91 00 00 f0 fe
0  : pgn=65359  line=Rx 10331791 1c ff 4f 00 3b 9f ff ff ff 00 43 ff
source=0: pgn=Seatalk: Pilot Heading(65359): values=ManufacturerCode=(1851) IndustryCode=(4) HeadingTrue=(None) HeadingMagnetic=(98.27 deg)

0  : pgn=126975 line=Rx 10331795 1d ef ff 00 40 07 3b 9f f0 81 90 10
0  : pgn=126975 line=Rx 10331796 1d ef ff 00 41 05 ff ff ff ff ff ff
3  : pgn=129026 line=Tx 10331833 09 f8 02 03 ff fc b3 49 49 01 ff ff
source=3: pgn=COG & SOG, Rapid Update(129026): values=COGReference=("0") COG=(108.10 deg) SOG=(3.29 m/s)

3  : pgn=129025 line=Tx 10331833 09 f8 01 03 c9 6a 6f 1c f9 9f fd b6
source=3: pgn=Position, Rapid Update(129025): values=Latitude=(47.7063881 deg) Longitude=(-122.4892423 deg)

3  : pgn=126992 line=Tx 10331833 0d f0 10 03 ff ff 06 40 0a 0d 12 2c
source=3: pgn=System Time(126992): values=Source=(None) Date=(16390 d) Time=(73938.049 s)

32 : pgn=128259 line=Rx 10331840 09 f5 03 20 51 32 01 ff ff ff ff ff
source=32: pgn=Speed(128259): values=SpeedWaterReferenced=(3.06 m/s) SpeedGroundReferenced=(None) SpeedWaterReferencedType=(None) SpeedDirection=(None)

0  : pgn=127250 line=Rx 10331882 09 f1 12 00 ff 02 43 ff 7f ff 7f fd
source=0: pgn=Vessel Heading(127250): values=Heading=(98.29 deg) Deviation=(None) Variation=(None) Reference=("1")

0  : pgn=127245 line=Rx 10331883 09 f1 0d 00 00 f8 ff 7f 00 00 ff ff
source=0: pgn=Rudder(127245): values=Instance=(0) DirectionOrder=("0") AngleOrder=(None) Position=(0.00 deg)

0  : pgn=65359  line=Rx 10331889 1c ff 4f 00 3b 9f ff ff ff 02 43 ff
source=0: pgn=Seatalk: Pilot Heading(65359): values=ManufacturerCode=(1851) IndustryCode=(4) HeadingTrue=(None) HeadingMagnetic=(98.29 deg)

3  : pgn=129025 line=Tx 10331933 09 f8 01 03 ba 6a 6f 1c 47 a0 fd b6
source=3: pgn=Position, Rapid Update(129025): values=Latitude=(47.706386599999995 deg) Longitude=(-122.4892345 deg)

32 : pgn=128259 line=Rx 10331940 09 f5 03 20 52 2b 01 ff ff ff ff ff
source=32: pgn=Speed(128259): values=SpeedWaterReferenced=(2.99 m/s) SpeedGroundReferenced=(None) SpeedWaterReferencedType=(None) SpeedDirection=(None)

0  : pgn=127250 line=Rx 10331984 09 f1 12 00 ff 06 43 ff 7f ff 7f fd
source=0: pgn=Vessel Heading(127250): values=Heading=(98.31 deg) Deviation=(None) Variation=(None) Reference=("1")

0  : pgn=127245 line=Rx 10331985 09 f1 0d 00 00 f8 ff 7f 00 00 ff ff
source=0: pgn=Rudder(127245): values=Instance=(0) DirectionOrder=("0") AngleOrder=(None) Position=(0.00 deg)

0  : pgn=65359  line=Rx 10331989 1c ff 4f 00 3b 9f ff ff ff 06 43 ff
source=0: pgn=Seatalk: Pilot Heading(65359): values=ManufacturerCode=(1851) IndustryCode=(4) HeadingTrue=(None) HeadingMagnetic=(98.31 deg)

3  : pgn=129026 line=Tx 10332033 09 f8 02 03 ff fc e7 49 48 01 ff ff
source=3: pgn=COG & SOG, Rapid Update(129026): values=COGReference=("0") COG=(108.40 deg) SOG=(3.2800000000000002 m/s)

3  : pgn=129025 line=Tx 10332033 09 f8 01 03 ba 6a 6f 1c 47 a0 fd b6
source=3: pgn=Position, Rapid Update(129025): values=Latitude=(47.706386599999995 deg) Longitude=(-122.4892345 deg)

3  : pgn=129291 line=Tx 10332033 0d f9 0b 03 ff fc f2 21 2b 00 ff ff
source=3: pgn=Set & Drift, Rapid Update(129291): values=SetReference=("0") Set=(49.79 deg) Drift=(0.43 m/s)

32 : pgn=128259 line=Rx 10332039 09 f5 03 20 53 2e 01 ff ff ff ff ff
source=32: pgn=Speed(128259): values=SpeedWaterReferenced=(3.02 m/s) SpeedGroundReferenced=(None) SpeedWaterReferencedType=(None) SpeedDirection=(None)

0  : pgn=127250 line=Rx 10332081 09 f1 12 00 ff 14 43 ff 7f ff 7f fd
source=0: pgn=Vessel Heading(127250): values=Heading=(98.39 deg) Deviation=(None) Variation=(None) Reference=("1")

0  : pgn=127245 line=Rx 10332082 09 f1 0d 00 00 f8 ff 7f 00 00 ff ff
source=0: pgn=Rudder(127245): values=Instance=(0) DirectionOrder=("0") AngleOrder=(None) Position=(0.00 deg)

1  : pgn=129038 line=Rx 10332088 11 f8 0e 01 e0 1b c1 84 b4 de 15 79
1  : pgn=129038 line=Rx 10332088 11 f8 0e 01 e1 39 0c b7 07 61 69 1c
1  : pgn=129038 line=Rx 10332089 11 f8 0e 01 e2 40 85 0e 00 00 00 00
1  : pgn=129038 line=Rx 10332089 11 f8 0e 01 e3 00 ff ff ff 7f f0 fe
0  : pgn=65359  line=Rx 10332091 1c ff 4f 00 3b 9f ff ff ff 14 43 ff
source=0: pgn=Seatalk: Pilot Heading(65359): values=ManufacturerCode=(1851) IndustryCode=(4) HeadingTrue=(None) HeadingMagnetic=(98.39 deg)

0  : pgn=126975 line=Rx 10332093 1d ef ff 00 60 08 3b 9f f0 81 9c 51
0  : pgn=126975 line=Rx 10332095 1d ef ff 00 61 04 00 ff ff ff ff ff
1  : pgn=129038 line=Rx 10332118 11 f8 0e 01 00 1b c1 14 8c db 15 75
source=1: pgn=AIS Class A Position Report(129038): values=MessageID=(0) RepeatIndicator=("0") UserID=(2350170395) Longitude=(0.0 deg) Latitude=(0.0 deg) PositionAccuracy=("0") RAIM=("0") TimeStamp=("0") COG=(0.00 deg) SOG=(0.0 m/s) CommunicationState=(0) AISTransceiverinformation=("0") Heading=(0.00 deg) RateofTurn=(0.00 deg/s) NavStatus=("0") SpecialManeuverIndicator=("0") Spare=(0) SequenceID=(0)

1  : pgn=129038 line=Rx 10332118 11 f8 0e 01 01 69 0d b7 3e bf 7f 1c
source=1: pgn=AIS Class A Position Report(129038): values=MessageID=(1) RepeatIndicator=("0") UserID=(1052183913) Longitude=(0.0 deg) Latitude=(0.0 deg) PositionAccuracy=("0") RAIM=("0") TimeStamp=("0") COG=(0.00 deg) SOG=(0.0 m/s) CommunicationState=(0) AISTransceiverinformation=("0") Heading=(0.00 deg) RateofTurn=(0.00 deg/s) NavStatus=("0") SpecialManeuverIndicator=("0") Spare=(0) SequenceID=(0)

1  : pgn=129038 line=Rx 10332119 11 f8 0e 01 02 45 b3 46 05 00 00 00
source=1: pgn=AIS Class A Position Report(129038): values=MessageID=(2) RepeatIndicator=("0") UserID=(88519493) Longitude=(0.0 deg) Latitude=(0.0 deg) PositionAccuracy=("0") RAIM=("0") TimeStamp=("0") COG=(0.00 deg) SOG=(0.0 m/s) CommunicationState=(0) AISTransceiverinformation=("0") Heading=(0.00 deg) RateofTurn=(0.00 deg/s) NavStatus=("0") SpecialManeuverIndicator=("0") Spare=(0) SequenceID=(0)

1  : pgn=129038 line=Rx 10332119 11 f8 0e 01 03 00 f3 48 00 00 ff fe
source=1: pgn=AIS Class A Position Report(129038): values=MessageID=(3) RepeatIndicator=("0") UserID=(4780800) Longitude=(0.0 deg) Latitude=(0.0 deg) PositionAccuracy=("0") RAIM=("0") TimeStamp=("0") COG=(0.00 deg) SOG=(0.0 m/s) CommunicationState=(0) AISTransceiverinformation=("0") Heading=(0.00 deg) RateofTurn=(0.00 deg/s) NavStatus=("0") SpecialManeuverIndicator=("0") Spare=(0) SequenceID=(0)

3  : pgn=129025 line=Tx 10332134 09 f8 01 03 ba 6a 6f 1c 47 a0 fd b6
source=3: pgn=Position, Rapid Update(129025): values=Latitude=(47.706386599999995 deg) Longitude=(-122.4892345 deg)

32 : pgn=128259 line=Rx 10332141 09 f5 03 20 54 3c 01 ff ff ff ff ff
source=32: pgn=Speed(128259): values=SpeedWaterReferenced=(3.16 m/s) SpeedGroundReferenced=(None) SpeedWaterReferencedType=(None) SpeedDirection=(None)

32 : pgn=130310 line=Rx 10332144 15 fd 06 20 d2 ff ff ff ff ff ff ff
source=32: pgn=Environmental Parameters (obsolete)(130310): values=WaterTemperature=(None) OutsideAmbientAirTemperature=(None) AtmosphericPressure=(None)

32 : pgn=128275 line=Rx 10332154 19 f5 13 20 80 0e ff ff ff ff ff ff
32 : pgn=128275 line=Rx 10332159 19 f5 13 20 81 fc ad 3c 00 fc ad 3c
32 : pgn=128275 line=Rx 10332164 19 f5 13 20 82 00 ff ff ff ff ff ff
1  : pgn=59936  line=Rx 10332180 18 ea 20 01 00 ee 00 00 00 00 00 00
0  : pgn=127250 line=Rx 10332182 09 f1 12 00 ff 1b 43 ff 7f ff 7f fd
source=0: pgn=Vessel Heading(127250): values=Heading=(98.43 deg) Deviation=(None) Variation=(None) Reference=("1")

0  : pgn=127245 line=Rx 10332182 09 f1 0d 00 00 f8 ff 7f 00 00 ff ff
source=0: pgn=Rudder(127245): values=Instance=(0) DirectionOrder=("0") AngleOrder=(None) Position=(0.00 deg)

0  : pgn=65359  line=Rx 10332187 1c ff 4f 00 3b 9f ff ff ff 1b 43 ff
source=0: pgn=Seatalk: Pilot Heading(65359): values=ManufacturerCode=(1851) IndustryCode=(4) HeadingTrue=(None) HeadingMagnetic=(98.43 deg)

1  : pgn=129038 line=Rx 10332209 11 f8 0e 01 20 1b c1 0e 28 dc 15 03
1  : pgn=129038 line=Rx 10332209 11 f8 0e 01 21 6d 02 b7 94 56 60 1c
1  : pgn=129038 line=Rx 10332210 11 f8 0e 01 22 49 2d 38 e0 03 00 00
1  : pgn=129038 line=Rx 10332211 11 f8 0e 01 23 00 dc 35 00 00 f0 fe
3  : pgn=129026 line=Tx 10332234 09 f8 02 03 ff fc 1c 4a 48 01 ff ff
source=3: pgn=COG & SOG, Rapid Update(129026): values=COGReference=("0") COG=(108.70 deg) SOG=(3.2800000000000002 m/s)

3  : pgn=130577 line=Tx 10332234 0d fe 11 03 40 0e c0 8b 1c 4a 48 01
3  : pgn=130577 line=Tx 10332234 0d fe 11 03 41 ff ff ff ff f2 21 2b
3  : pgn=130577 line=Tx 10332234 0d fe 11 03 42 00 ff ff ff ff ff ff
3  : pgn=129025 line=Tx 10332234 09 f8 01 03 8e 6a 6f 1c eb a0 fd b6
3  : pgn=130306 line=Tx 10332234 09 fd 02 03 ff 23 03 88 cc fa ff ff
source=3: pgn=Wind Data(130306): values=WindSpeed=(8.03 m/s) WindAngle=(300.00 deg) Reference=("2")

32 : pgn=128259 line=Rx 10332239 09 f5 03 20 55 35 01 ff ff ff ff ff
0  : pgn=127250 line=Rx 10332282 09 f1 12 00 ff 1f 43 ff 7f ff 7f fd
source=0: pgn=Vessel Heading(127250): values=Heading=(98.45 deg) Deviation=(None) Variation=(None) Reference=("1")

0  : pgn=127245 line=Rx 10332282 09 f1 0d 00 00 f8 ff 7f 00 00 ff ff
source=0: pgn=Rudder(127245): values=Instance=(0) DirectionOrder=("0") AngleOrder=(None) Position=(0.00 deg)

0  : pgn=65359  line=Rx 10332290 1c ff 4f 00 3b 9f ff ff ff 1f 43 ff
source=0: pgn=Seatalk: Pilot Heading(65359): values=ManufacturerCode=(1851) IndustryCode=(4) HeadingTrue=(None) HeadingMagnetic=(98.45 deg)

1  : pgn=129810 line=Rx 10332332 19 fb 12 01 80 21 18 dc 0e e6 15 25
1  : pgn=129810 line=Rx 10332332 19 fb 12 01 81 52 d0 50 53 4c 20 96
1  : pgn=129810 line=Rx 10332333 19 fb 12 01 82 57 44 45 37 38 36 32
1  : pgn=129810 line=Rx 10332333 19 fb 12 01 83 6e 00 28 00 00 00 3c
1  : pgn=129810 line=Rx 10332334 19 fb 12 01 84 00 00 00 00 00 03 ff
3  : pgn=129283 line=Tx 10332334 0d f9 03 03 ff 7f ff ff ff 7f ff ff
source=3: pgn=Cross Track Error(129283): values=XTEmode=(None) NavigationTerminated=("1") XTE=(None)

3  : pgn=129025 line=Tx 10332334 09 f8 01 03 8e 6a 6f 1c eb a0 fd b6
source=3: pgn=Position, Rapid Update(129025): values=Latitude=(47.7063822 deg) Longitude=(-122.48921809999999 deg)

3  : pgn=128267 line=Tx 10332334 0d f5 0b 03 ff 79 3d 00 00 00 00 ff
source=3: pgn=Water Depth(128267): values=Depth=(157.37 m) Offset=(0.0 m) Range=(None)

1  : pgn=130842 line=Rx 10332334 19 ff 1a 01 a0 24 41 9f 01 00 00 dc
1  : pgn=130842 line=Rx 10332335 19 ff 1a 01 a1 0e e6 15 00 52 d0 50
1  : pgn=130842 line=Rx 10332336 19 ff 1a 01 a2 53 4c 20 96 57 44 45
1  : pgn=130842 line=Rx 10332337 19 ff 1a 01 a3 37 38 36 32 6e 00 28
1  : pgn=130842 line=Rx 10332338 19 ff 1a 01 a4 00 00 00 3c 00 00 00
1  : pgn=130842 line=Rx 10332339 19 ff 1a 01 a5 00 00 ff ff ff ff ff
32 : pgn=128259 line=Rx 10332339 09 f5 03 20 56 34 01 ff ff ff ff ff
source=32: pgn=Speed(128259): values=SpeedWaterReferenced=(3.08 m/s) SpeedGroundReferenced=(None) SpeedWaterReferencedType=(None) SpeedDirection=(None)

0  : pgn=127250 line=Rx 10332382 09 f1 12 00 ff 22 43 ff 7f ff 7f fd
source=0: pgn=Vessel Heading(127250): values=Heading=(98.47 deg) Deviation=(None) Variation=(None) Reference=("1")

0  : pgn=127245 line=Rx 10332382 09 f1 0d 00 00 f8 ff 7f 00 00 ff ff
source=0: pgn=Rudder(127245): values=Instance=(0) DirectionOrder=("0") AngleOrder=(None) Position=(0.00 deg)

0  : pgn=65359  line=Rx 10332387 1c ff 4f 00 3b 9f ff ff ff 22 43 ff
source=0: pgn=Seatalk: Pilot Heading(65359): values=ManufacturerCode=(1851) IndustryCode=(4) HeadingTrue=(None) HeadingMagnetic=(98.47 deg)

4  : pgn=65384  line=Rx 10332405 1c ff 68 04 3b 9f 00 00 00 00 00 00
3  : pgn=129026 line=Tx 10332434 09 f8 02 03 ff fc 62 4a 49 01 ff ff
source=3: pgn=COG & SOG, Rapid Update(129026): values=COGReference=("0") COG=(109.10 deg) SOG=(3.29 m/s)

3  : pgn=129025 line=Tx 10332434 09 f8 01 03 77 6a 6f 1c 37 a1 fd b6
source=3: pgn=Position, Rapid Update(129025): values=Latitude=(47.706379899999995 deg) Longitude=(-122.4892105 deg)

3  : pgn=129542 line=Tx 10332434 19 fa 06 03 40 0f 8b 0f 01 00 00 00
3  : pgn=129542 line=Tx 10332434 19 fa 06 03 41 00 00 00 00 00 00 00
3  : pgn=129542 line=Tx 10332434 19 fa 06 03 42 00 00 ff ff ff ff ff
3  : pgn=65364  line=Tx 10332434 1c ff 54 03 3b 9f 23 03 2b cb ff ff
32 : pgn=128259 line=Rx 10332437 09 f5 03 20 57 3b 01 ff ff ff ff ff
source=32: pgn=Speed(128259): values=SpeedWaterReferenced=(3.15 m/s) SpeedGroundReferenced=(None) SpeedWaterReferencedType=(None) SpeedDirection=(None)

1  : pgn=129038 line=Rx 10332482 11 f8 0e 01 40 1b c1 18 6d e7 15 13
1  : pgn=129038 line=Rx 10332482 11 f8 0e 01 41 b3 0f b7 96 f5 67 1c
1  : pgn=129038 line=Rx 10332483 11 f8 0e 01 42 44 e2 0f 00 00 00 00
1  : pgn=129038 line=Rx 10332483 11 f8 0e 01 43 00 ff ff ff 7f f0 fe
0  : pgn=127250 line=Rx 10332488 09 f1 12 00 ff 26 43 ff 7f ff 7f fd
source=0: pgn=Vessel Heading(127250): values=Heading=(98.49 deg) Deviation=(None) Variation=(None) Reference=("1")

0  : pgn=127245 line=Rx 10332489 09 f1 0d 00 00 f8 ff 7f 00 00 ff ff
source=0: pgn=Rudder(127245): values=Instance=(0) DirectionOrder=("0") AngleOrder=(None) Position=(0.00 deg)

0  : pgn=65359  line=Rx 10332496 1c ff 4f 00 3b 9f ff ff ff 26 43 ff
source=0: pgn=Seatalk: Pilot Heading(65359): values=ManufacturerCode=(1851) IndustryCode=(4) HeadingTrue=(None) HeadingMagnetic=(98.49 deg)

3  : pgn=129540 line=Tx 10332535 19 fa 04 03 80 9f ad ff 0d 03 97 1a
source=3: pgn=GNSS Sats in View(129540): values=RangeResidualMode=(None) SatsinView=(173) PRN=(None) Elevation=(4.47 deg) Azimuth=(39.00 deg) SNR=(0.0 dB) Rangeresiduals=(0) Status=("0")

3  : pgn=129540 line=Tx 10332535 19 fa 04 03 81 2e 26 00 00 00 00 00
source=3: pgn=GNSS Sats in View(129540): values=RangeResidualMode=("0") SatsinView=(38) PRN=(0) Elevation=(0.00 deg) Azimuth=(0.00 deg) SNR=(0.0 dB) Rangeresiduals=(0) Status=("0")

3  : pgn=129540 line=Tx 10332535 19 fa 04 03 82 00 f3 0f ff 1d ad 3c
source=3: pgn=GNSS Sats in View(129540): values=RangeResidualMode=("0") SatsinView=(243) PRN=(15) Elevation=(44.00 deg) Azimuth=(89.00 deg) SNR=(0.0 dB) Rangeresiduals=(0) Status=("0")

3  : pgn=129540 line=Tx 10332535 19 fa 04 03 83 74 0e 00 00 00 00 f5
source=3: pgn=GNSS Sats in View(129540): values=RangeResidualMode=("0") SatsinView=(14) PRN=(0) Elevation=(0.00 deg) Azimuth=(359.36 deg) SNR=(0.0 dB) Rangeresiduals=(0) Status=("0")

3  : pgn=129540 line=Tx 10332535 19 fa 04 03 84 10 17 13 71 b9 10 0e
source=3: pgn=GNSS Sats in View(129540): values=RangeResidualMode=("0") SatsinView=(23) PRN=(19) Elevation=(-103.49 deg) Azimuth=(20.63 deg) SNR=(0.0 dB) Rangeresiduals=(0) Status=("0")

3  : pgn=129540 line=Tx 10332535 19 fa 04 03 85 00 00 00 00 f5 12 c5
source=3: pgn=GNSS Sats in View(129540): values=RangeResidualMode=("0") SatsinView=(0) PRN=(0) Elevation=(-16.13 deg) Azimuth=(289.06 deg) SNR=(0.0 dB) Rangeresiduals=(0) Status=("0")

3  : pgn=129540 line=Tx 10332535 19 fa 04 03 86 31 f2 93 d8 0e 00 00
source=3: pgn=GNSS Sats in View(129540): values=RangeResidualMode=("1") SatsinView=(242) PRN=(147) Elevation=(21.77 deg) Azimuth=(0.00 deg) SNR=(0.0 dB) Rangeresiduals=(0) Status=("0")

3  : pgn=129540 line=Tx 10332535 19 fa 04 03 87 00 00 f5 13 69 03 1f
source=3: pgn=GNSS Sats in View(129540): values=RangeResidualMode=("0") SatsinView=(0) PRN=(245) Elevation=(154.12 deg) Azimuth=(45.49 deg) SNR=(0.0 dB) Rangeresiduals=(0) Status=("0")

3  : pgn=129540 line=Tx 10332535 19 fa 04 03 88 d8 74 0e 00 00 00 00
source=3: pgn=GNSS Sats in View(129540): values=RangeResidualMode=("0") SatsinView=(116) PRN=(14) Elevation=(0.00 deg) Azimuth=(0.00 deg) SNR=(0.0 dB) Rangeresiduals=(0) Status=("0")

3  : pgn=129540 line=Tx 10332535 19 fa 04 03 89 f5 15 e8 37 ba 20 b8
source=3: pgn=GNSS Sats in View(129540): values=RangeResidualMode=("1") SatsinView=(21) PRN=(232) Elevation=(-102.36 deg) Azimuth=(270.07 deg) SNR=(0.0 dB) Rangeresiduals=(0) Status=("0")

3  : pgn=129540 line=Tx 10332535 19 fa 04 03 8a 0b 00 00 00 00 f5 16
source=3: pgn=GNSS Sats in View(129540): values=RangeResidualMode=(None) SatsinView=(0) PRN=(0) Elevation=(0.00 deg) Azimuth=(33.67 deg) SNR=(0.0 dB) Rangeresiduals=(0) Status=("0")

3  : pgn=129540 line=Tx 10332536 19 fa 04 03 8b 80 16 cf 9c 3c 0f 00
source=3: pgn=GNSS Sats in View(129540): values=RangeResidualMode=("0") SatsinView=(22) PRN=(207) Elevation=(88.90 deg) Azimuth=(0.09 deg) SNR=(0.0 dB) Rangeresiduals=(0) Status=("0")

32 : pgn=128259 line=Rx 10332537 09 f5 03 20 58 34 01 ff ff ff ff ff
source=32: pgn=Speed(128259): values=SpeedWaterReferenced=(3.08 m/s) SpeedGroundReferenced=(None) SpeedWaterReferencedType=(None) SpeedDirection=(None)

3  : pgn=129540 line=Tx 10332537 19 fa 04 03 8c 00 00 00 f5 1a ae 0f
source=3: pgn=GNSS Sats in View(129540): values=RangeResidualMode=("0") SatsinView=(0) PRN=(0) Elevation=(39.54 deg) Azimuth=(23.00 deg) SNR=(0.0 dB) Rangeresiduals=(0) Status=("0")

3  : pgn=129540 line=Tx 10332538 19 fa 04 03 8d 5d 1f ac 0d 00 00 00
source=3: pgn=GNSS Sats in View(129540): values=RangeResidualMode=("1") SatsinView=(31) PRN=(172) Elevation=(0.07 deg) Azimuth=(0.00 deg) SNR=(0.0 dB) Rangeresiduals=(0) Status=("0")

3  : pgn=129540 line=Tx 10332538 19 fa 04 03 8e 00 f5 1b d1 15 ab d2
source=3: pgn=GNSS Sats in View(129540): values=RangeResidualMode=("0") SatsinView=(245) PRN=(27) Elevation=(32.00 deg) Azimuth=(309.00 deg) SNR=(0.0 dB) Rangeresiduals=(0) Status=("0")

3  : pgn=129540 line=Tx 10332539 19 fa 04 03 8f d8 0e 00 00 00 00 f5
source=3: pgn=GNSS Sats in View(129540): values=RangeResidualMode=("0") SatsinView=(14) PRN=(0) Elevation=(0.00 deg) Azimuth=(359.36 deg) SNR=(0.0 dB) Rangeresiduals=(0) Status=("0")

3  : pgn=129540 line=Tx 10332540 19 fa 04 03 90 1d 00 0f a1 67 98 08
source=3: pgn=GNSS Sats in View(129540): values=RangeResidualMode=("1") SatsinView=(0) PRN=(15) Elevation=(152.00 deg) Azimuth=(12.61 deg) SNR=(0.0 dB) Rangeresiduals=(0) Status=("0")

3  : pgn=129540 line=Tx 10332541 19 fa 04 03 91 00 00 00 00 f5 23 d1
source=3: pgn=GNSS Sats in View(129540): values=RangeResidualMode=("0") SatsinView=(0) PRN=(0) Elevation=(-16.13 deg) Azimuth=(306.76 deg) SNR=(0.0 dB) Rangeresiduals=(0) Status=("0")

3  : pgn=129540 line=Tx 10332541 19 fa 04 03 92 15 c3 8b 00 00 00 00
source=3: pgn=GNSS Sats in View(129540): values=RangeResidualMode=("1") SatsinView=(195) PRN=(139) Elevation=(0.00 deg) Azimuth=(0.00 deg) SNR=(0.0 dB) Rangeresiduals=(0) Status=("0")

3  : pgn=129540 line=Tx 10332543 19 fa 04 03 93 00 00 f3 30 2e 17 43
source=3: pgn=GNSS Sats in View(129540): values=RangeResidualMode=("0") SatsinView=(0) PRN=(243) Elevation=(67.75 deg) Azimuth=(98.41 deg) SNR=(0.0 dB) Rangeresiduals=(0) Status=("0")

3  : pgn=129540 line=Tx 10332544 19 fa 04 03 94 84 1c 0c 00 00 00 00
source=3: pgn=GNSS Sats in View(129540): values=RangeResidualMode=("0") SatsinView=(28) PRN=(12) Elevation=(0.00 deg) Azimuth=(0.00 deg) SNR=(0.0 dB) Rangeresiduals=(0) Status=("0")

3  : pgn=129540 line=Tx 10332544 19 fa 04 03 95 f5 33 80 16 67 6c f0
source=3: pgn=GNSS Sats in View(129540): values=RangeResidualMode=("1") SatsinView=(51) PRN=(128) Elevation=(151.20 deg) Azimuth=(352.64 deg) SNR=(0.0 dB) Rangeresiduals=(0) Status=("0")

3  : pgn=129540 line=Tx 10332545 19 fa 04 03 96 0a 00 00 00 00 f5 ff
source=3: pgn=GNSS Sats in View(129540): values=RangeResidualMode=("0") SatsinView=(0) PRN=(0) Elevation=(0.00 deg) Azimuth=(375.43 deg) SNR=(0.0 dB) Rangeresiduals=(0) Status=("0")

3  : pgn=129025 line=Tx 10332546 09 f8 01 03 77 6a 6f 1c 37 a1 fd b6
source=3: pgn=Position, Rapid Update(129025): values=Latitude=(47.706379899999995 deg) Longitude=(-122.4892105 deg)

3  : pgn=127258 line=Tx 10332547 19 f1 1a 03 ff f6 12 39 fa 0a ff ff
source=3: pgn=Magnetic Variation(127258): values=Source=("6") Ageofservice=(14610 d) Variation=(16.10 deg)

1  : pgn=129038 line=Rx 10332574 11 f8 0e 01 60 1b c1 ec 10 e8 15 54
1  : pgn=129038 line=Rx 10332575 11 f8 0e 01 61 5f 0e b7 0d ec 67 1c
1  : pgn=129038 line=Rx 10332575 11 f8 0e 01 62 48 00 00 00 00 00 00
1  : pgn=129038 line=Rx 10332576 11 f8 0e 01 63 00 ff ff ff 7f f0 fe
0  : pgn=127250 line=Rx 10332584 09 f1 12 00 ff 29 43 ff 7f ff 7f fd
source=0: pgn=Vessel Heading(127250): values=Heading=(98.51 deg) Deviation=(None) Variation=(None) Reference=("1")

0  : pgn=127245 line=Rx 10332584 09 f1 0d 00 00 f8 ff 7f 00 00 ff ff
source=0: pgn=Rudder(127245): values=Instance=(0) DirectionOrder=("0") AngleOrder=(None) Position=(0.00 deg)

0  : pgn=65379  line=Rx 10332589 1c ff 63 00 3b 9f 00 00 00 00 01 ff
source=0: pgn=Seatalk: Pilot Mode(65379): values=ManufacturerCode=(1851) IndustryCode=(4) PilotMode=(0) SubMode=(0) PilotModeData=(0)

0  : pgn=65359  line=Rx 10332590 1c ff 4f 00 3b 9f ff ff ff 29 43 ff
source=0: pgn=Seatalk: Pilot Heading(65359): values=ManufacturerCode=(1851) IndustryCode=(4) HeadingTrue=(None) HeadingMagnetic=(98.51 deg)

0  : pgn=126975 line=Rx 10332591 1d ef ff 00 80 0d 3b 9f f0 81 84 56
0  : pgn=126975 line=Rx 10332593 1d ef ff 00 81 44 11 00 00 00 02 05
3  : pgn=129026 line=Tx 10332636 09 f8 02 03 ff fc 62 4a 49 01 ff ff
source=3: pgn=COG & SOG, Rapid Update(129026): values=COGReference=("0") COG=(109.10 deg) SOG=(3.29 m/s)

3  : pgn=129025 line=Tx 10332636 09 f8 01 03 77 6a 6f 1c 37 a1 fd b6
source=3: pgn=Position, Rapid Update(129025): values=Latitude=(47.706379899999995 deg) Longitude=(-122.4892105 deg)

32 : pgn=128259 line=Rx 10332636 09 f5 03 20 59 37 01 ff ff ff ff ff
source=32: pgn=Speed(128259): values=SpeedWaterReferenced=(3.11 m/s) SpeedGroundReferenced=(None) SpeedWaterReferencedType=(None) SpeedDirection=(None)

1  : pgn=129038 line=Rx 10332667 11 f8 0e 01 80 1b c1 da 4c dc 15 84
1  : pgn=129038 line=Rx 10332667 11 f8 0e 01 81 6e 08 b7 7c 73 5f 1c
1  : pgn=129038 line=Rx 10332668 11 f8 0e 01 82 4d 0e b4 98 03 00 00
1  : pgn=129038 line=Rx 10332668 11 f8 0e 01 83 00 ab b4 00 00 ff fe
0  : pgn=127250 line=Rx 10332682 09 f1 12 00 ff 35 43 ff 7f ff 7f fd
source=0: pgn=Vessel Heading(127250): values=Heading=(98.58 deg) Deviation=(None) Variation=(None) Reference=("1")

0  : pgn=127245 line=Rx 10332683 09 f1 0d 00 00 f8 ff 7f 00 00 ff ff
source=0: pgn=Rudder(127245): values=Instance=(0) DirectionOrder=("0") AngleOrder=(None) Position=(0.00 deg)

0  : pgn=65359  line=Rx 10332689 1c ff 4f 00 3b 9f ff ff ff 35 43 ff
source=0: pgn=Seatalk: Pilot Heading(65359): values=ManufacturerCode=(1851) IndustryCode=(4) HeadingTrue=(None) HeadingMagnetic=(98.58 deg)

0  : pgn=126975 line=Rx 10332692 1d ef ff 00 a0 09 3b 9f f0 81 ae 02
0  : pgn=126975 line=Rx 10332694 1d ef ff 00 a1 00 08 00 ff ff ff ff
1  : pgn=129038 line=Rx 10332699 11 f8 0e 01 a0 1b c1 be c9 df 15 b4
1  : pgn=129038 line=Rx 10332699 11 f8 0e 01 a1 f9 0f b7 47 06 68 1c
1  : pgn=129038 line=Rx 10332700 11 f8 0e 01 a2 4c 70 bf 00 00 00 00
1  : pgn=129038 line=Rx 10332701 11 f8 0e 01 a3 00 13 d6 00 00 f0 fe
32 : pgn=128259 line=Rx 10332736 09 f5 03 20 5a 3b 01 ff ff ff ff ff
source=32: pgn=Speed(128259): values=SpeedWaterReferenced=(3.15 m/s) SpeedGroundReferenced=(None) SpeedWaterReferencedType=(None) SpeedDirection=(None)

3  : pgn=129029 line=Tx 10332736 0d f8 05 03 40 2b 8b 06 40 78 35 12
3  : pgn=129029 line=Tx 10332736 0d f8 05 03 41 2c 00 8c cd d6 f5 de
3  : pgn=129029 line=Tx 10332736 0d f8 05 03 42 9e 06 00 b4 03 e0 42
3  : pgn=129029 line=Tx 10332736 0d f8 05 03 43 4f 00 ef ff ff ff ff
3  : pgn=129029 line=Tx 10332736 0d f8 05 03 44 ff ff ff 7f 23 fc 09
3  : pgn=129029 line=Tx 10332736 0d f8 05 03 45 55 00 ff 7f ff ff ff
3  : pgn=129029 line=Tx 10332736 0d f8 05 03 46 7f 00 ff ff ff ff ff
3  : pgn=129025 line=Tx 10332736 09 f8 01 03 4e 6a 6f 1c d2 a1 fd b6
source=3: pgn=Position, Rapid Update(129025): values=Latitude=(47.706375799999996 deg) Longitude=(-122.489195 deg)

3  : pgn=129033 line=Tx 10332736 0d f8 09 03 06 40 78 35 12 2c 5c fe
source=3: pgn=Time & Date(129033): values=Date=(16390 d) Time=(73939.084 s) LocalOffset=(-25200.0 s)

0  : pgn=127250 line=Rx 10332781 09 f1 12 00 ff 3b 43 ff 7f ff 7f fd
source=0: pgn=Vessel Heading(127250): values=Heading=(98.61 deg) Deviation=(None) Variation=(None) Reference=("1")

0  : pgn=127245 line=Rx 10332783 09 f1 0d 00 00 f8 ff 7f 00 00 ff ff
source=0: pgn=Rudder(127245): values=Instance=(0) DirectionOrder=("0") AngleOrder=(None) Position=(0.00 deg)

0  : pgn=65359  line=Rx 10332788 1c ff 4f 00 3b 9f ff ff ff 3b 43 ff
source=0: pgn=Seatalk: Pilot Heading(65359): values=ManufacturerCode=(1851) IndustryCode=(4) HeadingTrue=(None) HeadingMagnetic=(98.61 deg)

32 : pgn=128259 line=Rx 10332835 09 f5 03 20 5b 3e 01 ff ff ff ff ff
source=32: pgn=Speed(128259): values=SpeedWaterReferenced=(3.18 m/s) SpeedGroundReferenced=(None) SpeedWaterReferencedType=(None) SpeedDirection=(None)

3  : pgn=129026 line=Tx 10332837 09 f8 02 03 ff fc a7 4a 4a 01 ff ff
source=3: pgn=COG & SOG, Rapid Update(129026): values=COGReference=("0") COG=(109.50 deg) SOG=(3.3000000000000003 m/s)

3  : pgn=129025 line=Tx 10332837 09 f8 01 03 4e 6a 6f 1c d2 a1 fd b6
source=3: pgn=Position, Rapid Update(129025): values=Latitude=(47.706375799999996 deg) Longitude=(-122.489195 deg)

3  : pgn=126992 line=Tx 10332837 0d f0 10 03 ff ff 06 40 78 35 12 2c
source=3: pgn=System Time(126992): values=Source=(None) Date=(16390 d) Time=(73939.084 s)

0  : pgn=127250 line=Rx 10332881 09 f1 12 00 ff 4f 43 ff 7f ff 7f fd
source=0: pgn=Vessel Heading(127250): values=Heading=(98.73 deg) Deviation=(None) Variation=(None) Reference=("1")

0  : pgn=127245 line=Rx 10332882 09 f1 0d 00 00 f8 ff 7f 00 00 ff ff
source=0: pgn=Rudder(127245): values=Instance=(0) DirectionOrder=("0") AngleOrder=(None) Position=(0.00 deg)

0  : pgn=65359  line=Rx 10332889 1c ff 4f 00 3b 9f ff ff ff 4f 43 ff
source=0: pgn=Seatalk: Pilot Heading(65359): values=ManufacturerCode=(1851) IndustryCode=(4) HeadingTrue=(None) HeadingMagnetic=(98.73 deg)

32 : pgn=128259 line=Rx 10332935 09 f5 03 20 5c 4c 01 ff ff ff ff ff
source=32: pgn=Speed(128259): values=SpeedWaterReferenced=(3.3200000000000003 m/s) SpeedGroundReferenced=(None) SpeedWaterReferencedType=(None) SpeedDirection=(None)

3  : pgn=129025 line=Tx 10332937 09 f8 01 03 4e 6a 6f 1c d2 a1 fd b6
source=3: pgn=Position, Rapid Update(129025): values=Latitude=(47.706375799999996 deg) Longitude=(-122.489195 deg)

0  : pgn=127250 line=Rx 10332982 09 f1 12 00 ff 5e 43 ff 7f ff 7f fd
source=0: pgn=Vessel Heading(127250): values=Heading=(98.81 deg) Deviation=(None) Variation=(None) Reference=("1")

0  : pgn=127245 line=Rx 10332983 09 f1 0d 00 00 f8 ff 7f 00 00 ff ff
source=0: pgn=Rudder(127245): values=Instance=(0) DirectionOrder=("0") AngleOrder=(None) Position=(0.00 deg)

0  : pgn=65359  line=Rx 10332987 1c ff 4f 00 3b 9f ff ff ff 5e 43 ff
source=0: pgn=Seatalk: Pilot Heading(65359): values=ManufacturerCode=(1851) IndustryCode=(4) HeadingTrue=(None) HeadingMagnetic=(98.81 deg)

1  : pgn=129038 line=Rx 10333000 11 f8 0e 01 c0 1b c1 e0 d6 dd 15 f2
1  : pgn=129038 line=Rx 10333000 11 f8 0e 01 c1 b6 0d b7 2c ef 63 1c
1  : pgn=129038 line=Rx 10333001 11 f8 0e 01 c2 51 73 23 00 00 00 00
1  : pgn=129038 line=Rx 10333001 11 f8 0e 01 c3 00 12 f4 00 00 f0 fe
32 : pgn=128259 line=Rx 10333034 09 f5 03 20 5d 42 01 ff ff ff ff ff
source=32: pgn=Speed(128259): values=SpeedWaterReferenced=(3.22 m/s) SpeedGroundReferenced=(None) SpeedWaterReferencedType=(None) SpeedDirection=(None)

3  : pgn=129026 line=Tx 10333037 09 f8 02 03 ff fc b9 4a 49 01 ff ff
source=3: pgn=COG & SOG, Rapid Update(129026): values=COGReference=("0") COG=(109.60 deg) SOG=(3.29 m/s)

3  : pgn=129025 line=Tx 10333037 09 f8 01 03 3a 6a 6f 1c 20 a2 fd b6
source=3: pgn=Position, Rapid Update(129025): values=Latitude=(47.706373799999994 deg) Longitude=(-122.48918719999999 deg)

3  : pgn=129291 line=Tx 10333037 0d f9 0b 03 ff fc 1d 1f 22 00 ff ff
source=3: pgn=Set & Drift, Rapid Update(129291): values=SetReference=("0") Set=(45.64 deg) Drift=(0.34 m/s)

4  : pgn=126975 line=Rx 10333063 1d ef ff 04 40 07 3b 9f f0 81 90 00
4  : pgn=126975 line=Rx 10333064 1d ef ff 04 41 03 ff ff ff ff ff ff
0  : pgn=127250 line=Rx 10333081 09 f1 12 00 ff 6a 43 ff 7f ff 7f fd
source=0: pgn=Vessel Heading(127250): values=Heading=(98.88 deg) Deviation=(None) Variation=(None) Reference=("1")

0  : pgn=127245 line=Rx 10333082 09 f1 0d 00 00 f8 ff 7f 00 00 ff ff
source=0: pgn=Rudder(127245): values=Instance=(0) DirectionOrder=("0") AngleOrder=(None) Position=(0.00 deg)

0  : pgn=65359  line=Rx 10333089 1c ff 4f 00 3b 9f ff ff ff 6a 43 ff
source=0: pgn=Seatalk: Pilot Heading(65359): values=ManufacturerCode=(1851) IndustryCode=(4) HeadingTrue=(None) HeadingMagnetic=(98.88 deg)

0  : pgn=126975 line=Rx 10333091 1d ef ff 00 c0 08 3b 9f f0 81 9c 91
0  : pgn=126975 line=Rx 10333093 1d ef ff 00 c1 04 00 ff ff ff ff ff
32 : pgn=128259 line=Rx 10333136 09 f5 03 20 5e 3b 01 ff ff ff ff ff
source=32: pgn=Speed(128259): values=SpeedWaterReferenced=(3.15 m/s) SpeedGroundReferenced=(None) SpeedWaterReferencedType=(None) SpeedDirection=(None)

32 : pgn=130310 line=Rx 10333139 15 fd 06 20 d3 ff ff ff ff ff ff ff
source=32: pgn=Environmental Parameters (obsolete)(130310): values=WaterTemperature=(None) OutsideAmbientAirTemperature=(None) AtmosphericPressure=(None)

3  : pgn=129025 line=Tx 10333139 09 f8 01 03 3a 6a 6f 1c 20 a2 fd b6
source=3: pgn=Position, Rapid Update(129025): values=Latitude=(47.706373799999994 deg) Longitude=(-122.48918719999999 deg)

32 : pgn=128275 line=Rx 10333149 19 f5 13 20 a0 0e ff ff ff ff ff ff
1  : pgn=129041 line=Rx 10333151 11 f8 11 01 c0 30 55 75 89 3a 3b 6d
1  : pgn=129041 line=Rx 10333151 11 f8 11 01 c1 8b 0a b7 5b f8 47 1c
1  : pgn=129041 line=Rx 10333152 11 f8 11 01 c2 f4 00 00 00 00 00 00
1  : pgn=129041 line=Rx 10333152 11 f8 11 01 c3 ff ff 12 ee ff e0 16
1  : pgn=129041 line=Rx 10333153 11 f8 11 01 c4 01 50 53 20 54 53 4c
1  : pgn=129041 line=Rx 10333154 11 f8 11 01 c5 20 4c 42 20 54 41 20
1  : pgn=129041 line=Rx 10333154 11 f8 11 01 c6 20 20 20 20 20 20 20
32 : pgn=128275 line=Rx 10333156 19 f5 13 20 a1 fc ad 3c 00 fc ad 3c
32 : pgn=128275 line=Rx 10333159 19 f5 13 20 a2 00 ff ff ff ff ff ff
0  : pgn=127250 line=Rx 10333182 09 f1 12 00 ff 78 43 ff 7f ff 7f fd
source=0: pgn=Vessel Heading(127250): values=Heading=(98.96 deg) Deviation=(None) Variation=(None) Reference=("1")

1  : pgn=59936  line=Rx 10333182 18 ea 20 01 00 ee 00 00 00 00 00 00
0  : pgn=127245 line=Rx 10333182 09 f1 0d 00 00 f8 ff 7f 00 00 ff ff
source=0: pgn=Rudder(127245): values=Instance=(0) DirectionOrder=("0") AngleOrder=(None) Position=(0.00 deg)

0  : pgn=65359  line=Rx 10333187 1c ff 4f 00 3b 9f ff ff ff 78 43 ff
source=0: pgn=Seatalk: Pilot Heading(65359): values=ManufacturerCode=(1851) IndustryCode=(4) HeadingTrue=(None) HeadingMagnetic=(98.96 deg)

32 : pgn=128259 line=Rx 10333233 09 f5 03 20 5f 3a 01 ff ff ff ff ff
3  : pgn=129026 line=Tx 10333239 09 f8 02 03 ff fc dc 4a 48 01 ff ff
source=3: pgn=COG & SOG, Rapid Update(129026): values=COGReference=("0") COG=(109.80 deg) SOG=(3.2800000000000002 m/s)

3  : pgn=130577 line=Tx 10333239 0d fe 11 03 60 0e c0 8c dc 4a 48 01
3  : pgn=130577 line=Tx 10333239 0d fe 11 03 61 ff ff ff ff 1d 1f 22
3  : pgn=130577 line=Tx 10333239 0d fe 11 03 62 00 ff ff ff ff ff ff
3  : pgn=129025 line=Tx 10333239 09 f8 01 03 24 6a 6f 1c 6f a2 fd b6
3  : pgn=130306 line=Tx 10333239 09 fd 02 03 ff 23 03 2b cb fa ff ff
source=3: pgn=Wind Data(130306): values=WindSpeed=(8.03 m/s) WindAngle=(298.00 deg) Reference=("2")

0  : pgn=127250 line=Rx 10333281 09 f1 12 00 ff 7e 43 ff 7f ff 7f fd
source=0: pgn=Vessel Heading(127250): values=Heading=(99.00 deg) Deviation=(None) Variation=(None) Reference=("1")

0  : pgn=127245 line=Rx 10333282 09 f1 0d 00 00 f8 ff 7f 00 00 ff ff
source=0: pgn=Rudder(127245): values=Instance=(0) DirectionOrder=("0") AngleOrder=(None) Position=(0.00 deg)

0  : pgn=65359  line=Rx 10333290 1c ff 4f 00 3b 9f ff ff ff 7e 43 ff
source=0: pgn=Seatalk: Pilot Heading(65359): values=ManufacturerCode=(1851) IndustryCode=(4) HeadingTrue=(None) HeadingMagnetic=(99.00 deg)

1  : pgn=129038 line=Rx 10333303 11 f8 0e 01 e0 1b c1 1a 90 db 15 f9
1  : pgn=129038 line=Rx 10333303 11 f8 0e 01 e1 da fc b6 fc ec 7c 1c
1  : pgn=129038 line=Rx 10333304 11 f8 0e 01 e2 4c bc c0 00 00 00 00
1  : pgn=129038 line=Rx 10333304 11 f8 0e 01 e3 00 c2 c7 00 00 f0 fe
32 : pgn=128259 line=Rx 10333333 09 f5 03 20 60 35 01 ff ff ff ff ff
source=32: pgn=Speed(128259): values=SpeedWaterReferenced=(3.09 m/s) SpeedGroundReferenced=(None) SpeedWaterReferencedType=(None) SpeedDirection=(None)

3  : pgn=129283 line=Tx 10333340 0d f9 03 03 ff 7f ff ff ff 7f ff ff
source=3: pgn=Cross Track Error(129283): values=XTEmode=(None) NavigationTerminated=("1") XTE=(None)

3  : pgn=129025 line=Tx 10333340 09 f8 01 03 24 6a 6f 1c 6f a2 fd b6
source=3: pgn=Position, Rapid Update(129025): values=Latitude=(47.7063716 deg) Longitude=(-122.48917929999999 deg)

3  : pgn=128267 line=Tx 10333340 0d f5 0b 03 ff 7c 3d 00 00 00 00 ff
source=3: pgn=Water Depth(128267): values=Depth=(157.4 m) Offset=(0.0 m) Range=(None)

0  : pgn=127250 line=Rx 10333381 09 f1 12 00 ff 86 43 ff 7f ff 7f fd
source=0: pgn=Vessel Heading(127250): values=Heading=(99.04 deg) Deviation=(None) Variation=(None) Reference=("1")

0  : pgn=127245 line=Rx 10333382 09 f1 0d 00 00 f8 ff 7f 00 00 ff ff
source=0: pgn=Rudder(127245): values=Instance=(0) DirectionOrder=("0") AngleOrder=(None) Position=(0.00 deg)

0  : pgn=65359  line=Rx 10333387 1c ff 4f 00 3b 9f ff ff ff 86 43 ff
source=0: pgn=Seatalk: Pilot Heading(65359): values=ManufacturerCode=(1851) IndustryCode=(4) HeadingTrue=(None) HeadingMagnetic=(99.04 deg)

4  : pgn=65384  line=Rx 10333404 1c ff 68 04 3b 9f 00 00 00 00 00 00
32 : pgn=128259 line=Rx 10333432 09 f5 03 20 61 34 01 ff ff ff ff ff
source=32: pgn=Speed(128259): values=SpeedWaterReferenced=(3.08 m/s) SpeedGroundReferenced=(None) SpeedWaterReferencedType=(None) SpeedDirection=(None)

3  : pgn=129026 line=Tx 10333440 09 f8 02 03 ff fc dc 4a 48 01 ff ff
source=3: pgn=COG & SOG, Rapid Update(129026): values=COGReference=("0") COG=(109.80 deg) SOG=(3.2800000000000002 m/s)

3  : pgn=129025 line=Tx 10333440 09 f8 01 03 24 6a 6f 1c 6f a2 fd b6
source=3: pgn=Position, Rapid Update(129025): values=Latitude=(47.7063716 deg) Longitude=(-122.48917929999999 deg)

3  : pgn=129542 line=Tx 10333440 19 fa 06 03 60 0f 8c 0b 01 00 00 00
3  : pgn=129542 line=Tx 10333440 19 fa 06 03 61 00 00 00 00 00 00 00
3  : pgn=129542 line=Tx 10333440 19 fa 06 03 62 00 00 ff ff ff ff ff
3  : pgn=65364  line=Tx 10333440 1c ff 54 03 3b 9f 23 03 2b cb ff ff
0  : pgn=127250 line=Rx 10333481 09 f1 12 00 ff 7b 43 ff 7f ff 7f fd
source=0: pgn=Vessel Heading(127250): values=Heading=(98.98 deg) Deviation=(None) Variation=(None) Reference=("1")

0  : pgn=127245 line=Rx 10333482 09 f1 0d 00 00 f8 ff 7f 00 00 ff ff
source=0: pgn=Rudder(127245): values=Instance=(0) DirectionOrder=("0") AngleOrder=(None) Position=(0.00 deg)

1  : pgn=129038 line=Rx 10333484 11 f8 0e 01 00 1b c1 58 92 12 12 6b
source=1: pgn=AIS Class A Position Report(129038): values=MessageID=(0) RepeatIndicator=("0") UserID=(2455290139) Longitude=(0.0 deg) Latitude=(0.0 deg) PositionAccuracy=("0") RAIM=("0") TimeStamp=("0") COG=(0.00 deg) SOG=(0.0 m/s) CommunicationState=(0) AISTransceiverinformation=("0") Heading=(0.00 deg) RateofTurn=(0.00 deg/s) NavStatus=("0") SpecialManeuverIndicator=("0") Spare=(0) SequenceID=(0)

1  : pgn=129038 line=Rx 10333484 11 f8 0e 01 01 42 0e b7 b6 44 68 1c
source=1: pgn=AIS Class A Position Report(129038): values=MessageID=(1) RepeatIndicator=("0") UserID=(3065450050) Longitude=(0.0 deg) Latitude=(0.0 deg) PositionAccuracy=("0") RAIM=("0") TimeStamp=("0") COG=(0.00 deg) SOG=(0.0 m/s) CommunicationState=(0) AISTransceiverinformation=("0") Heading=(0.00 deg) RateofTurn=(0.00 deg/s) NavStatus=("0") SpecialManeuverIndicator=("0") Spare=(0) SequenceID=(0)

1  : pgn=129038 line=Rx 10333485 11 f8 0e 01 02 48 8b 18 00 00 00 00
source=1: pgn=AIS Class A Position Report(129038): values=MessageID=(2) RepeatIndicator=("0") UserID=(1608520) Longitude=(0.0 deg) Latitude=(0.0 deg) PositionAccuracy=("0") RAIM=("0") TimeStamp=("0") COG=(0.00 deg) SOG=(0.0 m/s) CommunicationState=(0) AISTransceiverinformation=("0") Heading=(0.00 deg) RateofTurn=(0.00 deg/s) NavStatus=("0") SpecialManeuverIndicator=("0") Spare=(0) SequenceID=(0)

1  : pgn=129038 line=Rx 10333485 11 f8 0e 01 03 00 ff ff ff 7f f0 fe
source=1: pgn=AIS Class A Position Report(129038): values=MessageID=(3) RepeatIndicator=("0") UserID=(4294967040) Longitude=(0.0 deg) Latitude=(0.0 deg) PositionAccuracy=("0") RAIM=("0") TimeStamp=("0") COG=(0.00 deg) SOG=(0.0 m/s) CommunicationState=(0) AISTransceiverinformation=("0") Heading=(0.00 deg) RateofTurn=(0.00 deg/s) NavStatus=("0") SpecialManeuverIndicator=("0") Spare=(0) SequenceID=(0)

0  : pgn=65359  line=Rx 10333491 1c ff 4f 00 3b 9f ff ff ff 7b 43 ff
source=0: pgn=Seatalk: Pilot Heading(65359): values=ManufacturerCode=(1851) IndustryCode=(4) HeadingTrue=(None) HeadingMagnetic=(98.98 deg)

32 : pgn=128259 line=Rx 10333532 09 f5 03 20 62 40 01 ff ff ff ff ff
source=32: pgn=Speed(128259): values=SpeedWaterReferenced=(3.2 m/s) SpeedGroundReferenced=(None) SpeedWaterReferencedType=(None) SpeedDirection=(None)

3  : pgn=129540 line=Tx 10333540 19 fa 04 03 a0 9f ae ff 0d 03 97 1a
source=3: pgn=GNSS Sats in View(129540): values=RangeResidualMode=(None) SatsinView=(174) PRN=(None) Elevation=(4.47 deg) Azimuth=(39.00 deg) SNR=(0.0 dB) Rangeresiduals=(0) Status=("0")

3  : pgn=129540 line=Tx 10333540 19 fa 04 03 a1 2e 26 00 00 00 00 00
source=3: pgn=GNSS Sats in View(129540): values=RangeResidualMode=("0") SatsinView=(38) PRN=(0) Elevation=(0.00 deg) Azimuth=(0.00 deg) SNR=(0.0 dB) Rangeresiduals=(0) Status=("0")

3  : pgn=129540 line=Tx 10333540 19 fa 04 03 a2 00 f3 0f ff 1d ad 3c
source=3: pgn=GNSS Sats in View(129540): values=RangeResidualMode=("0") SatsinView=(243) PRN=(15) Elevation=(44.00 deg) Azimuth=(89.00 deg) SNR=(0.0 dB) Rangeresiduals=(0) Status=("0")

3  : pgn=129540 line=Tx 10333540 19 fa 04 03 a3 74 0e 00 00 00 00 f5
source=3: pgn=GNSS Sats in View(129540): values=RangeResidualMode=("0") SatsinView=(14) PRN=(0) Elevation=(0.00 deg) Azimuth=(359.36 deg) SNR=(0.0 dB) Rangeresiduals=(0) Status=("0")

3  : pgn=129540 line=Tx 10333540 19 fa 04 03 a4 10 17 13 71 b9 10 0e
source=3: pgn=GNSS Sats in View(129540): values=RangeResidualMode=("0") SatsinView=(23) PRN=(19) Elevation=(-103.49 deg) Azimuth=(20.63 deg) SNR=(0.0 dB) Rangeresiduals=(0) Status=("0")

3  : pgn=129540 line=Tx 10333540 19 fa 04 03 a5 00 00 00 00 f5 12 c5
source=3: pgn=GNSS Sats in View(129540): values=RangeResidualMode=("0") SatsinView=(0) PRN=(0) Elevation=(-16.13 deg) Azimuth=(289.06 deg) SNR=(0.0 dB) Rangeresiduals=(0) Status=("0")

3  : pgn=129540 line=Tx 10333540 19 fa 04 03 a6 31 f2 93 d8 0e 00 00
source=3: pgn=GNSS Sats in View(129540): values=RangeResidualMode=("1") SatsinView=(242) PRN=(147) Elevation=(21.77 deg) Azimuth=(0.00 deg) SNR=(0.0 dB) Rangeresiduals=(0) Status=("0")

3  : pgn=129540 line=Tx 10333540 19 fa 04 03 a7 00 00 f5 13 69 03 1f
source=3: pgn=GNSS Sats in View(129540): values=RangeResidualMode=("0") SatsinView=(0) PRN=(245) Elevation=(154.12 deg) Azimuth=(45.49 deg) SNR=(0.0 dB) Rangeresiduals=(0) Status=("0")

3  : pgn=129540 line=Tx 10333540 19 fa 04 03 a8 d8 74 0e 00 00 00 00
source=3: pgn=GNSS Sats in View(129540): values=RangeResidualMode=("0") SatsinView=(116) PRN=(14) Elevation=(0.00 deg) Azimuth=(0.00 deg) SNR=(0.0 dB) Rangeresiduals=(0) Status=("0")

3  : pgn=129540 line=Tx 10333540 19 fa 04 03 a9 f5 15 e8 37 ba 20 b8
source=3: pgn=GNSS Sats in View(129540): values=RangeResidualMode=("1") SatsinView=(21) PRN=(232) Elevation=(-102.36 deg) Azimuth=(270.07 deg) SNR=(0.0 dB) Rangeresiduals=(0) Status=("0")

3  : pgn=129540 line=Tx 10333540 19 fa 04 03 aa 0b 00 00 00 00 f5 16
source=3: pgn=GNSS Sats in View(129540): values=RangeResidualMode=(None) SatsinView=(0) PRN=(0) Elevation=(0.00 deg) Azimuth=(33.67 deg) SNR=(0.0 dB) Rangeresiduals=(0) Status=("0")

3  : pgn=129540 line=Tx 10333541 19 fa 04 03 ab 80 16 cf 9c 3c 0f 00
source=3: pgn=GNSS Sats in View(129540): values=RangeResidualMode=("0") SatsinView=(22) PRN=(207) Elevation=(88.90 deg) Azimuth=(0.09 deg) SNR=(0.0 dB) Rangeresiduals=(0) Status=("0")

3  : pgn=129540 line=Tx 10333543 19 fa 04 03 ac 00 00 00 f5 1a ae 0f
source=3: pgn=GNSS Sats in View(129540): values=RangeResidualMode=("0") SatsinView=(0) PRN=(0) Elevation=(39.54 deg) Azimuth=(23.00 deg) SNR=(0.0 dB) Rangeresiduals=(0) Status=("0")

3  : pgn=129540 line=Tx 10333543 19 fa 04 03 ad 5d 1f ac 0d 00 00 00
source=3: pgn=GNSS Sats in View(129540): values=RangeResidualMode=("1") SatsinView=(31) PRN=(172) Elevation=(0.07 deg) Azimuth=(0.00 deg) SNR=(0.0 dB) Rangeresiduals=(0) Status=("0")

3  : pgn=129540 line=Tx 10333544 19 fa 04 03 ae 00 f5 1b d1 15 ab d2
source=3: pgn=GNSS Sats in View(129540): values=RangeResidualMode=("0") SatsinView=(245) PRN=(27) Elevation=(32.00 deg) Azimuth=(309.00 deg) SNR=(0.0 dB) Rangeresiduals=(0) Status=("0")

3  : pgn=129540 line=Tx 10333545 19 fa 04 03 af d8 0e 00 00 00 00 f5
source=3: pgn=GNSS Sats in View(129540): values=RangeResidualMode=("0") SatsinView=(14) PRN=(0) Elevation=(0.00 deg) Azimuth=(359.36 deg) SNR=(0.0 dB) Rangeresiduals=(0) Status=("0")

3  : pgn=129540 line=Tx 10333545 19 fa 04 03 b0 1d 00 0f a1 67 98 08
source=3: pgn=GNSS Sats in View(129540): values=RangeResidualMode=("1") SatsinView=(0) PRN=(15) Elevation=(152.00 deg) Azimuth=(12.61 deg) SNR=(0.0 dB) Rangeresiduals=(0) Status=("0")

3  : pgn=129540 line=Tx 10333546 19 fa 04 03 b1 00 00 00 00 f5 23 d1
source=3: pgn=GNSS Sats in View(129540): values=RangeResidualMode=("0") SatsinView=(0) PRN=(0) Elevation=(-16.13 deg) Azimuth=(306.76 deg) SNR=(0.0 dB) Rangeresiduals=(0) Status=("0")

3  : pgn=129540 line=Tx 10333547 19 fa 04 03 b2 15 c3 8b 00 00 00 00
source=3: pgn=GNSS Sats in View(129540): values=RangeResidualMode=("1") SatsinView=(195) PRN=(139) Elevation=(0.00 deg) Azimuth=(0.00 deg) SNR=(0.0 dB) Rangeresiduals=(0) Status=("0")

3  : pgn=129540 line=Tx 10333547 19 fa 04 03 b3 00 00 f3 30 2e 17 43
source=3: pgn=GNSS Sats in View(129540): values=RangeResidualMode=("0") SatsinView=(0) PRN=(243) Elevation=(67.75 deg) Azimuth=(98.41 deg) SNR=(0.0 dB) Rangeresiduals=(0) Status=("0")

3  : pgn=129540 line=Tx 10333548 19 fa 04 03 b4 84 1c 0c 00 00 00 00
source=3: pgn=GNSS Sats in View(129540): values=RangeResidualMode=("0") SatsinView=(28) PRN=(12) Elevation=(0.00 deg) Azimuth=(0.00 deg) SNR=(0.0 dB) Rangeresiduals=(0) Status=("0")

3  : pgn=129540 line=Tx 10333550 19 fa 04 03 b5 f5 33 80 16 67 6c f0
source=3: pgn=GNSS Sats in View(129540): values=RangeResidualMode=("1") SatsinView=(51) PRN=(128) Elevation=(151.20 deg) Azimuth=(352.64 deg) SNR=(0.0 dB) Rangeresiduals=(0) Status=("0")

3  : pgn=129540 line=Tx 10333551 19 fa 04 03 b6 0a 00 00 00 00 f5 ff
source=3: pgn=GNSS Sats in View(129540): values=RangeResidualMode=("0") SatsinView=(0) PRN=(0) Elevation=(0.00 deg) Azimuth=(375.43 deg) SNR=(0.0 dB) Rangeresiduals=(0) Status=("0")

3  : pgn=129025 line=Tx 10333551 09 f8 01 03 fb 69 6f 1c 05 a3 fd b6
source=3: pgn=Position, Rapid Update(129025): values=Latitude=(47.7063675 deg) Longitude=(-122.4891643 deg)

3  : pgn=127258 line=Tx 10333552 19 f1 1a 03 ff f6 12 39 fa 0a ff ff
source=3: pgn=Magnetic Variation(127258): values=Source=("6") Ageofservice=(14610 d) Variation=(16.10 deg)

0  : pgn=127250 line=Rx 10333581 09 f1 12 00 ff 6d 43 ff 7f ff 7f fd
source=0: pgn=Vessel Heading(127250): values=Heading=(98.90 deg) Deviation=(None) Variation=(None) Reference=("1")

0  : pgn=127245 line=Rx 10333582 09 f1 0d 00 00 f8 ff 7f 00 00 ff ff
source=0: pgn=Rudder(127245): values=Instance=(0) DirectionOrder=("0") AngleOrder=(None) Position=(0.00 deg)

0  : pgn=65379  line=Rx 10333586 1c ff 63 00 3b 9f 00 00 00 00 01 ff
source=0: pgn=Seatalk: Pilot Mode(65379): values=ManufacturerCode=(1851) IndustryCode=(4) PilotMode=(0) SubMode=(0) PilotModeData=(0)

0  : pgn=65359  line=Rx 10333587 1c ff 4f 00 3b 9f ff ff ff 6d 43 ff
source=0: pgn=Seatalk: Pilot Heading(65359): values=ManufacturerCode=(1851) IndustryCode=(4) HeadingTrue=(None) HeadingMagnetic=(98.90 deg)

0  : pgn=126975 line=Rx 10333591 1d ef ff 00 e0 0d 3b 9f f0 81 84 96
0  : pgn=126975 line=Rx 10333593 1d ef ff 00 e1 44 12 00 00 00 02 05
1  : pgn=129038 line=Rx 10333607 11 f8 0e 01 20 1b c1 38 45 e0 15 04
1  : pgn=129038 line=Rx 10333608 11 f8 0e 01 21 bc 0f b7 c1 f2 67 1c
1  : pgn=129038 line=Rx 10333608 11 f8 0e 01 22 4c e8 0d 00 00 00 00
1  : pgn=129038 line=Rx 10333609 11 f8 0e 01 23 00 ff ff ff 7f f0 fe
32 : pgn=128259 line=Rx 10333632 09 f5 03 20 63 38 01 ff ff ff ff ff
source=32: pgn=Speed(128259): values=SpeedWaterReferenced=(3.12 m/s) SpeedGroundReferenced=(None) SpeedWaterReferencedType=(None) SpeedDirection=(None)

3  : pgn=129026 line=Tx 10333640 09 f8 02 03 ff fc ff 4a 47 01 ff ff
source=3: pgn=COG & SOG, Rapid Update(129026): values=COGReference=("0") COG=(110.00 deg) SOG=(3.27 m/s)

3  : pgn=129025 line=Tx 10333641 09 f8 01 03 fb 69 6f 1c 05 a3 fd b6
source=3: pgn=Position, Rapid Update(129025): values=Latitude=(47.7063675 deg) Longitude=(-122.4891643 deg)

0  : pgn=127250 line=Rx 10333681 09 f1 12 00 ff 44 43 ff 7f ff 7f fd
source=0: pgn=Vessel Heading(127250): values=Heading=(98.66 deg) Deviation=(None) Variation=(None) Reference=("1")

0  : pgn=127245 line=Rx 10333682 09 f1 0d 00 00 f8 ff 7f 00 00 ff ff
source=0: pgn=Rudder(127245): values=Instance=(0) DirectionOrder=("0") AngleOrder=(None) Position=(0.00 deg)

0  : pgn=65359  line=Rx 10333688 1c ff 4f 00 3b 9f ff ff ff 44 43 ff
source=0: pgn=Seatalk: Pilot Heading(65359): values=ManufacturerCode=(1851) IndustryCode=(4) HeadingTrue=(None) HeadingMagnetic=(98.66 deg)

0  : pgn=126975 line=Rx 10333691 1d ef ff 00 00 09 3b 9f f0 81 ae 02
0  : pgn=126975 line=Rx 10333694 1d ef ff 00 01 00 08 00 ff ff ff ff
32 : pgn=128259 line=Rx 10333731 09 f5 03 20 64 3a 01 ff ff ff ff ff
source=32: pgn=Speed(128259): values=SpeedWaterReferenced=(3.14 m/s) SpeedGroundReferenced=(None) SpeedWaterReferencedType=(None) SpeedDirection=(None)

3  : pgn=129029 line=Tx 10333741 0d f8 05 03 60 2b 8c 06 40 40 59 12
3  : pgn=129029 line=Tx 10333741 0d f8 05 03 61 2c 00 0e 9e 83 e2 de
3  : pgn=129029 line=Tx 10333741 0d f8 05 03 62 9e 06 00 f2 a3 5a 8a
3  : pgn=129029 line=Tx 10333741 0d f8 05 03 63 4f 00 ef ff ff ff ff
3  : pgn=129029 line=Tx 10333741 0d f8 05 03 64 ff ff ff 7f 23 fc 09
3  : pgn=129029 line=Tx 10333741 0d f8 05 03 65 55 00 ff 7f ff ff ff
3  : pgn=129029 line=Tx 10333741 0d f8 05 03 66 7f 00 ff ff ff ff ff
3  : pgn=129025 line=Tx 10333741 09 f8 01 03 fb 69 6f 1c 05 a3 fd b6
source=3: pgn=Position, Rapid Update(129025): values=Latitude=(47.7063675 deg) Longitude=(-122.4891643 deg)

3  : pgn=129033 line=Tx 10333741 0d f8 09 03 06 40 40 59 12 2c 5c fe
source=3: pgn=Time & Date(129033): values=Date=(16390 d) Time=(73940.0 s) LocalOffset=(-25200.0 s)

1  : pgn=129038 line=Rx 10333760 11 f8 0e 01 40 1b c1 0e 29 e0 15 49
1  : pgn=129038 line=Rx 10333760 11 f8 0e 01 41 bf 0c b7 07 61 69 1c
1  : pgn=129038 line=Rx 10333761 11 f8 0e 01 42 40 95 74 00 00 01 00
1  : pgn=129038 line=Rx 10333762 11 f8 0e 01 43 08 ff ff ff 7f f0 fe
0  : pgn=127250 line=Rx 10333782 09 f1 12 00 ff 32 43 ff 7f ff 7f fd
source=0: pgn=Vessel Heading(127250): values=Heading=(98.56 deg) Deviation=(None) Variation=(None) Reference=("1")

0  : pgn=127245 line=Rx 10333783 09 f1 0d 00 00 f8 ff 7f 00 00 ff ff
source=0: pgn=Rudder(127245): values=Instance=(0) DirectionOrder=("0") AngleOrder=(None) Position=(0.00 deg)

0  : pgn=65359  line=Rx 10333789 1c ff 4f 00 3b 9f ff ff ff 32 43 ff
source=0: pgn=Seatalk: Pilot Heading(65359): values=ManufacturerCode=(1851) IndustryCode=(4) HeadingTrue=(None) HeadingMagnetic=(98.56 deg)

1  : pgn=129038 line=Rx 10333792 11 f8 0e 01 60 1b c1 d0 57 e0 15 15
1  : pgn=129038 line=Rx 10333792 11 f8 0e 01 61 75 0e b7 bf b7 67 1c
1  : pgn=129038 line=Rx 10333793 11 f8 0e 01 62 4c d7 0d 00 00 00 00
1  : pgn=129038 line=Rx 10333793 11 f8 0e 01 63 00 ff ff ff 7f f0 fe
32 : pgn=128259 line=Rx 10333831 09 f5 03 20 65 4c 01 ff ff ff ff ff
source=32: pgn=Speed(128259): values=SpeedWaterReferenced=(3.3200000000000003 m/s) SpeedGroundReferenced=(None) SpeedWaterReferencedType=(None) SpeedDirection=(None)

3  : pgn=129026 line=Tx 10333841 09 f8 02 03 ff fc 33 4b 46 01 ff ff
source=3: pgn=COG & SOG, Rapid Update(129026): values=COGReference=("0") COG=(110.30 deg) SOG=(3.2600000000000002 m/s)

3  : pgn=129025 line=Tx 10333841 09 f8 01 03 e0 69 6f 1c 51 a3 fd b6
source=3: pgn=Position, Rapid Update(129025): values=Latitude=(47.706364799999996 deg) Longitude=(-122.4891567 deg)

3  : pgn=126992 line=Tx 10333841 0d f0 10 03 ff ff 06 40 04 63 12 2c
source=3: pgn=System Time(126992): values=Source=(None) Date=(16390 d) Time=(73940.25 s)

0  : pgn=127250 line=Rx 10333881 09 f1 12 00 ff f4 42 ff 7f ff 7f fd
source=0: pgn=Vessel Heading(127250): values=Heading=(98.20 deg) Deviation=(None) Variation=(None) Reference=("1")

0  : pgn=127245 line=Rx 10333882 09 f1 0d 00 00 f8 ff 7f 00 00 ff ff
source=0: pgn=Rudder(127245): values=Instance=(0) DirectionOrder=("0") AngleOrder=(None) Position=(0.00 deg)

0  : pgn=65359  line=Rx 10333889 1c ff 4f 00 3b 9f ff ff ff f4 42 ff
source=0: pgn=Seatalk: Pilot Heading(65359): values=ManufacturerCode=(1851) IndustryCode=(4) HeadingTrue=(None) HeadingMagnetic=(98.20 deg)

32 : pgn=128259 line=Rx 10333930 09 f5 03 20 66 38 01 ff ff ff ff ff
source=32: pgn=Speed(128259): values=SpeedWaterReferenced=(3.12 m/s) SpeedGroundReferenced=(None) SpeedWaterReferencedType=(None) SpeedDirection=(None)

3  : pgn=129025 line=Tx 10333941 09 f8 01 03 e0 69 6f 1c 51 a3 fd b6
source=3: pgn=Position, Rapid Update(129025): values=Latitude=(47.706364799999996 deg) Longitude=(-122.4891567 deg)

0  : pgn=127250 line=Rx 10333981 09 f1 12 00 ff b7 42 ff 7f ff 7f fd
source=0: pgn=Vessel Heading(127250): values=Heading=(97.86 deg) Deviation=(None) Variation=(None) Reference=("1")

0  : pgn=127245 line=Rx 10333982 09 f1 0d 00 00 f8 ff 7f 00 00 ff ff
source=0: pgn=Rudder(127245): values=Instance=(0) DirectionOrder=("0") AngleOrder=(None) Position=(0.00 deg)

0  : pgn=65359  line=Rx 10333986 1c ff 4f 00 3b 9f ff ff ff b7 42 ff
source=0: pgn=Seatalk: Pilot Heading(65359): values=ManufacturerCode=(1851) IndustryCode=(4) HeadingTrue=(None) HeadingMagnetic=(97.86 deg)

32 : pgn=128259 line=Rx 10334030 09 f5 03 20 67 3b 01 ff ff ff ff ff
source=32: pgn=Speed(128259): values=SpeedWaterReferenced=(3.15 m/s) SpeedGroundReferenced=(None) SpeedWaterReferencedType=(None) SpeedDirection=(None)

3  : pgn=129026 line=Tx 10334041 09 f8 02 03 ff fc 33 4b 46 01 ff ff
source=3: pgn=COG & SOG, Rapid Update(129026): values=COGReference=("0") COG=(110.30 deg) SOG=(3.2600000000000002 m/s)

3  : pgn=129025 line=Tx 10334041 09 f8 01 03 cd 69 6f 1c a2 a3 fd b6
source=3: pgn=Position, Rapid Update(129025): values=Latitude=(47.706362899999995 deg) Longitude=(-122.4891486 deg)

3  : pgn=129291 line=Tx 10334041 0d f9 0b 03 ff fc af 25 23 00 ff ff
source=3: pgn=Set & Drift, Rapid Update(129291): values=SetReference=("0") Set=(55.27 deg) Drift=(0.35000000000000003 m/s)

0  : pgn=127250 line=Rx 10334081 09 f1 12 00 ff 98 42 ff 7f ff 7f fd
source=0: pgn=Vessel Heading(127250): values=Heading=(97.68 deg) Deviation=(None) Variation=(None) Reference=("1")

0  : pgn=127245 line=Rx 10334082 09 f1 0d 00 00 f8 ff 7f 00 00 ff ff
source=0: pgn=Rudder(127245): values=Instance=(0) DirectionOrder=("0") AngleOrder=(None) Position=(0.00 deg)

0  : pgn=65359  line=Rx 10334089 1c ff 4f 00 3b 9f ff ff ff 98 42 ff
source=0: pgn=Seatalk: Pilot Heading(65359): values=ManufacturerCode=(1851) IndustryCode=(4) HeadingTrue=(None) HeadingMagnetic=(97.68 deg)

0  : pgn=126975 line=Rx 10334097 1d ef ff 00 20 08 3b 9f f0 81 9c d1
0  : pgn=126975 line=Rx 10334099 1d ef ff 00 21 03 00 ff ff ff ff ff
1  : pgn=129038 line=Rx 10334123 11 f8 0e 01 80 1b c1 a8 e4 f8 15 6f
1  : pgn=129038 line=Rx 10334123 11 f8 0e 01 81 31 10 b7 94 e7 67 1c
1  : pgn=129038 line=Rx 10334124 11 f8 0e 01 82 4c 8b 0f 00 00 00 00
1  : pgn=129038 line=Rx 10334125 11 f8 0e 01 83 00 ff ff ff 7f f0 fe
32 : pgn=128259 line=Rx 10334131 09 f5 03 20 68 3e 01 ff ff ff ff ff
source=32: pgn=Speed(128259): values=SpeedWaterReferenced=(3.18 m/s) SpeedGroundReferenced=(None) SpeedWaterReferencedType=(None) SpeedDirection=(None)

32 : pgn=130310 line=Rx 10334134 15 fd 06 20 d4 ff ff ff ff ff ff ff
source=32: pgn=Environmental Parameters (obsolete)(130310): values=WaterTemperature=(None) OutsideAmbientAirTemperature=(None) AtmosphericPressure=(None)

3  : pgn=129025 line=Tx 10334143 09 f8 01 03 cd 69 6f 1c a2 a3 fd b6
source=3: pgn=Position, Rapid Update(129025): values=Latitude=(47.706362899999995 deg) Longitude=(-122.4891486 deg)

32 : pgn=128275 line=Rx 10334144 19 f5 13 20 c0 0e ff ff ff ff ff ff
32 : pgn=128275 line=Rx 10334149 19 f5 13 20 c1 fc ad 3c 00 fc ad 3c
32 : pgn=128275 line=Rx 10334154 19 f5 13 20 c2 00 ff ff ff ff ff ff
0  : pgn=127250 line=Rx 10334181 09 f1 12 00 ff 62 42 ff 7f ff 7f fd
source=0: pgn=Vessel Heading(127250): values=Heading=(97.37 deg) Deviation=(None) Variation=(None) Reference=("1")

0  : pgn=127245 line=Rx 10334182 09 f1 0d 00 00 f8 ff 7f 00 00 ff ff
source=0: pgn=Rudder(127245): values=Instance=(0) DirectionOrder=("0") AngleOrder=(None) Position=(0.00 deg)

1  : pgn=59936  line=Rx 10334185 18 ea 20 01 00 ee 00 00 00 00 00 00
0  : pgn=65359  line=Rx 10334187 1c ff 4f 00 3b 9f ff ff ff 62 42 ff
source=0: pgn=Seatalk: Pilot Heading(65359): values=ManufacturerCode=(1851) IndustryCode=(4) HeadingTrue=(None) HeadingMagnetic=(97.37 deg)

1  : pgn=129038 line=Rx 10334216 11 f8 0e 01 a0 1b c1 70 83 e7 15 fb
1  : pgn=129038 line=Rx 10334216 11 f8 0e 01 a1 56 0e b7 f2 46 68 1c
1  : pgn=129038 line=Rx 10334217 11 f8 0e 01 a2 52 a5 b3 00 00 00 00
1  : pgn=129038 line=Rx 10334217 11 f8 0e 01 a3 00 ff ff ff 7f f0 fe
32 : pgn=128259 line=Rx 10334229 09 f5 03 20 69 41 01 ff ff ff ff ff
3  : pgn=129026 line=Tx 10334243 09 f8 02 03 ff fc 33 4b 46 01 ff ff
source=3: pgn=COG & SOG, Rapid Update(129026): values=COGReference=("0") COG=(110.30 deg) SOG=(3.2600000000000002 m/s)

3  : pgn=130577 line=Tx 10334243 0d fe 11 03 80 0e c0 8d 33 4b 46 01
3  : pgn=130577 line=Tx 10334243 0d fe 11 03 81 ff ff ff ff af 25 23
3  : pgn=130577 line=Tx 10334243 0d fe 11 03 82 00 ff ff ff ff ff ff
3  : pgn=129025 line=Tx 10334243 09 f8 01 03 cd 69 6f 1c a2 a3 fd b6
3  : pgn=130306 line=Tx 10334243 09 fd 02 03 ff 23 03 ce c9 fa ff ff
source=3: pgn=Wind Data(130306): values=WindSpeed=(8.03 m/s) WindAngle=(296.00 deg) Reference=("2")

0  : pgn=127250 line=Rx 10334283 09 f1 12 00 ff 35 42 ff 7f ff 7f fd
source=0: pgn=Vessel Heading(127250): values=Heading=(97.11 deg) Deviation=(None) Variation=(None) Reference=("1")

0  : pgn=127245 line=Rx 10334284 09 f1 0d 00 00 f8 ff 7f 00 00 ff ff
source=0: pgn=Rudder(127245): values=Instance=(0) DirectionOrder=("0") AngleOrder=(None) Position=(0.00 deg)

0  : pgn=65359  line=Rx 10334292 1c ff 4f 00 3b 9f ff ff ff 35 42 ff
source=0: pgn=Seatalk: Pilot Heading(65359): values=ManufacturerCode=(1851) IndustryCode=(4) HeadingTrue=(None) HeadingMagnetic=(97.11 deg)

1  : pgn=129793 line=Rx 10334311 1d fb 01 01 e0 1a 04 a2 fc 37 00 a6
1  : pgn=129793 line=Rx 10334311 1d fb 01 01 e1 13 19 b7 7b 8b 61 1c
1  : pgn=129793 line=Rx 10334312 1d fb 01 01 e2 ff 30 32 12 2c 00 00
1  : pgn=129793 line=Rx 10334312 1d fb 01 01 e3 00 06 40 ff 00 fc ff
1  : pgn=129038 line=Rx 10334314 11 f8 0e 01 c0 1b c1 d0 8a f8 15 a6
1  : pgn=129038 line=Rx 10334314 11 f8 0e 01 c1 97 0c b7 41 55 69 1c
1  : pgn=129038 line=Rx 10334314 11 f8 0e 01 c2 4c a8 11 00 00 00 00
1  : pgn=129038 line=Rx 10334315 11 f8 0e 01 c3 00 ff ff ff 7f f0 fe
32 : pgn=128259 line=Rx 10334328 09 f5 03 20 6a 44 01 ff ff ff ff ff
source=32: pgn=Speed(128259): values=SpeedWaterReferenced=(3.24 m/s) SpeedGroundReferenced=(None) SpeedWaterReferencedType=(None) SpeedDirection=(None)

3  : pgn=129283 line=Tx 10334344 0d f9 03 03 ff 7f ff ff ff 7f ff ff
source=3: pgn=Cross Track Error(129283): values=XTEmode=(None) NavigationTerminated=("1") XTE=(None)

3  : pgn=129025 line=Tx 10334344 09 f8 01 03 a6 69 6f 1c 36 a4 fd b6
source=3: pgn=Position, Rapid Update(129025): values=Latitude=(47.706359 deg) Longitude=(-122.48913379999999 deg)

3  : pgn=128267 line=Tx 10334344 0d f5 0b 03 ff 7f 3d 00 00 00 00 ff
source=3: pgn=Water Depth(128267): values=Depth=(157.43 m) Offset=(0.0 m) Range=(None)

0  : pgn=127250 line=Rx 10334381 09 f1 12 00 ff 2b 42 ff 7f ff 7f fd
source=0: pgn=Vessel Heading(127250): values=Heading=(97.05 deg) Deviation=(None) Variation=(None) Reference=("1")

0  : pgn=127245 line=Rx 10334382 09 f1 0d 00 00 f8 ff 7f 00 00 ff ff
source=0: pgn=Rudder(127245): values=Instance=(0) DirectionOrder=("0") AngleOrder=(None) Position=(0.00 deg)

0  : pgn=65359  line=Rx 10334386 1c ff 4f 00 3b 9f ff ff ff 2b 42 ff
source=0: pgn=Seatalk: Pilot Heading(65359): values=ManufacturerCode=(1851) IndustryCode=(4) HeadingTrue=(None) HeadingMagnetic=(97.05 deg)

4  : pgn=65384  line=Rx 10334404 1c ff 68 04 3b 9f 00 00 00 00 00 00
32 : pgn=128259 line=Rx 10334428 09 f5 03 20 6b 45 01 ff ff ff ff ff
source=32: pgn=Speed(128259): values=SpeedWaterReferenced=(3.25 m/s) SpeedGroundReferenced=(None) SpeedWaterReferencedType=(None) SpeedDirection=(None)

3  : pgn=129026 line=Tx 10334444 09 f8 02 03 ff fc 10 4b 45 01 ff ff
source=3: pgn=COG & SOG, Rapid Update(129026): values=COGReference=("0") COG=(110.10 deg) SOG=(3.25 m/s)

3  : pgn=129025 line=Tx 10334444 09 f8 01 03 a6 69 6f 1c 36 a4 fd b6
source=3: pgn=Position, Rapid Update(129025): values=Latitude=(47.706359 deg) Longitude=(-122.48913379999999 deg)

3  : pgn=129542 line=Tx 10334445 19 fa 06 03 80 0f 8d 05 01 00 00 00
3  : pgn=129542 line=Tx 10334445 19 fa 06 03 81 00 00 00 00 00 00 00
3  : pgn=129542 line=Tx 10334445 19 fa 06 03 82 00 00 ff ff ff ff ff
3  : pgn=65364  line=Tx 10334445 1c ff 54 03 3b 9f 23 03 ce c9 ff ff
0  : pgn=127250 line=Rx 10334481 09 f1 12 00 ff 35 42 ff 7f ff 7f fd
source=0: pgn=Vessel Heading(127250): values=Heading=(97.11 deg) Deviation=(None) Variation=(None) Reference=("1")

0  : pgn=127245 line=Rx 10334482 09 f1 0d 00 00 f8 ff 7f 00 00 ff ff
source=0: pgn=Rudder(127245): values=Instance=(0) DirectionOrder=("0") AngleOrder=(None) Position=(0.00 deg)

0  : pgn=65359  line=Rx 10334489 1c ff 4f 00 3b 9f ff ff ff 35 42 ff
source=0: pgn=Seatalk: Pilot Heading(65359): values=ManufacturerCode=(1851) IndustryCode=(4) HeadingTrue=(None) HeadingMagnetic=(97.11 deg)

32 : pgn=128259 line=Rx 10334527 09 f5 03 20 6c 42 01 ff ff ff ff ff
source=32: pgn=Speed(128259): values=SpeedWaterReferenced=(3.22 m/s) SpeedGroundReferenced=(None) SpeedWaterReferencedType=(None) SpeedDirection=(None)

3  : pgn=129540 line=Tx 10334545 19 fa 04 03 c0 9f af ff 0d 03 97 1a
source=3: pgn=GNSS Sats in View(129540): values=RangeResidualMode=(None) SatsinView=(175) PRN=(None) Elevation=(4.47 deg) Azimuth=(39.00 deg) SNR=(0.0 dB) Rangeresiduals=(0) Status=("0")

3  : pgn=129540 line=Tx 10334545 19 fa 04 03 c1 2e 26 00 00 00 00 00
source=3: pgn=GNSS Sats in View(129540): values=RangeResidualMode=("0") SatsinView=(38) PRN=(0) Elevation=(0.00 deg) Azimuth=(0.00 deg) SNR=(0.0 dB) Rangeresiduals=(0) Status=("0")

3  : pgn=129540 line=Tx 10334545 19 fa 04 03 c2 00 f3 0f ff 1d ad 3c
source=3: pgn=GNSS Sats in View(129540): values=RangeResidualMode=("0") SatsinView=(243) PRN=(15) Elevation=(44.00 deg) Azimuth=(89.00 deg) SNR=(0.0 dB) Rangeresiduals=(0) Status=("0")

3  : pgn=129540 line=Tx 10334545 19 fa 04 03 c3 80 0c 00 00 00 00 f5
source=3: pgn=GNSS Sats in View(129540): values=RangeResidualMode=("0") SatsinView=(12) PRN=(0) Elevation=(0.00 deg) Azimuth=(359.36 deg) SNR=(0.0 dB) Rangeresiduals=(0) Status=("0")

3  : pgn=129540 line=Tx 10334545 19 fa 04 03 c4 10 17 13 c2 b8 54 0b
source=3: pgn=GNSS Sats in View(129540): values=RangeResidualMode=("0") SatsinView=(23) PRN=(19) Elevation=(-104.50 deg) Azimuth=(16.62 deg) SNR=(0.0 dB) Rangeresiduals=(0) Status=("0")

3  : pgn=129540 line=Tx 10334545 19 fa 04 03 c5 00 00 00 00 f5 12 c5
source=3: pgn=GNSS Sats in View(129540): values=RangeResidualMode=("0") SatsinView=(0) PRN=(0) Elevation=(-16.13 deg) Azimuth=(289.06 deg) SNR=(0.0 dB) Rangeresiduals=(0) Status=("0")

3  : pgn=129540 line=Tx 10334545 19 fa 04 03 c6 31 f2 93 b8 0b 00 00
source=3: pgn=GNSS Sats in View(129540): values=RangeResidualMode=("1") SatsinView=(242) PRN=(147) Elevation=(17.19 deg) Azimuth=(0.00 deg) SNR=(0.0 dB) Rangeresiduals=(0) Status=("0")

3  : pgn=129540 line=Tx 10334545 19 fa 04 03 c7 00 00 f5 13 69 03 1f
source=3: pgn=GNSS Sats in View(129540): values=RangeResidualMode=("0") SatsinView=(0) PRN=(245) Elevation=(154.12 deg) Azimuth=(45.49 deg) SNR=(0.0 dB) Rangeresiduals=(0) Status=("0")

3  : pgn=129540 line=Tx 10334545 19 fa 04 03 c8 d8 74 0e 00 00 00 00
source=3: pgn=GNSS Sats in View(129540): values=RangeResidualMode=("0") SatsinView=(116) PRN=(14) Elevation=(0.00 deg) Azimuth=(0.00 deg) SNR=(0.0 dB) Rangeresiduals=(0) Status=("0")

3  : pgn=129540 line=Tx 10334545 19 fa 04 03 c9 f5 15 e8 37 ba 20 b8
source=3: pgn=GNSS Sats in View(129540): values=RangeResidualMode=("1") SatsinView=(21) PRN=(232) Elevation=(-102.36 deg) Azimuth=(270.07 deg) SNR=(0.0 dB) Rangeresiduals=(0) Status=("0")

3  : pgn=129540 line=Tx 10334545 19 fa 04 03 ca 0b 00 00 00 00 f5 16
source=3: pgn=GNSS Sats in View(129540): values=RangeResidualMode=(None) SatsinView=(0) PRN=(0) Elevation=(0.00 deg) Azimuth=(33.67 deg) SNR=(0.0 dB) Rangeresiduals=(0) Status=("0")

3  : pgn=129540 line=Tx 10334546 19 fa 04 03 cb 80 16 cf 9c 68 10 00
source=3: pgn=GNSS Sats in View(129540): values=RangeResidualMode=("0") SatsinView=(22) PRN=(207) Elevation=(153.44 deg) Azimuth=(0.09 deg) SNR=(0.0 dB) Rangeresiduals=(0) Status=("0")

3  : pgn=129540 line=Tx 10334547 19 fa 04 03 cc 00 00 00 f5 1a ae 0f
source=3: pgn=GNSS Sats in View(129540): values=RangeResidualMode=("0") SatsinView=(0) PRN=(0) Elevation=(39.54 deg) Azimuth=(23.00 deg) SNR=(0.0 dB) Rangeresiduals=(0) Status=("0")

3  : pgn=129540 line=Tx 10334548 19 fa 04 03 cd 5d 1f d8 0e 00 00 00
source=3: pgn=GNSS Sats in View(129540): values=RangeResidualMode=("1") SatsinView=(31) PRN=(216) Elevation=(0.08 deg) Azimuth=(0.00 deg) SNR=(0.0 dB) Rangeresiduals=(0) Status=("0")

3  : pgn=129540 line=Tx 10334548 19 fa 04 03 ce 00 f5 1b d1 15 ab d2
source=3: pgn=GNSS Sats in View(129540): values=RangeResidualMode=("0") SatsinView=(245) PRN=(27) Elevation=(32.00 deg) Azimuth=(309.00 deg) SNR=(0.0 dB) Rangeresiduals=(0) Status=("0")

3  : pgn=129540 line=Tx 10334549 19 fa 04 03 cf 1c 0c 00 00 00 00 f5
source=3: pgn=GNSS Sats in View(129540): values=RangeResidualMode=("0") SatsinView=(12) PRN=(0) Elevation=(0.00 deg) Azimuth=(359.36 deg) SNR=(0.0 dB) Rangeresiduals=(0) Status=("0")

3  : pgn=129540 line=Tx 10334550 19 fa 04 03 d0 1d 00 0f a1 67 b8 0b
source=3: pgn=GNSS Sats in View(129540): values=RangeResidualMode=("1") SatsinView=(0) PRN=(15) Elevation=(152.00 deg) Azimuth=(17.19 deg) SNR=(0.0 dB) Rangeresiduals=(0) Status=("0")

3  : pgn=129540 line=Tx 10334550 19 fa 04 03 d1 00 00 00 00 f5 23 d1
source=3: pgn=GNSS Sats in View(129540): values=RangeResidualMode=("0") SatsinView=(0) PRN=(0) Elevation=(-16.13 deg) Azimuth=(306.76 deg) SNR=(0.0 dB) Rangeresiduals=(0) Status=("0")

3  : pgn=129540 line=Tx 10334551 19 fa 04 03 d2 15 c3 8b 00 00 00 00
source=3: pgn=GNSS Sats in View(129540): values=RangeResidualMode=("1") SatsinView=(195) PRN=(139) Elevation=(0.00 deg) Azimuth=(0.00 deg) SNR=(0.0 dB) Rangeresiduals=(0) Status=("0")

1  : pgn=129038 line=Rx 10334552 11 f8 0e 01 e0 1b c1 b8 8e e4 15 1d
1  : pgn=129038 line=Rx 10334552 11 f8 0e 01 e1 18 16 b7 8b 2f 64 1c
1  : pgn=129038 line=Rx 10334553 11 f8 0e 01 e2 4e 20 8a 00 00 00 00
1  : pgn=129038 line=Rx 10334553 11 f8 0e 01 e3 00 ff ff ff 7f f0 fe
3  : pgn=129540 line=Tx 10334555 19 fa 04 03 d3 00 00 f3 30 2e 17 43
source=3: pgn=GNSS Sats in View(129540): values=RangeResidualMode=("0") SatsinView=(0) PRN=(243) Elevation=(67.75 deg) Azimuth=(98.41 deg) SNR=(0.0 dB) Rangeresiduals=(0) Status=("0")

3  : pgn=129540 line=Tx 10334555 19 fa 04 03 d4 84 ac 0d 00 00 00 00
source=3: pgn=GNSS Sats in View(129540): values=RangeResidualMode=("0") SatsinView=(172) PRN=(13) Elevation=(0.00 deg) Azimuth=(0.00 deg) SNR=(0.0 dB) Rangeresiduals=(0) Status=("0")

3  : pgn=129540 line=Tx 10334556 19 fa 04 03 d5 f5 33 80 16 67 6c e4
source=3: pgn=GNSS Sats in View(129540): values=RangeResidualMode=("1") SatsinView=(51) PRN=(128) Elevation=(151.20 deg) Azimuth=(335.04 deg) SNR=(0.0 dB) Rangeresiduals=(0) Status=("0")

3  : pgn=129540 line=Tx 10334557 19 fa 04 03 d6 0c 00 00 00 00 f5 ff
source=3: pgn=GNSS Sats in View(129540): values=RangeResidualMode=("0") SatsinView=(0) PRN=(0) Elevation=(0.00 deg) Azimuth=(375.43 deg) SNR=(0.0 dB) Rangeresiduals=(0) Status=("0")

3  : pgn=129025 line=Tx 10334557 09 f8 01 03 a6 69 6f 1c 36 a4 fd b6
source=3: pgn=Position, Rapid Update(129025): values=Latitude=(47.706359 deg) Longitude=(-122.48913379999999 deg)

3  : pgn=127258 line=Tx 10334558 19 f1 1a 03 ff f6 12 39 fa 0a ff ff
source=3: pgn=Magnetic Variation(127258): values=Source=("6") Ageofservice=(14610 d) Variation=(16.10 deg)

0  : pgn=127250 line=Rx 10334581 09 f1 12 00 ff 3f 42 ff 7f ff 7f fd
source=0: pgn=Vessel Heading(127250): values=Heading=(97.17 deg) Deviation=(None) Variation=(None) Reference=("1")

0  : pgn=127245 line=Rx 10334582 09 f1 0d 00 00 f8 ff 7f 00 00 ff ff
source=0: pgn=Rudder(127245): values=Instance=(0) DirectionOrder=("0") AngleOrder=(None) Position=(0.00 deg)

1  : pgn=129038 line=Rx 10334584 11 f8 0e 01 00 1b c1 18 97 f4 15 e7
1  : pgn=129038 line=Rx 10334584 11 f8 0e 01 01 81 10 b7 e3 7c 67 1c
1  : pgn=129038 line=Rx 10334585 11 f8 0e 01 02 4f f1 9f 00 00 00 00
source=1: pgn=AIS Class A Position Report(129038): values=MessageID=(2) RepeatIndicator=("0") UserID=(10481999) Longitude=(0.0 deg) Latitude=(0.0 deg) PositionAccuracy=("0") RAIM=("0") TimeStamp=("0") COG=(0.00 deg) SOG=(0.0 m/s) CommunicationState=(0) AISTransceiverinformation=("0") Heading=(0.00 deg) RateofTurn=(0.00 deg/s) NavStatus=("0") SpecialManeuverIndicator=("0") Spare=(0) SequenceID=(0)

1  : pgn=129038 line=Rx 10334586 11 f8 0e 01 03 00 ff ff ff 7f f0 fe
source=1: pgn=AIS Class A Position Report(129038): values=MessageID=(3) RepeatIndicator=("0") UserID=(4294967040) Longitude=(0.0 deg) Latitude=(0.0 deg) PositionAccuracy=("0") RAIM=("0") TimeStamp=("0") COG=(0.00 deg) SOG=(0.0 m/s) CommunicationState=(0) AISTransceiverinformation=("0") Heading=(0.00 deg) RateofTurn=(0.00 deg/s) NavStatus=("0") SpecialManeuverIndicator=("0") Spare=(0) SequenceID=(0)

0  : pgn=65379  line=Rx 10334588 1c ff 63 00 3b 9f 00 00 00 00 01 ff
source=0: pgn=Seatalk: Pilot Mode(65379): values=ManufacturerCode=(1851) IndustryCode=(4) PilotMode=(0) SubMode=(0) PilotModeData=(0)

0  : pgn=65359  line=Rx 10334589 1c ff 4f 00 3b 9f ff ff ff 3f 42 ff
source=0: pgn=Seatalk: Pilot Heading(65359): values=ManufacturerCode=(1851) IndustryCode=(4) HeadingTrue=(None) HeadingMagnetic=(97.17 deg)

0  : pgn=126975 line=Rx 10334598 1d ef ff 00 40 0d 3b 9f f0 81 84 d6
0  : pgn=126975 line=Rx 10334600 1d ef ff 00 41 43 0f 00 00 00 02 05
32 : pgn=128259 line=Rx 10334627 09 f5 03 20 6d 3a 01 ff ff ff ff ff
source=32: pgn=Speed(128259): values=SpeedWaterReferenced=(3.14 m/s) SpeedGroundReferenced=(None) SpeedWaterReferencedType=(None) SpeedDirection=(None)

3  : pgn=129026 line=Tx 10334645 09 f8 02 03 ff fc 33 4b 45 01 ff ff
source=3: pgn=COG & SOG, Rapid Update(129026): values=COGReference=("0") COG=(110.30 deg) SOG=(3.25 m/s)

3  : pgn=129025 line=Tx 10334645 09 f8 01 03 8a 69 6f 1c 85 a4 fd b6
source=3: pgn=Position, Rapid Update(129025): values=Latitude=(47.706356199999995 deg) Longitude=(-122.48912589999999 deg)

0  : pgn=127250 line=Rx 10334681 09 f1 12 00 ff 5f 42 ff 7f ff 7f fd
source=0: pgn=Vessel Heading(127250): values=Heading=(97.35 deg) Deviation=(None) Variation=(None) Reference=("1")

0  : pgn=127245 line=Rx 10334682 09 f1 0d 00 00 f8 ff 7f 00 00 ff ff
source=0: pgn=Rudder(127245): values=Instance=(0) DirectionOrder=("0") AngleOrder=(None) Position=(0.00 deg)

0  : pgn=65359  line=Rx 10334689 1c ff 4f 00 3b 9f ff ff ff 5f 42 ff
source=0: pgn=Seatalk: Pilot Heading(65359): values=ManufacturerCode=(1851) IndustryCode=(4) HeadingTrue=(None) HeadingMagnetic=(97.35 deg)

0  : pgn=126975 line=Rx 10334692 1d ef ff 00 60 09 3b 9f f0 81 ae 02
0  : pgn=126975 line=Rx 10334694 1d ef ff 00 61 00 08 00 ff ff ff ff
32 : pgn=128259 line=Rx 10334726 09 f5 03 20 6e 38 01 ff ff ff ff ff
source=32: pgn=Speed(128259): values=SpeedWaterReferenced=(3.12 m/s) SpeedGroundReferenced=(None) SpeedWaterReferencedType=(None) SpeedDirection=(None)

1  : pgn=129041 line=Rx 10334735 11 f8 11 01 e0 30 15 76 89 3a 3b ed
1  : pgn=129041 line=Rx 10334735 11 f8 11 01 e1 61 e3 b6 67 78 ad 1c
1  : pgn=129041 line=Rx 10334736 11 f8 11 01 e2 f4 00 00 00 00 00 00
1  : pgn=129041 line=Rx 10334736 11 f8 11 01 e3 ff ff 52 ee ff e0 16
1  : pgn=129041 line=Rx 10334737 11 f8 11 01 e4 01 50 53 20 54 53 4c
1  : pgn=129041 line=Rx 10334737 11 f8 11 01 e5 20 53 42 20 20 20 20
1  : pgn=129041 line=Rx 10334738 11 f8 11 01 e6 20 20 20 20 20 20 20
3  : pgn=129029 line=Tx 10334746 0d f8 05 03 80 2b 8d 06 40 52 83 12
3  : pgn=129029 line=Tx 10334746 0d f8 05 03 81 2c 00 e4 4a 34 c8 de
3  : pgn=129029 line=Tx 10334746 0d f8 05 03 82 9e 06 00 f2 d2 c2 e3
3  : pgn=129029 line=Tx 10334746 0d f8 05 03 83 4f 00 ef ff ff ff ff
3  : pgn=129029 line=Tx 10334746 0d f8 05 03 84 ff ff ff 7f 23 fc 09
3  : pgn=129029 line=Tx 10334746 0d f8 05 03 85 55 00 ff 7f ff ff ff
3  : pgn=129029 line=Tx 10334746 0d f8 05 03 86 7f 00 ff ff ff ff ff
3  : pgn=129025 line=Tx 10334746 09 f8 01 03 8a 69 6f 1c 85 a4 fd b6
source=3: pgn=Position, Rapid Update(129025): values=Latitude=(47.706356199999995 deg) Longitude=(-122.48912589999999 deg)

3  : pgn=129033 line=Tx 10334746 0d f8 09 03 06 40 52 83 12 2c 5c fe
source=3: pgn=Time & Date(129033): values=Date=(16390 d) Time=(73941.077 s) LocalOffset=(-25200.0 s)

0  : pgn=127250 line=Rx 10334785 09 f1 12 00 ff 80 42 ff 7f ff 7f fd
source=0: pgn=Vessel Heading(127250): values=Heading=(97.54 deg) Deviation=(None) Variation=(None) Reference=("1")

0  : pgn=127245 line=Rx 10334786 09 f1 0d 00 00 f8 ff 7f 00 00 ff ff
source=0: pgn=Rudder(127245): values=Instance=(0) DirectionOrder=("0") AngleOrder=(None) Position=(0.00 deg)

0  : pgn=65359  line=Rx 10334792 1c ff 4f 00 3b 9f ff ff ff 80 42 ff
source=0: pgn=Seatalk: Pilot Heading(65359): values=ManufacturerCode=(1851) IndustryCode=(4) HeadingTrue=(None) HeadingMagnetic=(97.54 deg)

32 : pgn=128259 line=Rx 10334826 09 f5 03 20 6f 32 01 ff ff ff ff ff
source=32: pgn=Speed(128259): values=SpeedWaterReferenced=(3.06 m/s) SpeedGroundReferenced=(None) SpeedWaterReferencedType=(None) SpeedDirection=(None)

1  : pgn=129038 line=Rx 10334828 11 f8 0e 01 20 1b c1 fe 82 dc 15 9e
1  : pgn=129038 line=Rx 10334828 11 f8 0e 01 21 62 14 b7 df 7c 5f 1c
1  : pgn=129038 line=Rx 10334829 11 f8 0e 01 22 55 02 b8 00 00 00 00
1  : pgn=129038 line=Rx 10334829 11 f8 0e 01 23 00 e7 37 00 00 ff fe
3  : pgn=129026 line=Tx 10334846 09 f8 02 03 ff fc 33 4b 45 01 ff ff
source=3: pgn=COG & SOG, Rapid Update(129026): values=COGReference=("0") COG=(110.30 deg) SOG=(3.25 m/s)

3  : pgn=129025 line=Tx 10334846 09 f8 01 03 8a 69 6f 1c 85 a4 fd b6
source=3: pgn=Position, Rapid Update(129025): values=Latitude=(47.706356199999995 deg) Longitude=(-122.48912589999999 deg)

3  : pgn=126992 line=Tx 10334846 0d f0 10 03 ff ff 06 40 1e 8a 12 2c
source=3: pgn=System Time(126992): values=Source=(None) Date=(16390 d) Time=(73941.251 s)

0  : pgn=127250 line=Rx 10334881 09 f1 12 00 ff 8f 42 ff 7f ff 7f fd
source=0: pgn=Vessel Heading(127250): values=Heading=(97.63 deg) Deviation=(None) Variation=(None) Reference=("1")

0  : pgn=127245 line=Rx 10334882 09 f1 0d 00 00 f8 ff 7f 00 00 ff ff
source=0: pgn=Rudder(127245): values=Instance=(0) DirectionOrder=("0") AngleOrder=(None) Position=(0.00 deg)

0  : pgn=65359  line=Rx 10334888 1c ff 4f 00 3b 9f ff ff ff 8f 42 ff
source=0: pgn=Seatalk: Pilot Heading(65359): values=ManufacturerCode=(1851) IndustryCode=(4) HeadingTrue=(None) HeadingMagnetic=(97.63 deg)

1  : pgn=129041 line=Rx 10334921 11 f8 11 01 00 30 55 75 89 3a 3b 6d
1  : pgn=129041 line=Rx 10334921 11 f8 11 01 01 8b 0a b7 5b f8 47 1c
source=1: pgn=AIS Aids to Navigation (AtoN) Report(129041): values=MessageID=(1) RepeatIndicator=("0") UserID=(1538722443) Longitude=(0.0 deg) Latitude=(0.0 deg) PositionAccuracy=("0") RAIM=("0") TimeStamp=("0") Length/Diameter=(0.0 m) Beam/Diameter=(0.0 m) PositionReferencefromStarboardEdge=(0.0 m) PositionReferencefromTrueNorthFacingEdge=(0.0 m) AtoNType=("0") OffPositionIndicator=("0") VirtualAtoNFlag=("0") AssignedModeFlag=("0") Spare=(0) PositionFixingDeviceType=("0") AtoNStatus=(0) AISTransceiverinformation=("0") AtoNName=(None)

1  : pgn=129041 line=Rx 10334922 11 f8 11 01 02 f4 00 00 00 00 00 00
source=1: pgn=AIS Aids to Navigation (AtoN) Report(129041): values=MessageID=(2) RepeatIndicator=("0") UserID=(244) Longitude=(0.0 deg) Latitude=(0.0 deg) PositionAccuracy=("0") RAIM=("0") TimeStamp=("0") Length/Diameter=(0.0 m) Beam/Diameter=(0.0 m) PositionReferencefromStarboardEdge=(0.0 m) PositionReferencefromTrueNorthFacingEdge=(0.0 m) AtoNType=("0") OffPositionIndicator=("0") VirtualAtoNFlag=("0") AssignedModeFlag=("0") Spare=(0) PositionFixingDeviceType=("0") AtoNStatus=(0) AISTransceiverinformation=("0") AtoNName=(None)

1  : pgn=129041 line=Rx 10334922 11 f8 11 01 03 ff ff 12 ee ff e0 16
source=1: pgn=AIS Aids to Navigation (AtoN) Report(129041): values=MessageID=(3) RepeatIndicator=("0") UserID=(3994222591) Longitude=(0.0 deg) Latitude=(0.0 deg) PositionAccuracy=("0") RAIM=("0") TimeStamp=("0") Length/Diameter=(0.0 m) Beam/Diameter=(0.0 m) PositionReferencefromStarboardEdge=(0.0 m) PositionReferencefromTrueNorthFacingEdge=(0.0 m) AtoNType=("0") OffPositionIndicator=("0") VirtualAtoNFlag=("0") AssignedModeFlag=("0") Spare=(0) PositionFixingDeviceType=("0") AtoNStatus=(0) AISTransceiverinformation=("0") AtoNName=(None)

1  : pgn=129041 line=Rx 10334923 11 f8 11 01 04 01 50 53 20 54 53 4c
source=1: pgn=AIS Aids to Navigation (AtoN) Report(129041): values=MessageID=(4) RepeatIndicator=("0") UserID=(542330881) Longitude=(0.0 deg) Latitude=(0.0 deg) PositionAccuracy=("0") RAIM=("0") TimeStamp=("0") Length/Diameter=(0.0 m) Beam/Diameter=(0.0 m) PositionReferencefromStarboardEdge=(0.0 m) PositionReferencefromTrueNorthFacingEdge=(0.0 m) AtoNType=("0") OffPositionIndicator=("0") VirtualAtoNFlag=("0") AssignedModeFlag=("0") Spare=(0) PositionFixingDeviceType=("0") AtoNStatus=(0) AISTransceiverinformation=("0") AtoNName=(None)

1  : pgn=129041 line=Rx 10334924 11 f8 11 01 05 20 4c 42 20 54 41 20
source=1: pgn=AIS Aids to Navigation (AtoN) Report(129041): values=MessageID=(5) RepeatIndicator=("0") UserID=(541215776) Longitude=(0.0 deg) Latitude=(0.0 deg) PositionAccuracy=("0") RAIM=("0") TimeStamp=("0") Length/Diameter=(0.0 m) Beam/Diameter=(0.0 m) PositionReferencefromStarboardEdge=(0.0 m) PositionReferencefromTrueNorthFacingEdge=(0.0 m) AtoNType=("0") OffPositionIndicator=("0") VirtualAtoNFlag=("0") AssignedModeFlag=("0") Spare=(0) PositionFixingDeviceType=("0") AtoNStatus=(0) AISTransceiverinformation=("0") AtoNName=(None)

1  : pgn=129041 line=Rx 10334924 11 f8 11 01 06 20 20 20 20 20 20 20
source=1: pgn=AIS Aids to Navigation (AtoN) Report(129041): values=MessageID=(6) RepeatIndicator=("0") UserID=(538976288) Longitude=(0.0 deg) Latitude=(0.0 deg) PositionAccuracy=("0") RAIM=("0") TimeStamp=("0") Length/Diameter=(0.0 m) Beam/Diameter=(0.0 m) PositionReferencefromStarboardEdge=(0.0 m) PositionReferencefromTrueNorthFacingEdge=(0.0 m) AtoNType=("0") OffPositionIndicator=("0") VirtualAtoNFlag=("0") AssignedModeFlag=("0") Spare=(0) PositionFixingDeviceType=("0") AtoNStatus=(0) AISTransceiverinformation=("0") AtoNName=(None)

32 : pgn=128259 line=Rx 10334926 09 f5 03 20 70 2b 01 ff ff ff ff ff
source=32: pgn=Speed(128259): values=SpeedWaterReferenced=(2.99 m/s) SpeedGroundReferenced=(None) SpeedWaterReferencedType=(None) SpeedDirection=(None)

3  : pgn=129025 line=Tx 10334947 09 f8 01 03 75 69 6f 1c cf a4 fd b6
source=3: pgn=Position, Rapid Update(129025): values=Latitude=(47.7063541 deg) Longitude=(-122.48911849999999 deg)

0  : pgn=127250 line=Rx 10334981 09 f1 12 00 ff a9 42 ff 7f ff 7f fd
source=0: pgn=Vessel Heading(127250): values=Heading=(97.78 deg) Deviation=(None) Variation=(None) Reference=("1")

0  : pgn=127245 line=Rx 10334982 09 f1 0d 00 00 f8 ff 7f 00 00 ff ff
source=0: pgn=Rudder(127245): values=Instance=(0) DirectionOrder=("0") AngleOrder=(None) Position=(0.00 deg)

0  : pgn=65359  line=Rx 10334986 1c ff 4f 00 3b 9f ff ff ff a9 42 ff
source=0: pgn=Seatalk: Pilot Heading(65359): values=ManufacturerCode=(1851) IndustryCode=(4) HeadingTrue=(None) HeadingMagnetic=(97.78 deg)

32 : pgn=128259 line=Rx 10335025 09 f5 03 20 71 2b 01 ff ff ff ff ff
source=32: pgn=Speed(128259): values=SpeedWaterReferenced=(2.99 m/s) SpeedGroundReferenced=(None) SpeedWaterReferencedType=(None) SpeedDirection=(None)

3  : pgn=129026 line=Tx 10335047 09 f8 02 03 ff fc 33 4b 45 01 ff ff
source=3: pgn=COG & SOG, Rapid Update(129026): values=COGReference=("0") COG=(110.30 deg) SOG=(3.25 m/s)

3  : pgn=129025 line=Tx 10335047 09 f8 01 03 75 69 6f 1c cf a4 fd b6
source=3: pgn=Position, Rapid Update(129025): values=Latitude=(47.7063541 deg) Longitude=(-122.48911849999999 deg)

3  : pgn=129291 line=Tx 10335047 0d f9 0b 03 ff fc 01 14 11 00 ff ff
source=3: pgn=Set & Drift, Rapid Update(129291): values=SetReference=("0") Set=(29.34 deg) Drift=(0.17 m/s)

4  : pgn=126975 line=Rx 10335063 1d ef ff 04 60 07 3b 9f f0 81 90 00
4  : pgn=126975 line=Rx 10335064 1d ef ff 04 61 03 ff ff ff ff ff ff
0  : pgn=127250 line=Rx 10335081 09 f1 12 00 ff b0 42 ff 7f ff 7f fd
source=0: pgn=Vessel Heading(127250): values=Heading=(97.82 deg) Deviation=(None) Variation=(None) Reference=("1")

0  : pgn=127245 line=Rx 10335082 09 f1 0d 00 00 f8 ff 7f 00 00 ff ff
source=0: pgn=Rudder(127245): values=Instance=(0) DirectionOrder=("0") AngleOrder=(None) Position=(0.00 deg)

0  : pgn=65359  line=Rx 10335088 1c ff 4f 00 3b 9f ff ff ff b0 42 ff
source=0: pgn=Seatalk: Pilot Heading(65359): values=ManufacturerCode=(1851) IndustryCode=(4) HeadingTrue=(None) HeadingMagnetic=(97.82 deg)

0  : pgn=126975 line=Rx 10335097 1d ef ff 00 80 08 3b 9f f0 81 9c 11
0  : pgn=126975 line=Rx 10335098 1d ef ff 00 81 04 00 ff ff ff ff ff
32 : pgn=128259 line=Rx 10335127 09 f5 03 20 72 26 01 ff ff ff ff ff
source=32: pgn=Speed(128259): values=SpeedWaterReferenced=(2.94 m/s) SpeedGroundReferenced=(None) SpeedWaterReferencedType=(None) SpeedDirection=(None)

32 : pgn=130310 line=Rx 10335130 15 fd 06 20 d5 ff ff ff ff ff ff ff
source=32: pgn=Environmental Parameters (obsolete)(130310): values=WaterTemperature=(None) OutsideAmbientAirTemperature=(None) AtmosphericPressure=(None)

32 : pgn=128275 line=Rx 10335139 19 f5 13 20 e0 0e ff ff ff ff ff ff
32 : pgn=128275 line=Rx 10335144 19 f5 13 20 e1 fc ad 3c 00 fc ad 3c
32 : pgn=128275 line=Rx 10335149 19 f5 13 20 e2 00 ff ff ff ff ff ff
3  : pgn=129025 line=Tx 10335150 09 f8 01 03 44 69 6f 1c 61 a5 fd b6
source=3: pgn=Position, Rapid Update(129025): values=Latitude=(47.7063492 deg) Longitude=(-122.48910389999999 deg)

0  : pgn=127250 line=Rx 10335181 09 f1 12 00 ff b3 42 ff 7f ff 7f fd
source=0: pgn=Vessel Heading(127250): values=Heading=(97.83 deg) Deviation=(None) Variation=(None) Reference=("1")

0  : pgn=127245 line=Rx 10335182 09 f1 0d 00 00 f8 ff 7f 00 00 ff ff
source=0: pgn=Rudder(127245): values=Instance=(0) DirectionOrder=("0") AngleOrder=(None) Position=(0.00 deg)

0  : pgn=65359  line=Rx 10335187 1c ff 4f 00 3b 9f ff ff ff b3 42 ff
source=0: pgn=Seatalk: Pilot Heading(65359): values=ManufacturerCode=(1851) IndustryCode=(4) HeadingTrue=(None) HeadingMagnetic=(97.83 deg)

1  : pgn=59936  line=Rx 10335190 18 ea 20 01 00 ee 00 00 00 00 00 00
32 : pgn=128259 line=Rx 10335224 09 f5 03 20 73 24 01 ff ff ff ff ff
3  : pgn=129026 line=Tx 10335250 09 f8 02 03 ff fc 56 4b 44 01 ff ff
source=3: pgn=COG & SOG, Rapid Update(129026): values=COGReference=("0") COG=(110.50 deg) SOG=(3.24 m/s)

3  : pgn=130577 line=Tx 10335250 0d fe 11 03 a0 0e c0 8e 56 4b 44 01
3  : pgn=130577 line=Tx 10335250 0d fe 11 03 a1 ff ff ff ff 01 14 11
3  : pgn=130577 line=Tx 10335250 0d fe 11 03 a2 00 ff ff ff ff ff ff
3  : pgn=129025 line=Tx 10335250 09 f8 01 03 44 69 6f 1c 61 a5 fd b6
3  : pgn=130306 line=Tx 10335250 09 fd 02 03 ff 23 03 7c ca fa ff ff
source=3: pgn=Wind Data(130306): values=WindSpeed=(8.03 m/s) WindAngle=(297.00 deg) Reference=("2")

1  : pgn=129793 line=Rx 10335252 1d fb 01 01 00 1a c4 e3 ff 37 00 5e
source=1: pgn=AIS UTC and Date Report(129793): values=MessageID=(0) RepeatIndicator=("0") UserID=(4293116954) Longitude=(0.0 deg) Latitude=(0.0 deg) PositionAccuracy=("0") RAIM=("0") PositionTime=(0.0 s) CommunicationState=(0) AISTransceiverinformation=("0") PositionDate=(0 d) GNSStype=("0") Spare=(0)

1  : pgn=129793 line=Rx 10335253 1d fb 01 01 01 74 d0 b6 09 62 57 1c
source=1: pgn=AIS UTC and Date Report(129793): values=MessageID=(1) RepeatIndicator=("0") UserID=(162975860) Longitude=(0.0 deg) Latitude=(0.0 deg) PositionAccuracy=("0") RAIM=("0") PositionTime=(0.0 s) CommunicationState=(0) AISTransceiverinformation=("0") PositionDate=(0 d) GNSStype=("0") Spare=(0)

1  : pgn=129793 line=Rx 10335254 1d fb 01 01 02 ff 40 59 12 2c 00 00
source=1: pgn=AIS UTC and Date Report(129793): values=MessageID=(2) RepeatIndicator=("0") UserID=(307839231) Longitude=(0.0 deg) Latitude=(0.0 deg) PositionAccuracy=("0") RAIM=("0") PositionTime=(0.0 s) CommunicationState=(0) AISTransceiverinformation=("0") PositionDate=(0 d) GNSStype=("0") Spare=(0)

1  : pgn=129793 line=Rx 10335255 1d fb 01 01 03 00 06 40 ff 00 fc ff
source=1: pgn=AIS UTC and Date Report(129793): values=MessageID=(3) RepeatIndicator=("0") UserID=(4282385920) Longitude=(0.0 deg) Latitude=(0.0 deg) PositionAccuracy=("0") RAIM=("0") PositionTime=(0.0 s) CommunicationState=(0) AISTransceiverinformation=("0") PositionDate=(0 d) GNSStype=("0") Spare=(0)

1  : pgn=129793 line=Rx 10335284 1d fb 01 01 20 1a c4 cb fe 37 00 ca
1  : pgn=129793 line=Rx 10335284 1d fb 01 01 21 39 14 b7 c2 76 5d 1c
1  : pgn=129793 line=Rx 10335285 1d fb 01 01 22 ff 50 80 12 2c 00 00
1  : pgn=129793 line=Rx 10335285 1d fb 01 01 23 00 06 40 ff 00 fc ff
0  : pgn=127250 line=Rx 10335291 09 f1 12 00 ff a6 42 ff 7f ff 7f fd
source=0: pgn=Vessel Heading(127250): values=Heading=(97.76 deg) Deviation=(None) Variation=(None) Reference=("1")

0  : pgn=127245 line=Rx 10335292 09 f1 0d 00 00 f8 ff 7f 00 00 ff ff
source=0: pgn=Rudder(127245): values=Instance=(0) DirectionOrder=("0") AngleOrder=(None) Position=(0.00 deg)

0  : pgn=65359  line=Rx 10335300 1c ff 4f 00 3b 9f ff ff ff a6 42 ff
source=0: pgn=Seatalk: Pilot Heading(65359): values=ManufacturerCode=(1851) IndustryCode=(4) HeadingTrue=(None) HeadingMagnetic=(97.76 deg)

32 : pgn=128259 line=Rx 10335324 09 f5 03 20 74 21 01 ff ff ff ff ff
source=32: pgn=Speed(128259): values=SpeedWaterReferenced=(2.89 m/s) SpeedGroundReferenced=(None) SpeedWaterReferencedType=(None) SpeedDirection=(None)

3  : pgn=129283 line=Tx 10335351 0d f9 03 03 ff 7f ff ff ff 7f ff ff
source=3: pgn=Cross Track Error(129283): values=XTEmode=(None) NavigationTerminated=("1") XTE=(None)

3  : pgn=129025 line=Tx 10335351 09 f8 01 03 44 69 6f 1c 61 a5 fd b6
source=3: pgn=Position, Rapid Update(129025): values=Latitude=(47.7063492 deg) Longitude=(-122.48910389999999 deg)

3  : pgn=128267 line=Tx 10335351 0d f5 0b 03 ff 85 3d 00 00 00 00 ff
source=3: pgn=Water Depth(128267): values=Depth=(157.49 m) Offset=(0.0 m) Range=(None)

0  : pgn=127250 line=Rx 10335381 09 f1 12 00 ff 9b 42 ff 7f ff 7f fd
source=0: pgn=Vessel Heading(127250): values=Heading=(97.70 deg) Deviation=(None) Variation=(None) Reference=("1")

0  : pgn=127245 line=Rx 10335382 09 f1 0d 00 00 f8 ff 7f 00 00 ff ff
source=0: pgn=Rudder(127245): values=Instance=(0) DirectionOrder=("0") AngleOrder=(None) Position=(0.00 deg)

0  : pgn=65359  line=Rx 10335386 1c ff 4f 00 3b 9f ff ff ff 9b 42 ff
source=0: pgn=Seatalk: Pilot Heading(65359): values=ManufacturerCode=(1851) IndustryCode=(4) HeadingTrue=(None) HeadingMagnetic=(97.70 deg)

4  : pgn=65384  line=Rx 10335404 1c ff 68 04 3b 9f 00 00 00 00 00 00
32 : pgn=128259 line=Rx 10335423 09 f5 03 20 75 2b 01 ff ff ff ff ff
source=32: pgn=Speed(128259): values=SpeedWaterReferenced=(2.99 m/s) SpeedGroundReferenced=(None) SpeedWaterReferencedType=(None) SpeedDirection=(None)

3  : pgn=129026 line=Tx 10335451 09 f8 02 03 ff fc 9c 4b 44 01 ff ff
source=3: pgn=COG & SOG, Rapid Update(129026): values=COGReference=("0") COG=(110.90 deg) SOG=(3.24 m/s)

3  : pgn=129025 line=Tx 10335451 09 f8 01 03 29 69 6f 1c ae a5 fd b6
source=3: pgn=Position, Rapid Update(129025): values=Latitude=(47.706346499999995 deg) Longitude=(-122.48909619999999 deg)

3  : pgn=129542 line=Tx 10335451 19 fa 06 03 a0 0f 8e 08 01 00 00 00
3  : pgn=129542 line=Tx 10335451 19 fa 06 03 a1 00 00 00 00 00 00 00
3  : pgn=129542 line=Tx 10335451 19 fa 06 03 a2 00 00 ff ff ff ff ff
3  : pgn=65364  line=Tx 10335451 1c ff 54 03 3b 9f 23 03 7c ca ff ff
0  : pgn=127250 line=Rx 10335485 09 f1 12 00 ff 67 42 ff 7f ff 7f fd
source=0: pgn=Vessel Heading(127250): values=Heading=(97.40 deg) Deviation=(None) Variation=(None) Reference=("1")

0  : pgn=127245 line=Rx 10335485 09 f1 0d 00 00 f8 ff 7f 00 00 ff ff
source=0: pgn=Rudder(127245): values=Instance=(0) DirectionOrder=("0") AngleOrder=(None) Position=(0.00 deg)

0  : pgn=65359  line=Rx 10335492 1c ff 4f 00 3b 9f ff ff ff 67 42 ff
source=0: pgn=Seatalk: Pilot Heading(65359): values=ManufacturerCode=(1851) IndustryCode=(4) HeadingTrue=(None) HeadingMagnetic=(97.40 deg)

1  : pgn=129038 line=Rx 10335497 11 f8 0e 01 40 1b c1 7e e1 df 15 72
1  : pgn=129038 line=Rx 10335497 11 f8 0e 01 41 20 0e b7 2b 2d 68 1c
1  : pgn=129038 line=Rx 10335498 11 f8 0e 01 42 59 2b 9e 00 00 00 00
1  : pgn=129038 line=Rx 10335498 11 f8 0e 01 43 00 68 03 00 00 f0 fe
32 : pgn=128259 line=Rx 10335522 09 f5 03 20 76 1f 01 ff ff ff ff ff
source=32: pgn=Speed(128259): values=SpeedWaterReferenced=(2.87 m/s) SpeedGroundReferenced=(None) SpeedWaterReferencedType=(None) SpeedDirection=(None)

3  : pgn=129540 line=Tx 10335551 19 fa 04 03 e0 9f b0 ff 0d 03 97 1a
source=3: pgn=GNSS Sats in View(129540): values=RangeResidualMode=(None) SatsinView=(176) PRN=(None) Elevation=(4.47 deg) Azimuth=(39.00 deg) SNR=(0.0 dB) Rangeresiduals=(0) Status=("0")

3  : pgn=129540 line=Tx 10335551 19 fa 04 03 e1 2e 26 00 00 00 00 00
source=3: pgn=GNSS Sats in View(129540): values=RangeResidualMode=("0") SatsinView=(38) PRN=(0) Elevation=(0.00 deg) Azimuth=(0.00 deg) SNR=(0.0 dB) Rangeresiduals=(0) Status=("0")

3  : pgn=129540 line=Tx 10335551 19 fa 04 03 e2 00 f3 0f ff 1d ad 3c
source=3: pgn=GNSS Sats in View(129540): values=RangeResidualMode=("0") SatsinView=(243) PRN=(15) Elevation=(44.00 deg) Azimuth=(89.00 deg) SNR=(0.0 dB) Rangeresiduals=(0) Status=("0")

3  : pgn=129540 line=Tx 10335551 19 fa 04 03 e3 80 0c 00 00 00 00 f5
source=3: pgn=GNSS Sats in View(129540): values=RangeResidualMode=("0") SatsinView=(12) PRN=(0) Elevation=(0.00 deg) Azimuth=(359.36 deg) SNR=(0.0 dB) Rangeresiduals=(0) Status=("0")

3  : pgn=129540 line=Tx 10335551 19 fa 04 03 e4 10 17 13 c2 b8 54 0b
source=3: pgn=GNSS Sats in View(129540): values=RangeResidualMode=("0") SatsinView=(23) PRN=(19) Elevation=(-104.50 deg) Azimuth=(16.62 deg) SNR=(0.0 dB) Rangeresiduals=(0) Status=("0")

3  : pgn=129540 line=Tx 10335551 19 fa 04 03 e5 00 00 00 00 f5 12 c5
source=3: pgn=GNSS Sats in View(129540): values=RangeResidualMode=("0") SatsinView=(0) PRN=(0) Elevation=(-16.13 deg) Azimuth=(289.06 deg) SNR=(0.0 dB) Rangeresiduals=(0) Status=("0")

3  : pgn=129540 line=Tx 10335551 19 fa 04 03 e6 31 f2 93 b8 0b 00 00
source=3: pgn=GNSS Sats in View(129540): values=RangeResidualMode=("1") SatsinView=(242) PRN=(147) Elevation=(17.19 deg) Azimuth=(0.00 deg) SNR=(0.0 dB) Rangeresiduals=(0) Status=("0")

3  : pgn=129540 line=Tx 10335551 19 fa 04 03 e7 00 00 f5 13 69 03 1f
source=3: pgn=GNSS Sats in View(129540): values=RangeResidualMode=("0") SatsinView=(0) PRN=(245) Elevation=(154.12 deg) Azimuth=(45.49 deg) SNR=(0.0 dB) Rangeresiduals=(0) Status=("0")

3  : pgn=129540 line=Tx 10335551 19 fa 04 03 e8 d8 74 0e 00 00 00 00
source=3: pgn=GNSS Sats in View(129540): values=RangeResidualMode=("0") SatsinView=(116) PRN=(14) Elevation=(0.00 deg) Azimuth=(0.00 deg) SNR=(0.0 dB) Rangeresiduals=(0) Status=("0")

3  : pgn=129540 line=Tx 10335551 19 fa 04 03 e9 f5 15 e8 37 ba 20 b8
source=3: pgn=GNSS Sats in View(129540): values=RangeResidualMode=("1") SatsinView=(21) PRN=(232) Elevation=(-102.36 deg) Azimuth=(270.07 deg) SNR=(0.0 dB) Rangeresiduals=(0) Status=("0")

3  : pgn=129540 line=Tx 10335551 19 fa 04 03 ea 0b 00 00 00 00 f5 16
source=3: pgn=GNSS Sats in View(129540): values=RangeResidualMode=(None) SatsinView=(0) PRN=(0) Elevation=(0.00 deg) Azimuth=(33.67 deg) SNR=(0.0 dB) Rangeresiduals=(0) Status=("0")

3  : pgn=129540 line=Tx 10335552 19 fa 04 03 eb 80 16 cf 9c 68 10 00
source=3: pgn=GNSS Sats in View(129540): values=RangeResidualMode=("0") SatsinView=(22) PRN=(207) Elevation=(153.44 deg) Azimuth=(0.09 deg) SNR=(0.0 dB) Rangeresiduals=(0) Status=("0")

3  : pgn=129540 line=Tx 10335554 19 fa 04 03 ec 00 00 00 f5 1a ae 0f
source=3: pgn=GNSS Sats in View(129540): values=RangeResidualMode=("0") SatsinView=(0) PRN=(0) Elevation=(39.54 deg) Azimuth=(23.00 deg) SNR=(0.0 dB) Rangeresiduals=(0) Status=("0")

3  : pgn=129540 line=Tx 10335554 19 fa 04 03 ed 5d 1f d8 0e 00 00 00
source=3: pgn=GNSS Sats in View(129540): values=RangeResidualMode=("1") SatsinView=(31) PRN=(216) Elevation=(0.08 deg) Azimuth=(0.00 deg) SNR=(0.0 dB) Rangeresiduals=(0) Status=("0")

3  : pgn=129540 line=Tx 10335555 19 fa 04 03 ee 00 f5 1b d1 15 ab d2
source=3: pgn=GNSS Sats in View(129540): values=RangeResidualMode=("0") SatsinView=(245) PRN=(27) Elevation=(32.00 deg) Azimuth=(309.00 deg) SNR=(0.0 dB) Rangeresiduals=(0) Status=("0")

3  : pgn=129540 line=Tx 10335556 19 fa 04 03 ef 1c 0c 00 00 00 00 f5
source=3: pgn=GNSS Sats in View(129540): values=RangeResidualMode=("0") SatsinView=(12) PRN=(0) Elevation=(0.00 deg) Azimuth=(359.36 deg) SNR=(0.0 dB) Rangeresiduals=(0) Status=("0")

3  : pgn=129540 line=Tx 10335556 19 fa 04 03 f0 1d 00 0f a1 67 b8 0b
source=3: pgn=GNSS Sats in View(129540): values=RangeResidualMode=("1") SatsinView=(0) PRN=(15) Elevation=(152.00 deg) Azimuth=(17.19 deg) SNR=(0.0 dB) Rangeresiduals=(0) Status=("0")

3  : pgn=129540 line=Tx 10335557 19 fa 04 03 f1 00 00 00 00 f5 23 d1
source=3: pgn=GNSS Sats in View(129540): values=RangeResidualMode=("0") SatsinView=(0) PRN=(0) Elevation=(-16.13 deg) Azimuth=(306.76 deg) SNR=(0.0 dB) Rangeresiduals=(0) Status=("0")

3  : pgn=129540 line=Tx 10335558 19 fa 04 03 f2 15 c3 8b 00 00 00 00
source=3: pgn=GNSS Sats in View(129540): values=RangeResidualMode=("1") SatsinView=(195) PRN=(139) Elevation=(0.00 deg) Azimuth=(0.00 deg) SNR=(0.0 dB) Rangeresiduals=(0) Status=("0")

3  : pgn=129540 line=Tx 10335558 19 fa 04 03 f3 00 00 f3 30 2e 17 43
source=3: pgn=GNSS Sats in View(129540): values=RangeResidualMode=("0") SatsinView=(0) PRN=(243) Elevation=(67.75 deg) Azimuth=(98.41 deg) SNR=(0.0 dB) Rangeresiduals=(0) Status=("0")

3  : pgn=129540 line=Tx 10335559 19 fa 04 03 f4 84 ac 0d 00 00 00 00
source=3: pgn=GNSS Sats in View(129540): values=RangeResidualMode=("0") SatsinView=(172) PRN=(13) Elevation=(0.00 deg) Azimuth=(0.00 deg) SNR=(0.0 dB) Rangeresiduals=(0) Status=("0")

3  : pgn=129540 line=Tx 10335561 19 fa 04 03 f5 f5 33 80 16 67 6c e4
source=3: pgn=GNSS Sats in View(129540): values=RangeResidualMode=("1") SatsinView=(51) PRN=(128) Elevation=(151.20 deg) Azimuth=(335.04 deg) SNR=(0.0 dB) Rangeresiduals=(0) Status=("0")

3  : pgn=129540 line=Tx 10335562 19 fa 04 03 f6 0c 00 00 00 00 f5 ff
source=3: pgn=GNSS Sats in View(129540): values=RangeResidualMode=("0") SatsinView=(0) PRN=(0) Elevation=(0.00 deg) Azimuth=(375.43 deg) SNR=(0.0 dB) Rangeresiduals=(0) Status=("0")

3  : pgn=129025 line=Tx 10335562 09 f8 01 03 29 69 6f 1c ae a5 fd b6
source=3: pgn=Position, Rapid Update(129025): values=Latitude=(47.706346499999995 deg) Longitude=(-122.48909619999999 deg)

3  : pgn=127258 line=Tx 10335563 19 f1 1a 03 ff f6 12 39 fa 0a ff ff
source=3: pgn=Magnetic Variation(127258): values=Source=("6") Ageofservice=(14610 d) Variation=(16.10 deg)

0  : pgn=127250 line=Rx 10335588 09 f1 12 00 ff 2e 42 ff 7f ff 7f fd
source=0: pgn=Vessel Heading(127250): values=Heading=(97.07 deg) Deviation=(None) Variation=(None) Reference=("1")

0  : pgn=127245 line=Rx 10335589 09 f1 0d 00 00 f8 ff 7f 00 00 ff ff
source=0: pgn=Rudder(127245): values=Instance=(0) DirectionOrder=("0") AngleOrder=(None) Position=(0.00 deg)

1  : pgn=129038 line=Rx 10335589 11 f8 0e 01 60 1b c1 0e 93 df 15 10
1  : pgn=129038 line=Rx 10335590 11 f8 0e 01 61 6a 11 b7 1d ee 5b 1c
1  : pgn=129038 line=Rx 10335591 11 f8 0e 01 62 57 92 f2 d4 01 00 00
1  : pgn=129038 line=Rx 10335591 11 f8 0e 01 63 00 ff ff ff 7f f0 fe
0  : pgn=65379  line=Rx 10335595 1c ff 63 00 3b 9f 00 00 00 00 01 ff
source=0: pgn=Seatalk: Pilot Mode(65379): values=ManufacturerCode=(1851) IndustryCode=(4) PilotMode=(0) SubMode=(0) PilotModeData=(0)

0  : pgn=65359  line=Rx 10335596 1c ff 4f 00 3b 9f ff ff ff 2e 42 ff
source=0: pgn=Seatalk: Pilot Heading(65359): values=ManufacturerCode=(1851) IndustryCode=(4) HeadingTrue=(None) HeadingMagnetic=(97.07 deg)

0  : pgn=126975 line=Rx 10335598 1d ef ff 00 a0 0d 3b 9f f0 81 84 96
0  : pgn=126975 line=Rx 10335600 1d ef ff 00 a1 43 0e 00 00 00 02 05
32 : pgn=128259 line=Rx 10335622 09 f5 03 20 77 20 01 ff ff ff ff ff
source=32: pgn=Speed(128259): values=SpeedWaterReferenced=(2.88 m/s) SpeedGroundReferenced=(None) SpeedWaterReferencedType=(None) SpeedDirection=(None)

3  : pgn=129026 line=Tx 10335656 09 f8 02 03 ff fc 9c 4b 44 01 ff ff
source=3: pgn=COG & SOG, Rapid Update(129026): values=COGReference=("0") COG=(110.90 deg) SOG=(3.24 m/s)

3  : pgn=129025 line=Tx 10335656 09 f8 01 03 29 69 6f 1c ae a5 fd b6
source=3: pgn=Position, Rapid Update(129025): values=Latitude=(47.706346499999995 deg) Longitude=(-122.48909619999999 deg)

1  : pgn=129038 line=Rx 10335679 11 f8 0e 01 80 1b c1 2a ef df 15 b4
1  : pgn=129038 line=Rx 10335679 11 f8 0e 01 81 91 14 b7 2b 95 63 1c
1  : pgn=129038 line=Rx 10335680 11 f8 0e 01 82 5a f6 b8 00 00 00 00
1  : pgn=129038 line=Rx 10335680 11 f8 0e 01 83 00 ff ff ff 7f f0 fe
0  : pgn=127250 line=Rx 10335685 09 f1 12 00 ff 0f 42 ff 7f ff 7f fd
source=0: pgn=Vessel Heading(127250): values=Heading=(96.89 deg) Deviation=(None) Variation=(None) Reference=("1")

0  : pgn=127245 line=Rx 10335686 09 f1 0d 00 00 f8 ff 7f 00 00 ff ff
source=0: pgn=Rudder(127245): values=Instance=(0) DirectionOrder=("0") AngleOrder=(None) Position=(0.00 deg)

0  : pgn=65359  line=Rx 10335693 1c ff 4f 00 3b 9f ff ff ff 0f 42 ff
source=0: pgn=Seatalk: Pilot Heading(65359): values=ManufacturerCode=(1851) IndustryCode=(4) HeadingTrue=(None) HeadingMagnetic=(96.89 deg)

0  : pgn=126975 line=Rx 10335695 1d ef ff 00 c0 09 3b 9f f0 81 ae 02
0  : pgn=126975 line=Rx 10335697 1d ef ff 00 c1 00 08 00 ff ff ff ff
32 : pgn=128259 line=Rx 10335722 09 f5 03 20 78 22 01 ff ff ff ff ff
source=32: pgn=Speed(128259): values=SpeedWaterReferenced=(2.9 m/s) SpeedGroundReferenced=(None) SpeedWaterReferencedType=(None) SpeedDirection=(None)

3  : pgn=129029 line=Tx 10335752 0d f8 05 03 a0 2b 8e 06 40 72 a9 12
3  : pgn=129029 line=Tx 10335752 0d f8 05 03 a1 2c 00 ae 80 a2 aa de
3  : pgn=129029 line=Tx 10335752 0d f8 05 03 a2 9e 06 00 00 fc 00 3c
3  : pgn=129029 line=Tx 10335752 0d f8 05 03 a3 50 00 ef ff ff ff ff
3  : pgn=129029 line=Tx 10335752 0d f8 05 03 a4 ff ff ff 7f 23 fc 09
3  : pgn=129029 line=Tx 10335752 0d f8 05 03 a5 55 00 ff 7f ff ff ff
3  : pgn=129029 line=Tx 10335752 0d f8 05 03 a6 7f 00 ff ff ff ff ff
3  : pgn=129025 line=Tx 10335752 09 f8 01 03 0b 69 6f 1c 00 a6 fd b6
source=3: pgn=Position, Rapid Update(129025): values=Latitude=(47.706343499999996 deg) Longitude=(-122.489088 deg)

3  : pgn=129033 line=Tx 10335752 0d f8 09 03 06 40 72 a9 12 2c 5c fe
source=3: pgn=Time & Date(129033): values=Date=(16390 d) Time=(73942.053 s) LocalOffset=(-25200.0 s)

0  : pgn=127250 line=Rx 10335794 09 f1 12 00 ff c5 41 ff 7f ff 7f fd
source=0: pgn=Vessel Heading(127250): values=Heading=(96.47 deg) Deviation=(None) Variation=(None) Reference=("1")

0  : pgn=127245 line=Rx 10335795 09 f1 0d 00 00 f8 ff 7f 00 00 ff ff
source=0: pgn=Rudder(127245): values=Instance=(0) DirectionOrder=("0") AngleOrder=(None) Position=(0.00 deg)

0  : pgn=65359  line=Rx 10335801 1c ff 4f 00 3b 9f ff ff ff c5 41 ff
source=0: pgn=Seatalk: Pilot Heading(65359): values=ManufacturerCode=(1851) IndustryCode=(4) HeadingTrue=(None) HeadingMagnetic=(96.47 deg)

32 : pgn=128259 line=Rx 10335821 09 f5 03 20 79 27 01 ff ff ff ff ff
source=32: pgn=Speed(128259): values=SpeedWaterReferenced=(2.95 m/s) SpeedGroundReferenced=(None) SpeedWaterReferencedType=(None) SpeedDirection=(None)

3  : pgn=129026 line=Tx 10335853 09 f8 02 03 ff fc e2 4b 45 01 ff ff
source=3: pgn=COG & SOG, Rapid Update(129026): values=COGReference=("0") COG=(111.30 deg) SOG=(3.25 m/s)

3  : pgn=129025 line=Tx 10335853 09 f8 01 03 0b 69 6f 1c 00 a6 fd b6
source=3: pgn=Position, Rapid Update(129025): values=Latitude=(47.706343499999996 deg) Longitude=(-122.489088 deg)

3  : pgn=126992 line=Tx 10335853 0d f0 10 03 ff ff 06 40 72 a9 12 2c
source=3: pgn=System Time(126992): values=Source=(None) Date=(16390 d) Time=(73942.053 s)

0  : pgn=127250 line=Rx 10335882 09 f1 12 00 ff aa 41 ff 7f ff 7f fd
source=0: pgn=Vessel Heading(127250): values=Heading=(96.31 deg) Deviation=(None) Variation=(None) Reference=("1")

0  : pgn=127245 line=Rx 10335883 09 f1 0d 00 00 f8 ff 7f 00 00 ff ff
source=0: pgn=Rudder(127245): values=Instance=(0) DirectionOrder=("0") AngleOrder=(None) Position=(0.00 deg)

0  : pgn=65359  line=Rx 10335889 1c ff 4f 00 3b 9f ff ff ff aa 41 ff
source=0: pgn=Seatalk: Pilot Heading(65359): values=ManufacturerCode=(1851) IndustryCode=(4) HeadingTrue=(None) HeadingMagnetic=(96.31 deg)

32 : pgn=128259 line=Rx 10335921 09 f5 03 20 7a 29 01 ff ff ff ff ff
source=32: pgn=Speed(128259): values=SpeedWaterReferenced=(2.97 m/s) SpeedGroundReferenced=(None) SpeedWaterReferencedType=(None) SpeedDirection=(None)

3  : pgn=129025 line=Tx 10335953 09 f8 01 03 d6 68 6f 1c a1 a6 fd b6
source=3: pgn=Position, Rapid Update(129025): values=Latitude=(47.7063382 deg) Longitude=(-122.4890719 deg)

0  : pgn=127250 line=Rx 10335981 09 f1 12 00 ff 72 41 ff 7f ff 7f fd
source=0: pgn=Vessel Heading(127250): values=Heading=(95.99 deg) Deviation=(None) Variation=(None) Reference=("1")

0  : pgn=127245 line=Rx 10335982 09 f1 0d 00 00 f8 ff 7f 00 00 ff ff
source=0: pgn=Rudder(127245): values=Instance=(0) DirectionOrder=("0") AngleOrder=(None) Position=(0.00 deg)

0  : pgn=65359  line=Rx 10335985 1c ff 4f 00 3b 9f ff ff ff 72 41 ff
source=0: pgn=Seatalk: Pilot Heading(65359): values=ManufacturerCode=(1851) IndustryCode=(4) HeadingTrue=(None) HeadingMagnetic=(95.99 deg)

1  : pgn=129038 line=Rx 10336014 11 f8 0e 01 a0 1b c1 78 cf e8 15 18
1  : pgn=129038 line=Rx 10336015 11 f8 0e 01 a1 75 13 b7 d1 74 5a 1c
1  : pgn=129038 line=Rx 10336015 11 f8 0e 01 a2 5c 88 96 00 00 00 00
1  : pgn=129038 line=Rx 10336016 11 f8 0e 01 a3 00 4f 77 00 00 f0 fe
32 : pgn=128259 line=Rx 10336020 09 f5 03 20 7b 2b 01 ff ff ff ff ff
source=32: pgn=Speed(128259): values=SpeedWaterReferenced=(2.99 m/s) SpeedGroundReferenced=(None) SpeedWaterReferencedType=(None) SpeedDirection=(None)

3  : pgn=129026 line=Tx 10336053 09 f8 02 03 ff fc 27 4c 45 01 ff ff
source=3: pgn=COG & SOG, Rapid Update(129026): values=COGReference=("0") COG=(111.70 deg) SOG=(3.25 m/s)

3  : pgn=129025 line=Tx 10336053 09 f8 01 03 d6 68 6f 1c a1 a6 fd b6
source=3: pgn=Position, Rapid Update(129025): values=Latitude=(47.7063382 deg) Longitude=(-122.4890719 deg)

3  : pgn=129291 line=Tx 10336053 0d f9 0b 03 ff fc 3b 40 27 00 ff ff
source=3: pgn=Set & Drift, Rapid Update(129291): values=SetReference=("0") Set=(94.21 deg) Drift=(0.39 m/s)

0  : pgn=127250 line=Rx 10336086 09 f1 12 00 ff 48 41 ff 7f ff 7f fd
source=0: pgn=Vessel Heading(127250): values=Heading=(95.75 deg) Deviation=(None) Variation=(None) Reference=("1")

0  : pgn=127245 line=Rx 10336086 09 f1 0d 00 00 f8 ff 7f 00 00 ff ff
source=0: pgn=Rudder(127245): values=Instance=(0) DirectionOrder=("0") AngleOrder=(None) Position=(0.00 deg)

0  : pgn=65359  line=Rx 10336093 1c ff 4f 00 3b 9f ff ff ff 48 41 ff
source=0: pgn=Seatalk: Pilot Heading(65359): values=ManufacturerCode=(1851) IndustryCode=(4) HeadingTrue=(None) HeadingMagnetic=(95.75 deg)

0  : pgn=126975 line=Rx 10336095 1d ef ff 00 e0 08 3b 9f f0 81 9c 11
0  : pgn=126975 line=Rx 10336097 1d ef ff 00 e1 03 00 ff ff ff ff ff
32 : pgn=128259 line=Rx 10336122 09 f5 03 20 7c 2d 01 ff ff ff ff ff
source=32: pgn=Speed(128259): values=SpeedWaterReferenced=(3.0100000000000002 m/s) SpeedGroundReferenced=(None) SpeedWaterReferencedType=(None) SpeedDirection=(None)

32 : pgn=130310 line=Rx 10336125 15 fd 06 20 d6 ff ff ff ff ff ff ff
source=32: pgn=Environmental Parameters (obsolete)(130310): values=WaterTemperature=(None) OutsideAmbientAirTemperature=(None) AtmosphericPressure=(None)

32 : pgn=128275 line=Rx 10336135 19 f5 13 20 00 0e ff ff ff ff ff ff
source=32: pgn=Distance Log(128275): values=Date=(3584 d) Time=(None) Log=(0 m) TripLog=(0 m)

32 : pgn=128275 line=Rx 10336140 19 f5 13 20 01 fc ad 3c 00 fc ad 3c
source=32: pgn=Distance Log(128275): values=Date=(64513 d) Time=(422787.39650000003 s) Log=(0 m) TripLog=(0 m)

32 : pgn=128275 line=Rx 10336145 19 f5 13 20 02 00 ff ff ff ff ff ff
source=32: pgn=Distance Log(128275): values=Date=(2 d) Time=(None) Log=(0 m) TripLog=(0 m)

3  : pgn=129025 line=Tx 10336154 09 f8 01 03 d6 68 6f 1c a1 a6 fd b6
source=3: pgn=Position, Rapid Update(129025): values=Latitude=(47.7063382 deg) Longitude=(-122.4890719 deg)

1  : pgn=59936  line=Rx 10336165 18 ea 20 01 00 ee 00 00 00 00 00 00
0  : pgn=127250 line=Rx 10336181 09 f1 12 00 ff 39 41 ff 7f ff 7f fd
source=0: pgn=Vessel Heading(127250): values=Heading=(95.67 deg) Deviation=(None) Variation=(None) Reference=("1")

0  : pgn=127245 line=Rx 10336182 09 f1 0d 00 00 f8 ff 7f 00 00 ff ff
source=0: pgn=Rudder(127245): values=Instance=(0) DirectionOrder=("0") AngleOrder=(None) Position=(0.00 deg)

0  : pgn=65359  line=Rx 10336186 1c ff 4f 00 3b 9f ff ff ff 39 41 ff
source=0: pgn=Seatalk: Pilot Heading(65359): values=ManufacturerCode=(1851) IndustryCode=(4) HeadingTrue=(None) HeadingMagnetic=(95.67 deg)

1  : pgn=129793 line=Rx 10336198 1d fb 01 01 40 1a 04 a1 fc 37 00 f0
1  : pgn=129793 line=Rx 10336198 1d fb 01 01 41 bb e8 b6 30 7b e1 1c
1  : pgn=129793 line=Rx 10336199 1d fb 01 01 42 ff 50 80 12 2c 00 00
1  : pgn=129793 line=Rx 10336199 1d fb 01 01 43 00 06 40 ff 00 fc ff
32 : pgn=128259 line=Rx 10336219 09 f5 03 20 7d 32 01 ff ff ff ff ff
source=32: pgn=Speed(128259): values=SpeedWaterReferenced=(3.06 m/s) SpeedGroundReferenced=(None) SpeedWaterReferencedType=(None) SpeedDirection=(None)

3  : pgn=129026 line=Tx 10336254 09 f8 02 03 ff fc f3 4b 45 01 ff ff
source=3: pgn=COG & SOG, Rapid Update(129026): values=COGReference=("0") COG=(111.40 deg) SOG=(3.25 m/s)

3  : pgn=130577 line=Tx 10336254 0d fe 11 03 c0 0e c0 8f f3 4b 45 01
3  : pgn=130577 line=Tx 10336254 0d fe 11 03 c1 ff ff ff ff 3b 40 27
3  : pgn=130577 line=Tx 10336254 0d fe 11 03 c2 00 ff ff ff ff ff ff
3  : pgn=129025 line=Tx 10336254 09 f8 01 03 e6 68 6f 1c f1 a6 fd b6
3  : pgn=130306 line=Tx 10336254 09 fd 02 03 ff 23 03 88 cc fa ff ff
source=3: pgn=Wind Data(130306): values=WindSpeed=(8.03 m/s) WindAngle=(300.00 deg) Reference=("2")

0  : pgn=127250 line=Rx 10336294 09 f1 12 00 ff 1d 41 ff 7f ff 7f fd
source=0: pgn=Vessel Heading(127250): values=Heading=(95.51 deg) Deviation=(None) Variation=(None) Reference=("1")

0  : pgn=127245 line=Rx 10336295 09 f1 0d 00 00 f8 ff 7f 00 00 ff ff
source=0: pgn=Rudder(127245): values=Instance=(0) DirectionOrder=("0") AngleOrder=(None) Position=(0.00 deg)

0  : pgn=65359  line=Rx 10336303 1c ff 4f 00 3b 9f ff ff ff 1d 41 ff
source=0: pgn=Seatalk: Pilot Heading(65359): values=ManufacturerCode=(1851) IndustryCode=(4) HeadingTrue=(None) HeadingMagnetic=(95.51 deg)

32 : pgn=128259 line=Rx 10336319 09 f5 03 20 7e 34 01 ff ff ff ff ff
source=32: pgn=Speed(128259): values=SpeedWaterReferenced=(3.08 m/s) SpeedGroundReferenced=(None) SpeedWaterReferencedType=(None) SpeedDirection=(None)

3  : pgn=129283 line=Tx 10336355 0d f9 03 03 ff 7f ff ff ff 7f ff ff
source=3: pgn=Cross Track Error(129283): values=XTEmode=(None) NavigationTerminated=("1") XTE=(None)

3  : pgn=129025 line=Tx 10336355 09 f8 01 03 e6 68 6f 1c f1 a6 fd b6
source=3: pgn=Position, Rapid Update(129025): values=Latitude=(47.706339799999995 deg) Longitude=(-122.48906389999999 deg)

3  : pgn=128267 line=Tx 10336355 0d f5 0b 03 ff 8b 3d 00 00 00 00 ff
source=3: pgn=Water Depth(128267): values=Depth=(157.55 m) Offset=(0.0 m) Range=(None)

1  : pgn=129794 line=Rx 10336380 19 fb 02 01 20 4b 05 8a bc e4 15 ff
1  : pgn=129794 line=Rx 10336380 19 fb 02 01 21 ff ff ff 57 44 44 39
1  : pgn=129794 line=Rx 10336381 19 fb 02 01 22 34 37 36 4c 4f 49 53
1  : pgn=129794 line=Rx 10336381 19 fb 02 01 23 20 41 4e 44 45 52 53
1  : pgn=129794 line=Rx 10336382 19 fb 02 01 24 4f 4e 20 20 20 20 20
1  : pgn=129794 line=Rx 10336382 19 fb 02 01 25 20 20 1e 4a 01 5a 00
1  : pgn=129794 line=Rx 10336383 19 fb 02 01 26 ff ff ff ff 9f 3f 40
1  : pgn=129794 line=Rx 10336383 19 fb 02 01 27 30 ff 17 2c 01 50 52
0  : pgn=127250 line=Rx 10336384 09 f1 12 00 ff 16 41 ff 7f ff 7f fd
source=0: pgn=Vessel Heading(127250): values=Heading=(95.47 deg) Deviation=(None) Variation=(None) Reference=("1")

1  : pgn=129794 line=Rx 10336385 19 fb 02 01 28 49 4e 43 45 20 57 49
1  : pgn=129794 line=Rx 10336385 19 fb 02 01 29 4c 4c 49 41 4d 20 53
1  : pgn=129794 line=Rx 10336386 19 fb 02 01 2a 4f 55 4e 44 04 e1 ff
0  : pgn=127245 line=Rx 10336387 09 f1 0d 00 00 f8 ff 7f 00 00 ff ff
source=0: pgn=Rudder(127245): values=Instance=(0) DirectionOrder=("0") AngleOrder=(None) Position=(0.00 deg)

0  : pgn=65359  line=Rx 10336392 1c ff 4f 00 3b 9f ff ff ff 16 41 ff
source=0: pgn=Seatalk: Pilot Heading(65359): values=ManufacturerCode=(1851) IndustryCode=(4) HeadingTrue=(None) HeadingMagnetic=(95.47 deg)

4  : pgn=65384  line=Rx 10336404 1c ff 68 04 3b 9f 00 00 00 00 00 00
32 : pgn=128259 line=Rx 10336418 09 f5 03 20 7f 33 01 ff ff ff ff ff
source=32: pgn=Speed(128259): values=SpeedWaterReferenced=(3.0700000000000003 m/s) SpeedGroundReferenced=(None) SpeedWaterReferencedType=(None) SpeedDirection=(None)

1  : pgn=129810 line=Rx 10336441 19 fb 12 01 a0 21 18 09 1d d6 12 25
1  : pgn=129810 line=Rx 10336441 19 fb 12 01 a1 80 93 34 52 00 00 57
1  : pgn=129810 line=Rx 10336442 19 fb 12 01 a2 40 40 40 40 40 40 40
1  : pgn=129810 line=Rx 10336442 19 fb 12 01 a3 64 00 1e 00 1e 00 00
1  : pgn=129810 line=Rx 10336443 19 fb 12 01 a4 00 00 00 00 00 17 ff
1  : pgn=130842 line=Rx 10336443 19 ff 1a 01 c0 24 41 9f 01 00 00 09
1  : pgn=130842 line=Rx 10336444 19 ff 1a 01 c1 1d d6 12 00 80 93 34
1  : pgn=130842 line=Rx 10336444 19 ff 1a 01 c2 52 00 00 57 40 40 40
1  : pgn=130842 line=Rx 10336445 19 ff 1a 01 c3 40 40 40 40 64 00 1e
1  : pgn=130842 line=Rx 10336446 19 ff 1a 01 c4 00 1e 00 00 00 00 00
1  : pgn=130842 line=Rx 10336446 19 ff 1a 01 c5 00 00 ff ff ff ff ff
3  : pgn=129026 line=Tx 10336455 09 f8 02 03 ff fc f3 4b 45 01 ff ff
source=3: pgn=COG & SOG, Rapid Update(129026): values=COGReference=("0") COG=(111.40 deg) SOG=(3.25 m/s)

3  : pgn=129025 line=Tx 10336455 09 f8 01 03 e6 68 6f 1c f1 a6 fd b6
source=3: pgn=Position, Rapid Update(129025): values=Latitude=(47.706339799999995 deg) Longitude=(-122.48906389999999 deg)

3  : pgn=129542 line=Tx 10336455 19 fa 06 03 c0 0f 8f 0e 01 00 00 00
3  : pgn=129542 line=Tx 10336455 19 fa 06 03 c1 00 00 00 00 00 00 00
3  : pgn=129542 line=Tx 10336455 19 fa 06 03 c2 00 00 ff ff ff ff ff
3  : pgn=65364  line=Tx 10336455 1c ff 54 03 3b 9f 23 03 88 cc ff ff
0  : pgn=127250 line=Rx 10336483 09 f1 12 00 ff 06 41 ff 7f ff 7f fd
source=0: pgn=Vessel Heading(127250): values=Heading=(95.37 deg) Deviation=(None) Variation=(None) Reference=("1")

0  : pgn=127245 line=Rx 10336484 09 f1 0d 00 00 f8 ff 7f 00 00 ff ff
source=0: pgn=Rudder(127245): values=Instance=(0) DirectionOrder=("0") AngleOrder=(None) Position=(0.00 deg)

0  : pgn=65359  line=Rx 10336491 1c ff 4f 00 3b 9f ff ff ff 06 41 ff
source=0: pgn=Seatalk: Pilot Heading(65359): values=ManufacturerCode=(1851) IndustryCode=(4) HeadingTrue=(None) HeadingMagnetic=(95.37 deg)

32 : pgn=128259 line=Rx 10336518 09 f5 03 20 80 3c 01 ff ff ff ff ff
source=32: pgn=Speed(128259): values=SpeedWaterReferenced=(3.16 m/s) SpeedGroundReferenced=(None) SpeedWaterReferencedType=(None) SpeedDirection=(None)

3  : pgn=129540 line=Tx 10336555 19 fa 04 03 00 9f b1 ff 0d 03 97 1a
source=3: pgn=GNSS Sats in View(129540): values=RangeResidualMode=(None) SatsinView=(177) PRN=(None) Elevation=(4.47 deg) Azimuth=(39.00 deg) SNR=(0.0 dB) Rangeresiduals=(0) Status=("0")

3  : pgn=129540 line=Tx 10336555 19 fa 04 03 01 2e 26 00 00 00 00 00
source=3: pgn=GNSS Sats in View(129540): values=RangeResidualMode=("0") SatsinView=(38) PRN=(0) Elevation=(0.00 deg) Azimuth=(0.00 deg) SNR=(0.0 dB) Rangeresiduals=(0) Status=("0")

3  : pgn=129540 line=Tx 10336555 19 fa 04 03 02 00 f3 0f ff 1d ad 3c
source=3: pgn=GNSS Sats in View(129540): values=RangeResidualMode=("0") SatsinView=(243) PRN=(15) Elevation=(44.00 deg) Azimuth=(89.00 deg) SNR=(0.0 dB) Rangeresiduals=(0) Status=("0")

3  : pgn=129540 line=Tx 10336555 19 fa 04 03 03 10 0e 00 00 00 00 f5
source=3: pgn=GNSS Sats in View(129540): values=RangeResidualMode=("0") SatsinView=(14) PRN=(0) Elevation=(0.00 deg) Azimuth=(359.36 deg) SNR=(0.0 dB) Rangeresiduals=(0) Status=("0")

3  : pgn=129540 line=Tx 10336555 19 fa 04 03 04 10 17 13 c2 b8 80 0c
source=3: pgn=GNSS Sats in View(129540): values=RangeResidualMode=("0") SatsinView=(23) PRN=(19) Elevation=(-104.50 deg) Azimuth=(18.33 deg) SNR=(0.0 dB) Rangeresiduals=(0) Status=("0")

3  : pgn=129540 line=Tx 10336555 19 fa 04 03 05 00 00 00 00 f5 12 c5
source=3: pgn=GNSS Sats in View(129540): values=RangeResidualMode=("0") SatsinView=(0) PRN=(0) Elevation=(-16.13 deg) Azimuth=(289.06 deg) SNR=(0.0 dB) Rangeresiduals=(0) Status=("0")

3  : pgn=129540 line=Tx 10336555 19 fa 04 03 06 31 f2 93 48 0d 00 00
source=3: pgn=GNSS Sats in View(129540): values=RangeResidualMode=("1") SatsinView=(242) PRN=(147) Elevation=(19.48 deg) Azimuth=(0.00 deg) SNR=(0.0 dB) Rangeresiduals=(0) Status=("0")

3  : pgn=129540 line=Tx 10336555 19 fa 04 03 07 00 00 f5 13 69 03 1f
source=3: pgn=GNSS Sats in View(129540): values=RangeResidualMode=("0") SatsinView=(0) PRN=(245) Elevation=(154.12 deg) Azimuth=(45.49 deg) SNR=(0.0 dB) Rangeresiduals=(0) Status=("0")

3  : pgn=129540 line=Tx 10336555 19 fa 04 03 08 d8 3c 0f 00 00 00 00
source=3: pgn=GNSS Sats in View(129540): values=RangeResidualMode=("0") SatsinView=(60) PRN=(15) Elevation=(0.00 deg) Azimuth=(0.00 deg) SNR=(0.0 dB) Rangeresiduals=(0) Status=("0")

3  : pgn=129540 line=Tx 10336555 19 fa 04 03 09 f5 15 e8 37 68 21 e4
source=3: pgn=GNSS Sats in View(129540): values=RangeResidualMode=("1") SatsinView=(21) PRN=(232) Elevation=(152.86 deg) Azimuth=(334.61 deg) SNR=(0.0 dB) Rangeresiduals=(0) Status=("0")

3  : pgn=129540 line=Tx 10336555 19 fa 04 03 0a 0c 00 00 00 00 f5 16
source=3: pgn=GNSS Sats in View(129540): values=RangeResidualMode=("0") SatsinView=(0) PRN=(0) Elevation=(0.00 deg) Azimuth=(33.67 deg) SNR=(0.0 dB) Rangeresiduals=(0) Status=("0")

3  : pgn=129540 line=Tx 10336556 19 fa 04 03 0b 80 16 cf 9c 04 10 00
source=3: pgn=GNSS Sats in View(129540): values=RangeResidualMode=("0") SatsinView=(22) PRN=(207) Elevation=(6.76 deg) Azimuth=(0.09 deg) SNR=(0.0 dB) Rangeresiduals=(0) Status=("0")

3  : pgn=129540 line=Tx 10336557 19 fa 04 03 0c 00 00 00 f5 1a ae 0f
source=3: pgn=GNSS Sats in View(129540): values=RangeResidualMode=("0") SatsinView=(0) PRN=(0) Elevation=(39.54 deg) Azimuth=(23.00 deg) SNR=(0.0 dB) Rangeresiduals=(0) Status=("0")

3  : pgn=129540 line=Tx 10336559 19 fa 04 03 0d 5d 1f 80 0c 00 00 00
source=3: pgn=GNSS Sats in View(129540): values=RangeResidualMode=("1") SatsinView=(31) PRN=(128) Elevation=(0.07 deg) Azimuth=(0.00 deg) SNR=(0.0 dB) Rangeresiduals=(0) Status=("0")

3  : pgn=129540 line=Tx 10336559 19 fa 04 03 0e 00 f5 1b d1 15 ab d2
source=3: pgn=GNSS Sats in View(129540): values=RangeResidualMode=("0") SatsinView=(245) PRN=(27) Elevation=(32.00 deg) Azimuth=(309.00 deg) SNR=(0.0 dB) Rangeresiduals=(0) Status=("0")

3  : pgn=129540 line=Tx 10336560 19 fa 04 03 0f 04 10 00 00 00 00 f5
source=3: pgn=GNSS Sats in View(129540): values=RangeResidualMode=("0") SatsinView=(16) PRN=(0) Elevation=(0.00 deg) Azimuth=(359.36 deg) SNR=(0.0 dB) Rangeresiduals=(0) Status=("0")

3  : pgn=129540 line=Tx 10336561 19 fa 04 03 10 1d 00 0f a1 67 54 0b
source=3: pgn=GNSS Sats in View(129540): values=RangeResidualMode=("1") SatsinView=(0) PRN=(15) Elevation=(152.00 deg) Azimuth=(16.62 deg) SNR=(0.0 dB) Rangeresiduals=(0) Status=("0")

3  : pgn=129540 line=Tx 10336562 19 fa 04 03 11 00 00 00 00 f5 23 d1
source=3: pgn=GNSS Sats in View(129540): values=RangeResidualMode=("0") SatsinView=(0) PRN=(0) Elevation=(-16.13 deg) Azimuth=(306.76 deg) SNR=(0.0 dB) Rangeresiduals=(0) Status=("0")

3  : pgn=129540 line=Tx 10336562 19 fa 04 03 12 15 c3 8b 00 00 00 00
source=3: pgn=GNSS Sats in View(129540): values=RangeResidualMode=("1") SatsinView=(195) PRN=(139) Elevation=(0.00 deg) Azimuth=(0.00 deg) SNR=(0.0 dB) Rangeresiduals=(0) Status=("0")

3  : pgn=129540 line=Tx 10336563 19 fa 04 03 13 00 00 f3 30 2e 17 43
source=3: pgn=GNSS Sats in View(129540): values=RangeResidualMode=("0") SatsinView=(0) PRN=(243) Elevation=(67.75 deg) Azimuth=(98.41 deg) SNR=(0.0 dB) Rangeresiduals=(0) Status=("0")

3  : pgn=129540 line=Tx 10336564 19 fa 04 03 14 84 48 0d 00 00 00 00
source=3: pgn=GNSS Sats in View(129540): values=RangeResidualMode=("0") SatsinView=(72) PRN=(13) Elevation=(0.00 deg) Azimuth=(0.00 deg) SNR=(0.0 dB) Rangeresiduals=(0) Status=("0")

3  : pgn=129540 line=Tx 10336564 19 fa 04 03 15 f5 33 80 16 67 6c 54
source=3: pgn=GNSS Sats in View(129540): values=RangeResidualMode=("1") SatsinView=(51) PRN=(128) Elevation=(151.20 deg) Azimuth=(123.83 deg) SNR=(0.0 dB) Rangeresiduals=(0) Status=("0")

3  : pgn=129540 line=Tx 10336565 19 fa 04 03 16 0b 00 00 00 00 f5 ff
source=3: pgn=GNSS Sats in View(129540): values=RangeResidualMode=(None) SatsinView=(0) PRN=(0) Elevation=(0.00 deg) Azimuth=(375.43 deg) SNR=(0.0 dB) Rangeresiduals=(0) Status=("0")

3  : pgn=129025 line=Tx 10336566 09 f8 01 03 b8 68 6f 1c 92 a7 fd b6
source=3: pgn=Position, Rapid Update(129025): values=Latitude=(47.7063352 deg) Longitude=(-122.4890478 deg)

3  : pgn=127258 line=Tx 10336567 19 f1 1a 03 ff f6 12 39 fa 0a ff ff
source=3: pgn=Magnetic Variation(127258): values=Source=("6") Ageofservice=(14610 d) Variation=(16.10 deg)

0  : pgn=127250 line=Rx 10336589 09 f1 12 00 ff fb 40 ff 7f ff 7f fd
source=0: pgn=Vessel Heading(127250): values=Heading=(95.31 deg) Deviation=(None) Variation=(None) Reference=("1")

0  : pgn=127245 line=Rx 10336589 09 f1 0d 00 00 f8 ff 7f 00 00 ff ff
source=0: pgn=Rudder(127245): values=Instance=(0) DirectionOrder=("0") AngleOrder=(None) Position=(0.00 deg)

0  : pgn=65379  line=Rx 10336594 1c ff 63 00 3b 9f 00 00 00 00 01 ff
source=0: pgn=Seatalk: Pilot Mode(65379): values=ManufacturerCode=(1851) IndustryCode=(4) PilotMode=(0) SubMode=(0) PilotModeData=(0)

0  : pgn=65359  line=Rx 10336595 1c ff 4f 00 3b 9f ff ff ff fb 40 ff
source=0: pgn=Seatalk: Pilot Heading(65359): values=ManufacturerCode=(1851) IndustryCode=(4) HeadingTrue=(None) HeadingMagnetic=(95.31 deg)

0  : pgn=126975 line=Rx 10336596 1d ef ff 00 00 0d 3b 9f f0 81 84 d6
0  : pgn=126975 line=Rx 10336598 1d ef ff 00 01 42 0b 00 00 00 02 05
32 : pgn=128259 line=Rx 10336617 09 f5 03 20 81 2b 01 ff ff ff ff ff
source=32: pgn=Speed(128259): values=SpeedWaterReferenced=(2.99 m/s) SpeedGroundReferenced=(None) SpeedWaterReferencedType=(None) SpeedDirection=(None)

32 : pgn=65368  line=Rx 10336647 1c ff 58 20 3b 9f 35 56 71 ff ff ff
1  : pgn=129793 line=Rx 10336654 1d fb 01 01 60 1a 04 a0 fc 37 00 4d
1  : pgn=129793 line=Rx 10336654 1d fb 01 01 61 6f d0 b6 dd 64 57 1c
1  : pgn=129793 line=Rx 10336655 1d fb 01 01 62 ff 60 a7 12 2c 00 00
1  : pgn=129793 line=Rx 10336655 1d fb 01 01 63 08 06 40 ff 00 fc ff
3  : pgn=129026 line=Tx 10336656 09 f8 02 03 ff fc f3 4b 46 01 ff ff
source=3: pgn=COG & SOG, Rapid Update(129026): values=COGReference=("0") COG=(111.40 deg) SOG=(3.2600000000000002 m/s)

3  : pgn=129025 line=Tx 10336656 09 f8 01 03 b8 68 6f 1c 92 a7 fd b6
source=3: pgn=Position, Rapid Update(129025): values=Latitude=(47.7063352 deg) Longitude=(-122.4890478 deg)

0  : pgn=127250 line=Rx 10336683 09 f1 12 00 ff f6 40 ff 7f ff 7f fd
source=0: pgn=Vessel Heading(127250): values=Heading=(95.28 deg) Deviation=(None) Variation=(None) Reference=("1")

0  : pgn=127245 line=Rx 10336683 09 f1 0d 00 00 f8 ff 7f 00 00 ff ff
source=0: pgn=Rudder(127245): values=Instance=(0) DirectionOrder=("0") AngleOrder=(None) Position=(0.00 deg)

0  : pgn=65359  line=Rx 10336690 1c ff 4f 00 3b 9f ff ff ff f6 40 ff
source=0: pgn=Seatalk: Pilot Heading(65359): values=ManufacturerCode=(1851) IndustryCode=(4) HeadingTrue=(None) HeadingMagnetic=(95.28 deg)

0  : pgn=126975 line=Rx 10336693 1d ef ff 00 20 09 3b 9f f0 81 ae 02
0  : pgn=126975 line=Rx 10336695 1d ef ff 00 21 00 08 00 ff ff ff ff
32 : pgn=128259 line=Rx 10336717 09 f5 03 20 82 29 01 ff ff ff ff ff
source=32: pgn=Speed(128259): values=SpeedWaterReferenced=(2.97 m/s) SpeedGroundReferenced=(None) SpeedWaterReferencedType=(None) SpeedDirection=(None)

1  : pgn=129038 line=Rx 10336747 11 f8 0e 01 c0 1b c3 24 90 db 15 ad
1  : pgn=129038 line=Rx 10336747 11 f8 0e 01 c1 cc 01 b7 03 4d 52 1c
1  : pgn=129038 line=Rx 10336748 11 f8 0e 01 c2 5d 0e 9f c0 02 00 00
1  : pgn=129038 line=Rx 10336748 11 f8 0e 01 c3 00 7d 9d d2 e5 f0 fe
3  : pgn=129029 line=Tx 10336757 0d f8 05 03 c0 2b 8f 06 40 70 ce 12
3  : pgn=129029 line=Tx 10336757 0d f8 05 03 c1 2c 00 30 51 4f 97 de
3  : pgn=129029 line=Tx 10336757 0d f8 05 03 c2 9e 06 00 34 0d 9a 99
3  : pgn=129029 line=Tx 10336757 0d f8 05 03 c3 50 00 ef ff ff ff ff
3  : pgn=129029 line=Tx 10336758 0d f8 05 03 c4 ff ff ff 7f 23 fc 09
3  : pgn=129029 line=Tx 10336758 0d f8 05 03 c5 55 00 ff 7f ff ff ff
3  : pgn=129029 line=Tx 10336758 0d f8 05 03 c6 7f 00 ff ff ff ff ff
3  : pgn=129025 line=Tx 10336758 09 f8 01 03 b8 68 6f 1c 92 a7 fd b6
source=3: pgn=Position, Rapid Update(129025): values=Latitude=(47.7063352 deg) Longitude=(-122.4890478 deg)

3  : pgn=129033 line=Tx 10336758 0d f8 09 03 06 40 70 ce 12 2c 5c fe
source=3: pgn=Time & Date(129033): values=Date=(16390 d) Time=(73943.0 s) LocalOffset=(-25200.0 s)

0  : pgn=127250 line=Rx 10336783 09 f1 12 00 ff e7 40 ff 7f ff 7f fd
source=0: pgn=Vessel Heading(127250): values=Heading=(95.20 deg) Deviation=(None) Variation=(None) Reference=("1")

0  : pgn=127245 line=Rx 10336783 09 f1 0d 00 00 f8 ff 7f 00 00 ff ff
source=0: pgn=Rudder(127245): values=Instance=(0) DirectionOrder=("0") AngleOrder=(None) Position=(0.00 deg)

0  : pgn=65359  line=Rx 10336789 1c ff 4f 00 3b 9f ff ff ff e7 40 ff
source=0: pgn=Seatalk: Pilot Heading(65359): values=ManufacturerCode=(1851) IndustryCode=(4) HeadingTrue=(None) HeadingMagnetic=(95.20 deg)

32 : pgn=128259 line=Rx 10336816 09 f5 03 20 83 34 01 ff ff ff ff ff
source=32: pgn=Speed(128259): values=SpeedWaterReferenced=(3.08 m/s) SpeedGroundReferenced=(None) SpeedWaterReferencedType=(None) SpeedDirection=(None)

1  : pgn=129038 line=Rx 10336838 11 f8 0e 01 e0 1b c1 2c fc df 15 4c
1  : pgn=129038 line=Rx 10336838 11 f8 0e 01 e1 27 0d b7 9a be 68 1c
1  : pgn=129038 line=Rx 10336839 11 f8 0e 01 e2 50 59 b5 00 00 00 00
1  : pgn=129038 line=Rx 10336839 11 f8 0e 01 e3 00 39 37 00 00 f0 fe
3  : pgn=129026 line=Tx 10336859 09 f8 02 03 ff fc e2 4b 46 01 ff ff
source=3: pgn=COG & SOG, Rapid Update(129026): values=COGReference=("0") COG=(111.30 deg) SOG=(3.2600000000000002 m/s)

3  : pgn=129025 line=Tx 10336859 09 f8 01 03 a2 68 6f 1c e2 a7 fd b6
source=3: pgn=Position, Rapid Update(129025): values=Latitude=(47.706333 deg) Longitude=(-122.4890398 deg)

3  : pgn=126992 line=Tx 10336859 0d f0 10 03 ff ff 06 40 34 d8 12 2c
source=3: pgn=System Time(126992): values=Source=(None) Date=(16390 d) Time=(73943.25 s)

0  : pgn=127250 line=Rx 10336888 09 f1 12 00 ff d7 40 ff 7f ff 7f fd
source=0: pgn=Vessel Heading(127250): values=Heading=(95.11 deg) Deviation=(None) Variation=(None) Reference=("1")

0  : pgn=127245 line=Rx 10336888 09 f1 0d 00 00 f8 ff 7f 00 00 ff ff
source=0: pgn=Rudder(127245): values=Instance=(0) DirectionOrder=("0") AngleOrder=(None) Position=(0.00 deg)

0  : pgn=65359  line=Rx 10336895 1c ff 4f 00 3b 9f ff ff ff d7 40 ff
source=0: pgn=Seatalk: Pilot Heading(65359): values=ManufacturerCode=(1851) IndustryCode=(4) HeadingTrue=(None) HeadingMagnetic=(95.11 deg)

32 : pgn=128259 line=Rx 10336916 09 f5 03 20 84 29 01 ff ff ff ff ff
source=32: pgn=Speed(128259): values=SpeedWaterReferenced=(2.97 m/s) SpeedGroundReferenced=(None) SpeedWaterReferencedType=(None) SpeedDirection=(None)

1  : pgn=129041 line=Rx 10336929 11 f8 11 01 20 30 15 76 89 3a 3b ed
1  : pgn=129041 line=Rx 10336929 11 f8 11 01 21 61 e3 b6 67 78 ad 1c
1  : pgn=129041 line=Rx 10336930 11 f8 11 01 22 f4 00 00 00 00 00 00
1  : pgn=129041 line=Rx 10336930 11 f8 11 01 23 ff ff 52 ee ff e1 16
1  : pgn=129041 line=Rx 10336931 11 f8 11 01 24 01 50 53 20 54 53 4c
1  : pgn=129041 line=Rx 10336931 11 f8 11 01 25 20 53 42 20 20 20 20
1  : pgn=129041 line=Rx 10336932 11 f8 11 01 26 20 20 20 20 20 20 20
3  : pgn=129025 line=Tx 10336959 09 f8 01 03 a2 68 6f 1c e2 a7 fd b6
source=3: pgn=Position, Rapid Update(129025): values=Latitude=(47.706333 deg) Longitude=(-122.4890398 deg)

1  : pgn=129038 line=Rx 10336962 11 f8 0e 01 00 1b c1 8c 83 df 15 41
1  : pgn=129038 line=Rx 10336962 11 f8 0e 01 01 5d 14 b7 4a 29 66 1c
source=1: pgn=AIS Class A Position Report(129038): values=MessageID=(1) RepeatIndicator=("0") UserID=(1253512285) Longitude=(0.0 deg) Latitude=(0.0 deg) PositionAccuracy=("0") RAIM=("0") TimeStamp=("0") COG=(0.00 deg) SOG=(0.0 m/s) CommunicationState=(0) AISTransceiverinformation=("0") Heading=(0.00 deg) RateofTurn=(0.00 deg/s) NavStatus=("0") SpecialManeuverIndicator=("0") Spare=(0) SequenceID=(0)

1  : pgn=129038 line=Rx 10336963 11 f8 0e 01 02 50 3f 02 00 00 00 00
source=1: pgn=AIS Class A Position Report(129038): values=MessageID=(2) RepeatIndicator=("0") UserID=(147280) Longitude=(0.0 deg) Latitude=(0.0 deg) PositionAccuracy=("0") RAIM=("0") TimeStamp=("0") COG=(0.00 deg) SOG=(0.0 m/s) CommunicationState=(0) AISTransceiverinformation=("0") Heading=(0.00 deg) RateofTurn=(0.00 deg/s) NavStatus=("0") SpecialManeuverIndicator=("0") Spare=(0) SequenceID=(0)

1  : pgn=129038 line=Rx 10336963 11 f8 0e 01 03 00 ff ff ff 7f f0 fe
source=1: pgn=AIS Class A Position Report(129038): values=MessageID=(3) RepeatIndicator=("0") UserID=(4294967040) Longitude=(0.0 deg) Latitude=(0.0 deg) PositionAccuracy=("0") RAIM=("0") TimeStamp=("0") COG=(0.00 deg) SOG=(0.0 m/s) CommunicationState=(0) AISTransceiverinformation=("0") Heading=(0.00 deg) RateofTurn=(0.00 deg/s) NavStatus=("0") SpecialManeuverIndicator=("0") Spare=(0) SequenceID=(0)

0  : pgn=127250 line=Rx 10336980 09 f1 12 00 ff ac 40 ff 7f ff 7f fd
source=0: pgn=Vessel Heading(127250): values=Heading=(94.86 deg) Deviation=(None) Variation=(None) Reference=("1")

0  : pgn=127245 line=Rx 10336981 09 f1 0d 00 00 f8 ff 7f 00 00 ff ff
source=0: pgn=Rudder(127245): values=Instance=(0) DirectionOrder=("0") AngleOrder=(None) Position=(0.00 deg)

0  : pgn=65359  line=Rx 10336986 1c ff 4f 00 3b 9f ff ff ff ac 40 ff
source=0: pgn=Seatalk: Pilot Heading(65359): values=ManufacturerCode=(1851) IndustryCode=(4) HeadingTrue=(None) HeadingMagnetic=(94.86 deg)

32 : pgn=128259 line=Rx 10337015 09 f5 03 20 85 2c 01 ff ff ff ff ff
source=32: pgn=Speed(128259): values=SpeedWaterReferenced=(3.0 m/s) SpeedGroundReferenced=(None) SpeedWaterReferencedType=(None) SpeedDirection=(None)

3  : pgn=129026 line=Tx 10337059 09 f8 02 03 ff fc d0 4b 46 01 ff ff
source=3: pgn=COG & SOG, Rapid Update(129026): values=COGReference=("0") COG=(111.20 deg) SOG=(3.2600000000000002 m/s)

3  : pgn=129025 line=Tx 10337059 09 f8 01 03 8e 68 6f 1c 33 a8 fd b6
source=3: pgn=Position, Rapid Update(129025): values=Latitude=(47.706331 deg) Longitude=(-122.4890317 deg)

3  : pgn=129291 line=Tx 10337059 0d f9 0b 03 ff fc 3b 4c 0a 00 ff ff
source=3: pgn=Set & Drift, Rapid Update(129291): values=SetReference=("0") Set=(111.81 deg) Drift=(0.1 m/s)

4  : pgn=126975 line=Rx 10337063 1d ef ff 04 80 07 3b 9f f0 81 90 00
4  : pgn=126975 line=Rx 10337064 1d ef ff 04 81 03 ff ff ff ff ff ff
0  : pgn=127250 line=Rx 10337094 09 f1 12 00 ff 68 40 ff 7f ff 7f fd
source=0: pgn=Vessel Heading(127250): values=Heading=(94.47 deg) Deviation=(None) Variation=(None) Reference=("1")

0  : pgn=127245 line=Rx 10337095 09 f1 0d 00 00 f8 ff 7f 00 00 ff ff
source=0: pgn=Rudder(127245): values=Instance=(0) DirectionOrder=("0") AngleOrder=(None) Position=(0.00 deg)

0  : pgn=65359  line=Rx 10337102 1c ff 4f 00 3b 9f ff ff ff 68 40 ff
source=0: pgn=Seatalk: Pilot Heading(65359): values=ManufacturerCode=(1851) IndustryCode=(4) HeadingTrue=(None) HeadingMagnetic=(94.47 deg)

0  : pgn=126975 line=Rx 10337103 1d ef ff 00 40 08 3b 9f f0 81 9c 51
0  : pgn=126975 line=Rx 10337106 1d ef ff 00 41 02 00 ff ff ff ff ff
32 : pgn=128259 line=Rx 10337117 09 f5 03 20 86 3a 01 ff ff ff ff ff
source=32: pgn=Speed(128259): values=SpeedWaterReferenced=(3.14 m/s) SpeedGroundReferenced=(None) SpeedWaterReferencedType=(None) SpeedDirection=(None)

32 : pgn=130310 line=Rx 10337120 15 fd 06 20 d7 ff ff ff ff ff ff ff
source=32: pgn=Environmental Parameters (obsolete)(130310): values=WaterTemperature=(None) OutsideAmbientAirTemperature=(None) AtmosphericPressure=(None)

32 : pgn=128275 line=Rx 10337130 19 f5 13 20 20 0e ff ff ff ff ff ff
32 : pgn=128275 line=Rx 10337135 19 f5 13 20 21 0e ae 3c 00 0e ae 3c
32 : pgn=128275 line=Rx 10337140 19 f5 13 20 22 00 ff ff ff ff ff ff
3  : pgn=129025 line=Tx 10337159 09 f8 01 03 8e 68 6f 1c 33 a8 fd b6
source=3: pgn=Position, Rapid Update(129025): values=Latitude=(47.706331 deg) Longitude=(-122.4890317 deg)

1  : pgn=59936  line=Rx 10337173 18 ea 20 01 00 ee 00 00 00 00 00 00
0  : pgn=127250 line=Rx 10337180 09 f1 12 00 ff 4b 40 ff 7f ff 7f fd
source=0: pgn=Vessel Heading(127250): values=Heading=(94.30 deg) Deviation=(None) Variation=(None) Reference=("1")

0  : pgn=127245 line=Rx 10337181 09 f1 0d 00 00 f8 ff 7f 00 00 ff ff
source=0: pgn=Rudder(127245): values=Instance=(0) DirectionOrder=("0") AngleOrder=(None) Position=(0.00 deg)

0  : pgn=65359  line=Rx 10337186 1c ff 4f 00 3b 9f ff ff ff 4b 40 ff
source=0: pgn=Seatalk: Pilot Heading(65359): values=ManufacturerCode=(1851) IndustryCode=(4) HeadingTrue=(None) HeadingMagnetic=(94.30 deg)

1  : pgn=129039 line=Rx 10337204 11 f8 0f 01 c0 1a 12 c9 07 28 14 35
1  : pgn=129039 line=Rx 10337204 11 f8 0f 01 c1 ed 18 b7 7f 19 66 1c
1  : pgn=129039 line=Rx 10337205 11 f8 0f 01 c2 58 3f 26 00 00 03 00
1  : pgn=129039 line=Rx 10337205 11 f8 0f 01 c3 08 ff ff 00 fc ff ff
1  : pgn=129038 line=Rx 10337207 11 f8 0e 01 20 1b c1 d0 05 2f 14 2b
1  : pgn=129038 line=Rx 10337207 11 f8 0e 01 21 2e 16 b7 75 80 64 1c
1  : pgn=129038 line=Rx 10337207 11 f8 0e 01 22 5c c1 d6 00 00 00 00
1  : pgn=129038 line=Rx 10337208 11 f8 0e 01 23 00 9f c1 00 00 ff fe
32 : pgn=128259 line=Rx 10337214 09 f5 03 20 87 30 01 ff ff ff ff ff
3  : pgn=129026 line=Tx 10337259 09 f8 02 03 ff fc d0 4b 46 01 ff ff
source=3: pgn=COG & SOG, Rapid Update(129026): values=COGReference=("0") COG=(111.20 deg) SOG=(3.2600000000000002 m/s)

3  : pgn=130577 line=Tx 10337259 0d fe 11 03 e0 0e c0 90 d0 4b 46 01
3  : pgn=130577 line=Tx 10337259 0d fe 11 03 e1 ff ff ff ff 3b 4c 0a
3  : pgn=130577 line=Tx 10337260 0d fe 11 03 e2 00 ff ff ff ff ff ff
3  : pgn=129025 line=Tx 10337260 09 f8 01 03 8e 68 6f 1c 33 a8 fd b6
3  : pgn=130306 line=Tx 10337260 09 fd 02 03 ff 23 03 36 cd fa ff ff
source=3: pgn=Wind Data(130306): values=WindSpeed=(8.03 m/s) WindAngle=(301.00 deg) Reference=("2")

0  : pgn=127250 line=Rx 10337292 09 f1 12 00 ff 14 40 ff 7f ff 7f fd
source=0: pgn=Vessel Heading(127250): values=Heading=(93.99 deg) Deviation=(None) Variation=(None) Reference=("1")

0  : pgn=127245 line=Rx 10337294 09 f1 0d 00 00 f8 ff 7f 00 00 ff ff
source=0: pgn=Rudder(127245): values=Instance=(0) DirectionOrder=("0") AngleOrder=(None) Position=(0.00 deg)

0  : pgn=65359  line=Rx 10337300 1c ff 4f 00 3b 9f ff ff ff 14 40 ff
source=0: pgn=Seatalk: Pilot Heading(65359): values=ManufacturerCode=(1851) IndustryCode=(4) HeadingTrue=(None) HeadingMagnetic=(93.99 deg)

32 : pgn=128259 line=Rx 10337314 09 f5 03 20 88 33 01 ff ff ff ff ff
source=32: pgn=Speed(128259): values=SpeedWaterReferenced=(3.0700000000000003 m/s) SpeedGroundReferenced=(None) SpeedWaterReferencedType=(None) SpeedDirection=(None)

1  : pgn=129041 line=Rx 10337326 11 f8 11 01 40 30 15 76 89 3a 3b ed
1  : pgn=129041 line=Rx 10337326 11 f8 11 01 41 61 e3 b6 67 78 ad 1c
1  : pgn=129041 line=Rx 10337327 11 f8 11 01 42 f4 00 00 00 00 00 00
1  : pgn=129041 line=Rx 10337327 11 f8 11 01 43 ff ff 52 ee ff e0 16
1  : pgn=129041 line=Rx 10337328 11 f8 11 01 44 01 50 53 20 54 53 4c
1  : pgn=129041 line=Rx 10337328 11 f8 11 01 45 20 53 42 20 20 20 20
1  : pgn=129041 line=Rx 10337329 11 f8 11 01 46 20 20 20 20 20 20 20
3  : pgn=129283 line=Tx 10337361 0d f9 03 03 ff 7f ff ff ff 7f ff ff
source=3: pgn=Cross Track Error(129283): values=XTEmode=(None) NavigationTerminated=("1") XTE=(None)

3  : pgn=129025 line=Tx 10337361 09 f8 01 03 70 68 6f 1c dd a8 fd b6
source=3: pgn=Position, Rapid Update(129025): values=Latitude=(47.706328 deg) Longitude=(-122.4890147 deg)

3  : pgn=128267 line=Tx 10337361 0d f5 0b 03 ff 8e 3d 00 00 00 00 ff
source=3: pgn=Water Depth(128267): values=Depth=(157.58 m) Offset=(0.0 m) Range=(None)

0  : pgn=127250 line=Rx 10337383 09 f1 12 00 ff e6 3f ff 7f ff 7f fd
source=0: pgn=Vessel Heading(127250): values=Heading=(93.72 deg) Deviation=(None) Variation=(None) Reference=("1")

0  : pgn=127245 line=Rx 10337384 09 f1 0d 00 00 f8 ff 7f 00 00 ff ff
source=0: pgn=Rudder(127245): values=Instance=(0) DirectionOrder=("0") AngleOrder=(None) Position=(0.00 deg)

1  : pgn=129038 line=Rx 10337388 11 f8 0e 01 40 1b c1 2c 37 e1 15 49
1  : pgn=129038 line=Rx 10337388 11 f8 0e 01 41 65 0c b7 41 28 69 1c
1  : pgn=129038 line=Rx 10337389 11 f8 0e 01 42 54 00 00 00 00 00 00
1  : pgn=129038 line=Rx 10337389 11 f8 0e 01 43 00 ff ff ff 7f f0 fe
0  : pgn=65359  line=Rx 10337390 1c ff 4f 00 3b 9f ff ff ff e6 3f ff
source=0: pgn=Seatalk: Pilot Heading(65359): values=ManufacturerCode=(1851) IndustryCode=(4) HeadingTrue=(None) HeadingMagnetic=(93.72 deg)

4  : pgn=65384  line=Rx 10337404 1c ff 68 04 3b 9f 00 00 00 00 00 00
32 : pgn=128259 line=Rx 10337414 09 f5 03 20 89 35 01 ff ff ff ff ff
source=32: pgn=Speed(128259): values=SpeedWaterReferenced=(3.09 m/s) SpeedGroundReferenced=(None) SpeedWaterReferencedType=(None) SpeedDirection=(None)

3  : pgn=129026 line=Tx 10337461 09 f8 02 03 ff fc d0 4b 46 01 ff ff
source=3: pgn=COG & SOG, Rapid Update(129026): values=COGReference=("0") COG=(111.20 deg) SOG=(3.2600000000000002 m/s)

3  : pgn=129025 line=Tx 10337461 09 f8 01 03 70 68 6f 1c dd a8 fd b6
source=3: pgn=Position, Rapid Update(129025): values=Latitude=(47.706328 deg) Longitude=(-122.4890147 deg)

3  : pgn=129542 line=Tx 10337461 19 fa 06 03 e0 0f 90 12 01 00 00 00
3  : pgn=129542 line=Tx 10337461 19 fa 06 03 e1 00 00 00 00 00 00 00
3  : pgn=129542 line=Tx 10337461 19 fa 06 03 e2 00 00 ff ff ff ff ff
3  : pgn=65364  line=Tx 10337461 1c ff 54 03 3b 9f 23 03 36 cd ff ff
0  : pgn=127250 line=Rx 10337489 09 f1 12 00 ff d8 3f ff 7f ff 7f fd
source=0: pgn=Vessel Heading(127250): values=Heading=(93.64 deg) Deviation=(None) Variation=(None) Reference=("1")

0  : pgn=127245 line=Rx 10337490 09 f1 0d 00 00 f8 ff 7f 00 00 ff ff
source=0: pgn=Rudder(127245): values=Instance=(0) DirectionOrder=("0") AngleOrder=(None) Position=(0.00 deg)

0  : pgn=65359  line=Rx 10337497 1c ff 4f 00 3b 9f ff ff ff d8 3f ff
source=0: pgn=Seatalk: Pilot Heading(65359): values=ManufacturerCode=(1851) IndustryCode=(4) HeadingTrue=(None) HeadingMagnetic=(93.64 deg)

32 : pgn=128259 line=Rx 10337513 09 f5 03 20 8a 38 01 ff ff ff ff ff
source=32: pgn=Speed(128259): values=SpeedWaterReferenced=(3.12 m/s) SpeedGroundReferenced=(None) SpeedWaterReferencedType=(None) SpeedDirection=(None)

3  : pgn=129540 line=Tx 10337561 19 fa 04 03 20 9f b2 ff 0d 03 97 1a
source=3: pgn=GNSS Sats in View(129540): values=RangeResidualMode=(None) SatsinView=(178) PRN=(None) Elevation=(4.47 deg) Azimuth=(39.00 deg) SNR=(0.0 dB) Rangeresiduals=(0) Status=("0")

3  : pgn=129540 line=Tx 10337561 19 fa 04 03 21 2e 26 00 00 00 00 00
source=3: pgn=GNSS Sats in View(129540): values=RangeResidualMode=("0") SatsinView=(38) PRN=(0) Elevation=(0.00 deg) Azimuth=(0.00 deg) SNR=(0.0 dB) Rangeresiduals=(0) Status=("0")

3  : pgn=129540 line=Tx 10337561 19 fa 04 03 22 00 f3 0f ff 1d ad 3c
source=3: pgn=GNSS Sats in View(129540): values=RangeResidualMode=("0") SatsinView=(243) PRN=(15) Elevation=(44.00 deg) Azimuth=(89.00 deg) SNR=(0.0 dB) Rangeresiduals=(0) Status=("0")

3  : pgn=129540 line=Tx 10337561 19 fa 04 03 23 10 0e 00 00 00 00 f5
source=3: pgn=GNSS Sats in View(129540): values=RangeResidualMode=("0") SatsinView=(14) PRN=(0) Elevation=(0.00 deg) Azimuth=(359.36 deg) SNR=(0.0 dB) Rangeresiduals=(0) Status=("0")

3  : pgn=129540 line=Tx 10337561 19 fa 04 03 24 10 17 13 c2 b8 80 0c
source=3: pgn=GNSS Sats in View(129540): values=RangeResidualMode=("0") SatsinView=(23) PRN=(19) Elevation=(-104.50 deg) Azimuth=(18.33 deg) SNR=(0.0 dB) Rangeresiduals=(0) Status=("0")

3  : pgn=129540 line=Tx 10337561 19 fa 04 03 25 00 00 00 00 f5 12 c5
source=3: pgn=GNSS Sats in View(129540): values=RangeResidualMode=("0") SatsinView=(0) PRN=(0) Elevation=(-16.13 deg) Azimuth=(289.06 deg) SNR=(0.0 dB) Rangeresiduals=(0) Status=("0")

3  : pgn=129540 line=Tx 10337561 19 fa 04 03 26 31 f2 93 48 0d 00 00
source=3: pgn=GNSS Sats in View(129540): values=RangeResidualMode=("1") SatsinView=(242) PRN=(147) Elevation=(19.48 deg) Azimuth=(0.00 deg) SNR=(0.0 dB) Rangeresiduals=(0) Status=("0")

3  : pgn=129540 line=Tx 10337561 19 fa 04 03 27 00 00 f5 13 69 03 1f
source=3: pgn=GNSS Sats in View(129540): values=RangeResidualMode=("0") SatsinView=(0) PRN=(245) Elevation=(154.12 deg) Azimuth=(45.49 deg) SNR=(0.0 dB) Rangeresiduals=(0) Status=("0")

3  : pgn=129540 line=Tx 10337561 19 fa 04 03 28 d8 3c 0f 00 00 00 00
source=3: pgn=GNSS Sats in View(129540): values=RangeResidualMode=("0") SatsinView=(60) PRN=(15) Elevation=(0.00 deg) Azimuth=(0.00 deg) SNR=(0.0 dB) Rangeresiduals=(0) Status=("0")

3  : pgn=129540 line=Tx 10337561 19 fa 04 03 29 f5 15 e8 37 68 21 e4
source=3: pgn=GNSS Sats in View(129540): values=RangeResidualMode=("1") SatsinView=(21) PRN=(232) Elevation=(152.86 deg) Azimuth=(334.61 deg) SNR=(0.0 dB) Rangeresiduals=(0) Status=("0")

3  : pgn=129540 line=Tx 10337561 19 fa 04 03 2a 0c 00 00 00 00 f5 16
source=3: pgn=GNSS Sats in View(129540): values=RangeResidualMode=("0") SatsinView=(0) PRN=(0) Elevation=(0.00 deg) Azimuth=(33.67 deg) SNR=(0.0 dB) Rangeresiduals=(0) Status=("0")

3  : pgn=129540 line=Tx 10337562 19 fa 04 03 2b 80 16 cf 9c 04 10 00
source=3: pgn=GNSS Sats in View(129540): values=RangeResidualMode=("0") SatsinView=(22) PRN=(207) Elevation=(6.76 deg) Azimuth=(0.09 deg) SNR=(0.0 dB) Rangeresiduals=(0) Status=("0")

3  : pgn=129540 line=Tx 10337563 19 fa 04 03 2c 00 00 00 f5 1a ae 0f
source=3: pgn=GNSS Sats in View(129540): values=RangeResidualMode=("0") SatsinView=(0) PRN=(0) Elevation=(39.54 deg) Azimuth=(23.00 deg) SNR=(0.0 dB) Rangeresiduals=(0) Status=("0")

3  : pgn=129540 line=Tx 10337564 19 fa 04 03 2d 5d 1f 80 0c 00 00 00
source=3: pgn=GNSS Sats in View(129540): values=RangeResidualMode=("1") SatsinView=(31) PRN=(128) Elevation=(0.07 deg) Azimuth=(0.00 deg) SNR=(0.0 dB) Rangeresiduals=(0) Status=("0")

3  : pgn=129540 line=Tx 10337564 19 fa 04 03 2e 00 f5 1b d1 15 ab d2
source=3: pgn=GNSS Sats in View(129540): values=RangeResidualMode=("0") SatsinView=(245) PRN=(27) Elevation=(32.00 deg) Azimuth=(309.00 deg) SNR=(0.0 dB) Rangeresiduals=(0) Status=("0")

3  : pgn=129540 line=Tx 10337566 19 fa 04 03 2f 04 10 00 00 00 00 f5
source=3: pgn=GNSS Sats in View(129540): values=RangeResidualMode=("0") SatsinView=(16) PRN=(0) Elevation=(0.00 deg) Azimuth=(359.36 deg) SNR=(0.0 dB) Rangeresiduals=(0) Status=("0")

3  : pgn=129540 line=Tx 10337567 19 fa 04 03 30 1d 00 0f a1 67 54 0b
source=3: pgn=GNSS Sats in View(129540): values=RangeResidualMode=("1") SatsinView=(0) PRN=(15) Elevation=(152.00 deg) Azimuth=(16.62 deg) SNR=(0.0 dB) Rangeresiduals=(0) Status=("0")

3  : pgn=129540 line=Tx 10337568 19 fa 04 03 31 00 00 00 00 f5 23 d1
source=3: pgn=GNSS Sats in View(129540): values=RangeResidualMode=("0") SatsinView=(0) PRN=(0) Elevation=(-16.13 deg) Azimuth=(306.76 deg) SNR=(0.0 dB) Rangeresiduals=(0) Status=("0")

3  : pgn=129540 line=Tx 10337568 19 fa 04 03 32 15 c3 8b 00 00 00 00
source=3: pgn=GNSS Sats in View(129540): values=RangeResidualMode=("1") SatsinView=(195) PRN=(139) Elevation=(0.00 deg) Azimuth=(0.00 deg) SNR=(0.0 dB) Rangeresiduals=(0) Status=("0")

3  : pgn=129540 line=Tx 10337569 19 fa 04 03 33 00 00 f3 30 2e 17 43
source=3: pgn=GNSS Sats in View(129540): values=RangeResidualMode=("0") SatsinView=(0) PRN=(243) Elevation=(67.75 deg) Azimuth=(98.41 deg) SNR=(0.0 dB) Rangeresiduals=(0) Status=("0")

3  : pgn=129540 line=Tx 10337570 19 fa 04 03 34 84 48 0d 00 00 00 00
source=3: pgn=GNSS Sats in View(129540): values=RangeResidualMode=("0") SatsinView=(72) PRN=(13) Elevation=(0.00 deg) Azimuth=(0.00 deg) SNR=(0.0 dB) Rangeresiduals=(0) Status=("0")

3  : pgn=129540 line=Tx 10337571 19 fa 04 03 35 f5 33 80 16 67 6c 54
source=3: pgn=GNSS Sats in View(129540): values=RangeResidualMode=("1") SatsinView=(51) PRN=(128) Elevation=(151.20 deg) Azimuth=(123.83 deg) SNR=(0.0 dB) Rangeresiduals=(0) Status=("0")

3  : pgn=129540 line=Tx 10337571 19 fa 04 03 36 0b 00 00 00 00 f5 ff
source=3: pgn=GNSS Sats in View(129540): values=RangeResidualMode=(None) SatsinView=(0) PRN=(0) Elevation=(0.00 deg) Azimuth=(375.43 deg) SNR=(0.0 dB) Rangeresiduals=(0) Status=("0")

3  : pgn=129025 line=Tx 10337572 09 f8 01 03 70 68 6f 1c dd a8 fd b6
source=3: pgn=Position, Rapid Update(129025): values=Latitude=(47.706328 deg) Longitude=(-122.4890147 deg)

3  : pgn=127258 line=Tx 10337573 19 f1 1a 03 ff f6 12 39 fa 0a ff ff
source=3: pgn=Magnetic Variation(127258): values=Source=("6") Ageofservice=(14610 d) Variation=(16.10 deg)

0  : pgn=127250 line=Rx 10337589 09 f1 12 00 ff c6 3f ff 7f ff 7f fd
source=0: pgn=Vessel Heading(127250): values=Heading=(93.54 deg) Deviation=(None) Variation=(None) Reference=("1")

0  : pgn=127245 line=Rx 10337590 09 f1 0d 00 00 f8 ff 7f 00 00 ff ff
source=0: pgn=Rudder(127245): values=Instance=(0) DirectionOrder=("0") AngleOrder=(None) Position=(0.00 deg)

0  : pgn=65379  line=Rx 10337594 1c ff 63 00 3b 9f 00 00 00 00 01 ff
source=0: pgn=Seatalk: Pilot Mode(65379): values=ManufacturerCode=(1851) IndustryCode=(4) PilotMode=(0) SubMode=(0) PilotModeData=(0)

0  : pgn=65359  line=Rx 10337595 1c ff 4f 00 3b 9f ff ff ff c6 3f ff
source=0: pgn=Seatalk: Pilot Heading(65359): values=ManufacturerCode=(1851) IndustryCode=(4) HeadingTrue=(None) HeadingMagnetic=(93.54 deg)

0  : pgn=126975 line=Rx 10337597 1d ef ff 00 60 0d 3b 9f f0 81 84 d6
0  : pgn=126975 line=Rx 10337599 1d ef ff 00 61 41 07 00 00 00 02 05
32 : pgn=128259 line=Rx 10337613 09 f5 03 20 8b 3c 01 ff ff ff ff ff
source=32: pgn=Speed(128259): values=SpeedWaterReferenced=(3.16 m/s) SpeedGroundReferenced=(None) SpeedWaterReferencedType=(None) SpeedDirection=(None)

3  : pgn=129026 line=Tx 10337662 09 f8 02 03 ff fc 8a 4b 47 01 ff ff
source=3: pgn=COG & SOG, Rapid Update(129026): values=COGReference=("0") COG=(110.80 deg) SOG=(3.27 m/s)

3  : pgn=129025 line=Tx 10337662 09 f8 01 03 55 68 6f 1c 33 a9 fd b6
source=3: pgn=Position, Rapid Update(129025): values=Latitude=(47.706325299999996 deg) Longitude=(-122.4890061 deg)

0  : pgn=127250 line=Rx 10337689 09 f1 12 00 ff c2 3f ff 7f ff 7f fd
source=0: pgn=Vessel Heading(127250): values=Heading=(93.52 deg) Deviation=(None) Variation=(None) Reference=("1")

0  : pgn=127245 line=Rx 10337690 09 f1 0d 00 00 f8 ff 7f 00 00 ff ff
source=0: pgn=Rudder(127245): values=Instance=(0) DirectionOrder=("0") AngleOrder=(None) Position=(0.00 deg)

0  : pgn=65359  line=Rx 10337696 1c ff 4f 00 3b 9f ff ff ff c2 3f ff
source=0: pgn=Seatalk: Pilot Heading(65359): values=ManufacturerCode=(1851) IndustryCode=(4) HeadingTrue=(None) HeadingMagnetic=(93.52 deg)

0  : pgn=126975 line=Rx 10337707 1d ef ff 00 80 09 3b 9f f0 81 ae 02
0  : pgn=126975 line=Rx 10337709 1d ef ff 00 81 00 08 00 ff ff ff ff
32 : pgn=128259 line=Rx 10337712 09 f5 03 20 8c 39 01 ff ff ff ff ff
source=32: pgn=Speed(128259): values=SpeedWaterReferenced=(3.13 m/s) SpeedGroundReferenced=(None) SpeedWaterReferencedType=(None) SpeedDirection=(None)

3  : pgn=129029 line=Tx 10337763 0d f8 05 03 e0 2b 90 06 40 60 f7 12
3  : pgn=129029 line=Tx 10337763 0d f8 05 03 e1 2c 00 12 75 42 80 de
3  : pgn=129029 line=Tx 10337763 0d f8 05 03 e2 9e 06 00 3e 30 b1 fa
3  : pgn=129029 line=Tx 10337763 0d f8 05 03 e3 50 00 ef ff ff ff ff
3  : pgn=129029 line=Tx 10337763 0d f8 05 03 e4 ff ff ff 7f 23 fc 09
3  : pgn=129029 line=Tx 10337763 0d f8 05 03 e5 55 00 ff 7f ff ff ff
3  : pgn=129029 line=Tx 10337763 0d f8 05 03 e6 7f 00 ff ff ff ff ff
3  : pgn=129025 line=Tx 10337763 09 f8 01 03 55 68 6f 1c 33 a9 fd b6
source=3: pgn=Position, Rapid Update(129025): values=Latitude=(47.706325299999996 deg) Longitude=(-122.4890061 deg)

3  : pgn=129033 line=Tx 10337763 0d f8 09 03 06 40 60 f7 12 2c 5c fe
source=3: pgn=Time & Date(129033): values=Date=(16390 d) Time=(73944.04800000001 s) LocalOffset=(-25200.0 s)

0  : pgn=127250 line=Rx 10337788 09 f1 12 00 ff c2 3f ff 7f ff 7f fd
source=0: pgn=Vessel Heading(127250): values=Heading=(93.52 deg) Deviation=(None) Variation=(None) Reference=("1")

0  : pgn=127245 line=Rx 10337789 09 f1 0d 00 00 f8 ff 7f 00 00 ff ff
source=0: pgn=Rudder(127245): values=Instance=(0) DirectionOrder=("0") AngleOrder=(None) Position=(0.00 deg)

0  : pgn=65359  line=Rx 10337795 1c ff 4f 00 3b 9f ff ff ff c2 3f ff
source=0: pgn=Seatalk: Pilot Heading(65359): values=ManufacturerCode=(1851) IndustryCode=(4) HeadingTrue=(None) HeadingMagnetic=(93.52 deg)

1  : pgn=129038 line=Rx 10337811 11 f8 0e 01 60 1b c1 62 83 dc 15 2f
1  : pgn=129038 line=Rx 10337811 11 f8 0e 01 61 e7 f9 b6 e5 4c 62 1c
1  : pgn=129038 line=Rx 10337812 11 f8 0e 01 62 61 64 d2 05 00 00 00
1  : pgn=129038 line=Rx 10337812 11 f8 0e 01 63 00 cd c9 00 00 ff fe
32 : pgn=128259 line=Rx 10337813 09 f5 03 20 8d 30 01 ff ff ff ff ff
source=32: pgn=Speed(128259): values=SpeedWaterReferenced=(3.04 m/s) SpeedGroundReferenced=(None) SpeedWaterReferencedType=(None) SpeedDirection=(None)

1  : pgn=129038 line=Rx 10337844 11 f8 0e 01 80 1b c1 50 c6 e2 15 ff
1  : pgn=129038 line=Rx 10337844 11 f8 0e 01 81 ff ff 7f ff ff ff 7f
1  : pgn=129038 line=Rx 10337845 11 f8 0e 01 82 fc ff ff ff ff 03 00
1  : pgn=129038 line=Rx 10337845 11 f8 0e 01 83 18 ff ff ff 7f f0 fe
3  : pgn=129026 line=Tx 10337863 09 f8 02 03 ff fc 67 4b 47 01 ff ff
source=3: pgn=COG & SOG, Rapid Update(129026): values=COGReference=("0") COG=(110.60 deg) SOG=(3.27 m/s)

3  : pgn=129025 line=Tx 10337863 09 f8 01 03 3f 68 6f 1c 80 a9 fd b6
source=3: pgn=Position, Rapid Update(129025): values=Latitude=(47.7063231 deg) Longitude=(-122.4889984 deg)

3  : pgn=126992 line=Tx 10337863 0d f0 10 03 ff ff 06 40 58 ff 12 2c
source=3: pgn=System Time(126992): values=Source=(None) Date=(16390 d) Time=(73944.25200000001 s)

0  : pgn=127250 line=Rx 10337897 09 f1 12 00 ff ce 3f ff 7f ff 7f fd
source=0: pgn=Vessel Heading(127250): values=Heading=(93.59 deg) Deviation=(None) Variation=(None) Reference=("1")

0  : pgn=127245 line=Rx 10337898 09 f1 0d 00 00 f8 ff 7f 00 00 ff ff
source=0: pgn=Rudder(127245): values=Instance=(0) DirectionOrder=("0") AngleOrder=(None) Position=(0.00 deg)

0  : pgn=65359  line=Rx 10337905 1c ff 4f 00 3b 9f ff ff ff ce 3f ff
source=0: pgn=Seatalk: Pilot Heading(65359): values=ManufacturerCode=(1851) IndustryCode=(4) HeadingTrue=(None) HeadingMagnetic=(93.59 deg)

32 : pgn=128259 line=Rx 10337911 09 f5 03 20 8e 2a 01 ff ff ff ff ff
source=32: pgn=Speed(128259): values=SpeedWaterReferenced=(2.98 m/s) SpeedGroundReferenced=(None) SpeedWaterReferencedType=(None) SpeedDirection=(None)

3  : pgn=129025 line=Tx 10337963 09 f8 01 03 3f 68 6f 1c 80 a9 fd b6
source=3: pgn=Position, Rapid Update(129025): values=Latitude=(47.7063231 deg) Longitude=(-122.4889984 deg)

1  : pgn=129038 line=Rx 10337968 11 f8 0e 01 a0 1b c1 30 83 dc 15 11
1  : pgn=129038 line=Rx 10337968 11 f8 0e 01 a1 f9 f9 b6 1a 3d 62 1c
1  : pgn=129038 line=Rx 10337969 11 f8 0e 01 a2 61 a5 c2 00 00 00 00
1  : pgn=129038 line=Rx 10337969 11 f8 0e 01 a3 00 70 c8 00 00 ff fe
0  : pgn=127250 line=Rx 10337980 09 f1 12 00 ff d0 3f ff 7f ff 7f fd
source=0: pgn=Vessel Heading(127250): values=Heading=(93.60 deg) Deviation=(None) Variation=(None) Reference=("1")

0  : pgn=127245 line=Rx 10337981 09 f1 0d 00 00 f8 ff 7f 00 00 ff ff
source=0: pgn=Rudder(127245): values=Instance=(0) DirectionOrder=("0") AngleOrder=(None) Position=(0.00 deg)

0  : pgn=65359  line=Rx 10337985 1c ff 4f 00 3b 9f ff ff ff d0 3f ff
source=0: pgn=Seatalk: Pilot Heading(65359): values=ManufacturerCode=(1851) IndustryCode=(4) HeadingTrue=(None) HeadingMagnetic=(93.60 deg)

32 : pgn=128259 line=Rx 10338010 09 f5 03 20 8f 27 01 ff ff ff ff ff
source=32: pgn=Speed(128259): values=SpeedWaterReferenced=(2.95 m/s) SpeedGroundReferenced=(None) SpeedWaterReferencedType=(None) SpeedDirection=(None)

3  : pgn=129026 line=Tx 10338063 09 f8 02 03 ff fc 67 4b 47 01 ff ff
source=3: pgn=COG & SOG, Rapid Update(129026): values=COGReference=("0") COG=(110.60 deg) SOG=(3.27 m/s)

3  : pgn=129025 line=Tx 10338063 09 f8 01 03 3f 68 6f 1c 80 a9 fd b6
source=3: pgn=Position, Rapid Update(129025): values=Latitude=(47.7063231 deg) Longitude=(-122.4889984 deg)

3  : pgn=129291 line=Tx 10338063 0d f9 0b 03 ff fc 7a 5b 11 00 ff ff
source=3: pgn=Set & Drift, Rapid Update(129291): values=SetReference=("0") Set=(134.18 deg) Drift=(0.17 m/s)

0  : pgn=127250 line=Rx 10338090 09 f1 12 00 ff d0 3f ff 7f ff 7f fd
source=0: pgn=Vessel Heading(127250): values=Heading=(93.60 deg) Deviation=(None) Variation=(None) Reference=("1")

0  : pgn=127245 line=Rx 10338091 09 f1 0d 00 00 f8 ff 7f 00 00 ff ff
source=0: pgn=Rudder(127245): values=Instance=(0) DirectionOrder=("0") AngleOrder=(None) Position=(0.00 deg)

0  : pgn=65359  line=Rx 10338098 1c ff 4f 00 3b 9f ff ff ff d0 3f ff
source=0: pgn=Seatalk: Pilot Heading(65359): values=ManufacturerCode=(1851) IndustryCode=(4) HeadingTrue=(None) HeadingMagnetic=(93.60 deg)

0  : pgn=126975 line=Rx 10338099 1d ef ff 00 a0 08 3b 9f f0 81 9c d1
0  : pgn=126975 line=Rx 10338101 1d ef ff 00 a1 01 00 ff ff ff ff ff
32 : pgn=128259 line=Rx 10338112 09 f5 03 20 90 26 01 ff ff ff ff ff
source=32: pgn=Speed(128259): values=SpeedWaterReferenced=(2.94 m/s) SpeedGroundReferenced=(None) SpeedWaterReferencedType=(None) SpeedDirection=(None)

32 : pgn=130310 line=Rx 10338115 15 fd 06 20 d8 ff ff ff ff ff ff ff
source=32: pgn=Environmental Parameters (obsolete)(130310): values=WaterTemperature=(None) OutsideAmbientAirTemperature=(None) AtmosphericPressure=(None)

1  : pgn=59908  line=Rx 10338117 18 ea 04 01 00 ee 00 00 00 00 00 00
4  : pgn=61183  line=Rx 10338118 18 ee ff 04 3d 83 6c e7 1c 96 a0 c0
32 : pgn=128275 line=Rx 10338127 19 f5 13 20 40 0e ff ff ff ff ff ff
32 : pgn=128275 line=Rx 10338130 19 f5 13 20 41 0e ae 3c 00 0e ae 3c
32 : pgn=128275 line=Rx 10338135 19 f5 13 20 42 00 ff ff ff ff ff ff
1  : pgn=59936  line=Rx 10338148 18 ea 20 01 00 ee 00 00 00 00 00 00
3  : pgn=129025 line=Tx 10338165 09 f8 01 03 0f 68 6f 1c 22 aa fd b6
source=3: pgn=Position, Rapid Update(129025): values=Latitude=(47.7063183 deg) Longitude=(-122.4889822 deg)

0  : pgn=127250 line=Rx 10338180 09 f1 12 00 ff cc 3f ff 7f ff 7f fd
source=0: pgn=Vessel Heading(127250): values=Heading=(93.58 deg) Deviation=(None) Variation=(None) Reference=("1")

0  : pgn=127245 line=Rx 10338181 09 f1 0d 00 00 f8 ff 7f 00 00 ff ff
source=0: pgn=Rudder(127245): values=Instance=(0) DirectionOrder=("0") AngleOrder=(None) Position=(0.00 deg)

0  : pgn=65359  line=Rx 10338185 1c ff 4f 00 3b 9f ff ff ff cc 3f ff
source=0: pgn=Seatalk: Pilot Heading(65359): values=ManufacturerCode=(1851) IndustryCode=(4) HeadingTrue=(None) HeadingMagnetic=(93.58 deg)

32 : pgn=128259 line=Rx 10338210 09 f5 03 20 91 27 01 ff ff ff ff ff
3  : pgn=129026 line=Tx 10338265 09 f8 02 03 ff fc 56 4b 47 01 ff ff
source=3: pgn=COG & SOG, Rapid Update(129026): values=COGReference=("0") COG=(110.50 deg) SOG=(3.27 m/s)

3  : pgn=130577 line=Tx 10338265 0d fe 11 03 00 0e c0 91 56 4b 47 01
source=3: pgn=Direction Data(130577): values=DataMode=("0") COGReference=("0") COG=(213.78 deg) SOG=(192.86 m/s) Heading=(1.87 deg) SpeedthroughWater=(0.0 m/s) Set=(0.00 deg) Drift=(0.0 m/s)

3  : pgn=130577 line=Tx 10338265 0d fe 11 03 01 ff ff ff ff 7a 5b 11
source=3: pgn=Direction Data(130577): values=DataMode=("1") COGReference=("0") COG=(None) SOG=(314.87 m/s) Heading=(25.46 deg) SpeedthroughWater=(0.0 m/s) Set=(0.00 deg) Drift=(0.0 m/s)

3  : pgn=130577 line=Tx 10338265 0d fe 11 03 02 00 ff ff ff ff ff ff
source=3: pgn=Direction Data(130577): values=DataMode=("2") COGReference=("0") COG=(None) SOG=(None) Heading=(None) SpeedthroughWater=(0.0 m/s) Set=(0.00 deg) Drift=(0.0 m/s)

3  : pgn=129025 line=Tx 10338265 09 f8 01 03 0f 68 6f 1c 22 aa fd b6
source=3: pgn=Position, Rapid Update(129025): values=Latitude=(47.7063183 deg) Longitude=(-122.4889822 deg)

3  : pgn=130306 line=Tx 10338265 09 fd 02 03 ff 23 03 7c ca fa ff ff
source=3: pgn=Wind Data(130306): values=WindSpeed=(8.03 m/s) WindAngle=(297.00 deg) Reference=("2")

1  : pgn=129038 line=Rx 10338269 11 f8 0e 01 c0 1b c1 d2 d5 e2 15 ff
1  : pgn=129038 line=Rx 10338270 11 f8 0e 01 c1 ff ff 7f ff ff ff 7f
1  : pgn=129038 line=Rx 10338271 11 f8 0e 01 c2 fc ff ff ff ff 00 00
1  : pgn=129038 line=Rx 10338271 11 f8 0e 01 c3 00 ff ff ff 7f f0 fe
0  : pgn=127250 line=Rx 10338298 09 f1 12 00 ff c2 3f ff 7f ff 7f fd
source=0: pgn=Vessel Heading(127250): values=Heading=(93.52 deg) Deviation=(None) Variation=(None) Reference=("1")

0  : pgn=127245 line=Rx 10338299 09 f1 0d 00 00 f8 ff 7f 00 00 ff ff
source=0: pgn=Rudder(127245): values=Instance=(0) DirectionOrder=("0") AngleOrder=(None) Position=(0.00 deg)

0  : pgn=65359  line=Rx 10338306 1c ff 4f 00 3b 9f ff ff ff c2 3f ff
source=0: pgn=Seatalk: Pilot Heading(65359): values=ManufacturerCode=(1851) IndustryCode=(4) HeadingTrue=(None) HeadingMagnetic=(93.52 deg)

32 : pgn=128259 line=Rx 10338310 09 f5 03 20 92 2b 01 ff ff ff ff ff
source=32: pgn=Speed(128259): values=SpeedWaterReferenced=(2.99 m/s) SpeedGroundReferenced=(None) SpeedWaterReferencedType=(None) SpeedDirection=(None)

1  : pgn=129038 line=Rx 10338333 11 f8 0e 01 e0 1b c1 a0 c1 e2 15 30
1  : pgn=129038 line=Rx 10338333 11 f8 0e 01 e1 58 14 b7 45 52 66 1c
1  : pgn=129038 line=Rx 10338334 11 f8 0e 01 e2 5c e8 10 00 00 00 00
1  : pgn=129038 line=Rx 10338334 11 f8 0e 01 e3 00 ff ff ff 7f f0 fe
1  : pgn=129038 line=Rx 10338363 11 f8 0e 01 00 1b c1 da 4c dc 15 9b
source=1: pgn=AIS Class A Position Report(129038): values=MessageID=(0) RepeatIndicator=("0") UserID=(1289404699) Longitude=(0.0 deg) Latitude=(0.0 deg) PositionAccuracy=("0") RAIM=("0") TimeStamp=("0") COG=(0.00 deg) SOG=(0.0 m/s) CommunicationState=(0) AISTransceiverinformation=("0") Heading=(0.00 deg) RateofTurn=(0.00 deg/s) NavStatus=("0") SpecialManeuverIndicator=("0") Spare=(0) SequenceID=(0)

1  : pgn=129038 line=Rx 10338363 11 f8 0e 01 01 51 08 b7 d8 71 5f 1c
source=1: pgn=AIS Class A Position Report(129038): values=MessageID=(1) RepeatIndicator=("0") UserID=(3635873873) Longitude=(0.0 deg) Latitude=(0.0 deg) PositionAccuracy=("0") RAIM=("0") TimeStamp=("0") COG=(0.00 deg) SOG=(0.0 m/s) CommunicationState=(0) AISTransceiverinformation=("0") Heading=(0.00 deg) RateofTurn=(0.00 deg/s) NavStatus=("0") SpecialManeuverIndicator=("0") Spare=(0) SequenceID=(0)

1  : pgn=129038 line=Rx 10338364 11 f8 0e 01 02 61 eb b3 9d 03 00 00
source=1: pgn=AIS Class A Position Report(129038): values=MessageID=(2) RepeatIndicator=("0") UserID=(2645814113) Longitude=(0.0 deg) Latitude=(0.0 deg) PositionAccuracy=("0") RAIM=("0") TimeStamp=("0") COG=(0.00 deg) SOG=(0.0 m/s) CommunicationState=(0) AISTransceiverinformation=("0") Heading=(0.00 deg) RateofTurn=(0.00 deg/s) NavStatus=("0") SpecialManeuverIndicator=("0") Spare=(0) SequenceID=(0)

1  : pgn=129038 line=Rx 10338364 11 f8 0e 01 03 00 ab b4 00 00 ff fe
source=1: pgn=AIS Class A Position Report(129038): values=MessageID=(3) RepeatIndicator=("0") UserID=(11840256) Longitude=(0.0 deg) Latitude=(0.0 deg) PositionAccuracy=("0") RAIM=("0") TimeStamp=("0") COG=(0.00 deg) SOG=(0.0 m/s) CommunicationState=(0) AISTransceiverinformation=("0") Heading=(0.00 deg) RateofTurn=(0.00 deg/s) NavStatus=("0") SpecialManeuverIndicator=("0") Spare=(0) SequenceID=(0)

3  : pgn=129283 line=Tx 10338366 0d f9 03 03 ff 7f ff ff ff 7f ff ff
source=3: pgn=Cross Track Error(129283): values=XTEmode=(None) NavigationTerminated=("1") XTE=(None)

3  : pgn=129025 line=Tx 10338366 09 f8 01 03 0f 68 6f 1c 22 aa fd b6
source=3: pgn=Position, Rapid Update(129025): values=Latitude=(47.7063183 deg) Longitude=(-122.4889822 deg)

3  : pgn=128267 line=Tx 10338366 0d f5 0b 03 ff 97 3d 00 00 00 00 ff
source=3: pgn=Water Depth(128267): values=Depth=(157.67000000000002 m) Offset=(0.0 m) Range=(None)

0  : pgn=127250 line=Rx 10338382 09 f1 12 00 ff b1 3f ff 7f ff 7f fd
source=0: pgn=Vessel Heading(127250): values=Heading=(93.42 deg) Deviation=(None) Variation=(None) Reference=("1")

0  : pgn=127245 line=Rx 10338382 09 f1 0d 00 00 f8 ff 7f 00 00 ff ff
source=0: pgn=Rudder(127245): values=Instance=(0) DirectionOrder=("0") AngleOrder=(None) Position=(0.00 deg)

0  : pgn=65359  line=Rx 10338387 1c ff 4f 00 3b 9f ff ff ff b1 3f ff
source=0: pgn=Seatalk: Pilot Heading(65359): values=ManufacturerCode=(1851) IndustryCode=(4) HeadingTrue=(None) HeadingMagnetic=(93.42 deg)

4  : pgn=65384  line=Rx 10338404 1c ff 68 04 3b 9f 00 00 00 00 00 00
32 : pgn=128259 line=Rx 10338409 09 f5 03 20 93 2c 01 ff ff ff ff ff
source=32: pgn=Speed(128259): values=SpeedWaterReferenced=(3.0 m/s) SpeedGroundReferenced=(None) SpeedWaterReferencedType=(None) SpeedDirection=(None)

1  : pgn=129038 line=Rx 10338424 11 f8 0e 01 20 1b c1 2e 9d e2 15 60
1  : pgn=129038 line=Rx 10338425 11 f8 0e 01 21 75 0c b7 01 e4 68 1c
1  : pgn=129038 line=Rx 10338425 11 f8 0e 01 22 64 85 0b 00 00 00 00
1  : pgn=129038 line=Rx 10338426 11 f8 0e 01 23 00 ff ff ff 7f f0 fe
3  : pgn=129026 line=Tx 10338466 09 f8 02 03 ff fc 67 4b 47 01 ff ff
source=3: pgn=COG & SOG, Rapid Update(129026): values=COGReference=("0") COG=(110.60 deg) SOG=(3.27 m/s)

3  : pgn=129025 line=Tx 10338466 09 f8 01 03 f5 67 6f 1c 75 aa fd b6
source=3: pgn=Position, Rapid Update(129025): values=Latitude=(47.7063157 deg) Longitude=(-122.48897389999999 deg)

3  : pgn=129542 line=Tx 10338466 19 fa 06 03 00 0f 91 1b 01 00 00 00
source=3: pgn=GNSS Pseudorange Noise Statistics(129542): values=RMSofPositionUncertainty=(37135) STDofMajoraxis=(27) STDofMinoraxis=(1) OrientationofMajoraxis=(0) STDofLatError=(0) STDofLonError=(0) STDofAltError=(0)

3  : pgn=129542 line=Tx 10338466 19 fa 06 03 01 00 00 00 00 00 00 00
source=3: pgn=GNSS Pseudorange Noise Statistics(129542): values=RMSofPositionUncertainty=(0) STDofMajoraxis=(0) STDofMinoraxis=(0) OrientationofMajoraxis=(0) STDofLatError=(0) STDofLonError=(0) STDofAltError=(0)

3  : pgn=129542 line=Tx 10338466 19 fa 06 03 02 00 00 ff ff ff ff ff
source=3: pgn=GNSS Pseudorange Noise Statistics(129542): values=RMSofPositionUncertainty=(0) STDofMajoraxis=(None) STDofMinoraxis=(None) OrientationofMajoraxis=(None) STDofLatError=(None) STDofLonError=(None) STDofAltError=(0)

3  : pgn=65364  line=Tx 10338466 1c ff 54 03 3b 9f 23 03 7c ca ff ff
0  : pgn=127250 line=Rx 10338494 09 f1 12 00 ff a8 3f ff 7f ff 7f fd
source=0: pgn=Vessel Heading(127250): values=Heading=(93.37 deg) Deviation=(None) Variation=(None) Reference=("1")

0  : pgn=127245 line=Rx 10338495 09 f1 0d 00 00 f8 ff 7f 00 00 ff ff
source=0: pgn=Rudder(127245): values=Instance=(0) DirectionOrder=("0") AngleOrder=(None) Position=(0.00 deg)

0  : pgn=65359  line=Rx 10338502 1c ff 4f 00 3b 9f ff ff ff a8 3f ff
source=0: pgn=Seatalk: Pilot Heading(65359): values=ManufacturerCode=(1851) IndustryCode=(4) HeadingTrue=(None) HeadingMagnetic=(93.37 deg)

32 : pgn=128259 line=Rx 10338508 09 f5 03 20 94 2f 01 ff ff ff ff ff
source=32: pgn=Speed(128259): values=SpeedWaterReferenced=(3.0300000000000002 m/s) SpeedGroundReferenced=(None) SpeedWaterReferencedType=(None) SpeedDirection=(None)

3  : pgn=129540 line=Tx 10338566 19 fa 04 03 40 9f b3 ff 0d 03 97 1a
source=3: pgn=GNSS Sats in View(129540): values=RangeResidualMode=(None) SatsinView=(179) PRN=(None) Elevation=(4.47 deg) Azimuth=(39.00 deg) SNR=(0.0 dB) Rangeresiduals=(0) Status=("0")

3  : pgn=129540 line=Tx 10338566 19 fa 04 03 41 2e 26 00 00 00 00 00
source=3: pgn=GNSS Sats in View(129540): values=RangeResidualMode=("0") SatsinView=(38) PRN=(0) Elevation=(0.00 deg) Azimuth=(0.00 deg) SNR=(0.0 dB) Rangeresiduals=(0) Status=("0")

3  : pgn=129540 line=Tx 10338566 19 fa 04 03 42 00 f3 0f ff 1d ad 3c
source=3: pgn=GNSS Sats in View(129540): values=RangeResidualMode=("0") SatsinView=(243) PRN=(15) Elevation=(44.00 deg) Azimuth=(89.00 deg) SNR=(0.0 dB) Rangeresiduals=(0) Status=("0")

3  : pgn=129540 line=Tx 10338566 19 fa 04 03 43 74 0e 00 00 00 00 f5
source=3: pgn=GNSS Sats in View(129540): values=RangeResidualMode=("0") SatsinView=(14) PRN=(0) Elevation=(0.00 deg) Azimuth=(359.36 deg) SNR=(0.0 dB) Rangeresiduals=(0) Status=("0")

3  : pgn=129540 line=Tx 10338566 19 fa 04 03 44 10 17 13 c2 b8 e4 0c
source=3: pgn=GNSS Sats in View(129540): values=RangeResidualMode=("0") SatsinView=(23) PRN=(19) Elevation=(-104.50 deg) Azimuth=(18.91 deg) SNR=(0.0 dB) Rangeresiduals=(0) Status=("0")

3  : pgn=129540 line=Tx 10338566 19 fa 04 03 45 00 00 00 00 f5 12 c5
source=3: pgn=GNSS Sats in View(129540): values=RangeResidualMode=("0") SatsinView=(0) PRN=(0) Elevation=(-16.13 deg) Azimuth=(289.06 deg) SNR=(0.0 dB) Rangeresiduals=(0) Status=("0")

3  : pgn=129540 line=Tx 10338566 19 fa 04 03 46 31 f2 93 e4 0c 00 00
source=3: pgn=GNSS Sats in View(129540): values=RangeResidualMode=("1") SatsinView=(242) PRN=(147) Elevation=(18.91 deg) Azimuth=(0.00 deg) SNR=(0.0 dB) Rangeresiduals=(0) Status=("0")

3  : pgn=129540 line=Tx 10338566 19 fa 04 03 47 00 00 f5 13 69 03 1f
source=3: pgn=GNSS Sats in View(129540): values=RangeResidualMode=("0") SatsinView=(0) PRN=(245) Elevation=(154.12 deg) Azimuth=(45.49 deg) SNR=(0.0 dB) Rangeresiduals=(0) Status=("0")

3  : pgn=129540 line=Tx 10338566 19 fa 04 03 48 d8 3c 0f 00 00 00 00
source=3: pgn=GNSS Sats in View(129540): values=RangeResidualMode=("0") SatsinView=(60) PRN=(15) Elevation=(0.00 deg) Azimuth=(0.00 deg) SNR=(0.0 dB) Rangeresiduals=(0) Status=("0")

3  : pgn=129540 line=Tx 10338566 19 fa 04 03 49 f5 15 e8 37 68 21 80
source=3: pgn=GNSS Sats in View(129540): values=RangeResidualMode=("1") SatsinView=(21) PRN=(232) Elevation=(152.86 deg) Azimuth=(187.94 deg) SNR=(0.0 dB) Rangeresiduals=(0) Status=("0")

3  : pgn=129540 line=Tx 10338566 19 fa 04 03 4a 0c 00 00 00 00 f5 16
source=3: pgn=GNSS Sats in View(129540): values=RangeResidualMode=("0") SatsinView=(0) PRN=(0) Elevation=(0.00 deg) Azimuth=(33.67 deg) SNR=(0.0 dB) Rangeresiduals=(0) Status=("0")

3  : pgn=129540 line=Tx 10338567 19 fa 04 03 4b 80 16 cf 9c ac 0d 00
source=3: pgn=GNSS Sats in View(129540): values=RangeResidualMode=("0") SatsinView=(22) PRN=(207) Elevation=(-122.32 deg) Azimuth=(0.07 deg) SNR=(0.0 dB) Rangeresiduals=(0) Status=("0")

3  : pgn=129540 line=Tx 10338568 19 fa 04 03 4c 00 00 00 f5 1a ae 0f
source=3: pgn=GNSS Sats in View(129540): values=RangeResidualMode=("0") SatsinView=(0) PRN=(0) Elevation=(39.54 deg) Azimuth=(23.00 deg) SNR=(0.0 dB) Rangeresiduals=(0) Status=("0")

3  : pgn=129540 line=Tx 10338569 19 fa 04 03 4d 5d 1f 28 0a 00 00 00
source=3: pgn=GNSS Sats in View(129540): values=RangeResidualMode=("1") SatsinView=(31) PRN=(40) Elevation=(0.06 deg) Azimuth=(0.00 deg) SNR=(0.0 dB) Rangeresiduals=(0) Status=("0")

3  : pgn=129540 line=Tx 10338569 19 fa 04 03 4e 00 f5 1b d1 15 ab d2
source=3: pgn=GNSS Sats in View(129540): values=RangeResidualMode=("0") SatsinView=(245) PRN=(27) Elevation=(32.00 deg) Azimuth=(309.00 deg) SNR=(0.0 dB) Rangeresiduals=(0) Status=("0")

3  : pgn=129540 line=Tx 10338571 19 fa 04 03 4f 74 0e 00 00 00 00 f5
source=3: pgn=GNSS Sats in View(129540): values=RangeResidualMode=("0") SatsinView=(14) PRN=(0) Elevation=(0.00 deg) Azimuth=(359.36 deg) SNR=(0.0 dB) Rangeresiduals=(0) Status=("0")

3  : pgn=129540 line=Tx 10338572 19 fa 04 03 50 1d 00 0f a1 67 e4 0c
source=3: pgn=GNSS Sats in View(129540): values=RangeResidualMode=("1") SatsinView=(0) PRN=(15) Elevation=(152.00 deg) Azimuth=(18.91 deg) SNR=(0.0 dB) Rangeresiduals=(0) Status=("0")

3  : pgn=129540 line=Tx 10338573 19 fa 04 03 51 00 00 00 00 f5 23 d1
source=3: pgn=GNSS Sats in View(129540): values=RangeResidualMode=("0") SatsinView=(0) PRN=(0) Elevation=(-16.13 deg) Azimuth=(306.76 deg) SNR=(0.0 dB) Rangeresiduals=(0) Status=("0")

3  : pgn=129540 line=Tx 10338573 19 fa 04 03 52 15 c3 8b 00 00 00 00
source=3: pgn=GNSS Sats in View(129540): values=RangeResidualMode=("1") SatsinView=(195) PRN=(139) Elevation=(0.00 deg) Azimuth=(0.00 deg) SNR=(0.0 dB) Rangeresiduals=(0) Status=("0")

3  : pgn=129540 line=Tx 10338574 19 fa 04 03 53 00 00 f3 30 2e 17 43
source=3: pgn=GNSS Sats in View(129540): values=RangeResidualMode=("0") SatsinView=(0) PRN=(243) Elevation=(67.75 deg) Azimuth=(98.41 deg) SNR=(0.0 dB) Rangeresiduals=(0) Status=("0")

3  : pgn=129540 line=Tx 10338575 19 fa 04 03 54 84 74 0e 00 00 00 00
source=3: pgn=GNSS Sats in View(129540): values=RangeResidualMode=("0") SatsinView=(116) PRN=(14) Elevation=(0.00 deg) Azimuth=(0.00 deg) SNR=(0.0 dB) Rangeresiduals=(0) Status=("0")

3  : pgn=129540 line=Tx 10338575 19 fa 04 03 55 f5 33 80 16 67 6c ac
source=3: pgn=GNSS Sats in View(129540): values=RangeResidualMode=("1") SatsinView=(51) PRN=(128) Elevation=(151.20 deg) Azimuth=(252.90 deg) SNR=(0.0 dB) Rangeresiduals=(0) Status=("0")

3  : pgn=129540 line=Tx 10338576 19 fa 04 03 56 0d 00 00 00 00 f5 ff
source=3: pgn=GNSS Sats in View(129540): values=RangeResidualMode=("1") SatsinView=(0) PRN=(0) Elevation=(0.00 deg) Azimuth=(375.43 deg) SNR=(0.0 dB) Rangeresiduals=(0) Status=("0")

3  : pgn=129025 line=Tx 10338577 09 f8 01 03 f5 67 6f 1c 75 aa fd b6
source=3: pgn=Position, Rapid Update(129025): values=Latitude=(47.7063157 deg) Longitude=(-122.48897389999999 deg)

3  : pgn=127258 line=Tx 10338578 19 f1 1a 03 ff f6 12 39 fa 0a ff ff
source=3: pgn=Magnetic Variation(127258): values=Source=("6") Ageofservice=(14610 d) Variation=(16.10 deg)

0  : pgn=127250 line=Rx 10338592 09 f1 12 00 ff a0 3f ff 7f ff 7f fd
source=0: pgn=Vessel Heading(127250): values=Heading=(93.32 deg) Deviation=(None) Variation=(None) Reference=("1")

0  : pgn=127245 line=Rx 10338593 09 f1 0d 00 00 f8 ff 7f 00 00 ff ff
source=0: pgn=Rudder(127245): values=Instance=(0) DirectionOrder=("0") AngleOrder=(None) Position=(0.00 deg)

0  : pgn=65379  line=Rx 10338597 1c ff 63 00 3b 9f 00 00 00 00 01 ff
source=0: pgn=Seatalk: Pilot Mode(65379): values=ManufacturerCode=(1851) IndustryCode=(4) PilotMode=(0) SubMode=(0) PilotModeData=(0)

0  : pgn=65359  line=Rx 10338598 1c ff 4f 00 3b 9f ff ff ff a0 3f ff
source=0: pgn=Seatalk: Pilot Heading(65359): values=ManufacturerCode=(1851) IndustryCode=(4) HeadingTrue=(None) HeadingMagnetic=(93.32 deg)

0  : pgn=126975 line=Rx 10338600 1d ef ff 00 c0 0d 3b 9f f0 81 84 d6
0  : pgn=126975 line=Rx 10338601 1d ef ff 00 c1 41 07 00 00 00 02 05
32 : pgn=128259 line=Rx 10338608 09 f5 03 20 95 33 01 ff ff ff ff ff
source=32: pgn=Speed(128259): values=SpeedWaterReferenced=(3.0700000000000003 m/s) SpeedGroundReferenced=(None) SpeedWaterReferencedType=(None) SpeedDirection=(None)

1  : pgn=129794 line=Rx 10338636 19 fb 02 01 40 4b 05 d0 57 e0 15 ff
1  : pgn=129794 line=Rx 10338637 19 fb 02 01 41 ff ff ff 57 44 43 34
1  : pgn=129794 line=Rx 10338637 19 fb 02 01 42 34 30 31 50 4f 4c 41
1  : pgn=129794 line=Rx 10338638 19 fb 02 01 43 52 20 4c 41 44 59 20
1  : pgn=129794 line=Rx 10338638 19 fb 02 01 44 20 20 20 20 20 20 20
1  : pgn=129794 line=Rx 10338639 19 fb 02 01 45 20 20 1e 90 01 00 00
1  : pgn=129794 line=Rx 10338640 19 fb 02 01 46 ff ff ff ff 28 3f 00
1  : pgn=129794 line=Rx 10338640 19 fb 02 01 47 6e 0a 1e ff ff 53 45
1  : pgn=129794 line=Rx 10338641 19 fb 02 01 48 41 54 54 4c 45 20 20
1  : pgn=129794 line=Rx 10338641 19 fb 02 01 49 20 20 20 20 20 20 20
1  : pgn=129794 line=Rx 10338642 19 fb 02 01 4a 20 20 20 20 04 e0 ff
3  : pgn=129026 line=Tx 10338678 09 f8 02 03 ff fc 67 4b 47 01 ff ff
source=3: pgn=COG & SOG, Rapid Update(129026): values=COGReference=("0") COG=(110.60 deg) SOG=(3.27 m/s)

3  : pgn=129025 line=Tx 10338678 09 f8 01 03 f5 67 6f 1c 75 aa fd b6
source=3: pgn=Position, Rapid Update(129025): values=Latitude=(47.7063157 deg) Longitude=(-122.48897389999999 deg)

0  : pgn=127250 line=Rx 10338692 09 f1 12 00 ff a7 3f ff 7f ff 7f fd
source=0: pgn=Vessel Heading(127250): values=Heading=(93.36 deg) Deviation=(None) Variation=(None) Reference=("1")

0  : pgn=127245 line=Rx 10338692 09 f1 0d 00 00 f8 ff 7f 00 00 ff ff
source=0: pgn=Rudder(127245): values=Instance=(0) DirectionOrder=("0") AngleOrder=(None) Position=(0.00 deg)

0  : pgn=65359  line=Rx 10338699 1c ff 4f 00 3b 9f ff ff ff a7 3f ff
source=0: pgn=Seatalk: Pilot Heading(65359): values=ManufacturerCode=(1851) IndustryCode=(4) HeadingTrue=(None) HeadingMagnetic=(93.36 deg)

32 : pgn=128259 line=Rx 10338707 09 f5 03 20 96 38 01 ff ff ff ff ff
source=32: pgn=Speed(128259): values=SpeedWaterReferenced=(3.12 m/s) SpeedGroundReferenced=(None) SpeedWaterReferencedType=(None) SpeedDirection=(None)

0  : pgn=126975 line=Rx 10338722 1d ef ff 00 e0 09 3b 9f f0 81 ae 02
0  : pgn=126975 line=Rx 10338724 1d ef ff 00 e1 00 08 00 ff ff ff ff
3  : pgn=129029 line=Tx 10338777 0d f8 05 03 00 2b 91 06 40 5a 20 13
source=3: pgn=GNSS Position Data(129029): values=Date=(37163 d) Time=(54278.554200000006 s) Latitude=(0.0 deg) Longitude=(0.0 deg) Altitude=(0.0 m) GNSStype=("0") Method=("0") Integrity=("0") NumberofSVs=(0) HDOP=(0.0) PDOP=(0.0) GeoidalSeparation=(0.0 m) ReferenceStations=(0) ReferenceStationType=("0") ReferenceStationID=(0) AgeofDGNSSCorrections=(0.0 s)

3  : pgn=129029 line=Tx 10338777 0d f8 05 03 01 2c 00 ce b0 da 63 de
source=3: pgn=GNSS Position Data(129029): values=Date=(44 d) Time=(167527.6494 s) Latitude=(0.0 deg) Longitude=(0.0 deg) Altitude=(0.0 m) GNSStype=("0") Method=("0") Integrity=("0") NumberofSVs=(0) HDOP=(0.0) PDOP=(0.0) GeoidalSeparation=(0.0 m) ReferenceStations=(0) ReferenceStationType=("0") ReferenceStationID=(0) AgeofDGNSSCorrections=(0.0 s)

3  : pgn=129029 line=Tx 10338777 0d f8 05 03 02 9e 06 00 80 3b 20 57
source=3: pgn=GNSS Position Data(129029): values=Date=(1694 d) Time=(54077.0304 s) Latitude=(0.0 deg) Longitude=(0.0 deg) Altitude=(0.0 m) GNSStype=("0") Method=("0") Integrity=("0") NumberofSVs=(0) HDOP=(0.0) PDOP=(0.0) GeoidalSeparation=(0.0 m) ReferenceStations=(0) ReferenceStationType=("0") ReferenceStationID=(0) AgeofDGNSSCorrections=(0.0 s)

3  : pgn=129029 line=Tx 10338777 0d f8 05 03 03 51 00 ef ff ff ff ff
source=3: pgn=GNSS Position Data(129029): values=Date=(81 d) Time=(429496.7279 s) Latitude=(0.0 deg) Longitude=(0.0 deg) Altitude=(0.0 m) GNSStype=("0") Method=("0") Integrity=("0") NumberofSVs=(0) HDOP=(0.0) PDOP=(0.0) GeoidalSeparation=(0.0 m) ReferenceStations=(0) ReferenceStationType=("0") ReferenceStationID=(0) AgeofDGNSSCorrections=(0.0 s)

3  : pgn=129029 line=Tx 10338777 0d f8 05 03 04 ff ff ff 7f 23 fc 09
source=3: pgn=GNSS Position Data(129029): values=Date=(None) Time=(423018.49590000004 s) Latitude=(0.0 deg) Longitude=(0.0 deg) Altitude=(0.0 m) GNSStype=("0") Method=("0") Integrity=("0") NumberofSVs=(0) HDOP=(0.0) PDOP=(0.0) GeoidalSeparation=(0.0 m) ReferenceStations=(0) ReferenceStationType=("0") ReferenceStationID=(0) AgeofDGNSSCorrections=(0.0 s)

3  : pgn=129029 line=Tx 10338777 0d f8 05 03 05 55 00 ff 7f ff ff ff
source=3: pgn=GNSS Position Data(129029): values=Date=(85 d) Time=(429493.4527 s) Latitude=(0.0 deg) Longitude=(0.0 deg) Altitude=(0.0 m) GNSStype=("0") Method=("0") Integrity=("0") NumberofSVs=(0) HDOP=(0.0) PDOP=(0.0) GeoidalSeparation=(0.0 m) ReferenceStations=(0) ReferenceStationType=("0") ReferenceStationID=(0) AgeofDGNSSCorrections=(0.0 s)

3  : pgn=129029 line=Tx 10338777 0d f8 05 03 06 7f 00 ff ff ff ff ff
source=3: pgn=GNSS Position Data(129029): values=Date=(127 d) Time=(None) Latitude=(0.0 deg) Longitude=(0.0 deg) Altitude=(0.0 m) GNSStype=("0") Method=("0") Integrity=("0") NumberofSVs=(0) HDOP=(0.0) PDOP=(0.0) GeoidalSeparation=(0.0 m) ReferenceStations=(0) ReferenceStationType=("0") ReferenceStationID=(0) AgeofDGNSSCorrections=(0.0 s)

3  : pgn=129025 line=Tx 10338777 09 f8 01 03 db 67 6f 1c c0 aa fd b6
source=3: pgn=Position, Rapid Update(129025): values=Latitude=(47.706313099999996 deg) Longitude=(-122.4889664 deg)

3  : pgn=129033 line=Tx 10338777 0d f8 09 03 06 40 5a 20 13 2c 5c fe
source=3: pgn=Time & Date(129033): values=Date=(16390 d) Time=(73945.09700000001 s) LocalOffset=(-25200.0 s)

0  : pgn=127250 line=Rx 10338799 09 f1 12 00 ff ae 3f ff 7f ff 7f fd
source=0: pgn=Vessel Heading(127250): values=Heading=(93.40 deg) Deviation=(None) Variation=(None) Reference=("1")

0  : pgn=127245 line=Rx 10338800 09 f1 0d 00 00 f8 ff 7f 00 00 ff ff
source=0: pgn=Rudder(127245): values=Instance=(0) DirectionOrder=("0") AngleOrder=(None) Position=(0.00 deg)

0  : pgn=65359  line=Rx 10338806 1c ff 4f 00 3b 9f ff ff ff ae 3f ff
source=0: pgn=Seatalk: Pilot Heading(65359): values=ManufacturerCode=(1851) IndustryCode=(4) HeadingTrue=(None) HeadingMagnetic=(93.40 deg)

32 : pgn=128259 line=Rx 10338807 09 f5 03 20 97 3a 01 ff ff ff ff ff
source=32: pgn=Speed(128259): values=SpeedWaterReferenced=(3.14 m/s) SpeedGroundReferenced=(None) SpeedWaterReferencedType=(None) SpeedDirection=(None)

1  : pgn=129038 line=Rx 10338817 11 f8 0e 01 40 1b c1 44 d6 e0 15 96
1  : pgn=129038 line=Rx 10338817 11 f8 0e 01 41 ec 0c b7 57 57 69 1c
1  : pgn=129038 line=Rx 10338818 11 f8 0e 01 42 62 fe 3b 00 00 00 00
1  : pgn=129038 line=Rx 10338818 11 f8 0e 01 43 00 ff ff ff 7f f0 fe
3  : pgn=129026 line=Tx 10338877 09 f8 02 03 ff fc 8a 4b 47 01 ff ff
source=3: pgn=COG & SOG, Rapid Update(129026): values=COGReference=("0") COG=(110.80 deg) SOG=(3.27 m/s)

3  : pgn=129025 line=Tx 10338877 09 f8 01 03 db 67 6f 1c c0 aa fd b6
source=3: pgn=Position, Rapid Update(129025): values=Latitude=(47.706313099999996 deg) Longitude=(-122.4889664 deg)

3  : pgn=126992 line=Tx 10338877 0d f0 10 03 ff ff 06 40 5a 20 13 2c
source=3: pgn=System Time(126992): values=Source=(None) Date=(16390 d) Time=(73945.09700000001 s)

1  : pgn=129038 line=Rx 10338879 11 f8 0e 01 60 1b c1 7c 61 df 15 e3
1  : pgn=129038 line=Rx 10338880 11 f8 0e 01 61 65 0f b7 84 62 68 1c
1  : pgn=129038 line=Rx 10338881 11 f8 0e 01 62 60 f4 06 00 00 00 00
1  : pgn=129038 line=Rx 10338881 11 f8 0e 01 63 00 ff ff ff 7f f0 fe
0  : pgn=127250 line=Rx 10338891 09 f1 12 00 ff c0 3f ff 7f ff 7f fd
source=0: pgn=Vessel Heading(127250): values=Heading=(93.51 deg) Deviation=(None) Variation=(None) Reference=("1")

0  : pgn=127245 line=Rx 10338892 09 f1 0d 00 00 f8 ff 7f 00 00 ff ff
source=0: pgn=Rudder(127245): values=Instance=(0) DirectionOrder=("0") AngleOrder=(None) Position=(0.00 deg)

0  : pgn=65359  line=Rx 10338898 1c ff 4f 00 3b 9f ff ff ff c0 3f ff
source=0: pgn=Seatalk: Pilot Heading(65359): values=ManufacturerCode=(1851) IndustryCode=(4) HeadingTrue=(None) HeadingMagnetic=(93.51 deg)

32 : pgn=128259 line=Rx 10338906 09 f5 03 20 98 3a 01 ff ff ff ff ff
source=32: pgn=Speed(128259): values=SpeedWaterReferenced=(3.14 m/s) SpeedGroundReferenced=(None) SpeedWaterReferencedType=(None) SpeedDirection=(None)

1  : pgn=129038 line=Rx 10338971 11 f8 0e 01 80 1b c1 0c fe e4 15 37
1  : pgn=129038 line=Rx 10338971 11 f8 0e 01 81 65 e8 b6 40 60 a6 1c
1  : pgn=129038 line=Rx 10338972 11 f8 0e 01 82 64 6f ef d8 00 00 00
1  : pgn=129038 line=Rx 10338972 11 f8 0e 01 83 00 b5 f2 00 00 f0 fe
3  : pgn=129025 line=Tx 10338977 09 f8 01 03 ac 67 6f 1c 60 ab fd b6
source=3: pgn=Position, Rapid Update(129025): values=Latitude=(47.7063084 deg) Longitude=(-122.4889504 deg)

0  : pgn=127250 line=Rx 10338984 09 f1 12 00 ff cc 3f ff 7f ff 7f fd
source=0: pgn=Vessel Heading(127250): values=Heading=(93.58 deg) Deviation=(None) Variation=(None) Reference=("1")

0  : pgn=127245 line=Rx 10338985 09 f1 0d 00 00 f8 ff 7f 00 00 ff ff
source=0: pgn=Rudder(127245): values=Instance=(0) DirectionOrder=("0") AngleOrder=(None) Position=(0.00 deg)

0  : pgn=65359  line=Rx 10338989 1c ff 4f 00 3b 9f ff ff ff cc 3f ff
source=0: pgn=Seatalk: Pilot Heading(65359): values=ManufacturerCode=(1851) IndustryCode=(4) HeadingTrue=(None) HeadingMagnetic=(93.58 deg)

32 : pgn=128259 line=Rx 10339006 09 f5 03 20 99 3c 01 ff ff ff ff ff
source=32: pgn=Speed(128259): values=SpeedWaterReferenced=(3.16 m/s) SpeedGroundReferenced=(None) SpeedWaterReferencedType=(None) SpeedDirection=(None)

4  : pgn=126975 line=Rx 10339063 1d ef ff 04 a0 07 3b 9f f0 81 90 00
4  : pgn=126975 line=Rx 10339063 1d ef ff 04 a1 03 ff ff ff ff ff ff
3  : pgn=129026 line=Tx 10339077 09 f8 02 03 ff fc ad 4b 47 01 ff ff
source=3: pgn=COG & SOG, Rapid Update(129026): values=COGReference=("0") COG=(111.00 deg) SOG=(3.27 m/s)

3  : pgn=129025 line=Tx 10339077 09 f8 01 03 ac 67 6f 1c 60 ab fd b6
source=3: pgn=Position, Rapid Update(129025): values=Latitude=(47.7063084 deg) Longitude=(-122.4889504 deg)

3  : pgn=129291 line=Tx 10339077 0d f9 0b 03 ff fc e7 54 19 00 ff ff
source=3: pgn=Set & Drift, Rapid Update(129291): values=SetReference=("0") Set=(124.53 deg) Drift=(0.25 m/s)

3  : pgn=129044 line=Tx 10339077 19 f8 14 03 40 14 57 38 34 00 00 00
3  : pgn=129044 line=Tx 10339077 19 f8 14 03 41 00 00 00 00 00 00 00
3  : pgn=129044 line=Tx 10339077 19 f8 14 03 42 00 00 00 57 38 34 00
0  : pgn=127250 line=Rx 10339091 09 f1 12 00 ff db 3f ff 7f ff 7f fd
source=0: pgn=Vessel Heading(127250): values=Heading=(93.66 deg) Deviation=(None) Variation=(None) Reference=("1")

0  : pgn=127245 line=Rx 10339091 09 f1 0d 00 00 f8 ff 7f 00 00 ff ff
source=0: pgn=Rudder(127245): values=Instance=(0) DirectionOrder=("0") AngleOrder=(None) Position=(0.00 deg)

0  : pgn=65359  line=Rx 10339098 1c ff 4f 00 3b 9f ff ff ff db 3f ff
source=0: pgn=Seatalk: Pilot Heading(65359): values=ManufacturerCode=(1851) IndustryCode=(4) HeadingTrue=(None) HeadingMagnetic=(93.66 deg)

32 : pgn=128259 line=Rx 10339109 09 f5 03 20 9a 3e 01 ff ff ff ff ff
source=32: pgn=Speed(128259): values=SpeedWaterReferenced=(3.18 m/s) SpeedGroundReferenced=(None) SpeedWaterReferencedType=(None) SpeedDirection=(None)

32 : pgn=130310 line=Rx 10339112 15 fd 06 20 d9 ff ff ff ff ff ff ff
source=32: pgn=Environmental Parameters (obsolete)(130310): values=WaterTemperature=(None) OutsideAmbientAirTemperature=(None) AtmosphericPressure=(None)

32 : pgn=128275 line=Rx 10339120 19 f5 13 20 60 0e ff ff ff ff ff ff
0  : pgn=126975 line=Rx 10339123 1d ef ff 00 00 08 3b 9f f0 81 9c d1
0  : pgn=126975 line=Rx 10339124 1d ef ff 00 01 01 00 ff ff ff ff ff
32 : pgn=128275 line=Rx 10339125 19 f5 13 20 61 0e ae 3c 00 0e ae 3c
32 : pgn=128275 line=Rx 10339130 19 f5 13 20 62 00 ff ff ff ff ff ff
32 : pgn=130846 line=Rx 10339140 1d ff 1e 20 20 0c 3b 9f 04 01 35 56
32 : pgn=130846 line=Rx 10339145 1d ff 1e 20 21 07 09 15 00 d8 04 ff
source=32: pgn=Furuno: Motion Sensor Status Extended(130846): values=ManufacturerCode=(1825) IndustryCode=(0)

1  : pgn=59936  line=Rx 10339152 18 ea 20 01 00 ee 00 00 00 00 00 00
3  : pgn=129025 line=Tx 10339179 09 f8 01 03 ac 67 6f 1c 60 ab fd b6
0  : pgn=127250 line=Rx 10339180 09 f1 12 00 ff dc 3f ff 7f ff 7f fd
source=0: pgn=Vessel Heading(127250): values=Heading=(93.67 deg) Deviation=(None) Variation=(None) Reference=("1")

0  : pgn=127245 line=Rx 10339185 09 f1 0d 00 00 f8 ff 7f 00 00 ff ff
source=0: pgn=Rudder(127245): values=Instance=(0) DirectionOrder=("0") AngleOrder=(None) Position=(0.00 deg)

0  : pgn=65359  line=Rx 10339189 1c ff 4f 00 3b 9f ff ff ff dc 3f ff
source=0: pgn=Seatalk: Pilot Heading(65359): values=ManufacturerCode=(1851) IndustryCode=(4) HeadingTrue=(None) HeadingMagnetic=(93.67 deg)

32 : pgn=128259 line=Rx 10339205 09 f5 03 20 9b 2a 01 ff ff ff ff ff
source=32: pgn=Speed(128259): values=SpeedWaterReferenced=(2.98 m/s) SpeedGroundReferenced=(None) SpeedWaterReferencedType=(None) SpeedDirection=(None)

1  : pgn=129038 line=Rx 10339215 11 f8 0e 01 a0 1b c1 aa eb e0 15 d9
1  : pgn=129038 line=Rx 10339216 11 f8 0e 01 a1 1f 0e b7 ec 3b 68 1c
1  : pgn=129038 line=Rx 10339216 11 f8 0e 01 a2 60 97 0b 00 00 00 00
1  : pgn=129038 line=Rx 10339217 11 f8 0e 01 a3 00 ff ff ff 7f f8 fe
1  : pgn=129038 line=Rx 10339217 11 f8 0e 01 c0 1b c1 aa 4a dc 15 8a
1  : pgn=129038 line=Rx 10339218 11 f8 0e 01 c1 6e 14 b7 93 60 66 1c
1  : pgn=129038 line=Rx 10339219 11 f8 0e 01 c2 60 dc 1a 00 00 00 00
1  : pgn=129038 line=Rx 10339219 11 f8 0e 01 c3 00 ff ff ff 7f f0 fe
3  : pgn=129026 line=Tx 10339279 09 f8 02 03 ff fc ad 4b 48 01 ff ff
source=3: pgn=COG & SOG, Rapid Update(129026): values=COGReference=("0") COG=(111.00 deg) SOG=(3.2800000000000002 m/s)

3  : pgn=130577 line=Tx 10339279 0d fe 11 03 20 0e c0 92 ad 4b 48 01
3  : pgn=130577 line=Tx 10339279 0d fe 11 03 21 ff ff ff ff e7 54 19
3  : pgn=130577 line=Tx 10339279 0d fe 11 03 22 00 ff ff ff ff ff ff
3  : pgn=129025 line=Tx 10339279 09 f8 01 03 98 67 6f 1c b6 ab fd b6
3  : pgn=130306 line=Tx 10339279 09 fd 02 03 ff 23 03 d9 cb fa ff ff
source=3: pgn=Wind Data(130306): values=WindSpeed=(8.03 m/s) WindAngle=(299.00 deg) Reference=("2")

0  : pgn=127250 line=Rx 10339280 09 f1 12 00 ff d9 3f ff 7f ff 7f fd
source=0: pgn=Vessel Heading(127250): values=Heading=(93.65 deg) Deviation=(None) Variation=(None) Reference=("1")

0  : pgn=127245 line=Rx 10339281 09 f1 0d 00 00 f8 ff 7f 00 00 ff ff
source=0: pgn=Rudder(127245): values=Instance=(0) DirectionOrder=("0") AngleOrder=(None) Position=(0.00 deg)

0  : pgn=65359  line=Rx 10339302 1c ff 4f 00 3b 9f ff ff ff d9 3f ff
source=0: pgn=Seatalk: Pilot Heading(65359): values=ManufacturerCode=(1851) IndustryCode=(4) HeadingTrue=(None) HeadingMagnetic=(93.65 deg)

32 : pgn=128259 line=Rx 10339305 09 f5 03 20 9c 2f 01 ff ff ff ff ff
source=32: pgn=Speed(128259): values=SpeedWaterReferenced=(3.0300000000000002 m/s) SpeedGroundReferenced=(None) SpeedWaterReferencedType=(None) SpeedDirection=(None)

1  : pgn=129039 line=Rx 10339307 11 f8 0f 01 e0 1a 12 10 94 d2 15 95
1  : pgn=129039 line=Rx 10339307 11 f8 0f 01 e1 cd 08 b7 e5 7b 80 1c
1  : pgn=129039 line=Rx 10339308 11 f8 0f 01 e2 63 66 93 c4 01 03 00
1  : pgn=129039 line=Rx 10339308 11 f8 0f 01 e3 00 ff ff 00 fc ff ff
3  : pgn=129283 line=Tx 10339380 0d f9 03 03 ff 7f ff ff ff 7f ff ff
source=3: pgn=Cross Track Error(129283): values=XTEmode=(None) NavigationTerminated=("1") XTE=(None)

3  : pgn=129025 line=Tx 10339380 09 f8 01 03 98 67 6f 1c b6 ab fd b6
source=3: pgn=Position, Rapid Update(129025): values=Latitude=(47.706306399999995 deg) Longitude=(-122.48894179999999 deg)

3  : pgn=128267 line=Tx 10339380 0d f5 0b 03 ff 9d 3d 00 00 00 00 ff
source=3: pgn=Water Depth(128267): values=Depth=(157.73 m) Offset=(0.0 m) Range=(None)

0  : pgn=127250 line=Rx 10339380 09 f1 12 00 ff bd 3f ff 7f ff 7f fd
source=0: pgn=Vessel Heading(127250): values=Heading=(93.49 deg) Deviation=(None) Variation=(None) Reference=("1")

0  : pgn=127245 line=Rx 10339381 09 f1 0d 00 00 f8 ff 7f 00 00 ff ff
source=0: pgn=Rudder(127245): values=Instance=(0) DirectionOrder=("0") AngleOrder=(None) Position=(0.00 deg)

0  : pgn=65359  line=Rx 10339391 1c ff 4f 00 3b 9f ff ff ff bd 3f ff
source=0: pgn=Seatalk: Pilot Heading(65359): values=ManufacturerCode=(1851) IndustryCode=(4) HeadingTrue=(None) HeadingMagnetic=(93.49 deg)

4  : pgn=65384  line=Rx 10339404 1c ff 68 04 3b 9f 00 00 00 00 00 00
32 : pgn=128259 line=Rx 10339404 09 f5 03 20 9d 26 01 ff ff ff ff ff
source=32: pgn=Speed(128259): values=SpeedWaterReferenced=(2.94 m/s) SpeedGroundReferenced=(None) SpeedWaterReferencedType=(None) SpeedDirection=(None)

3  : pgn=129026 line=Tx 10339480 09 f8 02 03 ff fc bf 4b 48 01 ff ff
source=3: pgn=COG & SOG, Rapid Update(129026): values=COGReference=("0") COG=(111.10 deg) SOG=(3.2800000000000002 m/s)

3  : pgn=129025 line=Tx 10339480 09 f8 01 03 80 67 6f 1c 04 ac fd b6
source=3: pgn=Position, Rapid Update(129025): values=Latitude=(47.706303999999996 deg) Longitude=(-122.488934 deg)

3  : pgn=129542 line=Tx 10339480 19 fa 06 03 20 0f 92 45 01 00 00 00
3  : pgn=129542 line=Tx 10339480 19 fa 06 03 21 00 00 00 00 00 00 00
3  : pgn=129542 line=Tx 10339480 19 fa 06 03 22 00 00 ff ff ff ff ff
3  : pgn=65364  line=Tx 10339480 1c ff 54 03 3b 9f 23 03 d9 cb ff ff
0  : pgn=127250 line=Rx 10339480 09 f1 12 00 ff a8 3f ff 7f ff 7f fd
source=0: pgn=Vessel Heading(127250): values=Heading=(93.37 deg) Deviation=(None) Variation=(None) Reference=("1")

0  : pgn=127245 line=Rx 10339481 09 f1 0d 00 00 f8 ff 7f 00 00 ff ff
source=0: pgn=Rudder(127245): values=Instance=(0) DirectionOrder=("0") AngleOrder=(None) Position=(0.00 deg)

0  : pgn=65359  line=Rx 10339496 1c ff 4f 00 3b 9f ff ff ff a8 3f ff
source=0: pgn=Seatalk: Pilot Heading(65359): values=ManufacturerCode=(1851) IndustryCode=(4) HeadingTrue=(None) HeadingMagnetic=(93.37 deg)

32 : pgn=128259 line=Rx 10339503 09 f5 03 20 9e 33 01 ff ff ff ff ff
source=32: pgn=Speed(128259): values=SpeedWaterReferenced=(3.0700000000000003 m/s) SpeedGroundReferenced=(None) SpeedWaterReferencedType=(None) SpeedDirection=(None)

0  : pgn=127250 line=Rx 10339580 09 f1 12 00 ff 6e 3f ff 7f ff 7f fd
source=0: pgn=Vessel Heading(127250): values=Heading=(93.04 deg) Deviation=(None) Variation=(None) Reference=("1")

3  : pgn=129540 line=Tx 10339580 19 fa 04 03 60 9f b4 ff 0d 03 97 1a
source=3: pgn=GNSS Sats in View(129540): values=RangeResidualMode=(None) SatsinView=(180) PRN=(None) Elevation=(4.47 deg) Azimuth=(39.00 deg) SNR=(0.0 dB) Rangeresiduals=(0) Status=("0")

3  : pgn=129540 line=Tx 10339580 19 fa 04 03 61 2e 26 00 00 00 00 00
source=3: pgn=GNSS Sats in View(129540): values=RangeResidualMode=("0") SatsinView=(38) PRN=(0) Elevation=(0.00 deg) Azimuth=(0.00 deg) SNR=(0.0 dB) Rangeresiduals=(0) Status=("0")

3  : pgn=129540 line=Tx 10339580 19 fa 04 03 62 00 f3 0f ff 1d ad 3c
source=3: pgn=GNSS Sats in View(129540): values=RangeResidualMode=("0") SatsinView=(243) PRN=(15) Elevation=(44.00 deg) Azimuth=(89.00 deg) SNR=(0.0 dB) Rangeresiduals=(0) Status=("0")

3  : pgn=129540 line=Tx 10339580 19 fa 04 03 63 74 0e 00 00 00 00 f5
source=3: pgn=GNSS Sats in View(129540): values=RangeResidualMode=("0") SatsinView=(14) PRN=(0) Elevation=(0.00 deg) Azimuth=(359.36 deg) SNR=(0.0 dB) Rangeresiduals=(0) Status=("0")

3  : pgn=129540 line=Tx 10339580 19 fa 04 03 64 10 17 13 c2 b8 e4 0c
source=3: pgn=GNSS Sats in View(129540): values=RangeResidualMode=("0") SatsinView=(23) PRN=(19) Elevation=(-104.50 deg) Azimuth=(18.91 deg) SNR=(0.0 dB) Rangeresiduals=(0) Status=("0")

3  : pgn=129540 line=Tx 10339580 19 fa 04 03 65 00 00 00 00 f5 12 c5
source=3: pgn=GNSS Sats in View(129540): values=RangeResidualMode=("0") SatsinView=(0) PRN=(0) Elevation=(-16.13 deg) Azimuth=(289.06 deg) SNR=(0.0 dB) Rangeresiduals=(0) Status=("0")

3  : pgn=129540 line=Tx 10339580 19 fa 04 03 66 31 f2 93 e4 0c 00 00
source=3: pgn=GNSS Sats in View(129540): values=RangeResidualMode=("1") SatsinView=(242) PRN=(147) Elevation=(18.91 deg) Azimuth=(0.00 deg) SNR=(0.0 dB) Rangeresiduals=(0) Status=("0")

3  : pgn=129540 line=Tx 10339580 19 fa 04 03 67 00 00 f5 13 69 03 1f
source=3: pgn=GNSS Sats in View(129540): values=RangeResidualMode=("0") SatsinView=(0) PRN=(245) Elevation=(154.12 deg) Azimuth=(45.49 deg) SNR=(0.0 dB) Rangeresiduals=(0) Status=("0")

3  : pgn=129540 line=Tx 10339580 19 fa 04 03 68 d8 3c 0f 00 00 00 00
source=3: pgn=GNSS Sats in View(129540): values=RangeResidualMode=("0") SatsinView=(60) PRN=(15) Elevation=(0.00 deg) Azimuth=(0.00 deg) SNR=(0.0 dB) Rangeresiduals=(0) Status=("0")

3  : pgn=129540 line=Tx 10339580 19 fa 04 03 69 f5 15 e8 37 68 21 80
source=3: pgn=GNSS Sats in View(129540): values=RangeResidualMode=("1") SatsinView=(21) PRN=(232) Elevation=(152.86 deg) Azimuth=(187.94 deg) SNR=(0.0 dB) Rangeresiduals=(0) Status=("0")

3  : pgn=129540 line=Tx 10339580 19 fa 04 03 6a 0c 00 00 00 00 f5 16
source=3: pgn=GNSS Sats in View(129540): values=RangeResidualMode=("0") SatsinView=(0) PRN=(0) Elevation=(0.00 deg) Azimuth=(33.67 deg) SNR=(0.0 dB) Rangeresiduals=(0) Status=("0")

0  : pgn=127245 line=Rx 10339581 09 f1 0d 00 00 f8 ff 7f 00 00 ff ff
source=0: pgn=Rudder(127245): values=Instance=(0) DirectionOrder=("0") AngleOrder=(None) Position=(0.00 deg)

3  : pgn=129540 line=Tx 10339581 19 fa 04 03 6b 80 16 cf 9c ac 0d 00
source=3: pgn=GNSS Sats in View(129540): values=RangeResidualMode=("0") SatsinView=(22) PRN=(207) Elevation=(-122.32 deg) Azimuth=(0.07 deg) SNR=(0.0 dB) Rangeresiduals=(0) Status=("0")

3  : pgn=129540 line=Tx 10339582 19 fa 04 03 6c 00 00 00 f5 1a ae 0f
source=3: pgn=GNSS Sats in View(129540): values=RangeResidualMode=("0") SatsinView=(0) PRN=(0) Elevation=(39.54 deg) Azimuth=(23.00 deg) SNR=(0.0 dB) Rangeresiduals=(0) Status=("0")

3  : pgn=129540 line=Tx 10339584 19 fa 04 03 6d 5d 1f 28 0a 00 00 00
source=3: pgn=GNSS Sats in View(129540): values=RangeResidualMode=("1") SatsinView=(31) PRN=(40) Elevation=(0.06 deg) Azimuth=(0.00 deg) SNR=(0.0 dB) Rangeresiduals=(0) Status=("0")

3  : pgn=129540 line=Tx 10339585 19 fa 04 03 6e 00 f5 1b d1 15 ab d2
source=3: pgn=GNSS Sats in View(129540): values=RangeResidualMode=("0") SatsinView=(245) PRN=(27) Elevation=(32.00 deg) Azimuth=(309.00 deg) SNR=(0.0 dB) Rangeresiduals=(0) Status=("0")

3  : pgn=129540 line=Tx 10339585 19 fa 04 03 6f 74 0e 00 00 00 00 f5
source=3: pgn=GNSS Sats in View(129540): values=RangeResidualMode=("0") SatsinView=(14) PRN=(0) Elevation=(0.00 deg) Azimuth=(359.36 deg) SNR=(0.0 dB) Rangeresiduals=(0) Status=("0")

3  : pgn=129540 line=Tx 10339586 19 fa 04 03 70 1d 00 0f a1 67 e4 0c
source=3: pgn=GNSS Sats in View(129540): values=RangeResidualMode=("1") SatsinView=(0) PRN=(15) Elevation=(152.00 deg) Azimuth=(18.91 deg) SNR=(0.0 dB) Rangeresiduals=(0) Status=("0")

3  : pgn=129540 line=Tx 10339587 19 fa 04 03 71 00 00 00 00 f5 23 d1
source=3: pgn=GNSS Sats in View(129540): values=RangeResidualMode=("0") SatsinView=(0) PRN=(0) Elevation=(-16.13 deg) Azimuth=(306.76 deg) SNR=(0.0 dB) Rangeresiduals=(0) Status=("0")

3  : pgn=129540 line=Tx 10339587 19 fa 04 03 72 15 c3 8b 00 00 00 00
source=3: pgn=GNSS Sats in View(129540): values=RangeResidualMode=("1") SatsinView=(195) PRN=(139) Elevation=(0.00 deg) Azimuth=(0.00 deg) SNR=(0.0 dB) Rangeresiduals=(0) Status=("0")

3  : pgn=129540 line=Tx 10339588 19 fa 04 03 73 00 00 f3 30 2e 17 43
source=3: pgn=GNSS Sats in View(129540): values=RangeResidualMode=("0") SatsinView=(0) PRN=(243) Elevation=(67.75 deg) Azimuth=(98.41 deg) SNR=(0.0 dB) Rangeresiduals=(0) Status=("0")

3  : pgn=129540 line=Tx 10339589 19 fa 04 03 74 84 74 0e 00 00 00 00
source=3: pgn=GNSS Sats in View(129540): values=RangeResidualMode=("0") SatsinView=(116) PRN=(14) Elevation=(0.00 deg) Azimuth=(0.00 deg) SNR=(0.0 dB) Rangeresiduals=(0) Status=("0")

3  : pgn=129540 line=Tx 10339590 19 fa 04 03 75 f5 33 80 16 67 6c ac
source=3: pgn=GNSS Sats in View(129540): values=RangeResidualMode=("1") SatsinView=(51) PRN=(128) Elevation=(151.20 deg) Azimuth=(252.90 deg) SNR=(0.0 dB) Rangeresiduals=(0) Status=("0")

3  : pgn=129540 line=Tx 10339590 19 fa 04 03 76 0d 00 00 00 00 f5 ff
source=3: pgn=GNSS Sats in View(129540): values=RangeResidualMode=("1") SatsinView=(0) PRN=(0) Elevation=(0.00 deg) Azimuth=(375.43 deg) SNR=(0.0 dB) Rangeresiduals=(0) Status=("0")

0  : pgn=65379  line=Rx 10339591 1c ff 63 00 3b 9f 00 00 00 00 01 ff
source=0: pgn=Seatalk: Pilot Mode(65379): values=ManufacturerCode=(1851) IndustryCode=(4) PilotMode=(0) SubMode=(0) PilotModeData=(0)

3  : pgn=129025 line=Tx 10339592 09 f8 01 03 80 67 6f 1c 04 ac fd b6
source=3: pgn=Position, Rapid Update(129025): values=Latitude=(47.706303999999996 deg) Longitude=(-122.488934 deg)

3  : pgn=127258 line=Tx 10339593 19 f1 1a 03 ff f6 12 39 fa 0a ff ff
source=3: pgn=Magnetic Variation(127258): values=Source=("6") Ageofservice=(14610 d) Variation=(16.10 deg)

0  : pgn=65359  line=Rx 10339593 1c ff 4f 00 3b 9f ff ff ff 6e 3f ff
source=0: pgn=Seatalk: Pilot Heading(65359): values=ManufacturerCode=(1851) IndustryCode=(4) HeadingTrue=(None) HeadingMagnetic=(93.04 deg)

3  : pgn=65311  line=Tx 10339594 1c ff 1f 03 3b 9f ff fa 0a ff ff ff
0  : pgn=126975 line=Rx 10339597 1d ef ff 00 20 0d 3b 9f f0 81 84 96
0  : pgn=126975 line=Rx 10339598 1d ef ff 00 21 41 06 00 00 00 02 05
32 : pgn=128259 line=Rx 10339603 09 f5 03 20 9f 2a 01 ff ff ff ff ff
source=32: pgn=Speed(128259): values=SpeedWaterReferenced=(2.98 m/s) SpeedGroundReferenced=(None) SpeedWaterReferencedType=(None) SpeedDirection=(None)

1  : pgn=129038 line=Rx 10339670 11 f8 0e 01 e0 1b c1 58 f2 20 0d 14
1  : pgn=129038 line=Rx 10339671 11 f8 0e 01 e1 86 13 b7 80 4a 5d 1c
1  : pgn=129038 line=Rx 10339671 11 f8 0e 01 e2 60 b1 82 25 01 00 00
1  : pgn=129038 line=Rx 10339672 11 f8 0e 01 e3 00 14 7c 00 00 f5 fe
0  : pgn=127250 line=Rx 10339680 09 f1 12 00 ff 25 3f ff 7f ff 7f fd
source=0: pgn=Vessel Heading(127250): values=Heading=(92.62 deg) Deviation=(None) Variation=(None) Reference=("1")

0  : pgn=127245 line=Rx 10339681 09 f1 0d 00 00 f8 ff 7f 00 00 ff ff
source=0: pgn=Rudder(127245): values=Instance=(0) DirectionOrder=("0") AngleOrder=(None) Position=(0.00 deg)

3  : pgn=129026 line=Tx 10339685 09 f8 02 03 ff fc bf 4b 48 01 ff ff
source=3: pgn=COG & SOG, Rapid Update(129026): values=COGReference=("0") COG=(111.10 deg) SOG=(3.2800000000000002 m/s)

3  : pgn=129025 line=Tx 10339685 09 f8 01 03 80 67 6f 1c 04 ac fd b6
source=3: pgn=Position, Rapid Update(129025): values=Latitude=(47.706303999999996 deg) Longitude=(-122.488934 deg)

0  : pgn=65359  line=Rx 10339695 1c ff 4f 00 3b 9f ff ff ff 25 3f ff
source=0: pgn=Seatalk: Pilot Heading(65359): values=ManufacturerCode=(1851) IndustryCode=(4) HeadingTrue=(None) HeadingMagnetic=(92.62 deg)

0  : pgn=126975 line=Rx 10339698 1d ef ff 00 40 09 3b 9f f0 81 ae 02
0  : pgn=126975 line=Rx 10339700 1d ef ff 00 41 00 08 00 ff ff ff ff
32 : pgn=128259 line=Rx 10339702 09 f5 03 20 a0 2b 01 ff ff ff ff ff
source=32: pgn=Speed(128259): values=SpeedWaterReferenced=(2.99 m/s) SpeedGroundReferenced=(None) SpeedWaterReferencedType=(None) SpeedDirection=(None)

0  : pgn=127250 line=Rx 10339780 09 f1 12 00 ff 00 3f ff 7f ff 7f fd
source=0: pgn=Vessel Heading(127250): values=Heading=(92.41 deg) Deviation=(None) Variation=(None) Reference=("1")

0  : pgn=127245 line=Rx 10339781 09 f1 0d 00 00 f8 ff 7f 00 00 ff ff
source=0: pgn=Rudder(127245): values=Instance=(0) DirectionOrder=("0") AngleOrder=(None) Position=(0.00 deg)

3  : pgn=129029 line=Tx 10339785 0d f8 05 03 20 2b 92 06 40 76 45 13
3  : pgn=129029 line=Tx 10339785 0d f8 05 03 21 2c 00 78 ec 75 51 de
3  : pgn=129029 line=Tx 10339785 0d f8 05 03 22 9e 06 00 44 e1 d6 db
3  : pgn=129029 line=Tx 10339785 0d f8 05 03 23 51 00 ef ff ff ff ff
3  : pgn=129029 line=Tx 10339785 0d f8 05 03 24 ff ff ff 7f 23 fc 09
3  : pgn=129029 line=Tx 10339785 0d f8 05 03 25 55 00 ff 7f ff ff ff
3  : pgn=129029 line=Tx 10339785 0d f8 05 03 26 7f 00 ff ff ff ff ff
3  : pgn=129025 line=Tx 10339785 09 f8 01 03 8c 67 6f 1c fa ac fd b6
source=3: pgn=Position, Rapid Update(129025): values=Latitude=(47.706305199999996 deg) Longitude=(-122.4889094 deg)

3  : pgn=129033 line=Tx 10339785 0d f8 09 03 06 40 76 45 13 2c 5c fe
source=3: pgn=Time & Date(129033): values=Date=(16390 d) Time=(73946.047 s) LocalOffset=(-25200.0 s)

0  : pgn=65359  line=Rx 10339787 1c ff 4f 00 3b 9f ff ff ff 00 3f ff
source=0: pgn=Seatalk: Pilot Heading(65359): values=ManufacturerCode=(1851) IndustryCode=(4) HeadingTrue=(None) HeadingMagnetic=(92.41 deg)

32 : pgn=128259 line=Rx 10339802 09 f5 03 20 a1 2b 01 ff ff ff ff ff
source=32: pgn=Speed(128259): values=SpeedWaterReferenced=(2.99 m/s) SpeedGroundReferenced=(None) SpeedWaterReferencedType=(None) SpeedDirection=(None)

0  : pgn=127250 line=Rx 10339880 09 f1 12 00 ff c4 3e ff 7f ff 7f fd
source=0: pgn=Vessel Heading(127250): values=Heading=(92.06 deg) Deviation=(None) Variation=(None) Reference=("1")

0  : pgn=127245 line=Rx 10339881 09 f1 0d 00 00 f8 ff 7f 00 00 ff ff
source=0: pgn=Rudder(127245): values=Instance=(0) DirectionOrder=("0") AngleOrder=(None) Position=(0.00 deg)

3  : pgn=129026 line=Tx 10339886 09 f8 02 03 ff fc 10 4b 49 01 ff ff
source=3: pgn=COG & SOG, Rapid Update(129026): values=COGReference=("0") COG=(110.10 deg) SOG=(3.29 m/s)

3  : pgn=129025 line=Tx 10339886 09 f8 01 03 8c 67 6f 1c fa ac fd b6
source=3: pgn=Position, Rapid Update(129025): values=Latitude=(47.706305199999996 deg) Longitude=(-122.4889094 deg)

3  : pgn=126992 line=Tx 10339886 0d f0 10 03 ff ff 06 40 76 45 13 2c
source=3: pgn=System Time(126992): values=Source=(None) Date=(16390 d) Time=(73946.047 s)

0  : pgn=65359  line=Rx 10339897 1c ff 4f 00 3b 9f ff ff ff c4 3e ff
source=0: pgn=Seatalk: Pilot Heading(65359): values=ManufacturerCode=(1851) IndustryCode=(4) HeadingTrue=(None) HeadingMagnetic=(92.06 deg)

32 : pgn=128259 line=Rx 10339902 09 f5 03 20 a2 30 01 ff ff ff ff ff
source=32: pgn=Speed(128259): values=SpeedWaterReferenced=(3.04 m/s) SpeedGroundReferenced=(None) SpeedWaterReferencedType=(None) SpeedDirection=(None)

0  : pgn=127250 line=Rx 10339980 09 f1 12 00 ff a9 3e ff 7f ff 7f fd
source=0: pgn=Vessel Heading(127250): values=Heading=(91.91 deg) Deviation=(None) Variation=(None) Reference=("1")

0  : pgn=127245 line=Rx 10339981 09 f1 0d 00 00 f8 ff 7f 00 00 ff ff
source=0: pgn=Rudder(127245): values=Instance=(0) DirectionOrder=("0") AngleOrder=(None) Position=(0.00 deg)

0  : pgn=65359  line=Rx 10339985 1c ff 4f 00 3b 9f ff ff ff a9 3e ff
source=0: pgn=Seatalk: Pilot Heading(65359): values=ManufacturerCode=(1851) IndustryCode=(4) HeadingTrue=(None) HeadingMagnetic=(91.91 deg)

3  : pgn=129025 line=Tx 10339986 09 f8 01 03 8c 67 6f 1c fa ac fd b6
source=3: pgn=Position, Rapid Update(129025): values=Latitude=(47.706305199999996 deg) Longitude=(-122.4889094 deg)

32 : pgn=128259 line=Rx 10340001 09 f5 03 20 a3 35 01 ff ff ff ff ff
source=32: pgn=Speed(128259): values=SpeedWaterReferenced=(3.09 m/s) SpeedGroundReferenced=(None) SpeedWaterReferencedType=(None) SpeedDirection=(None)

0  : pgn=127250 line=Rx 10340080 09 f1 12 00 ff 8f 3e ff 7f ff 7f fd
source=0: pgn=Vessel Heading(127250): values=Heading=(91.76 deg) Deviation=(None) Variation=(None) Reference=("1")

0  : pgn=127245 line=Rx 10340080 09 f1 0d 00 00 f8 ff 7f 00 00 ff ff
source=0: pgn=Rudder(127245): values=Instance=(0) DirectionOrder=("0") AngleOrder=(None) Position=(0.00 deg)

3  : pgn=129026 line=Tx 10340086 09 f8 02 03 ff fc 84 4a 4c 01 ff ff
source=3: pgn=COG & SOG, Rapid Update(129026): values=COGReference=("0") COG=(109.30 deg) SOG=(3.3200000000000003 m/s)

3  : pgn=129025 line=Tx 10340086 09 f8 01 03 77 67 6f 1c 54 ad fd b6
source=3: pgn=Position, Rapid Update(129025): values=Latitude=(47.7063031 deg) Longitude=(-122.48890039999999 deg)

3  : pgn=129291 line=Tx 10340087 0d f9 0b 03 ff fc cc 58 20 00 ff ff
source=3: pgn=Set & Drift, Rapid Update(129291): values=SetReference=("0") Set=(130.24 deg) Drift=(0.32 m/s)

3  : pgn=65362  line=Tx 10340087 1c ff 52 03 3b 9f 90 9d ff ff ff ff
0  : pgn=65359  line=Rx 10340087 1c ff 4f 00 3b 9f ff ff ff 8f 3e ff
source=0: pgn=Seatalk: Pilot Heading(65359): values=ManufacturerCode=(1851) IndustryCode=(4) HeadingTrue=(None) HeadingMagnetic=(91.76 deg)

0  : pgn=126975 line=Rx 10340097 1d ef ff 00 60 08 3b 9f f0 81 9c 11
0  : pgn=126975 line=Rx 10340099 1d ef ff 00 61 01 00 ff ff ff ff ff
32 : pgn=128259 line=Rx 10340103 09 f5 03 20 a4 3b 01 ff ff ff ff ff
source=32: pgn=Speed(128259): values=SpeedWaterReferenced=(3.15 m/s) SpeedGroundReferenced=(None) SpeedWaterReferencedType=(None) SpeedDirection=(None)

32 : pgn=130310 line=Rx 10340106 15 fd 06 20 da ff ff ff ff ff ff ff
source=32: pgn=Environmental Parameters (obsolete)(130310): values=WaterTemperature=(None) OutsideAmbientAirTemperature=(None) AtmosphericPressure=(None)

32 : pgn=128275 line=Rx 10340116 19 f5 13 20 80 0e ff ff ff ff ff ff
32 : pgn=128275 line=Rx 10340121 19 f5 13 20 81 0e ae 3c 00 0e ae 3c
32 : pgn=128275 line=Rx 10340126 19 f5 13 20 82 00 ff ff ff ff ff ff
1  : pgn=59936  line=Rx 10340148 18 ea 20 01 00 ee 00 00 00 00 00 00
1  : pgn=129041 line=Rx 10340180 11 f8 11 01 60 30 55 75 89 3a 3b 6d
0  : pgn=127250 line=Rx 10340180 09 f1 12 00 ff 8a 3e ff 7f ff 7f fd
source=0: pgn=Vessel Heading(127250): values=Heading=(91.73 deg) Deviation=(None) Variation=(None) Reference=("1")

1  : pgn=129041 line=Rx 10340181 11 f8 11 01 61 8b 0a b7 5b f8 47 1c
0  : pgn=127245 line=Rx 10340181 09 f1 0d 00 00 f8 ff 7f 00 00 ff ff
source=0: pgn=Rudder(127245): values=Instance=(0) DirectionOrder=("0") AngleOrder=(None) Position=(0.00 deg)

1  : pgn=129041 line=Rx 10340182 11 f8 11 01 62 f4 00 00 00 00 00 00
1  : pgn=129041 line=Rx 10340182 11 f8 11 01 63 ff ff 12 ee ff e0 16
1  : pgn=129041 line=Rx 10340183 11 f8 11 01 64 01 50 53 20 54 53 4c
1  : pgn=129041 line=Rx 10340183 11 f8 11 01 65 20 4c 42 20 54 41 20
1  : pgn=129041 line=Rx 10340184 11 f8 11 01 66 20 20 20 20 20 20 20
3  : pgn=129025 line=Tx 10340186 09 f8 01 03 77 67 6f 1c 54 ad fd b6
source=3: pgn=Position, Rapid Update(129025): values=Latitude=(47.7063031 deg) Longitude=(-122.48890039999999 deg)

0  : pgn=65359  line=Rx 10340192 1c ff 4f 00 3b 9f ff ff ff 8a 3e ff
source=0: pgn=Seatalk: Pilot Heading(65359): values=ManufacturerCode=(1851) IndustryCode=(4) HeadingTrue=(None) HeadingMagnetic=(91.73 deg)

32 : pgn=128259 line=Rx 10340200 09 f5 03 20 a5 3c 01 ff ff ff ff ff
1  : pgn=129038 line=Rx 10340211 11 f8 0e 01 00 1b c1 a8 2c e8 15 b8
1  : pgn=129038 line=Rx 10340212 11 f8 0e 01 01 c9 0c b7 a2 76 69 1c
source=1: pgn=AIS Class A Position Report(129038): values=MessageID=(1) RepeatIndicator=("0") UserID=(2729905353) Longitude=(0.0 deg) Latitude=(0.0 deg) PositionAccuracy=("0") RAIM=("0") TimeStamp=("0") COG=(0.00 deg) SOG=(0.0 m/s) CommunicationState=(0) AISTransceiverinformation=("0") Heading=(0.00 deg) RateofTurn=(0.00 deg/s) NavStatus=("0") SpecialManeuverIndicator=("0") Spare=(0) SequenceID=(0)

1  : pgn=129038 line=Rx 10340212 11 f8 0e 01 02 64 ee 0e 00 00 00 00
source=1: pgn=AIS Class A Position Report(129038): values=MessageID=(2) RepeatIndicator=("0") UserID=(978532) Longitude=(0.0 deg) Latitude=(0.0 deg) PositionAccuracy=("0") RAIM=("0") TimeStamp=("0") COG=(0.00 deg) SOG=(0.0 m/s) CommunicationState=(0) AISTransceiverinformation=("0") Heading=(0.00 deg) RateofTurn=(0.00 deg/s) NavStatus=("0") SpecialManeuverIndicator=("0") Spare=(0) SequenceID=(0)

1  : pgn=129038 line=Rx 10340213 11 f8 0e 01 03 00 ff ff ff 7f ff fe
source=1: pgn=AIS Class A Position Report(129038): values=MessageID=(3) RepeatIndicator=("0") UserID=(4294967040) Longitude=(0.0 deg) Latitude=(0.0 deg) PositionAccuracy=("0") RAIM=("0") TimeStamp=("0") COG=(0.00 deg) SOG=(0.0 m/s) CommunicationState=(0) AISTransceiverinformation=("0") Heading=(0.00 deg) RateofTurn=(0.00 deg/s) NavStatus=("0") SpecialManeuverIndicator=("0") Spare=(0) SequenceID=(0)

0  : pgn=127250 line=Rx 10340280 09 f1 12 00 ff 93 3e ff 7f ff 7f fd
source=0: pgn=Vessel Heading(127250): values=Heading=(91.78 deg) Deviation=(None) Variation=(None) Reference=("1")

0  : pgn=127245 line=Rx 10340280 09 f1 0d 00 00 f8 ff 7f 00 00 ff ff
source=0: pgn=Rudder(127245): values=Instance=(0) DirectionOrder=("0") AngleOrder=(None) Position=(0.00 deg)

3  : pgn=129026 line=Tx 10340287 09 f8 02 03 ff fc 1c 4a 4f 01 ff ff
source=3: pgn=COG & SOG, Rapid Update(129026): values=COGReference=("0") COG=(108.70 deg) SOG=(3.35 m/s)

3  : pgn=130577 line=Tx 10340287 0d fe 11 03 40 0e c0 93 1c 4a 4f 01
3  : pgn=130577 line=Tx 10340287 0d fe 11 03 41 ff ff ff ff cc 58 20
3  : pgn=130577 line=Tx 10340287 0d fe 11 03 42 00 ff ff ff ff ff ff
3  : pgn=129025 line=Tx 10340287 09 f8 01 03 67 67 6f 1c b6 ad fd b6
3  : pgn=130306 line=Tx 10340287 09 fd 02 03 ff 37 03 93 ce fa ff ff
source=3: pgn=Wind Data(130306): values=WindSpeed=(8.23 m/s) WindAngle=(303.00 deg) Reference=("2")

0  : pgn=65359  line=Rx 10340288 1c ff 4f 00 3b 9f ff ff ff 93 3e ff
source=0: pgn=Seatalk: Pilot Heading(65359): values=ManufacturerCode=(1851) IndustryCode=(4) HeadingTrue=(None) HeadingMagnetic=(91.78 deg)

32 : pgn=128259 line=Rx 10340300 09 f5 03 20 a6 3c 01 ff ff ff ff ff
source=32: pgn=Speed(128259): values=SpeedWaterReferenced=(3.16 m/s) SpeedGroundReferenced=(None) SpeedWaterReferencedType=(None) SpeedDirection=(None)

0  : pgn=127250 line=Rx 10340380 09 f1 12 00 ff b2 3e ff 7f ff 7f fd
source=0: pgn=Vessel Heading(127250): values=Heading=(91.96 deg) Deviation=(None) Variation=(None) Reference=("1")

0  : pgn=127245 line=Rx 10340381 09 f1 0d 00 00 f8 ff 7f 00 00 ff ff
source=0: pgn=Rudder(127245): values=Instance=(0) DirectionOrder=("0") AngleOrder=(None) Position=(0.00 deg)

0  : pgn=65359  line=Rx 10340385 1c ff 4f 00 3b 9f ff ff ff b2 3e ff
source=0: pgn=Seatalk: Pilot Heading(65359): values=ManufacturerCode=(1851) IndustryCode=(4) HeadingTrue=(None) HeadingMagnetic=(91.96 deg)

3  : pgn=129283 line=Tx 10340387 0d f9 03 03 ff 7f ff ff ff 7f ff ff
source=3: pgn=Cross Track Error(129283): values=XTEmode=(None) NavigationTerminated=("1") XTE=(None)

3  : pgn=129025 line=Tx 10340387 09 f8 01 03 67 67 6f 1c b6 ad fd b6
source=3: pgn=Position, Rapid Update(129025): values=Latitude=(47.706301499999995 deg) Longitude=(-122.48889059999999 deg)

3  : pgn=128267 line=Tx 10340387 0d f5 0b 03 ff a7 3d 00 00 00 00 ff
source=3: pgn=Water Depth(128267): values=Depth=(157.83 m) Offset=(0.0 m) Range=(None)

32 : pgn=128259 line=Rx 10340399 09 f5 03 20 a7 35 01 ff ff ff ff ff
source=32: pgn=Speed(128259): values=SpeedWaterReferenced=(3.09 m/s) SpeedGroundReferenced=(None) SpeedWaterReferencedType=(None) SpeedDirection=(None)

4  : pgn=65384  line=Rx 10340404 1c ff 68 04 3b 9f 00 00 00 00 00 00
1  : pgn=129038 line=Rx 10340454 11 f8 0e 01 20 1b c1 1e ae e6 15 4f
1  : pgn=129038 line=Rx 10340455 11 f8 0e 01 21 27 14 b7 f8 82 58 1c
1  : pgn=129038 line=Rx 10340455 11 f8 0e 01 22 69 f7 a9 00 00 00 00
1  : pgn=129038 line=Rx 10340456 11 f8 0e 01 23 00 9f c1 00 00 f0 fe
0  : pgn=127250 line=Rx 10340483 09 f1 12 00 ff d2 3e ff 7f ff 7f fd
source=0: pgn=Vessel Heading(127250): values=Heading=(92.14 deg) Deviation=(None) Variation=(None) Reference=("1")

0  : pgn=127245 line=Rx 10340484 09 f1 0d 00 00 f8 ff 7f 00 00 ff ff
source=0: pgn=Rudder(127245): values=Instance=(0) DirectionOrder=("0") AngleOrder=(None) Position=(0.00 deg)

3  : pgn=129026 line=Tx 10340487 09 f8 02 03 ff fc 1c 4a 4f 01 ff ff
source=3: pgn=COG & SOG, Rapid Update(129026): values=COGReference=("0") COG=(108.70 deg) SOG=(3.35 m/s)

3  : pgn=129025 line=Tx 10340487 09 f8 01 03 67 67 6f 1c b6 ad fd b6
source=3: pgn=Position, Rapid Update(129025): values=Latitude=(47.706301499999995 deg) Longitude=(-122.48889059999999 deg)

3  : pgn=129542 line=Tx 10340487 19 fa 06 03 40 0f 93 3d 01 00 00 00
3  : pgn=129542 line=Tx 10340487 19 fa 06 03 41 00 00 00 00 00 00 00
3  : pgn=129542 line=Tx 10340487 19 fa 06 03 42 00 00 ff ff ff ff ff
3  : pgn=65364  line=Tx 10340487 1c ff 54 03 3b 9f 37 03 93 ce ff ff
3  : pgn=130846 line=Tx 10340487 1d ff 1e 03 40 0c 3b 9f 0b 1a 13 cc
source=3: pgn=Furuno: Motion Sensor Status Extended(130846): values=ManufacturerCode=(1088) IndustryCode=(0)

3  : pgn=130846 line=Tx 10340487 1d ff 1e 03 41 05 01 40 01 ff ff ff
source=3: pgn=Furuno: Motion Sensor Status Extended(130846): values=ManufacturerCode=(1345) IndustryCode=(0)

32 : pgn=128259 line=Rx 10340499 09 f5 03 20 a8 2e 01 ff ff ff ff ff
source=32: pgn=Speed(128259): values=SpeedWaterReferenced=(3.02 m/s) SpeedGroundReferenced=(None) SpeedWaterReferencedType=(None) SpeedDirection=(None)

0  : pgn=65359  line=Rx 10340499 1c ff 4f 00 3b 9f ff ff ff d2 3e ff
source=0: pgn=Seatalk: Pilot Heading(65359): values=ManufacturerCode=(1851) IndustryCode=(4) HeadingTrue=(None) HeadingMagnetic=(92.14 deg)

0  : pgn=127250 line=Rx 10340580 09 f1 12 00 ff e6 3e ff 7f ff 7f fd
source=0: pgn=Vessel Heading(127250): values=Heading=(92.26 deg) Deviation=(None) Variation=(None) Reference=("1")

0  : pgn=127245 line=Rx 10340580 09 f1 0d 00 00 f8 ff 7f 00 00 ff ff
source=0: pgn=Rudder(127245): values=Instance=(0) DirectionOrder=("0") AngleOrder=(None) Position=(0.00 deg)

0  : pgn=65379  line=Rx 10340585 1c ff 63 00 3b 9f 00 00 00 00 01 ff
source=0: pgn=Seatalk: Pilot Mode(65379): values=ManufacturerCode=(1851) IndustryCode=(4) PilotMode=(0) SubMode=(0) PilotModeData=(0)

0  : pgn=65359  line=Rx 10340586 1c ff 4f 00 3b 9f ff ff ff e6 3e ff
source=0: pgn=Seatalk: Pilot Heading(65359): values=ManufacturerCode=(1851) IndustryCode=(4) HeadingTrue=(None) HeadingMagnetic=(92.26 deg)

3  : pgn=129540 line=Tx 10340588 19 fa 04 03 80 9f b5 ff 0d 03 97 1a
source=3: pgn=GNSS Sats in View(129540): values=RangeResidualMode=(None) SatsinView=(181) PRN=(None) Elevation=(4.47 deg) Azimuth=(39.00 deg) SNR=(0.0 dB) Rangeresiduals=(0) Status=("0")

3  : pgn=129540 line=Tx 10340588 19 fa 04 03 81 2e 26 00 00 00 00 00
source=3: pgn=GNSS Sats in View(129540): values=RangeResidualMode=("0") SatsinView=(38) PRN=(0) Elevation=(0.00 deg) Azimuth=(0.00 deg) SNR=(0.0 dB) Rangeresiduals=(0) Status=("0")

3  : pgn=129540 line=Tx 10340588 19 fa 04 03 82 00 f3 0f ff 1d ad 3c
source=3: pgn=GNSS Sats in View(129540): values=RangeResidualMode=("0") SatsinView=(243) PRN=(15) Elevation=(44.00 deg) Azimuth=(89.00 deg) SNR=(0.0 dB) Rangeresiduals=(0) Status=("0")

3  : pgn=129540 line=Tx 10340588 19 fa 04 03 83 8c 0a 00 00 00 00 f5
source=3: pgn=GNSS Sats in View(129540): values=RangeResidualMode=("0") SatsinView=(10) PRN=(0) Elevation=(0.00 deg) Azimuth=(359.36 deg) SNR=(0.0 dB) Rangeresiduals=(0) Status=("0")

3  : pgn=129540 line=Tx 10340588 19 fa 04 03 84 10 17 13 c2 b8 54 0b
source=3: pgn=GNSS Sats in View(129540): values=RangeResidualMode=("0") SatsinView=(23) PRN=(19) Elevation=(-104.50 deg) Azimuth=(16.62 deg) SNR=(0.0 dB) Rangeresiduals=(0) Status=("0")

3  : pgn=129540 line=Tx 10340588 19 fa 04 03 85 00 00 00 00 f5 12 c5
source=3: pgn=GNSS Sats in View(129540): values=RangeResidualMode=("0") SatsinView=(0) PRN=(0) Elevation=(-16.13 deg) Azimuth=(289.06 deg) SNR=(0.0 dB) Rangeresiduals=(0) Status=("0")

3  : pgn=129540 line=Tx 10340588 19 fa 04 03 86 31 f2 93 74 0e 00 00
source=3: pgn=GNSS Sats in View(129540): values=RangeResidualMode=("1") SatsinView=(242) PRN=(147) Elevation=(21.20 deg) Azimuth=(0.00 deg) SNR=(0.0 dB) Rangeresiduals=(0) Status=("0")

3  : pgn=129540 line=Tx 10340588 19 fa 04 03 87 00 00 f5 13 69 03 1f
source=3: pgn=GNSS Sats in View(129540): values=RangeResidualMode=("0") SatsinView=(0) PRN=(245) Elevation=(154.12 deg) Azimuth=(45.49 deg) SNR=(0.0 dB) Rangeresiduals=(0) Status=("0")

3  : pgn=129540 line=Tx 10340588 19 fa 04 03 88 d8 10 0e 00 00 00 00
source=3: pgn=GNSS Sats in View(129540): values=RangeResidualMode=("0") SatsinView=(16) PRN=(14) Elevation=(0.00 deg) Azimuth=(0.00 deg) SNR=(0.0 dB) Rangeresiduals=(0) Status=("0")

3  : pgn=129540 line=Tx 10340588 19 fa 04 03 89 f5 15 e8 37 68 21 ac
source=3: pgn=GNSS Sats in View(129540): values=RangeResidualMode=("1") SatsinView=(21) PRN=(232) Elevation=(152.86 deg) Azimuth=(252.47 deg) SNR=(0.0 dB) Rangeresiduals=(0) Status=("0")

3  : pgn=129540 line=Tx 10340588 19 fa 04 03 8a 0d 00 00 00 00 f5 16
source=3: pgn=GNSS Sats in View(129540): values=RangeResidualMode=("1") SatsinView=(0) PRN=(0) Elevation=(0.00 deg) Azimuth=(33.67 deg) SNR=(0.0 dB) Rangeresiduals=(0) Status=("0")

3  : pgn=129540 line=Tx 10340589 19 fa 04 03 8b 80 16 cf 9c 74 0e 00
source=3: pgn=GNSS Sats in View(129540): values=RangeResidualMode=("0") SatsinView=(22) PRN=(207) Elevation=(171.04 deg) Azimuth=(0.08 deg) SNR=(0.0 dB) Rangeresiduals=(0) Status=("0")

0  : pgn=126975 line=Rx 10340590 1d ef ff 00 80 0d 3b 9f f0 81 84 56
3  : pgn=129540 line=Tx 10340590 19 fa 04 03 8c 00 00 00 f5 1a ae 0f
source=3: pgn=GNSS Sats in View(129540): values=RangeResidualMode=("0") SatsinView=(0) PRN=(0) Elevation=(39.54 deg) Azimuth=(23.00 deg) SNR=(0.0 dB) Rangeresiduals=(0) Status=("0")

3  : pgn=129540 line=Tx 10340591 19 fa 04 03 8d 5d 1f 8c 0a 00 00 00
source=3: pgn=GNSS Sats in View(129540): values=RangeResidualMode=("1") SatsinView=(31) PRN=(140) Elevation=(0.06 deg) Azimuth=(0.00 deg) SNR=(0.0 dB) Rangeresiduals=(0) Status=("0")

3  : pgn=129540 line=Tx 10340592 19 fa 04 03 8e 00 f5 1b d1 15 ab d2
source=3: pgn=GNSS Sats in View(129540): values=RangeResidualMode=("0") SatsinView=(245) PRN=(27) Elevation=(32.00 deg) Azimuth=(309.00 deg) SNR=(0.0 dB) Rangeresiduals=(0) Status=("0")

3  : pgn=129540 line=Tx 10340592 19 fa 04 03 8f 48 0d 00 00 00 00 f5
source=3: pgn=GNSS Sats in View(129540): values=RangeResidualMode=("0") SatsinView=(13) PRN=(0) Elevation=(0.00 deg) Azimuth=(359.36 deg) SNR=(0.0 dB) Rangeresiduals=(0) Status=("0")

0  : pgn=126975 line=Rx 10340593 1d ef ff 00 81 41 05 00 00 00 02 05
3  : pgn=129540 line=Tx 10340593 19 fa 04 03 90 1d 00 0f a1 67 80 0c
source=3: pgn=GNSS Sats in View(129540): values=RangeResidualMode=("1") SatsinView=(0) PRN=(15) Elevation=(152.00 deg) Azimuth=(18.33 deg) SNR=(0.0 dB) Rangeresiduals=(0) Status=("0")

3  : pgn=129540 line=Tx 10340594 19 fa 04 03 91 00 00 00 00 f5 23 d1
source=3: pgn=GNSS Sats in View(129540): values=RangeResidualMode=("0") SatsinView=(0) PRN=(0) Elevation=(-16.13 deg) Azimuth=(306.76 deg) SNR=(0.0 dB) Rangeresiduals=(0) Status=("0")

3  : pgn=129540 line=Tx 10340595 19 fa 04 03 92 15 c3 8b 00 00 00 00
source=3: pgn=GNSS Sats in View(129540): values=RangeResidualMode=("1") SatsinView=(195) PRN=(139) Elevation=(0.00 deg) Azimuth=(0.00 deg) SNR=(0.0 dB) Rangeresiduals=(0) Status=("0")

3  : pgn=129540 line=Tx 10340596 19 fa 04 03 93 00 00 f3 30 2e 17 43
source=3: pgn=GNSS Sats in View(129540): values=RangeResidualMode=("0") SatsinView=(0) PRN=(243) Elevation=(67.75 deg) Azimuth=(98.41 deg) SNR=(0.0 dB) Rangeresiduals=(0) Status=("0")

3  : pgn=129540 line=Tx 10340596 19 fa 04 03 94 84 00 00 00 00 00 00
source=3: pgn=GNSS Sats in View(129540): values=RangeResidualMode=("0") SatsinView=(0) PRN=(0) Elevation=(0.00 deg) Azimuth=(0.00 deg) SNR=(0.0 dB) Rangeresiduals=(0) Status=("0")

3  : pgn=129540 line=Tx 10340598 19 fa 04 03 95 f3 33 80 16 67 6c 10
source=3: pgn=GNSS Sats in View(129540): values=RangeResidualMode=(None) SatsinView=(51) PRN=(128) Elevation=(151.20 deg) Azimuth=(24.09 deg) SNR=(0.0 dB) Rangeresiduals=(0) Status=("0")

32 : pgn=128259 line=Rx 10340599 09 f5 03 20 a9 2a 01 ff ff ff ff ff
source=32: pgn=Speed(128259): values=SpeedWaterReferenced=(2.98 m/s) SpeedGroundReferenced=(None) SpeedWaterReferencedType=(None) SpeedDirection=(None)

3  : pgn=129540 line=Tx 10340599 19 fa 04 03 96 0e 00 00 00 00 f5 ff
source=3: pgn=GNSS Sats in View(129540): values=RangeResidualMode=("0") SatsinView=(0) PRN=(0) Elevation=(0.00 deg) Azimuth=(375.43 deg) SNR=(0.0 dB) Rangeresiduals=(0) Status=("0")

3  : pgn=129025 line=Tx 10340600 09 f8 01 03 4f 67 6f 1c 6c ae fd b6
source=3: pgn=Position, Rapid Update(129025): values=Latitude=(47.706299099999995 deg) Longitude=(-122.48887239999999 deg)

3  : pgn=127258 line=Tx 10340601 19 f1 1a 03 ff f6 12 39 fa 0a ff ff
source=3: pgn=Magnetic Variation(127258): values=Source=("6") Ageofservice=(14610 d) Variation=(16.10 deg)

0  : pgn=127250 line=Rx 10340680 09 f1 12 00 ff 0b 3f ff 7f ff 7f fd
source=0: pgn=Vessel Heading(127250): values=Heading=(92.47 deg) Deviation=(None) Variation=(None) Reference=("1")

0  : pgn=127245 line=Rx 10340680 09 f1 0d 00 00 f8 ff 7f 00 00 ff ff
source=0: pgn=Rudder(127245): values=Instance=(0) DirectionOrder=("0") AngleOrder=(None) Position=(0.00 deg)

0  : pgn=65359  line=Rx 10340687 1c ff 4f 00 3b 9f ff ff ff 0b 3f ff
source=0: pgn=Seatalk: Pilot Heading(65359): values=ManufacturerCode=(1851) IndustryCode=(4) HeadingTrue=(None) HeadingMagnetic=(92.47 deg)

3  : pgn=129026 line=Tx 10340688 09 f8 02 03 ff fc 90 49 51 01 ff ff
source=3: pgn=COG & SOG, Rapid Update(129026): values=COGReference=("0") COG=(107.90 deg) SOG=(3.37 m/s)

3  : pgn=129025 line=Tx 10340688 09 f8 01 03 4f 67 6f 1c 6c ae fd b6
source=3: pgn=Position, Rapid Update(129025): values=Latitude=(47.706299099999995 deg) Longitude=(-122.48887239999999 deg)

0  : pgn=126975 line=Rx 10340697 1d ef ff 00 a0 09 3b 9f f0 81 ae 02
32 : pgn=128259 line=Rx 10340698 09 f5 03 20 aa 23 01 ff ff ff ff ff
source=32: pgn=Speed(128259): values=SpeedWaterReferenced=(2.91 m/s) SpeedGroundReferenced=(None) SpeedWaterReferencedType=(None) SpeedDirection=(None)

0  : pgn=126975 line=Rx 10340699 1d ef ff 00 a1 00 08 00 ff ff ff ff
1  : pgn=129038 line=Rx 10340757 11 f8 0e 01 40 1b c1 76 c0 e0 15 be
1  : pgn=129038 line=Rx 10340758 11 f8 0e 01 41 a7 0c b7 22 60 69 1c
1  : pgn=129038 line=Rx 10340758 11 f8 0e 01 42 64 ac 72 00 00 00 00
1  : pgn=129038 line=Rx 10340759 11 f8 0e 01 43 00 ff ff ff 7f ff fe
0  : pgn=127250 line=Rx 10340779 09 f1 12 00 ff 14 3f ff 7f ff 7f fd
source=0: pgn=Vessel Heading(127250): values=Heading=(92.52 deg) Deviation=(None) Variation=(None) Reference=("1")

0  : pgn=127245 line=Rx 10340780 09 f1 0d 00 00 f8 ff 7f 00 00 ff ff
source=0: pgn=Rudder(127245): values=Instance=(0) DirectionOrder=("0") AngleOrder=(None) Position=(0.00 deg)

0  : pgn=65359  line=Rx 10340786 1c ff 4f 00 3b 9f ff ff ff 14 3f ff
source=0: pgn=Seatalk: Pilot Heading(65359): values=ManufacturerCode=(1851) IndustryCode=(4) HeadingTrue=(None) HeadingMagnetic=(92.52 deg)

3  : pgn=129029 line=Tx 10340788 0d f8 05 03 40 2b 93 06 40 b0 6a 13
3  : pgn=129029 line=Tx 10340788 0d f8 05 03 41 2c 00 56 0a 42 43 de
3  : pgn=129029 line=Tx 10340788 0d f8 05 03 42 9e 06 00 38 99 fc 31
3  : pgn=129029 line=Tx 10340788 0d f8 05 03 43 52 00 ef ff ff ff ff
3  : pgn=129029 line=Tx 10340788 0d f8 05 03 44 ff ff ff 7f 23 fc 09
3  : pgn=129029 line=Tx 10340788 0d f8 05 03 45 55 00 ff 7f ff ff ff
3  : pgn=129029 line=Tx 10340788 0d f8 05 03 46 7f 00 ff ff ff ff ff
3  : pgn=129025 line=Tx 10340788 09 f8 01 03 4f 67 6f 1c 6c ae fd b6
source=3: pgn=Position, Rapid Update(129025): values=Latitude=(47.706299099999995 deg) Longitude=(-122.48887239999999 deg)

3  : pgn=129033 line=Tx 10340788 0d f8 09 03 06 40 b0 6a 13 2c 5c fe
source=3: pgn=Time & Date(129033): values=Date=(16390 d) Time=(73947.0 s) LocalOffset=(-25200.0 s)

32 : pgn=128259 line=Rx 10340797 09 f5 03 20 ab 2b 01 ff ff ff ff ff
source=32: pgn=Speed(128259): values=SpeedWaterReferenced=(2.99 m/s) SpeedGroundReferenced=(None) SpeedWaterReferencedType=(None) SpeedDirection=(None)

0  : pgn=127250 line=Rx 10340880 09 f1 12 00 ff 1f 3f ff 7f ff 7f fd
source=0: pgn=Vessel Heading(127250): values=Heading=(92.58 deg) Deviation=(None) Variation=(None) Reference=("1")

0  : pgn=127245 line=Rx 10340881 09 f1 0d 00 00 f8 ff 7f 00 00 ff ff
source=0: pgn=Rudder(127245): values=Instance=(0) DirectionOrder=("0") AngleOrder=(None) Position=(0.00 deg)

1  : pgn=129038 line=Rx 10340883 11 f8 0e 01 60 1b c1 12 f9 de 15 2e
1  : pgn=129038 line=Rx 10340883 11 f8 0e 01 61 85 10 b7 a1 76 67 1c
1  : pgn=129038 line=Rx 10340884 11 f8 0e 01 62 67 cd c0 00 00 01 00
1  : pgn=129038 line=Rx 10340884 11 f8 0e 01 63 08 37 91 00 00 f0 fe
3  : pgn=129026 line=Tx 10340888 09 f8 02 03 ff fc 39 49 53 01 ff ff
source=3: pgn=COG & SOG, Rapid Update(129026): values=COGReference=("0") COG=(107.40 deg) SOG=(3.39 m/s)

3  : pgn=129025 line=Tx 10340888 09 f8 01 03 3d 67 6f 1c cb ae fd b6
source=3: pgn=Position, Rapid Update(129025): values=Latitude=(47.706297299999996 deg) Longitude=(-122.4888629 deg)

3  : pgn=126992 line=Tx 10340888 0d f0 10 03 ff ff 06 40 7e 74 13 2c
source=3: pgn=System Time(126992): values=Source=(None) Date=(16390 d) Time=(73947.251 s)

0  : pgn=65359  line=Rx 10340889 1c ff 4f 00 3b 9f ff ff ff 1f 3f ff
source=0: pgn=Seatalk: Pilot Heading(65359): values=ManufacturerCode=(1851) IndustryCode=(4) HeadingTrue=(None) HeadingMagnetic=(92.58 deg)

32 : pgn=128259 line=Rx 10340897 09 f5 03 20 ac 1c 01 ff ff ff ff ff
source=32: pgn=Speed(128259): values=SpeedWaterReferenced=(2.84 m/s) SpeedGroundReferenced=(None) SpeedWaterReferencedType=(None) SpeedDirection=(None)

0  : pgn=127250 line=Rx 10340979 09 f1 12 00 ff 11 3f ff 7f ff 7f fd
source=0: pgn=Vessel Heading(127250): values=Heading=(92.50 deg) Deviation=(None) Variation=(None) Reference=("1")

0  : pgn=127245 line=Rx 10340980 09 f1 0d 00 00 f8 ff 7f 00 00 ff ff
source=0: pgn=Rudder(127245): values=Instance=(0) DirectionOrder=("0") AngleOrder=(None) Position=(0.00 deg)

0  : pgn=65359  line=Rx 10340984 1c ff 4f 00 3b 9f ff ff ff 11 3f ff
source=0: pgn=Seatalk: Pilot Heading(65359): values=ManufacturerCode=(1851) IndustryCode=(4) HeadingTrue=(None) HeadingMagnetic=(92.50 deg)

3  : pgn=129025 line=Tx 10340989 09 f8 01 03 3d 67 6f 1c cb ae fd b6
source=3: pgn=Position, Rapid Update(129025): values=Latitude=(47.706297299999996 deg) Longitude=(-122.4888629 deg)

32 : pgn=128259 line=Rx 10340996 09 f5 03 20 ad 18 01 ff ff ff ff ff
source=32: pgn=Speed(128259): values=SpeedWaterReferenced=(2.8000000000000003 m/s) SpeedGroundReferenced=(None) SpeedWaterReferencedType=(None) SpeedDirection=(None)

1  : pgn=129038 line=Rx 10341003 11 f8 0e 01 80 1b c3 fc 4e 12 20 f2
1  : pgn=129038 line=Rx 10341004 11 f8 0e 01 81 6d 15 b7 ff 90 63 1c
1  : pgn=129038 line=Rx 10341005 11 f8 0e 01 82 fc 4d cb 00 00 01 00
1  : pgn=129038 line=Rx 10341005 11 f8 0e 01 83 08 ff ff ff 7f f5 fe
4  : pgn=126975 line=Rx 10341063 1d ef ff 04 c0 07 3b 9f f0 81 90 00
4  : pgn=126975 line=Rx 10341063 1d ef ff 04 c1 03 ff ff ff ff ff ff
0  : pgn=127250 line=Rx 10341079 09 f1 12 00 ff 03 3f ff 7f ff 7f fd
source=0: pgn=Vessel Heading(127250): values=Heading=(92.42 deg) Deviation=(None) Variation=(None) Reference=("1")

0  : pgn=127245 line=Rx 10341080 09 f1 0d 00 00 f8 ff 7f 00 00 ff ff
source=0: pgn=Rudder(127245): values=Instance=(0) DirectionOrder=("0") AngleOrder=(None) Position=(0.00 deg)

0  : pgn=65359  line=Rx 10341087 1c ff 4f 00 3b 9f ff ff ff 03 3f ff
source=0: pgn=Seatalk: Pilot Heading(65359): values=ManufacturerCode=(1851) IndustryCode=(4) HeadingTrue=(None) HeadingMagnetic=(92.42 deg)

0  : pgn=126975 line=Rx 10341089 1d ef ff 00 c0 08 3b 9f f0 81 9c 51
3  : pgn=129026 line=Tx 10341089 09 f8 02 03 ff fc 39 49 53 01 ff ff
source=3: pgn=COG & SOG, Rapid Update(129026): values=COGReference=("0") COG=(107.40 deg) SOG=(3.39 m/s)

3  : pgn=129025 line=Tx 10341089 09 f8 01 03 3d 67 6f 1c cb ae fd b6
source=3: pgn=Position, Rapid Update(129025): values=Latitude=(47.706297299999996 deg) Longitude=(-122.4888629 deg)

3  : pgn=129291 line=Tx 10341089 0d f9 0b 03 ff fc 56 46 27 00 ff ff
source=3: pgn=Set & Drift, Rapid Update(129291): values=SetReference=("0") Set=(103.17 deg) Drift=(0.39 m/s)

0  : pgn=126975 line=Rx 10341091 1d ef ff 00 c1 01 00 ff ff ff ff ff
32 : pgn=128259 line=Rx 10341098 09 f5 03 20 ae 17 01 ff ff ff ff ff
source=32: pgn=Speed(128259): values=SpeedWaterReferenced=(2.79 m/s) SpeedGroundReferenced=(None) SpeedWaterReferencedType=(None) SpeedDirection=(None)

32 : pgn=130310 line=Rx 10341101 15 fd 06 20 db ff ff ff ff ff ff ff
source=32: pgn=Environmental Parameters (obsolete)(130310): values=WaterTemperature=(None) OutsideAmbientAirTemperature=(None) AtmosphericPressure=(None)

32 : pgn=128275 line=Rx 10341111 19 f5 13 20 a0 0e ff ff ff ff ff ff
32 : pgn=128275 line=Rx 10341116 19 f5 13 20 a1 0e ae 3c 00 0e ae 3c
32 : pgn=128275 line=Rx 10341121 19 f5 13 20 a2 00 ff ff ff ff ff ff
1  : pgn=59936  line=Rx 10341154 18 ea 20 01 00 ee 00 00 00 00 00 00
0  : pgn=127250 line=Rx 10341179 09 f1 12 00 ff d8 3e ff 7f ff 7f fd
source=0: pgn=Vessel Heading(127250): values=Heading=(92.18 deg) Deviation=(None) Variation=(None) Reference=("1")

0  : pgn=127245 line=Rx 10341180 09 f1 0d 00 00 f8 ff 7f 00 00 ff ff
source=0: pgn=Rudder(127245): values=Instance=(0) DirectionOrder=("0") AngleOrder=(None) Position=(0.00 deg)

1  : pgn=129038 line=Rx 10341184 11 f8 0e 01 a0 1b c1 8a ff e7 15 c7
1  : pgn=129038 line=Rx 10341185 11 f8 0e 01 a1 66 0e b7 be 30 68 1c
1  : pgn=129038 line=Rx 10341185 11 f8 0e 01 a2 68 05 10 00 00 00 00
1  : pgn=129038 line=Rx 10341186 11 f8 0e 01 a3 00 ff ff ff 7f ff fe
0  : pgn=65359  line=Rx 10341187 1c ff 4f 00 3b 9f ff ff ff d8 3e ff
source=0: pgn=Seatalk: Pilot Heading(65359): values=ManufacturerCode=(1851) IndustryCode=(4) HeadingTrue=(None) HeadingMagnetic=(92.18 deg)

3  : pgn=129025 line=Tx 10341189 09 f8 01 03 18 67 6f 1c 7d af fd b6
source=3: pgn=Position, Rapid Update(129025): values=Latitude=(47.706293599999995 deg) Longitude=(-122.48884509999999 deg)

32 : pgn=128259 line=Rx 10341196 09 f5 03 20 af 1a 01 ff ff ff ff ff
0  : pgn=127250 line=Rx 10341279 09 f1 12 00 ff bc 3e ff 7f ff 7f fd
source=0: pgn=Vessel Heading(127250): values=Heading=(92.02 deg) Deviation=(None) Variation=(None) Reference=("1")

0  : pgn=127245 line=Rx 10341280 09 f1 0d 00 00 f8 ff 7f 00 00 ff ff
source=0: pgn=Rudder(127245): values=Instance=(0) DirectionOrder=("0") AngleOrder=(None) Position=(0.00 deg)

0  : pgn=65359  line=Rx 10341288 1c ff 4f 00 3b 9f ff ff ff bc 3e ff
source=0: pgn=Seatalk: Pilot Heading(65359): values=ManufacturerCode=(1851) IndustryCode=(4) HeadingTrue=(None) HeadingMagnetic=(92.02 deg)

3  : pgn=129026 line=Tx 10341289 09 f8 02 03 ff fc f3 48 54 01 ff ff
source=3: pgn=COG & SOG, Rapid Update(129026): values=COGReference=("0") COG=(107.00 deg) SOG=(3.4 m/s)

3  : pgn=130577 line=Tx 10341290 0d fe 11 03 60 0e c0 94 f3 48 54 01
3  : pgn=130577 line=Tx 10341290 0d fe 11 03 61 ff ff ff ff 56 46 27
3  : pgn=130577 line=Tx 10341290 0d fe 11 03 62 00 ff ff ff ff ff ff
3  : pgn=129025 line=Tx 10341290 09 f8 01 03 18 67 6f 1c 7d af fd b6
3  : pgn=130306 line=Tx 10341290 09 fd 02 03 ff 37 03 e5 cd fa ff ff
source=3: pgn=Wind Data(130306): values=WindSpeed=(8.23 m/s) WindAngle=(302.00 deg) Reference=("2")

32 : pgn=128259 line=Rx 10341295 09 f5 03 20 b0 1e 01 ff ff ff ff ff
source=32: pgn=Speed(128259): values=SpeedWaterReferenced=(2.86 m/s) SpeedGroundReferenced=(None) SpeedWaterReferencedType=(None) SpeedDirection=(None)

1  : pgn=129041 line=Rx 10341337 11 f8 11 01 80 30 55 75 89 3a 3b 6d
1  : pgn=129041 line=Rx 10341338 11 f8 11 01 81 8b 0a b7 5b f8 47 1c
1  : pgn=129041 line=Rx 10341338 11 f8 11 01 82 f4 00 00 00 00 00 00
1  : pgn=129041 line=Rx 10341339 11 f8 11 01 83 ff ff 12 ee ff e0 16
1  : pgn=129041 line=Rx 10341340 11 f8 11 01 84 01 50 53 20 54 53 4c
1  : pgn=129041 line=Rx 10341340 11 f8 11 01 85 20 4c 42 20 54 41 20
1  : pgn=129041 line=Rx 10341341 11 f8 11 01 86 20 20 20 20 20 20 20
0  : pgn=127250 line=Rx 10341379 09 f1 12 00 ff 7d 3e ff 7f ff 7f fd
source=0: pgn=Vessel Heading(127250): values=Heading=(91.66 deg) Deviation=(None) Variation=(None) Reference=("1")

0  : pgn=127245 line=Rx 10341380 09 f1 0d 00 00 f8 ff 7f 00 00 ff ff
source=0: pgn=Rudder(127245): values=Instance=(0) DirectionOrder=("0") AngleOrder=(None) Position=(0.00 deg)

0  : pgn=65359  line=Rx 10341385 1c ff 4f 00 3b 9f ff ff ff 7d 3e ff
source=0: pgn=Seatalk: Pilot Heading(65359): values=ManufacturerCode=(1851) IndustryCode=(4) HeadingTrue=(None) HeadingMagnetic=(91.66 deg)

3  : pgn=129283 line=Tx 10341391 0d f9 03 03 ff 7f ff ff ff 7f ff ff
source=3: pgn=Cross Track Error(129283): values=XTEmode=(None) NavigationTerminated=("1") XTE=(None)

3  : pgn=129025 line=Tx 10341391 09 f8 01 03 0b 67 6f 1c dd af fd b6
source=3: pgn=Position, Rapid Update(129025): values=Latitude=(47.7062923 deg) Longitude=(-122.4888355 deg)

3  : pgn=128267 line=Tx 10341391 0d f5 0b 03 ff ad 3d 00 00 00 00 ff
source=3: pgn=Water Depth(128267): values=Depth=(157.89000000000001 m) Offset=(0.0 m) Range=(None)

32 : pgn=128259 line=Rx 10341394 09 f5 03 20 b1 23 01 ff ff ff ff ff
source=32: pgn=Speed(128259): values=SpeedWaterReferenced=(2.91 m/s) SpeedGroundReferenced=(None) SpeedWaterReferencedType=(None) SpeedDirection=(None)

1  : pgn=129038 line=Rx 10341398 11 f8 0e 01 c0 1b c1 ec 10 e8 15 ec
1  : pgn=129038 line=Rx 10341399 11 f8 0e 01 c1 5f 0e b7 33 ec 67 1c
1  : pgn=129038 line=Rx 10341400 11 f8 0e 01 c2 6c b3 22 00 00 00 00
1  : pgn=129038 line=Rx 10341400 11 f8 0e 01 c3 00 ff ff ff 7f f0 fe
4  : pgn=65384  line=Rx 10341404 1c ff 68 04 3b 9f 00 00 00 00 00 00
0  : pgn=127250 line=Rx 10341479 09 f1 12 00 ff 44 3e ff 7f ff 7f fd
source=0: pgn=Vessel Heading(127250): values=Heading=(91.33 deg) Deviation=(None) Variation=(None) Reference=("1")

0  : pgn=127245 line=Rx 10341480 09 f1 0d 00 00 f8 ff 7f 00 00 ff ff
source=0: pgn=Rudder(127245): values=Instance=(0) DirectionOrder=("0") AngleOrder=(None) Position=(0.00 deg)

0  : pgn=65359  line=Rx 10341487 1c ff 4f 00 3b 9f ff ff ff 44 3e ff
source=0: pgn=Seatalk: Pilot Heading(65359): values=ManufacturerCode=(1851) IndustryCode=(4) HeadingTrue=(None) HeadingMagnetic=(91.33 deg)

3  : pgn=129026 line=Tx 10341491 09 f8 02 03 ff fc ad 48 56 01 ff ff
source=3: pgn=COG & SOG, Rapid Update(129026): values=COGReference=("0") COG=(106.60 deg) SOG=(3.42 m/s)

3  : pgn=129025 line=Tx 10341491 09 f8 01 03 0b 67 6f 1c dd af fd b6
source=3: pgn=Position, Rapid Update(129025): values=Latitude=(47.7062923 deg) Longitude=(-122.4888355 deg)

3  : pgn=129542 line=Tx 10341491 19 fa 06 03 60 0f 94 6a 01 00 00 00
3  : pgn=129542 line=Tx 10341491 19 fa 06 03 61 00 00 00 00 00 00 00
3  : pgn=129542 line=Tx 10341491 19 fa 06 03 62 00 00 ff ff ff ff ff
3  : pgn=65364  line=Tx 10341491 1c ff 54 03 3b 9f 37 03 e5 cd ff ff
32 : pgn=128259 line=Rx 10341494 09 f5 03 20 b2 27 01 ff ff ff ff ff
source=32: pgn=Speed(128259): values=SpeedWaterReferenced=(2.95 m/s) SpeedGroundReferenced=(None) SpeedWaterReferencedType=(None) SpeedDirection=(None)

1  : pgn=129038 line=Rx 10341519 11 f8 0e 01 e0 1b c1 e6 1f 26 14 e1
1  : pgn=129038 line=Rx 10341520 11 f8 0e 01 e1 3b 16 b7 16 39 66 1c
1  : pgn=129038 line=Rx 10341521 11 f8 0e 01 e2 6c 75 f3 00 00 00 00
1  : pgn=129038 line=Rx 10341521 11 f8 0e 01 e3 00 ff ff ff 7f ff fe
0  : pgn=127250 line=Rx 10341579 09 f1 12 00 ff 30 3e ff 7f ff 7f fd
source=0: pgn=Vessel Heading(127250): values=Heading=(91.21 deg) Deviation=(None) Variation=(None) Reference=("1")

0  : pgn=127245 line=Rx 10341580 09 f1 0d 00 00 f8 ff 7f 00 00 ff ff
source=0: pgn=Rudder(127245): values=Instance=(0) DirectionOrder=("0") AngleOrder=(None) Position=(0.00 deg)

0  : pgn=65379  line=Rx 10341584 1c ff 63 00 3b 9f 00 00 00 00 01 ff
source=0: pgn=Seatalk: Pilot Mode(65379): values=ManufacturerCode=(1851) IndustryCode=(4) PilotMode=(0) SubMode=(0) PilotModeData=(0)

0  : pgn=65359  line=Rx 10341585 1c ff 4f 00 3b 9f ff ff ff 30 3e ff
source=0: pgn=Seatalk: Pilot Heading(65359): values=ManufacturerCode=(1851) IndustryCode=(4) HeadingTrue=(None) HeadingMagnetic=(91.21 deg)

0  : pgn=126975 line=Rx 10341590 1d ef ff 00 e0 0d 3b 9f f0 81 84 96
3  : pgn=129540 line=Tx 10341591 19 fa 04 03 a0 9f b6 ff 0d 03 97 1a
source=3: pgn=GNSS Sats in View(129540): values=RangeResidualMode=(None) SatsinView=(182) PRN=(None) Elevation=(4.47 deg) Azimuth=(39.00 deg) SNR=(0.0 dB) Rangeresiduals=(0) Status=("0")

3  : pgn=129540 line=Tx 10341591 19 fa 04 03 a1 2e 26 00 00 00 00 00
source=3: pgn=GNSS Sats in View(129540): values=RangeResidualMode=("0") SatsinView=(38) PRN=(0) Elevation=(0.00 deg) Azimuth=(0.00 deg) SNR=(0.0 dB) Rangeresiduals=(0) Status=("0")

3  : pgn=129540 line=Tx 10341591 19 fa 04 03 a2 00 f3 0f ff 1d ad 3c
source=3: pgn=GNSS Sats in View(129540): values=RangeResidualMode=("0") SatsinView=(243) PRN=(15) Elevation=(44.00 deg) Azimuth=(89.00 deg) SNR=(0.0 dB) Rangeresiduals=(0) Status=("0")

3  : pgn=129540 line=Tx 10341591 19 fa 04 03 a3 8c 0a 00 00 00 00 f5
source=3: pgn=GNSS Sats in View(129540): values=RangeResidualMode=("0") SatsinView=(10) PRN=(0) Elevation=(0.00 deg) Azimuth=(359.36 deg) SNR=(0.0 dB) Rangeresiduals=(0) Status=("0")

3  : pgn=129540 line=Tx 10341591 19 fa 04 03 a4 10 17 13 c2 b8 54 0b
source=3: pgn=GNSS Sats in View(129540): values=RangeResidualMode=("0") SatsinView=(23) PRN=(19) Elevation=(-104.50 deg) Azimuth=(16.62 deg) SNR=(0.0 dB) Rangeresiduals=(0) Status=("0")

3  : pgn=129540 line=Tx 10341591 19 fa 04 03 a5 00 00 00 00 f5 12 c5
source=3: pgn=GNSS Sats in View(129540): values=RangeResidualMode=("0") SatsinView=(0) PRN=(0) Elevation=(-16.13 deg) Azimuth=(289.06 deg) SNR=(0.0 dB) Rangeresiduals=(0) Status=("0")

3  : pgn=129540 line=Tx 10341591 19 fa 04 03 a6 31 f2 93 74 0e 00 00
source=3: pgn=GNSS Sats in View(129540): values=RangeResidualMode=("1") SatsinView=(242) PRN=(147) Elevation=(21.20 deg) Azimuth=(0.00 deg) SNR=(0.0 dB) Rangeresiduals=(0) Status=("0")

3  : pgn=129540 line=Tx 10341591 19 fa 04 03 a7 00 00 f5 13 69 03 1f
source=3: pgn=GNSS Sats in View(129540): values=RangeResidualMode=("0") SatsinView=(0) PRN=(245) Elevation=(154.12 deg) Azimuth=(45.49 deg) SNR=(0.0 dB) Rangeresiduals=(0) Status=("0")

3  : pgn=129540 line=Tx 10341591 19 fa 04 03 a8 d8 10 0e 00 00 00 00
source=3: pgn=GNSS Sats in View(129540): values=RangeResidualMode=("0") SatsinView=(16) PRN=(14) Elevation=(0.00 deg) Azimuth=(0.00 deg) SNR=(0.0 dB) Rangeresiduals=(0) Status=("0")

3  : pgn=129540 line=Tx 10341591 19 fa 04 03 a9 f5 15 e8 37 68 21 ac
source=3: pgn=GNSS Sats in View(129540): values=RangeResidualMode=("1") SatsinView=(21) PRN=(232) Elevation=(152.86 deg) Azimuth=(252.47 deg) SNR=(0.0 dB) Rangeresiduals=(0) Status=("0")

3  : pgn=129540 line=Tx 10341591 19 fa 04 03 aa 0d 00 00 00 00 f5 16
source=3: pgn=GNSS Sats in View(129540): values=RangeResidualMode=("1") SatsinView=(0) PRN=(0) Elevation=(0.00 deg) Azimuth=(33.67 deg) SNR=(0.0 dB) Rangeresiduals=(0) Status=("0")

0  : pgn=126975 line=Rx 10341592 1d ef ff 00 e1 40 02 00 00 00 02 05
3  : pgn=129540 line=Tx 10341592 19 fa 04 03 ab 80 16 cf 9c 74 0e 00
source=3: pgn=GNSS Sats in View(129540): values=RangeResidualMode=("0") SatsinView=(22) PRN=(207) Elevation=(171.04 deg) Azimuth=(0.08 deg) SNR=(0.0 dB) Rangeresiduals=(0) Status=("0")

3  : pgn=129540 line=Tx 10341593 19 fa 04 03 ac 00 00 00 f5 1a ae 0f
source=3: pgn=GNSS Sats in View(129540): values=RangeResidualMode=("0") SatsinView=(0) PRN=(0) Elevation=(39.54 deg) Azimuth=(23.00 deg) SNR=(0.0 dB) Rangeresiduals=(0) Status=("0")

32 : pgn=128259 line=Rx 10341594 09 f5 03 20 b3 2b 01 ff ff ff ff ff
source=32: pgn=Speed(128259): values=SpeedWaterReferenced=(2.99 m/s) SpeedGroundReferenced=(None) SpeedWaterReferencedType=(None) SpeedDirection=(None)

3  : pgn=129540 line=Tx 10341595 19 fa 04 03 ad 5d 1f 8c 0a 00 00 00
source=3: pgn=GNSS Sats in View(129540): values=RangeResidualMode=("1") SatsinView=(31) PRN=(140) Elevation=(0.06 deg) Azimuth=(0.00 deg) SNR=(0.0 dB) Rangeresiduals=(0) Status=("0")

3  : pgn=129540 line=Tx 10341596 19 fa 04 03 ae 00 f5 1b d1 15 ab d2
source=3: pgn=GNSS Sats in View(129540): values=RangeResidualMode=("0") SatsinView=(245) PRN=(27) Elevation=(32.00 deg) Azimuth=(309.00 deg) SNR=(0.0 dB) Rangeresiduals=(0) Status=("0")

3  : pgn=129540 line=Tx 10341597 19 fa 04 03 af 48 0d 00 00 00 00 f5
source=3: pgn=GNSS Sats in View(129540): values=RangeResidualMode=("0") SatsinView=(13) PRN=(0) Elevation=(0.00 deg) Azimuth=(359.36 deg) SNR=(0.0 dB) Rangeresiduals=(0) Status=("0")

3  : pgn=129540 line=Tx 10341598 19 fa 04 03 b0 1d 00 0f a1 67 80 0c
source=3: pgn=GNSS Sats in View(129540): values=RangeResidualMode=("1") SatsinView=(0) PRN=(15) Elevation=(152.00 deg) Azimuth=(18.33 deg) SNR=(0.0 dB) Rangeresiduals=(0) Status=("0")

3  : pgn=129540 line=Tx 10341598 19 fa 04 03 b1 00 00 00 00 f5 23 d1
source=3: pgn=GNSS Sats in View(129540): values=RangeResidualMode=("0") SatsinView=(0) PRN=(0) Elevation=(-16.13 deg) Azimuth=(306.76 deg) SNR=(0.0 dB) Rangeresiduals=(0) Status=("0")

3  : pgn=129540 line=Tx 10341599 19 fa 04 03 b2 15 c3 8b 00 00 00 00
source=3: pgn=GNSS Sats in View(129540): values=RangeResidualMode=("1") SatsinView=(195) PRN=(139) Elevation=(0.00 deg) Azimuth=(0.00 deg) SNR=(0.0 dB) Rangeresiduals=(0) Status=("0")

3  : pgn=129540 line=Tx 10341600 19 fa 04 03 b3 00 00 f3 30 2e 17 43
source=3: pgn=GNSS Sats in View(129540): values=RangeResidualMode=("0") SatsinView=(0) PRN=(243) Elevation=(67.75 deg) Azimuth=(98.41 deg) SNR=(0.0 dB) Rangeresiduals=(0) Status=("0")

3  : pgn=129540 line=Tx 10341601 19 fa 04 03 b4 84 00 00 00 00 00 00
source=3: pgn=GNSS Sats in View(129540): values=RangeResidualMode=("0") SatsinView=(0) PRN=(0) Elevation=(0.00 deg) Azimuth=(0.00 deg) SNR=(0.0 dB) Rangeresiduals=(0) Status=("0")

3  : pgn=129540 line=Tx 10341601 19 fa 04 03 b5 f3 33 80 16 67 6c 10
source=3: pgn=GNSS Sats in View(129540): values=RangeResidualMode=(None) SatsinView=(51) PRN=(128) Elevation=(151.20 deg) Azimuth=(24.09 deg) SNR=(0.0 dB) Rangeresiduals=(0) Status=("0")

3  : pgn=129540 line=Tx 10341603 19 fa 04 03 b6 0e 00 00 00 00 f5 ff
source=3: pgn=GNSS Sats in View(129540): values=RangeResidualMode=("0") SatsinView=(0) PRN=(0) Elevation=(0.00 deg) Azimuth=(375.43 deg) SNR=(0.0 dB) Rangeresiduals=(0) Status=("0")

3  : pgn=129025 line=Tx 10341604 09 f8 01 03 0b 67 6f 1c dd af fd b6
source=3: pgn=Position, Rapid Update(129025): values=Latitude=(47.7062923 deg) Longitude=(-122.4888355 deg)

3  : pgn=127258 line=Tx 10341604 19 f1 1a 03 ff f6 12 39 fa 0a ff ff
source=3: pgn=Magnetic Variation(127258): values=Source=("6") Ageofservice=(14610 d) Variation=(16.10 deg)

1  : pgn=129041 line=Rx 10341673 11 f8 11 01 a0 30 55 75 89 3a 3b 6d
1  : pgn=129041 line=Rx 10341674 11 f8 11 01 a1 8b 0a b7 5b f8 47 1c
1  : pgn=129041 line=Rx 10341674 11 f8 11 01 a2 f4 00 00 00 00 00 00
1  : pgn=129041 line=Rx 10341675 11 f8 11 01 a3 ff ff 12 ee ff e1 16
1  : pgn=129041 line=Rx 10341676 11 f8 11 01 a4 01 50 53 20 54 53 4c
1  : pgn=129041 line=Rx 10341676 11 f8 11 01 a5 20 4c 42 20 54 41 20
1  : pgn=129041 line=Rx 10341677 11 f8 11 01 a6 20 20 20 20 20 20 20
0  : pgn=127250 line=Rx 10341681 09 f1 12 00 ff 1a 3e ff 7f ff 7f fd
source=0: pgn=Vessel Heading(127250): values=Heading=(91.09 deg) Deviation=(None) Variation=(None) Reference=("1")

0  : pgn=127245 line=Rx 10341682 09 f1 0d 00 00 f8 ff 7f 00 00 ff ff
source=0: pgn=Rudder(127245): values=Instance=(0) DirectionOrder=("0") AngleOrder=(None) Position=(0.00 deg)

0  : pgn=65359  line=Rx 10341689 1c ff 4f 00 3b 9f ff ff ff 1a 3e ff
source=0: pgn=Seatalk: Pilot Heading(65359): values=ManufacturerCode=(1851) IndustryCode=(4) HeadingTrue=(None) HeadingMagnetic=(91.09 deg)

3  : pgn=129026 line=Tx 10341691 09 f8 02 03 ff fc 67 48 57 01 ff ff
source=3: pgn=COG & SOG, Rapid Update(129026): values=COGReference=("0") COG=(106.20 deg) SOG=(3.43 m/s)

3  : pgn=129025 line=Tx 10341691 09 f8 01 03 fc 66 6f 1c 35 b0 fd b6
source=3: pgn=Position, Rapid Update(129025): values=Latitude=(47.7062908 deg) Longitude=(-122.48882669999999 deg)

0  : pgn=126975 line=Rx 10341692 1d ef ff 00 00 09 3b 9f f0 81 ae 02
32 : pgn=128259 line=Rx 10341694 09 f5 03 20 b4 3c 01 ff ff ff ff ff
source=32: pgn=Speed(128259): values=SpeedWaterReferenced=(3.16 m/s) SpeedGroundReferenced=(None) SpeedWaterReferencedType=(None) SpeedDirection=(None)

0  : pgn=126975 line=Rx 10341694 1d ef ff 00 01 00 08 00 ff ff ff ff
0  : pgn=127250 line=Rx 10341784 09 f1 12 00 ff 14 3e ff 7f ff 7f fd
source=0: pgn=Vessel Heading(127250): values=Heading=(91.05 deg) Deviation=(None) Variation=(None) Reference=("1")

0  : pgn=127245 line=Rx 10341784 09 f1 0d 00 00 f8 ff 7f 00 00 ff ff
source=0: pgn=Rudder(127245): values=Instance=(0) DirectionOrder=("0") AngleOrder=(None) Position=(0.00 deg)

0  : pgn=65359  line=Rx 10341790 1c ff 4f 00 3b 9f ff ff ff 14 3e ff
source=0: pgn=Seatalk: Pilot Heading(65359): values=ManufacturerCode=(1851) IndustryCode=(4) HeadingTrue=(None) HeadingMagnetic=(91.05 deg)

3  : pgn=129029 line=Tx 10341791 0d f8 05 03 60 2b 94 06 40 18 94 13
3  : pgn=129029 line=Tx 10341791 0d f8 05 03 61 2c 00 d8 da ee 2f de
3  : pgn=129029 line=Tx 10341791 0d f8 05 03 62 9e 06 00 d2 eb 63 9c
3  : pgn=129029 line=Tx 10341791 0d f8 05 03 63 52 00 ef ff ff ff ff
3  : pgn=129029 line=Tx 10341791 0d f8 05 03 64 ff ff ff 7f 23 fc 09
3  : pgn=129029 line=Tx 10341791 0d f8 05 03 65 55 00 ff 7f ff ff ff
3  : pgn=129029 line=Tx 10341791 0d f8 05 03 66 7f 00 ff ff ff ff ff
3  : pgn=129025 line=Tx 10341791 09 f8 01 03 fc 66 6f 1c 35 b0 fd b6
source=3: pgn=Position, Rapid Update(129025): values=Latitude=(47.7062908 deg) Longitude=(-122.48882669999999 deg)

3  : pgn=129033 line=Tx 10341791 0d f8 09 03 06 40 18 94 13 2c 5c fe
source=3: pgn=Time & Date(129033): values=Date=(16390 d) Time=(73948.06 s) LocalOffset=(-25200.0 s)

32 : pgn=128259 line=Rx 10341793 09 f5 03 20 b5 3b 01 ff ff ff ff ff
source=32: pgn=Speed(128259): values=SpeedWaterReferenced=(3.15 m/s) SpeedGroundReferenced=(None) SpeedWaterReferencedType=(None) SpeedDirection=(None)

1  : pgn=129038 line=Rx 10341795 11 f8 0e 01 00 1b c1 40 3c e6 15 fd
1  : pgn=129038 line=Rx 10341797 11 f8 0e 01 01 91 0d b7 b5 e3 68 1c
source=1: pgn=AIS Class A Position Report(129038): values=MessageID=(1) RepeatIndicator=("0") UserID=(3048672657) Longitude=(0.0 deg) Latitude=(0.0 deg) PositionAccuracy=("0") RAIM=("0") TimeStamp=("0") COG=(0.00 deg) SOG=(0.0 m/s) CommunicationState=(0) AISTransceiverinformation=("0") Heading=(0.00 deg) RateofTurn=(0.00 deg/s) NavStatus=("0") SpecialManeuverIndicator=("0") Spare=(0) SequenceID=(0)

1  : pgn=129038 line=Rx 10341798 11 f8 0e 01 02 72 9f b8 00 00 00 00
source=1: pgn=AIS Class A Position Report(129038): values=MessageID=(2) RepeatIndicator=("0") UserID=(12099442) Longitude=(0.0 deg) Latitude=(0.0 deg) PositionAccuracy=("0") RAIM=("0") TimeStamp=("0") COG=(0.00 deg) SOG=(0.0 m/s) CommunicationState=(0) AISTransceiverinformation=("0") Heading=(0.00 deg) RateofTurn=(0.00 deg/s) NavStatus=("0") SpecialManeuverIndicator=("0") Spare=(0) SequenceID=(0)

1  : pgn=129038 line=Rx 10341800 11 f8 0e 01 03 00 ff ff ff 7f f0 fe
source=1: pgn=AIS Class A Position Report(129038): values=MessageID=(3) RepeatIndicator=("0") UserID=(4294967040) Longitude=(0.0 deg) Latitude=(0.0 deg) PositionAccuracy=("0") RAIM=("0") TimeStamp=("0") COG=(0.00 deg) SOG=(0.0 m/s) CommunicationState=(0) AISTransceiverinformation=("0") Heading=(0.00 deg) RateofTurn=(0.00 deg/s) NavStatus=("0") SpecialManeuverIndicator=("0") Spare=(0) SequenceID=(0)

0  : pgn=126975 line=Rx 10341816 1d ef ff 00 20 07 3b 9f f0 81 90 10
0  : pgn=126975 line=Rx 10341818 1d ef ff 00 21 05 ff ff ff ff ff ff
0  : pgn=127250 line=Rx 10341880 09 f1 12 00 ff 12 3e ff 7f ff 7f fd
source=0: pgn=Vessel Heading(127250): values=Heading=(91.04 deg) Deviation=(None) Variation=(None) Reference=("1")

0  : pgn=127245 line=Rx 10341881 09 f1 0d 00 00 f8 ff 7f 00 00 ff ff
source=0: pgn=Rudder(127245): values=Instance=(0) DirectionOrder=("0") AngleOrder=(None) Position=(0.00 deg)

0  : pgn=65359  line=Rx 10341887 1c ff 4f 00 3b 9f ff ff ff 12 3e ff
source=0: pgn=Seatalk: Pilot Heading(65359): values=ManufacturerCode=(1851) IndustryCode=(4) HeadingTrue=(None) HeadingMagnetic=(91.04 deg)

32 : pgn=128259 line=Rx 10341892 09 f5 03 20 b6 48 01 ff ff ff ff ff
source=32: pgn=Speed(128259): values=SpeedWaterReferenced=(3.2800000000000002 m/s) SpeedGroundReferenced=(None) SpeedWaterReferencedType=(None) SpeedDirection=(None)

3  : pgn=129026 line=Tx 10341893 09 f8 02 03 ff fc 67 48 57 01 ff ff
source=3: pgn=COG & SOG, Rapid Update(129026): values=COGReference=("0") COG=(106.20 deg) SOG=(3.43 m/s)

3  : pgn=129025 line=Tx 10341893 09 f8 01 03 fc 66 6f 1c 35 b0 fd b6
source=3: pgn=Position, Rapid Update(129025): values=Latitude=(47.7062908 deg) Longitude=(-122.48882669999999 deg)

3  : pgn=126992 line=Tx 10341893 0d f0 10 03 ff ff 06 40 98 9b 13 2c
source=3: pgn=System Time(126992): values=Source=(None) Date=(16390 d) Time=(73948.25200000001 s)

1  : pgn=129038 line=Rx 10341975 11 f8 0e 01 20 1b c3 24 90 db 15 90
1  : pgn=129038 line=Rx 10341976 11 f8 0e 01 21 bf 01 b7 b6 45 52 1c
1  : pgn=129038 line=Rx 10341976 11 f8 0e 01 22 71 0e 9c 7d 02 00 00
1  : pgn=129038 line=Rx 10341977 11 f8 0e 01 23 00 c2 9a d2 e5 f0 fe
0  : pgn=127250 line=Rx 10341982 09 f1 12 00 ff 13 3e ff 7f ff 7f fd
source=0: pgn=Vessel Heading(127250): values=Heading=(91.05 deg) Deviation=(None) Variation=(None) Reference=("1")

0  : pgn=127245 line=Rx 10341982 09 f1 0d 00 00 f8 ff 7f 00 00 ff ff
source=0: pgn=Rudder(127245): values=Instance=(0) DirectionOrder=("0") AngleOrder=(None) Position=(0.00 deg)

0  : pgn=65359  line=Rx 10341986 1c ff 4f 00 3b 9f ff ff ff 13 3e ff
source=0: pgn=Seatalk: Pilot Heading(65359): values=ManufacturerCode=(1851) IndustryCode=(4) HeadingTrue=(None) HeadingMagnetic=(91.05 deg)

32 : pgn=128259 line=Rx 10341991 09 f5 03 20 b7 3a 01 ff ff ff ff ff
source=32: pgn=Speed(128259): values=SpeedWaterReferenced=(3.14 m/s) SpeedGroundReferenced=(None) SpeedWaterReferencedType=(None) SpeedDirection=(None)

3  : pgn=129025 line=Tx 10341993 09 f8 01 03 df 66 6f 1c f0 b0 fd b6
source=3: pgn=Position, Rapid Update(129025): values=Latitude=(47.7062879 deg) Longitude=(-122.48880799999999 deg)

1  : pgn=129038 line=Rx 10342039 11 f8 0e 01 40 1b c1 be c9 df 15 01
1  : pgn=129038 line=Rx 10342040 11 f8 0e 01 41 fa 0f b7 47 06 68 1c
1  : pgn=129038 line=Rx 10342040 11 f8 0e 01 42 70 ce a8 00 00 00 00
1  : pgn=129038 line=Rx 10342041 11 f8 0e 01 43 00 13 d6 00 00 f0 fe
1  : pgn=129038 line=Rx 10342071 11 f8 0e 01 60 1b c1 14 8c db 15 75
1  : pgn=129038 line=Rx 10342072 11 f8 0e 01 61 69 0d b7 3e bf 7f 1c
1  : pgn=129038 line=Rx 10342072 11 f8 0e 01 62 71 b3 46 00 00 00 00
1  : pgn=129038 line=Rx 10342073 11 f8 0e 01 63 00 f3 48 00 00 ff fe
0  : pgn=127250 line=Rx 10342079 09 f1 12 00 ff 18 3e ff 7f ff 7f fd
source=0: pgn=Vessel Heading(127250): values=Heading=(91.08 deg) Deviation=(None) Variation=(None) Reference=("1")

0  : pgn=127245 line=Rx 10342080 09 f1 0d 00 00 f8 ff 7f 00 00 ff ff
source=0: pgn=Rudder(127245): values=Instance=(0) DirectionOrder=("0") AngleOrder=(None) Position=(0.00 deg)

0  : pgn=65359  line=Rx 10342087 1c ff 4f 00 3b 9f ff ff ff 18 3e ff
source=0: pgn=Seatalk: Pilot Heading(65359): values=ManufacturerCode=(1851) IndustryCode=(4) HeadingTrue=(None) HeadingMagnetic=(91.08 deg)

3  : pgn=129026 line=Tx 10342093 09 f8 02 03 ff fc ed 47 5a 01 ff ff
source=3: pgn=COG & SOG, Rapid Update(129026): values=COGReference=("0") COG=(105.50 deg) SOG=(3.46 m/s)

3  : pgn=129025 line=Tx 10342093 09 f8 01 03 df 66 6f 1c f0 b0 fd b6
source=3: pgn=Position, Rapid Update(129025): values=Latitude=(47.7062879 deg) Longitude=(-122.48880799999999 deg)

3  : pgn=129291 line=Tx 10342093 0d f9 0b 03 ff fc ea 43 2c 00 ff ff
source=3: pgn=Set & Drift, Rapid Update(129291): values=SetReference=("0") Set=(99.61 deg) Drift=(0.44 m/s)

32 : pgn=128259 line=Rx 10342093 09 f5 03 20 b8 39 01 ff ff ff ff ff
source=32: pgn=Speed(128259): values=SpeedWaterReferenced=(3.13 m/s) SpeedGroundReferenced=(None) SpeedWaterReferencedType=(None) SpeedDirection=(None)

32 : pgn=130310 line=Rx 10342096 15 fd 06 20 dc ff ff ff ff ff ff ff
source=32: pgn=Environmental Parameters (obsolete)(130310): values=WaterTemperature=(None) OutsideAmbientAirTemperature=(None) AtmosphericPressure=(None)

32 : pgn=128275 line=Rx 10342106 19 f5 13 20 c0 0e ff ff ff ff ff ff
0  : pgn=126975 line=Rx 10342107 1d ef ff 00 40 08 3b 9f f0 81 9c 91
0  : pgn=126975 line=Rx 10342110 1d ef ff 00 41 00 00 ff ff ff ff ff
32 : pgn=128275 line=Rx 10342111 19 f5 13 20 c1 0e ae 3c 00 0e ae 3c
32 : pgn=128275 line=Rx 10342116 19 f5 13 20 c2 00 ff ff ff ff ff ff
1  : pgn=59936  line=Rx 10342132 18 ea 20 01 00 ee 00 00 00 00 00 00
0  : pgn=127250 line=Rx 10342179 09 f1 12 00 ff 2d 3e ff 7f ff 7f fd
source=0: pgn=Vessel Heading(127250): values=Heading=(91.20 deg) Deviation=(None) Variation=(None) Reference=("1")

0  : pgn=127245 line=Rx 10342180 09 f1 0d 00 00 f8 ff 7f 00 00 ff ff
source=0: pgn=Rudder(127245): values=Instance=(0) DirectionOrder=("0") AngleOrder=(None) Position=(0.00 deg)

0  : pgn=65359  line=Rx 10342184 1c ff 4f 00 3b 9f ff ff ff 2d 3e ff
source=0: pgn=Seatalk: Pilot Heading(65359): values=ManufacturerCode=(1851) IndustryCode=(4) HeadingTrue=(None) HeadingMagnetic=(91.20 deg)

32 : pgn=128259 line=Rx 10342191 09 f5 03 20 b9 36 01 ff ff ff ff ff
3  : pgn=129025 line=Tx 10342193 09 f8 01 03 c8 66 6f 1c 30 b1 fd b6
source=3: pgn=Position, Rapid Update(129025): values=Latitude=(47.7062856 deg) Longitude=(-122.48880159999999 deg)

1  : pgn=129038 line=Rx 10342252 11 f8 0e 01 80 1b c3 aa b1 de 15 c7
1  : pgn=129038 line=Rx 10342253 11 f8 0e 01 81 66 0e b7 b9 14 64 1c
1  : pgn=129038 line=Rx 10342253 11 f8 0e 01 82 6c 00 00 00 00 00 00
1  : pgn=129038 line=Rx 10342254 11 f8 0e 01 83 00 68 03 00 00 f5 fe
0  : pgn=127250 line=Rx 10342280 09 f1 12 00 ff 47 3e ff 7f ff 7f fd
source=0: pgn=Vessel Heading(127250): values=Heading=(91.35 deg) Deviation=(None) Variation=(None) Reference=("1")

0  : pgn=127245 line=Rx 10342280 09 f1 0d 00 00 f8 ff 7f 00 00 ff ff
source=0: pgn=Rudder(127245): values=Instance=(0) DirectionOrder=("0") AngleOrder=(None) Position=(0.00 deg)

0  : pgn=65359  line=Rx 10342288 1c ff 4f 00 3b 9f ff ff ff 47 3e ff
source=0: pgn=Seatalk: Pilot Heading(65359): values=ManufacturerCode=(1851) IndustryCode=(4) HeadingTrue=(None) HeadingMagnetic=(91.35 deg)

32 : pgn=128259 line=Rx 10342290 09 f5 03 20 ba 3a 01 ff ff ff ff ff
source=32: pgn=Speed(128259): values=SpeedWaterReferenced=(3.14 m/s) SpeedGroundReferenced=(None) SpeedWaterReferencedType=(None) SpeedDirection=(None)

3  : pgn=129026 line=Tx 10342294 09 f8 02 03 ff fc b9 47 5b 01 ff ff
source=3: pgn=COG & SOG, Rapid Update(129026): values=COGReference=("0") COG=(105.20 deg) SOG=(3.47 m/s)

3  : pgn=130577 line=Tx 10342294 0d fe 11 03 80 0e c0 95 b9 47 5b 01
3  : pgn=130577 line=Tx 10342294 0d fe 11 03 81 ff ff ff ff ea 43 2c
3  : pgn=130577 line=Tx 10342294 0d fe 11 03 82 00 ff ff ff ff ff ff
3  : pgn=129025 line=Tx 10342294 09 f8 01 03 c8 66 6f 1c 30 b1 fd b6
3  : pgn=130306 line=Tx 10342294 09 fd 02 03 ff 37 03 e5 cd fa ff ff
source=3: pgn=Wind Data(130306): values=WindSpeed=(8.23 m/s) WindAngle=(302.00 deg) Reference=("2")

0  : pgn=127250 line=Rx 10342379 09 f1 12 00 ff 52 3e ff 7f ff 7f fd
source=0: pgn=Vessel Heading(127250): values=Heading=(91.41 deg) Deviation=(None) Variation=(None) Reference=("1")

0  : pgn=127245 line=Rx 10342380 09 f1 0d 00 00 f8 ff 7f 00 00 ff ff
source=0: pgn=Rudder(127245): values=Instance=(0) DirectionOrder=("0") AngleOrder=(None) Position=(0.00 deg)

0  : pgn=65359  line=Rx 10342384 1c ff 4f 00 3b 9f ff ff ff 52 3e ff
source=0: pgn=Seatalk: Pilot Heading(65359): values=ManufacturerCode=(1851) IndustryCode=(4) HeadingTrue=(None) HeadingMagnetic=(91.41 deg)

32 : pgn=128259 line=Rx 10342390 09 f5 03 20 bb 2a 01 ff ff ff ff ff
source=32: pgn=Speed(128259): values=SpeedWaterReferenced=(2.98 m/s) SpeedGroundReferenced=(None) SpeedWaterReferencedType=(None) SpeedDirection=(None)

3  : pgn=129283 line=Tx 10342395 0d f9 03 03 ff 7f ff ff ff 7f ff ff
source=3: pgn=Cross Track Error(129283): values=XTEmode=(None) NavigationTerminated=("1") XTE=(None)

3  : pgn=129025 line=Tx 10342395 09 f8 01 03 c8 66 6f 1c 30 b1 fd b6
source=3: pgn=Position, Rapid Update(129025): values=Latitude=(47.7062856 deg) Longitude=(-122.48880159999999 deg)

3  : pgn=128267 line=Tx 10342395 0d f5 0b 03 ff b0 3d 00 00 00 00 ff
source=3: pgn=Water Depth(128267): values=Depth=(157.92000000000002 m) Offset=(0.0 m) Range=(None)

4  : pgn=65384  line=Rx 10342404 1c ff 68 04 3b 9f 00 00 00 00 00 00
0  : pgn=127250 line=Rx 10342479 09 f1 12 00 ff 60 3e ff 7f ff 7f fd
source=0: pgn=Vessel Heading(127250): values=Heading=(91.49 deg) Deviation=(None) Variation=(None) Reference=("1")

0  : pgn=127245 line=Rx 10342480 09 f1 0d 00 00 f8 ff 7f 00 00 ff ff
source=0: pgn=Rudder(127245): values=Instance=(0) DirectionOrder=("0") AngleOrder=(None) Position=(0.00 deg)

0  : pgn=65359  line=Rx 10342487 1c ff 4f 00 3b 9f ff ff ff 60 3e ff
source=0: pgn=Seatalk: Pilot Heading(65359): values=ManufacturerCode=(1851) IndustryCode=(4) HeadingTrue=(None) HeadingMagnetic=(91.49 deg)

32 : pgn=128259 line=Rx 10342489 09 f5 03 20 bc 27 01 ff ff ff ff ff
source=32: pgn=Speed(128259): values=SpeedWaterReferenced=(2.95 m/s) SpeedGroundReferenced=(None) SpeedWaterReferencedType=(None) SpeedDirection=(None)

3  : pgn=129026 line=Tx 10342495 09 f8 02 03 ff fc a7 47 5b 01 ff ff
source=3: pgn=COG & SOG, Rapid Update(129026): values=COGReference=("0") COG=(105.10 deg) SOG=(3.47 m/s)

3  : pgn=129025 line=Tx 10342495 09 f8 01 03 b6 66 6f 1c 7d b1 fd b6
source=3: pgn=Position, Rapid Update(129025): values=Latitude=(47.7062838 deg) Longitude=(-122.48879389999999 deg)

3  : pgn=129542 line=Tx 10342495 19 fa 06 03 80 0f 95 94 01 00 00 00
3  : pgn=129542 line=Tx 10342495 19 fa 06 03 81 00 00 00 00 00 00 00
3  : pgn=129542 line=Tx 10342495 19 fa 06 03 82 00 00 ff ff ff ff ff
3  : pgn=65364  line=Tx 10342495 1c ff 54 03 3b 9f 4c 03 c2 c7 ff ff
1  : pgn=129038 line=Rx 10342554 11 f8 0e 01 a0 1b c1 9a cc e2 15 7b
1  : pgn=129038 line=Rx 10342555 11 f8 0e 01 a1 39 10 b7 3d e6 67 1c
1  : pgn=129038 line=Rx 10342555 11 f8 0e 01 a2 70 e2 15 00 00 00 00
1  : pgn=129038 line=Rx 10342556 11 f8 0e 01 a3 00 ff ff ff 7f f0 fe
32 : pgn=65368  line=Rx 10342568 1c ff 58 20 3b 9f 35 56 71 ff ff ff
0  : pgn=127250 line=Rx 10342579 09 f1 12 00 ff 65 3e ff 7f ff 7f fd
source=0: pgn=Vessel Heading(127250): values=Heading=(91.52 deg) Deviation=(None) Variation=(None) Reference=("1")

0  : pgn=127245 line=Rx 10342580 09 f1 0d 00 00 f8 ff 7f 00 00 ff ff
source=0: pgn=Rudder(127245): values=Instance=(0) DirectionOrder=("0") AngleOrder=(None) Position=(0.00 deg)

0  : pgn=65379  line=Rx 10342584 1c ff 63 00 3b 9f 00 00 00 00 01 ff
source=0: pgn=Seatalk: Pilot Mode(65379): values=ManufacturerCode=(1851) IndustryCode=(4) PilotMode=(0) SubMode=(0) PilotModeData=(0)

0  : pgn=65359  line=Rx 10342585 1c ff 4f 00 3b 9f ff ff ff 65 3e ff
source=0: pgn=Seatalk: Pilot Heading(65359): values=ManufacturerCode=(1851) IndustryCode=(4) HeadingTrue=(None) HeadingMagnetic=(91.52 deg)

32 : pgn=128259 line=Rx 10342589 09 f5 03 20 bd 30 01 ff ff ff ff ff
source=32: pgn=Speed(128259): values=SpeedWaterReferenced=(3.04 m/s) SpeedGroundReferenced=(None) SpeedWaterReferencedType=(None) SpeedDirection=(None)

3  : pgn=129540 line=Tx 10342595 19 fa 04 03 c0 9f b7 ff 0d 03 97 1a
source=3: pgn=GNSS Sats in View(129540): values=RangeResidualMode=(None) SatsinView=(183) PRN=(None) Elevation=(4.47 deg) Azimuth=(39.00 deg) SNR=(0.0 dB) Rangeresiduals=(0) Status=("0")

3  : pgn=129540 line=Tx 10342595 19 fa 04 03 c1 2e 26 00 00 00 00 00
source=3: pgn=GNSS Sats in View(129540): values=RangeResidualMode=("0") SatsinView=(38) PRN=(0) Elevation=(0.00 deg) Azimuth=(0.00 deg) SNR=(0.0 dB) Rangeresiduals=(0) Status=("0")

3  : pgn=129540 line=Tx 10342595 19 fa 04 03 c2 00 f3 0f ff 1d ad 3c
source=3: pgn=GNSS Sats in View(129540): values=RangeResidualMode=("0") SatsinView=(243) PRN=(15) Elevation=(44.00 deg) Azimuth=(89.00 deg) SNR=(0.0 dB) Rangeresiduals=(0) Status=("0")

3  : pgn=129540 line=Tx 10342595 19 fa 04 03 c3 28 0a 00 00 00 00 f5
source=3: pgn=GNSS Sats in View(129540): values=RangeResidualMode=("0") SatsinView=(10) PRN=(0) Elevation=(0.00 deg) Azimuth=(359.36 deg) SNR=(0.0 dB) Rangeresiduals=(0) Status=("0")

3  : pgn=129540 line=Tx 10342595 19 fa 04 03 c4 10 17 13 c2 b8 10 0e
source=3: pgn=GNSS Sats in View(129540): values=RangeResidualMode=("0") SatsinView=(23) PRN=(19) Elevation=(-104.50 deg) Azimuth=(20.63 deg) SNR=(0.0 dB) Rangeresiduals=(0) Status=("0")

3  : pgn=129540 line=Tx 10342595 19 fa 04 03 c5 00 00 00 00 f5 12 c5
source=3: pgn=GNSS Sats in View(129540): values=RangeResidualMode=("0") SatsinView=(0) PRN=(0) Elevation=(-16.13 deg) Azimuth=(289.06 deg) SNR=(0.0 dB) Rangeresiduals=(0) Status=("0")

3  : pgn=129540 line=Tx 10342595 19 fa 04 03 c6 31 f2 93 48 0d 00 00
source=3: pgn=GNSS Sats in View(129540): values=RangeResidualMode=("1") SatsinView=(242) PRN=(147) Elevation=(19.48 deg) Azimuth=(0.00 deg) SNR=(0.0 dB) Rangeresiduals=(0) Status=("0")

3  : pgn=129540 line=Tx 10342595 19 fa 04 03 c7 00 00 f5 13 69 03 1f
source=3: pgn=GNSS Sats in View(129540): values=RangeResidualMode=("0") SatsinView=(0) PRN=(245) Elevation=(154.12 deg) Azimuth=(45.49 deg) SNR=(0.0 dB) Rangeresiduals=(0) Status=("0")

3  : pgn=129540 line=Tx 10342595 19 fa 04 03 c8 d8 d8 0e 00 00 00 00
source=3: pgn=GNSS Sats in View(129540): values=RangeResidualMode=("0") SatsinView=(216) PRN=(14) Elevation=(0.00 deg) Azimuth=(0.00 deg) SNR=(0.0 dB) Rangeresiduals=(0) Status=("0")

3  : pgn=129540 line=Tx 10342595 19 fa 04 03 c9 f5 15 e8 37 68 21 10
source=3: pgn=GNSS Sats in View(129540): values=RangeResidualMode=("1") SatsinView=(21) PRN=(232) Elevation=(152.86 deg) Azimuth=(23.66 deg) SNR=(0.0 dB) Rangeresiduals=(0) Status=("0")

3  : pgn=129540 line=Tx 10342595 19 fa 04 03 ca 0e 00 00 00 00 f5 16
source=3: pgn=GNSS Sats in View(129540): values=RangeResidualMode=("0") SatsinView=(0) PRN=(0) Elevation=(0.00 deg) Azimuth=(33.67 deg) SNR=(0.0 dB) Rangeresiduals=(0) Status=("0")

3  : pgn=129540 line=Tx 10342596 19 fa 04 03 cb 80 16 cf 9c d8 0e 00
source=3: pgn=GNSS Sats in View(129540): values=RangeResidualMode=("0") SatsinView=(22) PRN=(207) Elevation=(-57.78 deg) Azimuth=(0.08 deg) SNR=(0.0 dB) Rangeresiduals=(0) Status=("0")

0  : pgn=126975 line=Rx 10342597 1d ef ff 00 60 0d 3b 9f f0 81 84 d6
3  : pgn=129540 line=Tx 10342597 19 fa 04 03 cc 00 00 00 f5 1a ae 0f
source=3: pgn=GNSS Sats in View(129540): values=RangeResidualMode=("0") SatsinView=(0) PRN=(0) Elevation=(39.54 deg) Azimuth=(23.00 deg) SNR=(0.0 dB) Rangeresiduals=(0) Status=("0")

0  : pgn=126975 line=Rx 10342599 1d ef ff 00 61 40 03 00 00 00 02 05
3  : pgn=129540 line=Tx 10342599 19 fa 04 03 cd 5d 1f f0 0a 00 00 00
source=3: pgn=GNSS Sats in View(129540): values=RangeResidualMode=("1") SatsinView=(31) PRN=(240) Elevation=(0.06 deg) Azimuth=(0.00 deg) SNR=(0.0 dB) Rangeresiduals=(0) Status=("0")

3  : pgn=129540 line=Tx 10342600 19 fa 04 03 ce 00 f5 1b d1 15 ab d2
source=3: pgn=GNSS Sats in View(129540): values=RangeResidualMode=("0") SatsinView=(245) PRN=(27) Elevation=(32.00 deg) Azimuth=(309.00 deg) SNR=(0.0 dB) Rangeresiduals=(0) Status=("0")

3  : pgn=129540 line=Tx 10342600 19 fa 04 03 cf 48 0d 00 00 00 00 f5
source=3: pgn=GNSS Sats in View(129540): values=RangeResidualMode=("0") SatsinView=(13) PRN=(0) Elevation=(0.00 deg) Azimuth=(359.36 deg) SNR=(0.0 dB) Rangeresiduals=(0) Status=("0")

3  : pgn=129540 line=Tx 10342601 19 fa 04 03 d0 1d 00 0f a1 67 1c 0c
source=3: pgn=GNSS Sats in View(129540): values=RangeResidualMode=("1") SatsinView=(0) PRN=(15) Elevation=(152.00 deg) Azimuth=(17.76 deg) SNR=(0.0 dB) Rangeresiduals=(0) Status=("0")

3  : pgn=129540 line=Tx 10342602 19 fa 04 03 d1 00 00 00 00 f5 23 d1
source=3: pgn=GNSS Sats in View(129540): values=RangeResidualMode=("0") SatsinView=(0) PRN=(0) Elevation=(-16.13 deg) Azimuth=(306.76 deg) SNR=(0.0 dB) Rangeresiduals=(0) Status=("0")

3  : pgn=129540 line=Tx 10342603 19 fa 04 03 d2 15 c3 8b 00 00 00 00
source=3: pgn=GNSS Sats in View(129540): values=RangeResidualMode=("1") SatsinView=(195) PRN=(139) Elevation=(0.00 deg) Azimuth=(0.00 deg) SNR=(0.0 dB) Rangeresiduals=(0) Status=("0")

3  : pgn=129540 line=Tx 10342603 19 fa 04 03 d3 00 00 f3 30 2e 17 43
source=3: pgn=GNSS Sats in View(129540): values=RangeResidualMode=("0") SatsinView=(0) PRN=(243) Elevation=(67.75 deg) Azimuth=(98.41 deg) SNR=(0.0 dB) Rangeresiduals=(0) Status=("0")

3  : pgn=129540 line=Tx 10342604 19 fa 04 03 d4 84 cc 10 00 00 00 00
source=3: pgn=GNSS Sats in View(129540): values=RangeResidualMode=("0") SatsinView=(204) PRN=(16) Elevation=(0.00 deg) Azimuth=(0.00 deg) SNR=(0.0 dB) Rangeresiduals=(0) Status=("0")

3  : pgn=129540 line=Tx 10342606 19 fa 04 03 d5 f5 33 80 16 67 6c e4
source=3: pgn=GNSS Sats in View(129540): values=RangeResidualMode=("1") SatsinView=(51) PRN=(128) Elevation=(151.20 deg) Azimuth=(335.04 deg) SNR=(0.0 dB) Rangeresiduals=(0) Status=("0")

3  : pgn=129540 line=Tx 10342607 19 fa 04 03 d6 0c 00 00 00 00 f5 ff
source=3: pgn=GNSS Sats in View(129540): values=RangeResidualMode=("0") SatsinView=(0) PRN=(0) Elevation=(0.00 deg) Azimuth=(375.43 deg) SNR=(0.0 dB) Rangeresiduals=(0) Status=("0")

3  : pgn=129025 line=Tx 10342607 09 f8 01 03 b6 66 6f 1c 7d b1 fd b6
source=3: pgn=Position, Rapid Update(129025): values=Latitude=(47.7062838 deg) Longitude=(-122.48879389999999 deg)

3  : pgn=127258 line=Tx 10342608 19 f1 1a 03 ff f6 12 39 fa 0a ff ff
source=3: pgn=Magnetic Variation(127258): values=Source=("6") Ageofservice=(14610 d) Variation=(16.10 deg)

0  : pgn=127250 line=Rx 10342679 09 f1 12 00 ff 6a 3e ff 7f ff 7f fd
source=0: pgn=Vessel Heading(127250): values=Heading=(91.55 deg) Deviation=(None) Variation=(None) Reference=("1")

0  : pgn=127245 line=Rx 10342680 09 f1 0d 00 00 f8 ff 7f 00 00 ff ff
source=0: pgn=Rudder(127245): values=Instance=(0) DirectionOrder=("0") AngleOrder=(None) Position=(0.00 deg)

0  : pgn=65359  line=Rx 10342687 1c ff 4f 00 3b 9f ff ff ff 6a 3e ff
source=0: pgn=Seatalk: Pilot Heading(65359): values=ManufacturerCode=(1851) IndustryCode=(4) HeadingTrue=(None) HeadingMagnetic=(91.55 deg)

32 : pgn=128259 line=Rx 10342688 09 f5 03 20 be 1d 01 ff ff ff ff ff
source=32: pgn=Speed(128259): values=SpeedWaterReferenced=(2.85 m/s) SpeedGroundReferenced=(None) SpeedWaterReferencedType=(None) SpeedDirection=(None)

0  : pgn=126975 line=Rx 10342692 1d ef ff 00 80 09 3b 9f f0 81 ae 02
0  : pgn=126975 line=Rx 10342693 1d ef ff 00 81 00 08 00 ff ff ff ff
3  : pgn=129026 line=Tx 10342695 09 f8 02 03 ff fc a7 47 5b 01 ff ff
source=3: pgn=COG & SOG, Rapid Update(129026): values=COGReference=("0") COG=(105.10 deg) SOG=(3.47 m/s)

3  : pgn=129025 line=Tx 10342695 09 f8 01 03 b6 66 6f 1c 7d b1 fd b6
source=3: pgn=Position, Rapid Update(129025): values=Latitude=(47.7062838 deg) Longitude=(-122.48879389999999 deg)

0  : pgn=127250 line=Rx 10342779 09 f1 12 00 ff 65 3e ff 7f ff 7f fd
source=0: pgn=Vessel Heading(127250): values=Heading=(91.52 deg) Deviation=(None) Variation=(None) Reference=("1")

0  : pgn=127245 line=Rx 10342780 09 f1 0d 00 00 f8 ff 7f 00 00 ff ff
source=0: pgn=Rudder(127245): values=Instance=(0) DirectionOrder=("0") AngleOrder=(None) Position=(0.00 deg)

0  : pgn=65359  line=Rx 10342786 1c ff 4f 00 3b 9f ff ff ff 65 3e ff
source=0: pgn=Seatalk: Pilot Heading(65359): values=ManufacturerCode=(1851) IndustryCode=(4) HeadingTrue=(None) HeadingMagnetic=(91.52 deg)

32 : pgn=128259 line=Rx 10342788 09 f5 03 20 bf 21 01 ff ff ff ff ff
source=32: pgn=Speed(128259): values=SpeedWaterReferenced=(2.89 m/s) SpeedGroundReferenced=(None) SpeedWaterReferencedType=(None) SpeedDirection=(None)

3  : pgn=129029 line=Tx 10342797 0d f8 05 03 80 2b 95 06 40 f0 bb 13
3  : pgn=129029 line=Tx 10342797 0d f8 05 03 81 2c 00 5a ab 9b 1c de
3  : pgn=129029 line=Tx 10342797 0d f8 05 03 82 9e 06 00 c6 08 57 10
3  : pgn=129029 line=Tx 10342797 0d f8 05 03 83 53 00 ef ff ff ff ff
3  : pgn=129029 line=Tx 10342797 0d f8 05 03 84 ff ff ff 7f 23 fc 09
3  : pgn=129029 line=Tx 10342797 0d f8 05 03 85 55 00 ff 7f ff ff ff
3  : pgn=129029 line=Tx 10342797 0d f8 05 03 86 7f 00 ff ff ff ff ff
3  : pgn=129025 line=Tx 10342797 09 f8 01 03 a9 66 6f 1c 27 b2 fd b6
source=3: pgn=Position, Rapid Update(129025): values=Latitude=(47.7062825 deg) Longitude=(-122.48877689999999 deg)

3  : pgn=129033 line=Tx 10342797 0d f8 09 03 06 40 f0 bb 13 2c 5c fe
source=3: pgn=Time & Date(129033): values=Date=(16390 d) Time=(73949.08 s) LocalOffset=(-25200.0 s)

1  : pgn=129038 line=Rx 10342828 11 f8 0e 01 c0 1b c1 18 6d e7 15 13
1  : pgn=129038 line=Rx 10342828 11 f8 0e 01 c1 b3 0f b7 c7 f6 67 1c
1  : pgn=129038 line=Rx 10342829 11 f8 0e 01 c2 70 39 10 00 00 00 00
1  : pgn=129038 line=Rx 10342829 11 f8 0e 01 c3 00 ff ff ff 7f f0 fe
1  : pgn=129038 line=Rx 10342859 11 f8 0e 01 e0 1b c1 58 92 12 12 81
1  : pgn=129038 line=Rx 10342860 11 f8 0e 01 e1 44 0e b7 d1 43 68 1c
1  : pgn=129038 line=Rx 10342860 11 f8 0e 01 e2 70 85 0b 00 00 00 00
1  : pgn=129038 line=Rx 10342861 11 f8 0e 01 e3 00 ff ff ff 7f f0 fe
0  : pgn=127250 line=Rx 10342879 09 f1 12 00 ff 60 3e ff 7f ff 7f fd
source=0: pgn=Vessel Heading(127250): values=Heading=(91.49 deg) Deviation=(None) Variation=(None) Reference=("1")

0  : pgn=127245 line=Rx 10342880 09 f1 0d 00 00 f8 ff 7f 00 00 ff ff
source=0: pgn=Rudder(127245): values=Instance=(0) DirectionOrder=("0") AngleOrder=(None) Position=(0.00 deg)

0  : pgn=65359  line=Rx 10342886 1c ff 4f 00 3b 9f ff ff ff 60 3e ff
source=0: pgn=Seatalk: Pilot Heading(65359): values=ManufacturerCode=(1851) IndustryCode=(4) HeadingTrue=(None) HeadingMagnetic=(91.49 deg)

32 : pgn=128259 line=Rx 10342887 09 f5 03 20 c0 24 01 ff ff ff ff ff
source=32: pgn=Speed(128259): values=SpeedWaterReferenced=(2.92 m/s) SpeedGroundReferenced=(None) SpeedWaterReferencedType=(None) SpeedDirection=(None)

3  : pgn=129026 line=Tx 10342897 09 f8 02 03 ff fc 85 47 5b 01 ff ff
source=3: pgn=COG & SOG, Rapid Update(129026): values=COGReference=("0") COG=(104.90 deg) SOG=(3.47 m/s)

3  : pgn=129025 line=Tx 10342897 09 f8 01 03 a9 66 6f 1c 27 b2 fd b6
source=3: pgn=Position, Rapid Update(129025): values=Latitude=(47.7062825 deg) Longitude=(-122.48877689999999 deg)

3  : pgn=126992 line=Tx 10342897 0d f0 10 03 ff ff 06 40 f0 bb 13 2c
source=3: pgn=System Time(126992): values=Source=(None) Date=(16390 d) Time=(73949.08 s)

1  : pgn=129038 line=Rx 10342920 11 f8 0e 01 00 1b c1 a8 e4 f8 15 6f
source=1: pgn=AIS Class A Position Report(129038): values=MessageID=(0) RepeatIndicator=("0") UserID=(3836264731) Longitude=(0.0 deg) Latitude=(0.0 deg) PositionAccuracy=("0") RAIM=("0") TimeStamp=("0") COG=(0.00 deg) SOG=(0.0 m/s) CommunicationState=(0) AISTransceiverinformation=("0") Heading=(0.00 deg) RateofTurn=(0.00 deg/s) NavStatus=("0") SpecialManeuverIndicator=("0") Spare=(0) SequenceID=(0)

1  : pgn=129038 line=Rx 10342921 11 f8 0e 01 01 31 10 b7 38 e9 67 1c
source=1: pgn=AIS Class A Position Report(129038): values=MessageID=(1) RepeatIndicator=("0") UserID=(951521329) Longitude=(0.0 deg) Latitude=(0.0 deg) PositionAccuracy=("0") RAIM=("0") TimeStamp=("0") COG=(0.00 deg) SOG=(0.0 m/s) CommunicationState=(0) AISTransceiverinformation=("0") Heading=(0.00 deg) RateofTurn=(0.00 deg/s) NavStatus=("0") SpecialManeuverIndicator=("0") Spare=(0) SequenceID=(0)

1  : pgn=129038 line=Rx 10342921 11 f8 0e 01 02 70 62 0e 00 00 00 00
source=1: pgn=AIS Class A Position Report(129038): values=MessageID=(2) RepeatIndicator=("0") UserID=(942704) Longitude=(0.0 deg) Latitude=(0.0 deg) PositionAccuracy=("0") RAIM=("0") TimeStamp=("0") COG=(0.00 deg) SOG=(0.0 m/s) CommunicationState=(0) AISTransceiverinformation=("0") Heading=(0.00 deg) RateofTurn=(0.00 deg/s) NavStatus=("0") SpecialManeuverIndicator=("0") Spare=(0) SequenceID=(0)

1  : pgn=129038 line=Rx 10342922 11 f8 0e 01 03 00 ff ff ff 7f f0 fe
source=1: pgn=AIS Class A Position Report(129038): values=MessageID=(3) RepeatIndicator=("0") UserID=(4294967040) Longitude=(0.0 deg) Latitude=(0.0 deg) PositionAccuracy=("0") RAIM=("0") TimeStamp=("0") COG=(0.00 deg) SOG=(0.0 m/s) CommunicationState=(0) AISTransceiverinformation=("0") Heading=(0.00 deg) RateofTurn=(0.00 deg/s) NavStatus=("0") SpecialManeuverIndicator=("0") Spare=(0) SequenceID=(0)

0  : pgn=127250 line=Rx 10342979 09 f1 12 00 ff 64 3e ff 7f ff 7f fd
source=0: pgn=Vessel Heading(127250): values=Heading=(91.51 deg) Deviation=(None) Variation=(None) Reference=("1")

0  : pgn=127245 line=Rx 10342980 09 f1 0d 00 00 f8 ff 7f 00 00 ff ff
source=0: pgn=Rudder(127245): values=Instance=(0) DirectionOrder=("0") AngleOrder=(None) Position=(0.00 deg)

1  : pgn=129038 line=Rx 10342982 11 f8 0e 01 20 1b c1 84 b4 de 15 17
1  : pgn=129038 line=Rx 10342983 11 f8 0e 01 21 37 0c b7 d0 62 69 1c
1  : pgn=129038 line=Rx 10342983 11 f8 0e 01 22 70 3f 17 00 00 00 00
1  : pgn=129038 line=Rx 10342984 11 f8 0e 01 23 00 ff ff ff 7f f0 fe
0  : pgn=65359  line=Rx 10342986 1c ff 4f 00 3b 9f ff ff ff 64 3e ff
source=0: pgn=Seatalk: Pilot Heading(65359): values=ManufacturerCode=(1851) IndustryCode=(4) HeadingTrue=(None) HeadingMagnetic=(91.51 deg)

32 : pgn=128259 line=Rx 10342987 09 f5 03 20 c1 29 01 ff ff ff ff ff
source=32: pgn=Speed(128259): values=SpeedWaterReferenced=(2.97 m/s) SpeedGroundReferenced=(None) SpeedWaterReferencedType=(None) SpeedDirection=(None)

3  : pgn=129025 line=Tx 10342997 09 f8 01 03 a2 66 6f 1c 6d b2 fd b6
source=3: pgn=Position, Rapid Update(129025): values=Latitude=(47.7062818 deg) Longitude=(-122.4887699 deg)

4  : pgn=126975 line=Rx 10343063 1d ef ff 04 e0 07 3b 9f f0 81 90 00
4  : pgn=126975 line=Rx 10343063 1d ef ff 04 e1 03 ff ff ff ff ff ff
0  : pgn=127250 line=Rx 10343080 09 f1 12 00 ff 6b 3e ff 7f ff 7f fd
source=0: pgn=Vessel Heading(127250): values=Heading=(91.55 deg) Deviation=(None) Variation=(None) Reference=("1")

0  : pgn=127245 line=Rx 10343081 09 f1 0d 00 00 f8 ff 7f 00 00 ff ff
source=0: pgn=Rudder(127245): values=Instance=(0) DirectionOrder=("0") AngleOrder=(None) Position=(0.00 deg)

0  : pgn=65359  line=Rx 10343087 1c ff 4f 00 3b 9f ff ff ff 6b 3e ff
source=0: pgn=Seatalk: Pilot Heading(65359): values=ManufacturerCode=(1851) IndustryCode=(4) HeadingTrue=(None) HeadingMagnetic=(91.55 deg)

32 : pgn=128259 line=Rx 10343088 09 f5 03 20 c2 29 01 ff ff ff ff ff
source=32: pgn=Speed(128259): values=SpeedWaterReferenced=(2.97 m/s) SpeedGroundReferenced=(None) SpeedWaterReferencedType=(None) SpeedDirection=(None)

32 : pgn=130310 line=Rx 10343091 15 fd 06 20 dd ff ff ff ff ff ff ff
source=32: pgn=Environmental Parameters (obsolete)(130310): values=WaterTemperature=(None) OutsideAmbientAirTemperature=(None) AtmosphericPressure=(None)

0  : pgn=126975 line=Rx 10343097 1d ef ff 00 a0 08 3b 9f f0 81 9c d1
3  : pgn=129026 line=Tx 10343097 09 f8 02 03 ff fc 3f 47 5b 01 ff ff
source=3: pgn=COG & SOG, Rapid Update(129026): values=COGReference=("0") COG=(104.50 deg) SOG=(3.47 m/s)

3  : pgn=129025 line=Tx 10343097 09 f8 01 03 a2 66 6f 1c 6d b2 fd b6
source=3: pgn=Position, Rapid Update(129025): values=Latitude=(47.7062818 deg) Longitude=(-122.4887699 deg)

3  : pgn=129291 line=Tx 10343097 0d f9 0b 03 ff fc 43 40 3f 00 ff ff
source=3: pgn=Set & Drift, Rapid Update(129291): values=SetReference=("0") Set=(94.26 deg) Drift=(0.63 m/s)

0  : pgn=126975 line=Rx 10343098 1d ef ff 00 a1 00 00 ff ff ff ff ff
32 : pgn=128275 line=Rx 10343101 19 f5 13 20 e0 0e ff ff ff ff ff ff
32 : pgn=128275 line=Rx 10343106 19 f5 13 20 e1 20 ae 3c 00 20 ae 3c
32 : pgn=128275 line=Rx 10343111 19 f5 13 20 e2 00 ff ff ff ff ff ff
1  : pgn=59936  line=Rx 10343134 18 ea 20 01 00 ee 00 00 00 00 00 00
0  : pgn=127250 line=Rx 10343179 09 f1 12 00 ff 89 3e ff 7f ff 7f fd
source=0: pgn=Vessel Heading(127250): values=Heading=(91.72 deg) Deviation=(None) Variation=(None) Reference=("1")

0  : pgn=127245 line=Rx 10343180 09 f1 0d 00 00 f8 ff 7f 00 00 ff ff
source=0: pgn=Rudder(127245): values=Instance=(0) DirectionOrder=("0") AngleOrder=(None) Position=(0.00 deg)

0  : pgn=65359  line=Rx 10343184 1c ff 4f 00 3b 9f ff ff ff 89 3e ff
source=0: pgn=Seatalk: Pilot Heading(65359): values=ManufacturerCode=(1851) IndustryCode=(4) HeadingTrue=(None) HeadingMagnetic=(91.72 deg)

32 : pgn=128259 line=Rx 10343186 09 f5 03 20 c3 2e 01 ff ff ff ff ff
1  : pgn=129038 line=Rx 10343195 11 f8 0e 01 40 1b c3 ca 4c e7 15 1a
1  : pgn=129038 line=Rx 10343196 11 f8 0e 01 41 52 d5 b6 9b e1 ac 1c
1  : pgn=129038 line=Rx 10343196 11 f8 0e 01 42 75 84 2c 21 02 00 00
1  : pgn=129038 line=Rx 10343197 11 f8 0e 01 43 00 22 24 d2 e5 f0 fe
3  : pgn=129025 line=Tx 10343198 09 f8 01 03 a2 66 6f 1c 6d b2 fd b6
source=3: pgn=Position, Rapid Update(129025): values=Latitude=(47.7062818 deg) Longitude=(-122.4887699 deg)

1  : pgn=129038 line=Rx 10343257 11 f8 0e 01 60 1b c1 c6 60 e6 15 30
1  : pgn=129038 line=Rx 10343258 11 f8 0e 01 61 74 0d b7 86 9d 68 1c
1  : pgn=129038 line=Rx 10343258 11 f8 0e 01 62 76 4e b9 00 00 00 00
1  : pgn=129038 line=Rx 10343259 11 f8 0e 01 63 00 d1 15 00 00 f0 fe
0  : pgn=127250 line=Rx 10343279 09 f1 12 00 ff b3 3e ff 7f ff 7f fd
source=0: pgn=Vessel Heading(127250): values=Heading=(91.97 deg) Deviation=(None) Variation=(None) Reference=("1")

0  : pgn=127245 line=Rx 10343280 09 f1 0d 00 00 f8 ff 7f 00 00 ff ff
source=0: pgn=Rudder(127245): values=Instance=(0) DirectionOrder=("0") AngleOrder=(None) Position=(0.00 deg)

32 : pgn=128259 line=Rx 10343286 09 f5 03 20 c4 33 01 ff ff ff ff ff
source=32: pgn=Speed(128259): values=SpeedWaterReferenced=(3.0700000000000003 m/s) SpeedGroundReferenced=(None) SpeedWaterReferencedType=(None) SpeedDirection=(None)

0  : pgn=65359  line=Rx 10343289 1c ff 4f 00 3b 9f ff ff ff b3 3e ff
source=0: pgn=Seatalk: Pilot Heading(65359): values=ManufacturerCode=(1851) IndustryCode=(4) HeadingTrue=(None) HeadingMagnetic=(91.97 deg)

3  : pgn=129026 line=Tx 10343298 09 f8 02 03 ff fc 0a 47 5a 01 ff ff
source=3: pgn=COG & SOG, Rapid Update(129026): values=COGReference=("0") COG=(104.20 deg) SOG=(3.46 m/s)

3  : pgn=130577 line=Tx 10343298 0d fe 11 03 a0 0e c0 96 0a 47 5a 01
3  : pgn=130577 line=Tx 10343298 0d fe 11 03 a1 ff ff ff ff 43 40 3f
3  : pgn=130577 line=Tx 10343298 0d fe 11 03 a2 00 ff ff ff ff ff ff
3  : pgn=129025 line=Tx 10343298 09 f8 01 03 94 66 6f 1c aa b2 fd b6
3  : pgn=130306 line=Tx 10343298 09 fd 02 03 ff 4c 03 c2 c7 fa ff ff
source=3: pgn=Wind Data(130306): values=WindSpeed=(8.44 m/s) WindAngle=(293.00 deg) Reference=("2")

0  : pgn=127250 line=Rx 10343379 09 f1 12 00 ff ca 3e ff 7f ff 7f fd
source=0: pgn=Vessel Heading(127250): values=Heading=(92.10 deg) Deviation=(None) Variation=(None) Reference=("1")

0  : pgn=127245 line=Rx 10343380 09 f1 0d 00 00 f8 ff 7f 00 00 ff ff
source=0: pgn=Rudder(127245): values=Instance=(0) DirectionOrder=("0") AngleOrder=(None) Position=(0.00 deg)

0  : pgn=65359  line=Rx 10343384 1c ff 4f 00 3b 9f ff ff ff ca 3e ff
source=0: pgn=Seatalk: Pilot Heading(65359): values=ManufacturerCode=(1851) IndustryCode=(4) HeadingTrue=(None) HeadingMagnetic=(92.10 deg)

32 : pgn=128259 line=Rx 10343385 09 f5 03 20 c5 34 01 ff ff ff ff ff
source=32: pgn=Speed(128259): values=SpeedWaterReferenced=(3.08 m/s) SpeedGroundReferenced=(None) SpeedWaterReferencedType=(None) SpeedDirection=(None)

3  : pgn=129283 line=Tx 10343398 0d f9 03 03 ff 7f ff ff ff 7f ff ff
source=3: pgn=Cross Track Error(129283): values=XTEmode=(None) NavigationTerminated=("1") XTE=(None)

3  : pgn=129025 line=Tx 10343398 09 f8 01 03 94 66 6f 1c aa b2 fd b6
source=3: pgn=Position, Rapid Update(129025): values=Latitude=(47.7062804 deg) Longitude=(-122.4887638 deg)

3  : pgn=128267 line=Tx 10343398 0d f5 0b 03 ff b3 3d 00 00 00 00 ff
source=3: pgn=Water Depth(128267): values=Depth=(157.95000000000002 m) Offset=(0.0 m) Range=(None)

4  : pgn=65384  line=Rx 10343403 1c ff 68 04 3b 9f 00 00 00 00 00 00
1  : pgn=129039 line=Rx 10343438 11 f8 0f 01 00 1a 12 38 7b e6 15 b6
source=1: pgn=AIS Class B Position Report(129039): values=MessageID=(0) RepeatIndicator=("0") UserID=(2067272218) Longitude=(0.0 deg) Latitude=(0.0 deg) PositionAccuracy=("0") RAIM=("0") TimeStamp=("0") COG=(0.00 deg) SOG=(0.0 m/s) CommunicationState=(0) AISTransceiverinformation=("0") Heading=(0.00 deg) RegionalApplication=(0) RegionalApplicationB=(0) Unittype=("0") IntegratedDisplay=("0") DSC=("0") Band=("0") CanhandleMsg22=("0") AISmode=("0") AIScommunicationstate=("0")

1  : pgn=129039 line=Rx 10343439 11 f8 0f 01 01 15 0c b7 20 c1 63 1c
source=1: pgn=AIS Class B Position Report(129039): values=MessageID=(1) RepeatIndicator=("0") UserID=(548867093) Longitude=(0.0 deg) Latitude=(0.0 deg) PositionAccuracy=("0") RAIM=("0") TimeStamp=("0") COG=(0.00 deg) SOG=(0.0 m/s) CommunicationState=(0) AISTransceiverinformation=("0") Heading=(0.00 deg) RegionalApplication=(0) RegionalApplicationB=(0) Unittype=("0") IntegratedDisplay=("0") DSC=("0") Band=("0") CanhandleMsg22=("0") AISmode=("0") AIScommunicationstate=("0")

1  : pgn=129039 line=Rx 10343439 11 f8 0f 01 02 76 7f 25 00 00 03 00
source=1: pgn=AIS Class B Position Report(129039): values=MessageID=(2) RepeatIndicator=("0") UserID=(2457462) Longitude=(0.0 deg) Latitude=(0.0 deg) PositionAccuracy=("0") RAIM=("0") TimeStamp=("0") COG=(0.00 deg) SOG=(0.0 m/s) CommunicationState=(0) AISTransceiverinformation=("0") Heading=(0.00 deg) RegionalApplication=(0) RegionalApplicationB=(0) Unittype=("0") IntegratedDisplay=("0") DSC=("0") Band=("0") CanhandleMsg22=("0") AISmode=("0") AIScommunicationstate=("0")

1  : pgn=129039 line=Rx 10343440 11 f8 0f 01 03 08 ff ff 00 fc ff ff
source=1: pgn=AIS Class B Position Report(129039): values=MessageID=(3) RepeatIndicator=("0") UserID=(16776968) Longitude=(0.0 deg) Latitude=(0.0 deg) PositionAccuracy=("0") RAIM=("0") TimeStamp=("0") COG=(0.00 deg) SOG=(0.0 m/s) CommunicationState=(0) AISTransceiverinformation=("0") Heading=(0.00 deg) RegionalApplication=(0) RegionalApplicationB=(0) Unittype=("0") IntegratedDisplay=("0") DSC=("0") Band=("0") CanhandleMsg22=("0") AISmode=("0") AIScommunicationstate=("0")

1  : pgn=129041 line=Rx 10343471 11 f8 11 01 c0 30 55 75 89 3a 3b 6d
1  : pgn=129041 line=Rx 10343472 11 f8 11 01 c1 8b 0a b7 5b f8 47 1c
1  : pgn=129041 line=Rx 10343472 11 f8 11 01 c2 f4 00 00 00 00 00 00
1  : pgn=129041 line=Rx 10343473 11 f8 11 01 c3 ff ff 12 ee ff e1 16
1  : pgn=129041 line=Rx 10343473 11 f8 11 01 c4 01 50 53 20 54 53 4c
1  : pgn=129041 line=Rx 10343474 11 f8 11 01 c5 20 4c 42 20 54 41 20
1  : pgn=129041 line=Rx 10343475 11 f8 11 01 c6 20 20 20 20 20 20 20
0  : pgn=127250 line=Rx 10343480 09 f1 12 00 ff ef 3e ff 7f ff 7f fd
source=0: pgn=Vessel Heading(127250): values=Heading=(92.31 deg) Deviation=(None) Variation=(None) Reference=("1")

0  : pgn=127245 line=Rx 10343481 09 f1 0d 00 00 f8 ff 7f 00 00 ff ff
source=0: pgn=Rudder(127245): values=Instance=(0) DirectionOrder=("0") AngleOrder=(None) Position=(0.00 deg)

32 : pgn=128259 line=Rx 10343484 09 f5 03 20 c6 34 01 ff ff ff ff ff
source=32: pgn=Speed(128259): values=SpeedWaterReferenced=(3.08 m/s) SpeedGroundReferenced=(None) SpeedWaterReferencedType=(None) SpeedDirection=(None)

0  : pgn=65359  line=Rx 10343490 1c ff 4f 00 3b 9f ff ff ff ef 3e ff
source=0: pgn=Seatalk: Pilot Heading(65359): values=ManufacturerCode=(1851) IndustryCode=(4) HeadingTrue=(None) HeadingMagnetic=(92.31 deg)

3  : pgn=129026 line=Tx 10343498 09 f8 02 03 ff fc 0a 47 5a 01 ff ff
source=3: pgn=COG & SOG, Rapid Update(129026): values=COGReference=("0") COG=(104.20 deg) SOG=(3.46 m/s)

3  : pgn=129025 line=Tx 10343498 09 f8 01 03 94 66 6f 1c aa b2 fd b6
source=3: pgn=Position, Rapid Update(129025): values=Latitude=(47.7062804 deg) Longitude=(-122.4887638 deg)

3  : pgn=129542 line=Tx 10343498 19 fa 06 03 a0 0f 96 ab 01 00 00 00
3  : pgn=129542 line=Tx 10343498 19 fa 06 03 a1 00 00 00 00 00 00 00
3  : pgn=129542 line=Tx 10343498 19 fa 06 03 a2 00 00 ff ff ff ff ff
3  : pgn=65364  line=Tx 10343498 1c ff 54 03 3b 9f 4c 03 36 cd ff ff
0  : pgn=127250 line=Rx 10343581 09 f1 12 00 ff 12 3f ff 7f ff 7f fd
source=0: pgn=Vessel Heading(127250): values=Heading=(92.51 deg) Deviation=(None) Variation=(None) Reference=("1")

0  : pgn=127245 line=Rx 10343582 09 f1 0d 00 00 f8 ff 7f 00 00 ff ff
source=0: pgn=Rudder(127245): values=Instance=(0) DirectionOrder=("0") AngleOrder=(None) Position=(0.00 deg)

32 : pgn=128259 line=Rx 10343584 09 f5 03 20 c7 30 01 ff ff ff ff ff
source=32: pgn=Speed(128259): values=SpeedWaterReferenced=(3.04 m/s) SpeedGroundReferenced=(None) SpeedWaterReferencedType=(None) SpeedDirection=(None)

0  : pgn=65379  line=Rx 10343590 1c ff 63 00 3b 9f 00 00 00 00 01 ff
source=0: pgn=Seatalk: Pilot Mode(65379): values=ManufacturerCode=(1851) IndustryCode=(4) PilotMode=(0) SubMode=(0) PilotModeData=(0)

0  : pgn=65359  line=Rx 10343590 1c ff 4f 00 3b 9f ff ff ff 12 3f ff
source=0: pgn=Seatalk: Pilot Heading(65359): values=ManufacturerCode=(1851) IndustryCode=(4) HeadingTrue=(None) HeadingMagnetic=(92.51 deg)

0  : pgn=126975 line=Rx 10343591 1d ef ff 00 c0 0d 3b 9f f0 81 84 56
0  : pgn=126975 line=Rx 10343593 1d ef ff 00 c1 41 05 00 00 00 02 05
1  : pgn=129039 line=Rx 10343601 11 f8 0f 01 20 1a 12 8c bf e4 15 c2
1  : pgn=129039 line=Rx 10343601 11 f8 0f 01 21 f0 0b b7 61 b9 63 1c
1  : pgn=129039 line=Rx 10343601 11 f8 0f 01 22 76 00 00 00 00 03 00
1  : pgn=129039 line=Rx 10343601 11 f8 0f 01 23 00 ff ff 00 fc ff ff
3  : pgn=129540 line=Tx 10343602 19 fa 04 03 e0 9f b8 ff 0d 03 97 1a
source=3: pgn=GNSS Sats in View(129540): values=RangeResidualMode=(None) SatsinView=(184) PRN=(None) Elevation=(4.47 deg) Azimuth=(39.00 deg) SNR=(0.0 dB) Rangeresiduals=(0) Status=("0")

3  : pgn=129540 line=Tx 10343602 19 fa 04 03 e1 2e 26 00 00 00 00 00
source=3: pgn=GNSS Sats in View(129540): values=RangeResidualMode=("0") SatsinView=(38) PRN=(0) Elevation=(0.00 deg) Azimuth=(0.00 deg) SNR=(0.0 dB) Rangeresiduals=(0) Status=("0")

3  : pgn=129540 line=Tx 10343602 19 fa 04 03 e2 00 f3 0f ff 1d ad 3c
source=3: pgn=GNSS Sats in View(129540): values=RangeResidualMode=("0") SatsinView=(243) PRN=(15) Elevation=(44.00 deg) Azimuth=(89.00 deg) SNR=(0.0 dB) Rangeresiduals=(0) Status=("0")

3  : pgn=129540 line=Tx 10343603 19 fa 04 03 e3 28 0a 00 00 00 00 f5
source=3: pgn=GNSS Sats in View(129540): values=RangeResidualMode=("0") SatsinView=(10) PRN=(0) Elevation=(0.00 deg) Azimuth=(359.36 deg) SNR=(0.0 dB) Rangeresiduals=(0) Status=("0")

3  : pgn=129540 line=Tx 10343603 19 fa 04 03 e4 10 17 13 c2 b8 10 0e
source=3: pgn=GNSS Sats in View(129540): values=RangeResidualMode=("0") SatsinView=(23) PRN=(19) Elevation=(-104.50 deg) Azimuth=(20.63 deg) SNR=(0.0 dB) Rangeresiduals=(0) Status=("0")

3  : pgn=129540 line=Tx 10343603 19 fa 04 03 e5 00 00 00 00 f5 12 c5
source=3: pgn=GNSS Sats in View(129540): values=RangeResidualMode=("0") SatsinView=(0) PRN=(0) Elevation=(-16.13 deg) Azimuth=(289.06 deg) SNR=(0.0 dB) Rangeresiduals=(0) Status=("0")

3  : pgn=129540 line=Tx 10343603 19 fa 04 03 e6 31 f2 93 48 0d 00 00
source=3: pgn=GNSS Sats in View(129540): values=RangeResidualMode=("1") SatsinView=(242) PRN=(147) Elevation=(19.48 deg) Azimuth=(0.00 deg) SNR=(0.0 dB) Rangeresiduals=(0) Status=("0")

3  : pgn=129540 line=Tx 10343603 19 fa 04 03 e7 00 00 f5 13 69 03 1f
source=3: pgn=GNSS Sats in View(129540): values=RangeResidualMode=("0") SatsinView=(0) PRN=(245) Elevation=(154.12 deg) Azimuth=(45.49 deg) SNR=(0.0 dB) Rangeresiduals=(0) Status=("0")

3  : pgn=129540 line=Tx 10343603 19 fa 04 03 e8 d8 d8 0e 00 00 00 00
source=3: pgn=GNSS Sats in View(129540): values=RangeResidualMode=("0") SatsinView=(216) PRN=(14) Elevation=(0.00 deg) Azimuth=(0.00 deg) SNR=(0.0 dB) Rangeresiduals=(0) Status=("0")

3  : pgn=129540 line=Tx 10343603 19 fa 04 03 e9 f5 15 e8 37 68 21 10
source=3: pgn=GNSS Sats in View(129540): values=RangeResidualMode=("1") SatsinView=(21) PRN=(232) Elevation=(152.86 deg) Azimuth=(23.66 deg) SNR=(0.0 dB) Rangeresiduals=(0) Status=("0")

3  : pgn=129540 line=Tx 10343603 19 fa 04 03 ea 0e 00 00 00 00 f5 16
source=3: pgn=GNSS Sats in View(129540): values=RangeResidualMode=("0") SatsinView=(0) PRN=(0) Elevation=(0.00 deg) Azimuth=(33.67 deg) SNR=(0.0 dB) Rangeresiduals=(0) Status=("0")

3  : pgn=129540 line=Tx 10343604 19 fa 04 03 eb 80 16 cf 9c d8 0e 00
source=3: pgn=GNSS Sats in View(129540): values=RangeResidualMode=("0") SatsinView=(22) PRN=(207) Elevation=(-57.78 deg) Azimuth=(0.08 deg) SNR=(0.0 dB) Rangeresiduals=(0) Status=("0")

3  : pgn=129540 line=Tx 10343605 19 fa 04 03 ec 00 00 00 f5 1a ae 0f
source=3: pgn=GNSS Sats in View(129540): values=RangeResidualMode=("0") SatsinView=(0) PRN=(0) Elevation=(39.54 deg) Azimuth=(23.00 deg) SNR=(0.0 dB) Rangeresiduals=(0) Status=("0")

3  : pgn=129540 line=Tx 10343605 19 fa 04 03 ed 5d 1f f0 0a 00 00 00
source=3: pgn=GNSS Sats in View(129540): values=RangeResidualMode=("1") SatsinView=(31) PRN=(240) Elevation=(0.06 deg) Azimuth=(0.00 deg) SNR=(0.0 dB) Rangeresiduals=(0) Status=("0")

3  : pgn=129540 line=Tx 10343606 19 fa 04 03 ee 00 f5 1b d1 15 ab d2
source=3: pgn=GNSS Sats in View(129540): values=RangeResidualMode=("0") SatsinView=(245) PRN=(27) Elevation=(32.00 deg) Azimuth=(309.00 deg) SNR=(0.0 dB) Rangeresiduals=(0) Status=("0")

3  : pgn=129540 line=Tx 10343608 19 fa 04 03 ef 48 0d 00 00 00 00 f5
source=3: pgn=GNSS Sats in View(129540): values=RangeResidualMode=("0") SatsinView=(13) PRN=(0) Elevation=(0.00 deg) Azimuth=(359.36 deg) SNR=(0.0 dB) Rangeresiduals=(0) Status=("0")

3  : pgn=129540 line=Tx 10343608 19 fa 04 03 f0 1d 00 0f a1 67 1c 0c
source=3: pgn=GNSS Sats in View(129540): values=RangeResidualMode=("1") SatsinView=(0) PRN=(15) Elevation=(152.00 deg) Azimuth=(17.76 deg) SNR=(0.0 dB) Rangeresiduals=(0) Status=("0")

3  : pgn=129540 line=Tx 10343609 19 fa 04 03 f1 00 00 00 00 f5 23 d1
source=3: pgn=GNSS Sats in View(129540): values=RangeResidualMode=("0") SatsinView=(0) PRN=(0) Elevation=(-16.13 deg) Azimuth=(306.76 deg) SNR=(0.0 dB) Rangeresiduals=(0) Status=("0")

3  : pgn=129540 line=Tx 10343609 19 fa 04 03 f2 15 c3 8b 00 00 00 00
source=3: pgn=GNSS Sats in View(129540): values=RangeResidualMode=("1") SatsinView=(195) PRN=(139) Elevation=(0.00 deg) Azimuth=(0.00 deg) SNR=(0.0 dB) Rangeresiduals=(0) Status=("0")

3  : pgn=129540 line=Tx 10343610 19 fa 04 03 f3 00 00 f3 30 2e 17 43
source=3: pgn=GNSS Sats in View(129540): values=RangeResidualMode=("0") SatsinView=(0) PRN=(243) Elevation=(67.75 deg) Azimuth=(98.41 deg) SNR=(0.0 dB) Rangeresiduals=(0) Status=("0")

3  : pgn=129540 line=Tx 10343612 19 fa 04 03 f4 84 cc 10 00 00 00 00
source=3: pgn=GNSS Sats in View(129540): values=RangeResidualMode=("0") SatsinView=(204) PRN=(16) Elevation=(0.00 deg) Azimuth=(0.00 deg) SNR=(0.0 dB) Rangeresiduals=(0) Status=("0")

3  : pgn=129540 line=Tx 10343613 19 fa 04 03 f5 f5 33 80 16 67 6c e4
source=3: pgn=GNSS Sats in View(129540): values=RangeResidualMode=("1") SatsinView=(51) PRN=(128) Elevation=(151.20 deg) Azimuth=(335.04 deg) SNR=(0.0 dB) Rangeresiduals=(0) Status=("0")

3  : pgn=129540 line=Tx 10343613 19 fa 04 03 f6 0c 00 00 00 00 f5 ff
source=3: pgn=GNSS Sats in View(129540): values=RangeResidualMode=("0") SatsinView=(0) PRN=(0) Elevation=(0.00 deg) Azimuth=(375.43 deg) SNR=(0.0 dB) Rangeresiduals=(0) Status=("0")

3  : pgn=129025 line=Tx 10343614 09 f8 01 03 74 66 6f 1c 35 b3 fd b6
source=3: pgn=Position, Rapid Update(129025): values=Latitude=(47.706277199999995 deg) Longitude=(-122.48874989999999 deg)

3  : pgn=127258 line=Tx 10343615 19 f1 1a 03 ff f6 12 39 fa 0a ff ff
source=3: pgn=Magnetic Variation(127258): values=Source=("6") Ageofservice=(14610 d) Variation=(16.10 deg)

0  : pgn=127250 line=Rx 10343679 09 f1 12 00 ff 23 3f ff 7f ff 7f fd
source=0: pgn=Vessel Heading(127250): values=Heading=(92.61 deg) Deviation=(None) Variation=(None) Reference=("1")

0  : pgn=127245 line=Rx 10343680 09 f1 0d 00 00 f8 ff 7f 00 00 ff ff
source=0: pgn=Rudder(127245): values=Instance=(0) DirectionOrder=("0") AngleOrder=(None) Position=(0.00 deg)

32 : pgn=128259 line=Rx 10343683 09 f5 03 20 c8 29 01 ff ff ff ff ff
source=32: pgn=Speed(128259): values=SpeedWaterReferenced=(2.97 m/s) SpeedGroundReferenced=(None) SpeedWaterReferencedType=(None) SpeedDirection=(None)

0  : pgn=65359  line=Rx 10343688 1c ff 4f 00 3b 9f ff ff ff 23 3f ff
source=0: pgn=Seatalk: Pilot Heading(65359): values=ManufacturerCode=(1851) IndustryCode=(4) HeadingTrue=(None) HeadingMagnetic=(92.61 deg)

0  : pgn=126975 line=Rx 10343692 1d ef ff 00 e0 09 3b 9f f0 81 ae 02
0  : pgn=126975 line=Rx 10343693 1d ef ff 00 e1 00 08 00 ff ff ff ff
3  : pgn=129026 line=Tx 10343703 09 f8 02 03 ff fc c5 46 59 01 ff ff
source=3: pgn=COG & SOG, Rapid Update(129026): values=COGReference=("0") COG=(103.80 deg) SOG=(3.45 m/s)

3  : pgn=129025 line=Tx 10343703 09 f8 01 03 74 66 6f 1c 35 b3 fd b6
source=3: pgn=Position, Rapid Update(129025): values=Latitude=(47.706277199999995 deg) Longitude=(-122.48874989999999 deg)

0  : pgn=127250 line=Rx 10343779 09 f1 12 00 ff 49 3f ff 7f ff 7f fd
source=0: pgn=Vessel Heading(127250): values=Heading=(92.82 deg) Deviation=(None) Variation=(None) Reference=("1")

0  : pgn=127245 line=Rx 10343780 09 f1 0d 00 00 f8 ff 7f 00 00 ff ff
source=0: pgn=Rudder(127245): values=Instance=(0) DirectionOrder=("0") AngleOrder=(None) Position=(0.00 deg)

32 : pgn=128259 line=Rx 10343783 09 f5 03 20 c9 29 01 ff ff ff ff ff
source=32: pgn=Speed(128259): values=SpeedWaterReferenced=(2.97 m/s) SpeedGroundReferenced=(None) SpeedWaterReferencedType=(None) SpeedDirection=(None)

0  : pgn=65359  line=Rx 10343788 1c ff 4f 00 3b 9f ff ff ff 49 3f ff
source=0: pgn=Seatalk: Pilot Heading(65359): values=ManufacturerCode=(1851) IndustryCode=(4) HeadingTrue=(None) HeadingMagnetic=(92.82 deg)

3  : pgn=129029 line=Tx 10343804 0d f8 05 03 a0 2b 96 06 40 b8 e9 13
3  : pgn=129029 line=Tx 10343804 0d f8 05 03 a1 2c 00 10 5e 79 0d de
3  : pgn=129029 line=Tx 10343804 0d f8 05 03 a2 9e 06 00 a0 4f 64 64
3  : pgn=129029 line=Tx 10343804 0d f8 05 03 a3 53 00 ef ff ff ff ff
3  : pgn=129029 line=Tx 10343804 0d f8 05 03 a4 ff ff ff 7f 23 fc 09
3  : pgn=129029 line=Tx 10343804 0d f8 05 03 a5 55 00 ff 7f ff ff ff
3  : pgn=129029 line=Tx 10343804 0d f8 05 03 a6 7f 00 ff ff ff ff ff
3  : pgn=129025 line=Tx 10343804 09 f8 01 03 68 66 6f 1c 90 b3 fd b6
source=3: pgn=Position, Rapid Update(129025): values=Latitude=(47.706275999999995 deg) Longitude=(-122.48874079999999 deg)

3  : pgn=129033 line=Tx 10343804 0d f8 09 03 06 40 b8 e9 13 2c 5c fe
source=3: pgn=Time & Date(129033): values=Date=(16390 d) Time=(73950.25200000001 s) LocalOffset=(-25200.0 s)

1  : pgn=129038 line=Rx 10343804 11 f8 0e 01 80 1b c1 0e 29 e0 15 b1
1  : pgn=129038 line=Rx 10343805 11 f8 0e 01 81 be 0c b7 6e 60 69 1c
1  : pgn=129038 line=Rx 10343807 11 f8 0e 01 82 68 c3 7c 00 00 01 00
1  : pgn=129038 line=Rx 10343808 11 f8 0e 01 83 08 ff ff ff 7f f0 fe
0  : pgn=127250 line=Rx 10343879 09 f1 12 00 ff 5d 3f ff 7f ff 7f fd
source=0: pgn=Vessel Heading(127250): values=Heading=(92.94 deg) Deviation=(None) Variation=(None) Reference=("1")

0  : pgn=127245 line=Rx 10343880 09 f1 0d 00 00 f8 ff 7f 00 00 ff ff
source=0: pgn=Rudder(127245): values=Instance=(0) DirectionOrder=("0") AngleOrder=(None) Position=(0.00 deg)

32 : pgn=128259 line=Rx 10343883 09 f5 03 20 ca 2a 01 ff ff ff ff ff
source=32: pgn=Speed(128259): values=SpeedWaterReferenced=(2.98 m/s) SpeedGroundReferenced=(None) SpeedWaterReferencedType=(None) SpeedDirection=(None)

0  : pgn=65359  line=Rx 10343888 1c ff 4f 00 3b 9f ff ff ff 5d 3f ff
source=0: pgn=Seatalk: Pilot Heading(65359): values=ManufacturerCode=(1851) IndustryCode=(4) HeadingTrue=(None) HeadingMagnetic=(92.94 deg)

3  : pgn=129026 line=Tx 10343906 09 f8 02 03 ff fc a2 46 58 01 ff ff
source=3: pgn=COG & SOG, Rapid Update(129026): values=COGReference=("0") COG=(103.60 deg) SOG=(3.44 m/s)

3  : pgn=129025 line=Tx 10343906 09 f8 01 03 68 66 6f 1c 90 b3 fd b6
source=3: pgn=Position, Rapid Update(129025): values=Latitude=(47.706275999999995 deg) Longitude=(-122.48874079999999 deg)

3  : pgn=126992 line=Tx 10343906 0d f0 10 03 ff ff 06 40 b8 e9 13 2c
source=3: pgn=System Time(126992): values=Source=(None) Date=(16390 d) Time=(73950.25200000001 s)

1  : pgn=129038 line=Rx 10343927 11 f8 0e 01 a0 1b c1 d0 57 e0 15 c9
1  : pgn=129038 line=Rx 10343927 11 f8 0e 01 a1 74 0e b7 7e b8 67 1c
1  : pgn=129038 line=Rx 10343927 11 f8 0e 01 a2 74 51 0e 00 00 00 00
1  : pgn=129038 line=Rx 10343928 11 f8 0e 01 a3 00 ff ff ff 7f f0 fe
0  : pgn=127250 line=Rx 10343979 09 f1 12 00 ff 7f 3f ff 7f ff 7f fd
source=0: pgn=Vessel Heading(127250): values=Heading=(93.13 deg) Deviation=(None) Variation=(None) Reference=("1")

0  : pgn=127245 line=Rx 10343980 09 f1 0d 00 00 f8 ff 7f 00 00 ff ff
source=0: pgn=Rudder(127245): values=Instance=(0) DirectionOrder=("0") AngleOrder=(None) Position=(0.00 deg)

32 : pgn=128259 line=Rx 10343982 09 f5 03 20 cb 38 01 ff ff ff ff ff
source=32: pgn=Speed(128259): values=SpeedWaterReferenced=(3.12 m/s) SpeedGroundReferenced=(None) SpeedWaterReferencedType=(None) SpeedDirection=(None)

0  : pgn=65359  line=Rx 10343986 1c ff 4f 00 3b 9f ff ff ff 7f 3f ff
source=0: pgn=Seatalk: Pilot Heading(65359): values=ManufacturerCode=(1851) IndustryCode=(4) HeadingTrue=(None) HeadingMagnetic=(93.13 deg)

1  : pgn=129038 line=Rx 10343989 11 f8 0e 01 c0 1b c1 0e 93 df 15 46
1  : pgn=129038 line=Rx 10343990 11 f8 0e 01 c1 68 11 b7 60 fb 5b 1c
1  : pgn=129038 line=Rx 10343990 11 f8 0e 01 c2 77 07 f2 ce 01 00 00
1  : pgn=129038 line=Rx 10343991 11 f8 0e 01 c3 00 ff ff ff 7f f0 fe
3  : pgn=129025 line=Tx 10344005 09 f8 01 03 68 66 6f 1c 90 b3 fd b6
source=3: pgn=Position, Rapid Update(129025): values=Latitude=(47.706275999999995 deg) Longitude=(-122.48874079999999 deg)

0  : pgn=127250 line=Rx 10344079 09 f1 12 00 ff a5 3f ff 7f ff 7f fd
source=0: pgn=Vessel Heading(127250): values=Heading=(93.35 deg) Deviation=(None) Variation=(None) Reference=("1")

0  : pgn=127245 line=Rx 10344080 09 f1 0d 00 00 f8 ff 7f 00 00 ff ff
source=0: pgn=Rudder(127245): values=Instance=(0) DirectionOrder=("0") AngleOrder=(None) Position=(0.00 deg)

32 : pgn=128259 line=Rx 10344084 09 f5 03 20 cc 2f 01 ff ff ff ff ff
source=32: pgn=Speed(128259): values=SpeedWaterReferenced=(3.0300000000000002 m/s) SpeedGroundReferenced=(None) SpeedWaterReferencedType=(None) SpeedDirection=(None)

32 : pgn=130310 line=Rx 10344087 15 fd 06 20 de ff ff ff ff ff ff ff
source=32: pgn=Environmental Parameters (obsolete)(130310): values=WaterTemperature=(None) OutsideAmbientAirTemperature=(None) AtmosphericPressure=(None)

0  : pgn=65359  line=Rx 10344089 1c ff 4f 00 3b 9f ff ff ff a5 3f ff
source=0: pgn=Seatalk: Pilot Heading(65359): values=ManufacturerCode=(1851) IndustryCode=(4) HeadingTrue=(None) HeadingMagnetic=(93.35 deg)

0  : pgn=126975 line=Rx 10344090 1d ef ff 00 00 08 3b 9f f0 81 9c d1
0  : pgn=126975 line=Rx 10344092 1d ef ff 00 01 01 00 ff ff ff ff ff
32 : pgn=128275 line=Rx 10344096 19 f5 13 20 00 0e ff ff ff ff ff ff
source=32: pgn=Distance Log(128275): values=Date=(3584 d) Time=(None) Log=(0 m) TripLog=(0 m)

32 : pgn=128275 line=Rx 10344101 19 f5 13 20 01 20 ae 3c 00 20 ae 3c
source=32: pgn=Distance Log(128275): values=Date=(8193 d) Time=(53688.6446 s) Log=(0 m) TripLog=(0 m)

3  : pgn=129026 line=Tx 10344106 09 f8 02 03 ff fc 6d 46 59 01 ff ff
source=3: pgn=COG & SOG, Rapid Update(129026): values=COGReference=("0") COG=(103.30 deg) SOG=(3.45 m/s)

3  : pgn=129025 line=Tx 10344106 09 f8 01 03 5c 66 6f 1c df b3 fd b6
source=3: pgn=Position, Rapid Update(129025): values=Latitude=(47.706274799999996 deg) Longitude=(-122.48873289999999 deg)

3  : pgn=129291 line=Tx 10344106 0d f9 0b 03 ff fc b5 33 38 00 ff ff
source=3: pgn=Set & Drift, Rapid Update(129291): values=SetReference=("0") Set=(75.84 deg) Drift=(0.56 m/s)

32 : pgn=128275 line=Rx 10344106 19 f5 13 20 02 00 ff ff ff ff ff ff
source=32: pgn=Distance Log(128275): values=Date=(2 d) Time=(None) Log=(0 m) TripLog=(0 m)

1  : pgn=59936  line=Rx 10344140 18 ea 20 01 00 ee 00 00 00 00 00 00
1  : pgn=129038 line=Rx 10344141 11 f8 0e 01 e0 1b c1 70 80 32 14 12
1  : pgn=129038 line=Rx 10344141 11 f8 0e 01 e1 1e 14 b7 71 e8 57 1c
1  : pgn=129038 line=Rx 10344142 11 f8 0e 01 e2 7c e6 73 00 00 00 00
1  : pgn=129038 line=Rx 10344142 11 f8 0e 01 e3 00 15 6d 00 00 f0 fe
0  : pgn=127250 line=Rx 10344179 09 f1 12 00 ff ba 3f ff 7f ff 7f fd
source=0: pgn=Vessel Heading(127250): values=Heading=(93.47 deg) Deviation=(None) Variation=(None) Reference=("1")

0  : pgn=127245 line=Rx 10344179 09 f1 0d 00 00 f8 ff 7f 00 00 ff ff
source=0: pgn=Rudder(127245): values=Instance=(0) DirectionOrder=("0") AngleOrder=(None) Position=(0.00 deg)

32 : pgn=128259 line=Rx 10344181 09 f5 03 20 cd 32 01 ff ff ff ff ff
source=32: pgn=Speed(128259): values=SpeedWaterReferenced=(3.06 m/s) SpeedGroundReferenced=(None) SpeedWaterReferencedType=(None) SpeedDirection=(None)

0  : pgn=65359  line=Rx 10344186 1c ff 4f 00 3b 9f ff ff ff ba 3f ff
source=0: pgn=Seatalk: Pilot Heading(65359): values=ManufacturerCode=(1851) IndustryCode=(4) HeadingTrue=(None) HeadingMagnetic=(93.47 deg)

3  : pgn=129025 line=Tx 10344207 09 f8 01 03 5c 66 6f 1c df b3 fd b6
source=3: pgn=Position, Rapid Update(129025): values=Latitude=(47.706274799999996 deg) Longitude=(-122.48873289999999 deg)

0  : pgn=127250 line=Rx 10344279 09 f1 12 00 ff e9 3f ff 7f ff 7f fd
source=0: pgn=Vessel Heading(127250): values=Heading=(93.74 deg) Deviation=(None) Variation=(None) Reference=("1")

0  : pgn=127245 line=Rx 10344279 09 f1 0d 00 00 f8 ff 7f 00 00 ff ff
source=0: pgn=Rudder(127245): values=Instance=(0) DirectionOrder=("0") AngleOrder=(None) Position=(0.00 deg)

32 : pgn=128259 line=Rx 10344281 09 f5 03 20 ce 35 01 ff ff ff ff ff
source=32: pgn=Speed(128259): values=SpeedWaterReferenced=(3.09 m/s) SpeedGroundReferenced=(None) SpeedWaterReferencedType=(None) SpeedDirection=(None)

0  : pgn=65359  line=Rx 10344289 1c ff 4f 00 3b 9f ff ff ff e9 3f ff
source=0: pgn=Seatalk: Pilot Heading(65359): values=ManufacturerCode=(1851) IndustryCode=(4) HeadingTrue=(None) HeadingMagnetic=(93.74 deg)

3  : pgn=129026 line=Tx 10344308 09 f8 02 03 ff fc 6d 46 59 01 ff ff
source=3: pgn=COG & SOG, Rapid Update(129026): values=COGReference=("0") COG=(103.30 deg) SOG=(3.45 m/s)

3  : pgn=130577 line=Tx 10344308 0d fe 11 03 c0 0e c0 97 6d 46 59 01
3  : pgn=130577 line=Tx 10344308 0d fe 11 03 c1 ff ff ff ff b5 33 38
3  : pgn=130577 line=Tx 10344308 0d fe 11 03 c2 00 ff ff ff ff ff ff
3  : pgn=129025 line=Tx 10344308 09 f8 01 03 5c 66 6f 1c df b3 fd b6
3  : pgn=130306 line=Tx 10344308 09 fd 02 03 ff 4c 03 36 cd fa ff ff
source=3: pgn=Wind Data(130306): values=WindSpeed=(8.44 m/s) WindAngle=(301.00 deg) Reference=("2")

0  : pgn=127250 line=Rx 10344379 09 f1 12 00 ff 0e 40 ff 7f ff 7f fd
source=0: pgn=Vessel Heading(127250): values=Heading=(93.95 deg) Deviation=(None) Variation=(None) Reference=("1")

0  : pgn=127245 line=Rx 10344379 09 f1 0d 00 00 f8 ff 7f 00 00 ff ff
source=0: pgn=Rudder(127245): values=Instance=(0) DirectionOrder=("0") AngleOrder=(None) Position=(0.00 deg)

32 : pgn=128259 line=Rx 10344380 09 f5 03 20 cf 38 01 ff ff ff ff ff
source=32: pgn=Speed(128259): values=SpeedWaterReferenced=(3.12 m/s) SpeedGroundReferenced=(None) SpeedWaterReferencedType=(None) SpeedDirection=(None)

0  : pgn=65359  line=Rx 10344386 1c ff 4f 00 3b 9f ff ff ff 0e 40 ff
source=0: pgn=Seatalk: Pilot Heading(65359): values=ManufacturerCode=(1851) IndustryCode=(4) HeadingTrue=(None) HeadingMagnetic=(93.95 deg)

4  : pgn=65384  line=Rx 10344403 1c ff 68 04 3b 9f 00 00 00 00 00 00
3  : pgn=129283 line=Tx 10344408 0d f9 03 03 ff 7f ff ff ff 7f ff ff
source=3: pgn=Cross Track Error(129283): values=XTEmode=(None) NavigationTerminated=("1") XTE=(None)

3  : pgn=129025 line=Tx 10344408 09 f8 01 03 2f 66 6f 1c 58 b4 fd b6
source=3: pgn=Position, Rapid Update(129025): values=Latitude=(47.7062703 deg) Longitude=(-122.4887208 deg)

3  : pgn=128267 line=Tx 10344408 0d f5 0b 03 ff b6 3d 00 00 00 00 ff
source=3: pgn=Water Depth(128267): values=Depth=(157.98 m) Offset=(0.0 m) Range=(None)

0  : pgn=127250 line=Rx 10344479 09 f1 12 00 ff 3a 40 ff 7f ff 7f fd
source=0: pgn=Vessel Heading(127250): values=Heading=(94.21 deg) Deviation=(None) Variation=(None) Reference=("1")

0  : pgn=127245 line=Rx 10344479 09 f1 0d 00 00 f8 ff 7f 00 00 ff ff
source=0: pgn=Rudder(127245): values=Instance=(0) DirectionOrder=("0") AngleOrder=(None) Position=(0.00 deg)

32 : pgn=128259 line=Rx 10344480 09 f5 03 20 d0 3a 01 ff ff ff ff ff
source=32: pgn=Speed(128259): values=SpeedWaterReferenced=(3.14 m/s) SpeedGroundReferenced=(None) SpeedWaterReferencedType=(None) SpeedDirection=(None)

0  : pgn=65359  line=Rx 10344489 1c ff 4f 00 3b 9f ff ff ff 3a 40 ff
source=0: pgn=Seatalk: Pilot Heading(65359): values=ManufacturerCode=(1851) IndustryCode=(4) HeadingTrue=(None) HeadingMagnetic=(94.21 deg)

3  : pgn=129026 line=Tx 10344508 09 f8 02 03 ff fc 5c 46 5a 01 ff ff
source=3: pgn=COG & SOG, Rapid Update(129026): values=COGReference=("0") COG=(103.20 deg) SOG=(3.46 m/s)

3  : pgn=129025 line=Tx 10344508 09 f8 01 03 2f 66 6f 1c 58 b4 fd b6
source=3: pgn=Position, Rapid Update(129025): values=Latitude=(47.7062703 deg) Longitude=(-122.4887208 deg)

3  : pgn=129542 line=Tx 10344508 19 fa 06 03 c0 0f 97 8e 01 00 00 00
3  : pgn=129542 line=Tx 10344508 19 fa 06 03 c1 00 00 00 00 00 00 00
3  : pgn=129542 line=Tx 10344508 19 fa 06 03 c2 00 00 ff ff ff ff ff
3  : pgn=65364  line=Tx 10344508 1c ff 54 03 3b 9f 4c 03 36 cd ff ff
0  : pgn=127250 line=Rx 10344579 09 f1 12 00 ff 6e 40 ff 7f ff 7f fd
source=0: pgn=Vessel Heading(127250): values=Heading=(94.50 deg) Deviation=(None) Variation=(None) Reference=("1")

32 : pgn=128259 line=Rx 10344579 09 f5 03 20 d1 3c 01 ff ff ff ff ff
source=32: pgn=Speed(128259): values=SpeedWaterReferenced=(3.16 m/s) SpeedGroundReferenced=(None) SpeedWaterReferencedType=(None) SpeedDirection=(None)

0  : pgn=127245 line=Rx 10344580 09 f1 0d 00 00 f8 ff 7f 00 00 ff ff
source=0: pgn=Rudder(127245): values=Instance=(0) DirectionOrder=("0") AngleOrder=(None) Position=(0.00 deg)

0  : pgn=65379  line=Rx 10344586 1c ff 63 00 3b 9f 00 00 00 00 01 ff
source=0: pgn=Seatalk: Pilot Mode(65379): values=ManufacturerCode=(1851) IndustryCode=(4) PilotMode=(0) SubMode=(0) PilotModeData=(0)

0  : pgn=65359  line=Rx 10344587 1c ff 4f 00 3b 9f ff ff ff 6e 40 ff
source=0: pgn=Seatalk: Pilot Heading(65359): values=ManufacturerCode=(1851) IndustryCode=(4) HeadingTrue=(None) HeadingMagnetic=(94.50 deg)

0  : pgn=126975 line=Rx 10344594 1d ef ff 00 20 0d 3b 9f f0 81 84 56
0  : pgn=126975 line=Rx 10344596 1d ef ff 00 21 42 09 00 00 00 02 05
3  : pgn=129540 line=Tx 10344608 19 fa 04 03 00 9f b9 ff 0d 03 97 1a
source=3: pgn=GNSS Sats in View(129540): values=RangeResidualMode=(None) SatsinView=(185) PRN=(None) Elevation=(4.47 deg) Azimuth=(39.00 deg) SNR=(0.0 dB) Rangeresiduals=(0) Status=("0")

3  : pgn=129540 line=Tx 10344608 19 fa 04 03 01 2e 26 00 00 00 00 00
source=3: pgn=GNSS Sats in View(129540): values=RangeResidualMode=("0") SatsinView=(38) PRN=(0) Elevation=(0.00 deg) Azimuth=(0.00 deg) SNR=(0.0 dB) Rangeresiduals=(0) Status=("0")

3  : pgn=129540 line=Tx 10344608 19 fa 04 03 02 00 f3 0f ff 1d ad 3c
source=3: pgn=GNSS Sats in View(129540): values=RangeResidualMode=("0") SatsinView=(243) PRN=(15) Elevation=(44.00 deg) Azimuth=(89.00 deg) SNR=(0.0 dB) Rangeresiduals=(0) Status=("0")

3  : pgn=129540 line=Tx 10344608 19 fa 04 03 03 80 0c 00 00 00 00 f5
source=3: pgn=GNSS Sats in View(129540): values=RangeResidualMode=("0") SatsinView=(12) PRN=(0) Elevation=(0.00 deg) Azimuth=(359.36 deg) SNR=(0.0 dB) Rangeresiduals=(0) Status=("0")

3  : pgn=129540 line=Tx 10344608 19 fa 04 03 04 10 17 13 c2 b8 f0 0a
source=3: pgn=GNSS Sats in View(129540): values=RangeResidualMode=("0") SatsinView=(23) PRN=(19) Elevation=(-104.50 deg) Azimuth=(16.04 deg) SNR=(0.0 dB) Rangeresiduals=(0) Status=("0")

3  : pgn=129540 line=Tx 10344608 19 fa 04 03 05 00 00 00 00 f5 12 c5
source=3: pgn=GNSS Sats in View(129540): values=RangeResidualMode=("0") SatsinView=(0) PRN=(0) Elevation=(-16.13 deg) Azimuth=(289.06 deg) SNR=(0.0 dB) Rangeresiduals=(0) Status=("0")

3  : pgn=129540 line=Tx 10344608 19 fa 04 03 06 31 f2 93 80 0c 00 00
source=3: pgn=GNSS Sats in View(129540): values=RangeResidualMode=("1") SatsinView=(242) PRN=(147) Elevation=(18.33 deg) Azimuth=(0.00 deg) SNR=(0.0 dB) Rangeresiduals=(0) Status=("0")

3  : pgn=129540 line=Tx 10344608 19 fa 04 03 07 00 00 f5 13 69 03 1f
source=3: pgn=GNSS Sats in View(129540): values=RangeResidualMode=("0") SatsinView=(0) PRN=(245) Elevation=(154.12 deg) Azimuth=(45.49 deg) SNR=(0.0 dB) Rangeresiduals=(0) Status=("0")

3  : pgn=129540 line=Tx 10344608 19 fa 04 03 08 d8 a0 0f 00 00 00 00
source=3: pgn=GNSS Sats in View(129540): values=RangeResidualMode=("0") SatsinView=(160) PRN=(15) Elevation=(0.00 deg) Azimuth=(0.00 deg) SNR=(0.0 dB) Rangeresiduals=(0) Status=("0")

3  : pgn=129540 line=Tx 10344608 19 fa 04 03 09 f5 15 e8 37 68 21 ac
source=3: pgn=GNSS Sats in View(129540): values=RangeResidualMode=("1") SatsinView=(21) PRN=(232) Elevation=(152.86 deg) Azimuth=(252.47 deg) SNR=(0.0 dB) Rangeresiduals=(0) Status=("0")

3  : pgn=129540 line=Tx 10344608 19 fa 04 03 0a 0d 00 00 00 00 f5 16
source=3: pgn=GNSS Sats in View(129540): values=RangeResidualMode=("1") SatsinView=(0) PRN=(0) Elevation=(0.00 deg) Azimuth=(33.67 deg) SNR=(0.0 dB) Rangeresiduals=(0) Status=("0")

3  : pgn=129540 line=Tx 10344610 19 fa 04 03 0b 80 16 cf 9c 04 10 00
source=3: pgn=GNSS Sats in View(129540): values=RangeResidualMode=("0") SatsinView=(22) PRN=(207) Elevation=(6.76 deg) Azimuth=(0.09 deg) SNR=(0.0 dB) Rangeresiduals=(0) Status=("0")

3  : pgn=129540 line=Tx 10344611 19 fa 04 03 0c 00 00 00 f5 1a ae 0f
source=3: pgn=GNSS Sats in View(129540): values=RangeResidualMode=("0") SatsinView=(0) PRN=(0) Elevation=(39.54 deg) Azimuth=(23.00 deg) SNR=(0.0 dB) Rangeresiduals=(0) Status=("0")

3  : pgn=129540 line=Tx 10344612 19 fa 04 03 0d 5d 1f 80 0c 00 00 00
source=3: pgn=GNSS Sats in View(129540): values=RangeResidualMode=("1") SatsinView=(31) PRN=(128) Elevation=(0.07 deg) Azimuth=(0.00 deg) SNR=(0.0 dB) Rangeresiduals=(0) Status=("0")

3  : pgn=129540 line=Tx 10344612 19 fa 04 03 0e 00 f5 1b d1 15 ab d2
source=3: pgn=GNSS Sats in View(129540): values=RangeResidualMode=("0") SatsinView=(245) PRN=(27) Elevation=(32.00 deg) Azimuth=(309.00 deg) SNR=(0.0 dB) Rangeresiduals=(0) Status=("0")

3  : pgn=129540 line=Tx 10344613 19 fa 04 03 0f a0 0f 00 00 00 00 f5
source=3: pgn=GNSS Sats in View(129540): values=RangeResidualMode=("0") SatsinView=(15) PRN=(0) Elevation=(0.00 deg) Azimuth=(359.36 deg) SNR=(0.0 dB) Rangeresiduals=(0) Status=("0")

3  : pgn=129540 line=Tx 10344614 19 fa 04 03 10 1d 00 0f a1 67 80 0c
source=3: pgn=GNSS Sats in View(129540): values=RangeResidualMode=("1") SatsinView=(0) PRN=(15) Elevation=(152.00 deg) Azimuth=(18.33 deg) SNR=(0.0 dB) Rangeresiduals=(0) Status=("0")

3  : pgn=129540 line=Tx 10344615 19 fa 04 03 11 00 00 00 00 f5 23 d1
source=3: pgn=GNSS Sats in View(129540): values=RangeResidualMode=("0") SatsinView=(0) PRN=(0) Elevation=(-16.13 deg) Azimuth=(306.76 deg) SNR=(0.0 dB) Rangeresiduals=(0) Status=("0")

3  : pgn=129540 line=Tx 10344617 19 fa 04 03 12 15 c3 8b 00 00 00 00
source=3: pgn=GNSS Sats in View(129540): values=RangeResidualMode=("1") SatsinView=(195) PRN=(139) Elevation=(0.00 deg) Azimuth=(0.00 deg) SNR=(0.0 dB) Rangeresiduals=(0) Status=("0")

3  : pgn=129540 line=Tx 10344617 19 fa 04 03 13 00 00 f3 30 2e 17 43
source=3: pgn=GNSS Sats in View(129540): values=RangeResidualMode=("0") SatsinView=(0) PRN=(243) Elevation=(67.75 deg) Azimuth=(98.41 deg) SNR=(0.0 dB) Rangeresiduals=(0) Status=("0")

3  : pgn=129540 line=Tx 10344618 19 fa 04 03 14 84 74 0e 00 00 00 00
source=3: pgn=GNSS Sats in View(129540): values=RangeResidualMode=("0") SatsinView=(116) PRN=(14) Elevation=(0.00 deg) Azimuth=(0.00 deg) SNR=(0.0 dB) Rangeresiduals=(0) Status=("0")

3  : pgn=129540 line=Tx 10344619 19 fa 04 03 15 f5 33 80 16 67 6c 10
source=3: pgn=GNSS Sats in View(129540): values=RangeResidualMode=("1") SatsinView=(51) PRN=(128) Elevation=(151.20 deg) Azimuth=(24.09 deg) SNR=(0.0 dB) Rangeresiduals=(0) Status=("0")

3  : pgn=129540 line=Tx 10344620 19 fa 04 03 16 0e 00 00 00 00 f5 ff
source=3: pgn=GNSS Sats in View(129540): values=RangeResidualMode=("0") SatsinView=(0) PRN=(0) Elevation=(0.00 deg) Azimuth=(375.43 deg) SNR=(0.0 dB) Rangeresiduals=(0) Status=("0")

3  : pgn=129025 line=Tx 10344621 09 f8 01 03 2f 66 6f 1c 58 b4 fd b6
source=3: pgn=Position, Rapid Update(129025): values=Latitude=(47.7062703 deg) Longitude=(-122.4887208 deg)

3  : pgn=127258 line=Tx 10344621 19 f1 1a 03 ff f6 12 39 fa 0a ff ff
source=3: pgn=Magnetic Variation(127258): values=Source=("6") Ageofservice=(14610 d) Variation=(16.10 deg)

0  : pgn=127250 line=Rx 10344679 09 f1 12 00 ff 8e 40 ff 7f ff 7f fd
source=0: pgn=Vessel Heading(127250): values=Heading=(94.69 deg) Deviation=(None) Variation=(None) Reference=("1")

32 : pgn=128259 line=Rx 10344679 09 f5 03 20 d2 3b 01 ff ff ff ff ff
source=32: pgn=Speed(128259): values=SpeedWaterReferenced=(3.15 m/s) SpeedGroundReferenced=(None) SpeedWaterReferencedType=(None) SpeedDirection=(None)

0  : pgn=127245 line=Rx 10344680 09 f1 0d 00 00 f8 ff 7f 00 00 ff ff
source=0: pgn=Rudder(127245): values=Instance=(0) DirectionOrder=("0") AngleOrder=(None) Position=(0.00 deg)

0  : pgn=65359  line=Rx 10344688 1c ff 4f 00 3b 9f ff ff ff 8e 40 ff
source=0: pgn=Seatalk: Pilot Heading(65359): values=ManufacturerCode=(1851) IndustryCode=(4) HeadingTrue=(None) HeadingMagnetic=(94.69 deg)

0  : pgn=126975 line=Rx 10344707 1d ef ff 00 40 09 3b 9f f0 81 ae 02
0  : pgn=126975 line=Rx 10344709 1d ef ff 00 41 00 08 00 ff ff ff ff
3  : pgn=129026 line=Tx 10344709 09 f8 02 03 ff fc 4a 46 58 01 ff ff
source=3: pgn=COG & SOG, Rapid Update(129026): values=COGReference=("0") COG=(103.10 deg) SOG=(3.44 m/s)

3  : pgn=129025 line=Tx 10344710 09 f8 01 03 19 66 6f 1c 8d b4 fd b6
source=3: pgn=Position, Rapid Update(129025): values=Latitude=(47.706268099999996 deg) Longitude=(-122.4887155 deg)

1  : pgn=129038 line=Rx 10344711 11 f8 0e 01 00 1b c1 18 97 f4 15 e7
1  : pgn=129038 line=Rx 10344712 11 f8 0e 01 01 81 10 b7 e3 7c 67 1c
1  : pgn=129038 line=Rx 10344713 11 f8 0e 01 02 77 f7 9a 00 00 00 00
source=1: pgn=AIS Class A Position Report(129038): values=MessageID=(2) RepeatIndicator=("0") UserID=(10155895) Longitude=(0.0 deg) Latitude=(0.0 deg) PositionAccuracy=("0") RAIM=("0") TimeStamp=("0") COG=(0.00 deg) SOG=(0.0 m/s) CommunicationState=(0) AISTransceiverinformation=("0") Heading=(0.00 deg) RateofTurn=(0.00 deg/s) NavStatus=("0") SpecialManeuverIndicator=("0") Spare=(0) SequenceID=(0)

1  : pgn=129038 line=Rx 10344714 11 f8 0e 01 03 00 ff ff ff 7f f0 fe
source=1: pgn=AIS Class A Position Report(129038): values=MessageID=(3) RepeatIndicator=("0") UserID=(4294967040) Longitude=(0.0 deg) Latitude=(0.0 deg) PositionAccuracy=("0") RAIM=("0") TimeStamp=("0") COG=(0.00 deg) SOG=(0.0 m/s) CommunicationState=(0) AISTransceiverinformation=("0") Heading=(0.00 deg) RateofTurn=(0.00 deg/s) NavStatus=("0") SpecialManeuverIndicator=("0") Spare=(0) SequenceID=(0)

1  : pgn=129793 line=Rx 10344743 1d fb 01 01 80 1a 04 a2 fc 37 00 a6
1  : pgn=129793 line=Rx 10344743 1d fb 01 01 81 13 19 b7 a1 8b 61 1c
1  : pgn=129793 line=Rx 10344744 1d fb 01 01 82 ff d0 b8 13 2c 00 00
1  : pgn=129793 line=Rx 10344744 1d fb 01 01 83 08 06 40 ff 00 fc ff
32 : pgn=128259 line=Rx 10344778 09 f5 03 20 d3 44 01 ff ff ff ff ff
source=32: pgn=Speed(128259): values=SpeedWaterReferenced=(3.24 m/s) SpeedGroundReferenced=(None) SpeedWaterReferencedType=(None) SpeedDirection=(None)

0  : pgn=127250 line=Rx 10344779 09 f1 12 00 ff bf 40 ff 7f ff 7f fd
source=0: pgn=Vessel Heading(127250): values=Heading=(94.97 deg) Deviation=(None) Variation=(None) Reference=("1")

0  : pgn=127245 line=Rx 10344782 09 f1 0d 00 00 f8 ff 7f 00 00 ff ff
source=0: pgn=Rudder(127245): values=Instance=(0) DirectionOrder=("0") AngleOrder=(None) Position=(0.00 deg)

0  : pgn=65359  line=Rx 10344788 1c ff 4f 00 3b 9f ff ff ff bf 40 ff
source=0: pgn=Seatalk: Pilot Heading(65359): values=ManufacturerCode=(1851) IndustryCode=(4) HeadingTrue=(None) HeadingMagnetic=(94.97 deg)

3  : pgn=129029 line=Tx 10344810 0d f8 05 03 c0 2b 97 06 40 f0 06 14
3  : pgn=129029 line=Tx 10344810 0d f8 05 03 c1 2c 00 ba 99 14 fb dd
3  : pgn=129029 line=Tx 10344810 0d f8 05 03 c2 9e 06 00 42 49 4c 9f
3  : pgn=129029 line=Tx 10344810 0d f8 05 03 c3 53 00 ef ff ff ff ff
3  : pgn=129029 line=Tx 10344810 0d f8 05 03 c4 ff ff ff 7f 23 fc 09
3  : pgn=129029 line=Tx 10344810 0d f8 05 03 c5 55 00 ff 7f ff ff ff
3  : pgn=129029 line=Tx 10344810 0d f8 05 03 c6 7f 00 ff ff ff ff ff
3  : pgn=129025 line=Tx 10344810 09 f8 01 03 19 66 6f 1c 8d b4 fd b6
source=3: pgn=Position, Rapid Update(129025): values=Latitude=(47.706268099999996 deg) Longitude=(-122.4887155 deg)

3  : pgn=129033 line=Tx 10344810 0d f8 09 03 06 40 f0 06 14 2c 5c fe
source=3: pgn=Time & Date(129033): values=Date=(16390 d) Time=(73951.0 s) LocalOffset=(-25200.0 s)

32 : pgn=128259 line=Rx 10344878 09 f5 03 20 d4 34 01 ff ff ff ff ff
source=32: pgn=Speed(128259): values=SpeedWaterReferenced=(3.08 m/s) SpeedGroundReferenced=(None) SpeedWaterReferencedType=(None) SpeedDirection=(None)

0  : pgn=127250 line=Rx 10344885 09 f1 12 00 ff e7 40 ff 7f ff 7f fd
source=0: pgn=Vessel Heading(127250): values=Heading=(95.20 deg) Deviation=(None) Variation=(None) Reference=("1")

0  : pgn=127245 line=Rx 10344886 09 f1 0d 00 00 f8 ff 7f 00 00 ff ff
source=0: pgn=Rudder(127245): values=Instance=(0) DirectionOrder=("0") AngleOrder=(None) Position=(0.00 deg)

0  : pgn=65359  line=Rx 10344892 1c ff 4f 00 3b 9f ff ff ff e7 40 ff
source=0: pgn=Seatalk: Pilot Heading(65359): values=ManufacturerCode=(1851) IndustryCode=(4) HeadingTrue=(None) HeadingMagnetic=(95.20 deg)

3  : pgn=129026 line=Tx 10344911 09 f8 02 03 ff fc 4a 46 58 01 ff ff
source=3: pgn=COG & SOG, Rapid Update(129026): values=COGReference=("0") COG=(103.10 deg) SOG=(3.44 m/s)

3  : pgn=129025 line=Tx 10344911 09 f8 01 03 19 66 6f 1c 8d b4 fd b6
source=3: pgn=Position, Rapid Update(129025): values=Latitude=(47.706268099999996 deg) Longitude=(-122.4887155 deg)

3  : pgn=126992 line=Tx 10344911 0d f0 10 03 ff ff 06 40 f0 06 14 2c
source=3: pgn=System Time(126992): values=Source=(None) Date=(16390 d) Time=(73951.0 s)

32 : pgn=128259 line=Rx 10344977 09 f5 03 20 d5 32 01 ff ff ff ff ff
source=32: pgn=Speed(128259): values=SpeedWaterReferenced=(3.06 m/s) SpeedGroundReferenced=(None) SpeedWaterReferencedType=(None) SpeedDirection=(None)

0  : pgn=127250 line=Rx 10344981 09 f1 12 00 ff f6 40 ff 7f ff 7f fd
source=0: pgn=Vessel Heading(127250): values=Heading=(95.28 deg) Deviation=(None) Variation=(None) Reference=("1")

0  : pgn=127245 line=Rx 10344981 09 f1 0d 00 00 f8 ff 7f 00 00 ff ff
source=0: pgn=Rudder(127245): values=Instance=(0) DirectionOrder=("0") AngleOrder=(None) Position=(0.00 deg)

0  : pgn=65359  line=Rx 10344986 1c ff 4f 00 3b 9f ff ff ff f6 40 ff
source=0: pgn=Seatalk: Pilot Heading(65359): values=ManufacturerCode=(1851) IndustryCode=(4) HeadingTrue=(None) HeadingMagnetic=(95.28 deg)

3  : pgn=129025 line=Tx 10345011 09 f8 01 03 f9 65 6f 1c 28 b5 fd b6
source=3: pgn=Position, Rapid Update(129025): values=Latitude=(47.7062649 deg) Longitude=(-122.4887 deg)

1  : pgn=129809 line=Rx 10345016 19 fb 11 01 20 19 18 72 03 e3 15 57
1  : pgn=129809 line=Rx 10345017 19 fb 11 01 21 4f 4e 44 45 52 4c 41
1  : pgn=129809 line=Rx 10345017 19 fb 11 01 22 4e 44 20 20 20 20 20
1  : pgn=129809 line=Rx 10345018 19 fb 11 01 23 20 20 20 20 20 ff ff
1  : pgn=130842 line=Rx 10345018 19 ff 1a 01 e0 1d 41 9f 00 00 00 72
1  : pgn=130842 line=Rx 10345019 19 ff 1a 01 e1 03 e3 15 57 4f 4e 44
1  : pgn=130842 line=Rx 10345019 19 ff 1a 01 e2 45 52 4c 41 4e 44 20
1  : pgn=130842 line=Rx 10345020 19 ff 1a 01 e3 20 20 20 20 20 20 20
1  : pgn=130842 line=Rx 10345020 19 ff 1a 01 e4 20 20 ff ff ff ff ff
4  : pgn=126975 line=Rx 10345064 1d ef ff 04 00 07 3b 9f f0 81 90 00
4  : pgn=126975 line=Rx 10345065 1d ef ff 04 01 03 ff ff ff ff ff ff
0  : pgn=127250 line=Rx 10345078 09 f1 12 00 ff 04 41 ff 7f ff 7f fd
source=0: pgn=Vessel Heading(127250): values=Heading=(95.36 deg) Deviation=(None) Variation=(None) Reference=("1")

32 : pgn=128259 line=Rx 10345079 09 f5 03 20 d6 3c 01 ff ff ff ff ff
source=32: pgn=Speed(128259): values=SpeedWaterReferenced=(3.16 m/s) SpeedGroundReferenced=(None) SpeedWaterReferencedType=(None) SpeedDirection=(None)

0  : pgn=127245 line=Rx 10345079 09 f1 0d 00 00 f8 ff 7f 00 00 ff ff
source=0: pgn=Rudder(127245): values=Instance=(0) DirectionOrder=("0") AngleOrder=(None) Position=(0.00 deg)

32 : pgn=130310 line=Rx 10345082 15 fd 06 20 df ff ff ff ff ff ff ff
source=32: pgn=Environmental Parameters (obsolete)(130310): values=WaterTemperature=(None) OutsideAmbientAirTemperature=(None) AtmosphericPressure=(None)

0  : pgn=65359  line=Rx 10345089 1c ff 4f 00 3b 9f ff ff ff 04 41 ff
source=0: pgn=Seatalk: Pilot Heading(65359): values=ManufacturerCode=(1851) IndustryCode=(4) HeadingTrue=(None) HeadingMagnetic=(95.36 deg)

32 : pgn=128275 line=Rx 10345092 19 f5 13 20 20 0e ff ff ff ff ff ff
32 : pgn=128275 line=Rx 10345097 19 f5 13 20 21 20 ae 3c 00 20 ae 3c
32 : pgn=128275 line=Rx 10345102 19 f5 13 20 22 00 ff ff ff ff ff ff
0  : pgn=126975 line=Rx 10345103 1d ef ff 00 60 08 3b 9f f0 81 9c d1
0  : pgn=126975 line=Rx 10345103 1d ef ff 00 61 02 00 ff ff ff ff ff
3  : pgn=129026 line=Tx 10345112 09 f8 02 03 ff fc 5c 46 57 01 ff ff
source=3: pgn=COG & SOG, Rapid Update(129026): values=COGReference=("0") COG=(103.20 deg) SOG=(3.43 m/s)

3  : pgn=129025 line=Tx 10345112 09 f8 01 03 f9 65 6f 1c 28 b5 fd b6
source=3: pgn=Position, Rapid Update(129025): values=Latitude=(47.7062649 deg) Longitude=(-122.4887 deg)

3  : pgn=129291 line=Tx 10345112 0d f9 0b 03 ff fc 4a 26 39 00 ff ff
source=3: pgn=Set & Drift, Rapid Update(129291): values=SetReference=("0") Set=(56.16 deg) Drift=(0.5700000000000001 m/s)

1  : pgn=59936  line=Rx 10345137 18 ea 20 01 00 ee 00 00 00 00 00 00
1  : pgn=129038 line=Rx 10345166 11 f8 0e 01 20 1b c1 da 4c dc 15 ff
1  : pgn=129038 line=Rx 10345167 11 f8 0e 01 21 34 08 b7 0e 70 5f 1c
1  : pgn=129038 line=Rx 10345167 11 f8 0e 01 22 7d fc b3 98 03 00 00
1  : pgn=129038 line=Rx 10345168 11 f8 0e 01 23 00 ab b4 00 00 ff fe
32 : pgn=128259 line=Rx 10345176 09 f5 03 20 d7 2c 01 ff ff ff ff ff
0  : pgn=127250 line=Rx 10345181 09 f1 12 00 ff 0a 41 ff 7f ff 7f fd
source=0: pgn=Vessel Heading(127250): values=Heading=(95.40 deg) Deviation=(None) Variation=(None) Reference=("1")

0  : pgn=127245 line=Rx 10345182 09 f1 0d 00 00 f8 ff 7f 00 00 ff ff
source=0: pgn=Rudder(127245): values=Instance=(0) DirectionOrder=("0") AngleOrder=(None) Position=(0.00 deg)

0  : pgn=65359  line=Rx 10345186 1c ff 4f 00 3b 9f ff ff ff 0a 41 ff
source=0: pgn=Seatalk: Pilot Heading(65359): values=ManufacturerCode=(1851) IndustryCode=(4) HeadingTrue=(None) HeadingMagnetic=(95.40 deg)

3  : pgn=129025 line=Tx 10345213 09 f8 01 03 e7 65 6f 1c 78 b5 fd b6
source=3: pgn=Position, Rapid Update(129025): values=Latitude=(47.7062631 deg) Longitude=(-122.488692 deg)

32 : pgn=128259 line=Rx 10345276 09 f5 03 20 d8 2d 01 ff ff ff ff ff
source=32: pgn=Speed(128259): values=SpeedWaterReferenced=(3.0100000000000002 m/s) SpeedGroundReferenced=(None) SpeedWaterReferencedType=(None) SpeedDirection=(None)

0  : pgn=127250 line=Rx 10345281 09 f1 12 00 ff 0b 41 ff 7f ff 7f fd
source=0: pgn=Vessel Heading(127250): values=Heading=(95.40 deg) Deviation=(None) Variation=(None) Reference=("1")

0  : pgn=127245 line=Rx 10345281 09 f1 0d 00 00 f8 ff 7f 00 00 ff ff
source=0: pgn=Rudder(127245): values=Instance=(0) DirectionOrder=("0") AngleOrder=(None) Position=(0.00 deg)

0  : pgn=65359  line=Rx 10345289 1c ff 4f 00 3b 9f ff ff ff 0b 41 ff
source=0: pgn=Seatalk: Pilot Heading(65359): values=ManufacturerCode=(1851) IndustryCode=(4) HeadingTrue=(None) HeadingMagnetic=(95.40 deg)

3  : pgn=129026 line=Tx 10345313 09 f8 02 03 ff fc 6d 46 57 01 ff ff
source=3: pgn=COG & SOG, Rapid Update(129026): values=COGReference=("0") COG=(103.30 deg) SOG=(3.43 m/s)

3  : pgn=130577 line=Tx 10345313 0d fe 11 03 e0 0e c0 98 6d 46 57 01
3  : pgn=130577 line=Tx 10345313 0d fe 11 03 e1 ff ff ff ff 4a 26 39
3  : pgn=130577 line=Tx 10345313 0d fe 11 03 e2 00 ff ff ff ff ff ff
3  : pgn=129025 line=Tx 10345313 09 f8 01 03 e7 65 6f 1c 78 b5 fd b6
3  : pgn=130306 line=Tx 10345313 09 fd 02 03 ff 4c 03 71 c8 fa ff ff
source=3: pgn=Wind Data(130306): values=WindSpeed=(8.44 m/s) WindAngle=(294.00 deg) Reference=("2")

32 : pgn=128259 line=Rx 10345376 09 f5 03 20 d9 3a 01 ff ff ff ff ff
source=32: pgn=Speed(128259): values=SpeedWaterReferenced=(3.14 m/s) SpeedGroundReferenced=(None) SpeedWaterReferencedType=(None) SpeedDirection=(None)

0  : pgn=127250 line=Rx 10345381 09 f1 12 00 ff 08 41 ff 7f ff 7f fd
source=0: pgn=Vessel Heading(127250): values=Heading=(95.39 deg) Deviation=(None) Variation=(None) Reference=("1")

0  : pgn=127245 line=Rx 10345382 09 f1 0d 00 00 f8 ff 7f 00 00 ff ff
source=0: pgn=Rudder(127245): values=Instance=(0) DirectionOrder=("0") AngleOrder=(None) Position=(0.00 deg)

0  : pgn=65359  line=Rx 10345386 1c ff 4f 00 3b 9f ff ff ff 08 41 ff
source=0: pgn=Seatalk: Pilot Heading(65359): values=ManufacturerCode=(1851) IndustryCode=(4) HeadingTrue=(None) HeadingMagnetic=(95.39 deg)

4  : pgn=65384  line=Rx 10345403 1c ff 68 04 3b 9f 00 00 00 00 00 00
3  : pgn=129283 line=Tx 10345413 0d f9 03 03 ff 7f ff ff ff 7f ff ff
source=3: pgn=Cross Track Error(129283): values=XTEmode=(None) NavigationTerminated=("1") XTE=(None)

3  : pgn=129025 line=Tx 10345413 09 f8 01 03 e7 65 6f 1c 78 b5 fd b6
source=3: pgn=Position, Rapid Update(129025): values=Latitude=(47.7062631 deg) Longitude=(-122.488692 deg)

3  : pgn=128267 line=Tx 10345413 0d f5 0b 03 ff b9 3d 00 00 00 00 ff
source=3: pgn=Water Depth(128267): values=Depth=(158.01 m) Offset=(0.0 m) Range=(None)

32 : pgn=128259 line=Rx 10345475 09 f5 03 20 da 2d 01 ff ff ff ff ff
source=32: pgn=Speed(128259): values=SpeedWaterReferenced=(3.0100000000000002 m/s) SpeedGroundReferenced=(None) SpeedWaterReferencedType=(None) SpeedDirection=(None)

0  : pgn=127250 line=Rx 10345481 09 f1 12 00 ff 05 41 ff 7f ff 7f fd
source=0: pgn=Vessel Heading(127250): values=Heading=(95.37 deg) Deviation=(None) Variation=(None) Reference=("1")

0  : pgn=127245 line=Rx 10345482 09 f1 0d 00 00 f8 ff 7f 00 00 ff ff
source=0: pgn=Rudder(127245): values=Instance=(0) DirectionOrder=("0") AngleOrder=(None) Position=(0.00 deg)

0  : pgn=65359  line=Rx 10345488 1c ff 4f 00 3b 9f ff ff ff 05 41 ff
source=0: pgn=Seatalk: Pilot Heading(65359): values=ManufacturerCode=(1851) IndustryCode=(4) HeadingTrue=(None) HeadingMagnetic=(95.37 deg)

3  : pgn=129026 line=Tx 10345514 09 f8 02 03 ff fc a2 46 57 01 ff ff
source=3: pgn=COG & SOG, Rapid Update(129026): values=COGReference=("0") COG=(103.60 deg) SOG=(3.43 m/s)

3  : pgn=129025 line=Tx 10345514 09 f8 01 03 d5 65 6f 1c cb b5 fd b6
source=3: pgn=Position, Rapid Update(129025): values=Latitude=(47.7062613 deg) Longitude=(-122.4886837 deg)

3  : pgn=129542 line=Tx 10345514 19 fa 06 03 e0 0f 98 77 01 00 00 00
3  : pgn=129542 line=Tx 10345514 19 fa 06 03 e1 00 00 00 00 00 00 00
3  : pgn=129542 line=Tx 10345514 19 fa 06 03 e2 00 00 ff ff ff ff ff
3  : pgn=65364  line=Tx 10345514 1c ff 54 03 3b 9f 4c 03 71 c8 ff ff
1  : pgn=129038 line=Rx 10345533 11 f8 0e 01 40 1b c1 e0 d6 dd 15 0d
1  : pgn=129038 line=Rx 10345534 11 f8 0e 01 41 b6 0d b7 6d ee 63 1c
1  : pgn=129038 line=Rx 10345534 11 f8 0e 01 42 7d 73 23 00 00 00 00
1  : pgn=129038 line=Rx 10345535 11 f8 0e 01 43 00 12 f4 00 00 f0 fe
1  : pgn=129038 line=Rx 10345563 11 f8 0e 01 60 1b c1 7e e1 df 15 72
1  : pgn=129038 line=Rx 10345564 11 f8 0e 01 61 20 0e b7 51 2d 68 1c
1  : pgn=129038 line=Rx 10345564 11 f8 0e 01 62 7d c9 77 00 00 00 00
1  : pgn=129038 line=Rx 10345565 11 f8 0e 01 63 00 68 03 00 00 f0 fe
32 : pgn=128259 line=Rx 10345574 09 f5 03 20 db 2f 01 ff ff ff ff ff
source=32: pgn=Speed(128259): values=SpeedWaterReferenced=(3.0300000000000002 m/s) SpeedGroundReferenced=(None) SpeedWaterReferencedType=(None) SpeedDirection=(None)

0  : pgn=127250 line=Rx 10345581 09 f1 12 00 ff 14 41 ff 7f ff 7f fd
source=0: pgn=Vessel Heading(127250): values=Heading=(95.45 deg) Deviation=(None) Variation=(None) Reference=("1")

0  : pgn=127245 line=Rx 10345581 09 f1 0d 00 00 f8 ff 7f 00 00 ff ff
source=0: pgn=Rudder(127245): values=Instance=(0) DirectionOrder=("0") AngleOrder=(None) Position=(0.00 deg)

0  : pgn=65379  line=Rx 10345586 1c ff 63 00 3b 9f 00 00 00 00 01 ff
source=0: pgn=Seatalk: Pilot Mode(65379): values=ManufacturerCode=(1851) IndustryCode=(4) PilotMode=(0) SubMode=(0) PilotModeData=(0)

0  : pgn=65359  line=Rx 10345587 1c ff 4f 00 3b 9f ff ff ff 14 41 ff
source=0: pgn=Seatalk: Pilot Heading(65359): values=ManufacturerCode=(1851) IndustryCode=(4) HeadingTrue=(None) HeadingMagnetic=(95.45 deg)

0  : pgn=126975 line=Rx 10345594 1d ef ff 00 80 0d 3b 9f f0 81 84 d6
0  : pgn=126975 line=Rx 10345596 1d ef ff 00 81 42 0b 00 00 00 02 05
3  : pgn=129540 line=Tx 10345615 19 fa 04 03 20 9f ba ff 0d 03 97 1a
source=3: pgn=GNSS Sats in View(129540): values=RangeResidualMode=(None) SatsinView=(186) PRN=(None) Elevation=(4.47 deg) Azimuth=(39.00 deg) SNR=(0.0 dB) Rangeresiduals=(0) Status=("0")

3  : pgn=129540 line=Tx 10345615 19 fa 04 03 21 2e 26 00 00 00 00 00
source=3: pgn=GNSS Sats in View(129540): values=RangeResidualMode=("0") SatsinView=(38) PRN=(0) Elevation=(0.00 deg) Azimuth=(0.00 deg) SNR=(0.0 dB) Rangeresiduals=(0) Status=("0")

3  : pgn=129540 line=Tx 10345615 19 fa 04 03 22 00 f3 0f ff 1d ad 3c
source=3: pgn=GNSS Sats in View(129540): values=RangeResidualMode=("0") SatsinView=(243) PRN=(15) Elevation=(44.00 deg) Azimuth=(89.00 deg) SNR=(0.0 dB) Rangeresiduals=(0) Status=("0")

3  : pgn=129540 line=Tx 10345615 19 fa 04 03 23 80 0c 00 00 00 00 f5
source=3: pgn=GNSS Sats in View(129540): values=RangeResidualMode=("0") SatsinView=(12) PRN=(0) Elevation=(0.00 deg) Azimuth=(359.36 deg) SNR=(0.0 dB) Rangeresiduals=(0) Status=("0")

3  : pgn=129540 line=Tx 10345615 19 fa 04 03 24 10 17 13 c2 b8 f0 0a
source=3: pgn=GNSS Sats in View(129540): values=RangeResidualMode=("0") SatsinView=(23) PRN=(19) Elevation=(-104.50 deg) Azimuth=(16.04 deg) SNR=(0.0 dB) Rangeresiduals=(0) Status=("0")

3  : pgn=129540 line=Tx 10345615 19 fa 04 03 25 00 00 00 00 f5 12 c5
source=3: pgn=GNSS Sats in View(129540): values=RangeResidualMode=("0") SatsinView=(0) PRN=(0) Elevation=(-16.13 deg) Azimuth=(289.06 deg) SNR=(0.0 dB) Rangeresiduals=(0) Status=("0")

3  : pgn=129540 line=Tx 10345615 19 fa 04 03 26 31 f2 93 80 0c 00 00
source=3: pgn=GNSS Sats in View(129540): values=RangeResidualMode=("1") SatsinView=(242) PRN=(147) Elevation=(18.33 deg) Azimuth=(0.00 deg) SNR=(0.0 dB) Rangeresiduals=(0) Status=("0")

3  : pgn=129540 line=Tx 10345615 19 fa 04 03 27 00 00 f5 13 69 03 1f
source=3: pgn=GNSS Sats in View(129540): values=RangeResidualMode=("0") SatsinView=(0) PRN=(245) Elevation=(154.12 deg) Azimuth=(45.49 deg) SNR=(0.0 dB) Rangeresiduals=(0) Status=("0")

3  : pgn=129540 line=Tx 10345615 19 fa 04 03 28 d8 a0 0f 00 00 00 00
source=3: pgn=GNSS Sats in View(129540): values=RangeResidualMode=("0") SatsinView=(160) PRN=(15) Elevation=(0.00 deg) Azimuth=(0.00 deg) SNR=(0.0 dB) Rangeresiduals=(0) Status=("0")

3  : pgn=129540 line=Tx 10345615 19 fa 04 03 29 f5 15 e8 37 68 21 ac
source=3: pgn=GNSS Sats in View(129540): values=RangeResidualMode=("1") SatsinView=(21) PRN=(232) Elevation=(152.86 deg) Azimuth=(252.47 deg) SNR=(0.0 dB) Rangeresiduals=(0) Status=("0")

3  : pgn=129540 line=Tx 10345615 19 fa 04 03 2a 0d 00 00 00 00 f5 16
source=3: pgn=GNSS Sats in View(129540): values=RangeResidualMode=("1") SatsinView=(0) PRN=(0) Elevation=(0.00 deg) Azimuth=(33.67 deg) SNR=(0.0 dB) Rangeresiduals=(0) Status=("0")

3  : pgn=129540 line=Tx 10345616 19 fa 04 03 2b 80 16 cf 9c 04 10 00
source=3: pgn=GNSS Sats in View(129540): values=RangeResidualMode=("0") SatsinView=(22) PRN=(207) Elevation=(6.76 deg) Azimuth=(0.09 deg) SNR=(0.0 dB) Rangeresiduals=(0) Status=("0")

3  : pgn=129540 line=Tx 10345617 19 fa 04 03 2c 00 00 00 f5 1a ae 0f
source=3: pgn=GNSS Sats in View(129540): values=RangeResidualMode=("0") SatsinView=(0) PRN=(0) Elevation=(39.54 deg) Azimuth=(23.00 deg) SNR=(0.0 dB) Rangeresiduals=(0) Status=("0")

3  : pgn=129540 line=Tx 10345617 19 fa 04 03 2d 5d 1f 80 0c 00 00 00
source=3: pgn=GNSS Sats in View(129540): values=RangeResidualMode=("1") SatsinView=(31) PRN=(128) Elevation=(0.07 deg) Azimuth=(0.00 deg) SNR=(0.0 dB) Rangeresiduals=(0) Status=("0")

3  : pgn=129540 line=Tx 10345618 19 fa 04 03 2e 00 f5 1b d1 15 ab d2
source=3: pgn=GNSS Sats in View(129540): values=RangeResidualMode=("0") SatsinView=(245) PRN=(27) Elevation=(32.00 deg) Azimuth=(309.00 deg) SNR=(0.0 dB) Rangeresiduals=(0) Status=("0")

3  : pgn=129540 line=Tx 10345619 19 fa 04 03 2f a0 0f 00 00 00 00 f5
source=3: pgn=GNSS Sats in View(129540): values=RangeResidualMode=("0") SatsinView=(15) PRN=(0) Elevation=(0.00 deg) Azimuth=(359.36 deg) SNR=(0.0 dB) Rangeresiduals=(0) Status=("0")

3  : pgn=129540 line=Tx 10345620 19 fa 04 03 30 1d 00 0f a1 67 80 0c
source=3: pgn=GNSS Sats in View(129540): values=RangeResidualMode=("1") SatsinView=(0) PRN=(15) Elevation=(152.00 deg) Azimuth=(18.33 deg) SNR=(0.0 dB) Rangeresiduals=(0) Status=("0")

3  : pgn=129540 line=Tx 10345621 19 fa 04 03 31 00 00 00 00 f5 23 d1
source=3: pgn=GNSS Sats in View(129540): values=RangeResidualMode=("0") SatsinView=(0) PRN=(0) Elevation=(-16.13 deg) Azimuth=(306.76 deg) SNR=(0.0 dB) Rangeresiduals=(0) Status=("0")

3  : pgn=129540 line=Tx 10345622 19 fa 04 03 32 15 c3 8b 00 00 00 00
source=3: pgn=GNSS Sats in View(129540): values=RangeResidualMode=("1") SatsinView=(195) PRN=(139) Elevation=(0.00 deg) Azimuth=(0.00 deg) SNR=(0.0 dB) Rangeresiduals=(0) Status=("0")

3  : pgn=129540 line=Tx 10345622 19 fa 04 03 33 00 00 f3 30 2e 17 43
source=3: pgn=GNSS Sats in View(129540): values=RangeResidualMode=("0") SatsinView=(0) PRN=(243) Elevation=(67.75 deg) Azimuth=(98.41 deg) SNR=(0.0 dB) Rangeresiduals=(0) Status=("0")

3  : pgn=129540 line=Tx 10345623 19 fa 04 03 34 84 74 0e 00 00 00 00
source=3: pgn=GNSS Sats in View(129540): values=RangeResidualMode=("0") SatsinView=(116) PRN=(14) Elevation=(0.00 deg) Azimuth=(0.00 deg) SNR=(0.0 dB) Rangeresiduals=(0) Status=("0")

3  : pgn=129540 line=Tx 10345624 19 fa 04 03 35 f5 33 80 16 67 6c 10
source=3: pgn=GNSS Sats in View(129540): values=RangeResidualMode=("1") SatsinView=(51) PRN=(128) Elevation=(151.20 deg) Azimuth=(24.09 deg) SNR=(0.0 dB) Rangeresiduals=(0) Status=("0")

3  : pgn=129540 line=Tx 10345625 19 fa 04 03 36 0e 00 00 00 00 f5 ff
source=3: pgn=GNSS Sats in View(129540): values=RangeResidualMode=("0") SatsinView=(0) PRN=(0) Elevation=(0.00 deg) Azimuth=(375.43 deg) SNR=(0.0 dB) Rangeresiduals=(0) Status=("0")

3  : pgn=129025 line=Tx 10345626 09 f8 01 03 d5 65 6f 1c cb b5 fd b6
source=3: pgn=Position, Rapid Update(129025): values=Latitude=(47.7062613 deg) Longitude=(-122.4886837 deg)

1  : pgn=129038 line=Rx 10345626 11 f8 0e 01 80 1b c3 40 e2 01 00 bb
1  : pgn=129038 line=Rx 10345626 11 f8 0e 01 81 cc 1d b7 81 6b 81 1c
1  : pgn=129038 line=Rx 10345627 11 f8 0e 01 82 7a cb 0b 00 00 00 00
1  : pgn=129038 line=Rx 10345627 11 f8 0e 01 83 00 ff ff ff 7f f5 fe
3  : pgn=127258 line=Tx 10345628 19 f1 1a 03 ff f6 12 39 fa 0a ff ff
source=3: pgn=Magnetic Variation(127258): values=Source=("6") Ageofservice=(14610 d) Variation=(16.10 deg)

32 : pgn=128259 line=Rx 10345674 09 f5 03 20 dc 2f 01 ff ff ff ff ff
source=32: pgn=Speed(128259): values=SpeedWaterReferenced=(3.0300000000000002 m/s) SpeedGroundReferenced=(None) SpeedWaterReferencedType=(None) SpeedDirection=(None)

0  : pgn=127250 line=Rx 10345680 09 f1 12 00 ff 1e 41 ff 7f ff 7f fd
source=0: pgn=Vessel Heading(127250): values=Heading=(95.51 deg) Deviation=(None) Variation=(None) Reference=("1")

0  : pgn=127245 line=Rx 10345681 09 f1 0d 00 00 f8 ff 7f 00 00 ff ff
source=0: pgn=Rudder(127245): values=Instance=(0) DirectionOrder=("0") AngleOrder=(None) Position=(0.00 deg)

1  : pgn=129038 line=Rx 10345686 11 f8 0e 01 a0 1b c1 2a ef df 15 68
1  : pgn=129038 line=Rx 10345687 11 f8 0e 01 a1 91 14 b7 2b 95 63 1c
1  : pgn=129038 line=Rx 10345687 11 f8 0e 01 a2 82 3c b9 00 00 00 00
1  : pgn=129038 line=Rx 10345688 11 f8 0e 01 a3 00 ff ff ff 7f f0 fe
0  : pgn=65359  line=Rx 10345691 1c ff 4f 00 3b 9f ff ff ff 1e 41 ff
source=0: pgn=Seatalk: Pilot Heading(65359): values=ManufacturerCode=(1851) IndustryCode=(4) HeadingTrue=(None) HeadingMagnetic=(95.51 deg)

0  : pgn=126975 line=Rx 10345714 1d ef ff 00 a0 09 3b 9f f0 81 ae 02
0  : pgn=126975 line=Rx 10345717 1d ef ff 00 a1 00 08 00 ff ff ff ff
3  : pgn=129026 line=Tx 10345717 09 f8 02 03 ff fc a2 46 57 01 ff ff
source=3: pgn=COG & SOG, Rapid Update(129026): values=COGReference=("0") COG=(103.60 deg) SOG=(3.43 m/s)

3  : pgn=129025 line=Tx 10345717 09 f8 01 03 d5 65 6f 1c cb b5 fd b6
source=3: pgn=Position, Rapid Update(129025): values=Latitude=(47.7062613 deg) Longitude=(-122.4886837 deg)

1  : pgn=129038 line=Rx 10345749 11 f8 0e 01 c0 1b c1 28 71 e0 15 8c
1  : pgn=129038 line=Rx 10345750 11 f8 0e 01 c1 6b 0e b7 30 2a 68 1c
1  : pgn=129038 line=Rx 10345750 11 f8 0e 01 c2 7c bc b1 00 00 00 00
1  : pgn=129038 line=Rx 10345751 11 f8 0e 01 c3 00 ff ff ff 7f f0 fe
32 : pgn=128259 line=Rx 10345773 09 f5 03 20 dd 32 01 ff ff ff ff ff
source=32: pgn=Speed(128259): values=SpeedWaterReferenced=(3.06 m/s) SpeedGroundReferenced=(None) SpeedWaterReferencedType=(None) SpeedDirection=(None)

0  : pgn=127250 line=Rx 10345780 09 f1 12 00 ff 3c 41 ff 7f ff 7f fd
source=0: pgn=Vessel Heading(127250): values=Heading=(95.68 deg) Deviation=(None) Variation=(None) Reference=("1")

0  : pgn=127245 line=Rx 10345780 09 f1 0d 00 00 f8 ff 7f 00 00 ff ff
source=0: pgn=Rudder(127245): values=Instance=(0) DirectionOrder=("0") AngleOrder=(None) Position=(0.00 deg)

0  : pgn=65359  line=Rx 10345786 1c ff 4f 00 3b 9f ff ff ff 3c 41 ff
source=0: pgn=Seatalk: Pilot Heading(65359): values=ManufacturerCode=(1851) IndustryCode=(4) HeadingTrue=(None) HeadingMagnetic=(95.68 deg)

3  : pgn=129029 line=Tx 10345818 0d f8 05 03 e0 2b 98 06 40 b8 2f 14
3  : pgn=129029 line=Tx 10345818 0d f8 05 03 e1 2c 00 4c e7 2a e2 dd
3  : pgn=129029 line=Tx 10345818 0d f8 05 03 e2 9e 06 00 b4 30 c5 08
3  : pgn=129029 line=Tx 10345818 0d f8 05 03 e3 54 00 ef ff ff ff ff
3  : pgn=129029 line=Tx 10345818 0d f8 05 03 e4 ff ff ff 7f 23 fc 09
3  : pgn=129029 line=Tx 10345818 0d f8 05 03 e5 55 00 ff 7f ff ff ff
3  : pgn=129029 line=Tx 10345818 0d f8 05 03 e6 7f 00 ff ff ff ff ff
3  : pgn=129025 line=Tx 10345818 09 f8 01 03 ae 65 6f 1c 52 b6 fd b6
source=3: pgn=Position, Rapid Update(129025): values=Latitude=(47.7062574 deg) Longitude=(-122.4886702 deg)

3  : pgn=129033 line=Tx 10345818 0d f8 09 03 06 40 b8 2f 14 2c 5c fe
source=3: pgn=Time & Date(129033): values=Date=(16390 d) Time=(73952.04400000001 s) LocalOffset=(-25200.0 s)

1  : pgn=129038 line=Rx 10345839 11 f8 0e 01 e0 1b c1 32 4f e6 15 29
1  : pgn=129038 line=Rx 10345840 11 f8 0e 01 e1 0f 0e b7 3b d8 67 1c
1  : pgn=129038 line=Rx 10345840 11 f8 0e 01 e2 82 82 b6 00 00 00 00
1  : pgn=129038 line=Rx 10345841 11 f8 0e 01 e3 00 ff ff ff 7f f0 fe
32 : pgn=128259 line=Rx 10345873 09 f5 03 20 de 30 01 ff ff ff ff ff
source=32: pgn=Speed(128259): values=SpeedWaterReferenced=(3.04 m/s) SpeedGroundReferenced=(None) SpeedWaterReferencedType=(None) SpeedDirection=(None)

0  : pgn=127250 line=Rx 10345880 09 f1 12 00 ff 66 41 ff 7f ff 7f fd
source=0: pgn=Vessel Heading(127250): values=Heading=(95.92 deg) Deviation=(None) Variation=(None) Reference=("1")

0  : pgn=127245 line=Rx 10345880 09 f1 0d 00 00 f8 ff 7f 00 00 ff ff
source=0: pgn=Rudder(127245): values=Instance=(0) DirectionOrder=("0") AngleOrder=(None) Position=(0.00 deg)

0  : pgn=65359  line=Rx 10345887 1c ff 4f 00 3b 9f ff ff ff 66 41 ff
source=0: pgn=Seatalk: Pilot Heading(65359): values=ManufacturerCode=(1851) IndustryCode=(4) HeadingTrue=(None) HeadingMagnetic=(95.92 deg)

3  : pgn=129026 line=Tx 10345919 09 f8 02 03 ff fc a2 46 56 01 ff ff
source=3: pgn=COG & SOG, Rapid Update(129026): values=COGReference=("0") COG=(103.60 deg) SOG=(3.42 m/s)

3  : pgn=129025 line=Tx 10345919 09 f8 01 03 ae 65 6f 1c 52 b6 fd b6
source=3: pgn=Position, Rapid Update(129025): values=Latitude=(47.7062574 deg) Longitude=(-122.4886702 deg)

3  : pgn=126992 line=Tx 10345919 0d f0 10 03 ff ff 06 40 b8 2f 14 2c
source=3: pgn=System Time(126992): values=Source=(None) Date=(16390 d) Time=(73952.04400000001 s)

32 : pgn=128259 line=Rx 10345972 09 f5 03 20 df 39 01 ff ff ff ff ff
source=32: pgn=Speed(128259): values=SpeedWaterReferenced=(3.13 m/s) SpeedGroundReferenced=(None) SpeedWaterReferencedType=(None) SpeedDirection=(None)

0  : pgn=127250 line=Rx 10345979 09 f1 12 00 ff 87 41 ff 7f ff 7f fd
source=0: pgn=Vessel Heading(127250): values=Heading=(96.11 deg) Deviation=(None) Variation=(None) Reference=("1")

0  : pgn=127245 line=Rx 10345980 09 f1 0d 00 00 f8 ff 7f 00 00 ff ff
source=0: pgn=Rudder(127245): values=Instance=(0) DirectionOrder=("0") AngleOrder=(None) Position=(0.00 deg)

0  : pgn=65359  line=Rx 10345984 1c ff 4f 00 3b 9f ff ff ff 87 41 ff
source=0: pgn=Seatalk: Pilot Heading(65359): values=ManufacturerCode=(1851) IndustryCode=(4) HeadingTrue=(None) HeadingMagnetic=(96.11 deg)

3  : pgn=129025 line=Tx 10346019 09 f8 01 03 9f 65 6f 1c ac b6 fd b6
source=3: pgn=Position, Rapid Update(129025): values=Latitude=(47.706255899999995 deg) Longitude=(-122.4886612 deg)

32 : pgn=128259 line=Rx 10346074 09 f5 03 20 e0 2c 01 ff ff ff ff ff
source=32: pgn=Speed(128259): values=SpeedWaterReferenced=(3.0 m/s) SpeedGroundReferenced=(None) SpeedWaterReferencedType=(None) SpeedDirection=(None)

32 : pgn=130310 line=Rx 10346077 15 fd 06 20 e0 ff ff ff ff ff ff ff
source=32: pgn=Environmental Parameters (obsolete)(130310): values=WaterTemperature=(None) OutsideAmbientAirTemperature=(None) AtmosphericPressure=(None)

0  : pgn=127250 line=Rx 10346085 09 f1 12 00 ff b5 41 ff 7f ff 7f fd
source=0: pgn=Vessel Heading(127250): values=Heading=(96.38 deg) Deviation=(None) Variation=(None) Reference=("1")

0  : pgn=127245 line=Rx 10346086 09 f1 0d 00 00 f8 ff 7f 00 00 ff ff
source=0: pgn=Rudder(127245): values=Instance=(0) DirectionOrder=("0") AngleOrder=(None) Position=(0.00 deg)

32 : pgn=128275 line=Rx 10346087 19 f5 13 20 40 0e ff ff ff ff ff ff
32 : pgn=128275 line=Rx 10346092 19 f5 13 20 41 20 ae 3c 00 20 ae 3c
0  : pgn=65359  line=Rx 10346094 1c ff 4f 00 3b 9f ff ff ff b5 41 ff
source=0: pgn=Seatalk: Pilot Heading(65359): values=ManufacturerCode=(1851) IndustryCode=(4) HeadingTrue=(None) HeadingMagnetic=(96.38 deg)

32 : pgn=128275 line=Rx 10346097 19 f5 13 20 42 00 ff ff ff ff ff ff
0  : pgn=126975 line=Rx 10346107 1d ef ff 00 c0 08 3b 9f f0 81 9c 51
0  : pgn=126975 line=Rx 10346109 1d ef ff 00 c1 03 00 ff ff ff ff ff
1  : pgn=59936  line=Rx 10346111 18 ea 20 01 00 ee 00 00 00 00 00 00
3  : pgn=129026 line=Tx 10346119 09 f8 02 03 ff fc b3 46 55 01 ff ff
source=3: pgn=COG & SOG, Rapid Update(129026): values=COGReference=("0") COG=(103.70 deg) SOG=(3.41 m/s)

3  : pgn=129025 line=Tx 10346119 09 f8 01 03 9f 65 6f 1c ac b6 fd b6
source=3: pgn=Position, Rapid Update(129025): values=Latitude=(47.706255899999995 deg) Longitude=(-122.4886612 deg)

3  : pgn=129291 line=Tx 10346119 0d f9 0b 03 ff fc 5c 27 3c 00 ff ff
source=3: pgn=Set & Drift, Rapid Update(129291): values=SetReference=("0") Set=(57.73 deg) Drift=(0.6 m/s)

1  : pgn=129038 line=Rx 10346142 11 f8 0e 01 00 1b c1 b0 2c e0 15 94
source=1: pgn=AIS Class A Position Report(129038): values=MessageID=(0) RepeatIndicator=("0") UserID=(749781275) Longitude=(0.0 deg) Latitude=(0.0 deg) PositionAccuracy=("0") RAIM=("0") TimeStamp=("0") COG=(0.00 deg) SOG=(0.0 m/s) CommunicationState=(0) AISTransceiverinformation=("0") Heading=(0.00 deg) RateofTurn=(0.00 deg/s) NavStatus=("0") SpecialManeuverIndicator=("0") Spare=(0) SequenceID=(0)

1  : pgn=129038 line=Rx 10346143 11 f8 0e 01 01 fd 0e b7 83 58 5e 1c
source=1: pgn=AIS Class A Position Report(129038): values=MessageID=(1) RepeatIndicator=("0") UserID=(2209812221) Longitude=(0.0 deg) Latitude=(0.0 deg) PositionAccuracy=("0") RAIM=("0") TimeStamp=("0") COG=(0.00 deg) SOG=(0.0 m/s) CommunicationState=(0) AISTransceiverinformation=("0") Heading=(0.00 deg) RateofTurn=(0.00 deg/s) NavStatus=("0") SpecialManeuverIndicator=("0") Spare=(0) SequenceID=(0)

1  : pgn=129038 line=Rx 10346143 11 f8 0e 01 02 7c a0 6a e3 01 00 00
source=1: pgn=AIS Class A Position Report(129038): values=MessageID=(2) RepeatIndicator=("0") UserID=(3815415932) Longitude=(0.0 deg) Latitude=(0.0 deg) PositionAccuracy=("0") RAIM=("0") TimeStamp=("0") COG=(0.00 deg) SOG=(0.0 m/s) CommunicationState=(0) AISTransceiverinformation=("0") Heading=(0.00 deg) RateofTurn=(0.00 deg/s) NavStatus=("0") SpecialManeuverIndicator=("0") Spare=(0) SequenceID=(0)

1  : pgn=129038 line=Rx 10346144 11 f8 0e 01 03 00 ff ff ff 7f f5 fe
source=1: pgn=AIS Class A Position Report(129038): values=MessageID=(3) RepeatIndicator=("0") UserID=(4294967040) Longitude=(0.0 deg) Latitude=(0.0 deg) PositionAccuracy=("0") RAIM=("0") TimeStamp=("0") COG=(0.00 deg) SOG=(0.0 m/s) CommunicationState=(0) AISTransceiverinformation=("0") Heading=(0.00 deg) RateofTurn=(0.00 deg/s) NavStatus=("0") SpecialManeuverIndicator=("0") Spare=(0) SequenceID=(0)

32 : pgn=128259 line=Rx 10346172 09 f5 03 20 e1 2a 01 ff ff ff ff ff
0  : pgn=127250 line=Rx 10346184 09 f1 12 00 ff cc 41 ff 7f ff 7f fd
source=0: pgn=Vessel Heading(127250): values=Heading=(96.51 deg) Deviation=(None) Variation=(None) Reference=("1")

0  : pgn=127245 line=Rx 10346185 09 f1 0d 00 00 f8 ff 7f 00 00 ff ff
source=0: pgn=Rudder(127245): values=Instance=(0) DirectionOrder=("0") AngleOrder=(None) Position=(0.00 deg)

0  : pgn=65359  line=Rx 10346189 1c ff 4f 00 3b 9f ff ff ff cc 41 ff
source=0: pgn=Seatalk: Pilot Heading(65359): values=ManufacturerCode=(1851) IndustryCode=(4) HeadingTrue=(None) HeadingMagnetic=(96.51 deg)

3  : pgn=129025 line=Tx 10346219 09 f8 01 03 9f 65 6f 1c ac b6 fd b6
source=3: pgn=Position, Rapid Update(129025): values=Latitude=(47.706255899999995 deg) Longitude=(-122.4886612 deg)

32 : pgn=128259 line=Rx 10346271 09 f5 03 20 e2 32 01 ff ff ff ff ff
source=32: pgn=Speed(128259): values=SpeedWaterReferenced=(3.06 m/s) SpeedGroundReferenced=(None) SpeedWaterReferencedType=(None) SpeedDirection=(None)

0  : pgn=127250 line=Rx 10346289 09 f1 12 00 ff f4 41 ff 7f ff 7f fd
source=0: pgn=Vessel Heading(127250): values=Heading=(96.74 deg) Deviation=(None) Variation=(None) Reference=("1")

0  : pgn=127245 line=Rx 10346290 09 f1 0d 00 00 f8 ff 7f 00 00 ff ff
source=0: pgn=Rudder(127245): values=Instance=(0) DirectionOrder=("0") AngleOrder=(None) Position=(0.00 deg)

0  : pgn=65359  line=Rx 10346297 1c ff 4f 00 3b 9f ff ff ff f4 41 ff
source=0: pgn=Seatalk: Pilot Heading(65359): values=ManufacturerCode=(1851) IndustryCode=(4) HeadingTrue=(None) HeadingMagnetic=(96.74 deg)

3  : pgn=129026 line=Tx 10346320 09 f8 02 03 ff fc d6 46 55 01 ff ff
source=3: pgn=COG & SOG, Rapid Update(129026): values=COGReference=("0") COG=(103.90 deg) SOG=(3.41 m/s)

3  : pgn=130577 line=Tx 10346320 0d fe 11 03 00 0e c0 99 d6 46 55 01
source=3: pgn=Direction Data(130577): values=DataMode=("0") COGReference=("0") COG=(225.52 deg) SOG=(181.34 m/s) Heading=(1.95 deg) SpeedthroughWater=(0.0 m/s) Set=(0.00 deg) Drift=(0.0 m/s)

3  : pgn=130577 line=Tx 10346320 0d fe 11 03 01 ff ff ff ff 5c 27 3c
source=3: pgn=Direction Data(130577): values=DataMode=("1") COGReference=("0") COG=(None) SOG=(238.07 m/s) Heading=(88.23 deg) SpeedthroughWater=(0.0 m/s) Set=(0.00 deg) Drift=(0.0 m/s)

3  : pgn=130577 line=Tx 10346320 0d fe 11 03 02 00 ff ff ff ff ff ff
source=3: pgn=Direction Data(130577): values=DataMode=("2") COGReference=("0") COG=(None) SOG=(None) Heading=(None) SpeedthroughWater=(0.0 m/s) Set=(0.00 deg) Drift=(0.0 m/s)

3  : pgn=129025 line=Tx 10346320 09 f8 01 03 90 65 6f 1c 09 b7 fd b6
source=3: pgn=Position, Rapid Update(129025): values=Latitude=(47.7062544 deg) Longitude=(-122.4886519 deg)

3  : pgn=130306 line=Tx 10346320 09 fd 02 03 ff 4c 03 d9 cb fa ff ff
source=3: pgn=Wind Data(130306): values=WindSpeed=(8.44 m/s) WindAngle=(299.00 deg) Reference=("2")

1  : pgn=129041 line=Rx 10346326 11 f8 11 01 e0 30 55 75 89 3a 3b 6d
1  : pgn=129041 line=Rx 10346326 11 f8 11 01 e1 8b 0a b7 5b f8 47 1c
1  : pgn=129041 line=Rx 10346327 11 f8 11 01 e2 f4 00 00 00 00 00 00
1  : pgn=129041 line=Rx 10346327 11 f8 11 01 e3 ff ff 12 ee ff e1 16
1  : pgn=129041 line=Rx 10346328 11 f8 11 01 e4 01 50 53 20 54 53 4c
1  : pgn=129041 line=Rx 10346328 11 f8 11 01 e5 20 4c 42 20 54 41 20
1  : pgn=129041 line=Rx 10346329 11 f8 11 01 e6 20 20 20 20 20 20 20
1  : pgn=129038 line=Rx 10346356 11 f8 0e 01 20 1b c1 8c 83 df 15 41
1  : pgn=129038 line=Rx 10346357 11 f8 0e 01 21 5d 14 b7 70 29 66 1c
1  : pgn=129038 line=Rx 10346357 11 f8 0e 01 22 74 72 65 00 00 00 00
1  : pgn=129038 line=Rx 10346358 11 f8 0e 01 23 00 ff ff ff 7f f0 fe
32 : pgn=128259 line=Rx 10346371 09 f5 03 20 e3 23 01 ff ff ff ff ff
source=32: pgn=Speed(128259): values=SpeedWaterReferenced=(2.91 m/s) SpeedGroundReferenced=(None) SpeedWaterReferencedType=(None) SpeedDirection=(None)

0  : pgn=127250 line=Rx 10346383 09 f1 12 00 ff 17 42 ff 7f ff 7f fd
source=0: pgn=Vessel Heading(127250): values=Heading=(96.94 deg) Deviation=(None) Variation=(None) Reference=("1")

0  : pgn=127245 line=Rx 10346384 09 f1 0d 00 00 f8 ff 7f 00 00 ff ff
source=0: pgn=Rudder(127245): values=Instance=(0) DirectionOrder=("0") AngleOrder=(None) Position=(0.00 deg)

0  : pgn=65359  line=Rx 10346388 1c ff 4f 00 3b 9f ff ff ff 17 42 ff
source=0: pgn=Seatalk: Pilot Heading(65359): values=ManufacturerCode=(1851) IndustryCode=(4) HeadingTrue=(None) HeadingMagnetic=(96.94 deg)

4  : pgn=65384  line=Rx 10346404 1c ff 68 04 3b 9f 00 00 00 00 00 00
1  : pgn=129039 line=Rx 10346418 11 f8 0f 01 40 1a 12 96 e8 e8 15 b5
1  : pgn=129039 line=Rx 10346418 11 f8 0f 01 41 eb 13 b7 af 66 66 1c
1  : pgn=129039 line=Rx 10346418 11 f8 0f 01 42 83 f0 ba 00 00 03 00
1  : pgn=129039 line=Rx 10346419 11 f8 0f 01 43 08 ff ff 00 fc ff ff
3  : pgn=129283 line=Tx 10346421 0d f9 03 03 ff 7f ff ff ff 7f ff ff
source=3: pgn=Cross Track Error(129283): values=XTEmode=(None) NavigationTerminated=("1") XTE=(None)

3  : pgn=129025 line=Tx 10346421 09 f8 01 03 90 65 6f 1c 09 b7 fd b6
source=3: pgn=Position, Rapid Update(129025): values=Latitude=(47.7062544 deg) Longitude=(-122.4886519 deg)

3  : pgn=128267 line=Tx 10346421 0d f5 0b 03 ff b9 3d 00 00 00 00 ff
source=3: pgn=Water Depth(128267): values=Depth=(158.01 m) Offset=(0.0 m) Range=(None)

32 : pgn=128259 line=Rx 10346470 09 f5 03 20 e4 20 01 ff ff ff ff ff
source=32: pgn=Speed(128259): values=SpeedWaterReferenced=(2.88 m/s) SpeedGroundReferenced=(None) SpeedWaterReferencedType=(None) SpeedDirection=(None)

0  : pgn=127250 line=Rx 10346488 09 f1 12 00 ff 25 42 ff 7f ff 7f fd
source=0: pgn=Vessel Heading(127250): values=Heading=(97.02 deg) Deviation=(None) Variation=(None) Reference=("1")

0  : pgn=127245 line=Rx 10346489 09 f1 0d 00 00 f8 ff 7f 00 00 ff ff
source=0: pgn=Rudder(127245): values=Instance=(0) DirectionOrder=("0") AngleOrder=(None) Position=(0.00 deg)

0  : pgn=65359  line=Rx 10346496 1c ff 4f 00 3b 9f ff ff ff 25 42 ff
source=0: pgn=Seatalk: Pilot Heading(65359): values=ManufacturerCode=(1851) IndustryCode=(4) HeadingTrue=(None) HeadingMagnetic=(97.02 deg)

3  : pgn=129026 line=Tx 10346522 09 f8 02 03 ff fc d6 46 55 01 ff ff
source=3: pgn=COG & SOG, Rapid Update(129026): values=COGReference=("0") COG=(103.90 deg) SOG=(3.41 m/s)

3  : pgn=129025 line=Tx 10346522 09 f8 01 03 90 65 6f 1c 09 b7 fd b6
source=3: pgn=Position, Rapid Update(129025): values=Latitude=(47.7062544 deg) Longitude=(-122.4886519 deg)

3  : pgn=129542 line=Tx 10346522 19 fa 06 03 00 0f 99 66 01 00 00 00
source=3: pgn=GNSS Pseudorange Noise Statistics(129542): values=RMSofPositionUncertainty=(39183) STDofMajoraxis=(102) STDofMinoraxis=(1) OrientationofMajoraxis=(0) STDofLatError=(0) STDofLonError=(0) STDofAltError=(0)

3  : pgn=129542 line=Tx 10346523 19 fa 06 03 01 00 00 00 00 00 00 00
source=3: pgn=GNSS Pseudorange Noise Statistics(129542): values=RMSofPositionUncertainty=(0) STDofMajoraxis=(0) STDofMinoraxis=(0) OrientationofMajoraxis=(0) STDofLatError=(0) STDofLonError=(0) STDofAltError=(0)

3  : pgn=129542 line=Tx 10346523 19 fa 06 03 02 00 00 ff ff ff ff ff
source=3: pgn=GNSS Pseudorange Noise Statistics(129542): values=RMSofPositionUncertainty=(0) STDofMajoraxis=(None) STDofMinoraxis=(None) OrientationofMajoraxis=(None) STDofLatError=(None) STDofLonError=(None) STDofAltError=(0)

3  : pgn=65364  line=Tx 10346523 1c ff 54 03 3b 9f 4c 03 d9 cb ff ff
32 : pgn=128259 line=Rx 10346570 09 f5 03 20 e5 1f 01 ff ff ff ff ff
source=32: pgn=Speed(128259): values=SpeedWaterReferenced=(2.87 m/s) SpeedGroundReferenced=(None) SpeedWaterReferencedType=(None) SpeedDirection=(None)

0  : pgn=127250 line=Rx 10346582 09 f1 12 00 ff 39 42 ff 7f ff 7f fd
source=0: pgn=Vessel Heading(127250): values=Heading=(97.13 deg) Deviation=(None) Variation=(None) Reference=("1")

0  : pgn=127245 line=Rx 10346583 09 f1 0d 00 00 f8 ff 7f 00 00 ff ff
source=0: pgn=Rudder(127245): values=Instance=(0) DirectionOrder=("0") AngleOrder=(None) Position=(0.00 deg)

0  : pgn=65379  line=Rx 10346587 1c ff 63 00 3b 9f 00 00 00 00 01 ff
source=0: pgn=Seatalk: Pilot Mode(65379): values=ManufacturerCode=(1851) IndustryCode=(4) PilotMode=(0) SubMode=(0) PilotModeData=(0)

0  : pgn=65359  line=Rx 10346588 1c ff 4f 00 3b 9f ff ff ff 39 42 ff
source=0: pgn=Seatalk: Pilot Heading(65359): values=ManufacturerCode=(1851) IndustryCode=(4) HeadingTrue=(None) HeadingMagnetic=(97.13 deg)

0  : pgn=126975 line=Rx 10346590 1d ef ff 00 e0 0d 3b 9f f0 81 84 96
0  : pgn=126975 line=Rx 10346592 1d ef ff 00 e1 43 0e 00 00 00 02 05
3  : pgn=129540 line=Tx 10346623 19 fa 04 03 40 9f bb ff 0d 03 97 1a
source=3: pgn=GNSS Sats in View(129540): values=RangeResidualMode=(None) SatsinView=(187) PRN=(None) Elevation=(4.47 deg) Azimuth=(39.00 deg) SNR=(0.0 dB) Rangeresiduals=(0) Status=("0")

3  : pgn=129540 line=Tx 10346623 19 fa 04 03 41 2e 26 00 00 00 00 00
source=3: pgn=GNSS Sats in View(129540): values=RangeResidualMode=("0") SatsinView=(38) PRN=(0) Elevation=(0.00 deg) Azimuth=(0.00 deg) SNR=(0.0 dB) Rangeresiduals=(0) Status=("0")

3  : pgn=129540 line=Tx 10346623 19 fa 04 03 42 00 f3 0f ff 1d ad 3c
source=3: pgn=GNSS Sats in View(129540): values=RangeResidualMode=("0") SatsinView=(243) PRN=(15) Elevation=(44.00 deg) Azimuth=(89.00 deg) SNR=(0.0 dB) Rangeresiduals=(0) Status=("0")

3  : pgn=129540 line=Tx 10346623 19 fa 04 03 43 1c 0c 00 00 00 00 f5
source=3: pgn=GNSS Sats in View(129540): values=RangeResidualMode=("0") SatsinView=(12) PRN=(0) Elevation=(0.00 deg) Azimuth=(359.36 deg) SNR=(0.0 dB) Rangeresiduals=(0) Status=("0")

3  : pgn=129540 line=Tx 10346623 19 fa 04 03 44 10 17 13 c2 b8 ac 0d
source=3: pgn=GNSS Sats in View(129540): values=RangeResidualMode=("0") SatsinView=(23) PRN=(19) Elevation=(-104.50 deg) Azimuth=(20.05 deg) SNR=(0.0 dB) Rangeresiduals=(0) Status=("0")

3  : pgn=129540 line=Tx 10346623 19 fa 04 03 45 00 00 00 00 f5 12 c5
source=3: pgn=GNSS Sats in View(129540): values=RangeResidualMode=("0") SatsinView=(0) PRN=(0) Elevation=(-16.13 deg) Azimuth=(289.06 deg) SNR=(0.0 dB) Rangeresiduals=(0) Status=("0")

3  : pgn=129540 line=Tx 10346623 19 fa 04 03 46 31 f2 93 74 0e 00 00
source=3: pgn=GNSS Sats in View(129540): values=RangeResidualMode=("1") SatsinView=(242) PRN=(147) Elevation=(21.20 deg) Azimuth=(0.00 deg) SNR=(0.0 dB) Rangeresiduals=(0) Status=("0")

3  : pgn=129540 line=Tx 10346623 19 fa 04 03 47 00 00 f5 13 69 03 1f
source=3: pgn=GNSS Sats in View(129540): values=RangeResidualMode=("0") SatsinView=(0) PRN=(245) Elevation=(154.12 deg) Azimuth=(45.49 deg) SNR=(0.0 dB) Rangeresiduals=(0) Status=("0")

3  : pgn=129540 line=Tx 10346623 19 fa 04 03 48 d8 d8 0e 00 00 00 00
source=3: pgn=GNSS Sats in View(129540): values=RangeResidualMode=("0") SatsinView=(216) PRN=(14) Elevation=(0.00 deg) Azimuth=(0.00 deg) SNR=(0.0 dB) Rangeresiduals=(0) Status=("0")

3  : pgn=129540 line=Tx 10346623 19 fa 04 03 49 f5 15 e8 37 68 21 48
source=3: pgn=GNSS Sats in View(129540): values=RangeResidualMode=("1") SatsinView=(21) PRN=(232) Elevation=(152.86 deg) Azimuth=(105.80 deg) SNR=(0.0 dB) Rangeresiduals=(0) Status=("0")

3  : pgn=129540 line=Tx 10346623 19 fa 04 03 4a 0d 00 00 00 00 f5 16
source=3: pgn=GNSS Sats in View(129540): values=RangeResidualMode=("1") SatsinView=(0) PRN=(0) Elevation=(0.00 deg) Azimuth=(33.67 deg) SNR=(0.0 dB) Rangeresiduals=(0) Status=("0")

3  : pgn=129540 line=Tx 10346625 19 fa 04 03 4b 80 16 cf 9c cc 10 00
source=3: pgn=GNSS Sats in View(129540): values=RangeResidualMode=("0") SatsinView=(22) PRN=(207) Elevation=(-75.38 deg) Azimuth=(0.09 deg) SNR=(0.0 dB) Rangeresiduals=(0) Status=("0")

3  : pgn=129540 line=Tx 10346626 19 fa 04 03 4c 00 00 00 f5 1a ae 0f
source=3: pgn=GNSS Sats in View(129540): values=RangeResidualMode=("0") SatsinView=(0) PRN=(0) Elevation=(39.54 deg) Azimuth=(23.00 deg) SNR=(0.0 dB) Rangeresiduals=(0) Status=("0")

3  : pgn=129540 line=Tx 10346627 19 fa 04 03 4d 5d 1f ac 0d 00 00 00
source=3: pgn=GNSS Sats in View(129540): values=RangeResidualMode=("1") SatsinView=(31) PRN=(172) Elevation=(0.07 deg) Azimuth=(0.00 deg) SNR=(0.0 dB) Rangeresiduals=(0) Status=("0")

3  : pgn=129540 line=Tx 10346627 19 fa 04 03 4e 00 f5 1b d1 15 ab d2
source=3: pgn=GNSS Sats in View(129540): values=RangeResidualMode=("0") SatsinView=(245) PRN=(27) Elevation=(32.00 deg) Azimuth=(309.00 deg) SNR=(0.0 dB) Rangeresiduals=(0) Status=("0")

3  : pgn=129540 line=Tx 10346628 19 fa 04 03 4f 3c 0f 00 00 00 00 f5
source=3: pgn=GNSS Sats in View(129540): values=RangeResidualMode=("0") SatsinView=(15) PRN=(0) Elevation=(0.00 deg) Azimuth=(359.36 deg) SNR=(0.0 dB) Rangeresiduals=(0) Status=("0")

3  : pgn=129540 line=Tx 10346629 19 fa 04 03 50 1d 00 0f a1 67 54 0b
source=3: pgn=GNSS Sats in View(129540): values=RangeResidualMode=("1") SatsinView=(0) PRN=(15) Elevation=(152.00 deg) Azimuth=(16.62 deg) SNR=(0.0 dB) Rangeresiduals=(0) Status=("0")

1  : pgn=129038 line=Rx 10346629 11 f8 0e 01 40 1b c1 2c fc df 15 4c
1  : pgn=129038 line=Rx 10346630 11 f8 0e 01 41 27 0d b7 74 be 68 1c
1  : pgn=129038 line=Rx 10346630 11 f8 0e 01 42 78 59 b5 00 00 00 00
1  : pgn=129038 line=Rx 10346631 11 f8 0e 01 43 00 39 37 00 00 f0 fe
3  : pgn=129540 line=Tx 10346632 19 fa 04 03 51 00 00 00 00 f5 23 d1
source=3: pgn=GNSS Sats in View(129540): values=RangeResidualMode=("0") SatsinView=(0) PRN=(0) Elevation=(-16.13 deg) Azimuth=(306.76 deg) SNR=(0.0 dB) Rangeresiduals=(0) Status=("0")

3  : pgn=129540 line=Tx 10346633 19 fa 04 03 52 15 c3 8b 00 00 00 00
source=3: pgn=GNSS Sats in View(129540): values=RangeResidualMode=("1") SatsinView=(195) PRN=(139) Elevation=(0.00 deg) Azimuth=(0.00 deg) SNR=(0.0 dB) Rangeresiduals=(0) Status=("0")

3  : pgn=129540 line=Tx 10346634 19 fa 04 03 53 00 00 f3 30 2e 17 43
source=3: pgn=GNSS Sats in View(129540): values=RangeResidualMode=("0") SatsinView=(0) PRN=(243) Elevation=(67.75 deg) Azimuth=(98.41 deg) SNR=(0.0 dB) Rangeresiduals=(0) Status=("0")

3  : pgn=129540 line=Tx 10346634 19 fa 04 03 54 84 3c 0f 00 00 00 00
source=3: pgn=GNSS Sats in View(129540): values=RangeResidualMode=("0") SatsinView=(60) PRN=(15) Elevation=(0.00 deg) Azimuth=(0.00 deg) SNR=(0.0 dB) Rangeresiduals=(0) Status=("0")

3  : pgn=129540 line=Tx 10346635 19 fa 04 03 55 f5 33 80 16 67 6c f0
source=3: pgn=GNSS Sats in View(129540): values=RangeResidualMode=("1") SatsinView=(51) PRN=(128) Elevation=(151.20 deg) Azimuth=(352.64 deg) SNR=(0.0 dB) Rangeresiduals=(0) Status=("0")

3  : pgn=129540 line=Tx 10346637 19 fa 04 03 56 0a 00 00 00 00 f5 ff
source=3: pgn=GNSS Sats in View(129540): values=RangeResidualMode=("0") SatsinView=(0) PRN=(0) Elevation=(0.00 deg) Azimuth=(375.43 deg) SNR=(0.0 dB) Rangeresiduals=(0) Status=("0")

3  : pgn=129025 line=Tx 10346637 09 f8 01 03 62 65 6f 1c 95 b7 fd b6
source=3: pgn=Position, Rapid Update(129025): values=Latitude=(47.706249799999995 deg) Longitude=(-122.4886379 deg)

3  : pgn=127258 line=Tx 10346638 19 f1 1a 03 ff f6 12 39 fa 0a ff ff
source=3: pgn=Magnetic Variation(127258): values=Source=("6") Ageofservice=(14610 d) Variation=(16.10 deg)

32 : pgn=128259 line=Rx 10346669 09 f5 03 20 e6 1f 01 ff ff ff ff ff
source=32: pgn=Speed(128259): values=SpeedWaterReferenced=(2.87 m/s) SpeedGroundReferenced=(None) SpeedWaterReferencedType=(None) SpeedDirection=(None)

0  : pgn=127250 line=Rx 10346697 09 f1 12 00 ff 40 42 ff 7f ff 7f fd
source=0: pgn=Vessel Heading(127250): values=Heading=(97.17 deg) Deviation=(None) Variation=(None) Reference=("1")

0  : pgn=127245 line=Rx 10346698 09 f1 0d 00 00 f8 ff 7f 00 00 ff ff
source=0: pgn=Rudder(127245): values=Instance=(0) DirectionOrder=("0") AngleOrder=(None) Position=(0.00 deg)

0  : pgn=65359  line=Rx 10346705 1c ff 4f 00 3b 9f ff ff ff 40 42 ff
source=0: pgn=Seatalk: Pilot Heading(65359): values=ManufacturerCode=(1851) IndustryCode=(4) HeadingTrue=(None) HeadingMagnetic=(97.17 deg)

0  : pgn=126975 line=Rx 10346708 1d ef ff 00 00 09 3b 9f f0 81 ae 02
0  : pgn=126975 line=Rx 10346709 1d ef ff 00 01 00 08 00 ff ff ff ff
3  : pgn=129026 line=Tx 10346723 09 f8 02 03 ff fc f9 46 53 01 ff ff
source=3: pgn=COG & SOG, Rapid Update(129026): values=COGReference=("0") COG=(104.10 deg) SOG=(3.39 m/s)

3  : pgn=129025 line=Tx 10346724 09 f8 01 03 62 65 6f 1c 95 b7 fd b6
source=3: pgn=Position, Rapid Update(129025): values=Latitude=(47.706249799999995 deg) Longitude=(-122.4886379 deg)

1  : pgn=129793 line=Rx 10346752 1d fb 01 01 a0 1a 04 a0 fc 37 00 99
1  : pgn=129793 line=Rx 10346753 1d fb 01 01 a1 6f d0 b6 45 64 57 1c
1  : pgn=129793 line=Rx 10346753 1d fb 01 01 a2 ff 00 2e 14 2c 00 00
1  : pgn=129793 line=Rx 10346754 1d fb 01 01 a3 00 06 40 ff 00 fc ff
32 : pgn=128259 line=Rx 10346769 09 f5 03 20 e7 1f 01 ff ff ff ff ff
source=32: pgn=Speed(128259): values=SpeedWaterReferenced=(2.87 m/s) SpeedGroundReferenced=(None) SpeedWaterReferencedType=(None) SpeedDirection=(None)

0  : pgn=127250 line=Rx 10346781 09 f1 12 00 ff 47 42 ff 7f ff 7f fd
source=0: pgn=Vessel Heading(127250): values=Heading=(97.21 deg) Deviation=(None) Variation=(None) Reference=("1")

0  : pgn=127245 line=Rx 10346782 09 f1 0d 00 00 f8 ff 7f 00 00 ff ff
source=0: pgn=Rudder(127245): values=Instance=(0) DirectionOrder=("0") AngleOrder=(None) Position=(0.00 deg)

0  : pgn=65359  line=Rx 10346788 1c ff 4f 00 3b 9f ff ff ff 47 42 ff
source=0: pgn=Seatalk: Pilot Heading(65359): values=ManufacturerCode=(1851) IndustryCode=(4) HeadingTrue=(None) HeadingMagnetic=(97.21 deg)

3  : pgn=129029 line=Tx 10346824 0d f8 05 03 00 2b 99 06 40 d4 5e 14
source=3: pgn=GNSS Position Data(129029): values=Date=(39211 d) Time=(159096.8326 s) Latitude=(0.0 deg) Longitude=(0.0 deg) Altitude=(0.0 m) GNSStype=("0") Method=("0") Integrity=("0") NumberofSVs=(0) HDOP=(0.0) PDOP=(0.0) GeoidalSeparation=(0.0 m) ReferenceStations=(0) ReferenceStationType=("0") ReferenceStationID=(0) AgeofDGNSSCorrections=(0.0 s)

3  : pgn=129029 line=Tx 10346824 0d f8 05 03 01 2c 00 54 f3 78 d0 dd
source=3: pgn=GNSS Position Data(129029): values=Date=(44 d) Time=(349758.754 s) Latitude=(0.0 deg) Longitude=(0.0 deg) Altitude=(0.0 m) GNSStype=("0") Method=("0") Integrity=("0") NumberofSVs=(0) HDOP=(0.0) PDOP=(0.0) GeoidalSeparation=(0.0 m) ReferenceStations=(0) ReferenceStationType=("0") ReferenceStationID=(0) AgeofDGNSSCorrections=(0.0 s)

3  : pgn=129029 line=Tx 10346824 0d f8 05 03 02 9e 06 00 92 7d f9 53
source=3: pgn=GNSS Position Data(129029): values=Date=(1694 d) Time=(418575.61600000004 s) Latitude=(0.0 deg) Longitude=(0.0 deg) Altitude=(0.0 m) GNSStype=("0") Method=("0") Integrity=("0") NumberofSVs=(0) HDOP=(0.0) PDOP=(0.0) GeoidalSeparation=(0.0 m) ReferenceStations=(0) ReferenceStationType=("0") ReferenceStationID=(0) AgeofDGNSSCorrections=(0.0 s)

3  : pgn=129029 line=Tx 10346825 0d f8 05 03 03 54 00 ef ff ff ff ff
source=3: pgn=GNSS Position Data(129029): values=Date=(84 d) Time=(429496.7279 s) Latitude=(0.0 deg) Longitude=(0.0 deg) Altitude=(0.0 m) GNSStype=("0") Method=("0") Integrity=("0") NumberofSVs=(0) HDOP=(0.0) PDOP=(0.0) GeoidalSeparation=(0.0 m) ReferenceStations=(0) ReferenceStationType=("0") ReferenceStationID=(0) AgeofDGNSSCorrections=(0.0 s)

3  : pgn=129029 line=Tx 10346825 0d f8 05 03 04 ff ff ff 7f 23 fc 09
source=3: pgn=GNSS Position Data(129029): values=Date=(None) Time=(423018.49590000004 s) Latitude=(0.0 deg) Longitude=(0.0 deg) Altitude=(0.0 m) GNSStype=("0") Method=("0") Integrity=("0") NumberofSVs=(0) HDOP=(0.0) PDOP=(0.0) GeoidalSeparation=(0.0 m) ReferenceStations=(0) ReferenceStationType=("0") ReferenceStationID=(0) AgeofDGNSSCorrections=(0.0 s)

3  : pgn=129029 line=Tx 10346825 0d f8 05 03 05 55 00 ff 7f ff ff ff
source=3: pgn=GNSS Position Data(129029): values=Date=(85 d) Time=(429493.4527 s) Latitude=(0.0 deg) Longitude=(0.0 deg) Altitude=(0.0 m) GNSStype=("0") Method=("0") Integrity=("0") NumberofSVs=(0) HDOP=(0.0) PDOP=(0.0) GeoidalSeparation=(0.0 m) ReferenceStations=(0) ReferenceStationType=("0") ReferenceStationID=(0) AgeofDGNSSCorrections=(0.0 s)

3  : pgn=129029 line=Tx 10346825 0d f8 05 03 06 7f 00 ff ff ff ff ff
source=3: pgn=GNSS Position Data(129029): values=Date=(127 d) Time=(None) Latitude=(0.0 deg) Longitude=(0.0 deg) Altitude=(0.0 m) GNSStype=("0") Method=("0") Integrity=("0") NumberofSVs=(0) HDOP=(0.0) PDOP=(0.0) GeoidalSeparation=(0.0 m) ReferenceStations=(0) ReferenceStationType=("0") ReferenceStationID=(0) AgeofDGNSSCorrections=(0.0 s)

3  : pgn=129025 line=Tx 10346825 09 f8 01 03 62 65 6f 1c 95 b7 fd b6
source=3: pgn=Position, Rapid Update(129025): values=Latitude=(47.706249799999995 deg) Longitude=(-122.4886379 deg)

3  : pgn=129033 line=Tx 10346825 0d f8 09 03 06 40 d4 5e 14 2c 5c fe
source=3: pgn=Time & Date(129033): values=Date=(16390 d) Time=(73953.25 s) LocalOffset=(-25200.0 s)

32 : pgn=128259 line=Rx 10346868 09 f5 03 20 e8 21 01 ff ff ff ff ff
source=32: pgn=Speed(128259): values=SpeedWaterReferenced=(2.89 m/s) SpeedGroundReferenced=(None) SpeedWaterReferencedType=(None) SpeedDirection=(None)

0  : pgn=127250 line=Rx 10346881 09 f1 12 00 ff 4e 42 ff 7f ff 7f fd
source=0: pgn=Vessel Heading(127250): values=Heading=(97.25 deg) Deviation=(None) Variation=(None) Reference=("1")

0  : pgn=127245 line=Rx 10346882 09 f1 0d 00 00 f8 ff 7f 00 00 ff ff
source=0: pgn=Rudder(127245): values=Instance=(0) DirectionOrder=("0") AngleOrder=(None) Position=(0.00 deg)

0  : pgn=65359  line=Rx 10346888 1c ff 4f 00 3b 9f ff ff ff 4e 42 ff
source=0: pgn=Seatalk: Pilot Heading(65359): values=ManufacturerCode=(1851) IndustryCode=(4) HeadingTrue=(None) HeadingMagnetic=(97.25 deg)

3  : pgn=129026 line=Tx 10346925 09 f8 02 03 ff fc 2d 47 53 01 ff ff
source=3: pgn=COG & SOG, Rapid Update(129026): values=COGReference=("0") COG=(104.40 deg) SOG=(3.39 m/s)

3  : pgn=129025 line=Tx 10346925 09 f8 01 03 50 65 6f 1c eb b7 fd b6
source=3: pgn=Position, Rapid Update(129025): values=Latitude=(47.706247999999995 deg) Longitude=(-122.4886293 deg)

3  : pgn=126992 line=Tx 10346925 0d f0 10 03 ff ff 06 40 d4 5e 14 2c
source=3: pgn=System Time(126992): values=Source=(None) Date=(16390 d) Time=(73953.25 s)

32 : pgn=128259 line=Rx 10346968 09 f5 03 20 e9 25 01 ff ff ff ff ff
source=32: pgn=Speed(128259): values=SpeedWaterReferenced=(2.93 m/s) SpeedGroundReferenced=(None) SpeedWaterReferencedType=(None) SpeedDirection=(None)

0  : pgn=127250 line=Rx 10346978 09 f1 12 00 ff 51 42 ff 7f ff 7f fd
source=0: pgn=Vessel Heading(127250): values=Heading=(97.27 deg) Deviation=(None) Variation=(None) Reference=("1")

0  : pgn=127245 line=Rx 10346979 09 f1 0d 00 00 f8 ff 7f 00 00 ff ff
source=0: pgn=Rudder(127245): values=Instance=(0) DirectionOrder=("0") AngleOrder=(None) Position=(0.00 deg)

0  : pgn=65359  line=Rx 10346983 1c ff 4f 00 3b 9f ff ff ff 51 42 ff
source=0: pgn=Seatalk: Pilot Heading(65359): values=ManufacturerCode=(1851) IndustryCode=(4) HeadingTrue=(None) HeadingMagnetic=(97.27 deg)

3  : pgn=129025 line=Tx 10347025 09 f8 01 03 50 65 6f 1c eb b7 fd b6
source=3: pgn=Position, Rapid Update(129025): values=Latitude=(47.706247999999995 deg) Longitude=(-122.4886293 deg)

4  : pgn=126975 line=Rx 10347062 1d ef ff 04 20 07 3b 9f f0 81 90 00
4  : pgn=126975 line=Rx 10347063 1d ef ff 04 21 03 ff ff ff ff ff ff
32 : pgn=128259 line=Rx 10347069 09 f5 03 20 ea 2b 01 ff ff ff ff ff
source=32: pgn=Speed(128259): values=SpeedWaterReferenced=(2.99 m/s) SpeedGroundReferenced=(None) SpeedWaterReferencedType=(None) SpeedDirection=(None)

32 : pgn=130310 line=Rx 10347072 15 fd 06 20 e1 ff ff ff ff ff ff ff
source=32: pgn=Environmental Parameters (obsolete)(130310): values=WaterTemperature=(None) OutsideAmbientAirTemperature=(None) AtmosphericPressure=(None)

32 : pgn=128275 line=Rx 10347082 19 f5 13 20 60 0e ff ff ff ff ff ff
32 : pgn=128275 line=Rx 10347087 19 f5 13 20 61 20 ae 3c 00 20 ae 3c
1  : pgn=129038 line=Rx 10347088 11 f8 0e 01 60 1b c3 d0 05 2f 14 df
1  : pgn=129038 line=Rx 10347088 11 f8 0e 01 61 2d 16 b7 75 80 64 1c
1  : pgn=129038 line=Rx 10347089 11 f8 0e 01 62 84 c1 d6 00 00 00 00
1  : pgn=129038 line=Rx 10347089 11 f8 0e 01 63 00 4d c2 00 00 ff fe
0  : pgn=127250 line=Rx 10347091 09 f1 12 00 ff 52 42 ff 7f ff 7f fd
source=0: pgn=Vessel Heading(127250): values=Heading=(97.28 deg) Deviation=(None) Variation=(None) Reference=("1")

0  : pgn=127245 line=Rx 10347092 09 f1 0d 00 00 f8 ff 7f 00 00 ff ff
source=0: pgn=Rudder(127245): values=Instance=(0) DirectionOrder=("0") AngleOrder=(None) Position=(0.00 deg)

32 : pgn=128275 line=Rx 10347092 19 f5 13 20 62 00 ff ff ff ff ff ff
0  : pgn=65359  line=Rx 10347099 1c ff 4f 00 3b 9f ff ff ff 52 42 ff
source=0: pgn=Seatalk: Pilot Heading(65359): values=ManufacturerCode=(1851) IndustryCode=(4) HeadingTrue=(None) HeadingMagnetic=(97.28 deg)

0  : pgn=126975 line=Rx 10347107 1d ef ff 00 20 08 3b 9f f0 81 9c d1
0  : pgn=126975 line=Rx 10347109 1d ef ff 00 21 03 00 ff ff ff ff ff
1  : pgn=59936  line=Rx 10347119 18 ea 20 01 00 ee 00 00 00 00 00 00
3  : pgn=129026 line=Tx 10347125 09 f8 02 03 ff fc 50 47 53 01 ff ff
source=3: pgn=COG & SOG, Rapid Update(129026): values=COGReference=("0") COG=(104.60 deg) SOG=(3.39 m/s)

3  : pgn=129025 line=Tx 10347125 09 f8 01 03 26 65 6f 1c 95 b8 fd b6
source=3: pgn=Position, Rapid Update(129025): values=Latitude=(47.706243799999996 deg) Longitude=(-122.4886123 deg)

3  : pgn=129291 line=Tx 10347125 0d f9 0b 03 ff fc 78 2c 45 00 ff ff
source=3: pgn=Set & Drift, Rapid Update(129291): values=SetReference=("0") Set=(65.23 deg) Drift=(0.6900000000000001 m/s)

1  : pgn=129809 line=Rx 10347150 19 fb 11 01 40 19 18 50 89 27 14 42
1  : pgn=129809 line=Rx 10347151 19 fb 11 01 41 52 41 4e 57 59 4e 20
1  : pgn=129809 line=Rx 10347151 19 fb 11 01 42 20 20 20 20 20 20 20
1  : pgn=129809 line=Rx 10347152 19 fb 11 01 43 20 20 20 20 20 ff ff
1  : pgn=130842 line=Rx 10347152 19 ff 1a 01 00 1d 41 9f 00 00 00 50
1  : pgn=130842 line=Rx 10347153 19 ff 1a 01 01 89 27 14 42 52 41 4e
source=1: pgn=Simnet: AIS Class B static data (msg 24 Part B)(130842): values=ManufacturerCode=(257) IndustryCode=(4) MessageID=(39) RepeatIndicator=("0") D=(20) E=(66) UserID=(0) Typeofship=("0") VendorID=(0) Callsign=(0) Length=(0.0 m) Beam=(0.0 m) PositionreferencefromStarboard=(0.0 m) PositionreferencefromBow=(0.0 m) MothershipUserID=(0) Spare=(0)

1  : pgn=130842 line=Rx 10347154 19 ff 1a 01 02 57 59 4e 20 20 20 20
source=1: pgn=Simnet: AIS Class B static data (msg 24 Part B)(130842): values=ManufacturerCode=(1794) IndustryCode=(2) MessageID=(25) RepeatIndicator=("1") D=(78) E=(32) UserID=(0) Typeofship=("0") VendorID=(0) Callsign=(0) Length=(0.0 m) Beam=(0.0 m) PositionreferencefromStarboard=(0.0 m) PositionreferencefromBow=(0.0 m) MothershipUserID=(0) Spare=(0)

1  : pgn=130842 line=Rx 10347154 19 ff 1a 01 03 20 20 20 20 20 20 20
source=1: pgn=Simnet: AIS Class B static data (msg 24 Part B)(130842): values=ManufacturerCode=(3) IndustryCode=(1) MessageID=(32) RepeatIndicator=("0") D=(32) E=(32) UserID=(0) Typeofship=("0") VendorID=(0) Callsign=(0) Length=(0.0 m) Beam=(0.0 m) PositionreferencefromStarboard=(0.0 m) PositionreferencefromBow=(0.0 m) MothershipUserID=(0) Spare=(0)

1  : pgn=130842 line=Rx 10347155 19 ff 1a 01 04 20 20 ff ff ff ff ff
source=1: pgn=Simnet: AIS Class B static data (msg 24 Part B)(130842): values=ManufacturerCode=(4) IndustryCode=(1) MessageID=(32) RepeatIndicator=("0") D=(None) E=(None) UserID=(0) Typeofship=("0") VendorID=(0) Callsign=(0) Length=(0.0 m) Beam=(0.0 m) PositionreferencefromStarboard=(0.0 m) PositionreferencefromBow=(0.0 m) MothershipUserID=(0) Spare=(0)

32 : pgn=128259 line=Rx 10347167 09 f5 03 20 eb 2d 01 ff ff ff ff ff
1  : pgn=129038 line=Rx 10347181 11 f8 0e 01 80 1b c1 a0 c1 e2 15 97
1  : pgn=129038 line=Rx 10347182 11 f8 0e 01 81 57 14 b7 9c 53 66 1c
1  : pgn=129038 line=Rx 10347182 11 f8 0e 01 82 80 c5 10 00 00 00 00
1  : pgn=129038 line=Rx 10347183 11 f8 0e 01 83 00 ff ff ff 7f f0 fe
0  : pgn=127250 line=Rx 10347188 09 f1 12 00 ff 5d 42 ff 7f ff 7f fd
source=0: pgn=Vessel Heading(127250): values=Heading=(97.34 deg) Deviation=(None) Variation=(None) Reference=("1")

0  : pgn=127245 line=Rx 10347189 09 f1 0d 00 00 f8 ff 7f 00 00 ff ff
source=0: pgn=Rudder(127245): values=Instance=(0) DirectionOrder=("0") AngleOrder=(None) Position=(0.00 deg)

0  : pgn=65359  line=Rx 10347193 1c ff 4f 00 3b 9f ff ff ff 5d 42 ff
source=0: pgn=Seatalk: Pilot Heading(65359): values=ManufacturerCode=(1851) IndustryCode=(4) HeadingTrue=(None) HeadingMagnetic=(97.34 deg)

3  : pgn=129025 line=Tx 10347226 09 f8 01 03 26 65 6f 1c 95 b8 fd b6
source=3: pgn=Position, Rapid Update(129025): values=Latitude=(47.706243799999996 deg) Longitude=(-122.4886123 deg)

32 : pgn=128259 line=Rx 10347266 09 f5 03 20 ec 32 01 ff ff ff ff ff
source=32: pgn=Speed(128259): values=SpeedWaterReferenced=(3.06 m/s) SpeedGroundReferenced=(None) SpeedWaterReferencedType=(None) SpeedDirection=(None)

1  : pgn=129038 line=Rx 10347273 11 f8 0e 01 a0 1b c3 4e 83 dc 15 07
1  : pgn=129038 line=Rx 10347274 11 f8 0e 01 a1 9a 09 b7 66 fc 52 1c
1  : pgn=129038 line=Rx 10347274 11 f8 0e 01 a2 85 33 30 c0 02 00 00
1  : pgn=129038 line=Rx 10347275 11 f8 0e 01 a3 00 a2 2b d2 e5 f0 fe
0  : pgn=127250 line=Rx 10347286 09 f1 12 00 ff 65 42 ff 7f ff 7f fd
source=0: pgn=Vessel Heading(127250): values=Heading=(97.39 deg) Deviation=(None) Variation=(None) Reference=("1")

0  : pgn=127245 line=Rx 10347287 09 f1 0d 00 00 f8 ff 7f 00 00 ff ff
source=0: pgn=Rudder(127245): values=Instance=(0) DirectionOrder=("0") AngleOrder=(None) Position=(0.00 deg)

0  : pgn=65359  line=Rx 10347295 1c ff 4f 00 3b 9f ff ff ff 65 42 ff
source=0: pgn=Seatalk: Pilot Heading(65359): values=ManufacturerCode=(1851) IndustryCode=(4) HeadingTrue=(None) HeadingMagnetic=(97.39 deg)

3  : pgn=129026 line=Tx 10347326 09 f8 02 03 ff fc 50 47 53 01 ff ff
source=3: pgn=COG & SOG, Rapid Update(129026): values=COGReference=("0") COG=(104.60 deg) SOG=(3.39 m/s)

3  : pgn=130577 line=Tx 10347326 0d fe 11 03 20 0e c0 9a 50 47 53 01
3  : pgn=130577 line=Tx 10347326 0d fe 11 03 21 ff ff ff ff 78 2c 45
3  : pgn=130577 line=Tx 10347326 0d fe 11 03 22 00 ff ff ff ff ff ff
3  : pgn=129025 line=Tx 10347326 09 f8 01 03 26 65 6f 1c 95 b8 fd b6
3  : pgn=130306 line=Tx 10347326 09 fd 02 03 ff 4c 03 71 c8 fa ff ff
source=3: pgn=Wind Data(130306): values=WindSpeed=(8.44 m/s) WindAngle=(294.00 deg) Reference=("2")

32 : pgn=128259 line=Rx 10347366 09 f5 03 20 ed 35 01 ff ff ff ff ff
source=32: pgn=Speed(128259): values=SpeedWaterReferenced=(3.09 m/s) SpeedGroundReferenced=(None) SpeedWaterReferencedType=(None) SpeedDirection=(None)

0  : pgn=127250 line=Rx 10347378 09 f1 12 00 ff 79 42 ff 7f ff 7f fd
source=0: pgn=Vessel Heading(127250): values=Heading=(97.50 deg) Deviation=(None) Variation=(None) Reference=("1")

0  : pgn=127245 line=Rx 10347379 09 f1 0d 00 00 f8 ff 7f 00 00 ff ff
source=0: pgn=Rudder(127245): values=Instance=(0) DirectionOrder=("0") AngleOrder=(None) Position=(0.00 deg)

0  : pgn=65359  line=Rx 10347383 1c ff 4f 00 3b 9f ff ff ff 79 42 ff
source=0: pgn=Seatalk: Pilot Heading(65359): values=ManufacturerCode=(1851) IndustryCode=(4) HeadingTrue=(None) HeadingMagnetic=(97.50 deg)

1  : pgn=129794 line=Rx 10347395 19 fb 02 01 60 4b 05 a8 e4 f8 15 59
1  : pgn=129794 line=Rx 10347396 19 fb 02 01 61 30 89 00 57 41 49 36
1  : pgn=129794 line=Rx 10347396 19 fb 02 01 62 35 32 36 52 4f 47 55
1  : pgn=129794 line=Rx 10347397 19 fb 02 01 63 45 20 20 20 20 20 20
1  : pgn=129794 line=Rx 10347397 19 fb 02 01 64 20 20 20 20 20 20 20
1  : pgn=129794 line=Rx 10347398 19 fb 02 01 65 20 20 1e 00 00 00 00
1  : pgn=129794 line=Rx 10347398 19 fb 02 01 66 ff ff ff ff ff ff 00
1  : pgn=129794 line=Rx 10347399 19 fb 02 01 67 00 00 00 fa 00 53 45
1  : pgn=129794 line=Rx 10347400 19 fb 02 01 68 41 54 54 4c 45 2c 20
1  : pgn=129794 line=Rx 10347400 19 fb 02 01 69 57 41 20 20 20 20 20
1  : pgn=129794 line=Rx 10347401 19 fb 02 01 6a 20 20 20 20 04 e1 ff
4  : pgn=65384  line=Rx 10347403 1c ff 68 04 3b 9f 00 00 00 00 00 00
3  : pgn=129283 line=Tx 10347427 0d f9 03 03 ff 7f ff ff ff 7f ff ff
source=3: pgn=Cross Track Error(129283): values=XTEmode=(None) NavigationTerminated=("1") XTE=(None)

3  : pgn=129025 line=Tx 10347427 09 f8 01 03 16 65 6f 1c e7 b8 fd b6
source=3: pgn=Position, Rapid Update(129025): values=Latitude=(47.7062422 deg) Longitude=(-122.48860409999999 deg)

3  : pgn=128267 line=Tx 10347427 0d f5 0b 03 ff bc 3d 00 00 00 00 ff
source=3: pgn=Water Depth(128267): values=Depth=(158.04 m) Offset=(0.0 m) Range=(None)

32 : pgn=128259 line=Rx 10347465 09 f5 03 20 ee 36 01 ff ff ff ff ff
source=32: pgn=Speed(128259): values=SpeedWaterReferenced=(3.1 m/s) SpeedGroundReferenced=(None) SpeedWaterReferencedType=(None) SpeedDirection=(None)

0  : pgn=127250 line=Rx 10347484 09 f1 12 00 ff 81 42 ff 7f ff 7f fd
source=0: pgn=Vessel Heading(127250): values=Heading=(97.55 deg) Deviation=(None) Variation=(None) Reference=("1")

0  : pgn=127245 line=Rx 10347484 09 f1 0d 00 00 f8 ff 7f 00 00 ff ff
source=0: pgn=Rudder(127245): values=Instance=(0) DirectionOrder=("0") AngleOrder=(None) Position=(0.00 deg)

0  : pgn=65359  line=Rx 10347491 1c ff 4f 00 3b 9f ff ff ff 81 42 ff
source=0: pgn=Seatalk: Pilot Heading(65359): values=ManufacturerCode=(1851) IndustryCode=(4) HeadingTrue=(None) HeadingMagnetic=(97.55 deg)

3  : pgn=129026 line=Tx 10347527 09 f8 02 03 ff fc 85 47 52 01 ff ff
source=3: pgn=COG & SOG, Rapid Update(129026): values=COGReference=("0") COG=(104.90 deg) SOG=(3.38 m/s)

3  : pgn=129025 line=Tx 10347527 09 f8 01 03 16 65 6f 1c e7 b8 fd b6
source=3: pgn=Position, Rapid Update(129025): values=Latitude=(47.7062422 deg) Longitude=(-122.48860409999999 deg)

3  : pgn=129542 line=Tx 10347527 19 fa 06 03 20 0f 9a 58 01 00 00 00
3  : pgn=129542 line=Tx 10347527 19 fa 06 03 21 00 00 00 00 00 00 00
3  : pgn=129542 line=Tx 10347527 19 fa 06 03 22 00 00 ff ff ff ff ff
3  : pgn=65364  line=Tx 10347527 1c ff 54 03 3b 9f 4c 03 71 c8 ff ff
1  : pgn=129038 line=Rx 10347551 11 f8 0e 01 c0 1b c1 d2 d5 e2 15 ff
1  : pgn=129038 line=Rx 10347551 11 f8 0e 01 c1 ff ff 7f ff ff ff 7f
1  : pgn=129038 line=Rx 10347552 11 f8 0e 01 c2 fc ff ff ff ff 00 00
1  : pgn=129038 line=Rx 10347552 11 f8 0e 01 c3 00 ff ff ff 7f f0 fe
32 : pgn=128259 line=Rx 10347565 09 f5 03 20 ef 36 01 ff ff ff ff ff
source=32: pgn=Speed(128259): values=SpeedWaterReferenced=(3.1 m/s) SpeedGroundReferenced=(None) SpeedWaterReferencedType=(None) SpeedDirection=(None)

0  : pgn=127250 line=Rx 10347578 09 f1 12 00 ff aa 42 ff 7f ff 7f fd
source=0: pgn=Vessel Heading(127250): values=Heading=(97.78 deg) Deviation=(None) Variation=(None) Reference=("1")

1  : pgn=129038 line=Rx 10347578 11 f8 0e 01 e0 1b c1 50 c6 e2 15 ff
0  : pgn=127245 line=Rx 10347579 09 f1 0d 00 00 f8 ff 7f 00 00 ff ff
source=0: pgn=Rudder(127245): values=Instance=(0) DirectionOrder=("0") AngleOrder=(None) Position=(0.00 deg)

1  : pgn=129038 line=Rx 10347579 11 f8 0e 01 e1 ff ff 7f ff ff ff 7f
1  : pgn=129038 line=Rx 10347580 11 f8 0e 01 e2 fc ff ff ff ff 01 00
1  : pgn=129038 line=Rx 10347581 11 f8 0e 01 e3 08 ff ff ff 7f f0 fe
0  : pgn=65379  line=Rx 10347585 1c ff 63 00 3b 9f 00 00 00 00 01 ff
source=0: pgn=Seatalk: Pilot Mode(65379): values=ManufacturerCode=(1851) IndustryCode=(4) PilotMode=(0) SubMode=(0) PilotModeData=(0)

0  : pgn=65359  line=Rx 10347586 1c ff 4f 00 3b 9f ff ff ff aa 42 ff
source=0: pgn=Seatalk: Pilot Heading(65359): values=ManufacturerCode=(1851) IndustryCode=(4) HeadingTrue=(None) HeadingMagnetic=(97.78 deg)

0  : pgn=126975 line=Rx 10347588 1d ef ff 00 40 0d 3b 9f f0 81 84 16
0  : pgn=126975 line=Rx 10347589 1d ef ff 00 41 44 10 00 00 00 02 05
3  : pgn=129540 line=Tx 10347630 19 fa 04 03 60 9f bc ff 0d 03 97 1a
source=3: pgn=GNSS Sats in View(129540): values=RangeResidualMode=(None) SatsinView=(188) PRN=(None) Elevation=(4.47 deg) Azimuth=(39.00 deg) SNR=(0.0 dB) Rangeresiduals=(0) Status=("0")

3  : pgn=129540 line=Tx 10347630 19 fa 04 03 61 2e 26 00 00 00 00 00
source=3: pgn=GNSS Sats in View(129540): values=RangeResidualMode=("0") SatsinView=(38) PRN=(0) Elevation=(0.00 deg) Azimuth=(0.00 deg) SNR=(0.0 dB) Rangeresiduals=(0) Status=("0")

3  : pgn=129540 line=Tx 10347630 19 fa 04 03 62 00 f3 0f ff 1d ad 3c
source=3: pgn=GNSS Sats in View(129540): values=RangeResidualMode=("0") SatsinView=(243) PRN=(15) Elevation=(44.00 deg) Azimuth=(89.00 deg) SNR=(0.0 dB) Rangeresiduals=(0) Status=("0")

3  : pgn=129540 line=Tx 10347630 19 fa 04 03 63 1c 0c 00 00 00 00 f5
source=3: pgn=GNSS Sats in View(129540): values=RangeResidualMode=("0") SatsinView=(12) PRN=(0) Elevation=(0.00 deg) Azimuth=(359.36 deg) SNR=(0.0 dB) Rangeresiduals=(0) Status=("0")

3  : pgn=129540 line=Tx 10347630 19 fa 04 03 64 10 17 13 c2 b8 ac 0d
source=3: pgn=GNSS Sats in View(129540): values=RangeResidualMode=("0") SatsinView=(23) PRN=(19) Elevation=(-104.50 deg) Azimuth=(20.05 deg) SNR=(0.0 dB) Rangeresiduals=(0) Status=("0")

3  : pgn=129540 line=Tx 10347630 19 fa 04 03 65 00 00 00 00 f5 12 c5
source=3: pgn=GNSS Sats in View(129540): values=RangeResidualMode=("0") SatsinView=(0) PRN=(0) Elevation=(-16.13 deg) Azimuth=(289.06 deg) SNR=(0.0 dB) Rangeresiduals=(0) Status=("0")

3  : pgn=129540 line=Tx 10347630 19 fa 04 03 66 31 f2 93 74 0e 00 00
source=3: pgn=GNSS Sats in View(129540): values=RangeResidualMode=("1") SatsinView=(242) PRN=(147) Elevation=(21.20 deg) Azimuth=(0.00 deg) SNR=(0.0 dB) Rangeresiduals=(0) Status=("0")

3  : pgn=129540 line=Tx 10347630 19 fa 04 03 67 00 00 f5 13 69 03 1f
source=3: pgn=GNSS Sats in View(129540): values=RangeResidualMode=("0") SatsinView=(0) PRN=(245) Elevation=(154.12 deg) Azimuth=(45.49 deg) SNR=(0.0 dB) Rangeresiduals=(0) Status=("0")

3  : pgn=129540 line=Tx 10347630 19 fa 04 03 68 d8 d8 0e 00 00 00 00
source=3: pgn=GNSS Sats in View(129540): values=RangeResidualMode=("0") SatsinView=(216) PRN=(14) Elevation=(0.00 deg) Azimuth=(0.00 deg) SNR=(0.0 dB) Rangeresiduals=(0) Status=("0")

3  : pgn=129540 line=Tx 10347630 19 fa 04 03 69 f5 15 e8 37 68 21 48
source=3: pgn=GNSS Sats in View(129540): values=RangeResidualMode=("1") SatsinView=(21) PRN=(232) Elevation=(152.86 deg) Azimuth=(105.80 deg) SNR=(0.0 dB) Rangeresiduals=(0) Status=("0")

3  : pgn=129540 line=Tx 10347630 19 fa 04 03 6a 0d 00 00 00 00 f5 16
source=3: pgn=GNSS Sats in View(129540): values=RangeResidualMode=("1") SatsinView=(0) PRN=(0) Elevation=(0.00 deg) Azimuth=(33.67 deg) SNR=(0.0 dB) Rangeresiduals=(0) Status=("0")

3  : pgn=129540 line=Tx 10347632 19 fa 04 03 6b 80 16 cf 9c cc 10 00
source=3: pgn=GNSS Sats in View(129540): values=RangeResidualMode=("0") SatsinView=(22) PRN=(207) Elevation=(-75.38 deg) Azimuth=(0.09 deg) SNR=(0.0 dB) Rangeresiduals=(0) Status=("0")

3  : pgn=129540 line=Tx 10347633 19 fa 04 03 6c 00 00 00 f5 1a ae 0f
source=3: pgn=GNSS Sats in View(129540): values=RangeResidualMode=("0") SatsinView=(0) PRN=(0) Elevation=(39.54 deg) Azimuth=(23.00 deg) SNR=(0.0 dB) Rangeresiduals=(0) Status=("0")

3  : pgn=129540 line=Tx 10347633 19 fa 04 03 6d 5d 1f ac 0d 00 00 00
source=3: pgn=GNSS Sats in View(129540): values=RangeResidualMode=("1") SatsinView=(31) PRN=(172) Elevation=(0.07 deg) Azimuth=(0.00 deg) SNR=(0.0 dB) Rangeresiduals=(0) Status=("0")

3  : pgn=129540 line=Tx 10347634 19 fa 04 03 6e 00 f5 1b d1 15 ab d2
source=3: pgn=GNSS Sats in View(129540): values=RangeResidualMode=("0") SatsinView=(245) PRN=(27) Elevation=(32.00 deg) Azimuth=(309.00 deg) SNR=(0.0 dB) Rangeresiduals=(0) Status=("0")

3  : pgn=129540 line=Tx 10347635 19 fa 04 03 6f 3c 0f 00 00 00 00 f5
source=3: pgn=GNSS Sats in View(129540): values=RangeResidualMode=("0") SatsinView=(15) PRN=(0) Elevation=(0.00 deg) Azimuth=(359.36 deg) SNR=(0.0 dB) Rangeresiduals=(0) Status=("0")

3  : pgn=129540 line=Tx 10347636 19 fa 04 03 70 1d 00 0f a1 67 54 0b
source=3: pgn=GNSS Sats in View(129540): values=RangeResidualMode=("1") SatsinView=(0) PRN=(15) Elevation=(152.00 deg) Azimuth=(16.62 deg) SNR=(0.0 dB) Rangeresiduals=(0) Status=("0")

3  : pgn=129540 line=Tx 10347637 19 fa 04 03 71 00 00 00 00 f5 23 d1
source=3: pgn=GNSS Sats in View(129540): values=RangeResidualMode=("0") SatsinView=(0) PRN=(0) Elevation=(-16.13 deg) Azimuth=(306.76 deg) SNR=(0.0 dB) Rangeresiduals=(0) Status=("0")

3  : pgn=129540 line=Tx 10347638 19 fa 04 03 72 15 c3 8b 00 00 00 00
source=3: pgn=GNSS Sats in View(129540): values=RangeResidualMode=("1") SatsinView=(195) PRN=(139) Elevation=(0.00 deg) Azimuth=(0.00 deg) SNR=(0.0 dB) Rangeresiduals=(0) Status=("0")

3  : pgn=129540 line=Tx 10347638 19 fa 04 03 73 00 00 f3 30 2e 17 43
source=3: pgn=GNSS Sats in View(129540): values=RangeResidualMode=("0") SatsinView=(0) PRN=(243) Elevation=(67.75 deg) Azimuth=(98.41 deg) SNR=(0.0 dB) Rangeresiduals=(0) Status=("0")

3  : pgn=129540 line=Tx 10347639 19 fa 04 03 74 84 3c 0f 00 00 00 00
source=3: pgn=GNSS Sats in View(129540): values=RangeResidualMode=("0") SatsinView=(60) PRN=(15) Elevation=(0.00 deg) Azimuth=(0.00 deg) SNR=(0.0 dB) Rangeresiduals=(0) Status=("0")

3  : pgn=129540 line=Tx 10347641 19 fa 04 03 75 f5 33 80 16 67 6c f0
source=3: pgn=GNSS Sats in View(129540): values=RangeResidualMode=("1") SatsinView=(51) PRN=(128) Elevation=(151.20 deg) Azimuth=(352.64 deg) SNR=(0.0 dB) Rangeresiduals=(0) Status=("0")

3  : pgn=129540 line=Tx 10347641 19 fa 04 03 76 0a 00 00 00 00 f5 ff
source=3: pgn=GNSS Sats in View(129540): values=RangeResidualMode=("0") SatsinView=(0) PRN=(0) Elevation=(0.00 deg) Azimuth=(375.43 deg) SNR=(0.0 dB) Rangeresiduals=(0) Status=("0")

3  : pgn=129025 line=Tx 10347642 09 f8 01 03 01 65 6f 1c 3b b9 fd b6
source=3: pgn=Position, Rapid Update(129025): values=Latitude=(47.706240099999995 deg) Longitude=(-122.48859569999999 deg)

3  : pgn=127258 line=Tx 10347643 19 f1 1a 03 ff f6 12 39 fa 0a ff ff
source=3: pgn=Magnetic Variation(127258): values=Source=("6") Ageofservice=(14610 d) Variation=(16.10 deg)

32 : pgn=128259 line=Rx 10347664 09 f5 03 20 f0 32 01 ff ff ff ff ff
source=32: pgn=Speed(128259): values=SpeedWaterReferenced=(3.06 m/s) SpeedGroundReferenced=(None) SpeedWaterReferencedType=(None) SpeedDirection=(None)

0  : pgn=127250 line=Rx 10347689 09 f1 12 00 ff ca 42 ff 7f ff 7f fd
source=0: pgn=Vessel Heading(127250): values=Heading=(97.96 deg) Deviation=(None) Variation=(None) Reference=("1")

0  : pgn=127245 line=Rx 10347690 09 f1 0d 00 00 f8 ff 7f 00 00 ff ff
source=0: pgn=Rudder(127245): values=Instance=(0) DirectionOrder=("0") AngleOrder=(None) Position=(0.00 deg)

0  : pgn=65359  line=Rx 10347696 1c ff 4f 00 3b 9f ff ff ff ca 42 ff
source=0: pgn=Seatalk: Pilot Heading(65359): values=ManufacturerCode=(1851) IndustryCode=(4) HeadingTrue=(None) HeadingMagnetic=(97.96 deg)

0  : pgn=126975 line=Rx 10347699 1d ef ff 00 60 09 3b 9f f0 81 ae 02
0  : pgn=126975 line=Rx 10347701 1d ef ff 00 61 00 08 00 ff ff ff ff
1  : pgn=129038 line=Rx 10347730 11 f8 0e 01 00 1b c1 30 83 dc 15 5d
source=1: pgn=AIS Class A Position Report(129038): values=MessageID=(0) RepeatIndicator=("0") UserID=(2201010459) Longitude=(0.0 deg) Latitude=(0.0 deg) PositionAccuracy=("0") RAIM=("0") TimeStamp=("0") COG=(0.00 deg) SOG=(0.0 m/s) CommunicationState=(0) AISTransceiverinformation=("0") Heading=(0.00 deg) RateofTurn=(0.00 deg/s) NavStatus=("0") SpecialManeuverIndicator=("0") Spare=(0) SequenceID=(0)

1  : pgn=129038 line=Rx 10347731 11 f8 0e 01 01 f9 f9 b6 40 3d 62 1c
source=1: pgn=AIS Class A Position Report(129038): values=MessageID=(1) RepeatIndicator=("0") UserID=(1085733369) Longitude=(0.0 deg) Latitude=(0.0 deg) PositionAccuracy=("0") RAIM=("0") TimeStamp=("0") COG=(0.00 deg) SOG=(0.0 m/s) CommunicationState=(0) AISTransceiverinformation=("0") Heading=(0.00 deg) RateofTurn=(0.00 deg/s) NavStatus=("0") SpecialManeuverIndicator=("0") Spare=(0) SequenceID=(0)

3  : pgn=129026 line=Tx 10347731 09 f8 02 03 ff fc b9 47 51 01 ff ff
source=3: pgn=COG & SOG, Rapid Update(129026): values=COGReference=("0") COG=(105.20 deg) SOG=(3.37 m/s)

3  : pgn=129025 line=Tx 10347731 09 f8 01 03 01 65 6f 1c 3b b9 fd b6
source=3: pgn=Position, Rapid Update(129025): values=Latitude=(47.706240099999995 deg) Longitude=(-122.48859569999999 deg)

1  : pgn=129038 line=Rx 10347731 11 f8 0e 01 02 89 a5 c2 00 00 00 00
source=1: pgn=AIS Class A Position Report(129038): values=MessageID=(2) RepeatIndicator=("0") UserID=(12756361) Longitude=(0.0 deg) Latitude=(0.0 deg) PositionAccuracy=("0") RAIM=("0") TimeStamp=("0") COG=(0.00 deg) SOG=(0.0 m/s) CommunicationState=(0) AISTransceiverinformation=("0") Heading=(0.00 deg) RateofTurn=(0.00 deg/s) NavStatus=("0") SpecialManeuverIndicator=("0") Spare=(0) SequenceID=(0)

1  : pgn=129038 line=Rx 10347732 11 f8 0e 01 03 00 70 c8 00 00 ff fe
source=1: pgn=AIS Class A Position Report(129038): values=MessageID=(3) RepeatIndicator=("0") UserID=(13135872) Longitude=(0.0 deg) Latitude=(0.0 deg) PositionAccuracy=("0") RAIM=("0") TimeStamp=("0") COG=(0.00 deg) SOG=(0.0 m/s) CommunicationState=(0) AISTransceiverinformation=("0") Heading=(0.00 deg) RateofTurn=(0.00 deg/s) NavStatus=("0") SpecialManeuverIndicator=("0") Spare=(0) SequenceID=(0)

1  : pgn=129041 line=Rx 10347733 11 f8 11 01 00 30 15 76 89 3a 3b ed
source=1: pgn=AIS Aids to Navigation (AtoN) Report(129041): values=MessageID=(0) RepeatIndicator=("0") UserID=(2306217264) Longitude=(0.0 deg) Latitude=(0.0 deg) PositionAccuracy=("0") RAIM=("0") TimeStamp=("0") Length/Diameter=(0.0 m) Beam/Diameter=(0.0 m) PositionReferencefromStarboardEdge=(0.0 m) PositionReferencefromTrueNorthFacingEdge=(0.0 m) AtoNType=("0") OffPositionIndicator=("0") VirtualAtoNFlag=("0") AssignedModeFlag=("0") Spare=(0) PositionFixingDeviceType=("0") AtoNStatus=(0) AISTransceiverinformation=("0") AtoNName=(None)

1  : pgn=129041 line=Rx 10347734 11 f8 11 01 01 61 e3 b6 67 78 ad 1c
source=1: pgn=AIS Aids to Navigation (AtoN) Report(129041): values=MessageID=(1) RepeatIndicator=("0") UserID=(1740039009) Longitude=(0.0 deg) Latitude=(0.0 deg) PositionAccuracy=("0") RAIM=("0") TimeStamp=("0") Length/Diameter=(0.0 m) Beam/Diameter=(0.0 m) PositionReferencefromStarboardEdge=(0.0 m) PositionReferencefromTrueNorthFacingEdge=(0.0 m) AtoNType=("0") OffPositionIndicator=("0") VirtualAtoNFlag=("0") AssignedModeFlag=("0") Spare=(0) PositionFixingDeviceType=("0") AtoNStatus=(0) AISTransceiverinformation=("0") AtoNName=(None)

1  : pgn=129041 line=Rx 10347735 11 f8 11 01 02 f4 00 00 00 00 00 00
source=1: pgn=AIS Aids to Navigation (AtoN) Report(129041): values=MessageID=(2) RepeatIndicator=("0") UserID=(244) Longitude=(0.0 deg) Latitude=(0.0 deg) PositionAccuracy=("0") RAIM=("0") TimeStamp=("0") Length/Diameter=(0.0 m) Beam/Diameter=(0.0 m) PositionReferencefromStarboardEdge=(0.0 m) PositionReferencefromTrueNorthFacingEdge=(0.0 m) AtoNType=("0") OffPositionIndicator=("0") VirtualAtoNFlag=("0") AssignedModeFlag=("0") Spare=(0) PositionFixingDeviceType=("0") AtoNStatus=(0) AISTransceiverinformation=("0") AtoNName=(None)

1  : pgn=129041 line=Rx 10347735 11 f8 11 01 03 ff ff 52 ee ff e1 16
source=1: pgn=AIS Aids to Navigation (AtoN) Report(129041): values=MessageID=(3) RepeatIndicator=("0") UserID=(3998416895) Longitude=(0.0 deg) Latitude=(0.0 deg) PositionAccuracy=("0") RAIM=("0") TimeStamp=("0") Length/Diameter=(0.0 m) Beam/Diameter=(0.0 m) PositionReferencefromStarboardEdge=(0.0 m) PositionReferencefromTrueNorthFacingEdge=(0.0 m) AtoNType=("0") OffPositionIndicator=("0") VirtualAtoNFlag=("0") AssignedModeFlag=("0") Spare=(0) PositionFixingDeviceType=("0") AtoNStatus=(0) AISTransceiverinformation=("0") AtoNName=(None)

1  : pgn=129041 line=Rx 10347736 11 f8 11 01 04 01 50 53 20 54 53 4c
source=1: pgn=AIS Aids to Navigation (AtoN) Report(129041): values=MessageID=(4) RepeatIndicator=("0") UserID=(542330881) Longitude=(0.0 deg) Latitude=(0.0 deg) PositionAccuracy=("0") RAIM=("0") TimeStamp=("0") Length/Diameter=(0.0 m) Beam/Diameter=(0.0 m) PositionReferencefromStarboardEdge=(0.0 m) PositionReferencefromTrueNorthFacingEdge=(0.0 m) AtoNType=("0") OffPositionIndicator=("0") VirtualAtoNFlag=("0") AssignedModeFlag=("0") Spare=(0) PositionFixingDeviceType=("0") AtoNStatus=(0) AISTransceiverinformation=("0") AtoNName=(None)

1  : pgn=129041 line=Rx 10347736 11 f8 11 01 05 20 53 42 20 20 20 20
source=1: pgn=AIS Aids to Navigation (AtoN) Report(129041): values=MessageID=(5) RepeatIndicator=("0") UserID=(541217568) Longitude=(0.0 deg) Latitude=(0.0 deg) PositionAccuracy=("0") RAIM=("0") TimeStamp=("0") Length/Diameter=(0.0 m) Beam/Diameter=(0.0 m) PositionReferencefromStarboardEdge=(0.0 m) PositionReferencefromTrueNorthFacingEdge=(0.0 m) AtoNType=("0") OffPositionIndicator=("0") VirtualAtoNFlag=("0") AssignedModeFlag=("0") Spare=(0) PositionFixingDeviceType=("0") AtoNStatus=(0) AISTransceiverinformation=("0") AtoNName=(None)

1  : pgn=129041 line=Rx 10347737 11 f8 11 01 06 20 20 20 20 20 20 20
source=1: pgn=AIS Aids to Navigation (AtoN) Report(129041): values=MessageID=(6) RepeatIndicator=("0") UserID=(538976288) Longitude=(0.0 deg) Latitude=(0.0 deg) PositionAccuracy=("0") RAIM=("0") TimeStamp=("0") Length/Diameter=(0.0 m) Beam/Diameter=(0.0 m) PositionReferencefromStarboardEdge=(0.0 m) PositionReferencefromTrueNorthFacingEdge=(0.0 m) AtoNType=("0") OffPositionIndicator=("0") VirtualAtoNFlag=("0") AssignedModeFlag=("0") Spare=(0) PositionFixingDeviceType=("0") AtoNStatus=(0) AISTransceiverinformation=("0") AtoNName=(None)

32 : pgn=128259 line=Rx 10347764 09 f5 03 20 f1 39 01 ff ff ff ff ff
source=32: pgn=Speed(128259): values=SpeedWaterReferenced=(3.13 m/s) SpeedGroundReferenced=(None) SpeedWaterReferencedType=(None) SpeedDirection=(None)

0  : pgn=127250 line=Rx 10347778 09 f1 12 00 ff dc 42 ff 7f ff 7f fd
source=0: pgn=Vessel Heading(127250): values=Heading=(98.07 deg) Deviation=(None) Variation=(None) Reference=("1")

0  : pgn=127245 line=Rx 10347779 09 f1 0d 00 00 f8 ff 7f 00 00 ff ff
source=0: pgn=Rudder(127245): values=Instance=(0) DirectionOrder=("0") AngleOrder=(None) Position=(0.00 deg)

0  : pgn=65359  line=Rx 10347785 1c ff 4f 00 3b 9f ff ff ff dc 42 ff
source=0: pgn=Seatalk: Pilot Heading(65359): values=ManufacturerCode=(1851) IndustryCode=(4) HeadingTrue=(None) HeadingMagnetic=(98.07 deg)

1  : pgn=129810 line=Rx 10347793 19 fb 12 01 c0 21 18 50 89 27 14 25
1  : pgn=129810 line=Rx 10347794 19 fb 12 01 c1 c0 33 24 56 4c 20 53
1  : pgn=129810 line=Rx 10347794 19 fb 12 01 c2 40 40 40 40 40 40 40
1  : pgn=129810 line=Rx 10347795 19 fb 12 01 c3 be 00 3c 00 1e 00 46
1  : pgn=129810 line=Rx 10347795 19 fb 12 01 c4 00 00 00 00 00 fb ff
1  : pgn=130842 line=Rx 10347796 19 ff 1a 01 20 24 41 9f 01 00 00 50
1  : pgn=130842 line=Rx 10347796 19 ff 1a 01 21 89 27 14 00 c0 33 24
1  : pgn=130842 line=Rx 10347797 19 ff 1a 01 22 56 4c 20 53 40 40 40
1  : pgn=130842 line=Rx 10347798 19 ff 1a 01 23 40 40 40 40 be 00 3c
1  : pgn=130842 line=Rx 10347798 19 ff 1a 01 24 00 1e 00 46 00 00 00
1  : pgn=130842 line=Rx 10347800 19 ff 1a 01 25 00 00 ff ff ff ff ff
3  : pgn=129029 line=Tx 10347831 0d f8 05 03 20 2b 9a 06 40 00 7e 14
3  : pgn=129029 line=Tx 10347831 0d f8 05 03 21 2c 00 ca 4c e3 b9 dd
3  : pgn=129029 line=Tx 10347831 0d f8 05 03 22 9e 06 00 8e a6 3a b6
3  : pgn=129029 line=Tx 10347831 0d f8 05 03 23 54 00 ef ff ff ff ff
3  : pgn=129029 line=Tx 10347831 0d f8 05 03 24 ff ff ff 7f 23 fc 09
3  : pgn=129029 line=Tx 10347831 0d f8 05 03 25 55 00 ff 7f ff ff ff
3  : pgn=129029 line=Tx 10347832 0d f8 05 03 26 7f 00 ff ff ff ff ff
3  : pgn=129025 line=Tx 10347832 09 f8 01 03 01 65 6f 1c 3b b9 fd b6
source=3: pgn=Position, Rapid Update(129025): values=Latitude=(47.706240099999995 deg) Longitude=(-122.48859569999999 deg)

3  : pgn=129033 line=Tx 10347832 0d f8 09 03 06 40 00 7e 14 2c 5c fe
source=3: pgn=Time & Date(129033): values=Date=(16390 d) Time=(73954.04800000001 s) LocalOffset=(-25200.0 s)

32 : pgn=128259 line=Rx 10347863 09 f5 03 20 f2 27 01 ff ff ff ff ff
source=32: pgn=Speed(128259): values=SpeedWaterReferenced=(2.95 m/s) SpeedGroundReferenced=(None) SpeedWaterReferencedType=(None) SpeedDirection=(None)

0  : pgn=127250 line=Rx 10347878 09 f1 12 00 ff 03 43 ff 7f ff 7f fd
source=0: pgn=Vessel Heading(127250): values=Heading=(98.29 deg) Deviation=(None) Variation=(None) Reference=("1")

0  : pgn=127245 line=Rx 10347879 09 f1 0d 00 00 f8 ff 7f 00 00 ff ff
source=0: pgn=Rudder(127245): values=Instance=(0) DirectionOrder=("0") AngleOrder=(None) Position=(0.00 deg)

0  : pgn=65359  line=Rx 10347886 1c ff 4f 00 3b 9f ff ff ff 03 43 ff
source=0: pgn=Seatalk: Pilot Heading(65359): values=ManufacturerCode=(1851) IndustryCode=(4) HeadingTrue=(None) HeadingMagnetic=(98.29 deg)

3  : pgn=129026 line=Tx 10347932 09 f8 02 03 ff fc dc 47 51 01 ff ff
source=3: pgn=COG & SOG, Rapid Update(129026): values=COGReference=("0") COG=(105.40 deg) SOG=(3.37 m/s)

3  : pgn=129025 line=Tx 10347932 09 f8 01 03 db 64 6f 1c cd b9 fd b6
source=3: pgn=Position, Rapid Update(129025): values=Latitude=(47.7062363 deg) Longitude=(-122.48858109999999 deg)

3  : pgn=126992 line=Tx 10347932 0d f0 10 03 ff ff 06 40 e4 85 14 2c
source=3: pgn=System Time(126992): values=Source=(None) Date=(16390 d) Time=(73954.25 s)

32 : pgn=128259 line=Rx 10347963 09 f5 03 20 f3 23 01 ff ff ff ff ff
source=32: pgn=Speed(128259): values=SpeedWaterReferenced=(2.91 m/s) SpeedGroundReferenced=(None) SpeedWaterReferencedType=(None) SpeedDirection=(None)

0  : pgn=127250 line=Rx 10347982 09 f1 12 00 ff 24 43 ff 7f ff 7f fd
source=0: pgn=Vessel Heading(127250): values=Heading=(98.48 deg) Deviation=(None) Variation=(None) Reference=("1")

0  : pgn=127245 line=Rx 10347982 09 f1 0d 00 00 f8 ff 7f 00 00 ff ff
source=0: pgn=Rudder(127245): values=Instance=(0) DirectionOrder=("0") AngleOrder=(None) Position=(0.00 deg)

0  : pgn=65359  line=Rx 10347987 1c ff 4f 00 3b 9f ff ff ff 24 43 ff
source=0: pgn=Seatalk: Pilot Heading(65359): values=ManufacturerCode=(1851) IndustryCode=(4) HeadingTrue=(None) HeadingMagnetic=(98.48 deg)

1  : pgn=129038 line=Rx 10348006 11 f8 0e 01 20 1b c1 62 83 dc 15 2f
1  : pgn=129038 line=Rx 10348007 11 f8 0e 01 21 e7 f9 b6 99 4c 62 1c
1  : pgn=129038 line=Rx 10348007 11 f8 0e 01 22 89 64 d2 00 00 00 00
1  : pgn=129038 line=Rx 10348008 11 f8 0e 01 23 00 cd c9 00 00 ff fe
3  : pgn=129025 line=Tx 10348032 09 f8 01 03 db 64 6f 1c cd b9 fd b6
source=3: pgn=Position, Rapid Update(129025): values=Latitude=(47.7062363 deg) Longitude=(-122.48858109999999 deg)

32 : pgn=128259 line=Rx 10348064 09 f5 03 20 f4 1d 01 ff ff ff ff ff
source=32: pgn=Speed(128259): values=SpeedWaterReferenced=(2.85 m/s) SpeedGroundReferenced=(None) SpeedWaterReferencedType=(None) SpeedDirection=(None)

32 : pgn=130310 line=Rx 10348067 15 fd 06 20 e2 ff ff ff ff ff ff ff
source=32: pgn=Environmental Parameters (obsolete)(130310): values=WaterTemperature=(None) OutsideAmbientAirTemperature=(None) AtmosphericPressure=(None)

32 : pgn=128275 line=Rx 10348077 19 f5 13 20 80 0e ff ff ff ff ff ff
32 : pgn=128275 line=Rx 10348082 19 f5 13 20 81 20 ae 3c 00 20 ae 3c
0  : pgn=127250 line=Rx 10348084 09 f1 12 00 ff 31 43 ff 7f ff 7f fd
source=0: pgn=Vessel Heading(127250): values=Heading=(98.55 deg) Deviation=(None) Variation=(None) Reference=("1")

0  : pgn=127245 line=Rx 10348085 09 f1 0d 00 00 f8 ff 7f 00 00 ff ff
source=0: pgn=Rudder(127245): values=Instance=(0) DirectionOrder=("0") AngleOrder=(None) Position=(0.00 deg)

32 : pgn=128275 line=Rx 10348087 19 f5 13 20 82 00 ff ff ff ff ff ff
0  : pgn=65359  line=Rx 10348092 1c ff 4f 00 3b 9f ff ff ff 31 43 ff
source=0: pgn=Seatalk: Pilot Heading(65359): values=ManufacturerCode=(1851) IndustryCode=(4) HeadingTrue=(None) HeadingMagnetic=(98.55 deg)

0  : pgn=126975 line=Rx 10348094 1d ef ff 00 80 08 3b 9f f0 81 9c 51
0  : pgn=126975 line=Rx 10348095 1d ef ff 00 81 04 00 ff ff ff ff ff
1  : pgn=59936  line=Rx 10348125 18 ea 20 01 00 ee 00 00 00 00 00 00
3  : pgn=129026 line=Tx 10348132 09 f8 02 03 ff fc dc 47 51 01 ff ff
source=3: pgn=COG & SOG, Rapid Update(129026): values=COGReference=("0") COG=(105.40 deg) SOG=(3.37 m/s)

3  : pgn=129025 line=Tx 10348132 09 f8 01 03 db 64 6f 1c cd b9 fd b6
source=3: pgn=Position, Rapid Update(129025): values=Latitude=(47.7062363 deg) Longitude=(-122.48858109999999 deg)

3  : pgn=129291 line=Tx 10348132 0d f9 0b 03 ff fc 3a 29 40 00 ff ff
source=3: pgn=Set & Drift, Rapid Update(129291): values=SetReference=("0") Set=(60.47 deg) Drift=(0.64 m/s)

32 : pgn=128259 line=Rx 10348162 09 f5 03 20 f5 18 01 ff ff ff ff ff
0  : pgn=127250 line=Rx 10348178 09 f1 12 00 ff 46 43 ff 7f ff 7f fd
source=0: pgn=Vessel Heading(127250): values=Heading=(98.67 deg) Deviation=(None) Variation=(None) Reference=("1")

0  : pgn=127245 line=Rx 10348179 09 f1 0d 00 00 f8 ff 7f 00 00 ff ff
source=0: pgn=Rudder(127245): values=Instance=(0) DirectionOrder=("0") AngleOrder=(None) Position=(0.00 deg)

0  : pgn=65359  line=Rx 10348183 1c ff 4f 00 3b 9f ff ff ff 46 43 ff
source=0: pgn=Seatalk: Pilot Heading(65359): values=ManufacturerCode=(1851) IndustryCode=(4) HeadingTrue=(None) HeadingMagnetic=(98.67 deg)

1  : pgn=129041 line=Rx 10348189 11 f8 11 01 20 30 55 75 89 3a 3b 6d
1  : pgn=129041 line=Rx 10348189 11 f8 11 01 21 8b 0a b7 5b f8 47 1c
1  : pgn=129041 line=Rx 10348190 11 f8 11 01 22 f4 00 00 00 00 00 00
1  : pgn=129041 line=Rx 10348191 11 f8 11 01 23 ff ff 12 ee ff e1 16
1  : pgn=129041 line=Rx 10348191 11 f8 11 01 24 01 50 53 20 54 53 4c
1  : pgn=129041 line=Rx 10348192 11 f8 11 01 25 20 4c 42 20 54 41 20
1  : pgn=129041 line=Rx 10348192 11 f8 11 01 26 20 20 20 20 20 20 20
1  : pgn=129038 line=Rx 10348219 11 f8 0e 01 40 1b c1 44 d6 e0 15 96
1  : pgn=129038 line=Rx 10348220 11 f8 0e 01 41 ec 0c b7 57 57 69 1c
1  : pgn=129038 line=Rx 10348220 11 f8 0e 01 42 86 2a ec 00 00 00 00
1  : pgn=129038 line=Rx 10348221 11 f8 0e 01 43 00 ff ff ff 7f f0 fe
3  : pgn=129025 line=Tx 10348233 09 f8 01 03 ce 64 6f 1c 22 ba fd b6
source=3: pgn=Position, Rapid Update(129025): values=Latitude=(47.706235 deg) Longitude=(-122.4885726 deg)

32 : pgn=128259 line=Rx 10348261 09 f5 03 20 f6 25 01 ff ff ff ff ff
source=32: pgn=Speed(128259): values=SpeedWaterReferenced=(2.93 m/s) SpeedGroundReferenced=(None) SpeedWaterReferencedType=(None) SpeedDirection=(None)

0  : pgn=127250 line=Rx 10348279 09 f1 12 00 ff 4d 43 ff 7f ff 7f fd
source=0: pgn=Vessel Heading(127250): values=Heading=(98.71 deg) Deviation=(None) Variation=(None) Reference=("1")

0  : pgn=127245 line=Rx 10348280 09 f1 0d 00 00 f8 ff 7f 00 00 ff ff
source=0: pgn=Rudder(127245): values=Instance=(0) DirectionOrder=("0") AngleOrder=(None) Position=(0.00 deg)

0  : pgn=65359  line=Rx 10348287 1c ff 4f 00 3b 9f ff ff ff 4d 43 ff
source=0: pgn=Seatalk: Pilot Heading(65359): values=ManufacturerCode=(1851) IndustryCode=(4) HeadingTrue=(None) HeadingMagnetic=(98.71 deg)

3  : pgn=129026 line=Tx 10348333 09 f8 02 03 ff fc dc 47 50 01 ff ff
source=3: pgn=COG & SOG, Rapid Update(129026): values=COGReference=("0") COG=(105.40 deg) SOG=(3.36 m/s)

3  : pgn=130577 line=Tx 10348333 0d fe 11 03 40 0e c0 9b dc 47 50 01
3  : pgn=130577 line=Tx 10348333 0d fe 11 03 41 ff ff ff ff 3a 29 40
3  : pgn=130577 line=Tx 10348333 0d fe 11 03 42 00 ff ff ff ff ff ff
3  : pgn=129025 line=Tx 10348333 09 f8 01 03 ce 64 6f 1c 22 ba fd b6
3  : pgn=130306 line=Tx 10348333 09 fd 02 03 ff 37 03 65 c6 fa ff ff
source=3: pgn=Wind Data(130306): values=WindSpeed=(8.23 m/s) WindAngle=(291.00 deg) Reference=("2")

1  : pgn=129038 line=Rx 10348344 11 f8 0e 01 60 1b c1 2c 37 e1 15 49
1  : pgn=129038 line=Rx 10348344 11 f8 0e 01 61 65 0c b7 41 28 69 1c
1  : pgn=129038 line=Rx 10348345 11 f8 0e 01 62 80 00 00 00 00 00 00
1  : pgn=129038 line=Rx 10348346 11 f8 0e 01 63 00 ff ff ff 7f f0 fe
32 : pgn=128259 line=Rx 10348361 09 f5 03 20 f7 1c 01 ff ff ff ff ff
source=32: pgn=Speed(128259): values=SpeedWaterReferenced=(2.84 m/s) SpeedGroundReferenced=(None) SpeedWaterReferencedType=(None) SpeedDirection=(None)

0  : pgn=127250 line=Rx 10348380 09 f1 12 00 ff 4e 43 ff 7f ff 7f fd
source=0: pgn=Vessel Heading(127250): values=Heading=(98.72 deg) Deviation=(None) Variation=(None) Reference=("1")

0  : pgn=127245 line=Rx 10348381 09 f1 0d 00 00 f8 ff 7f 00 00 ff ff
source=0: pgn=Rudder(127245): values=Instance=(0) DirectionOrder=("0") AngleOrder=(None) Position=(0.00 deg)

0  : pgn=65359  line=Rx 10348385 1c ff 4f 00 3b 9f ff ff ff 4e 43 ff
source=0: pgn=Seatalk: Pilot Heading(65359): values=ManufacturerCode=(1851) IndustryCode=(4) HeadingTrue=(None) HeadingMagnetic=(98.72 deg)

4  : pgn=65384  line=Rx 10348403 1c ff 68 04 3b 9f 00 00 00 00 00 00
3  : pgn=129283 line=Tx 10348433 0d f9 03 03 ff 7f ff ff ff 7f ff ff
source=3: pgn=Cross Track Error(129283): values=XTEmode=(None) NavigationTerminated=("1") XTE=(None)

3  : pgn=129025 line=Tx 10348433 09 f8 01 03 ce 64 6f 1c 22 ba fd b6
source=3: pgn=Position, Rapid Update(129025): values=Latitude=(47.706235 deg) Longitude=(-122.4885726 deg)

3  : pgn=128267 line=Tx 10348433 0d f5 0b 03 ff bf 3d 00 00 00 00 ff
source=3: pgn=Water Depth(128267): values=Depth=(158.07 m) Offset=(0.0 m) Range=(None)

32 : pgn=128259 line=Rx 10348461 09 f5 03 20 f8 1e 01 ff ff ff ff ff
source=32: pgn=Speed(128259): values=SpeedWaterReferenced=(2.86 m/s) SpeedGroundReferenced=(None) SpeedWaterReferencedType=(None) SpeedDirection=(None)

0  : pgn=127250 line=Rx 10348486 09 f1 12 00 ff 4c 43 ff 7f ff 7f fd
source=0: pgn=Vessel Heading(127250): values=Heading=(98.71 deg) Deviation=(None) Variation=(None) Reference=("1")

0  : pgn=127245 line=Rx 10348487 09 f1 0d 00 00 f8 ff 7f 00 00 ff ff
source=0: pgn=Rudder(127245): values=Instance=(0) DirectionOrder=("0") AngleOrder=(None) Position=(0.00 deg)

0  : pgn=65359  line=Rx 10348493 1c ff 4f 00 3b 9f ff ff ff 4c 43 ff
source=0: pgn=Seatalk: Pilot Heading(65359): values=ManufacturerCode=(1851) IndustryCode=(4) HeadingTrue=(None) HeadingMagnetic=(98.71 deg)

1  : pgn=129038 line=Rx 10348495 11 f8 0e 01 80 1b c1 25 49 e5 15 aa
1  : pgn=129038 line=Rx 10348496 11 f8 0e 01 81 2c 0e b7 32 12 68 1c
1  : pgn=129038 line=Rx 10348496 11 f8 0e 01 82 8e e5 bb 00 00 00 00
1  : pgn=129038 line=Rx 10348497 11 f8 0e 01 83 00 ff ff ff 7f f0 fe
32 : pgn=65368  line=Rx 10348530 1c ff 58 20 3b 9f 35 56 71 ff ff ff
3  : pgn=129026 line=Tx 10348533 09 f8 02 03 ff fc ff 47 50 01 ff ff
source=3: pgn=COG & SOG, Rapid Update(129026): values=COGReference=("0") COG=(105.60 deg) SOG=(3.36 m/s)

3  : pgn=129025 line=Tx 10348533 09 f8 01 03 b1 64 6f 1c 6f ba fd b6
source=3: pgn=Position, Rapid Update(129025): values=Latitude=(47.7062321 deg) Longitude=(-122.4885649 deg)

3  : pgn=129542 line=Tx 10348533 19 fa 06 03 40 0f 9b 6f 01 00 00 00
3  : pgn=129542 line=Tx 10348533 19 fa 06 03 41 00 00 00 00 00 00 00
3  : pgn=129542 line=Tx 10348533 19 fa 06 03 42 00 00 ff ff ff ff ff
3  : pgn=65364  line=Tx 10348533 1c ff 54 03 3b 9f 37 03 65 c6 ff ff
32 : pgn=128259 line=Rx 10348560 09 f5 03 20 f9 21 01 ff ff ff ff ff
source=32: pgn=Speed(128259): values=SpeedWaterReferenced=(2.89 m/s) SpeedGroundReferenced=(None) SpeedWaterReferencedType=(None) SpeedDirection=(None)

0  : pgn=127250 line=Rx 10348577 09 f1 12 00 ff 4b 43 ff 7f ff 7f fd
source=0: pgn=Vessel Heading(127250): values=Heading=(98.70 deg) Deviation=(None) Variation=(None) Reference=("1")

0  : pgn=127245 line=Rx 10348578 09 f1 0d 00 00 f8 ff 7f 00 00 ff ff
source=0: pgn=Rudder(127245): values=Instance=(0) DirectionOrder=("0") AngleOrder=(None) Position=(0.00 deg)

0  : pgn=65379  line=Rx 10348583 1c ff 63 00 3b 9f 00 00 00 00 01 ff
source=0: pgn=Seatalk: Pilot Mode(65379): values=ManufacturerCode=(1851) IndustryCode=(4) PilotMode=(0) SubMode=(0) PilotModeData=(0)

0  : pgn=65359  line=Rx 10348584 1c ff 4f 00 3b 9f ff ff ff 4b 43 ff
source=0: pgn=Seatalk: Pilot Heading(65359): values=ManufacturerCode=(1851) IndustryCode=(4) HeadingTrue=(None) HeadingMagnetic=(98.70 deg)

0  : pgn=126975 line=Rx 10348587 1d ef ff 00 a0 0d 3b 9f f0 81 84 56
0  : pgn=126975 line=Rx 10348589 1d ef ff 00 a1 44 11 00 00 00 02 05
3  : pgn=129540 line=Tx 10348641 19 fa 04 03 80 9f bd ff 0d 03 97 1a
source=3: pgn=GNSS Sats in View(129540): values=RangeResidualMode=(None) SatsinView=(189) PRN=(None) Elevation=(4.47 deg) Azimuth=(39.00 deg) SNR=(0.0 dB) Rangeresiduals=(0) Status=("0")

3  : pgn=129540 line=Tx 10348641 19 fa 04 03 81 2e 26 00 00 00 00 00
source=3: pgn=GNSS Sats in View(129540): values=RangeResidualMode=("0") SatsinView=(38) PRN=(0) Elevation=(0.00 deg) Azimuth=(0.00 deg) SNR=(0.0 dB) Rangeresiduals=(0) Status=("0")

3  : pgn=129540 line=Tx 10348641 19 fa 04 03 82 00 f3 0f ff 1d ad 3c
source=3: pgn=GNSS Sats in View(129540): values=RangeResidualMode=("0") SatsinView=(243) PRN=(15) Elevation=(44.00 deg) Azimuth=(89.00 deg) SNR=(0.0 dB) Rangeresiduals=(0) Status=("0")

3  : pgn=129540 line=Tx 10348641 19 fa 04 03 83 1c 0c 00 00 00 00 f5
source=3: pgn=GNSS Sats in View(129540): values=RangeResidualMode=("0") SatsinView=(12) PRN=(0) Elevation=(0.00 deg) Azimuth=(359.36 deg) SNR=(0.0 dB) Rangeresiduals=(0) Status=("0")

3  : pgn=129540 line=Tx 10348641 19 fa 04 03 84 10 17 13 c2 b8 e4 0c
source=3: pgn=GNSS Sats in View(129540): values=RangeResidualMode=("0") SatsinView=(23) PRN=(19) Elevation=(-104.50 deg) Azimuth=(18.91 deg) SNR=(0.0 dB) Rangeresiduals=(0) Status=("0")

3  : pgn=129540 line=Tx 10348641 19 fa 04 03 85 00 00 00 00 f5 12 c5
source=3: pgn=GNSS Sats in View(129540): values=RangeResidualMode=("0") SatsinView=(0) PRN=(0) Elevation=(-16.13 deg) Azimuth=(289.06 deg) SNR=(0.0 dB) Rangeresiduals=(0) Status=("0")

3  : pgn=129540 line=Tx 10348641 19 fa 04 03 86 31 f2 93 d8 0e 00 00
source=3: pgn=GNSS Sats in View(129540): values=RangeResidualMode=("1") SatsinView=(242) PRN=(147) Elevation=(21.77 deg) Azimuth=(0.00 deg) SNR=(0.0 dB) Rangeresiduals=(0) Status=("0")

3  : pgn=129540 line=Tx 10348641 19 fa 04 03 87 00 00 f5 13 69 03 1f
source=3: pgn=GNSS Sats in View(129540): values=RangeResidualMode=("0") SatsinView=(0) PRN=(245) Elevation=(154.12 deg) Azimuth=(45.49 deg) SNR=(0.0 dB) Rangeresiduals=(0) Status=("0")

3  : pgn=129540 line=Tx 10348641 19 fa 04 03 88 d8 ac 0d 00 00 00 00
source=3: pgn=GNSS Sats in View(129540): values=RangeResidualMode=("0") SatsinView=(172) PRN=(13) Elevation=(0.00 deg) Azimuth=(0.00 deg) SNR=(0.0 dB) Rangeresiduals=(0) Status=("0")

3  : pgn=129540 line=Tx 10348641 19 fa 04 03 89 f5 15 e8 37 68 21 ac
source=3: pgn=GNSS Sats in View(129540): values=RangeResidualMode=("1") SatsinView=(21) PRN=(232) Elevation=(152.86 deg) Azimuth=(252.47 deg) SNR=(0.0 dB) Rangeresiduals=(0) Status=("0")

3  : pgn=129540 line=Tx 10348641 19 fa 04 03 8a 0d 00 00 00 00 f5 16
source=3: pgn=GNSS Sats in View(129540): values=RangeResidualMode=("1") SatsinView=(0) PRN=(0) Elevation=(0.00 deg) Azimuth=(33.67 deg) SNR=(0.0 dB) Rangeresiduals=(0) Status=("0")

3  : pgn=129540 line=Tx 10348642 19 fa 04 03 8b 80 16 cf 9c 68 10 00
source=3: pgn=GNSS Sats in View(129540): values=RangeResidualMode=("0") SatsinView=(22) PRN=(207) Elevation=(153.44 deg) Azimuth=(0.09 deg) SNR=(0.0 dB) Rangeresiduals=(0) Status=("0")

3  : pgn=129540 line=Tx 10348643 19 fa 04 03 8c 00 00 00 f5 1a ae 0f
source=3: pgn=GNSS Sats in View(129540): values=RangeResidualMode=("0") SatsinView=(0) PRN=(0) Elevation=(39.54 deg) Azimuth=(23.00 deg) SNR=(0.0 dB) Rangeresiduals=(0) Status=("0")

3  : pgn=129540 line=Tx 10348643 19 fa 04 03 8d 5d 1f e4 0c 00 00 00
source=3: pgn=GNSS Sats in View(129540): values=RangeResidualMode=("1") SatsinView=(31) PRN=(228) Elevation=(0.07 deg) Azimuth=(0.00 deg) SNR=(0.0 dB) Rangeresiduals=(0) Status=("0")

3  : pgn=129540 line=Tx 10348644 19 fa 04 03 8e 00 f5 1b d1 15 ab d2
source=3: pgn=GNSS Sats in View(129540): values=RangeResidualMode=("0") SatsinView=(245) PRN=(27) Elevation=(32.00 deg) Azimuth=(309.00 deg) SNR=(0.0 dB) Rangeresiduals=(0) Status=("0")

3  : pgn=129540 line=Tx 10348646 19 fa 04 03 8f e4 0c 00 00 00 00 f5
source=3: pgn=GNSS Sats in View(129540): values=RangeResidualMode=("0") SatsinView=(12) PRN=(0) Elevation=(0.00 deg) Azimuth=(359.36 deg) SNR=(0.0 dB) Rangeresiduals=(0) Status=("0")

3  : pgn=129540 line=Tx 10348647 19 fa 04 03 90 1d 00 0f a1 67 28 0a
source=3: pgn=GNSS Sats in View(129540): values=RangeResidualMode=("1") SatsinView=(0) PRN=(15) Elevation=(152.00 deg) Azimuth=(14.90 deg) SNR=(0.0 dB) Rangeresiduals=(0) Status=("0")

3  : pgn=129540 line=Tx 10348647 19 fa 04 03 91 00 00 00 00 f5 23 d1
source=3: pgn=GNSS Sats in View(129540): values=RangeResidualMode=("0") SatsinView=(0) PRN=(0) Elevation=(-16.13 deg) Azimuth=(306.76 deg) SNR=(0.0 dB) Rangeresiduals=(0) Status=("0")

3  : pgn=129540 line=Tx 10348648 19 fa 04 03 92 15 c3 8b 00 00 00 00
source=3: pgn=GNSS Sats in View(129540): values=RangeResidualMode=("1") SatsinView=(195) PRN=(139) Elevation=(0.00 deg) Azimuth=(0.00 deg) SNR=(0.0 dB) Rangeresiduals=(0) Status=("0")

3  : pgn=129540 line=Tx 10348649 19 fa 04 03 93 00 00 f3 30 2e 17 43
source=3: pgn=GNSS Sats in View(129540): values=RangeResidualMode=("0") SatsinView=(0) PRN=(243) Elevation=(67.75 deg) Azimuth=(98.41 deg) SNR=(0.0 dB) Rangeresiduals=(0) Status=("0")

3  : pgn=129540 line=Tx 10348651 19 fa 04 03 94 84 74 0e 00 00 00 00
source=3: pgn=GNSS Sats in View(129540): values=RangeResidualMode=("0") SatsinView=(116) PRN=(14) Elevation=(0.00 deg) Azimuth=(0.00 deg) SNR=(0.0 dB) Rangeresiduals=(0) Status=("0")

3  : pgn=129540 line=Tx 10348651 19 fa 04 03 95 f5 33 80 16 67 6c 48
source=3: pgn=GNSS Sats in View(129540): values=RangeResidualMode=("1") SatsinView=(51) PRN=(128) Elevation=(151.20 deg) Azimuth=(106.23 deg) SNR=(0.0 dB) Rangeresiduals=(0) Status=("0")

3  : pgn=129540 line=Tx 10348652 19 fa 04 03 96 0d 00 00 00 00 f5 ff
source=3: pgn=GNSS Sats in View(129540): values=RangeResidualMode=("1") SatsinView=(0) PRN=(0) Elevation=(0.00 deg) Azimuth=(375.43 deg) SNR=(0.0 dB) Rangeresiduals=(0) Status=("0")

3  : pgn=129025 line=Tx 10348653 09 f8 01 03 b1 64 6f 1c 6f ba fd b6
source=3: pgn=Position, Rapid Update(129025): values=Latitude=(47.7062321 deg) Longitude=(-122.4885649 deg)

3  : pgn=127258 line=Tx 10348655 19 f1 1a 03 ff f6 12 39 fa 0a ff ff
source=3: pgn=Magnetic Variation(127258): values=Source=("6") Ageofservice=(14610 d) Variation=(16.10 deg)

32 : pgn=128259 line=Rx 10348660 09 f5 03 20 fa 29 01 ff ff ff ff ff
source=32: pgn=Speed(128259): values=SpeedWaterReferenced=(2.97 m/s) SpeedGroundReferenced=(None) SpeedWaterReferencedType=(None) SpeedDirection=(None)

0  : pgn=127250 line=Rx 10348691 09 f1 12 00 ff 4e 43 ff 7f ff 7f fd
source=0: pgn=Vessel Heading(127250): values=Heading=(98.72 deg) Deviation=(None) Variation=(None) Reference=("1")

0  : pgn=127245 line=Rx 10348693 09 f1 0d 00 00 f8 ff 7f 00 00 ff ff
source=0: pgn=Rudder(127245): values=Instance=(0) DirectionOrder=("0") AngleOrder=(None) Position=(0.00 deg)

0  : pgn=65359  line=Rx 10348699 1c ff 4f 00 3b 9f ff ff ff 4e 43 ff
source=0: pgn=Seatalk: Pilot Heading(65359): values=ManufacturerCode=(1851) IndustryCode=(4) HeadingTrue=(None) HeadingMagnetic=(98.72 deg)

0  : pgn=126975 line=Rx 10348702 1d ef ff 00 c0 09 3b 9f f0 81 ae 02
0  : pgn=126975 line=Rx 10348704 1d ef ff 00 c1 00 08 04 ff ff ff ff
1  : pgn=129038 line=Rx 10348706 11 f8 0e 01 a0 1b c2 02 43 e6 15 ad
1  : pgn=129038 line=Rx 10348707 11 f8 0e 01 a1 1b 0e b7 18 40 68 1c
1  : pgn=129038 line=Rx 10348707 11 f8 0e 01 a2 88 00 00 00 00 00 00
1  : pgn=129038 line=Rx 10348708 11 f8 0e 01 a3 00 ff ff ff 7f ff fe
3  : pgn=129026 line=Tx 10348741 09 f8 02 03 ff fc ff 47 50 01 ff ff
source=3: pgn=COG & SOG, Rapid Update(129026): values=COGReference=("0") COG=(105.60 deg) SOG=(3.36 m/s)

3  : pgn=129025 line=Tx 10348741 09 f8 01 03 b1 64 6f 1c 6f ba fd b6
source=3: pgn=Position, Rapid Update(129025): values=Latitude=(47.7062321 deg) Longitude=(-122.4885649 deg)

32 : pgn=128259 line=Rx 10348759 09 f5 03 20 fb 2b 01 ff ff ff ff ff
source=32: pgn=Speed(128259): values=SpeedWaterReferenced=(2.99 m/s) SpeedGroundReferenced=(None) SpeedWaterReferencedType=(None) SpeedDirection=(None)

0  : pgn=127250 line=Rx 10348777 09 f1 12 00 ff 4f 43 ff 7f ff 7f fd
source=0: pgn=Vessel Heading(127250): values=Heading=(98.73 deg) Deviation=(None) Variation=(None) Reference=("1")

0  : pgn=127245 line=Rx 10348778 09 f1 0d 00 00 f8 ff 7f 00 00 ff ff
source=0: pgn=Rudder(127245): values=Instance=(0) DirectionOrder=("0") AngleOrder=(None) Position=(0.00 deg)

0  : pgn=65359  line=Rx 10348784 1c ff 4f 00 3b 9f ff ff ff 4f 43 ff
source=0: pgn=Seatalk: Pilot Heading(65359): values=ManufacturerCode=(1851) IndustryCode=(4) HeadingTrue=(None) HeadingMagnetic=(98.73 deg)

3  : pgn=129029 line=Tx 10348841 0d f8 05 03 40 2b 9b 06 40 d2 a6 14
3  : pgn=129029 line=Tx 10348841 0d f8 05 03 41 2c 00 d8 e1 eb 9a dd
3  : pgn=129029 line=Tx 10348841 0d f8 05 03 42 9e 06 00 0e 88 89 1e
3  : pgn=129029 line=Tx 10348841 0d f8 05 03 43 55 00 ef ff ff ff ff
3  : pgn=129029 line=Tx 10348841 0d f8 05 03 44 ff ff ff 7f 23 fc 09
3  : pgn=129029 line=Tx 10348841 0d f8 05 03 45 55 00 ff 7f ff ff ff
3  : pgn=129029 line=Tx 10348841 0d f8 05 03 46 7f 00 ff ff ff ff ff
3  : pgn=129025 line=Tx 10348841 09 f8 01 03 7c 64 6f 1c fb ba fd b6
source=3: pgn=Position, Rapid Update(129025): values=Latitude=(47.706226799999996 deg) Longitude=(-122.48855089999999 deg)

3  : pgn=129033 line=Tx 10348841 0d f8 09 03 06 40 d2 a6 14 2c 5c fe
source=3: pgn=Time & Date(129033): values=Date=(16390 d) Time=(73955.09300000001 s) LocalOffset=(-25200.0 s)

32 : pgn=128259 line=Rx 10348859 09 f5 03 20 fc 2e 01 ff ff ff ff ff
source=32: pgn=Speed(128259): values=SpeedWaterReferenced=(3.02 m/s) SpeedGroundReferenced=(None) SpeedWaterReferencedType=(None) SpeedDirection=(None)

0  : pgn=127250 line=Rx 10348883 09 f1 12 00 ff 5a 43 ff 7f ff 7f fd
source=0: pgn=Vessel Heading(127250): values=Heading=(98.79 deg) Deviation=(None) Variation=(None) Reference=("1")

0  : pgn=127245 line=Rx 10348884 09 f1 0d 00 00 f8 ff 7f 00 00 ff ff
source=0: pgn=Rudder(127245): values=Instance=(0) DirectionOrder=("0") AngleOrder=(None) Position=(0.00 deg)

1  : pgn=129038 line=Rx 10348888 11 f8 0e 01 c0 1b c1 aa eb e0 15 d9
1  : pgn=129038 line=Rx 10348889 11 f8 0e 01 c1 1f 0e b7 9f 3b 68 1c
1  : pgn=129038 line=Rx 10348889 11 f8 0e 01 c2 88 97 0b 00 00 00 00
1  : pgn=129038 line=Rx 10348890 11 f8 0e 01 c3 00 ff ff ff 7f f8 fe
0  : pgn=65359  line=Rx 10348893 1c ff 4f 00 3b 9f ff ff ff 5a 43 ff
source=0: pgn=Seatalk: Pilot Heading(65359): values=ManufacturerCode=(1851) IndustryCode=(4) HeadingTrue=(None) HeadingMagnetic=(98.79 deg)

3  : pgn=129026 line=Tx 10348941 09 f8 02 03 ff fc 44 48 51 01 ff ff
source=3: pgn=COG & SOG, Rapid Update(129026): values=COGReference=("0") COG=(106.00 deg) SOG=(3.37 m/s)

3  : pgn=129025 line=Tx 10348941 09 f8 01 03 7c 64 6f 1c fb ba fd b6
source=3: pgn=Position, Rapid Update(129025): values=Latitude=(47.706226799999996 deg) Longitude=(-122.48855089999999 deg)

3  : pgn=126992 line=Tx 10348941 0d f0 10 03 ff ff 06 40 d2 a6 14 2c
source=3: pgn=System Time(126992): values=Source=(None) Date=(16390 d) Time=(73955.09300000001 s)

32 : pgn=128259 line=Rx 10348958 09 f5 03 20 00 30 01 ff ff ff ff ff
source=32: pgn=Speed(128259): values=SpeedWaterReferenced=(3.04 m/s) SpeedGroundReferenced=(None) SpeedWaterReferencedType=(None) SpeedDirection=(None)

0  : pgn=127250 line=Rx 10348983 09 f1 12 00 ff 61 43 ff 7f ff 7f fd
source=0: pgn=Vessel Heading(127250): values=Heading=(98.83 deg) Deviation=(None) Variation=(None) Reference=("1")

0  : pgn=127245 line=Rx 10348984 09 f1 0d 00 00 f8 ff 7f 00 00 ff ff
source=0: pgn=Rudder(127245): values=Instance=(0) DirectionOrder=("0") AngleOrder=(None) Position=(0.00 deg)

0  : pgn=65359  line=Rx 10348988 1c ff 4f 00 3b 9f ff ff ff 61 43 ff
source=0: pgn=Seatalk: Pilot Heading(65359): values=ManufacturerCode=(1851) IndustryCode=(4) HeadingTrue=(None) HeadingMagnetic=(98.83 deg)

3  : pgn=129025 line=Tx 10349042 09 f8 01 03 72 64 6f 1c 3b bb fd b6
source=3: pgn=Position, Rapid Update(129025): values=Latitude=(47.7062258 deg) Longitude=(-122.48854449999999 deg)

32 : pgn=128259 line=Rx 10349061 09 f5 03 20 01 33 01 ff ff ff ff ff
source=32: pgn=Speed(128259): values=SpeedWaterReferenced=(3.0700000000000003 m/s) SpeedGroundReferenced=(None) SpeedWaterReferencedType=(None) SpeedDirection=(None)

4  : pgn=126975 line=Rx 10349062 1d ef ff 04 40 07 3b 9f f0 81 90 00
4  : pgn=126975 line=Rx 10349063 1d ef ff 04 41 03 ff ff ff ff ff ff
32 : pgn=130310 line=Rx 10349064 15 fd 06 20 e3 ff ff ff ff ff ff ff
source=32: pgn=Environmental Parameters (obsolete)(130310): values=WaterTemperature=(None) OutsideAmbientAirTemperature=(None) AtmosphericPressure=(None)

1  : pgn=129038 line=Rx 10349070 11 f8 0e 01 e0 1b c1 70 64 01 16 7e
1  : pgn=129038 line=Rx 10349071 11 f8 0e 01 e1 36 0c b7 19 47 69 1c
1  : pgn=129038 line=Rx 10349071 11 f8 0e 01 e2 84 1f c6 00 00 01 00
1  : pgn=129038 line=Rx 10349072 11 f8 0e 01 e3 08 fd 77 06 00 f0 fe
32 : pgn=128275 line=Rx 10349073 19 f5 13 20 a0 0e ff ff ff ff ff ff
32 : pgn=128275 line=Rx 10349077 19 f5 13 20 a1 32 ae 3c 00 32 ae 3c
32 : pgn=128275 line=Rx 10349082 19 f5 13 20 a2 00 ff ff ff ff ff ff
0  : pgn=127250 line=Rx 10349085 09 f1 12 00 ff 62 43 ff 7f ff 7f fd
source=0: pgn=Vessel Heading(127250): values=Heading=(98.84 deg) Deviation=(None) Variation=(None) Reference=("1")

0  : pgn=127245 line=Rx 10349086 09 f1 0d 00 00 f8 ff 7f 00 00 ff ff
source=0: pgn=Rudder(127245): values=Instance=(0) DirectionOrder=("0") AngleOrder=(None) Position=(0.00 deg)

0  : pgn=65359  line=Rx 10349092 1c ff 4f 00 3b 9f ff ff ff 62 43 ff
source=0: pgn=Seatalk: Pilot Heading(65359): values=ManufacturerCode=(1851) IndustryCode=(4) HeadingTrue=(None) HeadingMagnetic=(98.84 deg)

32 : pgn=130846 line=Rx 10349093 1d ff 1e 20 40 0c 3b 9f 04 01 35 56
0  : pgn=126975 line=Rx 10349095 1d ef ff 00 e0 08 3b 9f f0 81 9c 91
0  : pgn=126975 line=Rx 10349097 1d ef ff 00 e1 04 00 ff ff ff ff ff
32 : pgn=130846 line=Rx 10349097 1d ff 1e 20 41 07 09 15 00 d8 04 ff
source=32: pgn=Furuno: Motion Sensor Status Extended(130846): values=ManufacturerCode=(1857) IndustryCode=(0)

1  : pgn=59936  line=Rx 10349100 18 ea 20 01 00 ee 00 00 00 00 00 00
3  : pgn=129026 line=Tx 10349142 09 f8 02 03 ff fc 33 48 4f 01 ff ff
source=3: pgn=COG & SOG, Rapid Update(129026): values=COGReference=("0") COG=(105.90 deg) SOG=(3.35 m/s)

3  : pgn=129025 line=Tx 10349142 09 f8 01 03 72 64 6f 1c 3b bb fd b6
source=3: pgn=Position, Rapid Update(129025): values=Latitude=(47.7062258 deg) Longitude=(-122.48854449999999 deg)

3  : pgn=129291 line=Tx 10349142 0d f9 0b 03 ff fc 70 25 3b 00 ff ff
source=3: pgn=Set & Drift, Rapid Update(129291): values=SetReference=("0") Set=(54.91 deg) Drift=(0.59 m/s)

3  : pgn=129044 line=Tx 10349142 19 f8 14 03 60 14 57 38 34 00 00 00
3  : pgn=129044 line=Tx 10349142 19 f8 14 03 61 00 00 00 00 00 00 00
3  : pgn=129044 line=Tx 10349142 19 f8 14 03 62 00 00 00 57 38 34 00
32 : pgn=128259 line=Rx 10349157 09 f5 03 20 02 3a 01 ff ff ff ff ff
source=32: pgn=Speed(128259): values=SpeedWaterReferenced=(3.14 m/s) SpeedGroundReferenced=(None) SpeedWaterReferencedType=(None) SpeedDirection=(None)

1  : pgn=129038 line=Rx 10349162 11 f8 0e 01 00 1b c1 88 b4 f3 15 1b
source=1: pgn=AIS Class A Position Report(129038): values=MessageID=(0) RepeatIndicator=("0") UserID=(3028861211) Longitude=(0.0 deg) Latitude=(0.0 deg) PositionAccuracy=("0") RAIM=("0") TimeStamp=("0") COG=(0.00 deg) SOG=(0.0 m/s) CommunicationState=(0) AISTransceiverinformation=("0") Heading=(0.00 deg) RateofTurn=(0.00 deg/s) NavStatus=("0") SpecialManeuverIndicator=("0") Spare=(0) SequenceID=(0)

1  : pgn=129038 line=Rx 10349163 11 f8 0e 01 01 f9 0d b7 ca c6 63 1c
source=1: pgn=AIS Class A Position Report(129038): values=MessageID=(1) RepeatIndicator=("0") UserID=(3400994297) Longitude=(0.0 deg) Latitude=(0.0 deg) PositionAccuracy=("0") RAIM=("0") TimeStamp=("0") COG=(0.00 deg) SOG=(0.0 m/s) CommunicationState=(0) AISTransceiverinformation=("0") Heading=(0.00 deg) RateofTurn=(0.00 deg/s) NavStatus=("0") SpecialManeuverIndicator=("0") Spare=(0) SequenceID=(0)

1  : pgn=129038 line=Rx 10349163 11 f8 0e 01 02 8d 37 a0 00 00 00 00
source=1: pgn=AIS Class A Position Report(129038): values=MessageID=(2) RepeatIndicator=("0") UserID=(10499981) Longitude=(0.0 deg) Latitude=(0.0 deg) PositionAccuracy=("0") RAIM=("0") TimeStamp=("0") COG=(0.00 deg) SOG=(0.0 m/s) CommunicationState=(0) AISTransceiverinformation=("0") Heading=(0.00 deg) RateofTurn=(0.00 deg/s) NavStatus=("0") SpecialManeuverIndicator=("0") Spare=(0) SequenceID=(0)

1  : pgn=129038 line=Rx 10349164 11 f8 0e 01 03 00 b7 7a 00 00 f0 fe
source=1: pgn=AIS Class A Position Report(129038): values=MessageID=(3) RepeatIndicator=("0") UserID=(8042240) Longitude=(0.0 deg) Latitude=(0.0 deg) PositionAccuracy=("0") RAIM=("0") TimeStamp=("0") COG=(0.00 deg) SOG=(0.0 m/s) CommunicationState=(0) AISTransceiverinformation=("0") Heading=(0.00 deg) RateofTurn=(0.00 deg/s) NavStatus=("0") SpecialManeuverIndicator=("0") Spare=(0) SequenceID=(0)

0  : pgn=127250 line=Rx 10349189 09 f1 12 00 ff 66 43 ff 7f ff 7f fd
source=0: pgn=Vessel Heading(127250): values=Heading=(98.86 deg) Deviation=(None) Variation=(None) Reference=("1")

0  : pgn=127245 line=Rx 10349189 09 f1 0d 00 00 f8 ff 7f 00 00 ff ff
source=0: pgn=Rudder(127245): values=Instance=(0) DirectionOrder=("0") AngleOrder=(None) Position=(0.00 deg)

0  : pgn=65359  line=Rx 10349194 1c ff 4f 00 3b 9f ff ff ff 66 43 ff
source=0: pgn=Seatalk: Pilot Heading(65359): values=ManufacturerCode=(1851) IndustryCode=(4) HeadingTrue=(None) HeadingMagnetic=(98.86 deg)

3  : pgn=129025 line=Tx 10349242 09 f8 01 03 72 64 6f 1c 3b bb fd b6
32 : pgn=128259 line=Rx 10349257 09 f5 03 20 03 2c 01 ff ff ff ff ff
source=32: pgn=Speed(128259): values=SpeedWaterReferenced=(3.0 m/s) SpeedGroundReferenced=(None) SpeedWaterReferencedType=(None) SpeedDirection=(None)

0  : pgn=127250 line=Rx 10349278 09 f1 12 00 ff 65 43 ff 7f ff 7f fd
source=0: pgn=Vessel Heading(127250): values=Heading=(98.85 deg) Deviation=(None) Variation=(None) Reference=("1")

0  : pgn=127245 line=Rx 10349279 09 f1 0d 00 00 f8 ff 7f 00 00 ff ff
source=0: pgn=Rudder(127245): values=Instance=(0) DirectionOrder=("0") AngleOrder=(None) Position=(0.00 deg)

0  : pgn=65359  line=Rx 10349286 1c ff 4f 00 3b 9f ff ff ff 65 43 ff
source=0: pgn=Seatalk: Pilot Heading(65359): values=ManufacturerCode=(1851) IndustryCode=(4) HeadingTrue=(None) HeadingMagnetic=(98.85 deg)

3  : pgn=129026 line=Tx 10349342 09 f8 02 03 ff fc 44 48 4f 01 ff ff
source=3: pgn=COG & SOG, Rapid Update(129026): values=COGReference=("0") COG=(106.00 deg) SOG=(3.35 m/s)

3  : pgn=130577 line=Tx 10349343 0d fe 11 03 60 0e c0 9c 44 48 4f 01
3  : pgn=130577 line=Tx 10349343 0d fe 11 03 61 ff ff ff ff 70 25 3b
3  : pgn=130577 line=Tx 10349343 0d fe 11 03 62 00 ff ff ff ff ff ff
3  : pgn=129025 line=Tx 10349343 09 f8 01 03 59 64 6f 1c 8a bb fd b6
3  : pgn=130306 line=Tx 10349343 09 fd 02 03 ff 23 03 c2 c7 fa ff ff
source=3: pgn=Wind Data(130306): values=WindSpeed=(8.03 m/s) WindAngle=(293.00 deg) Reference=("2")

32 : pgn=128259 line=Rx 10349356 09 f5 03 20 04 29 01 ff ff ff ff ff
source=32: pgn=Speed(128259): values=SpeedWaterReferenced=(2.97 m/s) SpeedGroundReferenced=(None) SpeedWaterReferencedType=(None) SpeedDirection=(None)

0  : pgn=127250 line=Rx 10349378 09 f1 12 00 ff 5b 43 ff 7f ff 7f fd
source=0: pgn=Vessel Heading(127250): values=Heading=(98.80 deg) Deviation=(None) Variation=(None) Reference=("1")

0  : pgn=127245 line=Rx 10349379 09 f1 0d 00 00 f8 ff 7f 00 00 ff ff
source=0: pgn=Rudder(127245): values=Instance=(0) DirectionOrder=("0") AngleOrder=(None) Position=(0.00 deg)

0  : pgn=65359  line=Rx 10349383 1c ff 4f 00 3b 9f ff ff ff 5b 43 ff
source=0: pgn=Seatalk: Pilot Heading(65359): values=ManufacturerCode=(1851) IndustryCode=(4) HeadingTrue=(None) HeadingMagnetic=(98.80 deg)

4  : pgn=65384  line=Rx 10349403 1c ff 68 04 3b 9f 00 00 00 00 00 00
1  : pgn=129038 line=Rx 10349403 11 f8 0e 01 20 1b c1 b8 d7 e1 15 b5
1  : pgn=129038 line=Rx 10349404 11 f8 0e 01 21 1b 1f b7 4b b0 66 1c
1  : pgn=129038 line=Rx 10349404 11 f8 0e 01 22 80 8a 27 b5 01 00 00
1  : pgn=129038 line=Rx 10349405 11 f8 0e 01 23 00 ff ff ff 7f f5 fe
3  : pgn=129283 line=Tx 10349443 0d f9 03 03 ff 7f ff ff ff 7f ff ff
source=3: pgn=Cross Track Error(129283): values=XTEmode=(None) NavigationTerminated=("1") XTE=(None)

3  : pgn=129025 line=Tx 10349443 09 f8 01 03 59 64 6f 1c 8a bb fd b6
source=3: pgn=Position, Rapid Update(129025): values=Latitude=(47.7062233 deg) Longitude=(-122.48853659999999 deg)

3  : pgn=128267 line=Tx 10349443 0d f5 0b 03 ff bf 3d 00 00 00 00 ff
source=3: pgn=Water Depth(128267): values=Depth=(158.07 m) Offset=(0.0 m) Range=(None)

32 : pgn=128259 line=Rx 10349456 09 f5 03 20 05 32 01 ff ff ff ff ff
source=32: pgn=Speed(128259): values=SpeedWaterReferenced=(3.06 m/s) SpeedGroundReferenced=(None) SpeedWaterReferencedType=(None) SpeedDirection=(None)

0  : pgn=127250 line=Rx 10349481 09 f1 12 00 ff 3f 43 ff 7f ff 7f fd
source=0: pgn=Vessel Heading(127250): values=Heading=(98.63 deg) Deviation=(None) Variation=(None) Reference=("1")

0  : pgn=127245 line=Rx 10349482 09 f1 0d 00 00 f8 ff 7f 00 00 ff ff
source=0: pgn=Rudder(127245): values=Instance=(0) DirectionOrder=("0") AngleOrder=(None) Position=(0.00 deg)

0  : pgn=65359  line=Rx 10349489 1c ff 4f 00 3b 9f ff ff ff 3f 43 ff
source=0: pgn=Seatalk: Pilot Heading(65359): values=ManufacturerCode=(1851) IndustryCode=(4) HeadingTrue=(None) HeadingMagnetic=(98.63 deg)

3  : pgn=129026 line=Tx 10349543 09 f8 02 03 ff fc 67 48 4e 01 ff ff
source=3: pgn=COG & SOG, Rapid Update(129026): values=COGReference=("0") COG=(106.20 deg) SOG=(3.34 m/s)

3  : pgn=129025 line=Tx 10349543 09 f8 01 03 26 64 6f 1c 14 bc fd b6
source=3: pgn=Position, Rapid Update(129025): values=Latitude=(47.706218199999995 deg) Longitude=(-122.4885228 deg)

3  : pgn=129542 line=Tx 10349543 19 fa 06 03 60 0f 9c 69 01 00 00 00
3  : pgn=129542 line=Tx 10349543 19 fa 06 03 61 00 00 00 00 00 00 00
3  : pgn=129542 line=Tx 10349543 19 fa 06 03 62 00 00 ff ff ff ff ff
3  : pgn=65364  line=Tx 10349543 1c ff 54 03 3b 9f 23 03 c2 c7 ff ff
32 : pgn=128259 line=Rx 10349555 09 f5 03 20 06 26 01 ff ff ff ff ff
source=32: pgn=Speed(128259): values=SpeedWaterReferenced=(2.94 m/s) SpeedGroundReferenced=(None) SpeedWaterReferencedType=(None) SpeedDirection=(None)

1  : pgn=129038 line=Rx 10349556 11 f8 0e 01 40 1b c3 fa 89 e8 15 4d
1  : pgn=129038 line=Rx 10349557 11 f8 0e 01 41 46 13 b7 9b 8e 60 1c
1  : pgn=129038 line=Rx 10349557 11 f8 0e 01 42 88 aa d8 77 01 00 00
1  : pgn=129038 line=Rx 10349558 11 f8 0e 01 43 00 93 dd 2e 1a ff fe
0  : pgn=127250 line=Rx 10349578 09 f1 12 00 ff 32 43 ff 7f ff 7f fd
source=0: pgn=Vessel Heading(127250): values=Heading=(98.56 deg) Deviation=(None) Variation=(None) Reference=("1")

0  : pgn=127245 line=Rx 10349579 09 f1 0d 00 00 f8 ff 7f 00 00 ff ff
source=0: pgn=Rudder(127245): values=Instance=(0) DirectionOrder=("0") AngleOrder=(None) Position=(0.00 deg)

0  : pgn=65379  line=Rx 10349583 1c ff 63 00 3b 9f 00 00 00 00 01 ff
source=0: pgn=Seatalk: Pilot Mode(65379): values=ManufacturerCode=(1851) IndustryCode=(4) PilotMode=(0) SubMode=(0) PilotModeData=(0)

0  : pgn=65359  line=Rx 10349584 1c ff 4f 00 3b 9f ff ff ff 32 43 ff
source=0: pgn=Seatalk: Pilot Heading(65359): values=ManufacturerCode=(1851) IndustryCode=(4) HeadingTrue=(None) HeadingMagnetic=(98.56 deg)

0  : pgn=126975 line=Rx 10349593 1d ef ff 00 00 0d 3b 9f f0 81 84 56
0  : pgn=126975 line=Rx 10349595 1d ef ff 00 01 44 11 00 00 00 02 05
3  : pgn=129540 line=Tx 10349644 19 fa 04 03 a0 9f be ff 0d 03 97 1a
source=3: pgn=GNSS Sats in View(129540): values=RangeResidualMode=(None) SatsinView=(190) PRN=(None) Elevation=(4.47 deg) Azimuth=(39.00 deg) SNR=(0.0 dB) Rangeresiduals=(0) Status=("0")

3  : pgn=129540 line=Tx 10349644 19 fa 04 03 a1 2e 26 00 00 00 00 00
source=3: pgn=GNSS Sats in View(129540): values=RangeResidualMode=("0") SatsinView=(38) PRN=(0) Elevation=(0.00 deg) Azimuth=(0.00 deg) SNR=(0.0 dB) Rangeresiduals=(0) Status=("0")

3  : pgn=129540 line=Tx 10349644 19 fa 04 03 a2 00 f3 0f ff 1d ad 3c
source=3: pgn=GNSS Sats in View(129540): values=RangeResidualMode=("0") SatsinView=(243) PRN=(15) Elevation=(44.00 deg) Azimuth=(89.00 deg) SNR=(0.0 dB) Rangeresiduals=(0) Status=("0")

3  : pgn=129540 line=Tx 10349644 19 fa 04 03 a3 1c 0c 00 00 00 00 f5
source=3: pgn=GNSS Sats in View(129540): values=RangeResidualMode=("0") SatsinView=(12) PRN=(0) Elevation=(0.00 deg) Azimuth=(359.36 deg) SNR=(0.0 dB) Rangeresiduals=(0) Status=("0")

3  : pgn=129540 line=Tx 10349644 19 fa 04 03 a4 10 17 13 c2 b8 e4 0c
source=3: pgn=GNSS Sats in View(129540): values=RangeResidualMode=("0") SatsinView=(23) PRN=(19) Elevation=(-104.50 deg) Azimuth=(18.91 deg) SNR=(0.0 dB) Rangeresiduals=(0) Status=("0")

3  : pgn=129540 line=Tx 10349644 19 fa 04 03 a5 00 00 00 00 f5 12 c5
source=3: pgn=GNSS Sats in View(129540): values=RangeResidualMode=("0") SatsinView=(0) PRN=(0) Elevation=(-16.13 deg) Azimuth=(289.06 deg) SNR=(0.0 dB) Rangeresiduals=(0) Status=("0")

3  : pgn=129540 line=Tx 10349644 19 fa 04 03 a6 31 f2 93 d8 0e 00 00
source=3: pgn=GNSS Sats in View(129540): values=RangeResidualMode=("1") SatsinView=(242) PRN=(147) Elevation=(21.77 deg) Azimuth=(0.00 deg) SNR=(0.0 dB) Rangeresiduals=(0) Status=("0")

3  : pgn=129540 line=Tx 10349644 19 fa 04 03 a7 00 00 f5 13 69 03 1f
source=3: pgn=GNSS Sats in View(129540): values=RangeResidualMode=("0") SatsinView=(0) PRN=(245) Elevation=(154.12 deg) Azimuth=(45.49 deg) SNR=(0.0 dB) Rangeresiduals=(0) Status=("0")

3  : pgn=129540 line=Tx 10349644 19 fa 04 03 a8 d8 ac 0d 00 00 00 00
source=3: pgn=GNSS Sats in View(129540): values=RangeResidualMode=("0") SatsinView=(172) PRN=(13) Elevation=(0.00 deg) Azimuth=(0.00 deg) SNR=(0.0 dB) Rangeresiduals=(0) Status=("0")

3  : pgn=129540 line=Tx 10349644 19 fa 04 03 a9 f5 15 e8 37 68 21 ac
source=3: pgn=GNSS Sats in View(129540): values=RangeResidualMode=("1") SatsinView=(21) PRN=(232) Elevation=(152.86 deg) Azimuth=(252.47 deg) SNR=(0.0 dB) Rangeresiduals=(0) Status=("0")

3  : pgn=129540 line=Tx 10349644 19 fa 04 03 aa 0d 00 00 00 00 f5 16
source=3: pgn=GNSS Sats in View(129540): values=RangeResidualMode=("1") SatsinView=(0) PRN=(0) Elevation=(0.00 deg) Azimuth=(33.67 deg) SNR=(0.0 dB) Rangeresiduals=(0) Status=("0")

3  : pgn=129540 line=Tx 10349645 19 fa 04 03 ab 80 16 cf 9c 68 10 00
source=3: pgn=GNSS Sats in View(129540): values=RangeResidualMode=("0") SatsinView=(22) PRN=(207) Elevation=(153.44 deg) Azimuth=(0.09 deg) SNR=(0.0 dB) Rangeresiduals=(0) Status=("0")

3  : pgn=129540 line=Tx 10349646 19 fa 04 03 ac 00 00 00 f5 1a ae 0f
source=3: pgn=GNSS Sats in View(129540): values=RangeResidualMode=("0") SatsinView=(0) PRN=(0) Elevation=(39.54 deg) Azimuth=(23.00 deg) SNR=(0.0 dB) Rangeresiduals=(0) Status=("0")

3  : pgn=129540 line=Tx 10349648 19 fa 04 03 ad 5d 1f e4 0c 00 00 00
source=3: pgn=GNSS Sats in View(129540): values=RangeResidualMode=("1") SatsinView=(31) PRN=(228) Elevation=(0.07 deg) Azimuth=(0.00 deg) SNR=(0.0 dB) Rangeresiduals=(0) Status=("0")

3  : pgn=129540 line=Tx 10349649 19 fa 04 03 ae 00 f5 1b d1 15 ab d2
source=3: pgn=GNSS Sats in View(129540): values=RangeResidualMode=("0") SatsinView=(245) PRN=(27) Elevation=(32.00 deg) Azimuth=(309.00 deg) SNR=(0.0 dB) Rangeresiduals=(0) Status=("0")

3  : pgn=129540 line=Tx 10349649 19 fa 04 03 af e4 0c 00 00 00 00 f5
source=3: pgn=GNSS Sats in View(129540): values=RangeResidualMode=("0") SatsinView=(12) PRN=(0) Elevation=(0.00 deg) Azimuth=(359.36 deg) SNR=(0.0 dB) Rangeresiduals=(0) Status=("0")

3  : pgn=129540 line=Tx 10349650 19 fa 04 03 b0 1d 00 0f a1 67 28 0a
source=3: pgn=GNSS Sats in View(129540): values=RangeResidualMode=("1") SatsinView=(0) PRN=(15) Elevation=(152.00 deg) Azimuth=(14.90 deg) SNR=(0.0 dB) Rangeresiduals=(0) Status=("0")

3  : pgn=129540 line=Tx 10349651 19 fa 04 03 b1 00 00 00 00 f5 23 d1
source=3: pgn=GNSS Sats in View(129540): values=RangeResidualMode=("0") SatsinView=(0) PRN=(0) Elevation=(-16.13 deg) Azimuth=(306.76 deg) SNR=(0.0 dB) Rangeresiduals=(0) Status=("0")

3  : pgn=129540 line=Tx 10349651 19 fa 04 03 b2 15 c3 8b 00 00 00 00
source=3: pgn=GNSS Sats in View(129540): values=RangeResidualMode=("1") SatsinView=(195) PRN=(139) Elevation=(0.00 deg) Azimuth=(0.00 deg) SNR=(0.0 dB) Rangeresiduals=(0) Status=("0")

3  : pgn=129540 line=Tx 10349653 19 fa 04 03 b3 00 00 f3 30 2e 17 43
source=3: pgn=GNSS Sats in View(129540): values=RangeResidualMode=("0") SatsinView=(0) PRN=(243) Elevation=(67.75 deg) Azimuth=(98.41 deg) SNR=(0.0 dB) Rangeresiduals=(0) Status=("0")

3  : pgn=129540 line=Tx 10349654 19 fa 04 03 b4 84 74 0e 00 00 00 00
source=3: pgn=GNSS Sats in View(129540): values=RangeResidualMode=("0") SatsinView=(116) PRN=(14) Elevation=(0.00 deg) Azimuth=(0.00 deg) SNR=(0.0 dB) Rangeresiduals=(0) Status=("0")

3  : pgn=129540 line=Tx 10349654 19 fa 04 03 b5 f5 33 80 16 67 6c 48
source=3: pgn=GNSS Sats in View(129540): values=RangeResidualMode=("1") SatsinView=(51) PRN=(128) Elevation=(151.20 deg) Azimuth=(106.23 deg) SNR=(0.0 dB) Rangeresiduals=(0) Status=("0")

32 : pgn=128259 line=Rx 10349655 09 f5 03 20 07 24 01 ff ff ff ff ff
source=32: pgn=Speed(128259): values=SpeedWaterReferenced=(2.92 m/s) SpeedGroundReferenced=(None) SpeedWaterReferencedType=(None) SpeedDirection=(None)

3  : pgn=129540 line=Tx 10349655 19 fa 04 03 b6 0d 00 00 00 00 f5 ff
source=3: pgn=GNSS Sats in View(129540): values=RangeResidualMode=("1") SatsinView=(0) PRN=(0) Elevation=(0.00 deg) Azimuth=(375.43 deg) SNR=(0.0 dB) Rangeresiduals=(0) Status=("0")

3  : pgn=129025 line=Tx 10349656 09 f8 01 03 26 64 6f 1c 14 bc fd b6
source=3: pgn=Position, Rapid Update(129025): values=Latitude=(47.706218199999995 deg) Longitude=(-122.4885228 deg)

3  : pgn=127258 line=Tx 10349657 19 f1 1a 03 ff f6 12 39 fa 0a ff ff
source=3: pgn=Magnetic Variation(127258): values=Source=("6") Ageofservice=(14610 d) Variation=(16.10 deg)

3  : pgn=65311  line=Tx 10349657 1c ff 1f 03 3b 9f ff fa 0a ff ff ff
0  : pgn=127250 line=Rx 10349691 09 f1 12 00 ff 0e 43 ff 7f ff 7f fd
source=0: pgn=Vessel Heading(127250): values=Heading=(98.35 deg) Deviation=(None) Variation=(None) Reference=("1")

0  : pgn=127245 line=Rx 10349692 09 f1 0d 00 00 f8 ff 7f 00 00 ff ff
source=0: pgn=Rudder(127245): values=Instance=(0) DirectionOrder=("0") AngleOrder=(None) Position=(0.00 deg)

0  : pgn=65359  line=Rx 10349698 1c ff 4f 00 3b 9f ff ff ff 0e 43 ff
source=0: pgn=Seatalk: Pilot Heading(65359): values=ManufacturerCode=(1851) IndustryCode=(4) HeadingTrue=(None) HeadingMagnetic=(98.35 deg)

0  : pgn=126975 line=Rx 10349702 1d ef ff 00 20 09 3b 9f f0 81 ae 02
0  : pgn=126975 line=Rx 10349703 1d ef ff 00 21 00 08 00 ff ff ff ff
3  : pgn=129026 line=Tx 10349744 09 f8 02 03 ff fc 67 48 4e 01 ff ff
source=3: pgn=COG & SOG, Rapid Update(129026): values=COGReference=("0") COG=(106.20 deg) SOG=(3.34 m/s)

3  : pgn=129025 line=Tx 10349744 09 f8 01 03 26 64 6f 1c 14 bc fd b6
source=3: pgn=Position, Rapid Update(129025): values=Latitude=(47.706218199999995 deg) Longitude=(-122.4885228 deg)

32 : pgn=128259 line=Rx 10349754 09 f5 03 20 08 2f 01 ff ff ff ff ff
source=32: pgn=Speed(128259): values=SpeedWaterReferenced=(3.0300000000000002 m/s) SpeedGroundReferenced=(None) SpeedWaterReferencedType=(None) SpeedDirection=(None)

0  : pgn=127250 line=Rx 10349784 09 f1 12 00 ff eb 42 ff 7f ff 7f fd
source=0: pgn=Vessel Heading(127250): values=Heading=(98.15 deg) Deviation=(None) Variation=(None) Reference=("1")

0  : pgn=127245 line=Rx 10349785 09 f1 0d 00 00 f8 ff 7f 00 00 ff ff
source=0: pgn=Rudder(127245): values=Instance=(0) DirectionOrder=("0") AngleOrder=(None) Position=(0.00 deg)

0  : pgn=65359  line=Rx 10349791 1c ff 4f 00 3b 9f ff ff ff eb 42 ff
source=0: pgn=Seatalk: Pilot Heading(65359): values=ManufacturerCode=(1851) IndustryCode=(4) HeadingTrue=(None) HeadingMagnetic=(98.15 deg)

3  : pgn=129029 line=Tx 10349845 0d f8 05 03 60 2b 9c 06 40 18 d4 14
3  : pgn=129029 line=Tx 10349845 0d f8 05 03 61 2c 00 f2 ed 36 7f dd
3  : pgn=129029 line=Tx 10349845 0d f8 05 03 62 9e 06 00 3a 28 07 70
3  : pgn=129029 line=Tx 10349845 0d f8 05 03 63 55 00 ef ff ff ff ff
3  : pgn=129029 line=Tx 10349845 0d f8 05 03 64 ff ff ff 7f 23 fc 09
3  : pgn=129029 line=Tx 10349845 0d f8 05 03 65 55 00 ff 7f ff ff ff
3  : pgn=129029 line=Tx 10349845 0d f8 05 03 66 7f 00 ff ff ff ff ff
3  : pgn=129025 line=Tx 10349845 09 f8 01 03 05 64 6f 1c 59 bc fd b6
source=3: pgn=Position, Rapid Update(129025): values=Latitude=(47.7062149 deg) Longitude=(-122.4885159 deg)

3  : pgn=129033 line=Tx 10349845 0d f8 09 03 06 40 18 d4 14 2c 5c fe
source=3: pgn=Time & Date(129033): values=Date=(16390 d) Time=(73956.25200000001 s) LocalOffset=(-25200.0 s)

32 : pgn=128259 line=Rx 10349854 09 f5 03 20 09 25 01 ff ff ff ff ff
source=32: pgn=Speed(128259): values=SpeedWaterReferenced=(2.93 m/s) SpeedGroundReferenced=(None) SpeedWaterReferencedType=(None) SpeedDirection=(None)

0  : pgn=127250 line=Rx 10349884 09 f1 12 00 ff db 42 ff 7f ff 7f fd
source=0: pgn=Vessel Heading(127250): values=Heading=(98.06 deg) Deviation=(None) Variation=(None) Reference=("1")

0  : pgn=127245 line=Rx 10349885 09 f1 0d 00 00 f8 ff 7f 00 00 ff ff
source=0: pgn=Rudder(127245): values=Instance=(0) DirectionOrder=("0") AngleOrder=(None) Position=(0.00 deg)

0  : pgn=65359  line=Rx 10349891 1c ff 4f 00 3b 9f ff ff ff db 42 ff
source=0: pgn=Seatalk: Pilot Heading(65359): values=ManufacturerCode=(1851) IndustryCode=(4) HeadingTrue=(None) HeadingMagnetic=(98.06 deg)

3  : pgn=129026 line=Tx 10349945 09 f8 02 03 ff fc ad 48 4d 01 ff ff
source=3: pgn=COG & SOG, Rapid Update(129026): values=COGReference=("0") COG=(106.60 deg) SOG=(3.33 m/s)

3  : pgn=129025 line=Tx 10349945 09 f8 01 03 05 64 6f 1c 59 bc fd b6
source=3: pgn=Position, Rapid Update(129025): values=Latitude=(47.7062149 deg) Longitude=(-122.4885159 deg)

3  : pgn=126992 line=Tx 10349945 0d f0 10 03 ff ff 06 40 18 d4 14 2c
source=3: pgn=System Time(126992): values=Source=(None) Date=(16390 d) Time=(73956.25200000001 s)

32 : pgn=128259 line=Rx 10349953 09 f5 03 20 0a 27 01 ff ff ff ff ff
source=32: pgn=Speed(128259): values=SpeedWaterReferenced=(2.95 m/s) SpeedGroundReferenced=(None) SpeedWaterReferencedType=(None) SpeedDirection=(None)

0  : pgn=127250 line=Rx 10349983 09 f1 12 00 ff b8 42 ff 7f ff 7f fd
source=0: pgn=Vessel Heading(127250): values=Heading=(97.86 deg) Deviation=(None) Variation=(None) Reference=("1")

0  : pgn=127245 line=Rx 10349984 09 f1 0d 00 00 f8 ff 7f 00 00 ff ff
source=0: pgn=Rudder(127245): values=Instance=(0) DirectionOrder=("0") AngleOrder=(None) Position=(0.00 deg)

0  : pgn=65359  line=Rx 10349988 1c ff 4f 00 3b 9f ff ff ff b8 42 ff
source=0: pgn=Seatalk: Pilot Heading(65359): values=ManufacturerCode=(1851) IndustryCode=(4) HeadingTrue=(None) HeadingMagnetic=(97.86 deg)

3  : pgn=129025 line=Tx 10350045 09 f8 01 03 05 64 6f 1c 59 bc fd b6
source=3: pgn=Position, Rapid Update(129025): values=Latitude=(47.7062149 deg) Longitude=(-122.4885159 deg)

32 : pgn=128259 line=Rx 10350055 09 f5 03 20 0b 27 01 ff ff ff ff ff
source=32: pgn=Speed(128259): values=SpeedWaterReferenced=(2.95 m/s) SpeedGroundReferenced=(None) SpeedWaterReferencedType=(None) SpeedDirection=(None)

32 : pgn=130310 line=Rx 10350058 15 fd 06 20 e4 ff ff ff ff ff ff ff
source=32: pgn=Environmental Parameters (obsolete)(130310): values=WaterTemperature=(None) OutsideAmbientAirTemperature=(None) AtmosphericPressure=(None)

32 : pgn=128275 line=Rx 10350068 19 f5 13 20 c0 0e ff ff ff ff ff ff
32 : pgn=128275 line=Rx 10350073 19 f5 13 20 c1 32 ae 3c 00 32 ae 3c
0  : pgn=127250 line=Rx 10350078 09 f1 12 00 ff ad 42 ff 7f ff 7f fd
source=0: pgn=Vessel Heading(127250): values=Heading=(97.80 deg) Deviation=(None) Variation=(None) Reference=("1")

32 : pgn=128275 line=Rx 10350078 19 f5 13 20 c2 00 ff ff ff ff ff ff
0  : pgn=127245 line=Rx 10350079 09 f1 0d 00 00 f8 ff 7f 00 00 ff ff
source=0: pgn=Rudder(127245): values=Instance=(0) DirectionOrder=("0") AngleOrder=(None) Position=(0.00 deg)

0  : pgn=65359  line=Rx 10350086 1c ff 4f 00 3b 9f ff ff ff ad 42 ff
source=0: pgn=Seatalk: Pilot Heading(65359): values=ManufacturerCode=(1851) IndustryCode=(4) HeadingTrue=(None) HeadingMagnetic=(97.80 deg)

0  : pgn=126975 line=Rx 10350094 1d ef ff 00 40 08 3b 9f f0 81 9c d1
0  : pgn=126975 line=Rx 10350097 1d ef ff 00 41 03 00 ff ff ff ff ff
1  : pgn=59936  line=Rx 10350100 18 ea 20 01 00 ee 00 00 00 00 00 00
3  : pgn=129026 line=Tx 10350145 09 f8 02 03 ff fc f3 48 4d 01 ff ff
source=3: pgn=COG & SOG, Rapid Update(129026): values=COGReference=("0") COG=(107.00 deg) SOG=(3.33 m/s)

3  : pgn=129025 line=Tx 10350145 09 f8 01 03 e5 63 6f 1c a2 bc fd b6
source=3: pgn=Position, Rapid Update(129025): values=Latitude=(47.7062117 deg) Longitude=(-122.48850859999999 deg)

3  : pgn=129291 line=Tx 10350145 0d f9 0b 03 ff fc a8 2b 37 00 ff ff
source=3: pgn=Set & Drift, Rapid Update(129291): values=SetReference=("0") Set=(64.03 deg) Drift=(0.55 m/s)

3  : pgn=65362  line=Tx 10350145 1c ff 52 03 3b 9f 90 9d ff ff ff ff
32 : pgn=128259 line=Rx 10350153 09 f5 03 20 0c 29 01 ff ff ff ff ff
0  : pgn=127250 line=Rx 10350177 09 f1 12 00 ff 8c 42 ff 7f ff 7f fd
source=0: pgn=Vessel Heading(127250): values=Heading=(97.61 deg) Deviation=(None) Variation=(None) Reference=("1")

0  : pgn=127245 line=Rx 10350178 09 f1 0d 00 00 f8 ff 7f 00 00 ff ff
source=0: pgn=Rudder(127245): values=Instance=(0) DirectionOrder=("0") AngleOrder=(None) Position=(0.00 deg)

0  : pgn=65359  line=Rx 10350182 1c ff 4f 00 3b 9f ff ff ff 8c 42 ff
source=0: pgn=Seatalk: Pilot Heading(65359): values=ManufacturerCode=(1851) IndustryCode=(4) HeadingTrue=(None) HeadingMagnetic=(97.61 deg)

3  : pgn=129025 line=Tx 10350245 09 f8 01 03 e5 63 6f 1c a2 bc fd b6
source=3: pgn=Position, Rapid Update(129025): values=Latitude=(47.7062117 deg) Longitude=(-122.48850859999999 deg)

32 : pgn=128259 line=Rx 10350252 09 f5 03 20 0d 2a 01 ff ff ff ff ff
source=32: pgn=Speed(128259): values=SpeedWaterReferenced=(2.98 m/s) SpeedGroundReferenced=(None) SpeedWaterReferencedType=(None) SpeedDirection=(None)

1  : pgn=129038 line=Rx 10350253 11 f8 0e 01 60 1b c3 c0 72 34 16 39
1  : pgn=129038 line=Rx 10350253 11 f8 0e 01 61 41 0c b7 51 1c 62 1c
1  : pgn=129038 line=Rx 10350254 11 f8 0e 01 62 8c 3d 9e 00 00 00 00
1  : pgn=129038 line=Rx 10350255 11 f8 0e 01 63 00 0b 02 00 00 f1 fe
0  : pgn=127250 line=Rx 10350279 09 f1 12 00 ff 6e 42 ff 7f ff 7f fd
source=0: pgn=Vessel Heading(127250): values=Heading=(97.44 deg) Deviation=(None) Variation=(None) Reference=("1")

0  : pgn=127245 line=Rx 10350279 09 f1 0d 00 00 f8 ff 7f 00 00 ff ff
source=0: pgn=Rudder(127245): values=Instance=(0) DirectionOrder=("0") AngleOrder=(None) Position=(0.00 deg)

0  : pgn=65359  line=Rx 10350287 1c ff 4f 00 3b 9f ff ff ff 6e 42 ff
source=0: pgn=Seatalk: Pilot Heading(65359): values=ManufacturerCode=(1851) IndustryCode=(4) HeadingTrue=(None) HeadingMagnetic=(97.44 deg)

3  : pgn=129026 line=Tx 10350348 09 f8 02 03 ff fc f3 48 4d 01 ff ff
source=3: pgn=COG & SOG, Rapid Update(129026): values=COGReference=("0") COG=(107.00 deg) SOG=(3.33 m/s)

3  : pgn=130577 line=Tx 10350348 0d fe 11 03 80 0e c0 9d f3 48 4d 01
3  : pgn=130577 line=Tx 10350348 0d fe 11 03 81 ff ff ff ff a8 2b 37
3  : pgn=130577 line=Tx 10350348 0d fe 11 03 82 00 ff ff ff ff ff ff
3  : pgn=129025 line=Tx 10350348 09 f8 01 03 e5 63 6f 1c a2 bc fd b6
3  : pgn=130306 line=Tx 10350348 09 fd 02 03 ff 23 03 7c ca fa ff ff
source=3: pgn=Wind Data(130306): values=WindSpeed=(8.03 m/s) WindAngle=(297.00 deg) Reference=("2")

32 : pgn=128259 line=Rx 10350352 09 f5 03 20 0e 29 01 ff ff ff ff ff
source=32: pgn=Speed(128259): values=SpeedWaterReferenced=(2.97 m/s) SpeedGroundReferenced=(None) SpeedWaterReferencedType=(None) SpeedDirection=(None)

0  : pgn=127250 line=Rx 10350383 09 f1 12 00 ff 5d 42 ff 7f ff 7f fd
source=0: pgn=Vessel Heading(127250): values=Heading=(97.34 deg) Deviation=(None) Variation=(None) Reference=("1")

0  : pgn=127245 line=Rx 10350384 09 f1 0d 00 00 f8 ff 7f 00 00 ff ff
source=0: pgn=Rudder(127245): values=Instance=(0) DirectionOrder=("0") AngleOrder=(None) Position=(0.00 deg)

0  : pgn=65359  line=Rx 10350388 1c ff 4f 00 3b 9f ff ff ff 5d 42 ff
source=0: pgn=Seatalk: Pilot Heading(65359): values=ManufacturerCode=(1851) IndustryCode=(4) HeadingTrue=(None) HeadingMagnetic=(97.34 deg)

4  : pgn=65384  line=Rx 10350403 1c ff 68 04 3b 9f 00 00 00 00 00 00
3  : pgn=129283 line=Tx 10350448 0d f9 03 03 ff 7f ff ff ff 7f ff ff
source=3: pgn=Cross Track Error(129283): values=XTEmode=(None) NavigationTerminated=("1") XTE=(None)

3  : pgn=129025 line=Tx 10350448 09 f8 01 03 a7 63 6f 1c 29 bd fd b6
source=3: pgn=Position, Rapid Update(129025): values=Latitude=(47.706205499999996 deg) Longitude=(-122.4884951 deg)

3  : pgn=128267 line=Tx 10350448 0d f5 0b 03 ff c5 3d 00 00 00 00 ff
source=3: pgn=Water Depth(128267): values=Depth=(158.13 m) Offset=(0.0 m) Range=(None)

32 : pgn=128259 line=Rx 10350451 09 f5 03 20 0f 29 01 ff ff ff ff ff
source=32: pgn=Speed(128259): values=SpeedWaterReferenced=(2.97 m/s) SpeedGroundReferenced=(None) SpeedWaterReferencedType=(None) SpeedDirection=(None)

0  : pgn=127250 line=Rx 10350480 09 f1 12 00 ff 3b 42 ff 7f ff 7f fd
source=0: pgn=Vessel Heading(127250): values=Heading=(97.14 deg) Deviation=(None) Variation=(None) Reference=("1")

0  : pgn=127245 line=Rx 10350480 09 f1 0d 00 00 f8 ff 7f 00 00 ff ff
source=0: pgn=Rudder(127245): values=Instance=(0) DirectionOrder=("0") AngleOrder=(None) Position=(0.00 deg)

0  : pgn=65359  line=Rx 10350487 1c ff 4f 00 3b 9f ff ff ff 3b 42 ff
source=0: pgn=Seatalk: Pilot Heading(65359): values=ManufacturerCode=(1851) IndustryCode=(4) HeadingTrue=(None) HeadingMagnetic=(97.14 deg)

3  : pgn=129026 line=Tx 10350548 09 f8 02 03 ff fc 5c 49 4c 01 ff ff
source=3: pgn=COG & SOG, Rapid Update(129026): values=COGReference=("0") COG=(107.60 deg) SOG=(3.3200000000000003 m/s)

3  : pgn=129025 line=Tx 10350548 09 f8 01 03 a7 63 6f 1c 29 bd fd b6
source=3: pgn=Position, Rapid Update(129025): values=Latitude=(47.706205499999996 deg) Longitude=(-122.4884951 deg)

3  : pgn=129542 line=Tx 10350548 19 fa 06 03 80 0f 9d 79 01 00 00 00
3  : pgn=129542 line=Tx 10350548 19 fa 06 03 81 00 00 00 00 00 00 00
3  : pgn=129542 line=Tx 10350548 19 fa 06 03 82 00 00 ff ff ff ff ff
3  : pgn=65364  line=Tx 10350548 1c ff 54 03 3b 9f 23 03 7c ca ff ff
3  : pgn=130846 line=Tx 10350548 1d ff 1e 03 60 0c 3b 9f 0b 1a 13 cc
source=3: pgn=Furuno: Motion Sensor Status Extended(130846): values=ManufacturerCode=(1120) IndustryCode=(0)

3  : pgn=130846 line=Tx 10350548 1d ff 1e 03 61 05 01 40 01 ff ff ff
source=3: pgn=Furuno: Motion Sensor Status Extended(130846): values=ManufacturerCode=(1377) IndustryCode=(0)

32 : pgn=128259 line=Rx 10350550 09 f5 03 20 10 25 01 ff ff ff ff ff
source=32: pgn=Speed(128259): values=SpeedWaterReferenced=(2.93 m/s) SpeedGroundReferenced=(None) SpeedWaterReferencedType=(None) SpeedDirection=(None)

0  : pgn=127250 line=Rx 10350579 09 f1 12 00 ff 28 42 ff 7f ff 7f fd
source=0: pgn=Vessel Heading(127250): values=Heading=(97.04 deg) Deviation=(None) Variation=(None) Reference=("1")

0  : pgn=127245 line=Rx 10350580 09 f1 0d 00 00 f8 ff 7f 00 00 ff ff
source=0: pgn=Rudder(127245): values=Instance=(0) DirectionOrder=("0") AngleOrder=(None) Position=(0.00 deg)

0  : pgn=65379  line=Rx 10350584 1c ff 63 00 3b 9f 00 00 00 00 01 ff
source=0: pgn=Seatalk: Pilot Mode(65379): values=ManufacturerCode=(1851) IndustryCode=(4) PilotMode=(0) SubMode=(0) PilotModeData=(0)

0  : pgn=65359  line=Rx 10350585 1c ff 4f 00 3b 9f ff ff ff 28 42 ff
source=0: pgn=Seatalk: Pilot Heading(65359): values=ManufacturerCode=(1851) IndustryCode=(4) HeadingTrue=(None) HeadingMagnetic=(97.04 deg)

1  : pgn=129794 line=Rx 10350585 19 fb 02 01 80 4b 05 30 57 16 12 ff
1  : pgn=129794 line=Rx 10350586 19 fb 02 01 81 ff ff ff 57 44 43 36
1  : pgn=129794 line=Rx 10350587 19 fb 02 01 82 32 32 37 4d 2f 59 20
1  : pgn=129794 line=Rx 10350587 19 fb 02 01 83 44 41 45 44 41 4c 55
1  : pgn=129794 line=Rx 10350588 19 fb 02 01 84 53 20 20 20 20 20 20
1  : pgn=129794 line=Rx 10350588 19 fb 02 01 85 20 20 25 90 01 64 00
1  : pgn=129794 line=Rx 10350589 19 fb 02 01 86 ff ff ff ff bb 3f 00
1  : pgn=129794 line=Rx 10350589 19 fb 02 01 87 b2 9f 26 2c 01 53 45
1  : pgn=129794 line=Rx 10350590 19 fb 02 01 88 41 54 54 4c 45 20 20
1  : pgn=129794 line=Rx 10350591 19 fb 02 01 89 20 20 20 20 20 20 20
1  : pgn=129794 line=Rx 10350591 19 fb 02 01 8a 20 20 20 20 05 e1 ff
0  : pgn=126975 line=Rx 10350600 1d ef ff 00 60 0d 3b 9f f0 81 84 96
0  : pgn=126975 line=Rx 10350602 1d ef ff 00 61 43 0e 00 00 00 02 05
3  : pgn=129540 line=Tx 10350650 19 fa 04 03 c0 9f bf ff 0d 03 97 1a
source=3: pgn=GNSS Sats in View(129540): values=RangeResidualMode=(None) SatsinView=(191) PRN=(None) Elevation=(4.47 deg) Azimuth=(39.00 deg) SNR=(0.0 dB) Rangeresiduals=(0) Status=("0")

3  : pgn=129540 line=Tx 10350650 19 fa 04 03 c1 2e 26 00 00 00 00 00
source=3: pgn=GNSS Sats in View(129540): values=RangeResidualMode=("0") SatsinView=(38) PRN=(0) Elevation=(0.00 deg) Azimuth=(0.00 deg) SNR=(0.0 dB) Rangeresiduals=(0) Status=("0")

3  : pgn=129540 line=Tx 10350650 19 fa 04 03 c2 00 f3 0f ff 1d ad 3c
source=3: pgn=GNSS Sats in View(129540): values=RangeResidualMode=("0") SatsinView=(243) PRN=(15) Elevation=(44.00 deg) Azimuth=(89.00 deg) SNR=(0.0 dB) Rangeresiduals=(0) Status=("0")

3  : pgn=129540 line=Tx 10350650 19 fa 04 03 c3 48 0d 00 00 00 00 f5
source=3: pgn=GNSS Sats in View(129540): values=RangeResidualMode=("0") SatsinView=(13) PRN=(0) Elevation=(0.00 deg) Azimuth=(359.36 deg) SNR=(0.0 dB) Rangeresiduals=(0) Status=("0")

3  : pgn=129540 line=Tx 10350650 19 fa 04 03 c4 10 17 13 c2 b8 a0 0f
source=3: pgn=GNSS Sats in View(129540): values=RangeResidualMode=("0") SatsinView=(23) PRN=(19) Elevation=(-104.50 deg) Azimuth=(22.92 deg) SNR=(0.0 dB) Rangeresiduals=(0) Status=("0")

3  : pgn=129540 line=Tx 10350650 19 fa 04 03 c5 00 00 00 00 f5 12 c5
source=3: pgn=GNSS Sats in View(129540): values=RangeResidualMode=("0") SatsinView=(0) PRN=(0) Elevation=(-16.13 deg) Azimuth=(289.06 deg) SNR=(0.0 dB) Rangeresiduals=(0) Status=("0")

3  : pgn=129540 line=Tx 10350650 19 fa 04 03 c6 31 f2 93 e4 0c 00 00
source=3: pgn=GNSS Sats in View(129540): values=RangeResidualMode=("1") SatsinView=(242) PRN=(147) Elevation=(18.91 deg) Azimuth=(0.00 deg) SNR=(0.0 dB) Rangeresiduals=(0) Status=("0")

3  : pgn=129540 line=Tx 10350650 19 fa 04 03 c7 00 00 f5 13 69 03 1f
source=3: pgn=GNSS Sats in View(129540): values=RangeResidualMode=("0") SatsinView=(0) PRN=(245) Elevation=(154.12 deg) Azimuth=(45.49 deg) SNR=(0.0 dB) Rangeresiduals=(0) Status=("0")

3  : pgn=129540 line=Tx 10350650 19 fa 04 03 c8 d8 10 0e 00 00 00 00
source=3: pgn=GNSS Sats in View(129540): values=RangeResidualMode=("0") SatsinView=(16) PRN=(14) Elevation=(0.00 deg) Azimuth=(0.00 deg) SNR=(0.0 dB) Rangeresiduals=(0) Status=("0")

3  : pgn=129540 line=Tx 10350650 19 fa 04 03 c9 f5 15 e8 37 68 21 74
source=3: pgn=GNSS Sats in View(129540): values=RangeResidualMode=("1") SatsinView=(21) PRN=(232) Elevation=(152.86 deg) Azimuth=(170.33 deg) SNR=(0.0 dB) Rangeresiduals=(0) Status=("0")

3  : pgn=129540 line=Tx 10350650 19 fa 04 03 ca 0e 00 00 00 00 f5 16
source=3: pgn=GNSS Sats in View(129540): values=RangeResidualMode=("0") SatsinView=(0) PRN=(0) Elevation=(0.00 deg) Azimuth=(33.67 deg) SNR=(0.0 dB) Rangeresiduals=(0) Status=("0")

32 : pgn=128259 line=Rx 10350650 09 f5 03 20 11 29 01 ff ff ff ff ff
source=32: pgn=Speed(128259): values=SpeedWaterReferenced=(2.97 m/s) SpeedGroundReferenced=(None) SpeedWaterReferencedType=(None) SpeedDirection=(None)

3  : pgn=129540 line=Tx 10350651 19 fa 04 03 cb 80 16 cf 9c 68 10 00
source=3: pgn=GNSS Sats in View(129540): values=RangeResidualMode=("0") SatsinView=(22) PRN=(207) Elevation=(153.44 deg) Azimuth=(0.09 deg) SNR=(0.0 dB) Rangeresiduals=(0) Status=("0")

3  : pgn=129540 line=Tx 10350653 19 fa 04 03 cc 00 00 00 f5 1a ae 0f
source=3: pgn=GNSS Sats in View(129540): values=RangeResidualMode=("0") SatsinView=(0) PRN=(0) Elevation=(39.54 deg) Azimuth=(23.00 deg) SNR=(0.0 dB) Rangeresiduals=(0) Status=("0")

3  : pgn=129540 line=Tx 10350653 19 fa 04 03 cd 5d 1f e4 0c 00 00 00
source=3: pgn=GNSS Sats in View(129540): values=RangeResidualMode=("1") SatsinView=(31) PRN=(228) Elevation=(0.07 deg) Azimuth=(0.00 deg) SNR=(0.0 dB) Rangeresiduals=(0) Status=("0")

3  : pgn=129540 line=Tx 10350655 19 fa 04 03 ce 00 f5 1b d1 15 ab d2
source=3: pgn=GNSS Sats in View(129540): values=RangeResidualMode=("0") SatsinView=(245) PRN=(27) Elevation=(32.00 deg) Azimuth=(309.00 deg) SNR=(0.0 dB) Rangeresiduals=(0) Status=("0")

3  : pgn=129540 line=Tx 10350656 19 fa 04 03 cf 80 0c 00 00 00 00 f5
source=3: pgn=GNSS Sats in View(129540): values=RangeResidualMode=("0") SatsinView=(12) PRN=(0) Elevation=(0.00 deg) Azimuth=(359.36 deg) SNR=(0.0 dB) Rangeresiduals=(0) Status=("0")

3  : pgn=129540 line=Tx 10350657 19 fa 04 03 d0 1d 51 0e a1 67 28 0a
source=3: pgn=GNSS Sats in View(129540): values=RangeResidualMode=("1") SatsinView=(81) PRN=(14) Elevation=(152.00 deg) Azimuth=(14.90 deg) SNR=(0.0 dB) Rangeresiduals=(0) Status=("0")

3  : pgn=129540 line=Tx 10350657 19 fa 04 03 d1 00 00 00 00 f5 23 d1
source=3: pgn=GNSS Sats in View(129540): values=RangeResidualMode=("0") SatsinView=(0) PRN=(0) Elevation=(-16.13 deg) Azimuth=(306.76 deg) SNR=(0.0 dB) Rangeresiduals=(0) Status=("0")

3  : pgn=129540 line=Tx 10350658 19 fa 04 03 d2 15 c3 8b 00 00 00 00
source=3: pgn=GNSS Sats in View(129540): values=RangeResidualMode=("1") SatsinView=(195) PRN=(139) Elevation=(0.00 deg) Azimuth=(0.00 deg) SNR=(0.0 dB) Rangeresiduals=(0) Status=("0")

3  : pgn=129540 line=Tx 10350659 19 fa 04 03 d3 00 00 f3 30 2e 17 43
source=3: pgn=GNSS Sats in View(129540): values=RangeResidualMode=("0") SatsinView=(0) PRN=(243) Elevation=(67.75 deg) Azimuth=(98.41 deg) SNR=(0.0 dB) Rangeresiduals=(0) Status=("0")

3  : pgn=129540 line=Tx 10350660 19 fa 04 03 d4 84 d8 0e 00 00 00 00
source=3: pgn=GNSS Sats in View(129540): values=RangeResidualMode=("0") SatsinView=(216) PRN=(14) Elevation=(0.00 deg) Azimuth=(0.00 deg) SNR=(0.0 dB) Rangeresiduals=(0) Status=("0")

3  : pgn=129540 line=Tx 10350660 19 fa 04 03 d5 f5 33 80 16 67 6c 10
source=3: pgn=GNSS Sats in View(129540): values=RangeResidualMode=("1") SatsinView=(51) PRN=(128) Elevation=(151.20 deg) Azimuth=(24.09 deg) SNR=(0.0 dB) Rangeresiduals=(0) Status=("0")

3  : pgn=129540 line=Tx 10350662 19 fa 04 03 d6 0e 00 00 00 00 f5 ff
source=3: pgn=GNSS Sats in View(129540): values=RangeResidualMode=("0") SatsinView=(0) PRN=(0) Elevation=(0.00 deg) Azimuth=(375.43 deg) SNR=(0.0 dB) Rangeresiduals=(0) Status=("0")

3  : pgn=129025 line=Tx 10350663 09 f8 01 03 88 63 6f 1c 71 bd fd b6
source=3: pgn=Position, Rapid Update(129025): values=Latitude=(47.706202399999995 deg) Longitude=(-122.4884879 deg)

3  : pgn=127258 line=Tx 10350663 19 f1 1a 03 ff f6 12 39 fa 0a ff ff
source=3: pgn=Magnetic Variation(127258): values=Source=("6") Ageofservice=(14610 d) Variation=(16.10 deg)

0  : pgn=127250 line=Rx 10350682 09 f1 12 00 ff f8 41 ff 7f ff 7f fd
source=0: pgn=Vessel Heading(127250): values=Heading=(96.76 deg) Deviation=(None) Variation=(None) Reference=("1")

0  : pgn=127245 line=Rx 10350683 09 f1 0d 00 00 f8 ff 7f 00 00 ff ff
source=0: pgn=Rudder(127245): values=Instance=(0) DirectionOrder=("0") AngleOrder=(None) Position=(0.00 deg)

0  : pgn=65359  line=Rx 10350689 1c ff 4f 00 3b 9f ff ff ff f8 41 ff
source=0: pgn=Seatalk: Pilot Heading(65359): values=ManufacturerCode=(1851) IndustryCode=(4) HeadingTrue=(None) HeadingMagnetic=(96.76 deg)

0  : pgn=126975 line=Rx 10350692 1d ef ff 00 80 09 3b 9f f0 81 ae 02
0  : pgn=126975 line=Rx 10350695 1d ef ff 00 81 00 08 00 ff ff ff ff
1  : pgn=129038 line=Rx 10350705 11 f8 0e 01 80 1b c1 da 4c dc 15 27
1  : pgn=129038 line=Rx 10350705 11 f8 0e 01 81 1d 08 b7 b7 6e 5f 1c
1  : pgn=129038 line=Rx 10350706 11 f8 0e 01 82 91 31 b4 98 03 00 00
1  : pgn=129038 line=Rx 10350707 11 f8 0e 01 83 00 ab b4 00 00 ff fe
3  : pgn=129026 line=Tx 10350750 09 f8 02 03 ff fc 3f 4a 4a 01 ff ff
source=3: pgn=COG & SOG, Rapid Update(129026): values=COGReference=("0") COG=(108.90 deg) SOG=(3.3000000000000003 m/s)

3  : pgn=129025 line=Tx 10350750 09 f8 01 03 88 63 6f 1c 71 bd fd b6
source=3: pgn=Position, Rapid Update(129025): values=Latitude=(47.706202399999995 deg) Longitude=(-122.4884879 deg)

32 : pgn=128259 line=Rx 10350750 09 f5 03 20 12 1c 01 ff ff ff ff ff
source=32: pgn=Speed(128259): values=SpeedWaterReferenced=(2.84 m/s) SpeedGroundReferenced=(None) SpeedWaterReferencedType=(None) SpeedDirection=(None)

0  : pgn=127250 line=Rx 10350785 09 f1 12 00 ff ba 41 ff 7f ff 7f fd
source=0: pgn=Vessel Heading(127250): values=Heading=(96.41 deg) Deviation=(None) Variation=(None) Reference=("1")

0  : pgn=127245 line=Rx 10350785 09 f1 0d 00 00 f8 ff 7f 00 00 ff ff
source=0: pgn=Rudder(127245): values=Instance=(0) DirectionOrder=("0") AngleOrder=(None) Position=(0.00 deg)

0  : pgn=65359  line=Rx 10350791 1c ff 4f 00 3b 9f ff ff ff ba 41 ff
source=0: pgn=Seatalk: Pilot Heading(65359): values=ManufacturerCode=(1851) IndustryCode=(4) HeadingTrue=(None) HeadingMagnetic=(96.41 deg)

32 : pgn=128259 line=Rx 10350849 09 f5 03 20 13 19 01 ff ff ff ff ff
source=32: pgn=Speed(128259): values=SpeedWaterReferenced=(2.81 m/s) SpeedGroundReferenced=(None) SpeedWaterReferencedType=(None) SpeedDirection=(None)

3  : pgn=129029 line=Tx 10350850 0d f8 05 03 80 2b 9d 06 40 70 f4 14
3  : pgn=129029 line=Tx 10350850 0d f8 05 03 81 2c 00 50 59 1c 62 dd
3  : pgn=129029 line=Tx 10350850 0d f8 05 03 82 9e 06 00 2a 75 38 b1
3  : pgn=129029 line=Tx 10350850 0d f8 05 03 83 55 00 ef ff ff ff ff
3  : pgn=129029 line=Tx 10350850 0d f8 05 03 84 ff ff ff 7f 23 fc 09
3  : pgn=129029 line=Tx 10350850 0d f8 05 03 85 55 00 ff 7f ff ff ff
3  : pgn=129029 line=Tx 10350850 0d f8 05 03 86 7f 00 ff ff ff ff ff
3  : pgn=129025 line=Tx 10350850 09 f8 01 03 88 63 6f 1c 71 bd fd b6
source=3: pgn=Position, Rapid Update(129025): values=Latitude=(47.706202399999995 deg) Longitude=(-122.4884879 deg)

3  : pgn=129033 line=Tx 10350850 0d f8 09 03 06 40 70 f4 14 2c 5c fe
source=3: pgn=Time & Date(129033): values=Date=(16390 d) Time=(73957.08 s) LocalOffset=(-25200.0 s)

0  : pgn=127250 line=Rx 10350887 09 f1 12 00 ff a6 41 ff 7f ff 7f fd
source=0: pgn=Vessel Heading(127250): values=Heading=(96.29 deg) Deviation=(None) Variation=(None) Reference=("1")

0  : pgn=127245 line=Rx 10350888 09 f1 0d 00 00 f8 ff 7f 00 00 ff ff
source=0: pgn=Rudder(127245): values=Instance=(0) DirectionOrder=("0") AngleOrder=(None) Position=(0.00 deg)

0  : pgn=65359  line=Rx 10350894 1c ff 4f 00 3b 9f ff ff ff a6 41 ff
source=0: pgn=Seatalk: Pilot Heading(65359): values=ManufacturerCode=(1851) IndustryCode=(4) HeadingTrue=(None) HeadingMagnetic=(96.29 deg)

32 : pgn=128259 line=Rx 10350949 09 f5 03 20 14 1a 01 ff ff ff ff ff
source=32: pgn=Speed(128259): values=SpeedWaterReferenced=(2.82 m/s) SpeedGroundReferenced=(None) SpeedWaterReferencedType=(None) SpeedDirection=(None)

3  : pgn=129026 line=Tx 10350950 09 f8 02 03 ff fc 2d 4a 4c 01 ff ff
source=3: pgn=COG & SOG, Rapid Update(129026): values=COGReference=("0") COG=(108.80 deg) SOG=(3.3200000000000003 m/s)

3  : pgn=129025 line=Tx 10350950 09 f8 01 03 70 63 6f 1c 17 be fd b6
source=3: pgn=Position, Rapid Update(129025): values=Latitude=(47.706199999999995 deg) Longitude=(-122.4884713 deg)

3  : pgn=126992 line=Tx 10350950 0d f0 10 03 ff ff 06 40 28 fb 14 2c
source=3: pgn=System Time(126992): values=Source=(None) Date=(16390 d) Time=(73957.25200000001 s)

0  : pgn=127250 line=Rx 10350984 09 f1 12 00 ff 6f 41 ff 7f ff 7f fd
source=0: pgn=Vessel Heading(127250): values=Heading=(95.98 deg) Deviation=(None) Variation=(None) Reference=("1")

0  : pgn=127245 line=Rx 10350984 09 f1 0d 00 00 f8 ff 7f 00 00 ff ff
source=0: pgn=Rudder(127245): values=Instance=(0) DirectionOrder=("0") AngleOrder=(None) Position=(0.00 deg)

0  : pgn=65359  line=Rx 10350989 1c ff 4f 00 3b 9f ff ff ff 6f 41 ff
source=0: pgn=Seatalk: Pilot Heading(65359): values=ManufacturerCode=(1851) IndustryCode=(4) HeadingTrue=(None) HeadingMagnetic=(95.98 deg)

3  : pgn=129025 line=Tx 10351050 09 f8 01 03 70 63 6f 1c 17 be fd b6
source=3: pgn=Position, Rapid Update(129025): values=Latitude=(47.706199999999995 deg) Longitude=(-122.4884713 deg)

32 : pgn=128259 line=Rx 10351050 09 f5 03 20 15 2a 01 ff ff ff ff ff
source=32: pgn=Speed(128259): values=SpeedWaterReferenced=(2.98 m/s) SpeedGroundReferenced=(None) SpeedWaterReferencedType=(None) SpeedDirection=(None)

32 : pgn=130310 line=Rx 10351053 15 fd 06 20 e5 ff ff ff ff ff ff ff
source=32: pgn=Environmental Parameters (obsolete)(130310): values=WaterTemperature=(None) OutsideAmbientAirTemperature=(None) AtmosphericPressure=(None)

4  : pgn=126975 line=Rx 10351062 1d ef ff 04 60 07 3b 9f f0 81 90 00
4  : pgn=126975 line=Rx 10351062 1d ef ff 04 61 03 ff ff ff ff ff ff
32 : pgn=128275 line=Rx 10351063 19 f5 13 20 e0 0e ff ff ff ff ff ff
32 : pgn=128275 line=Rx 10351068 19 f5 13 20 e1 32 ae 3c 00 32 ae 3c
32 : pgn=128275 line=Rx 10351073 19 f5 13 20 e2 00 ff ff ff ff ff ff
0  : pgn=127250 line=Rx 10351083 09 f1 12 00 ff 48 41 ff 7f ff 7f fd
source=0: pgn=Vessel Heading(127250): values=Heading=(95.75 deg) Deviation=(None) Variation=(None) Reference=("1")

0  : pgn=127245 line=Rx 10351084 09 f1 0d 00 00 f8 ff 7f 00 00 ff ff
source=0: pgn=Rudder(127245): values=Instance=(0) DirectionOrder=("0") AngleOrder=(None) Position=(0.00 deg)

0  : pgn=65359  line=Rx 10351090 1c ff 4f 00 3b 9f ff ff ff 48 41 ff
source=0: pgn=Seatalk: Pilot Heading(65359): values=ManufacturerCode=(1851) IndustryCode=(4) HeadingTrue=(None) HeadingMagnetic=(95.75 deg)

0  : pgn=126975 line=Rx 10351092 1d ef ff 00 a0 08 3b 9f f0 81 9c 11
0  : pgn=126975 line=Rx 10351094 1d ef ff 00 a1 03 00 ff ff ff ff ff
1  : pgn=59936  line=Rx 10351100 18 ea 20 01 00 ee 00 00 00 00 00 00
1  : pgn=129041 line=Rx 10351100 11 f8 11 01 40 30 15 76 89 3a 3b ed
1  : pgn=129041 line=Rx 10351101 11 f8 11 01 41 61 e3 b6 67 78 ad 1c
1  : pgn=129041 line=Rx 10351101 11 f8 11 01 42 f4 00 00 00 00 00 00
1  : pgn=129041 line=Rx 10351102 11 f8 11 01 43 ff ff 52 ee ff e1 16
1  : pgn=129041 line=Rx 10351103 11 f8 11 01 44 01 50 53 20 54 53 4c
1  : pgn=129041 line=Rx 10351103 11 f8 11 01 45 20 53 42 20 20 20 20
1  : pgn=129041 line=Rx 10351104 11 f8 11 01 46 20 20 20 20 20 20 20
1  : pgn=129038 line=Rx 10351130 11 f8 0e 01 a0 1b c3 ca 4c e7 15 b0
1  : pgn=129038 line=Rx 10351130 11 f8 0e 01 a1 63 d5 b6 0e e9 ac 1c
1  : pgn=129038 line=Rx 10351131 11 f8 0e 01 a2 91 d6 28 2b 02 00 00
1  : pgn=129038 line=Rx 10351132 11 f8 0e 01 a3 00 16 22 d2 e5 f0 fe
32 : pgn=128259 line=Rx 10351148 09 f5 03 20 16 1f 01 ff ff ff ff ff
3  : pgn=129026 line=Tx 10351151 09 f8 02 03 ff fc 2d 4a 4c 01 ff ff
source=3: pgn=COG & SOG, Rapid Update(129026): values=COGReference=("0") COG=(108.80 deg) SOG=(3.3200000000000003 m/s)

3  : pgn=129025 line=Tx 10351151 09 f8 01 03 70 63 6f 1c 17 be fd b6
source=3: pgn=Position, Rapid Update(129025): values=Latitude=(47.706199999999995 deg) Longitude=(-122.4884713 deg)

3  : pgn=129291 line=Tx 10351151 0d f9 0b 03 ff fc c4 3e 36 00 ff ff
source=3: pgn=Set & Drift, Rapid Update(129291): values=SetReference=("0") Set=(92.06 deg) Drift=(0.54 m/s)

1  : pgn=129038 line=Rx 10351169 11 f8 0e 01 c0 1b c1 12 f9 de 15 2e
1  : pgn=129038 line=Rx 10351170 11 f8 0e 01 c1 85 10 b7 a1 76 67 1c
1  : pgn=129038 line=Rx 10351170 11 f8 0e 01 c2 8f 71 b6 00 00 01 00
1  : pgn=129038 line=Rx 10351171 11 f8 0e 01 c3 08 37 91 00 00 f0 fe
0  : pgn=127250 line=Rx 10351182 09 f1 12 00 ff 35 41 ff 7f ff 7f fd
source=0: pgn=Vessel Heading(127250): values=Heading=(95.64 deg) Deviation=(None) Variation=(None) Reference=("1")

0  : pgn=127245 line=Rx 10351182 09 f1 0d 00 00 f8 ff 7f 00 00 ff ff
source=0: pgn=Rudder(127245): values=Instance=(0) DirectionOrder=("0") AngleOrder=(None) Position=(0.00 deg)

0  : pgn=65359  line=Rx 10351187 1c ff 4f 00 3b 9f ff ff ff 35 41 ff
source=0: pgn=Seatalk: Pilot Heading(65359): values=ManufacturerCode=(1851) IndustryCode=(4) HeadingTrue=(None) HeadingMagnetic=(95.64 deg)

1  : pgn=129039 line=Rx 10351194 11 f8 0f 01 60 1a 12 17 95 27 14 e0
1  : pgn=129039 line=Rx 10351194 11 f8 0f 01 61 68 14 b7 a7 e2 63 1c
1  : pgn=129039 line=Rx 10351195 11 f8 0f 01 62 93 28 22 00 00 03 00
1  : pgn=129039 line=Rx 10351196 11 f8 0f 01 63 08 ff ff 00 fc ff ff
1  : pgn=129038 line=Rx 10351197 11 f8 0e 01 e0 1b c1 8a ff e7 15 f8
1  : pgn=129038 line=Rx 10351197 11 f8 0e 01 e1 67 0e b7 e5 30 68 1c
1  : pgn=129038 line=Rx 10351197 11 f8 0e 01 e2 90 97 0e 05 00 00 00
1  : pgn=129038 line=Rx 10351198 11 f8 0e 01 e3 00 ff ff ff 7f ff fe
1  : pgn=129038 line=Rx 10351225 11 f8 0e 01 00 1b c1 76 c0 e0 15 26
source=1: pgn=AIS Class A Position Report(129038): values=MessageID=(0) RepeatIndicator=("0") UserID=(3229008155) Longitude=(0.0 deg) Latitude=(0.0 deg) PositionAccuracy=("0") RAIM=("0") TimeStamp=("0") COG=(0.00 deg) SOG=(0.0 m/s) CommunicationState=(0) AISTransceiverinformation=("0") Heading=(0.00 deg) RateofTurn=(0.00 deg/s) NavStatus=("0") SpecialManeuverIndicator=("0") Spare=(0) SequenceID=(0)

1  : pgn=129038 line=Rx 10351225 11 f8 0e 01 01 a7 0c b7 6e 60 69 1c
source=1: pgn=AIS Class A Position Report(129038): values=MessageID=(1) RepeatIndicator=("0") UserID=(1857490087) Longitude=(0.0 deg) Latitude=(0.0 deg) PositionAccuracy=("0") RAIM=("0") TimeStamp=("0") COG=(0.00 deg) SOG=(0.0 m/s) CommunicationState=(0) AISTransceiverinformation=("0") Heading=(0.00 deg) RateofTurn=(0.00 deg/s) NavStatus=("0") SpecialManeuverIndicator=("0") Spare=(0) SequenceID=(0)

1  : pgn=129038 line=Rx 10351226 11 f8 0e 01 02 90 ac 72 00 00 00 00
source=1: pgn=AIS Class A Position Report(129038): values=MessageID=(2) RepeatIndicator=("0") UserID=(7515280) Longitude=(0.0 deg) Latitude=(0.0 deg) PositionAccuracy=("0") RAIM=("0") TimeStamp=("0") COG=(0.00 deg) SOG=(0.0 m/s) CommunicationState=(0) AISTransceiverinformation=("0") Heading=(0.00 deg) RateofTurn=(0.00 deg/s) NavStatus=("0") SpecialManeuverIndicator=("0") Spare=(0) SequenceID=(0)

1  : pgn=129038 line=Rx 10351227 11 f8 0e 01 03 00 ff ff ff 7f ff fe
source=1: pgn=AIS Class A Position Report(129038): values=MessageID=(3) RepeatIndicator=("0") UserID=(4294967040) Longitude=(0.0 deg) Latitude=(0.0 deg) PositionAccuracy=("0") RAIM=("0") TimeStamp=("0") COG=(0.00 deg) SOG=(0.0 m/s) CommunicationState=(0) AISTransceiverinformation=("0") Heading=(0.00 deg) RateofTurn=(0.00 deg/s) NavStatus=("0") SpecialManeuverIndicator=("0") Spare=(0) SequenceID=(0)

32 : pgn=128259 line=Rx 10351247 09 f5 03 20 17 24 01 ff ff ff ff ff
source=32: pgn=Speed(128259): values=SpeedWaterReferenced=(2.92 m/s) SpeedGroundReferenced=(None) SpeedWaterReferencedType=(None) SpeedDirection=(None)

3  : pgn=129025 line=Tx 10351252 09 f8 01 03 5c 63 6f 1c 5c be fd b6
source=3: pgn=Position, Rapid Update(129025): values=Latitude=(47.706198 deg) Longitude=(-122.4884644 deg)

0  : pgn=127250 line=Rx 10351277 09 f1 12 00 ff 0d 41 ff 7f ff 7f fd
source=0: pgn=Vessel Heading(127250): values=Heading=(95.41 deg) Deviation=(None) Variation=(None) Reference=("1")

0  : pgn=127245 line=Rx 10351278 09 f1 0d 00 00 f8 ff 7f 00 00 ff ff
source=0: pgn=Rudder(127245): values=Instance=(0) DirectionOrder=("0") AngleOrder=(None) Position=(0.00 deg)

0  : pgn=65359  line=Rx 10351285 1c ff 4f 00 3b 9f ff ff ff 0d 41 ff
source=0: pgn=Seatalk: Pilot Heading(65359): values=ManufacturerCode=(1851) IndustryCode=(4) HeadingTrue=(None) HeadingMagnetic=(95.41 deg)

32 : pgn=128259 line=Rx 10351347 09 f5 03 20 18 29 01 ff ff ff ff ff
source=32: pgn=Speed(128259): values=SpeedWaterReferenced=(2.97 m/s) SpeedGroundReferenced=(None) SpeedWaterReferencedType=(None) SpeedDirection=(None)

3  : pgn=129026 line=Tx 10351352 09 f8 02 03 ff fc 2d 4a 4c 01 ff ff
source=3: pgn=COG & SOG, Rapid Update(129026): values=COGReference=("0") COG=(108.80 deg) SOG=(3.3200000000000003 m/s)

3  : pgn=130577 line=Tx 10351352 0d fe 11 03 a0 0e c0 9e 2d 4a 4c 01
3  : pgn=130577 line=Tx 10351352 0d fe 11 03 a1 ff ff ff ff c4 3e 36
3  : pgn=130577 line=Tx 10351352 0d fe 11 03 a2 00 ff ff ff ff ff ff
3  : pgn=129025 line=Tx 10351352 09 f8 01 03 5c 63 6f 1c 5c be fd b6
3  : pgn=130306 line=Tx 10351352 09 fd 02 03 ff 13 03 2b cb fa ff ff
source=3: pgn=Wind Data(130306): values=WindSpeed=(7.87 m/s) WindAngle=(298.00 deg) Reference=("2")

0  : pgn=127250 line=Rx 10351383 09 f1 12 00 ff f6 40 ff 7f ff 7f fd
source=0: pgn=Vessel Heading(127250): values=Heading=(95.28 deg) Deviation=(None) Variation=(None) Reference=("1")

0  : pgn=127245 line=Rx 10351384 09 f1 0d 00 00 f8 ff 7f 00 00 ff ff
source=0: pgn=Rudder(127245): values=Instance=(0) DirectionOrder=("0") AngleOrder=(None) Position=(0.00 deg)

0  : pgn=65359  line=Rx 10351388 1c ff 4f 00 3b 9f ff ff ff f6 40 ff
source=0: pgn=Seatalk: Pilot Heading(65359): values=ManufacturerCode=(1851) IndustryCode=(4) HeadingTrue=(None) HeadingMagnetic=(95.28 deg)

4  : pgn=65384  line=Rx 10351403 1c ff 68 04 3b 9f 00 00 00 00 00 00
32 : pgn=128259 line=Rx 10351446 09 f5 03 20 19 2b 01 ff ff ff ff ff
source=32: pgn=Speed(128259): values=SpeedWaterReferenced=(2.99 m/s) SpeedGroundReferenced=(None) SpeedWaterReferencedType=(None) SpeedDirection=(None)

3  : pgn=129283 line=Tx 10351452 0d f9 03 03 ff 7f ff ff ff 7f ff ff
source=3: pgn=Cross Track Error(129283): values=XTEmode=(None) NavigationTerminated=("1") XTE=(None)

3  : pgn=129025 line=Tx 10351452 09 f8 01 03 45 63 6f 1c a1 be fd b6
source=3: pgn=Position, Rapid Update(129025): values=Latitude=(47.706195699999995 deg) Longitude=(-122.4884575 deg)

3  : pgn=128267 line=Tx 10351452 0d f5 0b 03 ff c8 3d 00 00 00 00 ff
source=3: pgn=Water Depth(128267): values=Depth=(158.16 m) Offset=(0.0 m) Range=(None)

0  : pgn=127250 line=Rx 10351477 09 f1 12 00 ff c7 40 ff 7f ff 7f fd
source=0: pgn=Vessel Heading(127250): values=Heading=(95.01 deg) Deviation=(None) Variation=(None) Reference=("1")

0  : pgn=127245 line=Rx 10351478 09 f1 0d 00 00 f8 ff 7f 00 00 ff ff
source=0: pgn=Rudder(127245): values=Instance=(0) DirectionOrder=("0") AngleOrder=(None) Position=(0.00 deg)

0  : pgn=65359  line=Rx 10351485 1c ff 4f 00 3b 9f ff ff ff c7 40 ff
source=0: pgn=Seatalk: Pilot Heading(65359): values=ManufacturerCode=(1851) IndustryCode=(4) HeadingTrue=(None) HeadingMagnetic=(95.01 deg)

32 : pgn=128259 line=Rx 10351546 09 f5 03 20 1a 21 01 ff ff ff ff ff
source=32: pgn=Speed(128259): values=SpeedWaterReferenced=(2.89 m/s) SpeedGroundReferenced=(None) SpeedWaterReferencedType=(None) SpeedDirection=(None)

3  : pgn=129026 line=Tx 10351552 09 f8 02 03 ff fc 2d 4a 4c 01 ff ff
source=3: pgn=COG & SOG, Rapid Update(129026): values=COGReference=("0") COG=(108.80 deg) SOG=(3.3200000000000003 m/s)

3  : pgn=129025 line=Tx 10351552 09 f8 01 03 45 63 6f 1c a1 be fd b6
source=3: pgn=Position, Rapid Update(129025): values=Latitude=(47.706195699999995 deg) Longitude=(-122.4884575 deg)

3  : pgn=129542 line=Tx 10351552 19 fa 06 03 a0 0f 9e 68 01 00 00 00
3  : pgn=129542 line=Tx 10351552 19 fa 06 03 a1 00 00 00 00 00 00 00
3  : pgn=129542 line=Tx 10351552 19 fa 06 03 a2 00 00 ff ff ff ff ff
3  : pgn=65364  line=Tx 10351552 1c ff 54 03 3b 9f 13 03 2b cb ff ff
1  : pgn=129038 line=Rx 10351557 11 f8 0e 01 20 1b c1 3a 7c e8 15 21
1  : pgn=129038 line=Rx 10351558 11 f8 0e 01 21 5e 0c b7 9b 80 63 1c
1  : pgn=129038 line=Rx 10351558 11 f8 0e 01 22 97 07 ef 00 00 00 00
1  : pgn=129038 line=Rx 10351559 11 f8 0e 01 23 00 ff ff ff 7f ff fe
1  : pgn=129038 line=Rx 10351589 11 f8 0e 01 40 1b c1 14 8c db 15 75
1  : pgn=129038 line=Rx 10351589 11 f8 0e 01 41 69 0d b7 3e bf 7f 1c
1  : pgn=129038 line=Rx 10351590 11 f8 0e 01 42 99 b3 46 00 00 00 00
1  : pgn=129038 line=Rx 10351591 11 f8 0e 01 43 00 f3 48 00 00 ff fe
0  : pgn=126975 line=Rx 10351592 1d ef ff 00 c0 0d 3b 9f f0 81 84 96
0  : pgn=126975 line=Rx 10351592 1d ef ff 00 c1 42 0a 00 00 00 02 05
0  : pgn=127250 line=Rx 10351596 09 f1 12 00 ff b4 40 ff 7f ff 7f fd
source=0: pgn=Vessel Heading(127250): values=Heading=(94.90 deg) Deviation=(None) Variation=(None) Reference=("1")

0  : pgn=127245 line=Rx 10351597 09 f1 0d 00 00 f8 ff 7f 00 00 ff ff
source=0: pgn=Rudder(127245): values=Instance=(0) DirectionOrder=("0") AngleOrder=(None) Position=(0.00 deg)

0  : pgn=65379  line=Rx 10351605 1c ff 63 00 3b 9f 00 00 00 00 01 ff
source=0: pgn=Seatalk: Pilot Mode(65379): values=ManufacturerCode=(1851) IndustryCode=(4) PilotMode=(0) SubMode=(0) PilotModeData=(0)

0  : pgn=65359  line=Rx 10351606 1c ff 4f 00 3b 9f ff ff ff 9d 40 ff
source=0: pgn=Seatalk: Pilot Heading(65359): values=ManufacturerCode=(1851) IndustryCode=(4) HeadingTrue=(None) HeadingMagnetic=(94.77 deg)

32 : pgn=128259 line=Rx 10351645 09 f5 03 20 1b 2c 01 ff ff ff ff ff
source=32: pgn=Speed(128259): values=SpeedWaterReferenced=(3.0 m/s) SpeedGroundReferenced=(None) SpeedWaterReferencedType=(None) SpeedDirection=(None)

3  : pgn=129540 line=Tx 10351653 19 fa 04 03 e0 9f c0 ff 0d 03 97 1a
source=3: pgn=GNSS Sats in View(129540): values=RangeResidualMode=(None) SatsinView=(192) PRN=(None) Elevation=(4.47 deg) Azimuth=(39.00 deg) SNR=(0.0 dB) Rangeresiduals=(0) Status=("0")

3  : pgn=129540 line=Tx 10351653 19 fa 04 03 e1 2e 26 00 00 00 00 00
source=3: pgn=GNSS Sats in View(129540): values=RangeResidualMode=("0") SatsinView=(38) PRN=(0) Elevation=(0.00 deg) Azimuth=(0.00 deg) SNR=(0.0 dB) Rangeresiduals=(0) Status=("0")

3  : pgn=129540 line=Tx 10351653 19 fa 04 03 e2 00 f3 0f ff 1d ad 3c
source=3: pgn=GNSS Sats in View(129540): values=RangeResidualMode=("0") SatsinView=(243) PRN=(15) Elevation=(44.00 deg) Azimuth=(89.00 deg) SNR=(0.0 dB) Rangeresiduals=(0) Status=("0")

3  : pgn=129540 line=Tx 10351653 19 fa 04 03 e3 48 0d 00 00 00 00 f5
source=3: pgn=GNSS Sats in View(129540): values=RangeResidualMode=("0") SatsinView=(13) PRN=(0) Elevation=(0.00 deg) Azimuth=(359.36 deg) SNR=(0.0 dB) Rangeresiduals=(0) Status=("0")

3  : pgn=129540 line=Tx 10351653 19 fa 04 03 e4 10 17 13 c2 b8 a0 0f
source=3: pgn=GNSS Sats in View(129540): values=RangeResidualMode=("0") SatsinView=(23) PRN=(19) Elevation=(-104.50 deg) Azimuth=(22.92 deg) SNR=(0.0 dB) Rangeresiduals=(0) Status=("0")

3  : pgn=129540 line=Tx 10351653 19 fa 04 03 e5 00 00 00 00 f5 12 c5
source=3: pgn=GNSS Sats in View(129540): values=RangeResidualMode=("0") SatsinView=(0) PRN=(0) Elevation=(-16.13 deg) Azimuth=(289.06 deg) SNR=(0.0 dB) Rangeresiduals=(0) Status=("0")

3  : pgn=129540 line=Tx 10351653 19 fa 04 03 e6 31 f2 93 e4 0c 00 00
source=3: pgn=GNSS Sats in View(129540): values=RangeResidualMode=("1") SatsinView=(242) PRN=(147) Elevation=(18.91 deg) Azimuth=(0.00 deg) SNR=(0.0 dB) Rangeresiduals=(0) Status=("0")

3  : pgn=129540 line=Tx 10351653 19 fa 04 03 e7 00 00 f5 13 69 03 1f
source=3: pgn=GNSS Sats in View(129540): values=RangeResidualMode=("0") SatsinView=(0) PRN=(245) Elevation=(154.12 deg) Azimuth=(45.49 deg) SNR=(0.0 dB) Rangeresiduals=(0) Status=("0")

3  : pgn=129540 line=Tx 10351653 19 fa 04 03 e8 d8 10 0e 00 00 00 00
source=3: pgn=GNSS Sats in View(129540): values=RangeResidualMode=("0") SatsinView=(16) PRN=(14) Elevation=(0.00 deg) Azimuth=(0.00 deg) SNR=(0.0 dB) Rangeresiduals=(0) Status=("0")

3  : pgn=129540 line=Tx 10351653 19 fa 04 03 e9 f5 15 e8 37 68 21 74
source=3: pgn=GNSS Sats in View(129540): values=RangeResidualMode=("1") SatsinView=(21) PRN=(232) Elevation=(152.86 deg) Azimuth=(170.33 deg) SNR=(0.0 dB) Rangeresiduals=(0) Status=("0")

3  : pgn=129540 line=Tx 10351653 19 fa 04 03 ea 0e 00 00 00 00 f5 16
source=3: pgn=GNSS Sats in View(129540): values=RangeResidualMode=("0") SatsinView=(0) PRN=(0) Elevation=(0.00 deg) Azimuth=(33.67 deg) SNR=(0.0 dB) Rangeresiduals=(0) Status=("0")

3  : pgn=129540 line=Tx 10351655 19 fa 04 03 eb 80 16 cf 9c 68 10 00
source=3: pgn=GNSS Sats in View(129540): values=RangeResidualMode=("0") SatsinView=(22) PRN=(207) Elevation=(153.44 deg) Azimuth=(0.09 deg) SNR=(0.0 dB) Rangeresiduals=(0) Status=("0")

3  : pgn=129540 line=Tx 10351656 19 fa 04 03 ec 00 00 00 f5 1a ae 0f
source=3: pgn=GNSS Sats in View(129540): values=RangeResidualMode=("0") SatsinView=(0) PRN=(0) Elevation=(39.54 deg) Azimuth=(23.00 deg) SNR=(0.0 dB) Rangeresiduals=(0) Status=("0")

3  : pgn=129540 line=Tx 10351657 19 fa 04 03 ed 5d 1f e4 0c 00 00 00
source=3: pgn=GNSS Sats in View(129540): values=RangeResidualMode=("1") SatsinView=(31) PRN=(228) Elevation=(0.07 deg) Azimuth=(0.00 deg) SNR=(0.0 dB) Rangeresiduals=(0) Status=("0")

3  : pgn=129540 line=Tx 10351657 19 fa 04 03 ee 00 f5 1b d1 15 ab d2
source=3: pgn=GNSS Sats in View(129540): values=RangeResidualMode=("0") SatsinView=(245) PRN=(27) Elevation=(32.00 deg) Azimuth=(309.00 deg) SNR=(0.0 dB) Rangeresiduals=(0) Status=("0")

3  : pgn=129540 line=Tx 10351658 19 fa 04 03 ef 80 0c 00 00 00 00 f5
source=3: pgn=GNSS Sats in View(129540): values=RangeResidualMode=("0") SatsinView=(12) PRN=(0) Elevation=(0.00 deg) Azimuth=(359.36 deg) SNR=(0.0 dB) Rangeresiduals=(0) Status=("0")

3  : pgn=129540 line=Tx 10351659 19 fa 04 03 f0 1d 51 0e a1 67 28 0a
source=3: pgn=GNSS Sats in View(129540): values=RangeResidualMode=("1") SatsinView=(81) PRN=(14) Elevation=(152.00 deg) Azimuth=(14.90 deg) SNR=(0.0 dB) Rangeresiduals=(0) Status=("0")

3  : pgn=129540 line=Tx 10351660 19 fa 04 03 f1 00 00 00 00 f5 23 d1
source=3: pgn=GNSS Sats in View(129540): values=RangeResidualMode=("0") SatsinView=(0) PRN=(0) Elevation=(-16.13 deg) Azimuth=(306.76 deg) SNR=(0.0 dB) Rangeresiduals=(0) Status=("0")

3  : pgn=129540 line=Tx 10351662 19 fa 04 03 f2 15 c3 8b 00 00 00 00
source=3: pgn=GNSS Sats in View(129540): values=RangeResidualMode=("1") SatsinView=(195) PRN=(139) Elevation=(0.00 deg) Azimuth=(0.00 deg) SNR=(0.0 dB) Rangeresiduals=(0) Status=("0")

3  : pgn=129540 line=Tx 10351662 19 fa 04 03 f3 00 00 f3 30 2e 17 43
source=3: pgn=GNSS Sats in View(129540): values=RangeResidualMode=("0") SatsinView=(0) PRN=(243) Elevation=(67.75 deg) Azimuth=(98.41 deg) SNR=(0.0 dB) Rangeresiduals=(0) Status=("0")

3  : pgn=129540 line=Tx 10351663 19 fa 04 03 f4 84 d8 0e 00 00 00 00
source=3: pgn=GNSS Sats in View(129540): values=RangeResidualMode=("0") SatsinView=(216) PRN=(14) Elevation=(0.00 deg) Azimuth=(0.00 deg) SNR=(0.0 dB) Rangeresiduals=(0) Status=("0")

3  : pgn=129540 line=Tx 10351664 19 fa 04 03 f5 f5 33 80 16 67 6c 10
source=3: pgn=GNSS Sats in View(129540): values=RangeResidualMode=("1") SatsinView=(51) PRN=(128) Elevation=(151.20 deg) Azimuth=(24.09 deg) SNR=(0.0 dB) Rangeresiduals=(0) Status=("0")

3  : pgn=129540 line=Tx 10351665 19 fa 04 03 f6 0e 00 00 00 00 f5 ff
source=3: pgn=GNSS Sats in View(129540): values=RangeResidualMode=("0") SatsinView=(0) PRN=(0) Elevation=(0.00 deg) Azimuth=(375.43 deg) SNR=(0.0 dB) Rangeresiduals=(0) Status=("0")

3  : pgn=129025 line=Tx 10351665 09 f8 01 03 45 63 6f 1c a1 be fd b6
source=3: pgn=Position, Rapid Update(129025): values=Latitude=(47.706195699999995 deg) Longitude=(-122.4884575 deg)

3  : pgn=127258 line=Tx 10351666 19 f1 1a 03 ff f6 12 39 fa 0a ff ff
source=3: pgn=Magnetic Variation(127258): values=Source=("6") Ageofservice=(14610 d) Variation=(16.10 deg)

0  : pgn=127250 line=Rx 10351683 09 f1 12 00 ff 95 40 ff 7f ff 7f fd
source=0: pgn=Vessel Heading(127250): values=Heading=(94.73 deg) Deviation=(None) Variation=(None) Reference=("1")

0  : pgn=127245 line=Rx 10351684 09 f1 0d 00 00 f8 ff 7f 00 00 ff ff
source=0: pgn=Rudder(127245): values=Instance=(0) DirectionOrder=("0") AngleOrder=(None) Position=(0.00 deg)

0  : pgn=65359  line=Rx 10351691 1c ff 4f 00 3b 9f ff ff ff 95 40 ff
source=0: pgn=Seatalk: Pilot Heading(65359): values=ManufacturerCode=(1851) IndustryCode=(4) HeadingTrue=(None) HeadingMagnetic=(94.73 deg)

0  : pgn=126975 line=Rx 10351694 1d ef ff 00 e0 09 3b 9f f0 81 ae 02
0  : pgn=126975 line=Rx 10351696 1d ef ff 00 e1 00 08 00 ff ff ff ff
32 : pgn=128259 line=Rx 10351745 09 f5 03 20 1c 2b 01 ff ff ff ff ff
source=32: pgn=Speed(128259): values=SpeedWaterReferenced=(2.99 m/s) SpeedGroundReferenced=(None) SpeedWaterReferencedType=(None) SpeedDirection=(None)

3  : pgn=129026 line=Tx 10351754 09 f8 02 03 ff fc 3f 4a 4b 01 ff ff
source=3: pgn=COG & SOG, Rapid Update(129026): values=COGReference=("0") COG=(108.90 deg) SOG=(3.31 m/s)

3  : pgn=129025 line=Tx 10351754 09 f8 01 03 15 63 6f 1c 2f bf fd b6
source=3: pgn=Position, Rapid Update(129025): values=Latitude=(47.706190899999996 deg) Longitude=(-122.4884433 deg)

0  : pgn=127250 line=Rx 10351793 09 f1 12 00 ff 80 40 ff 7f ff 7f fd
source=0: pgn=Vessel Heading(127250): values=Heading=(94.61 deg) Deviation=(None) Variation=(None) Reference=("1")

0  : pgn=127245 line=Rx 10351794 09 f1 0d 00 00 f8 ff 7f 00 00 ff ff
source=0: pgn=Rudder(127245): values=Instance=(0) DirectionOrder=("0") AngleOrder=(None) Position=(0.00 deg)

0  : pgn=65359  line=Rx 10351799 1c ff 4f 00 3b 9f ff ff ff 80 40 ff
source=0: pgn=Seatalk: Pilot Heading(65359): values=ManufacturerCode=(1851) IndustryCode=(4) HeadingTrue=(None) HeadingMagnetic=(94.61 deg)

0  : pgn=126975 line=Rx 10351803 1d ef ff 00 00 07 3b 9f f0 81 90 10
0  : pgn=126975 line=Rx 10351805 1d ef ff 00 01 05 ff ff ff ff ff ff
32 : pgn=128259 line=Rx 10351844 09 f5 03 20 1d 2b 01 ff ff ff ff ff
source=32: pgn=Speed(128259): values=SpeedWaterReferenced=(2.99 m/s) SpeedGroundReferenced=(None) SpeedWaterReferencedType=(None) SpeedDirection=(None)

3  : pgn=129029 line=Tx 10351855 0d f8 05 03 a0 2b 9e 06 40 7c 1a 15
3  : pgn=129029 line=Tx 10351855 0d f8 05 03 a1 2c 00 92 d0 55 47 dd
3  : pgn=129029 line=Tx 10351855 0d f8 05 03 a2 9e 06 00 16 21 10 19
3  : pgn=129029 line=Tx 10351855 0d f8 05 03 a3 56 00 ef ff ff ff ff
3  : pgn=129029 line=Tx 10351855 0d f8 05 03 a4 ff ff ff 7f 23 fc 09
3  : pgn=129029 line=Tx 10351855 0d f8 05 03 a5 55 00 ff 7f ff ff ff
3  : pgn=129029 line=Tx 10351855 0d f8 05 03 a6 7f 00 ff ff ff ff ff
3  : pgn=129025 line=Tx 10351855 09 f8 01 03 15 63 6f 1c 2f bf fd b6
source=3: pgn=Position, Rapid Update(129025): values=Latitude=(47.706190899999996 deg) Longitude=(-122.4884433 deg)

3  : pgn=129033 line=Tx 10351855 0d f8 09 03 06 40 7c 1a 15 2c 5c fe
source=3: pgn=Time & Date(129033): values=Date=(16390 d) Time=(73958.054 s) LocalOffset=(-25200.0 s)

1  : pgn=129038 line=Rx 10351865 11 f8 0e 01 60 1b c1 f8 9b 13 12 29
1  : pgn=129038 line=Rx 10351866 11 f8 0e 01 61 69 0e b7 18 02 64 1c
1  : pgn=129038 line=Rx 10351866 11 f8 0e 01 62 97 5f ad 00 00 00 00
1  : pgn=129038 line=Rx 10351867 11 f8 0e 01 63 00 ff ff ff 7f f0 fe
0  : pgn=127250 line=Rx 10351882 09 f1 12 00 ff 7b 40 ff 7f ff 7f fd
source=0: pgn=Vessel Heading(127250): values=Heading=(94.58 deg) Deviation=(None) Variation=(None) Reference=("1")

0  : pgn=127245 line=Rx 10351883 09 f1 0d 00 00 f8 ff 7f 00 00 ff ff
source=0: pgn=Rudder(127245): values=Instance=(0) DirectionOrder=("0") AngleOrder=(None) Position=(0.00 deg)

0  : pgn=65359  line=Rx 10351889 1c ff 4f 00 3b 9f ff ff ff 7b 40 ff
source=0: pgn=Seatalk: Pilot Heading(65359): values=ManufacturerCode=(1851) IndustryCode=(4) HeadingTrue=(None) HeadingMagnetic=(94.58 deg)

32 : pgn=128259 line=Rx 10351944 09 f5 03 20 1e 25 01 ff ff ff ff ff
source=32: pgn=Speed(128259): values=SpeedWaterReferenced=(2.93 m/s) SpeedGroundReferenced=(None) SpeedWaterReferencedType=(None) SpeedDirection=(None)

3  : pgn=129026 line=Tx 10351955 09 f8 02 03 ff fc 3f 4a 4b 01 ff ff
source=3: pgn=COG & SOG, Rapid Update(129026): values=COGReference=("0") COG=(108.90 deg) SOG=(3.31 m/s)

3  : pgn=129025 line=Tx 10351955 09 f8 01 03 15 63 6f 1c 2f bf fd b6
source=3: pgn=Position, Rapid Update(129025): values=Latitude=(47.706190899999996 deg) Longitude=(-122.4884433 deg)

3  : pgn=126992 line=Tx 10351955 0d f0 10 03 ff ff 06 40 7c 1a 15 2c
source=3: pgn=System Time(126992): values=Source=(None) Date=(16390 d) Time=(73958.054 s)

0  : pgn=127250 line=Rx 10351982 09 f1 12 00 ff 6f 40 ff 7f ff 7f fd
source=0: pgn=Vessel Heading(127250): values=Heading=(94.51 deg) Deviation=(None) Variation=(None) Reference=("1")

0  : pgn=127245 line=Rx 10351983 09 f1 0d 00 00 f8 ff 7f 00 00 ff ff
source=0: pgn=Rudder(127245): values=Instance=(0) DirectionOrder=("0") AngleOrder=(None) Position=(0.00 deg)

0  : pgn=65359  line=Rx 10351987 1c ff 4f 00 3b 9f ff ff ff 6f 40 ff
source=0: pgn=Seatalk: Pilot Heading(65359): values=ManufacturerCode=(1851) IndustryCode=(4) HeadingTrue=(None) HeadingMagnetic=(94.51 deg)

32 : pgn=128259 line=Rx 10352045 09 f5 03 20 1f 20 01 ff ff ff ff ff
source=32: pgn=Speed(128259): values=SpeedWaterReferenced=(2.88 m/s) SpeedGroundReferenced=(None) SpeedWaterReferencedType=(None) SpeedDirection=(None)

32 : pgn=130310 line=Rx 10352048 15 fd 06 20 e6 ff ff ff ff ff ff ff
source=32: pgn=Environmental Parameters (obsolete)(130310): values=WaterTemperature=(None) OutsideAmbientAirTemperature=(None) AtmosphericPressure=(None)

3  : pgn=129025 line=Tx 10352056 09 f8 01 03 03 63 6f 1c 81 bf fd b6
source=3: pgn=Position, Rapid Update(129025): values=Latitude=(47.706189099999996 deg) Longitude=(-122.48843509999999 deg)

32 : pgn=128275 line=Rx 10352058 19 f5 13 20 00 0e ff ff ff ff ff ff
source=32: pgn=Distance Log(128275): values=Date=(3584 d) Time=(None) Log=(0 m) TripLog=(0 m)

32 : pgn=128275 line=Rx 10352063 19 f5 13 20 01 32 ae 3c 00 32 ae 3c
source=32: pgn=Distance Log(128275): values=Date=(12801 d) Time=(83887.6334 s) Log=(0 m) TripLog=(0 m)

32 : pgn=128275 line=Rx 10352068 19 f5 13 20 02 00 ff ff ff ff ff ff
source=32: pgn=Distance Log(128275): values=Date=(2 d) Time=(None) Log=(0 m) TripLog=(0 m)

0  : pgn=127250 line=Rx 10352077 09 f1 12 00 ff 6b 40 ff 7f ff 7f fd
source=0: pgn=Vessel Heading(127250): values=Heading=(94.49 deg) Deviation=(None) Variation=(None) Reference=("1")

0  : pgn=127245 line=Rx 10352078 09 f1 0d 00 00 f8 ff 7f 00 00 ff ff
source=0: pgn=Rudder(127245): values=Instance=(0) DirectionOrder=("0") AngleOrder=(None) Position=(0.00 deg)

0  : pgn=65359  line=Rx 10352084 1c ff 4f 00 3b 9f ff ff ff 6b 40 ff
source=0: pgn=Seatalk: Pilot Heading(65359): values=ManufacturerCode=(1851) IndustryCode=(4) HeadingTrue=(None) HeadingMagnetic=(94.49 deg)

0  : pgn=126975 line=Rx 10352086 1d ef ff 00 20 08 3b 9f f0 81 9c 51
0  : pgn=126975 line=Rx 10352088 1d ef ff 00 21 02 00 ff ff ff ff ff
1  : pgn=59936  line=Rx 10352102 18 ea 20 01 00 ee 00 00 00 00 00 00
32 : pgn=128259 line=Rx 10352143 09 f5 03 20 20 26 01 ff ff ff ff ff
source=32: pgn=Speed(128259): values=SpeedWaterReferenced=(2.94 m/s) SpeedGroundReferenced=(None) SpeedWaterReferencedType=(None) SpeedDirection=(None)

3  : pgn=129026 line=Tx 10352156 09 f8 02 03 ff fc 1c 4a 4a 01 ff ff
source=3: pgn=COG & SOG, Rapid Update(129026): values=COGReference=("0") COG=(108.70 deg) SOG=(3.3000000000000003 m/s)

3  : pgn=129025 line=Tx 10352157 09 f8 01 03 03 63 6f 1c 81 bf fd b6
source=3: pgn=Position, Rapid Update(129025): values=Latitude=(47.706189099999996 deg) Longitude=(-122.48843509999999 deg)

3  : pgn=129291 line=Tx 10352157 0d f9 0b 03 ff fc 27 41 2c 00 ff ff
source=3: pgn=Set & Drift, Rapid Update(129291): values=SetReference=("0") Set=(95.56 deg) Drift=(0.44 m/s)

0  : pgn=127250 line=Rx 10352182 09 f1 12 00 ff 65 40 ff 7f ff 7f fd
source=0: pgn=Vessel Heading(127250): values=Heading=(94.45 deg) Deviation=(None) Variation=(None) Reference=("1")

0  : pgn=127245 line=Rx 10352183 09 f1 0d 00 00 f8 ff 7f 00 00 ff ff
source=0: pgn=Rudder(127245): values=Instance=(0) DirectionOrder=("0") AngleOrder=(None) Position=(0.00 deg)

0  : pgn=65359  line=Rx 10352187 1c ff 4f 00 3b 9f ff ff ff 65 40 ff
source=0: pgn=Seatalk: Pilot Heading(65359): values=ManufacturerCode=(1851) IndustryCode=(4) HeadingTrue=(None) HeadingMagnetic=(94.45 deg)

1  : pgn=129038 line=Rx 10352194 11 f8 0e 01 80 1b c1 be c9 df 15 b4
1  : pgn=129038 line=Rx 10352194 11 f8 0e 01 81 f9 0f b7 20 06 68 1c
1  : pgn=129038 line=Rx 10352195 11 f8 0e 01 82 98 df b1 00 00 00 00
1  : pgn=129038 line=Rx 10352196 11 f8 0e 01 83 00 13 d6 00 00 f0 fe
32 : pgn=128259 line=Rx 10352243 09 f5 03 20 21 17 01 ff ff ff ff ff
source=32: pgn=Speed(128259): values=SpeedWaterReferenced=(2.79 m/s) SpeedGroundReferenced=(None) SpeedWaterReferencedType=(None) SpeedDirection=(None)

3  : pgn=129025 line=Tx 10352257 09 f8 01 03 f6 62 6f 1c da bf fd b6
source=3: pgn=Position, Rapid Update(129025): values=Latitude=(47.706187799999995 deg) Longitude=(-122.48842619999999 deg)

0  : pgn=127250 line=Rx 10352276 09 f1 12 00 ff 5b 40 ff 7f ff 7f fd
source=0: pgn=Vessel Heading(127250): values=Heading=(94.39 deg) Deviation=(None) Variation=(None) Reference=("1")

0  : pgn=127245 line=Rx 10352277 09 f1 0d 00 00 f8 ff 7f 00 00 ff ff
source=0: pgn=Rudder(127245): values=Instance=(0) DirectionOrder=("0") AngleOrder=(None) Position=(0.00 deg)

0  : pgn=65359  line=Rx 10352285 1c ff 4f 00 3b 9f ff ff ff 5b 40 ff
source=0: pgn=Seatalk: Pilot Heading(65359): values=ManufacturerCode=(1851) IndustryCode=(4) HeadingTrue=(None) HeadingMagnetic=(94.39 deg)

1  : pgn=129038 line=Rx 10352287 11 f8 0e 01 a0 1b c1 84 b4 de 15 b0
1  : pgn=129038 line=Rx 10352287 11 f8 0e 01 a1 37 0c b7 f7 62 69 1c
1  : pgn=129038 line=Rx 10352288 11 f8 0e 01 a2 94 50 1d 05 00 00 00
1  : pgn=129038 line=Rx 10352289 11 f8 0e 01 a3 00 ff ff ff 7f f0 fe
32 : pgn=128259 line=Rx 10352342 09 f5 03 20 22 17 01 ff ff ff ff ff
source=32: pgn=Speed(128259): values=SpeedWaterReferenced=(2.79 m/s) SpeedGroundReferenced=(None) SpeedWaterReferencedType=(None) SpeedDirection=(None)

1  : pgn=129038 line=Rx 10352348 11 f8 0e 01 c0 1b c1 4a 6c de 15 99
1  : pgn=129038 line=Rx 10352348 11 f8 0e 01 c1 7e 03 b7 72 bb 59 1c
1  : pgn=129038 line=Rx 10352349 11 f8 0e 01 c2 98 4e 9b 02 02 00 00
1  : pgn=129038 line=Rx 10352350 11 f8 0e 01 c3 00 20 9c d2 e5 ff fe
3  : pgn=129026 line=Tx 10352358 09 f8 02 03 ff fc e7 49 4a 01 ff ff
source=3: pgn=COG & SOG, Rapid Update(129026): values=COGReference=("0") COG=(108.40 deg) SOG=(3.3000000000000003 m/s)

3  : pgn=130577 line=Tx 10352358 0d fe 11 03 c0 0e c0 9f e7 49 4a 01
3  : pgn=130577 line=Tx 10352358 0d fe 11 03 c1 ff ff ff ff 27 41 2c
3  : pgn=130577 line=Tx 10352358 0d fe 11 03 c2 00 ff ff ff ff ff ff
3  : pgn=129025 line=Tx 10352358 09 f8 01 03 f6 62 6f 1c da bf fd b6
3  : pgn=130306 line=Tx 10352358 09 fd 02 03 ff 13 03 88 cc fa ff ff
source=3: pgn=Wind Data(130306): values=WindSpeed=(7.87 m/s) WindAngle=(300.00 deg) Reference=("2")

0  : pgn=127250 line=Rx 10352391 09 f1 12 00 ff 53 40 ff 7f ff 7f fd
source=0: pgn=Vessel Heading(127250): values=Heading=(94.35 deg) Deviation=(None) Variation=(None) Reference=("1")

0  : pgn=127245 line=Rx 10352392 09 f1 0d 00 00 f8 ff 7f 00 00 ff ff
source=0: pgn=Rudder(127245): values=Instance=(0) DirectionOrder=("0") AngleOrder=(None) Position=(0.00 deg)

0  : pgn=65359  line=Rx 10352396 1c ff 4f 00 3b 9f ff ff ff 53 40 ff
source=0: pgn=Seatalk: Pilot Heading(65359): values=ManufacturerCode=(1851) IndustryCode=(4) HeadingTrue=(None) HeadingMagnetic=(94.35 deg)

4  : pgn=65384  line=Rx 10352403 1c ff 68 04 3b 9f 00 00 00 00 00 00
0  : pgn=126975 line=Rx 10352405 1d ef ff 00 40 0d 3b 9f f0 81 a4 56
0  : pgn=126975 line=Rx 10352406 1d ef ff 00 41 46 03 05 ff ff ff ff
1  : pgn=129039 line=Rx 10352440 11 f8 0f 01 80 1a 12 42 a5 e9 15 dc
1  : pgn=129039 line=Rx 10352440 11 f8 0f 01 81 b4 0e b7 2f 76 68 1c
1  : pgn=129039 line=Rx 10352441 11 f8 0f 01 82 97 4e 8c 05 00 03 00
1  : pgn=129039 line=Rx 10352441 11 f8 0f 01 83 00 ff ff 00 fc ff ff
32 : pgn=128259 line=Rx 10352442 09 f5 03 20 23 19 01 ff ff ff ff ff
source=32: pgn=Speed(128259): values=SpeedWaterReferenced=(2.81 m/s) SpeedGroundReferenced=(None) SpeedWaterReferencedType=(None) SpeedDirection=(None)

3  : pgn=129283 line=Tx 10352459 0d f9 03 03 ff 7f ff ff ff 7f ff ff
source=3: pgn=Cross Track Error(129283): values=XTEmode=(None) NavigationTerminated=("1") XTE=(None)

3  : pgn=129025 line=Tx 10352459 09 f8 01 03 f6 62 6f 1c da bf fd b6
source=3: pgn=Position, Rapid Update(129025): values=Latitude=(47.706187799999995 deg) Longitude=(-122.48842619999999 deg)

3  : pgn=128267 line=Tx 10352459 0d f5 0b 03 ff cb 3d 00 00 00 00 ff
source=3: pgn=Water Depth(128267): values=Depth=(158.19 m) Offset=(0.0 m) Range=(None)

1  : pgn=129038 line=Rx 10352473 11 f8 0e 01 e0 1b c1 95 05 06 16 c0
1  : pgn=129038 line=Rx 10352473 11 f8 0e 01 e1 5a d7 b6 ea b0 73 1c
1  : pgn=129038 line=Rx 10352474 11 f8 0e 01 e2 95 6b b8 00 00 00 00
1  : pgn=129038 line=Rx 10352474 11 f8 0e 01 e3 00 ff ff ff 7f f0 fe
0  : pgn=127250 line=Rx 10352479 09 f1 12 00 ff 3b 40 ff 7f ff 7f fd
source=0: pgn=Vessel Heading(127250): values=Heading=(94.21 deg) Deviation=(None) Variation=(None) Reference=("1")

0  : pgn=127245 line=Rx 10352480 09 f1 0d 00 00 f8 ff 7f 00 00 ff ff
source=0: pgn=Rudder(127245): values=Instance=(0) DirectionOrder=("0") AngleOrder=(None) Position=(0.00 deg)

0  : pgn=65359  line=Rx 10352486 1c ff 4f 00 3b 9f ff ff ff 3b 40 ff
source=0: pgn=Seatalk: Pilot Heading(65359): values=ManufacturerCode=(1851) IndustryCode=(4) HeadingTrue=(None) HeadingMagnetic=(94.21 deg)

1  : pgn=129039 line=Rx 10352503 11 f8 0f 01 a0 1a 12 ae 26 e8 15 86
1  : pgn=129039 line=Rx 10352503 11 f8 0f 01 a1 41 0e b7 c6 ef 67 1c
1  : pgn=129039 line=Rx 10352504 11 f8 0f 01 a2 9b 36 d9 00 00 03 00
1  : pgn=129039 line=Rx 10352504 11 f8 0f 01 a3 00 ff ff 00 fc ff ff
32 : pgn=128259 line=Rx 10352541 09 f5 03 20 24 1c 01 ff ff ff ff ff
source=32: pgn=Speed(128259): values=SpeedWaterReferenced=(2.84 m/s) SpeedGroundReferenced=(None) SpeedWaterReferencedType=(None) SpeedDirection=(None)

3  : pgn=129026 line=Tx 10352559 09 f8 02 03 ff fc b3 49 4a 01 ff ff
source=3: pgn=COG & SOG, Rapid Update(129026): values=COGReference=("0") COG=(108.10 deg) SOG=(3.3000000000000003 m/s)

3  : pgn=129025 line=Tx 10352559 09 f8 01 03 c9 62 6f 1c 79 c0 fd b6
source=3: pgn=Position, Rapid Update(129025): values=Latitude=(47.7061833 deg) Longitude=(-122.4884103 deg)

3  : pgn=129542 line=Tx 10352559 19 fa 06 03 c0 0f 9f 57 01 00 00 00
3  : pgn=129542 line=Tx 10352559 19 fa 06 03 c1 00 00 00 00 00 00 00
3  : pgn=129542 line=Tx 10352559 19 fa 06 03 c2 00 00 ff ff ff ff ff
3  : pgn=65364  line=Tx 10352559 1c ff 54 03 3b 9f 13 03 88 cc ff ff
0  : pgn=127250 line=Rx 10352592 09 f1 12 00 ff 21 40 ff 7f ff 7f fd
source=0: pgn=Vessel Heading(127250): values=Heading=(94.06 deg) Deviation=(None) Variation=(None) Reference=("1")

0  : pgn=127245 line=Rx 10352593 09 f1 0d 00 00 f8 ff 7f 00 00 ff ff
source=0: pgn=Rudder(127245): values=Instance=(0) DirectionOrder=("0") AngleOrder=(None) Position=(0.00 deg)

0  : pgn=65379  line=Rx 10352597 1c ff 63 00 3b 9f 00 00 00 00 01 ff
source=0: pgn=Seatalk: Pilot Mode(65379): values=ManufacturerCode=(1851) IndustryCode=(4) PilotMode=(0) SubMode=(0) PilotModeData=(0)

0  : pgn=65359  line=Rx 10352598 1c ff 4f 00 3b 9f ff ff ff 21 40 ff
source=0: pgn=Seatalk: Pilot Heading(65359): values=ManufacturerCode=(1851) IndustryCode=(4) HeadingTrue=(None) HeadingMagnetic=(94.06 deg)

0  : pgn=126975 line=Rx 10352600 1d ef ff 00 60 0d 3b 9f f0 81 84 16
0  : pgn=126975 line=Rx 10352602 1d ef ff 00 61 42 08 00 00 00 02 05
1  : pgn=129041 line=Rx 10352626 11 f8 11 01 60 30 55 75 89 3a 3b 6d
1  : pgn=129041 line=Rx 10352626 11 f8 11 01 61 8b 0a b7 5b f8 47 1c
1  : pgn=129041 line=Rx 10352627 11 f8 11 01 62 f4 00 00 00 00 00 00
1  : pgn=129041 line=Rx 10352627 11 f8 11 01 63 ff ff 12 ee ff e0 16
1  : pgn=129041 line=Rx 10352629 11 f8 11 01 64 01 50 53 20 54 53 4c
1  : pgn=129041 line=Rx 10352629 11 f8 11 01 65 20 4c 42 20 54 41 20
1  : pgn=129041 line=Rx 10352629 11 f8 11 01 66 20 20 20 20 20 20 20
32 : pgn=128259 line=Rx 10352641 09 f5 03 20 25 20 01 ff ff ff ff ff
source=32: pgn=Speed(128259): values=SpeedWaterReferenced=(2.88 m/s) SpeedGroundReferenced=(None) SpeedWaterReferencedType=(None) SpeedDirection=(None)

1  : pgn=129038 line=Rx 10352659 11 f8 0e 01 00 1b c1 fa 89 e8 15 89
3  : pgn=129540 line=Tx 10352659 19 fa 04 03 00 9f c1 ff 0d 03 97 1a
source=3: pgn=GNSS Sats in View(129540): values=RangeResidualMode=(None) SatsinView=(193) PRN=(None) Elevation=(4.47 deg) Azimuth=(39.00 deg) SNR=(0.0 dB) Rangeresiduals=(0) Status=("0")

3  : pgn=129540 line=Tx 10352659 19 fa 04 03 01 2e 26 00 00 00 00 00
source=3: pgn=GNSS Sats in View(129540): values=RangeResidualMode=("0") SatsinView=(38) PRN=(0) Elevation=(0.00 deg) Azimuth=(0.00 deg) SNR=(0.0 dB) Rangeresiduals=(0) Status=("0")

3  : pgn=129540 line=Tx 10352659 19 fa 04 03 02 00 f3 0f ff 1d ad 3c
source=3: pgn=GNSS Sats in View(129540): values=RangeResidualMode=("0") SatsinView=(243) PRN=(15) Elevation=(44.00 deg) Azimuth=(89.00 deg) SNR=(0.0 dB) Rangeresiduals=(0) Status=("0")

3  : pgn=129540 line=Tx 10352659 19 fa 04 03 03 54 0b 00 00 00 00 f5
source=3: pgn=GNSS Sats in View(129540): values=RangeResidualMode=("0") SatsinView=(11) PRN=(0) Elevation=(0.00 deg) Azimuth=(359.36 deg) SNR=(0.0 dB) Rangeresiduals=(0) Status=("0")

1  : pgn=129038 line=Rx 10352660 11 f8 0e 01 01 41 13 b7 ed 92 60 1c
source=1: pgn=AIS Class A Position Report(129038): values=MessageID=(1) RepeatIndicator=("0") UserID=(3988198209) Longitude=(0.0 deg) Latitude=(0.0 deg) PositionAccuracy=("0") RAIM=("0") TimeStamp=("0") COG=(0.00 deg) SOG=(0.0 m/s) CommunicationState=(0) AISTransceiverinformation=("0") Heading=(0.00 deg) RateofTurn=(0.00 deg/s) NavStatus=("0") SpecialManeuverIndicator=("0") Spare=(0) SequenceID=(0)

3  : pgn=129540 line=Tx 10352660 19 fa 04 03 04 10 17 13 c2 b8 8c 0a
source=3: pgn=GNSS Sats in View(129540): values=RangeResidualMode=("0") SatsinView=(23) PRN=(19) Elevation=(-104.50 deg) Azimuth=(15.47 deg) SNR=(0.0 dB) Rangeresiduals=(0) Status=("0")

3  : pgn=129540 line=Tx 10352660 19 fa 04 03 05 00 00 00 00 f5 12 c5
source=3: pgn=GNSS Sats in View(129540): values=RangeResidualMode=("0") SatsinView=(0) PRN=(0) Elevation=(-16.13 deg) Azimuth=(289.06 deg) SNR=(0.0 dB) Rangeresiduals=(0) Status=("0")

3  : pgn=129540 line=Tx 10352660 19 fa 04 03 06 31 f2 93 f0 0a 00 00
source=3: pgn=GNSS Sats in View(129540): values=RangeResidualMode=("1") SatsinView=(242) PRN=(147) Elevation=(16.04 deg) Azimuth=(0.00 deg) SNR=(0.0 dB) Rangeresiduals=(0) Status=("0")

3  : pgn=129540 line=Tx 10352660 19 fa 04 03 07 00 00 f5 13 69 03 1f
source=3: pgn=GNSS Sats in View(129540): values=RangeResidualMode=("0") SatsinView=(0) PRN=(245) Elevation=(154.12 deg) Azimuth=(45.49 deg) SNR=(0.0 dB) Rangeresiduals=(0) Status=("0")

3  : pgn=129540 line=Tx 10352660 19 fa 04 03 08 d8 d8 0e 00 00 00 00
source=3: pgn=GNSS Sats in View(129540): values=RangeResidualMode=("0") SatsinView=(216) PRN=(14) Elevation=(0.00 deg) Azimuth=(0.00 deg) SNR=(0.0 dB) Rangeresiduals=(0) Status=("0")

3  : pgn=129540 line=Tx 10352660 19 fa 04 03 09 f5 15 e8 37 68 21 10
source=3: pgn=GNSS Sats in View(129540): values=RangeResidualMode=("1") SatsinView=(21) PRN=(232) Elevation=(152.86 deg) Azimuth=(23.66 deg) SNR=(0.0 dB) Rangeresiduals=(0) Status=("0")

3  : pgn=129540 line=Tx 10352660 19 fa 04 03 0a 0e 00 00 00 00 f5 16
source=3: pgn=GNSS Sats in View(129540): values=RangeResidualMode=("0") SatsinView=(0) PRN=(0) Elevation=(0.00 deg) Azimuth=(33.67 deg) SNR=(0.0 dB) Rangeresiduals=(0) Status=("0")

1  : pgn=129038 line=Rx 10352660 11 f8 0e 01 02 98 a4 da 7c 01 00 00
source=1: pgn=AIS Class A Position Report(129038): values=MessageID=(2) RepeatIndicator=("0") UserID=(2094703768) Longitude=(0.0 deg) Latitude=(0.0 deg) PositionAccuracy=("0") RAIM=("0") TimeStamp=("0") COG=(0.00 deg) SOG=(0.0 m/s) CommunicationState=(0) AISTransceiverinformation=("0") Heading=(0.00 deg) RateofTurn=(0.00 deg/s) NavStatus=("0") SpecialManeuverIndicator=("0") Spare=(0) SequenceID=(0)

1  : pgn=129038 line=Rx 10352660 11 f8 0e 01 03 00 41 de 2e 1a ff fe
source=1: pgn=AIS Class A Position Report(129038): values=MessageID=(3) RepeatIndicator=("0") UserID=(786317568) Longitude=(0.0 deg) Latitude=(0.0 deg) PositionAccuracy=("0") RAIM=("0") TimeStamp=("0") COG=(0.00 deg) SOG=(0.0 m/s) CommunicationState=(0) AISTransceiverinformation=("0") Heading=(0.00 deg) RateofTurn=(0.00 deg/s) NavStatus=("0") SpecialManeuverIndicator=("0") Spare=(0) SequenceID=(0)

3  : pgn=129540 line=Tx 10352662 19 fa 04 03 0b 80 16 cf 9c 48 0d 00
source=3: pgn=GNSS Sats in View(129540): values=RangeResidualMode=("0") SatsinView=(22) PRN=(207) Elevation=(106.50 deg) Azimuth=(0.07 deg) SNR=(0.0 dB) Rangeresiduals=(0) Status=("0")

3  : pgn=129540 line=Tx 10352662 19 fa 04 03 0c 00 00 00 f5 1a ae 0f
source=3: pgn=GNSS Sats in View(129540): values=RangeResidualMode=("0") SatsinView=(0) PRN=(0) Elevation=(39.54 deg) Azimuth=(23.00 deg) SNR=(0.0 dB) Rangeresiduals=(0) Status=("0")

3  : pgn=129540 line=Tx 10352663 19 fa 04 03 0d 5d 1f e4 0c 00 00 00
source=3: pgn=GNSS Sats in View(129540): values=RangeResidualMode=("1") SatsinView=(31) PRN=(228) Elevation=(0.07 deg) Azimuth=(0.00 deg) SNR=(0.0 dB) Rangeresiduals=(0) Status=("0")

3  : pgn=129540 line=Tx 10352664 19 fa 04 03 0e 00 f5 1b d1 15 ab d2
source=3: pgn=GNSS Sats in View(129540): values=RangeResidualMode=("0") SatsinView=(245) PRN=(27) Elevation=(32.00 deg) Azimuth=(309.00 deg) SNR=(0.0 dB) Rangeresiduals=(0) Status=("0")

3  : pgn=129540 line=Tx 10352666 19 fa 04 03 0f 74 0e 00 00 00 00 f5
source=3: pgn=GNSS Sats in View(129540): values=RangeResidualMode=("0") SatsinView=(14) PRN=(0) Elevation=(0.00 deg) Azimuth=(359.36 deg) SNR=(0.0 dB) Rangeresiduals=(0) Status=("0")

3  : pgn=129540 line=Tx 10352666 19 fa 04 03 10 1d 51 0e a1 67 80 0c
source=3: pgn=GNSS Sats in View(129540): values=RangeResidualMode=("1") SatsinView=(81) PRN=(14) Elevation=(152.00 deg) Azimuth=(18.33 deg) SNR=(0.0 dB) Rangeresiduals=(0) Status=("0")

3  : pgn=129540 line=Tx 10352667 19 fa 04 03 11 00 00 00 00 f5 23 d1
source=3: pgn=GNSS Sats in View(129540): values=RangeResidualMode=("0") SatsinView=(0) PRN=(0) Elevation=(-16.13 deg) Azimuth=(306.76 deg) SNR=(0.0 dB) Rangeresiduals=(0) Status=("0")

3  : pgn=129540 line=Tx 10352668 19 fa 04 03 12 15 c3 8b 00 00 00 00
source=3: pgn=GNSS Sats in View(129540): values=RangeResidualMode=("1") SatsinView=(195) PRN=(139) Elevation=(0.00 deg) Azimuth=(0.00 deg) SNR=(0.0 dB) Rangeresiduals=(0) Status=("0")

3  : pgn=129540 line=Tx 10352669 19 fa 04 03 13 00 00 f3 30 2e 17 43
source=3: pgn=GNSS Sats in View(129540): values=RangeResidualMode=("0") SatsinView=(0) PRN=(243) Elevation=(67.75 deg) Azimuth=(98.41 deg) SNR=(0.0 dB) Rangeresiduals=(0) Status=("0")

3  : pgn=129540 line=Tx 10352669 19 fa 04 03 14 84 68 10 00 00 00 00
source=3: pgn=GNSS Sats in View(129540): values=RangeResidualMode=("0") SatsinView=(104) PRN=(16) Elevation=(0.00 deg) Azimuth=(0.00 deg) SNR=(0.0 dB) Rangeresiduals=(0) Status=("0")

3  : pgn=129540 line=Tx 10352670 19 fa 04 03 15 f5 33 80 16 67 6c 80
source=3: pgn=GNSS Sats in View(129540): values=RangeResidualMode=("1") SatsinView=(51) PRN=(128) Elevation=(151.20 deg) Azimuth=(188.37 deg) SNR=(0.0 dB) Rangeresiduals=(0) Status=("0")

3  : pgn=129540 line=Tx 10352671 19 fa 04 03 16 0c 00 00 00 00 f5 ff
source=3: pgn=GNSS Sats in View(129540): values=RangeResidualMode=("0") SatsinView=(0) PRN=(0) Elevation=(0.00 deg) Azimuth=(375.43 deg) SNR=(0.0 dB) Rangeresiduals=(0) Status=("0")

3  : pgn=129025 line=Tx 10352672 09 f8 01 03 c9 62 6f 1c 79 c0 fd b6
source=3: pgn=Position, Rapid Update(129025): values=Latitude=(47.7061833 deg) Longitude=(-122.4884103 deg)

3  : pgn=127258 line=Tx 10352672 19 f1 1a 03 ff f6 12 39 fa 0a ff ff
source=3: pgn=Magnetic Variation(127258): values=Source=("6") Ageofservice=(14610 d) Variation=(16.10 deg)

0  : pgn=127250 line=Rx 10352688 09 f1 12 00 ff 16 40 ff 7f ff 7f fd
source=0: pgn=Vessel Heading(127250): values=Heading=(94.00 deg) Deviation=(None) Variation=(None) Reference=("1")

0  : pgn=127245 line=Rx 10352688 09 f1 0d 00 00 f8 ff 7f 00 00 ff ff
source=0: pgn=Rudder(127245): values=Instance=(0) DirectionOrder=("0") AngleOrder=(None) Position=(0.00 deg)

1  : pgn=129038 line=Rx 10352692 11 f8 0e 01 20 1b c1 00 c6 e2 15 d7
1  : pgn=129038 line=Rx 10352693 11 f8 0e 01 21 4f 13 b7 02 c2 5d 1c
1  : pgn=129038 line=Rx 10352693 11 f8 0e 01 22 9e da a4 05 00 00 00
1  : pgn=129038 line=Rx 10352694 11 f8 0e 01 23 00 ff ff ff 7f f0 fe
0  : pgn=65359  line=Rx 10352698 1c ff 4f 00 3b 9f ff ff ff 16 40 ff
source=0: pgn=Seatalk: Pilot Heading(65359): values=ManufacturerCode=(1851) IndustryCode=(4) HeadingTrue=(None) HeadingMagnetic=(94.00 deg)

0  : pgn=126975 line=Rx 10352707 1d ef ff 00 80 09 3b 9f f0 81 ae 02
0  : pgn=126975 line=Rx 10352709 1d ef ff 00 81 00 08 00 ff ff ff ff
32 : pgn=128259 line=Rx 10352740 09 f5 03 20 26 26 01 ff ff ff ff ff
source=32: pgn=Speed(128259): values=SpeedWaterReferenced=(2.94 m/s) SpeedGroundReferenced=(None) SpeedWaterReferencedType=(None) SpeedDirection=(None)

3  : pgn=129026 line=Tx 10352759 09 f8 02 03 ff fc b3 49 4a 01 ff ff
source=3: pgn=COG & SOG, Rapid Update(129026): values=COGReference=("0") COG=(108.10 deg) SOG=(3.3000000000000003 m/s)

3  : pgn=129025 line=Tx 10352759 09 f8 01 03 c9 62 6f 1c 79 c0 fd b6
source=3: pgn=Position, Rapid Update(129025): values=Latitude=(47.7061833 deg) Longitude=(-122.4884103 deg)

0  : pgn=127250 line=Rx 10352790 09 f1 12 00 ff 00 40 ff 7f ff 7f fd
source=0: pgn=Vessel Heading(127250): values=Heading=(93.87 deg) Deviation=(None) Variation=(None) Reference=("1")

0  : pgn=127245 line=Rx 10352791 09 f1 0d 00 00 f8 ff 7f 00 00 ff ff
source=0: pgn=Rudder(127245): values=Instance=(0) DirectionOrder=("0") AngleOrder=(None) Position=(0.00 deg)

0  : pgn=65359  line=Rx 10352797 1c ff 4f 00 3b 9f ff ff ff 00 40 ff
source=0: pgn=Seatalk: Pilot Heading(65359): values=ManufacturerCode=(1851) IndustryCode=(4) HeadingTrue=(None) HeadingMagnetic=(93.87 deg)

32 : pgn=128259 line=Rx 10352839 09 f5 03 20 27 2b 01 ff ff ff ff ff
source=32: pgn=Speed(128259): values=SpeedWaterReferenced=(2.99 m/s) SpeedGroundReferenced=(None) SpeedWaterReferencedType=(None) SpeedDirection=(None)

1  : pgn=129038 line=Rx 10352845 11 f8 0e 01 40 1b c1 72 ac df 15 1e
1  : pgn=129038 line=Rx 10352845 11 f8 0e 01 41 cd b1 b6 e9 b0 bc 1c
1  : pgn=129038 line=Rx 10352846 11 f8 0e 01 42 9c 8d c1 81 01 00 00
1  : pgn=129038 line=Rx 10352846 11 f8 0e 01 43 00 ff ff ff 7f f0 fe
1  : pgn=129038 line=Rx 10352848 11 f8 0e 01 60 1b c1 70 83 e7 15 fb
1  : pgn=129038 line=Rx 10352849 11 f8 0e 01 61 56 0e b7 65 47 68 1c
1  : pgn=129038 line=Rx 10352849 11 f8 0e 01 62 9e 3c b3 00 00 00 00
1  : pgn=129038 line=Rx 10352849 11 f8 0e 01 63 00 ff ff ff 7f f0 fe
3  : pgn=129029 line=Tx 10352860 0d f8 05 03 c0 2b 9f 06 40 34 49 15
3  : pgn=129029 line=Tx 10352860 0d f8 05 03 c1 2c 00 3e 8f 84 30 dd
3  : pgn=129029 line=Tx 10352860 0d f8 05 03 c2 9e 06 00 9a 08 86 78
3  : pgn=129029 line=Tx 10352860 0d f8 05 03 c3 56 00 ef ff ff ff ff
3  : pgn=129029 line=Tx 10352860 0d f8 05 03 c4 ff ff ff 7f 23 fc 09
3  : pgn=129029 line=Tx 10352860 0d f8 05 03 c5 55 00 ff 7f ff ff ff
3  : pgn=129029 line=Tx 10352860 0d f8 05 03 c6 7f 00 ff ff ff ff ff
3  : pgn=129025 line=Tx 10352860 09 f8 01 03 b3 62 6f 1c c9 c0 fd b6
source=3: pgn=Position, Rapid Update(129025): values=Latitude=(47.706181099999995 deg) Longitude=(-122.48840229999999 deg)

3  : pgn=129033 line=Tx 10352860 0d f8 09 03 06 40 34 49 15 2c 5c fe
source=3: pgn=Time & Date(129033): values=Date=(16390 d) Time=(73959.25 s) LocalOffset=(-25200.0 s)

0  : pgn=127250 line=Rx 10352894 09 f1 12 00 ff ef 3f ff 7f ff 7f fd
source=0: pgn=Vessel Heading(127250): values=Heading=(93.78 deg) Deviation=(None) Variation=(None) Reference=("1")

0  : pgn=127245 line=Rx 10352895 09 f1 0d 00 00 f8 ff 7f 00 00 ff ff
source=0: pgn=Rudder(127245): values=Instance=(0) DirectionOrder=("0") AngleOrder=(None) Position=(0.00 deg)

0  : pgn=65359  line=Rx 10352902 1c ff 4f 00 3b 9f ff ff ff ef 3f ff
source=0: pgn=Seatalk: Pilot Heading(65359): values=ManufacturerCode=(1851) IndustryCode=(4) HeadingTrue=(None) HeadingMagnetic=(93.78 deg)

32 : pgn=128259 line=Rx 10352939 09 f5 03 20 28 2c 01 ff ff ff ff ff
source=32: pgn=Speed(128259): values=SpeedWaterReferenced=(3.0 m/s) SpeedGroundReferenced=(None) SpeedWaterReferencedType=(None) SpeedDirection=(None)

3  : pgn=129026 line=Tx 10352960 09 f8 02 03 ff fc a2 49 4a 01 ff ff
source=3: pgn=COG & SOG, Rapid Update(129026): values=COGReference=("0") COG=(108.00 deg) SOG=(3.3000000000000003 m/s)

3  : pgn=129025 line=Tx 10352960 09 f8 01 03 b3 62 6f 1c c9 c0 fd b6
source=3: pgn=Position, Rapid Update(129025): values=Latitude=(47.706181099999995 deg) Longitude=(-122.48840229999999 deg)

3  : pgn=126992 line=Tx 10352960 0d f0 10 03 ff ff 06 40 34 49 15 2c
source=3: pgn=System Time(126992): values=Source=(None) Date=(16390 d) Time=(73959.25 s)

1  : pgn=129038 line=Rx 10352966 11 f8 0e 01 80 1b c1 ec 10 e8 15 a0
1  : pgn=129038 line=Rx 10352966 11 f8 0e 01 81 5f 0e b7 59 ec 67 1c
1  : pgn=129038 line=Rx 10352967 11 f8 0e 01 82 9c 00 00 00 00 00 00
1  : pgn=129038 line=Rx 10352968 11 f8 0e 01 83 00 ff ff ff 7f f0 fe
0  : pgn=127250 line=Rx 10352988 09 f1 12 00 ff e7 3f ff 7f ff 7f fd
source=0: pgn=Vessel Heading(127250): values=Heading=(93.73 deg) Deviation=(None) Variation=(None) Reference=("1")

0  : pgn=127245 line=Rx 10352989 09 f1 0d 00 00 f8 ff 7f 00 00 ff ff
source=0: pgn=Rudder(127245): values=Instance=(0) DirectionOrder=("0") AngleOrder=(None) Position=(0.00 deg)

0  : pgn=65359  line=Rx 10352993 1c ff 4f 00 3b 9f ff ff ff e7 3f ff
source=0: pgn=Seatalk: Pilot Heading(65359): values=ManufacturerCode=(1851) IndustryCode=(4) HeadingTrue=(None) HeadingMagnetic=(93.73 deg)

1  : pgn=129038 line=Rx 10352997 11 f8 0e 01 a0 1b c1 d0 57 e0 15 46
1  : pgn=129038 line=Rx 10352997 11 f8 0e 01 a1 76 0e b7 3d b9 67 1c
1  : pgn=129038 line=Rx 10352998 11 f8 0e 01 a2 98 85 0e 00 00 00 00
1  : pgn=129038 line=Rx 10352998 11 f8 0e 01 a3 00 ff ff ff 7f f0 fe
1  : pgn=129038 line=Rx 10353029 11 f8 0e 01 c0 1b c1 14 fd dd 15 b1
1  : pgn=129038 line=Rx 10353029 11 f8 0e 01 c1 eb 0c b7 2b d3 68 1c
1  : pgn=129038 line=Rx 10353030 11 f8 0e 01 c2 98 37 a6 00 00 01 00
1  : pgn=129038 line=Rx 10353030 11 f8 0e 01 c3 08 5b 4c 00 00 ff fe
32 : pgn=128259 line=Rx 10353041 09 f5 03 20 29 2d 01 ff ff ff ff ff
source=32: pgn=Speed(128259): values=SpeedWaterReferenced=(3.0100000000000002 m/s) SpeedGroundReferenced=(None) SpeedWaterReferencedType=(None) SpeedDirection=(None)

32 : pgn=130310 line=Rx 10353044 15 fd 06 20 e7 ff ff ff ff ff ff ff
source=32: pgn=Environmental Parameters (obsolete)(130310): values=WaterTemperature=(None) OutsideAmbientAirTemperature=(None) AtmosphericPressure=(None)

32 : pgn=128275 line=Rx 10353053 19 f5 13 20 20 0e ff ff ff ff ff ff
32 : pgn=128275 line=Rx 10353058 19 f5 13 20 21 32 ae 3c 00 32 ae 3c
3  : pgn=129025 line=Tx 10353060 09 f8 01 03 a1 62 6f 1c 1f c1 fd b6
source=3: pgn=Position, Rapid Update(129025): values=Latitude=(47.706179299999995 deg) Longitude=(-122.48839369999999 deg)

4  : pgn=126975 line=Rx 10353061 1d ef ff 04 80 07 3b 9f f0 81 90 00
4  : pgn=126975 line=Rx 10353062 1d ef ff 04 81 03 ff ff ff ff ff ff
32 : pgn=128275 line=Rx 10353063 19 f5 13 20 22 00 ff ff ff ff ff ff
0  : pgn=127250 line=Rx 10353076 09 f1 12 00 ff da 3f ff 7f ff 7f fd
source=0: pgn=Vessel Heading(127250): values=Heading=(93.66 deg) Deviation=(None) Variation=(None) Reference=("1")

0  : pgn=127245 line=Rx 10353077 09 f1 0d 00 00 f8 ff 7f 00 00 ff ff
source=0: pgn=Rudder(127245): values=Instance=(0) DirectionOrder=("0") AngleOrder=(None) Position=(0.00 deg)

0  : pgn=65359  line=Rx 10353084 1c ff 4f 00 3b 9f ff ff ff da 3f ff
source=0: pgn=Seatalk: Pilot Heading(65359): values=ManufacturerCode=(1851) IndustryCode=(4) HeadingTrue=(None) HeadingMagnetic=(93.66 deg)

0  : pgn=126975 line=Rx 10353086 1d ef ff 00 a0 08 3b 9f f0 81 9c d1
0  : pgn=126975 line=Rx 10353088 1d ef ff 00 a1 01 00 ff ff ff ff ff
1  : pgn=59936  line=Rx 10353089 18 ea 20 01 00 ee 00 00 00 00 00 00
32 : pgn=128259 line=Rx 10353138 09 f5 03 20 2a 30 01 ff ff ff ff ff
1  : pgn=129038 line=Rx 10353153 11 f8 0e 01 e0 1b c1 b8 8e e4 15 d1
1  : pgn=129038 line=Rx 10353153 11 f8 0e 01 e1 17 16 b7 65 2f 64 1c
1  : pgn=129038 line=Rx 10353154 11 f8 0e 01 e2 9a 20 8a 00 00 00 00
1  : pgn=129038 line=Rx 10353154 11 f8 0e 01 e3 00 ff ff ff 7f f0 fe
1  : pgn=129794 line=Rx 10353156 19 fb 02 01 a0 4b 05 a8 28 e2 15 ff
1  : pgn=129794 line=Rx 10353156 19 fb 02 01 a1 ff ff ff 57 43 5a 36
1  : pgn=129794 line=Rx 10353156 19 fb 02 01 a2 30 35 37 53 4f 4a 4f
1  : pgn=129794 line=Rx 10353157 19 fb 02 01 a3 55 52 4e 20 20 20 20
1  : pgn=129794 line=Rx 10353157 19 fb 02 01 a4 20 20 20 20 20 20 20
1  : pgn=129794 line=Rx 10353158 19 fb 02 01 a5 20 20 25 90 01 46 00
1  : pgn=129794 line=Rx 10353158 19 fb 02 01 a6 ff ff ff ff d7 3f 00
1  : pgn=129794 line=Rx 10353159 19 fb 02 01 a7 d9 4f 13 dc 00 53 45
3  : pgn=129026 line=Tx 10353162 09 f8 02 03 ff fc 5c 49 4a 01 ff ff
source=3: pgn=COG & SOG, Rapid Update(129026): values=COGReference=("0") COG=(107.60 deg) SOG=(3.3000000000000003 m/s)

3  : pgn=129025 line=Tx 10353162 09 f8 01 03 a1 62 6f 1c 1f c1 fd b6
source=3: pgn=Position, Rapid Update(129025): values=Latitude=(47.706179299999995 deg) Longitude=(-122.48839369999999 deg)

3  : pgn=129291 line=Tx 10353162 0d f9 0b 03 ff fc 9c 3a 20 00 ff ff
source=3: pgn=Set & Drift, Rapid Update(129291): values=SetReference=("0") Set=(85.97 deg) Drift=(0.32 m/s)

1  : pgn=129794 line=Rx 10353184 19 fb 02 01 a8 41 54 54 4c 45 20 20
1  : pgn=129794 line=Rx 10353184 19 fb 02 01 a9 20 20 20 20 20 20 20
1  : pgn=129794 line=Rx 10353185 19 fb 02 01 aa 20 20 20 20 04 e0 ff
0  : pgn=127250 line=Rx 10353189 09 f1 12 00 ff d6 3f ff 7f ff 7f fd
source=0: pgn=Vessel Heading(127250): values=Heading=(93.63 deg) Deviation=(None) Variation=(None) Reference=("1")

0  : pgn=127245 line=Rx 10353190 09 f1 0d 00 00 f8 ff 7f 00 00 ff ff
source=0: pgn=Rudder(127245): values=Instance=(0) DirectionOrder=("0") AngleOrder=(None) Position=(0.00 deg)

0  : pgn=65359  line=Rx 10353194 1c ff 4f 00 3b 9f ff ff ff d6 3f ff
source=0: pgn=Seatalk: Pilot Heading(65359): values=ManufacturerCode=(1851) IndustryCode=(4) HeadingTrue=(None) HeadingMagnetic=(93.63 deg)

32 : pgn=128259 line=Rx 10353238 09 f5 03 20 2b 2f 01 ff ff ff ff ff
source=32: pgn=Speed(128259): values=SpeedWaterReferenced=(3.0300000000000002 m/s) SpeedGroundReferenced=(None) SpeedWaterReferencedType=(None) SpeedDirection=(None)

3  : pgn=129025 line=Tx 10353262 09 f8 01 03 a1 62 6f 1c 1f c1 fd b6
source=3: pgn=Position, Rapid Update(129025): values=Latitude=(47.706179299999995 deg) Longitude=(-122.48839369999999 deg)

0  : pgn=127250 line=Rx 10353276 09 f1 12 00 ff d9 3f ff 7f ff 7f fd
source=0: pgn=Vessel Heading(127250): values=Heading=(93.65 deg) Deviation=(None) Variation=(None) Reference=("1")

0  : pgn=127245 line=Rx 10353277 09 f1 0d 00 00 f8 ff 7f 00 00 ff ff
source=0: pgn=Rudder(127245): values=Instance=(0) DirectionOrder=("0") AngleOrder=(None) Position=(0.00 deg)

0  : pgn=65359  line=Rx 10353284 1c ff 4f 00 3b 9f ff ff ff d9 3f ff
source=0: pgn=Seatalk: Pilot Heading(65359): values=ManufacturerCode=(1851) IndustryCode=(4) HeadingTrue=(None) HeadingMagnetic=(93.65 deg)

1  : pgn=129038 line=Rx 10353304 11 f8 0e 01 00 1b c1 c6 60 e6 15 30
1  : pgn=129038 line=Rx 10353304 11 f8 0e 01 01 74 0d b7 d2 9d 68 1c
source=1: pgn=AIS Class A Position Report(129038): values=MessageID=(1) RepeatIndicator=("0") UserID=(3535211892) Longitude=(0.0 deg) Latitude=(0.0 deg) PositionAccuracy=("0") RAIM=("0") TimeStamp=("0") COG=(0.00 deg) SOG=(0.0 m/s) CommunicationState=(0) AISTransceiverinformation=("0") Heading=(0.00 deg) RateofTurn=(0.00 deg/s) NavStatus=("0") SpecialManeuverIndicator=("0") Spare=(0) SequenceID=(0)

1  : pgn=129038 line=Rx 10353305 11 f8 0e 01 02 a2 5f b9 00 00 00 00
source=1: pgn=AIS Class A Position Report(129038): values=MessageID=(2) RepeatIndicator=("0") UserID=(12148642) Longitude=(0.0 deg) Latitude=(0.0 deg) PositionAccuracy=("0") RAIM=("0") TimeStamp=("0") COG=(0.00 deg) SOG=(0.0 m/s) CommunicationState=(0) AISTransceiverinformation=("0") Heading=(0.00 deg) RateofTurn=(0.00 deg/s) NavStatus=("0") SpecialManeuverIndicator=("0") Spare=(0) SequenceID=(0)

1  : pgn=129038 line=Rx 10353306 11 f8 0e 01 03 00 d1 15 00 00 f0 fe
source=1: pgn=AIS Class A Position Report(129038): values=MessageID=(3) RepeatIndicator=("0") UserID=(1429760) Longitude=(0.0 deg) Latitude=(0.0 deg) PositionAccuracy=("0") RAIM=("0") TimeStamp=("0") COG=(0.00 deg) SOG=(0.0 m/s) CommunicationState=(0) AISTransceiverinformation=("0") Heading=(0.00 deg) RateofTurn=(0.00 deg/s) NavStatus=("0") SpecialManeuverIndicator=("0") Spare=(0) SequenceID=(0)

32 : pgn=128259 line=Rx 10353337 09 f5 03 20 2c 2d 01 ff ff ff ff ff
source=32: pgn=Speed(128259): values=SpeedWaterReferenced=(3.0100000000000002 m/s) SpeedGroundReferenced=(None) SpeedWaterReferencedType=(None) SpeedDirection=(None)

3  : pgn=129026 line=Tx 10353363 09 f8 02 03 ff fc 16 49 4b 01 ff ff
source=3: pgn=COG & SOG, Rapid Update(129026): values=COGReference=("0") COG=(107.20 deg) SOG=(3.31 m/s)

3  : pgn=130577 line=Tx 10353363 0d fe 11 03 e0 0e c0 a0 16 49 4b 01
3  : pgn=130577 line=Tx 10353363 0d fe 11 03 e1 ff ff ff ff 9c 3a 20
3  : pgn=130577 line=Tx 10353363 0d fe 11 03 e2 00 ff ff ff ff ff ff
3  : pgn=129025 line=Tx 10353363 09 f8 01 03 83 62 6f 1c cc c1 fd b6
3  : pgn=130306 line=Tx 10353363 09 fd 02 03 ff ff 02 7c ca fa ff ff
source=3: pgn=Wind Data(130306): values=WindSpeed=(7.67 m/s) WindAngle=(297.00 deg) Reference=("2")

1  : pgn=129038 line=Rx 10353399 11 f8 0e 01 20 1b c1 fa f5 db 15 82
1  : pgn=129038 line=Rx 10353399 11 f8 0e 01 21 ce 18 b7 12 43 66 1c
1  : pgn=129038 line=Rx 10353400 11 f8 0e 01 22 a1 13 b5 00 00 00 00
1  : pgn=129038 line=Rx 10353400 11 f8 0e 01 23 00 50 3b 00 00 f0 fe
4  : pgn=65384  line=Rx 10353402 1c ff 68 04 3b 9f 00 00 00 00 00 00
0  : pgn=127250 line=Rx 10353406 09 f1 12 00 ff e6 3f ff 7f ff 7f fd
source=0: pgn=Vessel Heading(127250): values=Heading=(93.72 deg) Deviation=(None) Variation=(None) Reference=("1")

0  : pgn=127245 line=Rx 10353407 09 f1 0d 00 00 f8 ff 7f 00 00 ff ff
source=0: pgn=Rudder(127245): values=Instance=(0) DirectionOrder=("0") AngleOrder=(None) Position=(0.00 deg)

0  : pgn=65359  line=Rx 10353411 1c ff 4f 00 3b 9f ff ff ff e6 3f ff
source=0: pgn=Seatalk: Pilot Heading(65359): values=ManufacturerCode=(1851) IndustryCode=(4) HeadingTrue=(None) HeadingMagnetic=(93.72 deg)

1  : pgn=129038 line=Rx 10353429 11 f8 0e 01 40 1b c1 18 6d e7 15 44
1  : pgn=129038 line=Rx 10353429 11 f8 0e 01 41 b4 0f b7 86 f7 67 1c
1  : pgn=129038 line=Rx 10353430 11 f8 0e 01 42 9c ff 0e 00 00 00 00
1  : pgn=129038 line=Rx 10353430 11 f8 0e 01 43 00 ff ff ff 7f f0 fe
32 : pgn=128259 line=Rx 10353437 09 f5 03 20 2d 2b 01 ff ff ff ff ff
source=32: pgn=Speed(128259): values=SpeedWaterReferenced=(2.99 m/s) SpeedGroundReferenced=(None) SpeedWaterReferencedType=(None) SpeedDirection=(None)

1  : pgn=129038 line=Rx 10353459 11 f8 0e 01 60 1b c1 3a 83 dc 15 87
1  : pgn=129038 line=Rx 10353459 11 f8 0e 01 61 ef f9 b6 34 35 62 1c
1  : pgn=129038 line=Rx 10353460 11 f8 0e 01 62 a1 08 b6 00 00 00 00
1  : pgn=129038 line=Rx 10353461 11 f8 0e 01 63 00 cd c9 00 00 ff fe
3  : pgn=129283 line=Tx 10353463 0d f9 03 03 ff 7f ff ff ff 7f ff ff
source=3: pgn=Cross Track Error(129283): values=XTEmode=(None) NavigationTerminated=("1") XTE=(None)

3  : pgn=129025 line=Tx 10353463 09 f8 01 03 83 62 6f 1c cc c1 fd b6
source=3: pgn=Position, Rapid Update(129025): values=Latitude=(47.706176299999996 deg) Longitude=(-122.48837639999999 deg)

3  : pgn=128267 line=Tx 10353463 0d f5 0b 03 ff cb 3d 00 00 00 00 ff
source=3: pgn=Water Depth(128267): values=Depth=(158.19 m) Offset=(0.0 m) Range=(None)

0  : pgn=127250 line=Rx 10353477 09 f1 12 00 ff ed 3f ff 7f ff 7f fd
source=0: pgn=Vessel Heading(127250): values=Heading=(93.76 deg) Deviation=(None) Variation=(None) Reference=("1")

0  : pgn=127245 line=Rx 10353478 09 f1 0d 00 00 f8 ff 7f 00 00 ff ff
source=0: pgn=Rudder(127245): values=Instance=(0) DirectionOrder=("0") AngleOrder=(None) Position=(0.00 deg)

0  : pgn=65359  line=Rx 10353484 1c ff 4f 00 3b 9f ff ff ff ed 3f ff
source=0: pgn=Seatalk: Pilot Heading(65359): values=ManufacturerCode=(1851) IndustryCode=(4) HeadingTrue=(None) HeadingMagnetic=(93.76 deg)

32 : pgn=128259 line=Rx 10353536 09 f5 03 20 2e 25 01 ff ff ff ff ff
source=32: pgn=Speed(128259): values=SpeedWaterReferenced=(2.93 m/s) SpeedGroundReferenced=(None) SpeedWaterReferencedType=(None) SpeedDirection=(None)

3  : pgn=129026 line=Tx 10353564 09 f8 02 03 ff fc 16 49 4b 01 ff ff
source=3: pgn=COG & SOG, Rapid Update(129026): values=COGReference=("0") COG=(107.20 deg) SOG=(3.31 m/s)

3  : pgn=129025 line=Tx 10353564 09 f8 01 03 83 62 6f 1c cc c1 fd b6
source=3: pgn=Position, Rapid Update(129025): values=Latitude=(47.706176299999996 deg) Longitude=(-122.48837639999999 deg)

3  : pgn=129542 line=Tx 10353564 19 fa 06 03 e0 0f a0 4f 01 00 00 00
3  : pgn=129542 line=Tx 10353564 19 fa 06 03 e1 00 00 00 00 00 00 00
3  : pgn=129542 line=Tx 10353564 19 fa 06 03 e2 00 00 ff ff ff ff ff
3  : pgn=65364  line=Tx 10353564 1c ff 54 03 3b 9f ff 02 7c ca ff ff
1  : pgn=129038 line=Rx 10353583 11 f8 0e 01 80 1b c1 58 92 12 12 1a
1  : pgn=129038 line=Rx 10353583 11 f8 0e 01 81 45 0e b7 c6 42 68 1c
1  : pgn=129038 line=Rx 10353584 11 f8 0e 01 82 9c b9 11 00 00 00 00
1  : pgn=129038 line=Rx 10353584 11 f8 0e 01 83 00 ff ff ff 7f f0 fe
0  : pgn=127250 line=Rx 10353594 09 f1 12 00 ff 0a 40 ff 7f ff 7f fd
source=0: pgn=Vessel Heading(127250): values=Heading=(93.93 deg) Deviation=(None) Variation=(None) Reference=("1")

0  : pgn=127245 line=Rx 10353594 09 f1 0d 00 00 f8 ff 7f 00 00 ff ff
source=0: pgn=Rudder(127245): values=Instance=(0) DirectionOrder=("0") AngleOrder=(None) Position=(0.00 deg)

0  : pgn=65379  line=Rx 10353599 1c ff 63 00 3b 9f 00 00 00 00 01 ff
source=0: pgn=Seatalk: Pilot Mode(65379): values=ManufacturerCode=(1851) IndustryCode=(4) PilotMode=(0) SubMode=(0) PilotModeData=(0)

0  : pgn=65359  line=Rx 10353600 1c ff 4f 00 3b 9f ff ff ff 0a 40 ff
source=0: pgn=Seatalk: Pilot Heading(65359): values=ManufacturerCode=(1851) IndustryCode=(4) HeadingTrue=(None) HeadingMagnetic=(93.93 deg)

0  : pgn=126975 line=Rx 10353601 1d ef ff 00 c0 0d 3b 9f f0 81 84 16
0  : pgn=126975 line=Rx 10353604 1d ef ff 00 c1 42 08 00 00 00 02 05
32 : pgn=128259 line=Rx 10353636 09 f5 03 20 2f 22 01 ff ff ff ff ff
source=32: pgn=Speed(128259): values=SpeedWaterReferenced=(2.9 m/s) SpeedGroundReferenced=(None) SpeedWaterReferencedType=(None) SpeedDirection=(None)

3  : pgn=129540 line=Tx 10353675 19 fa 04 03 20 9f c2 ff 0d 03 97 1a
source=3: pgn=GNSS Sats in View(129540): values=RangeResidualMode=(None) SatsinView=(194) PRN=(None) Elevation=(4.47 deg) Azimuth=(39.00 deg) SNR=(0.0 dB) Rangeresiduals=(0) Status=("0")

3  : pgn=129540 line=Tx 10353675 19 fa 04 03 21 2e 26 00 00 00 00 00
source=3: pgn=GNSS Sats in View(129540): values=RangeResidualMode=("0") SatsinView=(38) PRN=(0) Elevation=(0.00 deg) Azimuth=(0.00 deg) SNR=(0.0 dB) Rangeresiduals=(0) Status=("0")

3  : pgn=129540 line=Tx 10353675 19 fa 04 03 22 00 f3 0f ff 1d ad 3c
source=3: pgn=GNSS Sats in View(129540): values=RangeResidualMode=("0") SatsinView=(243) PRN=(15) Elevation=(44.00 deg) Azimuth=(89.00 deg) SNR=(0.0 dB) Rangeresiduals=(0) Status=("0")

3  : pgn=129540 line=Tx 10353675 19 fa 04 03 23 54 0b 00 00 00 00 f5
source=3: pgn=GNSS Sats in View(129540): values=RangeResidualMode=("0") SatsinView=(11) PRN=(0) Elevation=(0.00 deg) Azimuth=(359.36 deg) SNR=(0.0 dB) Rangeresiduals=(0) Status=("0")

3  : pgn=129540 line=Tx 10353675 19 fa 04 03 24 10 17 13 c2 b8 8c 0a
source=3: pgn=GNSS Sats in View(129540): values=RangeResidualMode=("0") SatsinView=(23) PRN=(19) Elevation=(-104.50 deg) Azimuth=(15.47 deg) SNR=(0.0 dB) Rangeresiduals=(0) Status=("0")

3  : pgn=129540 line=Tx 10353675 19 fa 04 03 25 00 00 00 00 f5 12 c5
source=3: pgn=GNSS Sats in View(129540): values=RangeResidualMode=("0") SatsinView=(0) PRN=(0) Elevation=(-16.13 deg) Azimuth=(289.06 deg) SNR=(0.0 dB) Rangeresiduals=(0) Status=("0")

3  : pgn=129540 line=Tx 10353675 19 fa 04 03 26 31 f2 93 f0 0a 00 00
source=3: pgn=GNSS Sats in View(129540): values=RangeResidualMode=("1") SatsinView=(242) PRN=(147) Elevation=(16.04 deg) Azimuth=(0.00 deg) SNR=(0.0 dB) Rangeresiduals=(0) Status=("0")

3  : pgn=129540 line=Tx 10353675 19 fa 04 03 27 00 00 f5 13 69 03 1f
source=3: pgn=GNSS Sats in View(129540): values=RangeResidualMode=("0") SatsinView=(0) PRN=(245) Elevation=(154.12 deg) Azimuth=(45.49 deg) SNR=(0.0 dB) Rangeresiduals=(0) Status=("0")

3  : pgn=129540 line=Tx 10353675 19 fa 04 03 28 d8 d8 0e 00 00 00 00
source=3: pgn=GNSS Sats in View(129540): values=RangeResidualMode=("0") SatsinView=(216) PRN=(14) Elevation=(0.00 deg) Azimuth=(0.00 deg) SNR=(0.0 dB) Rangeresiduals=(0) Status=("0")

3  : pgn=129540 line=Tx 10353675 19 fa 04 03 29 f5 15 e8 37 68 21 10
source=3: pgn=GNSS Sats in View(129540): values=RangeResidualMode=("1") SatsinView=(21) PRN=(232) Elevation=(152.86 deg) Azimuth=(23.66 deg) SNR=(0.0 dB) Rangeresiduals=(0) Status=("0")

3  : pgn=129540 line=Tx 10353675 19 fa 04 03 2a 0e 00 00 00 00 f5 16
source=3: pgn=GNSS Sats in View(129540): values=RangeResidualMode=("0") SatsinView=(0) PRN=(0) Elevation=(0.00 deg) Azimuth=(33.67 deg) SNR=(0.0 dB) Rangeresiduals=(0) Status=("0")

3  : pgn=129540 line=Tx 10353676 19 fa 04 03 2b 80 16 cf 9c 48 0d 00
source=3: pgn=GNSS Sats in View(129540): values=RangeResidualMode=("0") SatsinView=(22) PRN=(207) Elevation=(106.50 deg) Azimuth=(0.07 deg) SNR=(0.0 dB) Rangeresiduals=(0) Status=("0")

0  : pgn=127250 line=Rx 10353676 09 f1 12 00 ff 1d 40 ff 7f ff 7f fd
source=0: pgn=Vessel Heading(127250): values=Heading=(94.04 deg) Deviation=(None) Variation=(None) Reference=("1")

3  : pgn=129540 line=Tx 10353677 19 fa 04 03 2c 00 00 00 f5 1a ae 0f
source=3: pgn=GNSS Sats in View(129540): values=RangeResidualMode=("0") SatsinView=(0) PRN=(0) Elevation=(39.54 deg) Azimuth=(23.00 deg) SNR=(0.0 dB) Rangeresiduals=(0) Status=("0")

0  : pgn=127245 line=Rx 10353678 09 f1 0d 00 00 f8 ff 7f 00 00 ff ff
source=0: pgn=Rudder(127245): values=Instance=(0) DirectionOrder=("0") AngleOrder=(None) Position=(0.00 deg)

3  : pgn=129540 line=Tx 10353678 19 fa 04 03 2d 5d 1f e4 0c 00 00 00
source=3: pgn=GNSS Sats in View(129540): values=RangeResidualMode=("1") SatsinView=(31) PRN=(228) Elevation=(0.07 deg) Azimuth=(0.00 deg) SNR=(0.0 dB) Rangeresiduals=(0) Status=("0")

3  : pgn=129540 line=Tx 10353679 19 fa 04 03 2e 00 f5 1b d1 15 ab d2
source=3: pgn=GNSS Sats in View(129540): values=RangeResidualMode=("0") SatsinView=(245) PRN=(27) Elevation=(32.00 deg) Azimuth=(309.00 deg) SNR=(0.0 dB) Rangeresiduals=(0) Status=("0")

3  : pgn=129540 line=Tx 10353681 19 fa 04 03 2f 74 0e 00 00 00 00 f5
source=3: pgn=GNSS Sats in View(129540): values=RangeResidualMode=("0") SatsinView=(14) PRN=(0) Elevation=(0.00 deg) Azimuth=(359.36 deg) SNR=(0.0 dB) Rangeresiduals=(0) Status=("0")

3  : pgn=129540 line=Tx 10353681 19 fa 04 03 30 1d 51 0e a1 67 80 0c
source=3: pgn=GNSS Sats in View(129540): values=RangeResidualMode=("1") SatsinView=(81) PRN=(14) Elevation=(152.00 deg) Azimuth=(18.33 deg) SNR=(0.0 dB) Rangeresiduals=(0) Status=("0")

3  : pgn=129540 line=Tx 10353682 19 fa 04 03 31 00 00 00 00 f5 23 d1
source=3: pgn=GNSS Sats in View(129540): values=RangeResidualMode=("0") SatsinView=(0) PRN=(0) Elevation=(-16.13 deg) Azimuth=(306.76 deg) SNR=(0.0 dB) Rangeresiduals=(0) Status=("0")

3  : pgn=129540 line=Tx 10353683 19 fa 04 03 32 15 c3 8b 00 00 00 00
source=3: pgn=GNSS Sats in View(129540): values=RangeResidualMode=("1") SatsinView=(195) PRN=(139) Elevation=(0.00 deg) Azimuth=(0.00 deg) SNR=(0.0 dB) Rangeresiduals=(0) Status=("0")

3  : pgn=129540 line=Tx 10353684 19 fa 04 03 33 00 00 f3 30 2e 17 43
source=3: pgn=GNSS Sats in View(129540): values=RangeResidualMode=("0") SatsinView=(0) PRN=(243) Elevation=(67.75 deg) Azimuth=(98.41 deg) SNR=(0.0 dB) Rangeresiduals=(0) Status=("0")

3  : pgn=129540 line=Tx 10353685 19 fa 04 03 34 84 68 10 00 00 00 00
source=3: pgn=GNSS Sats in View(129540): values=RangeResidualMode=("0") SatsinView=(104) PRN=(16) Elevation=(0.00 deg) Azimuth=(0.00 deg) SNR=(0.0 dB) Rangeresiduals=(0) Status=("0")

3  : pgn=129540 line=Tx 10353685 19 fa 04 03 35 f5 33 80 16 67 6c 80
source=3: pgn=GNSS Sats in View(129540): values=RangeResidualMode=("1") SatsinView=(51) PRN=(128) Elevation=(151.20 deg) Azimuth=(188.37 deg) SNR=(0.0 dB) Rangeresiduals=(0) Status=("0")

3  : pgn=129540 line=Tx 10353686 19 fa 04 03 36 0c 00 00 00 00 f5 ff
source=3: pgn=GNSS Sats in View(129540): values=RangeResidualMode=("0") SatsinView=(0) PRN=(0) Elevation=(0.00 deg) Azimuth=(375.43 deg) SNR=(0.0 dB) Rangeresiduals=(0) Status=("0")

3  : pgn=129025 line=Tx 10353687 09 f8 01 03 73 62 6f 1c 19 c2 fd b6
source=3: pgn=Position, Rapid Update(129025): values=Latitude=(47.7061747 deg) Longitude=(-122.4883687 deg)

3  : pgn=127258 line=Tx 10353688 19 f1 1a 03 ff f6 12 39 fa 0a ff ff
source=3: pgn=Magnetic Variation(127258): values=Source=("6") Ageofservice=(14610 d) Variation=(16.10 deg)

0  : pgn=65359  line=Rx 10353696 1c ff 4f 00 3b 9f ff ff ff 1d 40 ff
source=0: pgn=Seatalk: Pilot Heading(65359): values=ManufacturerCode=(1851) IndustryCode=(4) HeadingTrue=(None) HeadingMagnetic=(94.04 deg)

0  : pgn=126975 line=Rx 10353712 1d ef ff 00 e0 09 3b 9f f0 81 ae 02
0  : pgn=126975 line=Rx 10353714 1d ef ff 00 e1 00 08 00 ff ff ff ff
32 : pgn=128259 line=Rx 10353735 09 f5 03 20 30 1f 01 ff ff ff ff ff
source=32: pgn=Speed(128259): values=SpeedWaterReferenced=(2.87 m/s) SpeedGroundReferenced=(None) SpeedWaterReferencedType=(None) SpeedDirection=(None)

1  : pgn=129038 line=Rx 10353764 11 f8 0e 01 a0 1b c1 0e 29 e0 15 b1
1  : pgn=129038 line=Rx 10353764 11 f8 0e 01 a1 be 0c b7 6e 60 69 1c
1  : pgn=129038 line=Rx 10353765 11 f8 0e 01 a2 90 2b ad 00 00 01 00
1  : pgn=129038 line=Rx 10353765 11 f8 0e 01 a3 08 ff ff ff 7f f0 fe
3  : pgn=129026 line=Tx 10353776 09 f8 02 03 ff fc e2 48 4b 01 ff ff
source=3: pgn=COG & SOG, Rapid Update(129026): values=COGReference=("0") COG=(106.90 deg) SOG=(3.31 m/s)

0  : pgn=127250 line=Rx 10353776 09 f1 12 00 ff 45 40 ff 7f ff 7f fd
source=0: pgn=Vessel Heading(127250): values=Heading=(94.27 deg) Deviation=(None) Variation=(None) Reference=("1")

3  : pgn=129025 line=Tx 10353777 09 f8 01 03 73 62 6f 1c 19 c2 fd b6
source=3: pgn=Position, Rapid Update(129025): values=Latitude=(47.7061747 deg) Longitude=(-122.4883687 deg)

0  : pgn=127245 line=Rx 10353777 09 f1 0d 00 00 f8 ff 7f 00 00 ff ff
source=0: pgn=Rudder(127245): values=Instance=(0) DirectionOrder=("0") AngleOrder=(None) Position=(0.00 deg)

0  : pgn=65359  line=Rx 10353790 1c ff 4f 00 3b 9f ff ff ff 45 40 ff
source=0: pgn=Seatalk: Pilot Heading(65359): values=ManufacturerCode=(1851) IndustryCode=(4) HeadingTrue=(None) HeadingMagnetic=(94.27 deg)

32 : pgn=128259 line=Rx 10353835 09 f5 03 20 31 1c 01 ff ff ff ff ff
source=32: pgn=Speed(128259): values=SpeedWaterReferenced=(2.84 m/s) SpeedGroundReferenced=(None) SpeedWaterReferencedType=(None) SpeedDirection=(None)

0  : pgn=127250 line=Rx 10353876 09 f1 12 00 ff 65 40 ff 7f ff 7f fd
source=0: pgn=Vessel Heading(127250): values=Heading=(94.45 deg) Deviation=(None) Variation=(None) Reference=("1")

3  : pgn=129029 line=Tx 10353877 0d f8 05 03 e0 2b a0 06 40 44 70 15
3  : pgn=129029 line=Tx 10353877 0d f8 05 03 e1 2c 00 1e 30 e4 1d dd
3  : pgn=129029 line=Tx 10353877 0d f8 05 03 e2 9e 06 00 02 fc 4f da
3  : pgn=129029 line=Tx 10353877 0d f8 05 03 e3 56 00 ef ff ff ff ff
3  : pgn=129029 line=Tx 10353877 0d f8 05 03 e4 ff ff ff 7f 23 fc 09
3  : pgn=129029 line=Tx 10353877 0d f8 05 03 e5 55 00 ff 7f ff ff ff
3  : pgn=129029 line=Tx 10353877 0d f8 05 03 e6 7f 00 ff ff ff ff ff
3  : pgn=129025 line=Tx 10353877 09 f8 01 03 63 62 6f 1c 6d c2 fd b6
source=3: pgn=Position, Rapid Update(129025): values=Latitude=(47.7061731 deg) Longitude=(-122.4883603 deg)

3  : pgn=129033 line=Tx 10353877 0d f8 09 03 06 40 44 70 15 2c 5c fe
source=3: pgn=Time & Date(129033): values=Date=(16390 d) Time=(73960.25 s) LocalOffset=(-25200.0 s)

0  : pgn=127245 line=Rx 10353878 09 f1 0d 00 00 f8 ff 7f 00 00 ff ff
source=0: pgn=Rudder(127245): values=Instance=(0) DirectionOrder=("0") AngleOrder=(None) Position=(0.00 deg)

0  : pgn=65359  line=Rx 10353903 1c ff 4f 00 3b 9f ff ff ff 65 40 ff
source=0: pgn=Seatalk: Pilot Heading(65359): values=ManufacturerCode=(1851) IndustryCode=(4) HeadingTrue=(None) HeadingMagnetic=(94.45 deg)

32 : pgn=128259 line=Rx 10353934 09 f5 03 20 32 1e 01 ff ff ff ff ff
source=32: pgn=Speed(128259): values=SpeedWaterReferenced=(2.86 m/s) SpeedGroundReferenced=(None) SpeedWaterReferencedType=(None) SpeedDirection=(None)

1  : pgn=129809 line=Rx 10353944 19 fb 11 01 60 19 18 f0 64 e5 15 50
1  : pgn=129809 line=Rx 10353944 19 fb 11 01 61 41 49 47 45 20 4d 41
1  : pgn=129809 line=Rx 10353945 19 fb 11 01 62 52 49 45 20 20 20 20
1  : pgn=129809 line=Rx 10353945 19 fb 11 01 63 20 20 20 20 20 ff ff
1  : pgn=130842 line=Rx 10353946 19 ff 1a 01 40 1d 41 9f 00 00 00 f0
1  : pgn=130842 line=Rx 10353947 19 ff 1a 01 41 64 e5 15 50 41 49 47
1  : pgn=130842 line=Rx 10353947 19 ff 1a 01 42 45 20 4d 41 52 49 45
1  : pgn=130842 line=Rx 10353948 19 ff 1a 01 43 20 20 20 20 20 20 20
1  : pgn=130842 line=Rx 10353948 19 ff 1a 01 44 20 20 ff ff ff ff ff
0  : pgn=127250 line=Rx 10353976 09 f1 12 00 ff 76 40 ff 7f ff 7f fd
source=0: pgn=Vessel Heading(127250): values=Heading=(94.55 deg) Deviation=(None) Variation=(None) Reference=("1")

0  : pgn=127245 line=Rx 10353977 09 f1 0d 00 00 f8 ff 7f 00 00 ff ff
source=0: pgn=Rudder(127245): values=Instance=(0) DirectionOrder=("0") AngleOrder=(None) Position=(0.00 deg)

3  : pgn=129026 line=Tx 10353978 09 f8 02 03 ff fc 9c 48 4d 01 ff ff
source=3: pgn=COG & SOG, Rapid Update(129026): values=COGReference=("0") COG=(106.50 deg) SOG=(3.33 m/s)

3  : pgn=129025 line=Tx 10353978 09 f8 01 03 63 62 6f 1c 6d c2 fd b6
source=3: pgn=Position, Rapid Update(129025): values=Latitude=(47.7061731 deg) Longitude=(-122.4883603 deg)

3  : pgn=126992 line=Tx 10353978 0d f0 10 03 ff ff 06 40 44 70 15 2c
source=3: pgn=System Time(126992): values=Source=(None) Date=(16390 d) Time=(73960.25 s)

0  : pgn=65359  line=Rx 10353991 1c ff 4f 00 3b 9f ff ff ff 76 40 ff
source=0: pgn=Seatalk: Pilot Heading(65359): values=ManufacturerCode=(1851) IndustryCode=(4) HeadingTrue=(None) HeadingMagnetic=(94.55 deg)

32 : pgn=128259 line=Rx 10354036 09 f5 03 20 33 20 01 ff ff ff ff ff
source=32: pgn=Speed(128259): values=SpeedWaterReferenced=(2.88 m/s) SpeedGroundReferenced=(None) SpeedWaterReferencedType=(None) SpeedDirection=(None)

32 : pgn=130310 line=Rx 10354039 15 fd 06 20 e8 ff ff ff ff ff ff ff
source=32: pgn=Environmental Parameters (obsolete)(130310): values=WaterTemperature=(None) OutsideAmbientAirTemperature=(None) AtmosphericPressure=(None)

32 : pgn=128275 line=Rx 10354049 19 f5 13 20 40 0e ff ff ff ff ff ff
32 : pgn=128275 line=Rx 10354054 19 f5 13 20 41 32 ae 3c 00 32 ae 3c
32 : pgn=128275 line=Rx 10354059 19 f5 13 20 42 00 ff ff ff ff ff ff
0  : pgn=127250 line=Rx 10354076 09 f1 12 00 ff 95 40 ff 7f ff 7f fd
source=0: pgn=Vessel Heading(127250): values=Heading=(94.73 deg) Deviation=(None) Variation=(None) Reference=("1")

0  : pgn=127245 line=Rx 10354077 09 f1 0d 00 00 f8 ff 7f 00 00 ff ff
source=0: pgn=Rudder(127245): values=Instance=(0) DirectionOrder=("0") AngleOrder=(None) Position=(0.00 deg)

3  : pgn=129025 line=Tx 10354078 09 f8 01 03 63 62 6f 1c 6d c2 fd b6
source=3: pgn=Position, Rapid Update(129025): values=Latitude=(47.7061731 deg) Longitude=(-122.4883603 deg)

0  : pgn=65359  line=Rx 10354087 1c ff 4f 00 3b 9f ff ff ff 95 40 ff
source=0: pgn=Seatalk: Pilot Heading(65359): values=ManufacturerCode=(1851) IndustryCode=(4) HeadingTrue=(None) HeadingMagnetic=(94.73 deg)

0  : pgn=126975 line=Rx 10354089 1d ef ff 00 00 08 3b 9f f0 81 9c 51
0  : pgn=126975 line=Rx 10354091 1d ef ff 00 01 02 00 ff ff ff ff ff
1  : pgn=59936  line=Rx 10354097 18 ea 20 01 00 ee 00 00 00 00 00 00
1  : pgn=129038 line=Rx 10354097 11 f8 0e 01 c0 1b c1 18 97 f4 15 e7
1  : pgn=129038 line=Rx 10354098 11 f8 0e 01 c1 81 10 b7 e3 7c 67 1c
1  : pgn=129038 line=Rx 10354098 11 f8 0e 01 c2 9f b7 8f 00 00 00 00
1  : pgn=129038 line=Rx 10354099 11 f8 0e 01 c3 00 ff ff ff 7f f0 fe
32 : pgn=128259 line=Rx 10354134 09 f5 03 20 34 1f 01 ff ff ff ff ff
3  : pgn=129026 line=Tx 10354179 09 f8 02 03 ff fc 44 48 4f 01 ff ff
source=3: pgn=COG & SOG, Rapid Update(129026): values=COGReference=("0") COG=(106.00 deg) SOG=(3.35 m/s)

3  : pgn=129025 line=Tx 10354180 09 f8 01 03 44 62 6f 1c 07 c3 fd b6
source=3: pgn=Position, Rapid Update(129025): values=Latitude=(47.70617 deg) Longitude=(-122.4883449 deg)

3  : pgn=129291 line=Tx 10354180 0d f9 0b 03 ff fc e9 36 33 00 ff ff
source=3: pgn=Set & Drift, Rapid Update(129291): values=SetReference=("0") Set=(80.54 deg) Drift=(0.51 m/s)

0  : pgn=127250 line=Rx 10354181 09 f1 12 00 ff b4 40 ff 7f ff 7f fd
source=0: pgn=Vessel Heading(127250): values=Heading=(94.90 deg) Deviation=(None) Variation=(None) Reference=("1")

0  : pgn=127245 line=Rx 10354189 09 f1 0d 00 00 f8 ff 7f 00 00 ff ff
source=0: pgn=Rudder(127245): values=Instance=(0) DirectionOrder=("0") AngleOrder=(None) Position=(0.00 deg)

1  : pgn=129038 line=Rx 10354189 11 f8 0e 01 e0 1b c1 9a cc e2 15 60
1  : pgn=129038 line=Rx 10354190 11 f8 0e 01 e1 3a 10 b7 27 e4 67 1c
1  : pgn=129038 line=Rx 10354190 11 f8 0e 01 e2 9c 22 1e 00 00 00 00
1  : pgn=129038 line=Rx 10354191 11 f8 0e 01 e3 00 ff ff ff 7f f0 fe
0  : pgn=65359  line=Rx 10354196 1c ff 4f 00 3b 9f ff ff ff b4 40 ff
source=0: pgn=Seatalk: Pilot Heading(65359): values=ManufacturerCode=(1851) IndustryCode=(4) HeadingTrue=(None) HeadingMagnetic=(94.90 deg)

32 : pgn=128259 line=Rx 10354233 09 f5 03 20 35 21 01 ff ff ff ff ff
source=32: pgn=Speed(128259): values=SpeedWaterReferenced=(2.89 m/s) SpeedGroundReferenced=(None) SpeedWaterReferencedType=(None) SpeedDirection=(None)

0  : pgn=127250 line=Rx 10354276 09 f1 12 00 ff c3 40 ff 7f ff 7f fd
source=0: pgn=Vessel Heading(127250): values=Heading=(94.99 deg) Deviation=(None) Variation=(None) Reference=("1")

0  : pgn=127245 line=Rx 10354277 09 f1 0d 00 00 f8 ff 7f 00 00 ff ff
source=0: pgn=Rudder(127245): values=Instance=(0) DirectionOrder=("0") AngleOrder=(None) Position=(0.00 deg)

3  : pgn=129025 line=Tx 10354280 09 f8 01 03 44 62 6f 1c 07 c3 fd b6
source=3: pgn=Position, Rapid Update(129025): values=Latitude=(47.70617 deg) Longitude=(-122.4883449 deg)

1  : pgn=129038 line=Rx 10354280 11 f8 0e 01 00 1b c1 38 45 e0 15 1a
source=1: pgn=AIS Class A Position Report(129038): values=MessageID=(0) RepeatIndicator=("0") UserID=(1161347355) Longitude=(0.0 deg) Latitude=(0.0 deg) PositionAccuracy=("0") RAIM=("0") TimeStamp=("0") COG=(0.00 deg) SOG=(0.0 m/s) CommunicationState=(0) AISTransceiverinformation=("0") Heading=(0.00 deg) RateofTurn=(0.00 deg/s) NavStatus=("0") SpecialManeuverIndicator=("0") Spare=(0) SequenceID=(0)

1  : pgn=129038 line=Rx 10354280 11 f8 0e 01 01 be 0f b7 4f f2 67 1c
source=1: pgn=AIS Class A Position Report(129038): values=MessageID=(1) RepeatIndicator=("0") UserID=(1337397182) Longitude=(0.0 deg) Latitude=(0.0 deg) PositionAccuracy=("0") RAIM=("0") TimeStamp=("0") COG=(0.00 deg) SOG=(0.0 m/s) CommunicationState=(0) AISTransceiverinformation=("0") Heading=(0.00 deg) RateofTurn=(0.00 deg/s) NavStatus=("0") SpecialManeuverIndicator=("0") Spare=(0) SequenceID=(0)

1  : pgn=129038 line=Rx 10354281 11 f8 0e 01 02 9c 11 0f 00 00 00 00
source=1: pgn=AIS Class A Position Report(129038): values=MessageID=(2) RepeatIndicator=("0") UserID=(987548) Longitude=(0.0 deg) Latitude=(0.0 deg) PositionAccuracy=("0") RAIM=("0") TimeStamp=("0") COG=(0.00 deg) SOG=(0.0 m/s) CommunicationState=(0) AISTransceiverinformation=("0") Heading=(0.00 deg) RateofTurn=(0.00 deg/s) NavStatus=("0") SpecialManeuverIndicator=("0") Spare=(0) SequenceID=(0)

1  : pgn=129038 line=Rx 10354282 11 f8 0e 01 03 00 ff ff ff 7f f0 fe
source=1: pgn=AIS Class A Position Report(129038): values=MessageID=(3) RepeatIndicator=("0") UserID=(4294967040) Longitude=(0.0 deg) Latitude=(0.0 deg) PositionAccuracy=("0") RAIM=("0") TimeStamp=("0") COG=(0.00 deg) SOG=(0.0 m/s) CommunicationState=(0) AISTransceiverinformation=("0") Heading=(0.00 deg) RateofTurn=(0.00 deg/s) NavStatus=("0") SpecialManeuverIndicator=("0") Spare=(0) SequenceID=(0)

0  : pgn=65359  line=Rx 10354290 1c ff 4f 00 3b 9f ff ff ff c3 40 ff
source=0: pgn=Seatalk: Pilot Heading(65359): values=ManufacturerCode=(1851) IndustryCode=(4) HeadingTrue=(None) HeadingMagnetic=(94.99 deg)

1  : pgn=129793 line=Rx 10354313 1d fb 01 01 c0 1a 04 a2 fc 37 00 5a
1  : pgn=129793 line=Rx 10354313 1d fb 01 01 c1 13 19 b7 c7 8b 61 1c
1  : pgn=129793 line=Rx 10354314 1d fb 01 01 c2 ff 70 3f 15 2c 00 00
1  : pgn=129793 line=Rx 10354314 1d fb 01 01 c3 08 06 40 ff 00 fc ff
32 : pgn=128259 line=Rx 10354333 09 f5 03 20 36 23 01 ff ff ff ff ff
source=32: pgn=Speed(128259): values=SpeedWaterReferenced=(2.91 m/s) SpeedGroundReferenced=(None) SpeedWaterReferencedType=(None) SpeedDirection=(None)

0  : pgn=127250 line=Rx 10354376 09 f1 12 00 ff e0 40 ff 7f ff 7f fd
source=0: pgn=Vessel Heading(127250): values=Heading=(95.16 deg) Deviation=(None) Variation=(None) Reference=("1")

0  : pgn=127245 line=Rx 10354377 09 f1 0d 00 00 f8 ff 7f 00 00 ff ff
source=0: pgn=Rudder(127245): values=Instance=(0) DirectionOrder=("0") AngleOrder=(None) Position=(0.00 deg)

0  : pgn=65359  line=Rx 10354381 1c ff 4f 00 3b 9f ff ff ff e0 40 ff
source=0: pgn=Seatalk: Pilot Heading(65359): values=ManufacturerCode=(1851) IndustryCode=(4) HeadingTrue=(None) HeadingMagnetic=(95.16 deg)

3  : pgn=129026 line=Tx 10354382 09 f8 02 03 ff fc 44 48 4f 01 ff ff
source=3: pgn=COG & SOG, Rapid Update(129026): values=COGReference=("0") COG=(106.00 deg) SOG=(3.35 m/s)

3  : pgn=130577 line=Tx 10354382 0d fe 11 03 00 0e c0 a1 44 48 4f 01
source=3: pgn=Direction Data(130577): values=DataMode=("0") COGReference=("0") COG=(237.25 deg) SOG=(185.0 m/s) Heading=(1.92 deg) SpeedthroughWater=(0.0 m/s) Set=(0.00 deg) Drift=(0.0 m/s)

3  : pgn=130577 line=Tx 10354382 0d fe 11 03 01 ff ff ff ff e9 36 33
source=3: pgn=Direction Data(130577): values=DataMode=("1") COGReference=("0") COG=(None) SOG=(599.03 m/s) Heading=(75.11 deg) SpeedthroughWater=(0.0 m/s) Set=(0.00 deg) Drift=(0.0 m/s)

3  : pgn=130577 line=Tx 10354382 0d fe 11 03 02 00 ff ff ff ff ff ff
source=3: pgn=Direction Data(130577): values=DataMode=("2") COGReference=("0") COG=(None) SOG=(None) Heading=(None) SpeedthroughWater=(0.0 m/s) Set=(0.00 deg) Drift=(0.0 m/s)

3  : pgn=129025 line=Tx 10354382 09 f8 01 03 44 62 6f 1c 07 c3 fd b6
source=3: pgn=Position, Rapid Update(129025): values=Latitude=(47.70617 deg) Longitude=(-122.4883449 deg)

3  : pgn=130306 line=Tx 10354382 09 fd 02 03 ff ff 02 7c ca fa ff ff
source=3: pgn=Wind Data(130306): values=WindSpeed=(7.67 m/s) WindAngle=(297.00 deg) Reference=("2")

4  : pgn=65384  line=Rx 10354402 1c ff 68 04 3b 9f 00 00 00 00 00 00
32 : pgn=128259 line=Rx 10354432 09 f5 03 20 37 26 01 ff ff ff ff ff
source=32: pgn=Speed(128259): values=SpeedWaterReferenced=(2.94 m/s) SpeedGroundReferenced=(None) SpeedWaterReferencedType=(None) SpeedDirection=(None)

1  : pgn=129038 line=Rx 10354465 11 f8 0e 01 20 1b c1 7e e1 df 15 25
1  : pgn=129038 line=Rx 10354465 11 f8 0e 01 21 20 0e b7 51 2d 68 1c
1  : pgn=129038 line=Rx 10354466 11 f8 0e 01 22 a1 2b b9 00 00 00 00
1  : pgn=129038 line=Rx 10354466 11 f8 0e 01 23 00 68 03 00 00 f0 fe
0  : pgn=127250 line=Rx 10354476 09 f1 12 00 ff ed 40 ff 7f ff 7f fd
source=0: pgn=Vessel Heading(127250): values=Heading=(95.23 deg) Deviation=(None) Variation=(None) Reference=("1")

0  : pgn=127245 line=Rx 10354477 09 f1 0d 00 00 f8 ff 7f 00 00 ff ff
source=0: pgn=Rudder(127245): values=Instance=(0) DirectionOrder=("0") AngleOrder=(None) Position=(0.00 deg)

3  : pgn=129283 line=Tx 10354482 0d f9 03 03 ff 7f ff ff ff 7f ff ff
source=3: pgn=Cross Track Error(129283): values=XTEmode=(None) NavigationTerminated=("1") XTE=(None)

3  : pgn=129025 line=Tx 10354482 09 f8 01 03 34 62 6f 1c 60 c3 fd b6
source=3: pgn=Position, Rapid Update(129025): values=Latitude=(47.706168399999996 deg) Longitude=(-122.48833599999999 deg)

3  : pgn=128267 line=Tx 10354482 0d f5 0b 03 ff ce 3d 00 00 00 00 ff
source=3: pgn=Water Depth(128267): values=Depth=(158.22 m) Offset=(0.0 m) Range=(None)

0  : pgn=65359  line=Rx 10354484 1c ff 4f 00 3b 9f ff ff ff ed 40 ff
source=0: pgn=Seatalk: Pilot Heading(65359): values=ManufacturerCode=(1851) IndustryCode=(4) HeadingTrue=(None) HeadingMagnetic=(95.23 deg)

32 : pgn=128259 line=Rx 10354532 09 f5 03 20 38 29 01 ff ff ff ff ff
source=32: pgn=Speed(128259): values=SpeedWaterReferenced=(2.97 m/s) SpeedGroundReferenced=(None) SpeedWaterReferencedType=(None) SpeedDirection=(None)

1  : pgn=129038 line=Rx 10354556 11 f8 0e 01 40 1b c1 0e 93 df 15 1a
1  : pgn=129038 line=Rx 10354556 11 f8 0e 01 41 64 11 b7 f5 0c 5c 1c
1  : pgn=129038 line=Rx 10354557 11 f8 0e 01 42 a3 2f ed c9 01 00 00
1  : pgn=129038 line=Rx 10354557 11 f8 0e 01 43 00 ff ff ff 7f f0 fe
0  : pgn=127250 line=Rx 10354576 09 f1 12 00 ff 01 41 ff 7f ff 7f fd
source=0: pgn=Vessel Heading(127250): values=Heading=(95.35 deg) Deviation=(None) Variation=(None) Reference=("1")

0  : pgn=127245 line=Rx 10354577 09 f1 0d 00 00 f8 ff 7f 00 00 ff ff
source=0: pgn=Rudder(127245): values=Instance=(0) DirectionOrder=("0") AngleOrder=(None) Position=(0.00 deg)

0  : pgn=65379  line=Rx 10354581 1c ff 63 00 3b 9f 00 00 00 00 01 ff
source=0: pgn=Seatalk: Pilot Mode(65379): values=ManufacturerCode=(1851) IndustryCode=(4) PilotMode=(0) SubMode=(0) PilotModeData=(0)

0  : pgn=65359  line=Rx 10354582 1c ff 4f 00 3b 9f ff ff ff 01 41 ff
source=0: pgn=Seatalk: Pilot Heading(65359): values=ManufacturerCode=(1851) IndustryCode=(4) HeadingTrue=(None) HeadingMagnetic=(95.35 deg)

3  : pgn=129026 line=Tx 10354583 09 f8 02 03 ff fc ed 47 51 01 ff ff
source=3: pgn=COG & SOG, Rapid Update(129026): values=COGReference=("0") COG=(105.50 deg) SOG=(3.37 m/s)

3  : pgn=129025 line=Tx 10354583 09 f8 01 03 34 62 6f 1c 60 c3 fd b6
source=3: pgn=Position, Rapid Update(129025): values=Latitude=(47.706168399999996 deg) Longitude=(-122.48833599999999 deg)

3  : pgn=129542 line=Tx 10354583 19 fa 06 03 00 0f a1 48 01 00 00 00
source=3: pgn=GNSS Pseudorange Noise Statistics(129542): values=RMSofPositionUncertainty=(41231) STDofMajoraxis=(72) STDofMinoraxis=(1) OrientationofMajoraxis=(0) STDofLatError=(0) STDofLonError=(0) STDofAltError=(0)

3  : pgn=129542 line=Tx 10354583 19 fa 06 03 01 00 00 00 00 00 00 00
source=3: pgn=GNSS Pseudorange Noise Statistics(129542): values=RMSofPositionUncertainty=(0) STDofMajoraxis=(0) STDofMinoraxis=(0) OrientationofMajoraxis=(0) STDofLatError=(0) STDofLonError=(0) STDofAltError=(0)

3  : pgn=129542 line=Tx 10354583 19 fa 06 03 02 00 00 ff ff ff ff ff
source=3: pgn=GNSS Pseudorange Noise Statistics(129542): values=RMSofPositionUncertainty=(0) STDofMajoraxis=(None) STDofMinoraxis=(None) OrientationofMajoraxis=(None) STDofLatError=(None) STDofLonError=(None) STDofAltError=(0)

3  : pgn=65364  line=Tx 10354583 1c ff 54 03 3b 9f 13 03 71 c8 ff ff
1  : pgn=129038 line=Rx 10354588 11 f8 0e 01 60 1b c1 28 71 e0 15 24
1  : pgn=129038 line=Rx 10354589 11 f8 0e 01 61 6c 0e b7 71 29 68 1c
1  : pgn=129038 line=Rx 10354589 11 f8 0e 01 62 9c f6 bb 00 00 00 00
1  : pgn=129038 line=Rx 10354590 11 f8 0e 01 63 00 ff ff ff 7f f0 fe
0  : pgn=126975 line=Rx 10354595 1d ef ff 00 20 0d 3b 9f f0 81 84 d6
0  : pgn=126975 line=Rx 10354597 1d ef ff 00 21 42 0b 00 00 00 02 05
32 : pgn=128259 line=Rx 10354631 09 f5 03 20 39 2a 01 ff ff ff ff ff
source=32: pgn=Speed(128259): values=SpeedWaterReferenced=(2.98 m/s) SpeedGroundReferenced=(None) SpeedWaterReferencedType=(None) SpeedDirection=(None)

0  : pgn=127250 line=Rx 10354677 09 f1 12 00 ff 0f 41 ff 7f ff 7f fd
source=0: pgn=Vessel Heading(127250): values=Heading=(95.43 deg) Deviation=(None) Variation=(None) Reference=("1")

0  : pgn=127245 line=Rx 10354678 09 f1 0d 00 00 f8 ff 7f 00 00 ff ff
source=0: pgn=Rudder(127245): values=Instance=(0) DirectionOrder=("0") AngleOrder=(None) Position=(0.00 deg)

1  : pgn=129038 line=Rx 10354679 11 f8 0e 01 80 1b c3 24 90 db 15 87
1  : pgn=129038 line=Rx 10354679 11 f8 0e 01 81 a6 01 b7 ae 33 52 1c
1  : pgn=129038 line=Rx 10354680 11 f8 0e 01 82 a5 08 95 de 01 00 00
1  : pgn=129038 line=Rx 10354680 11 f8 0e 01 83 00 f1 93 d2 e5 f0 fe
3  : pgn=129540 line=Tx 10354685 19 fa 04 03 40 9f c3 ff 0d 03 97 1a
source=3: pgn=GNSS Sats in View(129540): values=RangeResidualMode=(None) SatsinView=(195) PRN=(None) Elevation=(4.47 deg) Azimuth=(39.00 deg) SNR=(0.0 dB) Rangeresiduals=(0) Status=("0")

3  : pgn=129540 line=Tx 10354686 19 fa 04 03 41 2e 26 00 00 00 00 00
source=3: pgn=GNSS Sats in View(129540): values=RangeResidualMode=("0") SatsinView=(38) PRN=(0) Elevation=(0.00 deg) Azimuth=(0.00 deg) SNR=(0.0 dB) Rangeresiduals=(0) Status=("0")

3  : pgn=129540 line=Tx 10354686 19 fa 04 03 42 00 f3 0f ff 1d ad 3c
source=3: pgn=GNSS Sats in View(129540): values=RangeResidualMode=("0") SatsinView=(243) PRN=(15) Elevation=(44.00 deg) Azimuth=(89.00 deg) SNR=(0.0 dB) Rangeresiduals=(0) Status=("0")

3  : pgn=129540 line=Tx 10354686 19 fa 04 03 43 e4 0c 00 00 00 00 f5
source=3: pgn=GNSS Sats in View(129540): values=RangeResidualMode=("0") SatsinView=(12) PRN=(0) Elevation=(0.00 deg) Azimuth=(359.36 deg) SNR=(0.0 dB) Rangeresiduals=(0) Status=("0")

3  : pgn=129540 line=Tx 10354686 19 fa 04 03 44 10 17 13 c2 b8 54 0b
source=3: pgn=GNSS Sats in View(129540): values=RangeResidualMode=("0") SatsinView=(23) PRN=(19) Elevation=(-104.50 deg) Azimuth=(16.62 deg) SNR=(0.0 dB) Rangeresiduals=(0) Status=("0")

3  : pgn=129540 line=Tx 10354686 19 fa 04 03 45 00 00 00 00 f5 12 c5
source=3: pgn=GNSS Sats in View(129540): values=RangeResidualMode=("0") SatsinView=(0) PRN=(0) Elevation=(-16.13 deg) Azimuth=(289.06 deg) SNR=(0.0 dB) Rangeresiduals=(0) Status=("0")

3  : pgn=129540 line=Tx 10354686 19 fa 04 03 46 31 f2 93 3c 0f 00 00
source=3: pgn=GNSS Sats in View(129540): values=RangeResidualMode=("1") SatsinView=(242) PRN=(147) Elevation=(22.35 deg) Azimuth=(0.00 deg) SNR=(0.0 dB) Rangeresiduals=(0) Status=("0")

3  : pgn=129540 line=Tx 10354686 19 fa 04 03 47 00 00 f5 13 69 03 1f
source=3: pgn=GNSS Sats in View(129540): values=RangeResidualMode=("0") SatsinView=(0) PRN=(245) Elevation=(154.12 deg) Azimuth=(45.49 deg) SNR=(0.0 dB) Rangeresiduals=(0) Status=("0")

3  : pgn=129540 line=Tx 10354686 19 fa 04 03 48 d8 d8 0e 00 00 00 00
source=3: pgn=GNSS Sats in View(129540): values=RangeResidualMode=("0") SatsinView=(216) PRN=(14) Elevation=(0.00 deg) Azimuth=(0.00 deg) SNR=(0.0 dB) Rangeresiduals=(0) Status=("0")

3  : pgn=129540 line=Tx 10354686 19 fa 04 03 49 f5 15 e8 37 68 21 48
source=3: pgn=GNSS Sats in View(129540): values=RangeResidualMode=("1") SatsinView=(21) PRN=(232) Elevation=(152.86 deg) Azimuth=(105.80 deg) SNR=(0.0 dB) Rangeresiduals=(0) Status=("0")

3  : pgn=129540 line=Tx 10354686 19 fa 04 03 4a 0d 00 00 00 00 f5 16
source=3: pgn=GNSS Sats in View(129540): values=RangeResidualMode=("1") SatsinView=(0) PRN=(0) Elevation=(0.00 deg) Azimuth=(33.67 deg) SNR=(0.0 dB) Rangeresiduals=(0) Status=("0")

0  : pgn=65359  line=Rx 10354686 1c ff 4f 00 3b 9f ff ff ff 0f 41 ff
source=0: pgn=Seatalk: Pilot Heading(65359): values=ManufacturerCode=(1851) IndustryCode=(4) HeadingTrue=(None) HeadingMagnetic=(95.43 deg)

3  : pgn=129540 line=Tx 10354687 19 fa 04 03 4b 80 16 cf 9c e4 0c 00
source=3: pgn=GNSS Sats in View(129540): values=RangeResidualMode=("0") SatsinView=(22) PRN=(207) Elevation=(-40.18 deg) Azimuth=(0.07 deg) SNR=(0.0 dB) Rangeresiduals=(0) Status=("0")

3  : pgn=129540 line=Tx 10354688 19 fa 04 03 4c 00 00 00 f5 1a ae 0f
source=3: pgn=GNSS Sats in View(129540): values=RangeResidualMode=("0") SatsinView=(0) PRN=(0) Elevation=(39.54 deg) Azimuth=(23.00 deg) SNR=(0.0 dB) Rangeresiduals=(0) Status=("0")

32 : pgn=65368  line=Rx 10354689 1c ff 58 20 3b 9f 35 56 71 ff ff ff
3  : pgn=129540 line=Tx 10354689 19 fa 04 03 4d 5d 1f 1c 0c 00 00 00
source=3: pgn=GNSS Sats in View(129540): values=RangeResidualMode=("1") SatsinView=(31) PRN=(28) Elevation=(0.07 deg) Azimuth=(0.00 deg) SNR=(0.0 dB) Rangeresiduals=(0) Status=("0")

3  : pgn=129540 line=Tx 10354690 19 fa 04 03 4e 00 f5 1b d1 15 ab d2
source=3: pgn=GNSS Sats in View(129540): values=RangeResidualMode=("0") SatsinView=(245) PRN=(27) Elevation=(32.00 deg) Azimuth=(309.00 deg) SNR=(0.0 dB) Rangeresiduals=(0) Status=("0")

3  : pgn=129540 line=Tx 10354691 19 fa 04 03 4f a0 0f 00 00 00 00 f5
source=3: pgn=GNSS Sats in View(129540): values=RangeResidualMode=("0") SatsinView=(15) PRN=(0) Elevation=(0.00 deg) Azimuth=(359.36 deg) SNR=(0.0 dB) Rangeresiduals=(0) Status=("0")

3  : pgn=129540 line=Tx 10354691 19 fa 04 03 50 1d 51 0e a1 67 e4 0c
source=3: pgn=GNSS Sats in View(129540): values=RangeResidualMode=("1") SatsinView=(81) PRN=(14) Elevation=(152.00 deg) Azimuth=(18.91 deg) SNR=(0.0 dB) Rangeresiduals=(0) Status=("0")

3  : pgn=129540 line=Tx 10354692 19 fa 04 03 51 00 00 00 00 f5 23 d1
source=3: pgn=GNSS Sats in View(129540): values=RangeResidualMode=("0") SatsinView=(0) PRN=(0) Elevation=(-16.13 deg) Azimuth=(306.76 deg) SNR=(0.0 dB) Rangeresiduals=(0) Status=("0")

3  : pgn=129540 line=Tx 10354694 19 fa 04 03 52 15 c3 8b 00 00 00 00
source=3: pgn=GNSS Sats in View(129540): values=RangeResidualMode=("1") SatsinView=(195) PRN=(139) Elevation=(0.00 deg) Azimuth=(0.00 deg) SNR=(0.0 dB) Rangeresiduals=(0) Status=("0")

3  : pgn=129540 line=Tx 10354695 19 fa 04 03 53 00 00 f3 30 2e 17 43
source=3: pgn=GNSS Sats in View(129540): values=RangeResidualMode=("0") SatsinView=(0) PRN=(243) Elevation=(67.75 deg) Azimuth=(98.41 deg) SNR=(0.0 dB) Rangeresiduals=(0) Status=("0")

3  : pgn=129540 line=Tx 10354695 19 fa 04 03 54 84 a0 0f 00 00 00 00
source=3: pgn=GNSS Sats in View(129540): values=RangeResidualMode=("0") SatsinView=(160) PRN=(15) Elevation=(0.00 deg) Azimuth=(0.00 deg) SNR=(0.0 dB) Rangeresiduals=(0) Status=("0")

0  : pgn=126975 line=Rx 10354695 1d ef ff 00 40 09 3b 9f f0 81 ae 02
3  : pgn=129540 line=Tx 10354696 19 fa 04 03 55 f5 33 80 16 67 6c 74
source=3: pgn=GNSS Sats in View(129540): values=RangeResidualMode=("1") SatsinView=(51) PRN=(128) Elevation=(151.20 deg) Azimuth=(170.76 deg) SNR=(0.0 dB) Rangeresiduals=(0) Status=("0")

3  : pgn=129540 line=Tx 10354697 19 fa 04 03 56 0e 00 00 00 00 f5 ff
source=3: pgn=GNSS Sats in View(129540): values=RangeResidualMode=("0") SatsinView=(0) PRN=(0) Elevation=(0.00 deg) Azimuth=(375.43 deg) SNR=(0.0 dB) Rangeresiduals=(0) Status=("0")

0  : pgn=126975 line=Rx 10354697 1d ef ff 00 41 00 08 00 ff ff ff ff
3  : pgn=129025 line=Tx 10354698 09 f8 01 03 34 62 6f 1c 60 c3 fd b6
source=3: pgn=Position, Rapid Update(129025): values=Latitude=(47.706168399999996 deg) Longitude=(-122.48833599999999 deg)

3  : pgn=127258 line=Tx 10354699 19 f1 1a 03 ff f6 12 39 fa 0a ff ff
source=3: pgn=Magnetic Variation(127258): values=Source=("6") Ageofservice=(14610 d) Variation=(16.10 deg)

32 : pgn=128259 line=Rx 10354731 09 f5 03 20 3a 2a 01 ff ff ff ff ff
source=32: pgn=Speed(128259): values=SpeedWaterReferenced=(2.98 m/s) SpeedGroundReferenced=(None) SpeedWaterReferencedType=(None) SpeedDirection=(None)

1  : pgn=129041 line=Rx 10354742 11 f8 11 01 80 30 55 75 89 3a 3b 6d
1  : pgn=129041 line=Rx 10354742 11 f8 11 01 81 8b 0a b7 5b f8 47 1c
1  : pgn=129041 line=Rx 10354743 11 f8 11 01 82 f4 00 00 00 00 00 00
1  : pgn=129041 line=Rx 10354743 11 f8 11 01 83 ff ff 12 ee ff e1 16
1  : pgn=129041 line=Rx 10354744 11 f8 11 01 84 01 50 53 20 54 53 4c
1  : pgn=129041 line=Rx 10354744 11 f8 11 01 85 20 4c 42 20 54 41 20
1  : pgn=129041 line=Rx 10354745 11 f8 11 01 86 20 20 20 20 20 20 20
1  : pgn=129793 line=Rx 10354747 1d fb 01 01 e0 1a c4 e3 ff 37 00 11
1  : pgn=129793 line=Rx 10354747 1d fb 01 01 e1 74 d0 b6 ee 62 57 1c
1  : pgn=129793 line=Rx 10354747 1d fb 01 01 e2 ff 80 66 15 2c 00 00
1  : pgn=129793 line=Rx 10354747 1d fb 01 01 e3 00 06 40 ff 00 fc ff
0  : pgn=127250 line=Rx 10354776 09 f1 12 00 ff 12 41 ff 7f ff 7f fd
source=0: pgn=Vessel Heading(127250): values=Heading=(95.44 deg) Deviation=(None) Variation=(None) Reference=("1")

0  : pgn=127245 line=Rx 10354777 09 f1 0d 00 00 f8 ff 7f 00 00 ff ff
source=0: pgn=Rudder(127245): values=Instance=(0) DirectionOrder=("0") AngleOrder=(None) Position=(0.00 deg)

0  : pgn=65359  line=Rx 10354783 1c ff 4f 00 3b 9f ff ff ff 12 41 ff
source=0: pgn=Seatalk: Pilot Heading(65359): values=ManufacturerCode=(1851) IndustryCode=(4) HeadingTrue=(None) HeadingMagnetic=(95.44 deg)

3  : pgn=129026 line=Tx 10354786 09 f8 02 03 ff fc ca 47 53 01 ff ff
source=3: pgn=COG & SOG, Rapid Update(129026): values=COGReference=("0") COG=(105.30 deg) SOG=(3.39 m/s)

3  : pgn=129025 line=Tx 10354786 09 f8 01 03 13 62 6f 1c ff c3 fd b6
source=3: pgn=Position, Rapid Update(129025): values=Latitude=(47.7061651 deg) Longitude=(-122.4883201 deg)

32 : pgn=128259 line=Rx 10354830 09 f5 03 20 3b 33 01 ff ff ff ff ff
source=32: pgn=Speed(128259): values=SpeedWaterReferenced=(3.0700000000000003 m/s) SpeedGroundReferenced=(None) SpeedWaterReferencedType=(None) SpeedDirection=(None)

1  : pgn=129793 line=Rx 10354835 1d fb 01 01 00 1a c4 e3 ff 37 00 11
1  : pgn=129793 line=Rx 10354836 1d fb 01 01 01 74 d0 b6 ee 62 57 1c
1  : pgn=129793 line=Rx 10354837 1d fb 01 01 02 ff 80 66 15 2c 00 00
source=1: pgn=AIS UTC and Date Report(129793): values=MessageID=(2) RepeatIndicator=("0") UserID=(359039231) Longitude=(0.0 deg) Latitude=(0.0 deg) PositionAccuracy=("0") RAIM=("0") PositionTime=(0.0 s) CommunicationState=(0) AISTransceiverinformation=("0") PositionDate=(0 d) GNSStype=("0") Spare=(0)

1  : pgn=129793 line=Rx 10354837 1d fb 01 01 03 08 06 40 ff 00 fc ff
source=1: pgn=AIS UTC and Date Report(129793): values=MessageID=(3) RepeatIndicator=("0") UserID=(4282385928) Longitude=(0.0 deg) Latitude=(0.0 deg) PositionAccuracy=("0") RAIM=("0") PositionTime=(0.0 s) CommunicationState=(0) AISTransceiverinformation=("0") PositionDate=(0 d) GNSStype=("0") Spare=(0)

1  : pgn=129038 line=Rx 10354866 11 f8 0e 01 a0 1b c1 b0 2c e0 15 38
1  : pgn=129038 line=Rx 10354866 11 f8 0e 01 a1 06 0f b7 a7 4a 5e 1c
1  : pgn=129038 line=Rx 10354867 11 f8 0e 01 a2 a0 be 69 d4 01 00 00
1  : pgn=129038 line=Rx 10354867 11 f8 0e 01 a3 00 ff ff ff 7f f5 fe
0  : pgn=127250 line=Rx 10354876 09 f1 12 00 ff 1b 41 ff 7f ff 7f fd
source=0: pgn=Vessel Heading(127250): values=Heading=(95.49 deg) Deviation=(None) Variation=(None) Reference=("1")

0  : pgn=127245 line=Rx 10354877 09 f1 0d 00 00 f8 ff 7f 00 00 ff ff
source=0: pgn=Rudder(127245): values=Instance=(0) DirectionOrder=("0") AngleOrder=(None) Position=(0.00 deg)

0  : pgn=65359  line=Rx 10354884 1c ff 4f 00 3b 9f ff ff ff 1b 41 ff
source=0: pgn=Seatalk: Pilot Heading(65359): values=ManufacturerCode=(1851) IndustryCode=(4) HeadingTrue=(None) HeadingMagnetic=(95.49 deg)

3  : pgn=129029 line=Tx 10354887 0d f8 05 03 00 2b a1 06 40 3c 91 15
source=3: pgn=GNSS Position Data(129029): values=Date=(41259 d) Time=(243664.48700000002 s) Latitude=(0.0 deg) Longitude=(0.0 deg) Altitude=(0.0 m) GNSStype=("0") Method=("0") Integrity=("0") NumberofSVs=(0) HDOP=(0.0) PDOP=(0.0) GeoidalSeparation=(0.0 m) ReferenceStations=(0) ReferenceStationType=("0") ReferenceStationID=(0) AgeofDGNSSCorrections=(0.0 s)

3  : pgn=129029 line=Tx 10354887 0d f8 05 03 01 2c 00 fe d0 43 0b dd
source=3: pgn=GNSS Position Data(129029): values=Date=(44 d) Time=(18899.379 s) Latitude=(0.0 deg) Longitude=(0.0 deg) Altitude=(0.0 m) GNSStype=("0") Method=("0") Integrity=("0") NumberofSVs=(0) HDOP=(0.0) PDOP=(0.0) GeoidalSeparation=(0.0 m) ReferenceStations=(0) ReferenceStationType=("0") ReferenceStationID=(0) AgeofDGNSSCorrections=(0.0 s)

3  : pgn=129029 line=Tx 10354887 0d f8 05 03 02 9e 06 00 36 0d e9 37
source=3: pgn=GNSS Position Data(129029): values=Date=(1694 d) Time=(390995.712 s) Latitude=(0.0 deg) Longitude=(0.0 deg) Altitude=(0.0 m) GNSStype=("0") Method=("0") Integrity=("0") NumberofSVs=(0) HDOP=(0.0) PDOP=(0.0) GeoidalSeparation=(0.0 m) ReferenceStations=(0) ReferenceStationType=("0") ReferenceStationID=(0) AgeofDGNSSCorrections=(0.0 s)

3  : pgn=129029 line=Tx 10354887 0d f8 05 03 03 57 00 ef ff ff ff ff
source=3: pgn=GNSS Position Data(129029): values=Date=(87 d) Time=(429496.7279 s) Latitude=(0.0 deg) Longitude=(0.0 deg) Altitude=(0.0 m) GNSStype=("0") Method=("0") Integrity=("0") NumberofSVs=(0) HDOP=(0.0) PDOP=(0.0) GeoidalSeparation=(0.0 m) ReferenceStations=(0) ReferenceStationType=("0") ReferenceStationID=(0) AgeofDGNSSCorrections=(0.0 s)

3  : pgn=129029 line=Tx 10354887 0d f8 05 03 04 ff ff ff 7f 23 fc 09
source=3: pgn=GNSS Position Data(129029): values=Date=(None) Time=(423018.49590000004 s) Latitude=(0.0 deg) Longitude=(0.0 deg) Altitude=(0.0 m) GNSStype=("0") Method=("0") Integrity=("0") NumberofSVs=(0) HDOP=(0.0) PDOP=(0.0) GeoidalSeparation=(0.0 m) ReferenceStations=(0) ReferenceStationType=("0") ReferenceStationID=(0) AgeofDGNSSCorrections=(0.0 s)

3  : pgn=129029 line=Tx 10354887 0d f8 05 03 05 55 00 ff 7f ff ff ff
source=3: pgn=GNSS Position Data(129029): values=Date=(85 d) Time=(429493.4527 s) Latitude=(0.0 deg) Longitude=(0.0 deg) Altitude=(0.0 m) GNSStype=("0") Method=("0") Integrity=("0") NumberofSVs=(0) HDOP=(0.0) PDOP=(0.0) GeoidalSeparation=(0.0 m) ReferenceStations=(0) ReferenceStationType=("0") ReferenceStationID=(0) AgeofDGNSSCorrections=(0.0 s)

3  : pgn=129029 line=Tx 10354887 0d f8 05 03 06 7f 00 ff ff ff ff ff
source=3: pgn=GNSS Position Data(129029): values=Date=(127 d) Time=(None) Latitude=(0.0 deg) Longitude=(0.0 deg) Altitude=(0.0 m) GNSStype=("0") Method=("0") Integrity=("0") NumberofSVs=(0) HDOP=(0.0) PDOP=(0.0) GeoidalSeparation=(0.0 m) ReferenceStations=(0) ReferenceStationType=("0") ReferenceStationID=(0) AgeofDGNSSCorrections=(0.0 s)

3  : pgn=129025 line=Tx 10354887 09 f8 01 03 13 62 6f 1c ff c3 fd b6
source=3: pgn=Position, Rapid Update(129025): values=Latitude=(47.7061651 deg) Longitude=(-122.4883201 deg)

3  : pgn=129033 line=Tx 10354887 0d f8 09 03 06 40 3c 91 15 2c 5c fe
source=3: pgn=Time & Date(129033): values=Date=(16390 d) Time=(73961.094 s) LocalOffset=(-25200.0 s)

1  : pgn=129793 line=Rx 10354899 1d fb 01 01 20 1a c4 cb fe 37 00 16
1  : pgn=129793 line=Rx 10354899 1d fb 01 01 21 3a 14 b7 e8 76 5d 1c
1  : pgn=129793 line=Rx 10354900 1d fb 01 01 22 ff 90 8d 15 2c 00 00
1  : pgn=129793 line=Rx 10354901 1d fb 01 01 23 00 06 40 ff 00 fc ff
1  : pgn=129793 line=Rx 10354902 1d fb 01 01 40 1a c4 c5 fe 37 00 fb
1  : pgn=129793 line=Rx 10354902 1d fb 01 01 41 aa f7 b6 f5 c1 8e 1c
1  : pgn=129793 line=Rx 10354902 1d fb 01 01 42 ff 90 8d 15 2c 00 00
1  : pgn=129793 line=Rx 10354903 1d fb 01 01 43 08 06 40 ff 00 fc ff
32 : pgn=128259 line=Rx 10354930 09 f5 03 20 3c 29 01 ff ff ff ff ff
source=32: pgn=Speed(128259): values=SpeedWaterReferenced=(2.97 m/s) SpeedGroundReferenced=(None) SpeedWaterReferencedType=(None) SpeedDirection=(None)

1  : pgn=129793 line=Rx 10354961 1d fb 01 01 60 1a c4 c8 fe 37 00 2f
1  : pgn=129793 line=Rx 10354961 1d fb 01 01 61 0b db b6 e0 6a 0a 1d
1  : pgn=129793 line=Rx 10354962 1d fb 01 01 62 ff 90 8d 15 2c 00 00
1  : pgn=129793 line=Rx 10354962 1d fb 01 01 63 00 06 40 ff 00 fc ff
0  : pgn=127250 line=Rx 10354976 09 f1 12 00 ff 20 41 ff 7f ff 7f fd
source=0: pgn=Vessel Heading(127250): values=Heading=(95.52 deg) Deviation=(None) Variation=(None) Reference=("1")

0  : pgn=127245 line=Rx 10354977 09 f1 0d 00 00 f8 ff 7f 00 00 ff ff
source=0: pgn=Rudder(127245): values=Instance=(0) DirectionOrder=("0") AngleOrder=(None) Position=(0.00 deg)

0  : pgn=65359  line=Rx 10354981 1c ff 4f 00 3b 9f ff ff ff 20 41 ff
source=0: pgn=Seatalk: Pilot Heading(65359): values=ManufacturerCode=(1851) IndustryCode=(4) HeadingTrue=(None) HeadingMagnetic=(95.52 deg)

3  : pgn=129026 line=Tx 10354987 09 f8 02 03 ff fc 96 47 55 01 ff ff
source=3: pgn=COG & SOG, Rapid Update(129026): values=COGReference=("0") COG=(105.00 deg) SOG=(3.41 m/s)

3  : pgn=129025 line=Tx 10354987 09 f8 01 03 02 62 6f 1c 4b c4 fd b6
source=3: pgn=Position, Rapid Update(129025): values=Latitude=(47.7061634 deg) Longitude=(-122.48831249999999 deg)

3  : pgn=126992 line=Tx 10354987 0d f0 10 03 ff ff 06 40 9a 97 15 2c
source=3: pgn=System Time(126992): values=Source=(None) Date=(16390 d) Time=(73961.257 s)

32 : pgn=128259 line=Rx 10355031 09 f5 03 20 3d 27 01 ff ff ff ff ff
source=32: pgn=Speed(128259): values=SpeedWaterReferenced=(2.95 m/s) SpeedGroundReferenced=(None) SpeedWaterReferencedType=(None) SpeedDirection=(None)

32 : pgn=130310 line=Rx 10355034 15 fd 06 20 e9 ff ff ff ff ff ff ff
source=32: pgn=Environmental Parameters (obsolete)(130310): values=WaterTemperature=(None) OutsideAmbientAirTemperature=(None) AtmosphericPressure=(None)

32 : pgn=128275 line=Rx 10355044 19 f5 13 20 60 0e ff ff ff ff ff ff
32 : pgn=128275 line=Rx 10355049 19 f5 13 20 61 44 ae 3c 00 44 ae 3c
32 : pgn=128275 line=Rx 10355054 19 f5 13 20 62 00 ff ff ff ff ff ff
4  : pgn=126975 line=Rx 10355063 1d ef ff 04 a0 07 3b 9f f0 81 90 00
4  : pgn=126975 line=Rx 10355064 1d ef ff 04 a1 03 ff ff ff ff ff ff
0  : pgn=127250 line=Rx 10355076 09 f1 12 00 ff 2e 41 ff 7f ff 7f fd
source=0: pgn=Vessel Heading(127250): values=Heading=(95.60 deg) Deviation=(None) Variation=(None) Reference=("1")

0  : pgn=127245 line=Rx 10355077 09 f1 0d 00 00 f8 ff 7f 00 00 ff ff
source=0: pgn=Rudder(127245): values=Instance=(0) DirectionOrder=("0") AngleOrder=(None) Position=(0.00 deg)

0  : pgn=65359  line=Rx 10355083 1c ff 4f 00 3b 9f ff ff ff 2e 41 ff
source=0: pgn=Seatalk: Pilot Heading(65359): values=ManufacturerCode=(1851) IndustryCode=(4) HeadingTrue=(None) HeadingMagnetic=(95.60 deg)

0  : pgn=126975 line=Rx 10355085 1d ef ff 00 60 08 3b 9f f0 81 9c d1
3  : pgn=129025 line=Tx 10355087 09 f8 01 03 02 62 6f 1c 4b c4 fd b6
source=3: pgn=Position, Rapid Update(129025): values=Latitude=(47.7061634 deg) Longitude=(-122.48831249999999 deg)

0  : pgn=126975 line=Rx 10355087 1d ef ff 00 61 02 00 ff ff ff ff ff
1  : pgn=59936  line=Rx 10355092 18 ea 20 01 00 ee 00 00 00 00 00 00
1  : pgn=129038 line=Rx 10355116 11 f8 0e 01 c0 1b c1 d0 8a f8 15 0e
1  : pgn=129038 line=Rx 10355116 11 f8 0e 01 c1 97 0c b7 c4 53 69 1c
1  : pgn=129038 line=Rx 10355117 11 f8 0e 01 c2 a4 c5 07 00 00 00 00
1  : pgn=129038 line=Rx 10355117 11 f8 0e 01 c3 00 ff ff ff 7f f0 fe
1  : pgn=129038 line=Rx 10355118 11 f8 0e 01 e0 1b c3 de c5 e6 15 24
1  : pgn=129038 line=Rx 10355118 11 f8 0e 01 e1 12 0e b7 ea 2d 68 1c
1  : pgn=129038 line=Rx 10355119 11 f8 0e 01 e2 9e aa f0 00 00 00 00
1  : pgn=129038 line=Rx 10355120 11 f8 0e 01 e3 00 ff ff ff 7f f5 fe
32 : pgn=128259 line=Rx 10355129 09 f5 03 20 3e 27 01 ff ff ff ff ff
0  : pgn=127250 line=Rx 10355176 09 f1 12 00 ff 4a 41 ff 7f ff 7f fd
source=0: pgn=Vessel Heading(127250): values=Heading=(95.76 deg) Deviation=(None) Variation=(None) Reference=("1")

0  : pgn=127245 line=Rx 10355177 09 f1 0d 00 00 f8 ff 7f 00 00 ff ff
source=0: pgn=Rudder(127245): values=Instance=(0) DirectionOrder=("0") AngleOrder=(None) Position=(0.00 deg)

0  : pgn=65359  line=Rx 10355181 1c ff 4f 00 3b 9f ff ff ff 4a 41 ff
source=0: pgn=Seatalk: Pilot Heading(65359): values=ManufacturerCode=(1851) IndustryCode=(4) HeadingTrue=(None) HeadingMagnetic=(95.76 deg)

3  : pgn=129026 line=Tx 10355187 09 f8 02 03 ff fc 96 47 55 01 ff ff
source=3: pgn=COG & SOG, Rapid Update(129026): values=COGReference=("0") COG=(105.00 deg) SOG=(3.41 m/s)

3  : pgn=129025 line=Tx 10355187 09 f8 01 03 02 62 6f 1c 4b c4 fd b6
source=3: pgn=Position, Rapid Update(129025): values=Latitude=(47.7061634 deg) Longitude=(-122.48831249999999 deg)

3  : pgn=129291 line=Tx 10355187 0d f9 0b 03 ff fc ce 2e 3b 00 ff ff
source=3: pgn=Set & Drift, Rapid Update(129291): values=SetReference=("0") Set=(68.65 deg) Drift=(0.59 m/s)

32 : pgn=128259 line=Rx 10355228 09 f5 03 20 3f 29 01 ff ff ff ff ff
source=32: pgn=Speed(128259): values=SpeedWaterReferenced=(2.97 m/s) SpeedGroundReferenced=(None) SpeedWaterReferencedType=(None) SpeedDirection=(None)

0  : pgn=127250 line=Rx 10355276 09 f1 12 00 ff 5a 41 ff 7f ff 7f fd
source=0: pgn=Vessel Heading(127250): values=Heading=(95.86 deg) Deviation=(None) Variation=(None) Reference=("1")

0  : pgn=127245 line=Rx 10355277 09 f1 0d 00 00 f8 ff 7f 00 00 ff ff
source=0: pgn=Rudder(127245): values=Instance=(0) DirectionOrder=("0") AngleOrder=(None) Position=(0.00 deg)

0  : pgn=65359  line=Rx 10355284 1c ff 4f 00 3b 9f ff ff ff 5a 41 ff
source=0: pgn=Seatalk: Pilot Heading(65359): values=ManufacturerCode=(1851) IndustryCode=(4) HeadingTrue=(None) HeadingMagnetic=(95.86 deg)

3  : pgn=129025 line=Tx 10355287 09 f8 01 03 f1 61 6f 1c 90 c4 fd b6
source=3: pgn=Position, Rapid Update(129025): values=Latitude=(47.706161699999996 deg) Longitude=(-122.48830559999999 deg)

1  : pgn=129038 line=Rx 10355299 11 f8 0e 01 00 1b c1 32 4f e6 15 90
1  : pgn=129038 line=Rx 10355299 11 f8 0e 01 01 0e 0e b7 61 d8 67 1c
1  : pgn=129038 line=Rx 10355300 11 f8 0e 01 02 aa fc b6 00 00 00 00
1  : pgn=129038 line=Rx 10355300 11 f8 0e 01 03 00 ff ff ff 7f f0 fe
source=1: pgn=AIS Class A Position Report(129038): values=MessageID=(3) RepeatIndicator=("0") UserID=(4294967040) Longitude=(0.0 deg) Latitude=(0.0 deg) PositionAccuracy=("0") RAIM=("0") TimeStamp=("0") COG=(0.00 deg) SOG=(0.0 m/s) CommunicationState=(0) AISTransceiverinformation=("0") Heading=(0.00 deg) RateofTurn=(0.00 deg/s) NavStatus=("0") SpecialManeuverIndicator=("0") Spare=(0) SequenceID=(0)

32 : pgn=128259 line=Rx 10355328 09 f5 03 20 40 2a 01 ff ff ff ff ff
source=32: pgn=Speed(128259): values=SpeedWaterReferenced=(2.98 m/s) SpeedGroundReferenced=(None) SpeedWaterReferencedType=(None) SpeedDirection=(None)

0  : pgn=127250 line=Rx 10355376 09 f1 12 00 ff 8b 41 ff 7f ff 7f fd
source=0: pgn=Vessel Heading(127250): values=Heading=(96.14 deg) Deviation=(None) Variation=(None) Reference=("1")

0  : pgn=127245 line=Rx 10355377 09 f1 0d 00 00 f8 ff 7f 00 00 ff ff
source=0: pgn=Rudder(127245): values=Instance=(0) DirectionOrder=("0") AngleOrder=(None) Position=(0.00 deg)

0  : pgn=65359  line=Rx 10355381 1c ff 4f 00 3b 9f ff ff ff 8b 41 ff
source=0: pgn=Seatalk: Pilot Heading(65359): values=ManufacturerCode=(1851) IndustryCode=(4) HeadingTrue=(None) HeadingMagnetic=(96.14 deg)

3  : pgn=129026 line=Tx 10355389 09 f8 02 03 ff fc 73 47 55 01 ff ff
source=3: pgn=COG & SOG, Rapid Update(129026): values=COGReference=("0") COG=(104.80 deg) SOG=(3.41 m/s)

3  : pgn=130577 line=Tx 10355389 0d fe 11 03 20 0e c0 a2 73 47 55 01
3  : pgn=130577 line=Tx 10355389 0d fe 11 03 21 ff ff ff ff ce 2e 3b
3  : pgn=130577 line=Tx 10355389 0d fe 11 03 22 00 ff ff ff ff ff ff
3  : pgn=129025 line=Tx 10355389 09 f8 01 03 f1 61 6f 1c 90 c4 fd b6
3  : pgn=130306 line=Tx 10355389 09 fd 02 03 ff 13 03 71 c8 fa ff ff
source=3: pgn=Wind Data(130306): values=WindSpeed=(7.87 m/s) WindAngle=(294.00 deg) Reference=("2")

4  : pgn=65384  line=Rx 10355402 1c ff 68 04 3b 9f 00 00 00 00 00 00
32 : pgn=128259 line=Rx 10355427 09 f5 03 20 41 2a 01 ff ff ff ff ff
source=32: pgn=Speed(128259): values=SpeedWaterReferenced=(2.98 m/s) SpeedGroundReferenced=(None) SpeedWaterReferencedType=(None) SpeedDirection=(None)

0  : pgn=127250 line=Rx 10355477 09 f1 12 00 ff a9 41 ff 7f ff 7f fd
source=0: pgn=Vessel Heading(127250): values=Heading=(96.31 deg) Deviation=(None) Variation=(None) Reference=("1")

0  : pgn=127245 line=Rx 10355478 09 f1 0d 00 00 f8 ff 7f 00 00 ff ff
source=0: pgn=Rudder(127245): values=Instance=(0) DirectionOrder=("0") AngleOrder=(None) Position=(0.00 deg)

0  : pgn=65359  line=Rx 10355484 1c ff 4f 00 3b 9f ff ff ff a9 41 ff
source=0: pgn=Seatalk: Pilot Heading(65359): values=ManufacturerCode=(1851) IndustryCode=(4) HeadingTrue=(None) HeadingMagnetic=(96.31 deg)

3  : pgn=129283 line=Tx 10355489 0d f9 03 03 ff 7f ff ff ff 7f ff ff
source=3: pgn=Cross Track Error(129283): values=XTEmode=(None) NavigationTerminated=("1") XTE=(None)

3  : pgn=129025 line=Tx 10355489 09 f8 01 03 f1 61 6f 1c 90 c4 fd b6
source=3: pgn=Position, Rapid Update(129025): values=Latitude=(47.706161699999996 deg) Longitude=(-122.48830559999999 deg)

3  : pgn=128267 line=Tx 10355489 0d f5 0b 03 ff ce 3d 00 00 00 00 ff
source=3: pgn=Water Depth(128267): values=Depth=(158.22 m) Offset=(0.0 m) Range=(None)

32 : pgn=128259 line=Rx 10355527 09 f5 03 20 42 29 01 ff ff ff ff ff
source=32: pgn=Speed(128259): values=SpeedWaterReferenced=(2.97 m/s) SpeedGroundReferenced=(None) SpeedWaterReferencedType=(None) SpeedDirection=(None)

0  : pgn=127250 line=Rx 10355576 09 f1 12 00 ff dd 41 ff 7f ff 7f fd
source=0: pgn=Vessel Heading(127250): values=Heading=(96.61 deg) Deviation=(None) Variation=(None) Reference=("1")

0  : pgn=127245 line=Rx 10355577 09 f1 0d 00 00 f8 ff 7f 00 00 ff ff
source=0: pgn=Rudder(127245): values=Instance=(0) DirectionOrder=("0") AngleOrder=(None) Position=(0.00 deg)

0  : pgn=65379  line=Rx 10355581 1c ff 63 00 3b 9f 00 00 00 00 01 ff
source=0: pgn=Seatalk: Pilot Mode(65379): values=ManufacturerCode=(1851) IndustryCode=(4) PilotMode=(0) SubMode=(0) PilotModeData=(0)

0  : pgn=65359  line=Rx 10355582 1c ff 4f 00 3b 9f ff ff ff dd 41 ff
source=0: pgn=Seatalk: Pilot Heading(65359): values=ManufacturerCode=(1851) IndustryCode=(4) HeadingTrue=(None) HeadingMagnetic=(96.61 deg)

0  : pgn=126975 line=Rx 10355585 1d ef ff 00 80 0d 3b 9f f0 81 84 56
0  : pgn=126975 line=Rx 10355587 1d ef ff 00 81 43 0d 00 00 00 02 05
3  : pgn=129026 line=Tx 10355589 09 f8 02 03 ff fc 62 47 56 01 ff ff
source=3: pgn=COG & SOG, Rapid Update(129026): values=COGReference=("0") COG=(104.70 deg) SOG=(3.42 m/s)

3  : pgn=129025 line=Tx 10355589 09 f8 01 03 cb 61 6f 1c 1e c5 fd b6
source=3: pgn=Position, Rapid Update(129025): values=Latitude=(47.7061579 deg) Longitude=(-122.4882914 deg)

3  : pgn=129542 line=Tx 10355589 19 fa 06 03 20 0f a2 3b 01 00 00 00
3  : pgn=129542 line=Tx 10355589 19 fa 06 03 21 00 00 00 00 00 00 00
3  : pgn=129542 line=Tx 10355589 19 fa 06 03 22 00 00 ff ff ff ff ff
3  : pgn=65364  line=Tx 10355589 1c ff 54 03 3b 9f ff 02 b7 c5 ff ff
32 : pgn=128259 line=Rx 10355627 09 f5 03 20 43 2b 01 ff ff ff ff ff
source=32: pgn=Speed(128259): values=SpeedWaterReferenced=(2.99 m/s) SpeedGroundReferenced=(None) SpeedWaterReferencedType=(None) SpeedDirection=(None)

1  : pgn=129038 line=Rx 10355666 11 f8 0e 01 20 1b c3 8c ac e8 15 e9
1  : pgn=129038 line=Rx 10355666 11 f8 0e 01 21 9d 0e b7 54 6f 68 1c
1  : pgn=129038 line=Rx 10355667 11 f8 0e 01 22 a9 9a 99 00 00 00 00
1  : pgn=129038 line=Rx 10355667 11 f8 0e 01 23 00 cd c9 00 00 f5 fe
0  : pgn=127250 line=Rx 10355676 09 f1 12 00 ff 1a 42 ff 7f ff 7f fd
source=0: pgn=Vessel Heading(127250): values=Heading=(96.96 deg) Deviation=(None) Variation=(None) Reference=("1")

0  : pgn=127245 line=Rx 10355677 09 f1 0d 00 00 f8 ff 7f 00 00 ff ff
source=0: pgn=Rudder(127245): values=Instance=(0) DirectionOrder=("0") AngleOrder=(None) Position=(0.00 deg)

0  : pgn=65359  line=Rx 10355684 1c ff 4f 00 3b 9f ff ff ff 1a 42 ff
source=0: pgn=Seatalk: Pilot Heading(65359): values=ManufacturerCode=(1851) IndustryCode=(4) HeadingTrue=(None) HeadingMagnetic=(96.96 deg)

0  : pgn=126975 line=Rx 10355687 1d ef ff 00 a0 09 3b 9f f0 81 ae 02
0  : pgn=126975 line=Rx 10355688 1d ef ff 00 a1 00 08 00 ff ff ff ff
3  : pgn=129540 line=Tx 10355689 19 fa 04 03 60 9f c4 ff 0d 03 97 1a
source=3: pgn=GNSS Sats in View(129540): values=RangeResidualMode=(None) SatsinView=(196) PRN=(None) Elevation=(4.47 deg) Azimuth=(39.00 deg) SNR=(0.0 dB) Rangeresiduals=(0) Status=("0")

3  : pgn=129540 line=Tx 10355689 19 fa 04 03 61 2e 26 00 00 00 00 00
source=3: pgn=GNSS Sats in View(129540): values=RangeResidualMode=("0") SatsinView=(38) PRN=(0) Elevation=(0.00 deg) Azimuth=(0.00 deg) SNR=(0.0 dB) Rangeresiduals=(0) Status=("0")

3  : pgn=129540 line=Tx 10355690 19 fa 04 03 62 00 f3 0f ff 1d ad 3c
source=3: pgn=GNSS Sats in View(129540): values=RangeResidualMode=("0") SatsinView=(243) PRN=(15) Elevation=(44.00 deg) Azimuth=(89.00 deg) SNR=(0.0 dB) Rangeresiduals=(0) Status=("0")

3  : pgn=129540 line=Tx 10355690 19 fa 04 03 63 e4 0c 00 00 00 00 f5
source=3: pgn=GNSS Sats in View(129540): values=RangeResidualMode=("0") SatsinView=(12) PRN=(0) Elevation=(0.00 deg) Azimuth=(359.36 deg) SNR=(0.0 dB) Rangeresiduals=(0) Status=("0")

3  : pgn=129540 line=Tx 10355690 19 fa 04 03 64 10 17 13 c2 b8 54 0b
source=3: pgn=GNSS Sats in View(129540): values=RangeResidualMode=("0") SatsinView=(23) PRN=(19) Elevation=(-104.50 deg) Azimuth=(16.62 deg) SNR=(0.0 dB) Rangeresiduals=(0) Status=("0")

3  : pgn=129540 line=Tx 10355690 19 fa 04 03 65 00 00 00 00 f5 12 c5
source=3: pgn=GNSS Sats in View(129540): values=RangeResidualMode=("0") SatsinView=(0) PRN=(0) Elevation=(-16.13 deg) Azimuth=(289.06 deg) SNR=(0.0 dB) Rangeresiduals=(0) Status=("0")

3  : pgn=129540 line=Tx 10355690 19 fa 04 03 66 31 f2 93 3c 0f 00 00
source=3: pgn=GNSS Sats in View(129540): values=RangeResidualMode=("1") SatsinView=(242) PRN=(147) Elevation=(22.35 deg) Azimuth=(0.00 deg) SNR=(0.0 dB) Rangeresiduals=(0) Status=("0")

3  : pgn=129540 line=Tx 10355690 19 fa 04 03 67 00 00 f5 13 69 03 1f
source=3: pgn=GNSS Sats in View(129540): values=RangeResidualMode=("0") SatsinView=(0) PRN=(245) Elevation=(154.12 deg) Azimuth=(45.49 deg) SNR=(0.0 dB) Rangeresiduals=(0) Status=("0")

3  : pgn=129540 line=Tx 10355690 19 fa 04 03 68 d8 d8 0e 00 00 00 00
source=3: pgn=GNSS Sats in View(129540): values=RangeResidualMode=("0") SatsinView=(216) PRN=(14) Elevation=(0.00 deg) Azimuth=(0.00 deg) SNR=(0.0 dB) Rangeresiduals=(0) Status=("0")

3  : pgn=129540 line=Tx 10355690 19 fa 04 03 69 f5 15 e8 37 68 21 48
source=3: pgn=GNSS Sats in View(129540): values=RangeResidualMode=("1") SatsinView=(21) PRN=(232) Elevation=(152.86 deg) Azimuth=(105.80 deg) SNR=(0.0 dB) Rangeresiduals=(0) Status=("0")

3  : pgn=129540 line=Tx 10355690 19 fa 04 03 6a 0d 00 00 00 00 f5 16
source=3: pgn=GNSS Sats in View(129540): values=RangeResidualMode=("1") SatsinView=(0) PRN=(0) Elevation=(0.00 deg) Azimuth=(33.67 deg) SNR=(0.0 dB) Rangeresiduals=(0) Status=("0")

3  : pgn=129540 line=Tx 10355691 19 fa 04 03 6b 80 16 cf 9c e4 0c 00
source=3: pgn=GNSS Sats in View(129540): values=RangeResidualMode=("0") SatsinView=(22) PRN=(207) Elevation=(-40.18 deg) Azimuth=(0.07 deg) SNR=(0.0 dB) Rangeresiduals=(0) Status=("0")

3  : pgn=129540 line=Tx 10355692 19 fa 04 03 6c 00 00 00 f5 1a ae 0f
source=3: pgn=GNSS Sats in View(129540): values=RangeResidualMode=("0") SatsinView=(0) PRN=(0) Elevation=(39.54 deg) Azimuth=(23.00 deg) SNR=(0.0 dB) Rangeresiduals=(0) Status=("0")

3  : pgn=129540 line=Tx 10355693 19 fa 04 03 6d 5d 1f 1c 0c 00 00 00
source=3: pgn=GNSS Sats in View(129540): values=RangeResidualMode=("1") SatsinView=(31) PRN=(28) Elevation=(0.07 deg) Azimuth=(0.00 deg) SNR=(0.0 dB) Rangeresiduals=(0) Status=("0")

3  : pgn=129540 line=Tx 10355693 19 fa 04 03 6e 00 f5 1b d1 15 ab d2
source=3: pgn=GNSS Sats in View(129540): values=RangeResidualMode=("0") SatsinView=(245) PRN=(27) Elevation=(32.00 deg) Azimuth=(309.00 deg) SNR=(0.0 dB) Rangeresiduals=(0) Status=("0")

3  : pgn=129540 line=Tx 10355694 19 fa 04 03 6f a0 0f 00 00 00 00 f5
source=3: pgn=GNSS Sats in View(129540): values=RangeResidualMode=("0") SatsinView=(15) PRN=(0) Elevation=(0.00 deg) Azimuth=(359.36 deg) SNR=(0.0 dB) Rangeresiduals=(0) Status=("0")

3  : pgn=129540 line=Tx 10355695 19 fa 04 03 70 1d 51 0e a1 67 e4 0c
source=3: pgn=GNSS Sats in View(129540): values=RangeResidualMode=("1") SatsinView=(81) PRN=(14) Elevation=(152.00 deg) Azimuth=(18.91 deg) SNR=(0.0 dB) Rangeresiduals=(0) Status=("0")

3  : pgn=129540 line=Tx 10355695 19 fa 04 03 71 00 00 00 00 f5 23 d1
source=3: pgn=GNSS Sats in View(129540): values=RangeResidualMode=("0") SatsinView=(0) PRN=(0) Elevation=(-16.13 deg) Azimuth=(306.76 deg) SNR=(0.0 dB) Rangeresiduals=(0) Status=("0")

3  : pgn=129540 line=Tx 10355696 19 fa 04 03 72 15 c3 8b 00 00 00 00
source=3: pgn=GNSS Sats in View(129540): values=RangeResidualMode=("1") SatsinView=(195) PRN=(139) Elevation=(0.00 deg) Azimuth=(0.00 deg) SNR=(0.0 dB) Rangeresiduals=(0) Status=("0")

3  : pgn=129540 line=Tx 10355697 19 fa 04 03 73 00 00 f3 30 2e 17 43
source=3: pgn=GNSS Sats in View(129540): values=RangeResidualMode=("0") SatsinView=(0) PRN=(243) Elevation=(67.75 deg) Azimuth=(98.41 deg) SNR=(0.0 dB) Rangeresiduals=(0) Status=("0")

3  : pgn=129540 line=Tx 10355698 19 fa 04 03 74 84 a0 0f 00 00 00 00
source=3: pgn=GNSS Sats in View(129540): values=RangeResidualMode=("0") SatsinView=(160) PRN=(15) Elevation=(0.00 deg) Azimuth=(0.00 deg) SNR=(0.0 dB) Rangeresiduals=(0) Status=("0")

3  : pgn=129540 line=Tx 10355698 19 fa 04 03 75 f5 33 80 16 67 6c 74
source=3: pgn=GNSS Sats in View(129540): values=RangeResidualMode=("1") SatsinView=(51) PRN=(128) Elevation=(151.20 deg) Azimuth=(170.76 deg) SNR=(0.0 dB) Rangeresiduals=(0) Status=("0")

3  : pgn=129540 line=Tx 10355699 19 fa 04 03 76 0e 00 00 00 00 f5 ff
source=3: pgn=GNSS Sats in View(129540): values=RangeResidualMode=("0") SatsinView=(0) PRN=(0) Elevation=(0.00 deg) Azimuth=(375.43 deg) SNR=(0.0 dB) Rangeresiduals=(0) Status=("0")

3  : pgn=129025 line=Tx 10355701 09 f8 01 03 cb 61 6f 1c 1e c5 fd b6
source=3: pgn=Position, Rapid Update(129025): values=Latitude=(47.7061579 deg) Longitude=(-122.4882914 deg)

3  : pgn=127258 line=Tx 10355701 19 f1 1a 03 ff f6 12 39 fa 0a ff ff
source=3: pgn=Magnetic Variation(127258): values=Source=("6") Ageofservice=(14610 d) Variation=(16.10 deg)

32 : pgn=128259 line=Rx 10355726 09 f5 03 20 44 29 01 ff ff ff ff ff
source=32: pgn=Speed(128259): values=SpeedWaterReferenced=(2.97 m/s) SpeedGroundReferenced=(None) SpeedWaterReferencedType=(None) SpeedDirection=(None)

0  : pgn=127250 line=Rx 10355776 09 f1 12 00 ff 38 42 ff 7f ff 7f fd
source=0: pgn=Vessel Heading(127250): values=Heading=(97.13 deg) Deviation=(None) Variation=(None) Reference=("1")

0  : pgn=127245 line=Rx 10355777 09 f1 0d 00 00 f8 ff 7f 00 00 ff ff
source=0: pgn=Rudder(127245): values=Instance=(0) DirectionOrder=("0") AngleOrder=(None) Position=(0.00 deg)

0  : pgn=65359  line=Rx 10355783 1c ff 4f 00 3b 9f ff ff ff 38 42 ff
source=0: pgn=Seatalk: Pilot Heading(65359): values=ManufacturerCode=(1851) IndustryCode=(4) HeadingTrue=(None) HeadingMagnetic=(97.13 deg)

3  : pgn=129026 line=Tx 10355790 09 f8 02 03 ff fc 62 47 57 01 ff ff
source=3: pgn=COG & SOG, Rapid Update(129026): values=COGReference=("0") COG=(104.70 deg) SOG=(3.43 m/s)

3  : pgn=129025 line=Tx 10355790 09 f8 01 03 bc 61 6f 1c 74 c5 fd b6
source=3: pgn=Position, Rapid Update(129025): values=Latitude=(47.7061564 deg) Longitude=(-122.4882828 deg)

32 : pgn=128259 line=Rx 10355825 09 f5 03 20 45 26 01 ff ff ff ff ff
source=32: pgn=Speed(128259): values=SpeedWaterReferenced=(2.94 m/s) SpeedGroundReferenced=(None) SpeedWaterReferencedType=(None) SpeedDirection=(None)

0  : pgn=127250 line=Rx 10355876 09 f1 12 00 ff 74 42 ff 7f ff 7f fd
source=0: pgn=Vessel Heading(127250): values=Heading=(97.47 deg) Deviation=(None) Variation=(None) Reference=("1")

0  : pgn=127245 line=Rx 10355876 09 f1 0d 00 00 f8 ff 7f 00 00 ff ff
source=0: pgn=Rudder(127245): values=Instance=(0) DirectionOrder=("0") AngleOrder=(None) Position=(0.00 deg)

0  : pgn=65359  line=Rx 10355883 1c ff 4f 00 3b 9f ff ff ff 74 42 ff
source=0: pgn=Seatalk: Pilot Heading(65359): values=ManufacturerCode=(1851) IndustryCode=(4) HeadingTrue=(None) HeadingMagnetic=(97.47 deg)

3  : pgn=129029 line=Tx 10355891 0d f8 05 03 20 2b a2 06 40 6e be 15
3  : pgn=129029 line=Tx 10355891 0d f8 05 03 21 2c 00 58 36 02 f7 dc
3  : pgn=129029 line=Tx 10355891 0d f8 05 03 22 9e 06 00 88 95 c1 8e
3  : pgn=129029 line=Tx 10355891 0d f8 05 03 23 57 00 ef ff ff ff ff
3  : pgn=129029 line=Tx 10355891 0d f8 05 03 24 ff ff ff 7f 23 fc 09
3  : pgn=129029 line=Tx 10355891 0d f8 05 03 25 55 00 ff 7f ff ff ff
3  : pgn=129029 line=Tx 10355891 0d f8 05 03 26 7f 00 ff ff ff ff ff
3  : pgn=129025 line=Tx 10355891 09 f8 01 03 bc 61 6f 1c 74 c5 fd b6
source=3: pgn=Position, Rapid Update(129025): values=Latitude=(47.7061564 deg) Longitude=(-122.4882828 deg)

3  : pgn=129033 line=Tx 10355891 0d f8 09 03 06 40 6e be 15 2c 5c fe
source=3: pgn=Time & Date(129033): values=Date=(16390 d) Time=(73962.251 s) LocalOffset=(-25200.0 s)

32 : pgn=128259 line=Rx 10355925 09 f5 03 20 46 27 01 ff ff ff ff ff
source=32: pgn=Speed(128259): values=SpeedWaterReferenced=(2.95 m/s) SpeedGroundReferenced=(None) SpeedWaterReferencedType=(None) SpeedDirection=(None)

0  : pgn=127250 line=Rx 10355978 09 f1 12 00 ff a0 42 ff 7f ff 7f fd
source=0: pgn=Vessel Heading(127250): values=Heading=(97.72 deg) Deviation=(None) Variation=(None) Reference=("1")

0  : pgn=127245 line=Rx 10355979 09 f1 0d 00 00 f8 ff 7f 00 00 ff ff
source=0: pgn=Rudder(127245): values=Instance=(0) DirectionOrder=("0") AngleOrder=(None) Position=(0.00 deg)

0  : pgn=65359  line=Rx 10355983 1c ff 4f 00 3b 9f ff ff ff a0 42 ff
source=0: pgn=Seatalk: Pilot Heading(65359): values=ManufacturerCode=(1851) IndustryCode=(4) HeadingTrue=(None) HeadingMagnetic=(97.72 deg)

3  : pgn=129026 line=Tx 10355991 09 f8 02 03 ff fc 62 47 57 01 ff ff
source=3: pgn=COG & SOG, Rapid Update(129026): values=COGReference=("0") COG=(104.70 deg) SOG=(3.43 m/s)

3  : pgn=129025 line=Tx 10355991 09 f8 01 03 bc 61 6f 1c 74 c5 fd b6
source=3: pgn=Position, Rapid Update(129025): values=Latitude=(47.7061564 deg) Longitude=(-122.4882828 deg)

3  : pgn=126992 line=Tx 10355991 0d f0 10 03 ff ff 06 40 6e be 15 2c
source=3: pgn=System Time(126992): values=Source=(None) Date=(16390 d) Time=(73962.251 s)

32 : pgn=128259 line=Rx 10356027 09 f5 03 20 47 29 01 ff ff ff ff ff
source=32: pgn=Speed(128259): values=SpeedWaterReferenced=(2.97 m/s) SpeedGroundReferenced=(None) SpeedWaterReferencedType=(None) SpeedDirection=(None)

32 : pgn=130310 line=Rx 10356030 15 fd 06 20 ea ff ff ff ff ff ff ff
source=32: pgn=Environmental Parameters (obsolete)(130310): values=WaterTemperature=(None) OutsideAmbientAirTemperature=(None) AtmosphericPressure=(None)

32 : pgn=128275 line=Rx 10356040 19 f5 13 20 80 0e ff ff ff ff ff ff
32 : pgn=128275 line=Rx 10356045 19 f5 13 20 81 44 ae 3c 00 44 ae 3c
32 : pgn=128275 line=Rx 10356050 19 f5 13 20 82 00 ff ff ff ff ff ff
0  : pgn=127250 line=Rx 10356076 09 f1 12 00 ff b3 42 ff 7f ff 7f fd
source=0: pgn=Vessel Heading(127250): values=Heading=(97.83 deg) Deviation=(None) Variation=(None) Reference=("1")

0  : pgn=127245 line=Rx 10356076 09 f1 0d 00 00 f8 ff 7f 00 00 ff ff
source=0: pgn=Rudder(127245): values=Instance=(0) DirectionOrder=("0") AngleOrder=(None) Position=(0.00 deg)

0  : pgn=65359  line=Rx 10356083 1c ff 4f 00 3b 9f ff ff ff b3 42 ff
source=0: pgn=Seatalk: Pilot Heading(65359): values=ManufacturerCode=(1851) IndustryCode=(4) HeadingTrue=(None) HeadingMagnetic=(97.83 deg)

0  : pgn=126975 line=Rx 10356085 1d ef ff 00 c0 08 3b 9f f0 81 9c 11
0  : pgn=126975 line=Rx 10356087 1d ef ff 00 c1 04 00 ff ff ff ff ff
1  : pgn=59936  line=Rx 10356090 18 ea 20 01 00 ee 00 00 00 00 00 00
1  : pgn=129793 line=Rx 10356090 1d fb 01 01 80 1a 04 a1 fc 37 00 3c
1  : pgn=129793 line=Rx 10356091 1d fb 01 01 81 bc e8 b6 71 7a e1 1c
1  : pgn=129793 line=Rx 10356091 1d fb 01 01 82 ff 90 8d 15 2c 00 00
3  : pgn=129025 line=Tx 10356091 09 f8 01 03 aa 61 6f 1c cd c5 fd b6
source=3: pgn=Position, Rapid Update(129025): values=Latitude=(47.7061546 deg) Longitude=(-122.4882739 deg)

1  : pgn=129793 line=Rx 10356092 1d fb 01 01 83 00 06 40 ff 00 fc ff
32 : pgn=128259 line=Rx 10356124 09 f5 03 20 48 2e 01 ff ff ff ff ff
0  : pgn=127250 line=Rx 10356176 09 f1 12 00 ff d5 42 ff 7f ff 7f fd
source=0: pgn=Vessel Heading(127250): values=Heading=(98.03 deg) Deviation=(None) Variation=(None) Reference=("1")

0  : pgn=127245 line=Rx 10356177 09 f1 0d 00 00 f8 ff 7f 00 00 ff ff
source=0: pgn=Rudder(127245): values=Instance=(0) DirectionOrder=("0") AngleOrder=(None) Position=(0.00 deg)

0  : pgn=65359  line=Rx 10356181 1c ff 4f 00 3b 9f ff ff ff d5 42 ff
source=0: pgn=Seatalk: Pilot Heading(65359): values=ManufacturerCode=(1851) IndustryCode=(4) HeadingTrue=(None) HeadingMagnetic=(98.03 deg)

3  : pgn=129026 line=Tx 10356192 09 f8 02 03 ff fc 62 47 59 01 ff ff
source=3: pgn=COG & SOG, Rapid Update(129026): values=COGReference=("0") COG=(104.70 deg) SOG=(3.45 m/s)

3  : pgn=129025 line=Tx 10356192 09 f8 01 03 aa 61 6f 1c cd c5 fd b6
source=3: pgn=Position, Rapid Update(129025): values=Latitude=(47.7061546 deg) Longitude=(-122.4882739 deg)

3  : pgn=129291 line=Tx 10356192 0d f9 0b 03 ff fc ce 2e 3b 00 ff ff
source=3: pgn=Set & Drift, Rapid Update(129291): values=SetReference=("0") Set=(68.65 deg) Drift=(0.59 m/s)

1  : pgn=129038 line=Rx 10356212 11 f8 0e 01 40 1b c1 0e 28 dc 15 dd
1  : pgn=129038 line=Rx 10356212 11 f8 0e 01 41 ec 02 b7 59 62 60 1c
1  : pgn=129038 line=Rx 10356213 11 f8 0e 01 42 a9 e7 37 e6 03 00 00
1  : pgn=129038 line=Rx 10356213 11 f8 0e 01 43 00 2d 35 00 00 f0 fe
32 : pgn=128259 line=Rx 10356224 09 f5 03 20 49 32 01 ff ff ff ff ff
source=32: pgn=Speed(128259): values=SpeedWaterReferenced=(3.06 m/s) SpeedGroundReferenced=(None) SpeedWaterReferencedType=(None) SpeedDirection=(None)

1  : pgn=129038 line=Rx 10356275 11 f8 0e 01 60 1b c1 d0 05 2f 14 df
1  : pgn=129038 line=Rx 10356275 11 f8 0e 01 61 2d 16 b7 75 80 64 1c
1  : pgn=129038 line=Rx 10356276 11 f8 0e 01 62 a8 c1 d6 00 00 00 00
1  : pgn=129038 line=Rx 10356276 11 f8 0e 01 63 00 4d c2 00 00 ff fe
0  : pgn=127250 line=Rx 10356278 09 f1 12 00 ff e6 42 ff 7f ff 7f fd
source=0: pgn=Vessel Heading(127250): values=Heading=(98.12 deg) Deviation=(None) Variation=(None) Reference=("1")

0  : pgn=127245 line=Rx 10356279 09 f1 0d 00 00 f8 ff 7f 00 00 ff ff
source=0: pgn=Rudder(127245): values=Instance=(0) DirectionOrder=("0") AngleOrder=(None) Position=(0.00 deg)

0  : pgn=65359  line=Rx 10356286 1c ff 4f 00 3b 9f ff ff ff e6 42 ff
source=0: pgn=Seatalk: Pilot Heading(65359): values=ManufacturerCode=(1851) IndustryCode=(4) HeadingTrue=(None) HeadingMagnetic=(98.12 deg)

3  : pgn=129025 line=Tx 10356295 09 f8 01 03 aa 61 6f 1c cd c5 fd b6
source=3: pgn=Position, Rapid Update(129025): values=Latitude=(47.7061546 deg) Longitude=(-122.4882739 deg)

32 : pgn=128259 line=Rx 10356323 09 f5 03 20 4a 34 01 ff ff ff ff ff
source=32: pgn=Speed(128259): values=SpeedWaterReferenced=(3.08 m/s) SpeedGroundReferenced=(None) SpeedWaterReferencedType=(None) SpeedDirection=(None)

0  : pgn=127250 line=Rx 10356376 09 f1 12 00 ff 06 43 ff 7f ff 7f fd
source=0: pgn=Vessel Heading(127250): values=Heading=(98.31 deg) Deviation=(None) Variation=(None) Reference=("1")

0  : pgn=127245 line=Rx 10356377 09 f1 0d 00 00 f8 ff 7f 00 00 ff ff
source=0: pgn=Rudder(127245): values=Instance=(0) DirectionOrder=("0") AngleOrder=(None) Position=(0.00 deg)

0  : pgn=65359  line=Rx 10356381 1c ff 4f 00 3b 9f ff ff ff 06 43 ff
source=0: pgn=Seatalk: Pilot Heading(65359): values=ManufacturerCode=(1851) IndustryCode=(4) HeadingTrue=(None) HeadingMagnetic=(98.31 deg)

3  : pgn=129026 line=Tx 10356395 09 f8 02 03 ff fc dc 47 58 01 ff ff
source=3: pgn=COG & SOG, Rapid Update(129026): values=COGReference=("0") COG=(105.40 deg) SOG=(3.44 m/s)

3  : pgn=130577 line=Tx 10356395 0d fe 11 03 40 0e c0 a3 dc 47 58 01
3  : pgn=130577 line=Tx 10356395 0d fe 11 03 41 ff ff ff ff 45 26 41
3  : pgn=130577 line=Tx 10356395 0d fe 11 03 42 00 ff ff ff ff ff ff
3  : pgn=129025 line=Tx 10356395 09 f8 01 03 7e 61 6f 1c 62 c6 fd b6
3  : pgn=130306 line=Tx 10356395 09 fd 02 03 ff ff 02 b7 c5 fa ff ff
source=3: pgn=Wind Data(130306): values=WindSpeed=(7.67 m/s) WindAngle=(290.00 deg) Reference=("2")

1  : pgn=129038 line=Rx 10356398 11 f8 0e 01 80 1b c1 da 4c dc 15 7a
1  : pgn=129038 line=Rx 10356399 11 f8 0e 01 81 fb 07 b7 7b 6c 5f 1c
1  : pgn=129038 line=Rx 10356400 11 f8 0e 01 82 a9 53 b4 9d 03 00 00
1  : pgn=129038 line=Rx 10356402 11 f8 0e 01 83 00 ab b4 00 00 ff fe
4  : pgn=65384  line=Rx 10356404 1c ff 68 04 3b 9f 00 00 00 00 00 00
32 : pgn=128259 line=Rx 10356423 09 f5 03 20 4b 40 01 ff ff ff ff ff
source=32: pgn=Speed(128259): values=SpeedWaterReferenced=(3.2 m/s) SpeedGroundReferenced=(None) SpeedWaterReferencedType=(None) SpeedDirection=(None)

1  : pgn=129793 line=Rx 10356431 1d fb 01 01 a0 1a 04 a0 fc 37 00 b4
1  : pgn=129793 line=Rx 10356432 1d fb 01 01 a1 6e d0 b6 ac 63 57 1c
1  : pgn=129793 line=Rx 10356432 1d fb 01 01 a2 ff a0 b4 15 2c 00 00
1  : pgn=129793 line=Rx 10356433 1d fb 01 01 a3 08 06 40 ff 00 fc ff
0  : pgn=127250 line=Rx 10356476 09 f1 12 00 ff 2b 43 ff 7f ff 7f fd
source=0: pgn=Vessel Heading(127250): values=Heading=(98.52 deg) Deviation=(None) Variation=(None) Reference=("1")

0  : pgn=127245 line=Rx 10356477 09 f1 0d 00 00 f8 ff 7f 00 00 ff ff
source=0: pgn=Rudder(127245): values=Instance=(0) DirectionOrder=("0") AngleOrder=(None) Position=(0.00 deg)

0  : pgn=65359  line=Rx 10356483 1c ff 4f 00 3b 9f ff ff ff 2b 43 ff
source=0: pgn=Seatalk: Pilot Heading(65359): values=ManufacturerCode=(1851) IndustryCode=(4) HeadingTrue=(None) HeadingMagnetic=(98.52 deg)

3  : pgn=129283 line=Tx 10356495 0d f9 03 03 ff 7f ff ff ff 7f ff ff
source=3: pgn=Cross Track Error(129283): values=XTEmode=(None) NavigationTerminated=("1") XTE=(None)

3  : pgn=129025 line=Tx 10356495 09 f8 01 03 7e 61 6f 1c 62 c6 fd b6
source=3: pgn=Position, Rapid Update(129025): values=Latitude=(47.706150199999996 deg) Longitude=(-122.488259 deg)

3  : pgn=128267 line=Tx 10356495 0d f5 0b 03 ff ce 3d 00 00 00 00 ff
source=3: pgn=Water Depth(128267): values=Depth=(158.22 m) Offset=(0.0 m) Range=(None)

32 : pgn=128259 line=Rx 10356522 09 f5 03 20 4c 38 01 ff ff ff ff ff
source=32: pgn=Speed(128259): values=SpeedWaterReferenced=(3.12 m/s) SpeedGroundReferenced=(None) SpeedWaterReferencedType=(None) SpeedDirection=(None)

0  : pgn=127250 line=Rx 10356575 09 f1 12 00 ff 44 43 ff 7f ff 7f fd
source=0: pgn=Vessel Heading(127250): values=Heading=(98.66 deg) Deviation=(None) Variation=(None) Reference=("1")

0  : pgn=127245 line=Rx 10356576 09 f1 0d 00 00 f8 ff 7f 00 00 ff ff
source=0: pgn=Rudder(127245): values=Instance=(0) DirectionOrder=("0") AngleOrder=(None) Position=(0.00 deg)

0  : pgn=65379  line=Rx 10356581 1c ff 63 00 3b 9f 00 00 00 00 01 ff
source=0: pgn=Seatalk: Pilot Mode(65379): values=ManufacturerCode=(1851) IndustryCode=(4) PilotMode=(0) SubMode=(0) PilotModeData=(0)

0  : pgn=65359  line=Rx 10356582 1c ff 4f 00 3b 9f ff ff ff 44 43 ff
source=0: pgn=Seatalk: Pilot Heading(65359): values=ManufacturerCode=(1851) IndustryCode=(4) HeadingTrue=(None) HeadingMagnetic=(98.66 deg)

0  : pgn=126975 line=Rx 10356585 1d ef ff 00 e0 0d 3b 9f f0 81 84 56
0  : pgn=126975 line=Rx 10356587 1d ef ff 00 e1 44 11 00 00 00 02 05
3  : pgn=129026 line=Tx 10356595 09 f8 02 03 ff fc dc 47 58 01 ff ff
source=3: pgn=COG & SOG, Rapid Update(129026): values=COGReference=("0") COG=(105.40 deg) SOG=(3.44 m/s)

3  : pgn=129025 line=Tx 10356595 09 f8 01 03 6e 61 6f 1c b5 c6 fd b6
source=3: pgn=Position, Rapid Update(129025): values=Latitude=(47.7061486 deg) Longitude=(-122.4882507 deg)

3  : pgn=129542 line=Tx 10356595 19 fa 06 03 40 0f a3 34 01 00 00 00
3  : pgn=129542 line=Tx 10356596 19 fa 06 03 41 00 00 00 00 00 00 00
3  : pgn=129542 line=Tx 10356596 19 fa 06 03 42 00 00 ff ff ff ff ff
3  : pgn=65364  line=Tx 10356596 1c ff 54 03 3b 9f ff 02 b7 c5 ff ff
32 : pgn=128259 line=Rx 10356622 09 f5 03 20 4d 3a 01 ff ff ff ff ff
source=32: pgn=Speed(128259): values=SpeedWaterReferenced=(3.14 m/s) SpeedGroundReferenced=(None) SpeedWaterReferencedType=(None) SpeedDirection=(None)

1  : pgn=129038 line=Rx 10356643 11 f8 0e 01 a0 1b c1 ca 4c e7 15 ac
1  : pgn=129038 line=Rx 10356644 11 f8 0e 01 a1 74 d5 b6 40 f1 ac 1c
1  : pgn=129038 line=Rx 10356644 11 f8 0e 01 a2 ad c5 25 40 02 00 00
1  : pgn=129038 line=Rx 10356645 11 f8 0e 01 a3 00 68 21 00 00 f0 fe
1  : pgn=129038 line=Rx 10356646 11 f8 0e 01 c0 1b c1 f4 82 dc 15 78
1  : pgn=129038 line=Rx 10356646 11 f8 0e 01 c1 6e f0 b6 38 c0 5c 1c
1  : pgn=129038 line=Rx 10356647 11 f8 0e 01 c2 ad 05 1f 55 03 00 00
1  : pgn=129038 line=Rx 10356647 11 f8 0e 01 c3 00 0b 20 2e 1a ff fe
0  : pgn=127250 line=Rx 10356676 09 f1 12 00 ff 6c 43 ff 7f ff 7f fd
source=0: pgn=Vessel Heading(127250): values=Heading=(98.89 deg) Deviation=(None) Variation=(None) Reference=("1")

0  : pgn=127245 line=Rx 10356676 09 f1 0d 00 00 f8 ff 7f 00 00 ff ff
source=0: pgn=Rudder(127245): values=Instance=(0) DirectionOrder=("0") AngleOrder=(None) Position=(0.00 deg)

0  : pgn=65359  line=Rx 10356683 1c ff 4f 00 3b 9f ff ff ff 6c 43 ff
source=0: pgn=Seatalk: Pilot Heading(65359): values=ManufacturerCode=(1851) IndustryCode=(4) HeadingTrue=(None) HeadingMagnetic=(98.89 deg)

0  : pgn=126975 line=Rx 10356686 1d ef ff 00 00 09 3b 9f f0 81 ae 02
0  : pgn=126975 line=Rx 10356688 1d ef ff 00 01 00 08 00 ff ff ff ff
3  : pgn=129540 line=Tx 10356696 19 fa 04 03 80 9f c5 ff 0d 03 97 1a
source=3: pgn=GNSS Sats in View(129540): values=RangeResidualMode=(None) SatsinView=(197) PRN=(None) Elevation=(4.47 deg) Azimuth=(39.00 deg) SNR=(0.0 dB) Rangeresiduals=(0) Status=("0")

3  : pgn=129540 line=Tx 10356696 19 fa 04 03 81 2e 26 00 00 00 00 00
source=3: pgn=GNSS Sats in View(129540): values=RangeResidualMode=("0") SatsinView=(38) PRN=(0) Elevation=(0.00 deg) Azimuth=(0.00 deg) SNR=(0.0 dB) Rangeresiduals=(0) Status=("0")

3  : pgn=129540 line=Tx 10356696 19 fa 04 03 82 00 f3 0f ff 1d ad 3c
source=3: pgn=GNSS Sats in View(129540): values=RangeResidualMode=("0") SatsinView=(243) PRN=(15) Elevation=(44.00 deg) Azimuth=(89.00 deg) SNR=(0.0 dB) Rangeresiduals=(0) Status=("0")

3  : pgn=129540 line=Tx 10356696 19 fa 04 03 83 d0 07 00 00 00 00 f5
source=3: pgn=GNSS Sats in View(129540): values=RangeResidualMode=("0") SatsinView=(7) PRN=(0) Elevation=(0.00 deg) Azimuth=(359.36 deg) SNR=(0.0 dB) Rangeresiduals=(0) Status=("0")

3  : pgn=129540 line=Tx 10356696 19 fa 04 03 84 10 17 13 c2 b8 e4 0c
source=3: pgn=GNSS Sats in View(129540): values=RangeResidualMode=("0") SatsinView=(23) PRN=(19) Elevation=(-104.50 deg) Azimuth=(18.91 deg) SNR=(0.0 dB) Rangeresiduals=(0) Status=("0")

3  : pgn=129540 line=Tx 10356696 19 fa 04 03 85 00 00 00 00 f5 12 c5
source=3: pgn=GNSS Sats in View(129540): values=RangeResidualMode=("0") SatsinView=(0) PRN=(0) Elevation=(-16.13 deg) Azimuth=(289.06 deg) SNR=(0.0 dB) Rangeresiduals=(0) Status=("0")

3  : pgn=129540 line=Tx 10356696 19 fa 04 03 86 31 f2 93 d8 0e 00 00
source=3: pgn=GNSS Sats in View(129540): values=RangeResidualMode=("1") SatsinView=(242) PRN=(147) Elevation=(21.77 deg) Azimuth=(0.00 deg) SNR=(0.0 dB) Rangeresiduals=(0) Status=("0")

3  : pgn=129540 line=Tx 10356697 19 fa 04 03 87 00 00 f5 13 69 03 1f
source=3: pgn=GNSS Sats in View(129540): values=RangeResidualMode=("0") SatsinView=(0) PRN=(245) Elevation=(154.12 deg) Azimuth=(45.49 deg) SNR=(0.0 dB) Rangeresiduals=(0) Status=("0")

3  : pgn=129540 line=Tx 10356697 19 fa 04 03 88 d8 d8 0e 00 00 00 00
source=3: pgn=GNSS Sats in View(129540): values=RangeResidualMode=("0") SatsinView=(216) PRN=(14) Elevation=(0.00 deg) Azimuth=(0.00 deg) SNR=(0.0 dB) Rangeresiduals=(0) Status=("0")

3  : pgn=129540 line=Tx 10356697 19 fa 04 03 89 f5 15 e8 37 68 21 ac
source=3: pgn=GNSS Sats in View(129540): values=RangeResidualMode=("1") SatsinView=(21) PRN=(232) Elevation=(152.86 deg) Azimuth=(252.47 deg) SNR=(0.0 dB) Rangeresiduals=(0) Status=("0")

3  : pgn=129540 line=Tx 10356697 19 fa 04 03 8a 0d 00 00 00 00 f5 16
source=3: pgn=GNSS Sats in View(129540): values=RangeResidualMode=("1") SatsinView=(0) PRN=(0) Elevation=(0.00 deg) Azimuth=(33.67 deg) SNR=(0.0 dB) Rangeresiduals=(0) Status=("0")

3  : pgn=129540 line=Tx 10356698 19 fa 04 03 8b 80 16 cf 9c 04 10 00
source=3: pgn=GNSS Sats in View(129540): values=RangeResidualMode=("0") SatsinView=(22) PRN=(207) Elevation=(6.76 deg) Azimuth=(0.09 deg) SNR=(0.0 dB) Rangeresiduals=(0) Status=("0")

3  : pgn=129540 line=Tx 10356699 19 fa 04 03 8c 00 00 00 f5 1a ae 0f
source=3: pgn=GNSS Sats in View(129540): values=RangeResidualMode=("0") SatsinView=(0) PRN=(0) Elevation=(39.54 deg) Azimuth=(23.00 deg) SNR=(0.0 dB) Rangeresiduals=(0) Status=("0")

3  : pgn=129540 line=Tx 10356699 19 fa 04 03 8d 5d 1f ac 0d 00 00 00
source=3: pgn=GNSS Sats in View(129540): values=RangeResidualMode=("1") SatsinView=(31) PRN=(172) Elevation=(0.07 deg) Azimuth=(0.00 deg) SNR=(0.0 dB) Rangeresiduals=(0) Status=("0")

3  : pgn=129540 line=Tx 10356700 19 fa 04 03 8e 00 f5 1b d1 15 ab d2
source=3: pgn=GNSS Sats in View(129540): values=RangeResidualMode=("0") SatsinView=(245) PRN=(27) Elevation=(32.00 deg) Azimuth=(309.00 deg) SNR=(0.0 dB) Rangeresiduals=(0) Status=("0")

3  : pgn=129540 line=Tx 10356701 19 fa 04 03 8f 04 10 00 00 00 00 f5
source=3: pgn=GNSS Sats in View(129540): values=RangeResidualMode=("0") SatsinView=(16) PRN=(0) Elevation=(0.00 deg) Azimuth=(359.36 deg) SNR=(0.0 dB) Rangeresiduals=(0) Status=("0")

3  : pgn=129540 line=Tx 10356702 19 fa 04 03 90 1d 51 0e a1 67 08 07
source=3: pgn=GNSS Sats in View(129540): values=RangeResidualMode=("1") SatsinView=(81) PRN=(14) Elevation=(152.00 deg) Azimuth=(10.31 deg) SNR=(0.0 dB) Rangeresiduals=(0) Status=("0")

3  : pgn=129540 line=Tx 10356702 19 fa 04 03 91 00 00 00 00 f5 23 d1
source=3: pgn=GNSS Sats in View(129540): values=RangeResidualMode=("0") SatsinView=(0) PRN=(0) Elevation=(-16.13 deg) Azimuth=(306.76 deg) SNR=(0.0 dB) Rangeresiduals=(0) Status=("0")

3  : pgn=129540 line=Tx 10356703 19 fa 04 03 92 15 c3 8b 00 00 00 00
source=3: pgn=GNSS Sats in View(129540): values=RangeResidualMode=("1") SatsinView=(195) PRN=(139) Elevation=(0.00 deg) Azimuth=(0.00 deg) SNR=(0.0 dB) Rangeresiduals=(0) Status=("0")

3  : pgn=129540 line=Tx 10356704 19 fa 04 03 93 00 00 f3 30 2e 17 43
source=3: pgn=GNSS Sats in View(129540): values=RangeResidualMode=("0") SatsinView=(0) PRN=(243) Elevation=(67.75 deg) Azimuth=(98.41 deg) SNR=(0.0 dB) Rangeresiduals=(0) Status=("0")

3  : pgn=129540 line=Tx 10356706 19 fa 04 03 94 84 74 0e 00 00 00 00
source=3: pgn=GNSS Sats in View(129540): values=RangeResidualMode=("0") SatsinView=(116) PRN=(14) Elevation=(0.00 deg) Azimuth=(0.00 deg) SNR=(0.0 dB) Rangeresiduals=(0) Status=("0")

3  : pgn=129540 line=Tx 10356706 19 fa 04 03 95 f5 33 80 16 67 6c 1c
source=3: pgn=GNSS Sats in View(129540): values=RangeResidualMode=("1") SatsinView=(51) PRN=(128) Elevation=(151.20 deg) Azimuth=(41.69 deg) SNR=(0.0 dB) Rangeresiduals=(0) Status=("0")

3  : pgn=129540 line=Tx 10356707 19 fa 04 03 96 0c 00 00 00 00 f5 ff
source=3: pgn=GNSS Sats in View(129540): values=RangeResidualMode=("0") SatsinView=(0) PRN=(0) Elevation=(0.00 deg) Azimuth=(375.43 deg) SNR=(0.0 dB) Rangeresiduals=(0) Status=("0")

3  : pgn=129025 line=Tx 10356707 09 f8 01 03 6e 61 6f 1c b5 c6 fd b6
source=3: pgn=Position, Rapid Update(129025): values=Latitude=(47.7061486 deg) Longitude=(-122.4882507 deg)

3  : pgn=127258 line=Tx 10356708 19 f1 1a 03 ff f6 12 39 fa 0a ff ff
source=3: pgn=Magnetic Variation(127258): values=Source=("6") Ageofservice=(14610 d) Variation=(16.10 deg)

32 : pgn=128259 line=Rx 10356721 09 f5 03 20 4e 40 01 ff ff ff ff ff
source=32: pgn=Speed(128259): values=SpeedWaterReferenced=(3.2 m/s) SpeedGroundReferenced=(None) SpeedWaterReferencedType=(None) SpeedDirection=(None)

0  : pgn=127250 line=Rx 10356776 09 f1 12 00 ff 8a 43 ff 7f ff 7f fd
source=0: pgn=Vessel Heading(127250): values=Heading=(99.06 deg) Deviation=(None) Variation=(None) Reference=("1")

0  : pgn=127245 line=Rx 10356776 09 f1 0d 00 00 f8 ff 7f 00 00 ff ff
source=0: pgn=Rudder(127245): values=Instance=(0) DirectionOrder=("0") AngleOrder=(None) Position=(0.00 deg)

0  : pgn=65359  line=Rx 10356782 1c ff 4f 00 3b 9f ff ff ff 8a 43 ff
source=0: pgn=Seatalk: Pilot Heading(65359): values=ManufacturerCode=(1851) IndustryCode=(4) HeadingTrue=(None) HeadingMagnetic=(99.06 deg)

3  : pgn=129026 line=Tx 10356797 09 f8 02 03 ff fc dc 47 58 01 ff ff
source=3: pgn=COG & SOG, Rapid Update(129026): values=COGReference=("0") COG=(105.40 deg) SOG=(3.44 m/s)

3  : pgn=129025 line=Tx 10356797 09 f8 01 03 6e 61 6f 1c b5 c6 fd b6
source=3: pgn=Position, Rapid Update(129025): values=Latitude=(47.7061486 deg) Longitude=(-122.4882507 deg)

32 : pgn=128259 line=Rx 10356821 09 f5 03 20 4f 3f 01 ff ff ff ff ff
source=32: pgn=Speed(128259): values=SpeedWaterReferenced=(3.19 m/s) SpeedGroundReferenced=(None) SpeedWaterReferencedType=(None) SpeedDirection=(None)

1  : pgn=129041 line=Rx 10356825 11 f8 11 01 a0 30 55 75 89 3a 3b 6d
1  : pgn=129041 line=Rx 10356825 11 f8 11 01 a1 8b 0a b7 5b f8 47 1c
1  : pgn=129041 line=Rx 10356826 11 f8 11 01 a2 f4 00 00 00 00 00 00
1  : pgn=129041 line=Rx 10356826 11 f8 11 01 a3 ff ff 12 ee ff e1 16
1  : pgn=129041 line=Rx 10356827 11 f8 11 01 a4 01 50 53 20 54 53 4c
1  : pgn=129041 line=Rx 10356827 11 f8 11 01 a5 20 4c 42 20 54 41 20
1  : pgn=129041 line=Rx 10356828 11 f8 11 01 a6 20 20 20 20 20 20 20
0  : pgn=127250 line=Rx 10356876 09 f1 12 00 ff bf 43 ff 7f ff 7f fd
source=0: pgn=Vessel Heading(127250): values=Heading=(99.37 deg) Deviation=(None) Variation=(None) Reference=("1")

0  : pgn=127245 line=Rx 10356876 09 f1 0d 00 00 f8 ff 7f 00 00 ff ff
source=0: pgn=Rudder(127245): values=Instance=(0) DirectionOrder=("0") AngleOrder=(None) Position=(0.00 deg)

0  : pgn=65359  line=Rx 10356883 1c ff 4f 00 3b 9f ff ff ff bf 43 ff
source=0: pgn=Seatalk: Pilot Heading(65359): values=ManufacturerCode=(1851) IndustryCode=(4) HeadingTrue=(None) HeadingMagnetic=(99.37 deg)

3  : pgn=129029 line=Tx 10356898 0d f8 05 03 40 2b a3 06 40 92 e5 15
3  : pgn=129029 line=Tx 10356898 0d f8 05 03 41 2c 00 3a 5a f5 df dc
3  : pgn=129029 line=Tx 10356898 0d f8 05 03 42 9e 06 00 ca a0 30 eb
3  : pgn=129029 line=Tx 10356898 0d f8 05 03 43 57 00 ef ff ff ff ff
3  : pgn=129029 line=Tx 10356898 0d f8 05 03 44 ff ff ff 7f 23 fc 09
3  : pgn=129029 line=Tx 10356898 0d f8 05 03 45 55 00 ff 7f ff ff ff
3  : pgn=129029 line=Tx 10356898 0d f8 05 03 46 7f 00 ff ff ff ff ff
3  : pgn=129025 line=Tx 10356898 09 f8 01 03 59 61 6f 1c 01 c7 fd b6
source=3: pgn=Position, Rapid Update(129025): values=Latitude=(47.706146499999996 deg) Longitude=(-122.48824309999999 deg)

3  : pgn=129033 line=Tx 10356898 0d f8 09 03 06 40 92 e5 15 2c 5c fe
source=3: pgn=Time & Date(129033): values=Date=(16390 d) Time=(73963.253 s) LocalOffset=(-25200.0 s)

32 : pgn=128259 line=Rx 10356920 09 f5 03 20 50 3e 01 ff ff ff ff ff
source=32: pgn=Speed(128259): values=SpeedWaterReferenced=(3.18 m/s) SpeedGroundReferenced=(None) SpeedWaterReferencedType=(None) SpeedDirection=(None)

0  : pgn=127250 line=Rx 10356976 09 f1 12 00 ff 05 44 ff 7f ff 7f fd
source=0: pgn=Vessel Heading(127250): values=Heading=(99.77 deg) Deviation=(None) Variation=(None) Reference=("1")

0  : pgn=127245 line=Rx 10356976 09 f1 0d 00 00 f8 ff 7f 00 00 ff ff
source=0: pgn=Rudder(127245): values=Instance=(0) DirectionOrder=("0") AngleOrder=(None) Position=(0.00 deg)

1  : pgn=129038 line=Rx 10356977 11 f8 0e 01 e0 1b c3 8c 83 df 15 41
1  : pgn=129038 line=Rx 10356978 11 f8 0e 01 e1 5d 14 b7 96 29 66 1c
1  : pgn=129038 line=Rx 10356978 11 f8 0e 01 e2 a0 8e af 00 00 00 00
1  : pgn=129038 line=Rx 10356979 11 f8 0e 01 e3 00 ff ff ff 7f f0 fe
0  : pgn=65359  line=Rx 10356983 1c ff 4f 00 3b 9f ff ff ff 05 44 ff
source=0: pgn=Seatalk: Pilot Heading(65359): values=ManufacturerCode=(1851) IndustryCode=(4) HeadingTrue=(None) HeadingMagnetic=(99.77 deg)

3  : pgn=129026 line=Tx 10356998 09 f8 02 03 ff fc ff 47 57 01 ff ff
source=3: pgn=COG & SOG, Rapid Update(129026): values=COGReference=("0") COG=(105.60 deg) SOG=(3.43 m/s)

3  : pgn=129025 line=Tx 10356998 09 f8 01 03 59 61 6f 1c 01 c7 fd b6
source=3: pgn=Position, Rapid Update(129025): values=Latitude=(47.706146499999996 deg) Longitude=(-122.48824309999999 deg)

3  : pgn=126992 line=Tx 10356998 0d f0 10 03 ff ff 06 40 92 e5 15 2c
source=3: pgn=System Time(126992): values=Source=(None) Date=(16390 d) Time=(73963.253 s)

1  : pgn=129038 line=Rx 10357007 11 f8 0e 01 00 1b c1 30 83 dc 15 5d
1  : pgn=129038 line=Rx 10357007 11 f8 0e 01 01 f9 f9 b6 8c 3d 62 1c
1  : pgn=129038 line=Rx 10357008 11 f8 0e 01 02 ad a5 c2 00 00 00 00
source=1: pgn=AIS Class A Position Report(129038): values=MessageID=(2) RepeatIndicator=("0") UserID=(12756397) Longitude=(0.0 deg) Latitude=(0.0 deg) PositionAccuracy=("0") RAIM=("0") TimeStamp=("0") COG=(0.00 deg) SOG=(0.0 m/s) CommunicationState=(0) AISTransceiverinformation=("0") Heading=(0.00 deg) RateofTurn=(0.00 deg/s) NavStatus=("0") SpecialManeuverIndicator=("0") Spare=(0) SequenceID=(0)

1  : pgn=129038 line=Rx 10357008 11 f8 0e 01 03 00 70 c8 00 00 ff fe
source=1: pgn=AIS Class A Position Report(129038): values=MessageID=(3) RepeatIndicator=("0") UserID=(13135872) Longitude=(0.0 deg) Latitude=(0.0 deg) PositionAccuracy=("0") RAIM=("0") TimeStamp=("0") COG=(0.00 deg) SOG=(0.0 m/s) CommunicationState=(0) AISTransceiverinformation=("0") Heading=(0.00 deg) RateofTurn=(0.00 deg/s) NavStatus=("0") SpecialManeuverIndicator=("0") Spare=(0) SequenceID=(0)

32 : pgn=128259 line=Rx 10357022 09 f5 03 20 51 41 01 ff ff ff ff ff
source=32: pgn=Speed(128259): values=SpeedWaterReferenced=(3.21 m/s) SpeedGroundReferenced=(None) SpeedWaterReferencedType=(None) SpeedDirection=(None)

32 : pgn=130310 line=Rx 10357025 15 fd 06 20 eb ff ff ff ff ff ff ff
source=32: pgn=Environmental Parameters (obsolete)(130310): values=WaterTemperature=(None) OutsideAmbientAirTemperature=(None) AtmosphericPressure=(None)

32 : pgn=128275 line=Rx 10357035 19 f5 13 20 a0 0e ff ff ff ff ff ff
32 : pgn=128275 line=Rx 10357040 19 f5 13 20 a1 44 ae 3c 00 44 ae 3c
32 : pgn=128275 line=Rx 10357045 19 f5 13 20 a2 00 ff ff ff ff ff ff
4  : pgn=126975 line=Rx 10357061 1d ef ff 04 c0 07 3b 9f f0 81 90 00
4  : pgn=126975 line=Rx 10357062 1d ef ff 04 c1 03 ff ff ff ff ff ff
1  : pgn=59936  line=Rx 10357067 18 ea 20 01 00 ee 00 00 00 00 00 00
0  : pgn=127250 line=Rx 10357075 09 f1 12 00 ff 2d 44 ff 7f ff 7f fd
source=0: pgn=Vessel Heading(127250): values=Heading=(100.00 deg) Deviation=(None) Variation=(None) Reference=("1")

0  : pgn=127245 line=Rx 10357076 09 f1 0d 00 00 f8 ff 7f 00 00 ff ff
source=0: pgn=Rudder(127245): values=Instance=(0) DirectionOrder=("0") AngleOrder=(None) Position=(0.00 deg)

0  : pgn=65359  line=Rx 10357083 1c ff 4f 00 3b 9f ff ff ff 2d 44 ff
source=0: pgn=Seatalk: Pilot Heading(65359): values=ManufacturerCode=(1851) IndustryCode=(4) HeadingTrue=(None) HeadingMagnetic=(100.00 deg)

0  : pgn=126975 line=Rx 10357086 1d ef ff 00 20 08 3b 9f f0 81 9c 11
0  : pgn=126975 line=Rx 10357088 1d ef ff 00 21 05 00 ff ff ff ff ff
3  : pgn=129025 line=Tx 10357098 09 f8 01 03 59 61 6f 1c 01 c7 fd b6
source=3: pgn=Position, Rapid Update(129025): values=Latitude=(47.706146499999996 deg) Longitude=(-122.48824309999999 deg)

32 : pgn=128259 line=Rx 10357119 09 f5 03 20 52 2c 01 ff ff ff ff ff
1  : pgn=129038 line=Rx 10357161 11 f8 0e 01 20 1b c1 2c 37 e1 15 49
1  : pgn=129038 line=Rx 10357161 11 f8 0e 01 21 65 0c b7 41 28 69 1c
1  : pgn=129038 line=Rx 10357162 11 f8 0e 01 22 a0 00 00 00 00 00 00
1  : pgn=129038 line=Rx 10357162 11 f8 0e 01 23 00 ff ff ff 7f f0 fe
0  : pgn=127250 line=Rx 10357177 09 f1 12 00 ff 6c 44 ff 7f ff 7f fd
source=0: pgn=Vessel Heading(127250): values=Heading=(100.36 deg) Deviation=(None) Variation=(None) Reference=("1")

0  : pgn=127245 line=Rx 10357178 09 f1 0d 00 00 f8 ff 7f 00 00 ff ff
source=0: pgn=Rudder(127245): values=Instance=(0) DirectionOrder=("0") AngleOrder=(None) Position=(0.00 deg)

0  : pgn=65359  line=Rx 10357182 1c ff 4f 00 3b 9f ff ff ff 6c 44 ff
source=0: pgn=Seatalk: Pilot Heading(65359): values=ManufacturerCode=(1851) IndustryCode=(4) HeadingTrue=(None) HeadingMagnetic=(100.36 deg)

3  : pgn=129026 line=Tx 10357198 09 f8 02 03 ff fc 10 48 57 01 ff ff
source=3: pgn=COG & SOG, Rapid Update(129026): values=COGReference=("0") COG=(105.70 deg) SOG=(3.43 m/s)

3  : pgn=129025 line=Tx 10357198 09 f8 01 03 37 61 6f 1c af c7 fd b6
source=3: pgn=Position, Rapid Update(129025): values=Latitude=(47.7061431 deg) Longitude=(-122.4882257 deg)

3  : pgn=129291 line=Tx 10357198 0d f9 0b 03 ff fc 45 26 41 00 ff ff
source=3: pgn=Set & Drift, Rapid Update(129291): values=SetReference=("0") Set=(56.13 deg) Drift=(0.65 m/s)

32 : pgn=128259 line=Rx 10357219 09 f5 03 20 53 29 01 ff ff ff ff ff
source=32: pgn=Speed(128259): values=SpeedWaterReferenced=(2.97 m/s) SpeedGroundReferenced=(None) SpeedWaterReferencedType=(None) SpeedDirection=(None)

1  : pgn=129038 line=Rx 10357252 11 f8 0e 01 40 1b c1 25 49 e5 15 aa
1  : pgn=129038 line=Rx 10357253 11 f8 0e 01 41 2c 0e b7 59 12 68 1c
1  : pgn=129038 line=Rx 10357254 11 f8 0e 01 42 ae 9f bb 00 00 00 00
1  : pgn=129038 line=Rx 10357254 11 f8 0e 01 43 00 ff ff ff 7f f0 fe
0  : pgn=127250 line=Rx 10357280 09 f1 12 00 ff b0 44 ff 7f ff 7f fd
source=0: pgn=Vessel Heading(127250): values=Heading=(100.75 deg) Deviation=(None) Variation=(None) Reference=("1")

0  : pgn=127245 line=Rx 10357280 09 f1 0d 00 00 f8 ff 7f 00 00 ff ff
source=0: pgn=Rudder(127245): values=Instance=(0) DirectionOrder=("0") AngleOrder=(None) Position=(0.00 deg)

0  : pgn=65359  line=Rx 10357288 1c ff 4f 00 3b 9f ff ff ff b0 44 ff
source=0: pgn=Seatalk: Pilot Heading(65359): values=ManufacturerCode=(1851) IndustryCode=(4) HeadingTrue=(None) HeadingMagnetic=(100.75 deg)

3  : pgn=129025 line=Tx 10357298 09 f8 01 03 37 61 6f 1c af c7 fd b6
source=3: pgn=Position, Rapid Update(129025): values=Latitude=(47.7061431 deg) Longitude=(-122.4882257 deg)

1  : pgn=129039 line=Rx 10357316 11 f8 0f 01 c0 1a 12 94 51 27 14 42
1  : pgn=129039 line=Rx 10357316 11 f8 0f 01 c1 00 0e b7 01 be 67 1c
1  : pgn=129039 line=Rx 10357317 11 f8 0f 01 c2 a8 1c 38 05 00 03 00
1  : pgn=129039 line=Rx 10357317 11 f8 0f 01 c3 00 ff ff 00 fc ff ff
1  : pgn=129041 line=Rx 10357319 11 f8 11 01 c0 30 15 76 89 3a 3b ed
1  : pgn=129041 line=Rx 10357319 11 f8 11 01 c1 61 e3 b6 67 78 ad 1c
1  : pgn=129041 line=Rx 10357319 11 f8 11 01 c2 f4 00 00 00 00 00 00
1  : pgn=129041 line=Rx 10357320 11 f8 11 01 c3 ff ff 52 ee ff e1 16
1  : pgn=129041 line=Rx 10357320 11 f8 11 01 c4 01 50 53 20 54 53 4c
1  : pgn=129041 line=Rx 10357321 11 f8 11 01 c5 20 53 42 20 20 20 20
1  : pgn=129041 line=Rx 10357321 11 f8 11 01 c6 20 20 20 20 20 20 20
32 : pgn=128259 line=Rx 10357322 09 f5 03 20 54 27 01 ff ff ff ff ff
source=32: pgn=Speed(128259): values=SpeedWaterReferenced=(2.95 m/s) SpeedGroundReferenced=(None) SpeedWaterReferencedType=(None) SpeedDirection=(None)

0  : pgn=127250 line=Rx 10357375 09 f1 12 00 ff d2 44 ff 7f ff 7f fd
source=0: pgn=Vessel Heading(127250): values=Heading=(100.94 deg) Deviation=(None) Variation=(None) Reference=("1")

0  : pgn=127245 line=Rx 10357376 09 f1 0d 00 00 f8 ff 7f 00 00 ff ff
source=0: pgn=Rudder(127245): values=Instance=(0) DirectionOrder=("0") AngleOrder=(None) Position=(0.00 deg)

0  : pgn=65359  line=Rx 10357380 1c ff 4f 00 3b 9f ff ff ff d2 44 ff
source=0: pgn=Seatalk: Pilot Heading(65359): values=ManufacturerCode=(1851) IndustryCode=(4) HeadingTrue=(None) HeadingMagnetic=(100.94 deg)

3  : pgn=129026 line=Tx 10357399 09 f8 02 03 ff fc 10 48 57 01 ff ff
source=3: pgn=COG & SOG, Rapid Update(129026): values=COGReference=("0") COG=(105.70 deg) SOG=(3.43 m/s)

3  : pgn=130577 line=Tx 10357399 0d fe 11 03 60 0e c0 a4 10 48 57 01
3  : pgn=130577 line=Tx 10357399 0d fe 11 03 61 ff ff ff ff d5 27 4c
3  : pgn=130577 line=Tx 10357399 0d fe 11 03 62 00 ff ff ff ff ff ff
3  : pgn=129025 line=Tx 10357399 09 f8 01 03 37 61 6f 1c af c7 fd b6
3  : pgn=130306 line=Tx 10357399 09 fd 02 03 ff ea 02 2b cb fa ff ff
source=3: pgn=Wind Data(130306): values=WindSpeed=(7.46 m/s) WindAngle=(298.00 deg) Reference=("2")

4  : pgn=65384  line=Rx 10357402 1c ff 68 04 3b 9f 00 00 00 00 00 00
32 : pgn=128259 line=Rx 10357418 09 f5 03 20 55 2e 01 ff ff ff ff ff
source=32: pgn=Speed(128259): values=SpeedWaterReferenced=(3.02 m/s) SpeedGroundReferenced=(None) SpeedWaterReferencedType=(None) SpeedDirection=(None)

0  : pgn=127250 line=Rx 10357476 09 f1 12 00 ff 05 45 ff 7f ff 7f fd
source=0: pgn=Vessel Heading(127250): values=Heading=(101.24 deg) Deviation=(None) Variation=(None) Reference=("1")

0  : pgn=127245 line=Rx 10357476 09 f1 0d 00 00 f8 ff 7f 00 00 ff ff
source=0: pgn=Rudder(127245): values=Instance=(0) DirectionOrder=("0") AngleOrder=(None) Position=(0.00 deg)

0  : pgn=65359  line=Rx 10357483 1c ff 4f 00 3b 9f ff ff ff 05 45 ff
source=0: pgn=Seatalk: Pilot Heading(65359): values=ManufacturerCode=(1851) IndustryCode=(4) HeadingTrue=(None) HeadingMagnetic=(101.24 deg)

3  : pgn=129283 line=Tx 10357499 0d f9 03 03 ff 7f ff ff ff 7f ff ff
source=3: pgn=Cross Track Error(129283): values=XTEmode=(None) NavigationTerminated=("1") XTE=(None)

3  : pgn=129025 line=Tx 10357499 09 f8 01 03 27 61 6f 1c 05 c8 fd b6
source=3: pgn=Position, Rapid Update(129025): values=Latitude=(47.7061415 deg) Longitude=(-122.4882171 deg)

3  : pgn=128267 line=Tx 10357500 0d f5 0b 03 ff d1 3d 00 00 00 00 ff
source=3: pgn=Water Depth(128267): values=Depth=(158.25 m) Offset=(0.0 m) Range=(None)

32 : pgn=128259 line=Rx 10357518 09 f5 03 20 56 27 01 ff ff ff ff ff
source=32: pgn=Speed(128259): values=SpeedWaterReferenced=(2.95 m/s) SpeedGroundReferenced=(None) SpeedWaterReferencedType=(None) SpeedDirection=(None)

0  : pgn=127250 line=Rx 10357575 09 f1 12 00 ff 21 45 ff 7f ff 7f fd
source=0: pgn=Vessel Heading(127250): values=Heading=(101.40 deg) Deviation=(None) Variation=(None) Reference=("1")

0  : pgn=127245 line=Rx 10357576 09 f1 0d 00 00 f8 ff 7f 00 00 ff ff
source=0: pgn=Rudder(127245): values=Instance=(0) DirectionOrder=("0") AngleOrder=(None) Position=(0.00 deg)

0  : pgn=65379  line=Rx 10357580 1c ff 63 00 3b 9f 00 00 00 00 01 ff
source=0: pgn=Seatalk: Pilot Mode(65379): values=ManufacturerCode=(1851) IndustryCode=(4) PilotMode=(0) SubMode=(0) PilotModeData=(0)

0  : pgn=65359  line=Rx 10357581 1c ff 4f 00 3b 9f ff ff ff 21 45 ff
source=0: pgn=Seatalk: Pilot Heading(65359): values=ManufacturerCode=(1851) IndustryCode=(4) HeadingTrue=(None) HeadingMagnetic=(101.40 deg)

0  : pgn=126975 line=Rx 10357591 1d ef ff 00 40 0d 3b 9f f0 81 84 d6
0  : pgn=126975 line=Rx 10357593 1d ef ff 00 41 45 17 00 00 00 02 05
3  : pgn=129026 line=Tx 10357600 09 f8 02 03 ff fc 10 48 57 01 ff ff
source=3: pgn=COG & SOG, Rapid Update(129026): values=COGReference=("0") COG=(105.70 deg) SOG=(3.43 m/s)

3  : pgn=129025 line=Tx 10357600 09 f8 01 03 27 61 6f 1c 05 c8 fd b6
source=3: pgn=Position, Rapid Update(129025): values=Latitude=(47.7061415 deg) Longitude=(-122.4882171 deg)

3  : pgn=129542 line=Tx 10357600 19 fa 06 03 60 0f a4 38 01 00 00 00
3  : pgn=129542 line=Tx 10357600 19 fa 06 03 61 00 00 00 00 00 00 00
3  : pgn=129542 line=Tx 10357600 19 fa 06 03 62 00 00 ff ff ff ff ff
3  : pgn=65364  line=Tx 10357600 1c ff 54 03 3b 9f ea 02 2b cb ff ff
1  : pgn=129038 line=Rx 10357617 11 f8 0e 01 60 1b c1 44 d6 e0 15 c7
1  : pgn=129038 line=Rx 10357617 11 f8 0e 01 61 ed 0c b7 e5 56 69 1c
1  : pgn=129038 line=Rx 10357618 11 f8 0e 01 62 ae f0 db 00 00 00 00
1  : pgn=129038 line=Rx 10357618 11 f8 0e 01 63 00 ff ff ff 7f f0 fe
32 : pgn=128259 line=Rx 10357619 09 f5 03 20 57 27 01 ff ff ff ff ff
source=32: pgn=Speed(128259): values=SpeedWaterReferenced=(2.95 m/s) SpeedGroundReferenced=(None) SpeedWaterReferencedType=(None) SpeedDirection=(None)

0  : pgn=127250 line=Rx 10357675 09 f1 12 00 ff 4f 45 ff 7f ff 7f fd
source=0: pgn=Vessel Heading(127250): values=Heading=(101.66 deg) Deviation=(None) Variation=(None) Reference=("1")

0  : pgn=127245 line=Rx 10357676 09 f1 0d 00 00 f8 ff 7f 00 00 ff ff
source=0: pgn=Rudder(127245): values=Instance=(0) DirectionOrder=("0") AngleOrder=(None) Position=(0.00 deg)

0  : pgn=65359  line=Rx 10357683 1c ff 4f 00 3b 9f ff ff ff 4f 45 ff
source=0: pgn=Seatalk: Pilot Heading(65359): values=ManufacturerCode=(1851) IndustryCode=(4) HeadingTrue=(None) HeadingMagnetic=(101.66 deg)

0  : pgn=126975 line=Rx 10357686 1d ef ff 00 60 09 3b 9f f0 81 ae 02
0  : pgn=126975 line=Rx 10357688 1d ef ff 00 61 00 08 00 ff ff ff ff
3  : pgn=129540 line=Tx 10357700 19 fa 04 03 a0 9f c6 ff 0d 03 97 1a
source=3: pgn=GNSS Sats in View(129540): values=RangeResidualMode=(None) SatsinView=(198) PRN=(None) Elevation=(4.47 deg) Azimuth=(39.00 deg) SNR=(0.0 dB) Rangeresiduals=(0) Status=("0")

3  : pgn=129540 line=Tx 10357700 19 fa 04 03 a1 2e 26 00 00 00 00 00
source=3: pgn=GNSS Sats in View(129540): values=RangeResidualMode=("0") SatsinView=(38) PRN=(0) Elevation=(0.00 deg) Azimuth=(0.00 deg) SNR=(0.0 dB) Rangeresiduals=(0) Status=("0")

3  : pgn=129540 line=Tx 10357700 19 fa 04 03 a2 00 f3 0f ff 1d ad 3c
source=3: pgn=GNSS Sats in View(129540): values=RangeResidualMode=("0") SatsinView=(243) PRN=(15) Elevation=(44.00 deg) Azimuth=(89.00 deg) SNR=(0.0 dB) Rangeresiduals=(0) Status=("0")

3  : pgn=129540 line=Tx 10357700 19 fa 04 03 a3 d0 07 00 00 00 00 f5
source=3: pgn=GNSS Sats in View(129540): values=RangeResidualMode=("0") SatsinView=(7) PRN=(0) Elevation=(0.00 deg) Azimuth=(359.36 deg) SNR=(0.0 dB) Rangeresiduals=(0) Status=("0")

3  : pgn=129540 line=Tx 10357700 19 fa 04 03 a4 10 17 13 c2 b8 e4 0c
source=3: pgn=GNSS Sats in View(129540): values=RangeResidualMode=("0") SatsinView=(23) PRN=(19) Elevation=(-104.50 deg) Azimuth=(18.91 deg) SNR=(0.0 dB) Rangeresiduals=(0) Status=("0")

3  : pgn=129540 line=Tx 10357700 19 fa 04 03 a5 00 00 00 00 f5 12 c5
source=3: pgn=GNSS Sats in View(129540): values=RangeResidualMode=("0") SatsinView=(0) PRN=(0) Elevation=(-16.13 deg) Azimuth=(289.06 deg) SNR=(0.0 dB) Rangeresiduals=(0) Status=("0")

3  : pgn=129540 line=Tx 10357700 19 fa 04 03 a6 31 f2 93 d8 0e 00 00
source=3: pgn=GNSS Sats in View(129540): values=RangeResidualMode=("1") SatsinView=(242) PRN=(147) Elevation=(21.77 deg) Azimuth=(0.00 deg) SNR=(0.0 dB) Rangeresiduals=(0) Status=("0")

3  : pgn=129540 line=Tx 10357700 19 fa 04 03 a7 00 00 f5 13 69 03 1f
source=3: pgn=GNSS Sats in View(129540): values=RangeResidualMode=("0") SatsinView=(0) PRN=(245) Elevation=(154.12 deg) Azimuth=(45.49 deg) SNR=(0.0 dB) Rangeresiduals=(0) Status=("0")

3  : pgn=129540 line=Tx 10357700 19 fa 04 03 a8 d8 d8 0e 00 00 00 00
source=3: pgn=GNSS Sats in View(129540): values=RangeResidualMode=("0") SatsinView=(216) PRN=(14) Elevation=(0.00 deg) Azimuth=(0.00 deg) SNR=(0.0 dB) Rangeresiduals=(0) Status=("0")

3  : pgn=129540 line=Tx 10357700 19 fa 04 03 a9 f5 15 e8 37 68 21 ac
source=3: pgn=GNSS Sats in View(129540): values=RangeResidualMode=("1") SatsinView=(21) PRN=(232) Elevation=(152.86 deg) Azimuth=(252.47 deg) SNR=(0.0 dB) Rangeresiduals=(0) Status=("0")

3  : pgn=129540 line=Tx 10357700 19 fa 04 03 aa 0d 00 00 00 00 f5 16
source=3: pgn=GNSS Sats in View(129540): values=RangeResidualMode=("1") SatsinView=(0) PRN=(0) Elevation=(0.00 deg) Azimuth=(33.67 deg) SNR=(0.0 dB) Rangeresiduals=(0) Status=("0")

3  : pgn=129540 line=Tx 10357701 19 fa 04 03 ab 80 16 cf 9c 04 10 00
source=3: pgn=GNSS Sats in View(129540): values=RangeResidualMode=("0") SatsinView=(22) PRN=(207) Elevation=(6.76 deg) Azimuth=(0.09 deg) SNR=(0.0 dB) Rangeresiduals=(0) Status=("0")

3  : pgn=129540 line=Tx 10357703 19 fa 04 03 ac 00 00 00 f5 1a ae 0f
source=3: pgn=GNSS Sats in View(129540): values=RangeResidualMode=("0") SatsinView=(0) PRN=(0) Elevation=(39.54 deg) Azimuth=(23.00 deg) SNR=(0.0 dB) Rangeresiduals=(0) Status=("0")

3  : pgn=129540 line=Tx 10357704 19 fa 04 03 ad 5d 1f ac 0d 00 00 00
source=3: pgn=GNSS Sats in View(129540): values=RangeResidualMode=("1") SatsinView=(31) PRN=(172) Elevation=(0.07 deg) Azimuth=(0.00 deg) SNR=(0.0 dB) Rangeresiduals=(0) Status=("0")

3  : pgn=129540 line=Tx 10357704 19 fa 04 03 ae 00 f5 1b d1 15 ab d2
source=3: pgn=GNSS Sats in View(129540): values=RangeResidualMode=("0") SatsinView=(245) PRN=(27) Elevation=(32.00 deg) Azimuth=(309.00 deg) SNR=(0.0 dB) Rangeresiduals=(0) Status=("0")

3  : pgn=129540 line=Tx 10357705 19 fa 04 03 af 04 10 00 00 00 00 f5
source=3: pgn=GNSS Sats in View(129540): values=RangeResidualMode=("0") SatsinView=(16) PRN=(0) Elevation=(0.00 deg) Azimuth=(359.36 deg) SNR=(0.0 dB) Rangeresiduals=(0) Status=("0")

3  : pgn=129540 line=Tx 10357706 19 fa 04 03 b0 1d 51 0e a1 67 08 07
source=3: pgn=GNSS Sats in View(129540): values=RangeResidualMode=("1") SatsinView=(81) PRN=(14) Elevation=(152.00 deg) Azimuth=(10.31 deg) SNR=(0.0 dB) Rangeresiduals=(0) Status=("0")

3  : pgn=129540 line=Tx 10357707 19 fa 04 03 b1 00 00 00 00 f5 23 d1
source=3: pgn=GNSS Sats in View(129540): values=RangeResidualMode=("0") SatsinView=(0) PRN=(0) Elevation=(-16.13 deg) Azimuth=(306.76 deg) SNR=(0.0 dB) Rangeresiduals=(0) Status=("0")

3  : pgn=129540 line=Tx 10357707 19 fa 04 03 b2 15 c3 8b 00 00 00 00
source=3: pgn=GNSS Sats in View(129540): values=RangeResidualMode=("1") SatsinView=(195) PRN=(139) Elevation=(0.00 deg) Azimuth=(0.00 deg) SNR=(0.0 dB) Rangeresiduals=(0) Status=("0")

3  : pgn=129540 line=Tx 10357708 19 fa 04 03 b3 00 00 f3 30 2e 17 43
source=3: pgn=GNSS Sats in View(129540): values=RangeResidualMode=("0") SatsinView=(0) PRN=(243) Elevation=(67.75 deg) Azimuth=(98.41 deg) SNR=(0.0 dB) Rangeresiduals=(0) Status=("0")

3  : pgn=129540 line=Tx 10357709 19 fa 04 03 b4 84 74 0e 00 00 00 00
source=3: pgn=GNSS Sats in View(129540): values=RangeResidualMode=("0") SatsinView=(116) PRN=(14) Elevation=(0.00 deg) Azimuth=(0.00 deg) SNR=(0.0 dB) Rangeresiduals=(0) Status=("0")

3  : pgn=129540 line=Tx 10357709 19 fa 04 03 b5 f5 33 80 16 67 6c 1c
source=3: pgn=GNSS Sats in View(129540): values=RangeResidualMode=("1") SatsinView=(51) PRN=(128) Elevation=(151.20 deg) Azimuth=(41.69 deg) SNR=(0.0 dB) Rangeresiduals=(0) Status=("0")

3  : pgn=129540 line=Tx 10357711 19 fa 04 03 b6 0c 00 00 00 00 f5 ff
source=3: pgn=GNSS Sats in View(129540): values=RangeResidualMode=("0") SatsinView=(0) PRN=(0) Elevation=(0.00 deg) Azimuth=(375.43 deg) SNR=(0.0 dB) Rangeresiduals=(0) Status=("0")

3  : pgn=129025 line=Tx 10357712 09 f8 01 03 09 61 6f 1c 30 c8 fd b6
source=3: pgn=Position, Rapid Update(129025): values=Latitude=(47.706138499999994 deg) Longitude=(-122.4882128 deg)

3  : pgn=127258 line=Tx 10357713 19 f1 1a 03 ff f6 12 39 fa 0a ff ff
source=3: pgn=Magnetic Variation(127258): values=Source=("6") Ageofservice=(14610 d) Variation=(16.10 deg)

32 : pgn=128259 line=Rx 10357717 09 f5 03 20 58 2b 01 ff ff ff ff ff
source=32: pgn=Speed(128259): values=SpeedWaterReferenced=(2.99 m/s) SpeedGroundReferenced=(None) SpeedWaterReferencedType=(None) SpeedDirection=(None)

0  : pgn=127250 line=Rx 10357777 09 f1 12 00 ff 6f 45 ff 7f ff 7f fd
source=0: pgn=Vessel Heading(127250): values=Heading=(101.84 deg) Deviation=(None) Variation=(None) Reference=("1")

0  : pgn=127245 line=Rx 10357778 09 f1 0d 00 00 f8 ff 7f 00 00 ff ff
source=0: pgn=Rudder(127245): values=Instance=(0) DirectionOrder=("0") AngleOrder=(None) Position=(0.00 deg)

0  : pgn=65359  line=Rx 10357784 1c ff 4f 00 3b 9f ff ff ff 6f 45 ff
source=0: pgn=Seatalk: Pilot Heading(65359): values=ManufacturerCode=(1851) IndustryCode=(4) HeadingTrue=(None) HeadingMagnetic=(101.84 deg)

3  : pgn=129026 line=Tx 10357801 09 f8 02 03 ff fc 33 48 55 01 ff ff
source=3: pgn=COG & SOG, Rapid Update(129026): values=COGReference=("0") COG=(105.90 deg) SOG=(3.41 m/s)

3  : pgn=129025 line=Tx 10357801 09 f8 01 03 09 61 6f 1c 30 c8 fd b6
source=3: pgn=Position, Rapid Update(129025): values=Latitude=(47.706138499999994 deg) Longitude=(-122.4882128 deg)

32 : pgn=128259 line=Rx 10357816 09 f5 03 20 59 2a 01 ff ff ff ff ff
source=32: pgn=Speed(128259): values=SpeedWaterReferenced=(2.98 m/s) SpeedGroundReferenced=(None) SpeedWaterReferencedType=(None) SpeedDirection=(None)

1  : pgn=129038 line=Rx 10357829 11 f8 0e 01 80 1b c1 8c a9 e6 15 bf
1  : pgn=129038 line=Rx 10357830 11 f8 0e 01 81 b8 14 b7 8b ba 56 1c
1  : pgn=129038 line=Rx 10357830 11 f8 0e 01 82 ac cb 0b 00 00 00 00
1  : pgn=129038 line=Rx 10357831 11 f8 0e 01 83 00 ff ff ff 7f f0 fe
0  : pgn=127250 line=Rx 10357875 09 f1 12 00 ff 79 45 ff 7f ff 7f fd
source=0: pgn=Vessel Heading(127250): values=Heading=(101.90 deg) Deviation=(None) Variation=(None) Reference=("1")

0  : pgn=127245 line=Rx 10357876 09 f1 0d 00 00 f8 ff 7f 00 00 ff ff
source=0: pgn=Rudder(127245): values=Instance=(0) DirectionOrder=("0") AngleOrder=(None) Position=(0.00 deg)

0  : pgn=65359  line=Rx 10357883 1c ff 4f 00 3b 9f ff ff ff 79 45 ff
source=0: pgn=Seatalk: Pilot Heading(65359): values=ManufacturerCode=(1851) IndustryCode=(4) HeadingTrue=(None) HeadingMagnetic=(101.90 deg)

3  : pgn=129029 line=Tx 10357902 0d f8 05 03 60 2b a4 06 40 9a 05 16
3  : pgn=129029 line=Tx 10357902 0d f8 05 03 61 2c 00 1a fb 54 cd dc
3  : pgn=129029 line=Tx 10357902 0d f8 05 03 62 9e 06 00 e0 d5 bc 31
3  : pgn=129029 line=Tx 10357902 0d f8 05 03 63 58 00 ef ff ff ff ff
3  : pgn=129029 line=Tx 10357902 0d f8 05 03 64 ff ff ff 7f 23 fc 09
3  : pgn=129029 line=Tx 10357902 0d f8 05 03 65 55 00 ff 7f ff ff ff
3  : pgn=129029 line=Tx 10357902 0d f8 05 03 66 7f 00 ff ff ff ff ff
3  : pgn=129025 line=Tx 10357902 09 f8 01 03 09 61 6f 1c 30 c8 fd b6
source=3: pgn=Position, Rapid Update(129025): values=Latitude=(47.706138499999994 deg) Longitude=(-122.4882128 deg)

3  : pgn=129033 line=Tx 10357902 0d f8 09 03 06 40 9a 05 16 2c 5c fe
source=3: pgn=Time & Date(129033): values=Date=(16390 d) Time=(73964.073 s) LocalOffset=(-25200.0 s)

32 : pgn=128259 line=Rx 10357916 09 f5 03 20 5a 2d 01 ff ff ff ff ff
source=32: pgn=Speed(128259): values=SpeedWaterReferenced=(3.0100000000000002 m/s) SpeedGroundReferenced=(None) SpeedWaterReferencedType=(None) SpeedDirection=(None)

0  : pgn=127250 line=Rx 10357975 09 f1 12 00 ff 85 45 ff 7f ff 7f fd
source=0: pgn=Vessel Heading(127250): values=Heading=(101.97 deg) Deviation=(None) Variation=(None) Reference=("1")

0  : pgn=127245 line=Rx 10357976 09 f1 0d 00 00 f8 ff 7f 00 00 ff ff
source=0: pgn=Rudder(127245): values=Instance=(0) DirectionOrder=("0") AngleOrder=(None) Position=(0.00 deg)

0  : pgn=65359  line=Rx 10357980 1c ff 4f 00 3b 9f ff ff ff 85 45 ff
source=0: pgn=Seatalk: Pilot Heading(65359): values=ManufacturerCode=(1851) IndustryCode=(4) HeadingTrue=(None) HeadingMagnetic=(101.97 deg)

3  : pgn=129026 line=Tx 10358002 09 f8 02 03 ff fc 79 48 53 01 ff ff
source=3: pgn=COG & SOG, Rapid Update(129026): values=COGReference=("0") COG=(106.30 deg) SOG=(3.39 m/s)

3  : pgn=129025 line=Tx 10358002 09 f8 01 03 d3 60 6f 1c cf c8 fd b6
source=3: pgn=Position, Rapid Update(129025): values=Latitude=(47.706133099999995 deg) Longitude=(-122.48819689999999 deg)

3  : pgn=126992 line=Tx 10358002 0d f0 10 03 ff ff 06 40 84 0c 16 2c
source=3: pgn=System Time(126992): values=Source=(None) Date=(16390 d) Time=(73964.25 s)

32 : pgn=128259 line=Rx 10358017 09 f5 03 20 5b 34 01 ff ff ff ff ff
source=32: pgn=Speed(128259): values=SpeedWaterReferenced=(3.08 m/s) SpeedGroundReferenced=(None) SpeedWaterReferencedType=(None) SpeedDirection=(None)

32 : pgn=130310 line=Rx 10358020 15 fd 06 20 ec ff ff ff ff ff ff ff
source=32: pgn=Environmental Parameters (obsolete)(130310): values=WaterTemperature=(None) OutsideAmbientAirTemperature=(None) AtmosphericPressure=(None)

32 : pgn=128275 line=Rx 10358030 19 f5 13 20 c0 0e ff ff ff ff ff ff
32 : pgn=128275 line=Rx 10358035 19 f5 13 20 c1 44 ae 3c 00 44 ae 3c
32 : pgn=128275 line=Rx 10358040 19 f5 13 20 c2 00 ff ff ff ff ff ff
1  : pgn=59936  line=Rx 10358068 18 ea 20 01 00 ee 00 00 00 00 00 00
0  : pgn=127250 line=Rx 10358075 09 f1 12 00 ff 91 45 ff 7f ff 7f fd
source=0: pgn=Vessel Heading(127250): values=Heading=(102.04 deg) Deviation=(None) Variation=(None) Reference=("1")

0  : pgn=127245 line=Rx 10358076 09 f1 0d 00 00 f8 ff 7f 00 00 ff ff
source=0: pgn=Rudder(127245): values=Instance=(0) DirectionOrder=("0") AngleOrder=(None) Position=(0.00 deg)

0  : pgn=65359  line=Rx 10358082 1c ff 4f 00 3b 9f ff ff ff 91 45 ff
source=0: pgn=Seatalk: Pilot Heading(65359): values=ManufacturerCode=(1851) IndustryCode=(4) HeadingTrue=(None) HeadingMagnetic=(102.04 deg)

0  : pgn=126975 line=Rx 10358091 1d ef ff 00 80 08 3b 9f f0 81 9c 11
0  : pgn=126975 line=Rx 10358093 1d ef ff 00 81 06 00 ff ff ff ff ff
3  : pgn=129025 line=Tx 10358102 09 f8 01 03 d3 60 6f 1c cf c8 fd b6
source=3: pgn=Position, Rapid Update(129025): values=Latitude=(47.706133099999995 deg) Longitude=(-122.48819689999999 deg)

32 : pgn=128259 line=Rx 10358116 09 f5 03 20 5c 3b 01 ff ff ff ff ff
1  : pgn=129038 line=Rx 10358163 11 f8 0e 01 a0 1b c1 78 cf e8 15 64
1  : pgn=129038 line=Rx 10358163 11 f8 0e 01 a1 75 13 b7 f7 74 5a 1c
1  : pgn=129038 line=Rx 10358164 11 f8 0e 01 a2 b0 b9 29 00 00 00 00
1  : pgn=129038 line=Rx 10358164 11 f8 0e 01 a3 00 4f 77 00 00 f0 fe
0  : pgn=127250 line=Rx 10358175 09 f1 12 00 ff a3 45 ff 7f ff 7f fd
source=0: pgn=Vessel Heading(127250): values=Heading=(102.14 deg) Deviation=(None) Variation=(None) Reference=("1")

0  : pgn=127245 line=Rx 10358176 09 f1 0d 00 00 f8 ff 7f 00 00 ff ff
source=0: pgn=Rudder(127245): values=Instance=(0) DirectionOrder=("0") AngleOrder=(None) Position=(0.00 deg)

0  : pgn=65359  line=Rx 10358180 1c ff 4f 00 3b 9f ff ff ff a3 45 ff
source=0: pgn=Seatalk: Pilot Heading(65359): values=ManufacturerCode=(1851) IndustryCode=(4) HeadingTrue=(None) HeadingMagnetic=(102.14 deg)

3  : pgn=129026 line=Tx 10358203 09 f8 02 03 ff fc 79 48 53 01 ff ff
source=3: pgn=COG & SOG, Rapid Update(129026): values=COGReference=("0") COG=(106.30 deg) SOG=(3.39 m/s)

3  : pgn=129025 line=Tx 10358203 09 f8 01 03 d3 60 6f 1c cf c8 fd b6
source=3: pgn=Position, Rapid Update(129025): values=Latitude=(47.706133099999995 deg) Longitude=(-122.48819689999999 deg)

3  : pgn=129291 line=Tx 10358203 0d f9 0b 03 ff fc d5 27 4c 00 ff ff
source=3: pgn=Set & Drift, Rapid Update(129291): values=SetReference=("0") Set=(58.42 deg) Drift=(0.76 m/s)

32 : pgn=128259 line=Rx 10358214 09 f5 03 20 5d 3c 01 ff ff ff ff ff
source=32: pgn=Speed(128259): values=SpeedWaterReferenced=(3.16 m/s) SpeedGroundReferenced=(None) SpeedWaterReferencedType=(None) SpeedDirection=(None)

1  : pgn=129038 line=Rx 10358255 11 f8 0e 01 c0 1b c1 7c ac df 15 e9
1  : pgn=129038 line=Rx 10358255 11 f8 0e 01 c1 7e 0b b7 c2 ff 7a 1c
1  : pgn=129038 line=Rx 10358256 11 f8 0e 01 c2 b0 31 a5 00 00 00 00
1  : pgn=129038 line=Rx 10358256 11 f8 0e 01 c3 00 ff ff ff 7f f0 fe
1  : pgn=129794 line=Rx 10358257 19 fb 02 01 c0 4b 05 70 83 e7 15 98
1  : pgn=129794 line=Rx 10358257 19 fb 02 01 c1 c2 6c 00 57 43 53 36
1  : pgn=129794 line=Rx 10358258 19 fb 02 01 c2 39 34 31 41 51 55 49
1  : pgn=129794 line=Rx 10358258 19 fb 02 01 c3 4c 41 20 20 20 20 20
1  : pgn=129794 line=Rx 10358259 19 fb 02 01 c4 20 20 20 20 20 20 20
1  : pgn=129794 line=Rx 10358260 19 fb 02 01 c5 20 20 21 f4 01 82 00
1  : pgn=129794 line=Rx 10358260 19 fb 02 01 c6 ff ff ff ff f8 3f 00
1  : pgn=129794 line=Rx 10358261 19 fb 02 01 c7 cc bf 19 90 01 53 45
0  : pgn=127250 line=Rx 10358275 09 f1 12 00 ff c0 45 ff 7f ff 7f fd
source=0: pgn=Vessel Heading(127250): values=Heading=(102.31 deg) Deviation=(None) Variation=(None) Reference=("1")

0  : pgn=127245 line=Rx 10358276 09 f1 0d 00 00 f8 ff 7f 00 00 ff ff
source=0: pgn=Rudder(127245): values=Instance=(0) DirectionOrder=("0") AngleOrder=(None) Position=(0.00 deg)

0  : pgn=65359  line=Rx 10358283 1c ff 4f 00 3b 9f ff ff ff c0 45 ff
source=0: pgn=Seatalk: Pilot Heading(65359): values=ManufacturerCode=(1851) IndustryCode=(4) HeadingTrue=(None) HeadingMagnetic=(102.31 deg)

1  : pgn=129794 line=Rx 10358287 19 fb 02 01 c8 41 54 54 4c 45 20 57
1  : pgn=129794 line=Rx 10358288 19 fb 02 01 c9 41 20 20 20 20 20 20
1  : pgn=129794 line=Rx 10358288 19 fb 02 01 ca 20 20 20 20 04 e0 ff
1  : pgn=129038 line=Rx 10358289 11 f8 0e 01 e0 1b c1 d2 d5 e2 15 ff
1  : pgn=129038 line=Rx 10358290 11 f8 0e 01 e1 ff ff 7f ff ff ff 7f
1  : pgn=129038 line=Rx 10358290 11 f8 0e 01 e2 fc ff ff ff ff 00 00
1  : pgn=129038 line=Rx 10358291 11 f8 0e 01 e3 00 ff ff ff 7f f0 fe
3  : pgn=129025 line=Tx 10358306 09 f8 01 03 b9 60 6f 1c 25 c9 fd b6
source=3: pgn=Position, Rapid Update(129025): values=Latitude=(47.7061305 deg) Longitude=(-122.48818829999999 deg)

32 : pgn=128259 line=Rx 10358314 09 f5 03 20 5e 41 01 ff ff ff ff ff
source=32: pgn=Speed(128259): values=SpeedWaterReferenced=(3.21 m/s) SpeedGroundReferenced=(None) SpeedWaterReferencedType=(None) SpeedDirection=(None)

1  : pgn=129038 line=Rx 10358320 11 f8 0e 01 00 1b c1 62 83 dc 15 2f
source=1: pgn=AIS Class A Position Report(129038): values=MessageID=(0) RepeatIndicator=("0") UserID=(2204287259) Longitude=(0.0 deg) Latitude=(0.0 deg) PositionAccuracy=("0") RAIM=("0") TimeStamp=("0") COG=(0.00 deg) SOG=(0.0 m/s) CommunicationState=(0) AISTransceiverinformation=("0") Heading=(0.00 deg) RateofTurn=(0.00 deg/s) NavStatus=("0") SpecialManeuverIndicator=("0") Spare=(0) SequenceID=(0)

1  : pgn=129038 line=Rx 10358321 11 f8 0e 01 01 e7 f9 b6 bf 4c 62 1c
source=1: pgn=AIS Class A Position Report(129038): values=MessageID=(1) RepeatIndicator=("0") UserID=(3216439783) Longitude=(0.0 deg) Latitude=(0.0 deg) PositionAccuracy=("0") RAIM=("0") TimeStamp=("0") COG=(0.00 deg) SOG=(0.0 m/s) CommunicationState=(0) AISTransceiverinformation=("0") Heading=(0.00 deg) RateofTurn=(0.00 deg/s) NavStatus=("0") SpecialManeuverIndicator=("0") Spare=(0) SequenceID=(0)

1  : pgn=129038 line=Rx 10358321 11 f8 0e 01 02 b1 64 d2 00 00 00 00
source=1: pgn=AIS Class A Position Report(129038): values=MessageID=(2) RepeatIndicator=("0") UserID=(13788337) Longitude=(0.0 deg) Latitude=(0.0 deg) PositionAccuracy=("0") RAIM=("0") TimeStamp=("0") COG=(0.00 deg) SOG=(0.0 m/s) CommunicationState=(0) AISTransceiverinformation=("0") Heading=(0.00 deg) RateofTurn=(0.00 deg/s) NavStatus=("0") SpecialManeuverIndicator=("0") Spare=(0) SequenceID=(0)

1  : pgn=129038 line=Rx 10358322 11 f8 0e 01 03 00 cd c9 00 00 ff fe
source=1: pgn=AIS Class A Position Report(129038): values=MessageID=(3) RepeatIndicator=("0") UserID=(13225216) Longitude=(0.0 deg) Latitude=(0.0 deg) PositionAccuracy=("0") RAIM=("0") TimeStamp=("0") COG=(0.00 deg) SOG=(0.0 m/s) CommunicationState=(0) AISTransceiverinformation=("0") Heading=(0.00 deg) RateofTurn=(0.00 deg/s) NavStatus=("0") SpecialManeuverIndicator=("0") Spare=(0) SequenceID=(0)

0  : pgn=127250 line=Rx 10358376 09 f1 12 00 ff d9 45 ff 7f ff 7f fd
source=0: pgn=Vessel Heading(127250): values=Heading=(102.45 deg) Deviation=(None) Variation=(None) Reference=("1")

0  : pgn=127245 line=Rx 10358377 09 f1 0d 00 00 f8 ff 7f 00 00 ff ff
source=0: pgn=Rudder(127245): values=Instance=(0) DirectionOrder=("0") AngleOrder=(None) Position=(0.00 deg)

1  : pgn=129809 line=Rx 10358380 19 fb 11 01 80 19 18 18 ba 03 16 53
1  : pgn=129809 line=Rx 10358380 19 fb 11 01 81 41 43 41 4a 41 57 45
1  : pgn=129809 line=Rx 10358381 19 fb 11 01 82 41 20 20 20 20 20 20
1  : pgn=129809 line=Rx 10358381 19 fb 11 01 83 20 20 20 20 20 ff ff
1  : pgn=130842 line=Rx 10358382 19 ff 1a 01 60 1d 41 9f 00 00 00 18
1  : pgn=130842 line=Rx 10358382 19 ff 1a 01 61 ba 03 16 53 41 43 41
1  : pgn=130842 line=Rx 10358383 19 ff 1a 01 62 4a 41 57 45 41 20 20
1  : pgn=130842 line=Rx 10358383 19 ff 1a 01 63 20 20 20 20 20 20 20
1  : pgn=130842 line=Rx 10358384 19 ff 1a 01 64 20 20 ff ff ff ff ff
0  : pgn=65359  line=Rx 10358386 1c ff 4f 00 3b 9f ff ff ff d9 45 ff
source=0: pgn=Seatalk: Pilot Heading(65359): values=ManufacturerCode=(1851) IndustryCode=(4) HeadingTrue=(None) HeadingMagnetic=(102.45 deg)

4  : pgn=65384  line=Rx 10358402 1c ff 68 04 3b 9f 00 00 00 00 00 00
3  : pgn=129026 line=Tx 10358406 09 f8 02 03 ff fc bf 48 52 01 ff ff
source=3: pgn=COG & SOG, Rapid Update(129026): values=COGReference=("0") COG=(106.70 deg) SOG=(3.38 m/s)

3  : pgn=130577 line=Tx 10358406 0d fe 11 03 80 0e c0 a5 bf 48 52 01
3  : pgn=130577 line=Tx 10358406 0d fe 11 03 81 ff ff ff ff fe 18 44
3  : pgn=130577 line=Tx 10358406 0d fe 11 03 82 00 ff ff ff ff ff ff
3  : pgn=129025 line=Tx 10358406 09 f8 01 03 b9 60 6f 1c 25 c9 fd b6
3  : pgn=130306 line=Tx 10358406 09 fd 02 03 ff c1 02 14 c7 fa ff ff
source=3: pgn=Wind Data(130306): values=WindSpeed=(7.05 m/s) WindAngle=(292.00 deg) Reference=("2")

32 : pgn=128259 line=Rx 10358413 09 f5 03 20 5f 3e 01 ff ff ff ff ff
source=32: pgn=Speed(128259): values=SpeedWaterReferenced=(3.18 m/s) SpeedGroundReferenced=(None) SpeedWaterReferencedType=(None) SpeedDirection=(None)

1  : pgn=129038 line=Rx 10358443 11 f8 0e 01 20 1b c1 50 c6 e2 15 ff
1  : pgn=129038 line=Rx 10358444 11 f8 0e 01 21 ff ff 7f ff ff ff 7f
1  : pgn=129038 line=Rx 10358444 11 f8 0e 01 22 fc ff ff ff ff 01 00
1  : pgn=129038 line=Rx 10358445 11 f8 0e 01 23 08 ff ff ff 7f f0 fe
0  : pgn=127250 line=Rx 10358475 09 f1 12 00 ff 05 46 ff 7f ff 7f fd
source=0: pgn=Vessel Heading(127250): values=Heading=(102.70 deg) Deviation=(None) Variation=(None) Reference=("1")

0  : pgn=127245 line=Rx 10358476 09 f1 0d 00 00 f8 ff 7f 00 00 ff ff
source=0: pgn=Rudder(127245): values=Instance=(0) DirectionOrder=("0") AngleOrder=(None) Position=(0.00 deg)

0  : pgn=65359  line=Rx 10358483 1c ff 4f 00 3b 9f ff ff ff 05 46 ff
source=0: pgn=Seatalk: Pilot Heading(65359): values=ManufacturerCode=(1851) IndustryCode=(4) HeadingTrue=(None) HeadingMagnetic=(102.70 deg)

3  : pgn=129283 line=Tx 10358507 0d f9 03 03 ff 7f ff ff ff 7f ff ff
source=3: pgn=Cross Track Error(129283): values=XTEmode=(None) NavigationTerminated=("1") XTE=(None)

3  : pgn=129025 line=Tx 10358507 09 f8 01 03 b9 60 6f 1c 25 c9 fd b6
source=3: pgn=Position, Rapid Update(129025): values=Latitude=(47.7061305 deg) Longitude=(-122.48818829999999 deg)

3  : pgn=128267 line=Tx 10358507 0d f5 0b 03 ff d4 3d 00 00 00 00 ff
source=3: pgn=Water Depth(128267): values=Depth=(158.28 m) Offset=(0.0 m) Range=(None)

32 : pgn=128259 line=Rx 10358513 09 f5 03 20 60 47 01 ff ff ff ff ff
source=32: pgn=Speed(128259): values=SpeedWaterReferenced=(3.27 m/s) SpeedGroundReferenced=(None) SpeedWaterReferencedType=(None) SpeedDirection=(None)

0  : pgn=127250 line=Rx 10358576 09 f1 12 00 ff 22 46 ff 7f ff 7f fd
source=0: pgn=Vessel Heading(127250): values=Heading=(102.87 deg) Deviation=(None) Variation=(None) Reference=("1")

0  : pgn=127245 line=Rx 10358577 09 f1 0d 00 00 f8 ff 7f 00 00 ff ff
source=0: pgn=Rudder(127245): values=Instance=(0) DirectionOrder=("0") AngleOrder=(None) Position=(0.00 deg)

0  : pgn=65379  line=Rx 10358581 1c ff 63 00 3b 9f 00 00 00 00 01 ff
source=0: pgn=Seatalk: Pilot Mode(65379): values=ManufacturerCode=(1851) IndustryCode=(4) PilotMode=(0) SubMode=(0) PilotModeData=(0)

0  : pgn=65359  line=Rx 10358582 1c ff 4f 00 3b 9f ff ff ff 22 46 ff
source=0: pgn=Seatalk: Pilot Heading(65359): values=ManufacturerCode=(1851) IndustryCode=(4) HeadingTrue=(None) HeadingMagnetic=(102.87 deg)

0  : pgn=126975 line=Rx 10358591 1d ef ff 00 a0 0d 3b 9f f0 81 84 96
0  : pgn=126975 line=Rx 10358592 1d ef ff 00 a1 46 1a 00 00 00 02 05
1  : pgn=129794 line=Rx 10358598 19 fb 02 01 e0 4b 05 af 4c 12 20 ff
1  : pgn=129794 line=Rx 10358598 19 fb 02 01 e1 ff ff ff 36 59 52 51
1  : pgn=129794 line=Rx 10358599 19 fb 02 01 e2 35 20 20 41 4d 45 52
1  : pgn=129794 line=Rx 10358599 19 fb 02 01 e3 49 43 41 4e 20 50 52
1  : pgn=129794 line=Rx 10358600 19 fb 02 01 e4 49 44 45 20 20 20 20
1  : pgn=129794 line=Rx 10358600 19 fb 02 01 e5 20 20 25 9a 01 50 00
1  : pgn=129794 line=Rx 10358601 19 fb 02 01 e6 ff ff ff ff b2 3f 00
1  : pgn=129794 line=Rx 10358601 19 fb 02 01 e7 7b 9a 17 bd 00 53 45
1  : pgn=129794 line=Rx 10358602 19 fb 02 01 e8 41 54 54 4c 45 20 20
1  : pgn=129794 line=Rx 10358603 19 fb 02 01 e9 20 20 20 20 20 20 20
1  : pgn=129794 line=Rx 10358603 19 fb 02 01 ea 20 20 20 20 05 e1 ff
3  : pgn=129026 line=Tx 10358608 09 f8 02 03 ff fc 04 49 51 01 ff ff
source=3: pgn=COG & SOG, Rapid Update(129026): values=COGReference=("0") COG=(107.10 deg) SOG=(3.37 m/s)

3  : pgn=129025 line=Tx 10358608 09 f8 01 03 84 60 6f 1c c4 c9 fd b6
source=3: pgn=Position, Rapid Update(129025): values=Latitude=(47.706125199999995 deg) Longitude=(-122.4881724 deg)

3  : pgn=129542 line=Tx 10358608 19 fa 06 03 80 0f a5 4b 01 00 00 00
3  : pgn=129542 line=Tx 10358608 19 fa 06 03 81 00 00 00 00 00 00 00
3  : pgn=129542 line=Tx 10358608 19 fa 06 03 82 00 00 ff ff ff ff ff
3  : pgn=65364  line=Tx 10358608 1c ff 54 03 3b 9f c1 02 14 c7 ff ff
32 : pgn=128259 line=Rx 10358613 09 f5 03 20 61 3b 01 ff ff ff ff ff
source=32: pgn=Speed(128259): values=SpeedWaterReferenced=(3.15 m/s) SpeedGroundReferenced=(None) SpeedWaterReferencedType=(None) SpeedDirection=(None)

1  : pgn=129038 line=Rx 10358629 11 f8 0e 01 40 1b c1 aa eb e0 15 25
1  : pgn=129038 line=Rx 10358629 11 f8 0e 01 41 20 0e b7 c5 3b 68 1c
1  : pgn=129038 line=Rx 10358629 11 f8 0e 01 42 b0 97 0b 00 00 00 00
1  : pgn=129038 line=Rx 10358629 11 f8 0e 01 43 00 ff ff ff 7f f8 fe
0  : pgn=127250 line=Rx 10358675 09 f1 12 00 ff 54 46 ff 7f ff 7f fd
source=0: pgn=Vessel Heading(127250): values=Heading=(103.16 deg) Deviation=(None) Variation=(None) Reference=("1")

0  : pgn=127245 line=Rx 10358676 09 f1 0d 00 00 f8 ff 7f 00 00 ff ff
source=0: pgn=Rudder(127245): values=Instance=(0) DirectionOrder=("0") AngleOrder=(None) Position=(0.00 deg)

0  : pgn=65359  line=Rx 10358683 1c ff 4f 00 3b 9f ff ff ff 54 46 ff
source=0: pgn=Seatalk: Pilot Heading(65359): values=ManufacturerCode=(1851) IndustryCode=(4) HeadingTrue=(None) HeadingMagnetic=(103.16 deg)

0  : pgn=126975 line=Rx 10358686 1d ef ff 00 c0 09 3b 9f f0 81 ae 02
0  : pgn=126975 line=Rx 10358688 1d ef ff 00 c1 00 08 00 ff ff ff ff
3  : pgn=129540 line=Tx 10358708 19 fa 04 03 c0 9f c7 ff 0d 03 97 1a
source=3: pgn=GNSS Sats in View(129540): values=RangeResidualMode=(None) SatsinView=(199) PRN=(None) Elevation=(4.47 deg) Azimuth=(39.00 deg) SNR=(0.0 dB) Rangeresiduals=(0) Status=("0")

3  : pgn=129540 line=Tx 10358708 19 fa 04 03 c1 2e 26 00 00 00 00 00
source=3: pgn=GNSS Sats in View(129540): values=RangeResidualMode=("0") SatsinView=(38) PRN=(0) Elevation=(0.00 deg) Azimuth=(0.00 deg) SNR=(0.0 dB) Rangeresiduals=(0) Status=("0")

3  : pgn=129540 line=Tx 10358708 19 fa 04 03 c2 00 f3 0f ff 1d ad 3c
source=3: pgn=GNSS Sats in View(129540): values=RangeResidualMode=("0") SatsinView=(243) PRN=(15) Elevation=(44.00 deg) Azimuth=(89.00 deg) SNR=(0.0 dB) Rangeresiduals=(0) Status=("0")

3  : pgn=129540 line=Tx 10358708 19 fa 04 03 c3 10 0e 00 00 00 00 f5
source=3: pgn=GNSS Sats in View(129540): values=RangeResidualMode=("0") SatsinView=(14) PRN=(0) Elevation=(0.00 deg) Azimuth=(359.36 deg) SNR=(0.0 dB) Rangeresiduals=(0) Status=("0")

3  : pgn=129540 line=Tx 10358708 19 fa 04 03 c4 10 17 13 c2 b8 10 0e
source=3: pgn=GNSS Sats in View(129540): values=RangeResidualMode=("0") SatsinView=(23) PRN=(19) Elevation=(-104.50 deg) Azimuth=(20.63 deg) SNR=(0.0 dB) Rangeresiduals=(0) Status=("0")

3  : pgn=129540 line=Tx 10358708 19 fa 04 03 c5 00 00 00 00 f5 12 c5
source=3: pgn=GNSS Sats in View(129540): values=RangeResidualMode=("0") SatsinView=(0) PRN=(0) Elevation=(-16.13 deg) Azimuth=(289.06 deg) SNR=(0.0 dB) Rangeresiduals=(0) Status=("0")

3  : pgn=129540 line=Tx 10358708 19 fa 04 03 c6 31 f2 93 ac 0d 00 00
source=3: pgn=GNSS Sats in View(129540): values=RangeResidualMode=("1") SatsinView=(242) PRN=(147) Elevation=(20.05 deg) Azimuth=(0.00 deg) SNR=(0.0 dB) Rangeresiduals=(0) Status=("0")

3  : pgn=129540 line=Tx 10358708 19 fa 04 03 c7 00 00 f5 13 69 03 1f
source=3: pgn=GNSS Sats in View(129540): values=RangeResidualMode=("0") SatsinView=(0) PRN=(245) Elevation=(154.12 deg) Azimuth=(45.49 deg) SNR=(0.0 dB) Rangeresiduals=(0) Status=("0")

3  : pgn=129540 line=Tx 10358708 19 fa 04 03 c8 d8 48 0d 00 00 00 00
source=3: pgn=GNSS Sats in View(129540): values=RangeResidualMode=("0") SatsinView=(72) PRN=(13) Elevation=(0.00 deg) Azimuth=(0.00 deg) SNR=(0.0 dB) Rangeresiduals=(0) Status=("0")

3  : pgn=129540 line=Tx 10358708 19 fa 04 03 c9 f5 15 e8 37 68 21 10
source=3: pgn=GNSS Sats in View(129540): values=RangeResidualMode=("1") SatsinView=(21) PRN=(232) Elevation=(152.86 deg) Azimuth=(23.66 deg) SNR=(0.0 dB) Rangeresiduals=(0) Status=("0")

3  : pgn=129540 line=Tx 10358708 19 fa 04 03 ca 0e 00 00 00 00 f5 16
source=3: pgn=GNSS Sats in View(129540): values=RangeResidualMode=("0") SatsinView=(0) PRN=(0) Elevation=(0.00 deg) Azimuth=(33.67 deg) SNR=(0.0 dB) Rangeresiduals=(0) Status=("0")

3  : pgn=129540 line=Tx 10358710 19 fa 04 03 cb 80 16 cf 9c a0 0f 00
source=3: pgn=GNSS Sats in View(129540): values=RangeResidualMode=("0") SatsinView=(22) PRN=(207) Elevation=(-139.92 deg) Azimuth=(0.09 deg) SNR=(0.0 dB) Rangeresiduals=(0) Status=("0")

3  : pgn=129540 line=Tx 10358710 19 fa 04 03 cc 00 00 00 f5 1a ae 0f
source=3: pgn=GNSS Sats in View(129540): values=RangeResidualMode=("0") SatsinView=(0) PRN=(0) Elevation=(39.54 deg) Azimuth=(23.00 deg) SNR=(0.0 dB) Rangeresiduals=(0) Status=("0")

3  : pgn=129540 line=Tx 10358711 19 fa 04 03 cd 5d 1f 74 0e 00 00 00
source=3: pgn=GNSS Sats in View(129540): values=RangeResidualMode=("1") SatsinView=(31) PRN=(116) Elevation=(0.08 deg) Azimuth=(0.00 deg) SNR=(0.0 dB) Rangeresiduals=(0) Status=("0")

32 : pgn=128259 line=Rx 10358712 09 f5 03 20 62 43 01 ff ff ff ff ff
source=32: pgn=Speed(128259): values=SpeedWaterReferenced=(3.23 m/s) SpeedGroundReferenced=(None) SpeedWaterReferencedType=(None) SpeedDirection=(None)

3  : pgn=129540 line=Tx 10358712 19 fa 04 03 ce 00 f5 1b d1 15 ab d2
source=3: pgn=GNSS Sats in View(129540): values=RangeResidualMode=("0") SatsinView=(245) PRN=(27) Elevation=(32.00 deg) Azimuth=(309.00 deg) SNR=(0.0 dB) Rangeresiduals=(0) Status=("0")

3  : pgn=129540 line=Tx 10358713 19 fa 04 03 cf c4 09 00 00 00 00 f5
source=3: pgn=GNSS Sats in View(129540): values=RangeResidualMode=("0") SatsinView=(9) PRN=(0) Elevation=(0.00 deg) Azimuth=(359.36 deg) SNR=(0.0 dB) Rangeresiduals=(0) Status=("0")

3  : pgn=129540 line=Tx 10358715 19 fa 04 03 d0 1d 51 0e a1 67 b8 0b
source=3: pgn=GNSS Sats in View(129540): values=RangeResidualMode=("1") SatsinView=(81) PRN=(14) Elevation=(152.00 deg) Azimuth=(17.19 deg) SNR=(0.0 dB) Rangeresiduals=(0) Status=("0")

3  : pgn=129540 line=Tx 10358715 19 fa 04 03 d1 00 00 00 00 f5 23 d1
source=3: pgn=GNSS Sats in View(129540): values=RangeResidualMode=("0") SatsinView=(0) PRN=(0) Elevation=(-16.13 deg) Azimuth=(306.76 deg) SNR=(0.0 dB) Rangeresiduals=(0) Status=("0")

3  : pgn=129540 line=Tx 10358716 19 fa 04 03 d2 15 c3 8b 00 00 00 00
source=3: pgn=GNSS Sats in View(129540): values=RangeResidualMode=("1") SatsinView=(195) PRN=(139) Elevation=(0.00 deg) Azimuth=(0.00 deg) SNR=(0.0 dB) Rangeresiduals=(0) Status=("0")

3  : pgn=129540 line=Tx 10358716 19 fa 04 03 d3 00 00 f3 30 2e 17 43
source=3: pgn=GNSS Sats in View(129540): values=RangeResidualMode=("0") SatsinView=(0) PRN=(243) Elevation=(67.75 deg) Azimuth=(98.41 deg) SNR=(0.0 dB) Rangeresiduals=(0) Status=("0")

3  : pgn=129540 line=Tx 10358717 19 fa 04 03 d4 84 cc 10 00 00 00 00
source=3: pgn=GNSS Sats in View(129540): values=RangeResidualMode=("0") SatsinView=(204) PRN=(16) Elevation=(0.00 deg) Azimuth=(0.00 deg) SNR=(0.0 dB) Rangeresiduals=(0) Status=("0")

3  : pgn=129540 line=Tx 10358718 19 fa 04 03 d5 f5 33 80 16 67 6c 1c
source=3: pgn=GNSS Sats in View(129540): values=RangeResidualMode=("1") SatsinView=(51) PRN=(128) Elevation=(151.20 deg) Azimuth=(41.69 deg) SNR=(0.0 dB) Rangeresiduals=(0) Status=("0")

3  : pgn=129540 line=Tx 10358719 19 fa 04 03 d6 0c 00 00 00 00 f5 ff
source=3: pgn=GNSS Sats in View(129540): values=RangeResidualMode=("0") SatsinView=(0) PRN=(0) Elevation=(0.00 deg) Azimuth=(375.43 deg) SNR=(0.0 dB) Rangeresiduals=(0) Status=("0")

3  : pgn=129025 line=Tx 10358719 09 f8 01 03 84 60 6f 1c c4 c9 fd b6
source=3: pgn=Position, Rapid Update(129025): values=Latitude=(47.706125199999995 deg) Longitude=(-122.4881724 deg)

3  : pgn=127258 line=Tx 10358721 19 f1 1a 03 ff f6 12 39 fa 0a ff ff
source=3: pgn=Magnetic Variation(127258): values=Source=("6") Ageofservice=(14610 d) Variation=(16.10 deg)

0  : pgn=127250 line=Rx 10358775 09 f1 12 00 ff 86 46 ff 7f ff 7f fd
source=0: pgn=Vessel Heading(127250): values=Heading=(103.44 deg) Deviation=(None) Variation=(None) Reference=("1")

0  : pgn=127245 line=Rx 10358776 09 f1 0d 00 00 f8 ff 7f 00 00 ff ff
source=0: pgn=Rudder(127245): values=Instance=(0) DirectionOrder=("0") AngleOrder=(None) Position=(0.00 deg)

0  : pgn=65359  line=Rx 10358782 1c ff 4f 00 3b 9f ff ff ff 86 46 ff
source=0: pgn=Seatalk: Pilot Heading(65359): values=ManufacturerCode=(1851) IndustryCode=(4) HeadingTrue=(None) HeadingMagnetic=(103.44 deg)

1  : pgn=129038 line=Rx 10358808 11 f8 0e 01 60 1b c1 a8 2c e8 15 9c
1  : pgn=129038 line=Rx 10358808 11 f8 0e 01 61 ca 0c b7 6c 78 69 1c
3  : pgn=129026 line=Tx 10358808 09 f8 02 03 ff fc 5c 49 50 01 ff ff
source=3: pgn=COG & SOG, Rapid Update(129026): values=COGReference=("0") COG=(107.60 deg) SOG=(3.36 m/s)

3  : pgn=129025 line=Tx 10358808 09 f8 01 03 69 60 6f 1c 1a ca fd b6
source=3: pgn=Position, Rapid Update(129025): values=Latitude=(47.7061225 deg) Longitude=(-122.4881638 deg)

1  : pgn=129038 line=Rx 10358809 11 f8 0e 01 62 b0 c5 10 00 00 00 00
1  : pgn=129038 line=Rx 10358810 11 f8 0e 01 63 00 ff ff ff 7f ff fe
32 : pgn=128259 line=Rx 10358811 09 f5 03 20 63 36 01 ff ff ff ff ff
source=32: pgn=Speed(128259): values=SpeedWaterReferenced=(3.1 m/s) SpeedGroundReferenced=(None) SpeedWaterReferencedType=(None) SpeedDirection=(None)

1  : pgn=129038 line=Rx 10358871 11 f8 0e 01 80 1b c1 58 f2 20 0d c8
1  : pgn=129038 line=Rx 10358871 11 f8 0e 01 81 85 13 b7 5a 4a 5d 1c
1  : pgn=129038 line=Rx 10358872 11 f8 0e 01 82 b0 b1 82 25 01 00 00
1  : pgn=129038 line=Rx 10358872 11 f8 0e 01 83 00 14 7c 00 00 f5 fe
0  : pgn=127250 line=Rx 10358877 09 f1 12 00 ff a4 46 ff 7f ff 7f fd
source=0: pgn=Vessel Heading(127250): values=Heading=(103.61 deg) Deviation=(None) Variation=(None) Reference=("1")

0  : pgn=127245 line=Rx 10358878 09 f1 0d 00 00 f8 ff 7f 00 00 ff ff
source=0: pgn=Rudder(127245): values=Instance=(0) DirectionOrder=("0") AngleOrder=(None) Position=(0.00 deg)

0  : pgn=65359  line=Rx 10358884 1c ff 4f 00 3b 9f ff ff ff a4 46 ff
source=0: pgn=Seatalk: Pilot Heading(65359): values=ManufacturerCode=(1851) IndustryCode=(4) HeadingTrue=(None) HeadingMagnetic=(103.61 deg)

3  : pgn=129029 line=Tx 10358909 0d f8 05 03 80 2b a5 06 40 a8 33 16
3  : pgn=129029 line=Tx 10358909 0d f8 05 03 81 2c 00 da 3c 14 a8 dc
3  : pgn=129029 line=Tx 10358909 0d f8 05 03 82 9e 06 00 84 1c d3 a3
3  : pgn=129029 line=Tx 10358909 0d f8 05 03 83 58 00 ef ff ff ff ff
3  : pgn=129029 line=Tx 10358909 0d f8 05 03 84 ff ff ff 7f 23 fc 09
3  : pgn=129029 line=Tx 10358909 0d f8 05 03 85 55 00 ff 7f ff ff ff
3  : pgn=129029 line=Tx 10358909 0d f8 05 03 86 7f 00 ff ff ff ff ff
3  : pgn=129025 line=Tx 10358909 09 f8 01 03 69 60 6f 1c 1a ca fd b6
source=3: pgn=Position, Rapid Update(129025): values=Latitude=(47.7061225 deg) Longitude=(-122.4881638 deg)

3  : pgn=129033 line=Tx 10358909 0d f8 09 03 06 40 a8 33 16 2c 5c fe
source=3: pgn=Time & Date(129033): values=Date=(16390 d) Time=(73965.25200000001 s) LocalOffset=(-25200.0 s)

32 : pgn=128259 line=Rx 10358911 09 f5 03 20 64 30 01 ff ff ff ff ff
source=32: pgn=Speed(128259): values=SpeedWaterReferenced=(3.04 m/s) SpeedGroundReferenced=(None) SpeedWaterReferencedType=(None) SpeedDirection=(None)

0  : pgn=127250 line=Rx 10358975 09 f1 12 00 ff ca 46 ff 7f ff 7f fd
source=0: pgn=Vessel Heading(127250): values=Heading=(103.83 deg) Deviation=(None) Variation=(None) Reference=("1")

0  : pgn=127245 line=Rx 10358976 09 f1 0d 00 00 f8 ff 7f 00 00 ff ff
source=0: pgn=Rudder(127245): values=Instance=(0) DirectionOrder=("0") AngleOrder=(None) Position=(0.00 deg)

0  : pgn=65359  line=Rx 10358980 1c ff 4f 00 3b 9f ff ff ff ca 46 ff
source=0: pgn=Seatalk: Pilot Heading(65359): values=ManufacturerCode=(1851) IndustryCode=(4) HeadingTrue=(None) HeadingMagnetic=(103.83 deg)

3  : pgn=129026 line=Tx 10359009 09 f8 02 03 ff fc 5c 49 50 01 ff ff
source=3: pgn=COG & SOG, Rapid Update(129026): values=COGReference=("0") COG=(107.60 deg) SOG=(3.36 m/s)

3  : pgn=129025 line=Tx 10359009 09 f8 01 03 69 60 6f 1c 1a ca fd b6
source=3: pgn=Position, Rapid Update(129025): values=Latitude=(47.7061225 deg) Longitude=(-122.4881638 deg)

3  : pgn=126992 line=Tx 10359009 0d f0 10 03 ff ff 06 40 a8 33 16 2c
source=3: pgn=System Time(126992): values=Source=(None) Date=(16390 d) Time=(73965.25200000001 s)

32 : pgn=128259 line=Rx 10359014 09 f5 03 20 65 3b 01 ff ff ff ff ff
source=32: pgn=Speed(128259): values=SpeedWaterReferenced=(3.15 m/s) SpeedGroundReferenced=(None) SpeedWaterReferencedType=(None) SpeedDirection=(None)

32 : pgn=130310 line=Rx 10359017 15 fd 06 20 ed ff ff ff ff ff ff ff
source=32: pgn=Environmental Parameters (obsolete)(130310): values=WaterTemperature=(None) OutsideAmbientAirTemperature=(None) AtmosphericPressure=(None)

32 : pgn=128275 line=Rx 10359025 19 f5 13 20 e0 0e ff ff ff ff ff ff
32 : pgn=128275 line=Rx 10359030 19 f5 13 20 e1 44 ae 3c 00 44 ae 3c
32 : pgn=128275 line=Rx 10359035 19 f5 13 20 e2 00 ff ff ff ff ff ff
32 : pgn=130846 line=Rx 10359045 1d ff 1e 20 60 0c 3b 9f 04 01 35 56
32 : pgn=130846 line=Rx 10359050 1d ff 1e 20 61 07 09 15 00 d8 04 ff
source=32: pgn=Furuno: Motion Sensor Status Extended(130846): values=ManufacturerCode=(1889) IndustryCode=(0)

1  : pgn=59936  line=Rx 10359051 18 ea 20 01 00 ee 00 00 00 00 00 00
4  : pgn=126975 line=Rx 10359061 1d ef ff 04 e0 07 3b 9f f0 81 90 00
4  : pgn=126975 line=Rx 10359061 1d ef ff 04 e1 03 ff ff ff ff ff ff
0  : pgn=127250 line=Rx 10359078 09 f1 12 00 ff ea 46 ff 7f ff 7f fd
source=0: pgn=Vessel Heading(127250): values=Heading=(104.01 deg) Deviation=(None) Variation=(None) Reference=("1")

0  : pgn=127245 line=Rx 10359078 09 f1 0d 00 00 f8 ff 7f 00 00 ff ff
source=0: pgn=Rudder(127245): values=Instance=(0) DirectionOrder=("0") AngleOrder=(None) Position=(0.00 deg)

0  : pgn=65359  line=Rx 10359085 1c ff 4f 00 3b 9f ff ff ff ea 46 ff
source=0: pgn=Seatalk: Pilot Heading(65359): values=ManufacturerCode=(1851) IndustryCode=(4) HeadingTrue=(None) HeadingMagnetic=(104.01 deg)

0  : pgn=126975 line=Rx 10359086 1d ef ff 00 e0 08 3b 9f f0 81 9c 11
0  : pgn=126975 line=Rx 10359088 1d ef ff 00 e1 07 00 ff ff ff ff ff
32 : pgn=128259 line=Rx 10359110 09 f5 03 20 66 2f 01 ff ff ff ff ff
source=32: pgn=Speed(128259): values=SpeedWaterReferenced=(3.0300000000000002 m/s) SpeedGroundReferenced=(None) SpeedWaterReferencedType=(None) SpeedDirection=(None)

3  : pgn=129025 line=Tx 10359110 09 f8 01 03 4d 60 6f 1c 74 ca fd b6
source=3: pgn=Position, Rapid Update(129025): values=Latitude=(47.706119699999995 deg) Longitude=(-122.48815479999999 deg)

0  : pgn=127250 line=Rx 10359175 09 f1 12 00 ff f7 46 ff 7f ff 7f fd
source=0: pgn=Vessel Heading(127250): values=Heading=(104.09 deg) Deviation=(None) Variation=(None) Reference=("1")

0  : pgn=127245 line=Rx 10359176 09 f1 0d 00 00 f8 ff 7f 00 00 ff ff
source=0: pgn=Rudder(127245): values=Instance=(0) DirectionOrder=("0") AngleOrder=(None) Position=(0.00 deg)

0  : pgn=65359  line=Rx 10359180 1c ff 4f 00 3b 9f ff ff ff f7 46 ff
source=0: pgn=Seatalk: Pilot Heading(65359): values=ManufacturerCode=(1851) IndustryCode=(4) HeadingTrue=(None) HeadingMagnetic=(104.09 deg)

32 : pgn=128259 line=Rx 10359209 09 f5 03 20 67 3a 01 ff ff ff ff ff
source=32: pgn=Speed(128259): values=SpeedWaterReferenced=(3.14 m/s) SpeedGroundReferenced=(None) SpeedWaterReferencedType=(None) SpeedDirection=(None)

3  : pgn=129026 line=Tx 10359211 09 f8 02 03 ff fc b3 49 50 01 ff ff
source=3: pgn=COG & SOG, Rapid Update(129026): values=COGReference=("0") COG=(108.10 deg) SOG=(3.36 m/s)

3  : pgn=129025 line=Tx 10359211 09 f8 01 03 4d 60 6f 1c 74 ca fd b6
source=3: pgn=Position, Rapid Update(129025): values=Latitude=(47.706119699999995 deg) Longitude=(-122.48815479999999 deg)

3  : pgn=129291 line=Tx 10359211 0d f9 0b 03 ff fc fe 18 44 00 ff ff
source=3: pgn=Set & Drift, Rapid Update(129291): values=SetReference=("0") Set=(36.66 deg) Drift=(0.68 m/s)

3  : pgn=129044 line=Tx 10359211 19 f8 14 03 80 14 57 38 34 00 00 00
3  : pgn=129044 line=Tx 10359211 19 f8 14 03 81 00 00 00 00 00 00 00
3  : pgn=129044 line=Tx 10359211 19 f8 14 03 82 00 00 00 57 38 34 00
0  : pgn=127250 line=Rx 10359275 09 f1 12 00 ff 05 47 ff 7f ff 7f fd
source=0: pgn=Vessel Heading(127250): values=Heading=(104.17 deg) Deviation=(None) Variation=(None) Reference=("1")

0  : pgn=127245 line=Rx 10359276 09 f1 0d 00 00 f8 ff 7f 00 00 ff ff
source=0: pgn=Rudder(127245): values=Instance=(0) DirectionOrder=("0") AngleOrder=(None) Position=(0.00 deg)

0  : pgn=65359  line=Rx 10359283 1c ff 4f 00 3b 9f ff ff ff 05 47 ff
source=0: pgn=Seatalk: Pilot Heading(65359): values=ManufacturerCode=(1851) IndustryCode=(4) HeadingTrue=(None) HeadingMagnetic=(104.17 deg)

32 : pgn=128259 line=Rx 10359309 09 f5 03 20 68 32 01 ff ff ff ff ff
source=32: pgn=Speed(128259): values=SpeedWaterReferenced=(3.06 m/s) SpeedGroundReferenced=(None) SpeedWaterReferencedType=(None) SpeedDirection=(None)

3  : pgn=129025 line=Tx 10359316 09 f8 01 03 4d 60 6f 1c 74 ca fd b6
1  : pgn=129038 line=Rx 10359355 11 f8 0e 01 a0 1b c3 4e 83 dc 15 94
1  : pgn=129038 line=Rx 10359355 11 f8 0e 01 a1 bf 09 b7 ca 05 53 1c
1  : pgn=129038 line=Rx 10359356 11 f8 0e 01 a2 b5 3f 2f c0 02 00 00
1  : pgn=129038 line=Rx 10359356 11 f8 0e 01 a3 00 45 2a 00 00 f0 fe
0  : pgn=127250 line=Rx 10359375 09 f1 12 00 ff 08 47 ff 7f ff 7f fd
source=0: pgn=Vessel Heading(127250): values=Heading=(104.19 deg) Deviation=(None) Variation=(None) Reference=("1")

0  : pgn=127245 line=Rx 10359376 09 f1 0d 00 00 f8 ff 7f 00 00 ff ff
source=0: pgn=Rudder(127245): values=Instance=(0) DirectionOrder=("0") AngleOrder=(None) Position=(0.00 deg)

0  : pgn=65359  line=Rx 10359380 1c ff 4f 00 3b 9f ff ff ff 08 47 ff
source=0: pgn=Seatalk: Pilot Heading(65359): values=ManufacturerCode=(1851) IndustryCode=(4) HeadingTrue=(None) HeadingMagnetic=(104.19 deg)

1  : pgn=129038 line=Rx 10359387 11 f8 0e 01 c0 1b c1 8e 0b e7 15 b7
1  : pgn=129038 line=Rx 10359387 11 f8 0e 01 c1 be 18 b7 1d 44 66 1c
1  : pgn=129038 line=Rx 10359388 11 f8 0e 01 c2 b6 30 c9 00 00 00 00
1  : pgn=129038 line=Rx 10359388 11 f8 0e 01 c3 00 ff ff ff 7f ff fe
4  : pgn=65384  line=Rx 10359402 1c ff 68 04 3b 9f 00 00 00 00 00 00
32 : pgn=128259 line=Rx 10359408 09 f5 03 20 69 34 01 ff ff ff ff ff
source=32: pgn=Speed(128259): values=SpeedWaterReferenced=(3.08 m/s) SpeedGroundReferenced=(None) SpeedWaterReferencedType=(None) SpeedDirection=(None)

3  : pgn=129026 line=Tx 10359416 09 f8 02 03 ff fc 50 4a 4e 01 ff ff
source=3: pgn=COG & SOG, Rapid Update(129026): values=COGReference=("0") COG=(109.00 deg) SOG=(3.34 m/s)

3  : pgn=130577 line=Tx 10359416 0d fe 11 03 a0 0e c0 a6 50 4a 4e 01
3  : pgn=130577 line=Tx 10359416 0d fe 11 03 a1 ff ff ff ff b8 1f 49
3  : pgn=130577 line=Tx 10359416 0d fe 11 03 a2 00 ff ff ff ff ff ff
3  : pgn=129025 line=Tx 10359416 09 f8 01 03 06 60 6f 1c 06 cb fd b6
3  : pgn=130306 line=Tx 10359416 09 fd 02 03 ff d5 02 88 cc fa ff ff
source=3: pgn=Wind Data(130306): values=WindSpeed=(7.25 m/s) WindAngle=(300.00 deg) Reference=("2")

0  : pgn=127250 line=Rx 10359475 09 f1 12 00 ff 09 47 ff 7f ff 7f fd
source=0: pgn=Vessel Heading(127250): values=Heading=(104.19 deg) Deviation=(None) Variation=(None) Reference=("1")

0  : pgn=127245 line=Rx 10359476 09 f1 0d 00 00 f8 ff 7f 00 00 ff ff
source=0: pgn=Rudder(127245): values=Instance=(0) DirectionOrder=("0") AngleOrder=(None) Position=(0.00 deg)

0  : pgn=65359  line=Rx 10359483 1c ff 4f 00 3b 9f ff ff ff 09 47 ff
source=0: pgn=Seatalk: Pilot Heading(65359): values=ManufacturerCode=(1851) IndustryCode=(4) HeadingTrue=(None) HeadingMagnetic=(104.19 deg)

32 : pgn=128259 line=Rx 10359508 09 f5 03 20 6a 35 01 ff ff ff ff ff
source=32: pgn=Speed(128259): values=SpeedWaterReferenced=(3.09 m/s) SpeedGroundReferenced=(None) SpeedWaterReferencedType=(None) SpeedDirection=(None)

1  : pgn=129794 line=Rx 10359508 19 fb 02 01 00 4b 05 3e ec e2 15 ff
source=1: pgn=AIS Class A Static and Voyage Related Data(129794): values=MessageID=(0) RepeatIndicator=("0") UserID=(3963487563) IMOnumber=(0) Callsign=(0) Name=(0) Typeofship=("0") Length=(0.0 m) Beam=(0.0 m) PositionreferencefromStarboard=(0.0 m) PositionreferencefromBow=(0.0 m) ETADate=(0 d) ETATime=(0.0 s) Draft=(0.0 m) Destination=(0) AISversionindicator=("0") GNSStype=("0") DTE=("0") AISTransceiverinformation=("0")

1  : pgn=129794 line=Rx 10359509 19 fb 02 01 01 ff ff ff 57 44 44 37
source=1: pgn=AIS Class A Static and Voyage Related Data(129794): values=MessageID=(1) RepeatIndicator=("0") UserID=(1476395007) IMOnumber=(0) Callsign=(0) Name=(0) Typeofship=("0") Length=(0.0 m) Beam=(0.0 m) PositionreferencefromStarboard=(0.0 m) PositionreferencefromBow=(0.0 m) ETADate=(0 d) ETATime=(0.0 s) Draft=(0.0 m) Destination=(0) AISversionindicator=("0") GNSStype=("0") DTE=("0") AISTransceiverinformation=("0")

1  : pgn=129794 line=Rx 10359510 19 fb 02 01 02 39 33 36 53 4f 55 56
source=1: pgn=AIS Class A Static and Voyage Related Data(129794): values=MessageID=(2) RepeatIndicator=("0") UserID=(1396060985) IMOnumber=(0) Callsign=(0) Name=(0) Typeofship=("0") Length=(0.0 m) Beam=(0.0 m) PositionreferencefromStarboard=(0.0 m) PositionreferencefromBow=(0.0 m) ETADate=(0 d) ETATime=(0.0 s) Draft=(0.0 m) Destination=(0) AISversionindicator=("0") GNSStype=("0") DTE=("0") AISTransceiverinformation=("0")

1  : pgn=129794 line=Rx 10359510 19 fb 02 01 03 45 4e 49 52 20 20 20
source=1: pgn=AIS Class A Static and Voyage Related Data(129794): values=MessageID=(3) RepeatIndicator=("0") UserID=(1380535877) IMOnumber=(0) Callsign=(0) Name=(0) Typeofship=("0") Length=(0.0 m) Beam=(0.0 m) PositionreferencefromStarboard=(0.0 m) PositionreferencefromBow=(0.0 m) ETADate=(0 d) ETATime=(0.0 s) Draft=(0.0 m) Destination=(0) AISversionindicator=("0") GNSStype=("0") DTE=("0") AISTransceiverinformation=("0")

1  : pgn=129794 line=Rx 10359511 19 fb 02 01 04 20 20 20 20 20 20 20
source=1: pgn=AIS Class A Static and Voyage Related Data(129794): values=MessageID=(4) RepeatIndicator=("0") UserID=(538976288) IMOnumber=(0) Callsign=(0) Name=(0) Typeofship=("0") Length=(0.0 m) Beam=(0.0 m) PositionreferencefromStarboard=(0.0 m) PositionreferencefromBow=(0.0 m) ETADate=(0 d) ETATime=(0.0 s) Draft=(0.0 m) Destination=(0) AISversionindicator=("0") GNSStype=("0") DTE=("0") AISTransceiverinformation=("0")

1  : pgn=129794 line=Rx 10359511 19 fb 02 01 05 20 20 25 0e 01 46 00
source=1: pgn=AIS Class A Static and Voyage Related Data(129794): values=MessageID=(5) RepeatIndicator=("0") UserID=(237314080) IMOnumber=(0) Callsign=(0) Name=(0) Typeofship=("0") Length=(0.0 m) Beam=(0.0 m) PositionreferencefromStarboard=(0.0 m) PositionreferencefromBow=(0.0 m) ETADate=(0 d) ETATime=(0.0 s) Draft=(0.0 m) Destination=(0) AISversionindicator=("0") GNSStype=("0") DTE=("0") AISTransceiverinformation=("0")

1  : pgn=129794 line=Rx 10359512 19 fb 02 01 06 ff ff ff ff 76 3f 80
source=1: pgn=AIS Class A Static and Voyage Related Data(129794): values=MessageID=(6) RepeatIndicator=("0") UserID=(None) IMOnumber=(0) Callsign=(0) Name=(0) Typeofship=("0") Length=(0.0 m) Beam=(0.0 m) PositionreferencefromStarboard=(0.0 m) PositionreferencefromBow=(0.0 m) ETADate=(0 d) ETATime=(0.0 s) Draft=(0.0 m) Destination=(0) AISversionindicator=("0") GNSStype=("0") DTE=("0") AISTransceiverinformation=("0")

1  : pgn=129794 line=Rx 10359512 19 fb 02 01 07 ef 6c 32 c8 00 4c 41
1  : pgn=129794 line=Rx 10359513 19 fb 02 01 08 4b 45 20 55 4e 49 4f
1  : pgn=129794 line=Rx 10359513 19 fb 02 01 09 4e 20 20 20 20 20 20
1  : pgn=129794 line=Rx 10359514 19 fb 02 01 0a 20 20 20 20 04 e1 ff
3  : pgn=129283 line=Tx 10359516 0d f9 03 03 ff 7f ff ff ff 7f ff ff
source=3: pgn=Cross Track Error(129283): values=XTEmode=(None) NavigationTerminated=("1") XTE=(None)

3  : pgn=129025 line=Tx 10359516 09 f8 01 03 06 60 6f 1c 06 cb fd b6
source=3: pgn=Position, Rapid Update(129025): values=Latitude=(47.7061126 deg) Longitude=(-122.48814019999999 deg)

3  : pgn=128267 line=Tx 10359516 0d f5 0b 03 ff d4 3d 00 00 00 00 ff
source=3: pgn=Water Depth(128267): values=Depth=(158.28 m) Offset=(0.0 m) Range=(None)

0  : pgn=127250 line=Rx 10359575 09 f1 12 00 ff 0e 47 ff 7f ff 7f fd
source=0: pgn=Vessel Heading(127250): values=Heading=(104.22 deg) Deviation=(None) Variation=(None) Reference=("1")

0  : pgn=127245 line=Rx 10359575 09 f1 0d 00 00 f8 ff 7f 00 00 ff ff
source=0: pgn=Rudder(127245): values=Instance=(0) DirectionOrder=("0") AngleOrder=(None) Position=(0.00 deg)

0  : pgn=65379  line=Rx 10359580 1c ff 63 00 3b 9f 00 00 00 00 01 ff
source=0: pgn=Seatalk: Pilot Mode(65379): values=ManufacturerCode=(1851) IndustryCode=(4) PilotMode=(0) SubMode=(0) PilotModeData=(0)

0  : pgn=65359  line=Rx 10359581 1c ff 4f 00 3b 9f ff ff ff 0e 47 ff
source=0: pgn=Seatalk: Pilot Heading(65359): values=ManufacturerCode=(1851) IndustryCode=(4) HeadingTrue=(None) HeadingMagnetic=(104.22 deg)

0  : pgn=126975 line=Rx 10359585 1d ef ff 00 00 0d 3b 9f f0 81 84 16
0  : pgn=126975 line=Rx 10359586 1d ef ff 00 01 47 1c 00 00 00 02 05
1  : pgn=129038 line=Rx 10359600 11 f8 0e 01 e0 1b c1 2e 9d e2 15 14
1  : pgn=129038 line=Rx 10359600 11 f8 0e 01 e1 75 0c b7 01 e4 68 1c
1  : pgn=129038 line=Rx 10359601 11 f8 0e 01 e2 b4 85 0b 00 00 00 00
1  : pgn=129038 line=Rx 10359601 11 f8 0e 01 e3 00 ff ff ff 7f f0 fe
32 : pgn=128259 line=Rx 10359607 09 f5 03 20 6b 37 01 ff ff ff ff ff
source=32: pgn=Speed(128259): values=SpeedWaterReferenced=(3.11 m/s) SpeedGroundReferenced=(None) SpeedWaterReferencedType=(None) SpeedDirection=(None)

3  : pgn=129026 line=Tx 10359617 09 f8 02 03 ff fc 22 4b 50 01 ff ff
source=3: pgn=COG & SOG, Rapid Update(129026): values=COGReference=("0") COG=(110.20 deg) SOG=(3.36 m/s)

3  : pgn=129025 line=Tx 10359617 09 f8 01 03 d8 5f 6f 1c 74 cb fd b6
source=3: pgn=Position, Rapid Update(129025): values=Latitude=(47.706108 deg) Longitude=(-122.48812919999999 deg)

3  : pgn=129542 line=Tx 10359617 19 fa 06 03 a0 0f a6 53 01 00 00 00
3  : pgn=129542 line=Tx 10359617 19 fa 06 03 a1 00 00 00 00 00 00 00
3  : pgn=129542 line=Tx 10359617 19 fa 06 03 a2 00 00 ff ff ff ff ff
3  : pgn=65364  line=Tx 10359617 1c ff 54 03 3b 9f d5 02 88 cc ff ff
0  : pgn=127250 line=Rx 10359675 09 f1 12 00 ff 19 47 ff 7f ff 7f fd
source=0: pgn=Vessel Heading(127250): values=Heading=(104.28 deg) Deviation=(None) Variation=(None) Reference=("1")

0  : pgn=127245 line=Rx 10359676 09 f1 0d 00 00 f8 ff 7f 00 00 ff ff
source=0: pgn=Rudder(127245): values=Instance=(0) DirectionOrder=("0") AngleOrder=(None) Position=(0.00 deg)

0  : pgn=65359  line=Rx 10359682 1c ff 4f 00 3b 9f ff ff ff 19 47 ff
source=0: pgn=Seatalk: Pilot Heading(65359): values=ManufacturerCode=(1851) IndustryCode=(4) HeadingTrue=(None) HeadingMagnetic=(104.28 deg)

0  : pgn=126975 line=Rx 10359685 1d ef ff 00 20 09 3b 9f f0 81 ae 02
0  : pgn=126975 line=Rx 10359687 1d ef ff 00 21 00 08 00 ff ff ff ff
32 : pgn=128259 line=Rx 10359707 09 f5 03 20 6c 38 01 ff ff ff ff ff
source=32: pgn=Speed(128259): values=SpeedWaterReferenced=(3.12 m/s) SpeedGroundReferenced=(None) SpeedWaterReferencedType=(None) SpeedDirection=(None)

3  : pgn=129540 line=Tx 10359717 19 fa 04 03 e0 9f c8 ff 0d 03 97 1a
source=3: pgn=GNSS Sats in View(129540): values=RangeResidualMode=(None) SatsinView=(200) PRN=(None) Elevation=(4.47 deg) Azimuth=(39.00 deg) SNR=(0.0 dB) Rangeresiduals=(0) Status=("0")

3  : pgn=129540 line=Tx 10359717 19 fa 04 03 e1 2e 26 00 00 00 00 00
source=3: pgn=GNSS Sats in View(129540): values=RangeResidualMode=("0") SatsinView=(38) PRN=(0) Elevation=(0.00 deg) Azimuth=(0.00 deg) SNR=(0.0 dB) Rangeresiduals=(0) Status=("0")

3  : pgn=129540 line=Tx 10359717 19 fa 04 03 e2 00 f3 0f ff 1d ad 3c
source=3: pgn=GNSS Sats in View(129540): values=RangeResidualMode=("0") SatsinView=(243) PRN=(15) Elevation=(44.00 deg) Azimuth=(89.00 deg) SNR=(0.0 dB) Rangeresiduals=(0) Status=("0")

3  : pgn=129540 line=Tx 10359717 19 fa 04 03 e3 10 0e 00 00 00 00 f5
source=3: pgn=GNSS Sats in View(129540): values=RangeResidualMode=("0") SatsinView=(14) PRN=(0) Elevation=(0.00 deg) Azimuth=(359.36 deg) SNR=(0.0 dB) Rangeresiduals=(0) Status=("0")

3  : pgn=129540 line=Tx 10359717 19 fa 04 03 e4 10 17 13 c2 b8 10 0e
source=3: pgn=GNSS Sats in View(129540): values=RangeResidualMode=("0") SatsinView=(23) PRN=(19) Elevation=(-104.50 deg) Azimuth=(20.63 deg) SNR=(0.0 dB) Rangeresiduals=(0) Status=("0")

3  : pgn=129540 line=Tx 10359717 19 fa 04 03 e5 00 00 00 00 f5 12 c5
source=3: pgn=GNSS Sats in View(129540): values=RangeResidualMode=("0") SatsinView=(0) PRN=(0) Elevation=(-16.13 deg) Azimuth=(289.06 deg) SNR=(0.0 dB) Rangeresiduals=(0) Status=("0")

3  : pgn=129540 line=Tx 10359717 19 fa 04 03 e6 31 f2 93 ac 0d 00 00
source=3: pgn=GNSS Sats in View(129540): values=RangeResidualMode=("1") SatsinView=(242) PRN=(147) Elevation=(20.05 deg) Azimuth=(0.00 deg) SNR=(0.0 dB) Rangeresiduals=(0) Status=("0")

3  : pgn=129540 line=Tx 10359718 19 fa 04 03 e7 00 00 f5 13 69 03 1f
source=3: pgn=GNSS Sats in View(129540): values=RangeResidualMode=("0") SatsinView=(0) PRN=(245) Elevation=(154.12 deg) Azimuth=(45.49 deg) SNR=(0.0 dB) Rangeresiduals=(0) Status=("0")

3  : pgn=129540 line=Tx 10359718 19 fa 04 03 e8 d8 48 0d 00 00 00 00
source=3: pgn=GNSS Sats in View(129540): values=RangeResidualMode=("0") SatsinView=(72) PRN=(13) Elevation=(0.00 deg) Azimuth=(0.00 deg) SNR=(0.0 dB) Rangeresiduals=(0) Status=("0")

3  : pgn=129540 line=Tx 10359718 19 fa 04 03 e9 f5 15 e8 37 68 21 10
source=3: pgn=GNSS Sats in View(129540): values=RangeResidualMode=("1") SatsinView=(21) PRN=(232) Elevation=(152.86 deg) Azimuth=(23.66 deg) SNR=(0.0 dB) Rangeresiduals=(0) Status=("0")

3  : pgn=129540 line=Tx 10359718 19 fa 04 03 ea 0e 00 00 00 00 f5 16
source=3: pgn=GNSS Sats in View(129540): values=RangeResidualMode=("0") SatsinView=(0) PRN=(0) Elevation=(0.00 deg) Azimuth=(33.67 deg) SNR=(0.0 dB) Rangeresiduals=(0) Status=("0")

3  : pgn=129540 line=Tx 10359719 19 fa 04 03 eb 80 16 cf 9c a0 0f 00
source=3: pgn=GNSS Sats in View(129540): values=RangeResidualMode=("0") SatsinView=(22) PRN=(207) Elevation=(-139.92 deg) Azimuth=(0.09 deg) SNR=(0.0 dB) Rangeresiduals=(0) Status=("0")

3  : pgn=129540 line=Tx 10359720 19 fa 04 03 ec 00 00 00 f5 1a ae 0f
source=3: pgn=GNSS Sats in View(129540): values=RangeResidualMode=("0") SatsinView=(0) PRN=(0) Elevation=(39.54 deg) Azimuth=(23.00 deg) SNR=(0.0 dB) Rangeresiduals=(0) Status=("0")

3  : pgn=129540 line=Tx 10359720 19 fa 04 03 ed 5d 1f 74 0e 00 00 00
source=3: pgn=GNSS Sats in View(129540): values=RangeResidualMode=("1") SatsinView=(31) PRN=(116) Elevation=(0.08 deg) Azimuth=(0.00 deg) SNR=(0.0 dB) Rangeresiduals=(0) Status=("0")

3  : pgn=129540 line=Tx 10359721 19 fa 04 03 ee 00 f5 1b d1 15 ab d2
source=3: pgn=GNSS Sats in View(129540): values=RangeResidualMode=("0") SatsinView=(245) PRN=(27) Elevation=(32.00 deg) Azimuth=(309.00 deg) SNR=(0.0 dB) Rangeresiduals=(0) Status=("0")

3  : pgn=129540 line=Tx 10359722 19 fa 04 03 ef c4 09 00 00 00 00 f5
source=3: pgn=GNSS Sats in View(129540): values=RangeResidualMode=("0") SatsinView=(9) PRN=(0) Elevation=(0.00 deg) Azimuth=(359.36 deg) SNR=(0.0 dB) Rangeresiduals=(0) Status=("0")

3  : pgn=129540 line=Tx 10359722 19 fa 04 03 f0 1d 51 0e a1 67 b8 0b
source=3: pgn=GNSS Sats in View(129540): values=RangeResidualMode=("1") SatsinView=(81) PRN=(14) Elevation=(152.00 deg) Azimuth=(17.19 deg) SNR=(0.0 dB) Rangeresiduals=(0) Status=("0")

3  : pgn=129540 line=Tx 10359724 19 fa 04 03 f1 00 00 00 00 f5 23 d1
source=3: pgn=GNSS Sats in View(129540): values=RangeResidualMode=("0") SatsinView=(0) PRN=(0) Elevation=(-16.13 deg) Azimuth=(306.76 deg) SNR=(0.0 dB) Rangeresiduals=(0) Status=("0")

3  : pgn=129540 line=Tx 10359725 19 fa 04 03 f2 15 c3 8b 00 00 00 00
source=3: pgn=GNSS Sats in View(129540): values=RangeResidualMode=("1") SatsinView=(195) PRN=(139) Elevation=(0.00 deg) Azimuth=(0.00 deg) SNR=(0.0 dB) Rangeresiduals=(0) Status=("0")

3  : pgn=129540 line=Tx 10359725 19 fa 04 03 f3 00 00 f3 30 2e 17 43
source=3: pgn=GNSS Sats in View(129540): values=RangeResidualMode=("0") SatsinView=(0) PRN=(243) Elevation=(67.75 deg) Azimuth=(98.41 deg) SNR=(0.0 dB) Rangeresiduals=(0) Status=("0")

3  : pgn=129540 line=Tx 10359726 19 fa 04 03 f4 84 cc 10 00 00 00 00
source=3: pgn=GNSS Sats in View(129540): values=RangeResidualMode=("0") SatsinView=(204) PRN=(16) Elevation=(0.00 deg) Azimuth=(0.00 deg) SNR=(0.0 dB) Rangeresiduals=(0) Status=("0")

3  : pgn=129540 line=Tx 10359727 19 fa 04 03 f5 f5 33 80 16 67 6c 1c
source=3: pgn=GNSS Sats in View(129540): values=RangeResidualMode=("1") SatsinView=(51) PRN=(128) Elevation=(151.20 deg) Azimuth=(41.69 deg) SNR=(0.0 dB) Rangeresiduals=(0) Status=("0")

3  : pgn=129540 line=Tx 10359727 19 fa 04 03 f6 0c 00 00 00 00 f5 ff
source=3: pgn=GNSS Sats in View(129540): values=RangeResidualMode=("0") SatsinView=(0) PRN=(0) Elevation=(0.00 deg) Azimuth=(375.43 deg) SNR=(0.0 dB) Rangeresiduals=(0) Status=("0")

3  : pgn=129025 line=Tx 10359728 09 f8 01 03 d8 5f 6f 1c 74 cb fd b6
source=3: pgn=Position, Rapid Update(129025): values=Latitude=(47.706108 deg) Longitude=(-122.48812919999999 deg)

3  : pgn=127258 line=Tx 10359729 19 f1 1a 03 ff f6 12 39 fa 0a ff ff
source=3: pgn=Magnetic Variation(127258): values=Source=("6") Ageofservice=(14610 d) Variation=(16.10 deg)

3  : pgn=65311  line=Tx 10359729 1c ff 1f 03 3b 9f ff fa 0a ff ff ff
0  : pgn=127250 line=Rx 10359775 09 f1 12 00 ff 2e 47 ff 7f ff 7f fd
source=0: pgn=Vessel Heading(127250): values=Heading=(104.40 deg) Deviation=(None) Variation=(None) Reference=("1")

0  : pgn=127245 line=Rx 10359776 09 f1 0d 00 00 f8 ff 7f 00 00 ff ff
source=0: pgn=Rudder(127245): values=Instance=(0) DirectionOrder=("0") AngleOrder=(None) Position=(0.00 deg)

0  : pgn=65359  line=Rx 10359782 1c ff 4f 00 3b 9f ff ff ff 2e 47 ff
source=0: pgn=Seatalk: Pilot Heading(65359): values=ManufacturerCode=(1851) IndustryCode=(4) HeadingTrue=(None) HeadingMagnetic=(104.40 deg)

32 : pgn=128259 line=Rx 10359807 09 f5 03 20 6d 3c 01 ff ff ff ff ff
source=32: pgn=Speed(128259): values=SpeedWaterReferenced=(3.16 m/s) SpeedGroundReferenced=(None) SpeedWaterReferencedType=(None) SpeedDirection=(None)

3  : pgn=129026 line=Tx 10359818 09 f8 02 03 ff fc 22 4b 50 01 ff ff
source=3: pgn=COG & SOG, Rapid Update(129026): values=COGReference=("0") COG=(110.20 deg) SOG=(3.36 m/s)

3  : pgn=129025 line=Tx 10359818 09 f8 01 03 d8 5f 6f 1c 74 cb fd b6
source=3: pgn=Position, Rapid Update(129025): values=Latitude=(47.706108 deg) Longitude=(-122.48812919999999 deg)

0  : pgn=127250 line=Rx 10359875 09 f1 12 00 ff 46 47 ff 7f ff 7f fd
source=0: pgn=Vessel Heading(127250): values=Heading=(104.54 deg) Deviation=(None) Variation=(None) Reference=("1")

0  : pgn=127245 line=Rx 10359876 09 f1 0d 00 00 f8 ff 7f 00 00 ff ff
source=0: pgn=Rudder(127245): values=Instance=(0) DirectionOrder=("0") AngleOrder=(None) Position=(0.00 deg)

0  : pgn=65359  line=Rx 10359882 1c ff 4f 00 3b 9f ff ff ff 46 47 ff
source=0: pgn=Seatalk: Pilot Heading(65359): values=ManufacturerCode=(1851) IndustryCode=(4) HeadingTrue=(None) HeadingMagnetic=(104.54 deg)

32 : pgn=128259 line=Rx 10359906 09 f5 03 20 6e 3b 01 ff ff ff ff ff
source=32: pgn=Speed(128259): values=SpeedWaterReferenced=(3.15 m/s) SpeedGroundReferenced=(None) SpeedWaterReferencedType=(None) SpeedDirection=(None)

3  : pgn=129029 line=Tx 10359918 0d f8 05 03 a0 2b a6 06 40 b8 5a 16
3  : pgn=129029 line=Tx 10359918 0d f8 05 03 a1 2c 00 8c 84 fd 83 dc
3  : pgn=129029 line=Tx 10359918 0d f8 05 03 a2 9e 06 00 68 57 8f ff
3  : pgn=129029 line=Tx 10359918 0d f8 05 03 a3 58 00 ef ff ff ff ff
3  : pgn=129029 line=Tx 10359918 0d f8 05 03 a4 ff ff ff 7f 23 fc 09
3  : pgn=129029 line=Tx 10359918 0d f8 05 03 a5 55 00 ff 7f ff ff ff
3  : pgn=129029 line=Tx 10359918 0d f8 05 03 a6 7f 00 ff ff ff ff ff
3  : pgn=129025 line=Tx 10359918 09 f8 01 03 ce 5f 6f 1c a4 cb fd b6
source=3: pgn=Position, Rapid Update(129025): values=Latitude=(47.706106999999996 deg) Longitude=(-122.48812439999999 deg)

3  : pgn=129033 line=Tx 10359918 0d f8 09 03 06 40 b8 5a 16 2c 5c fe
source=3: pgn=Time & Date(129033): values=Date=(16390 d) Time=(73966.25200000001 s) LocalOffset=(-25200.0 s)

0  : pgn=127250 line=Rx 10359975 09 f1 12 00 ff 5f 47 ff 7f ff 7f fd
source=0: pgn=Vessel Heading(127250): values=Heading=(104.69 deg) Deviation=(None) Variation=(None) Reference=("1")

0  : pgn=127245 line=Rx 10359976 09 f1 0d 00 00 f8 ff 7f 00 00 ff ff
source=0: pgn=Rudder(127245): values=Instance=(0) DirectionOrder=("0") AngleOrder=(None) Position=(0.00 deg)

0  : pgn=65359  line=Rx 10359980 1c ff 4f 00 3b 9f ff ff ff 5f 47 ff
source=0: pgn=Seatalk: Pilot Heading(65359): values=ManufacturerCode=(1851) IndustryCode=(4) HeadingTrue=(None) HeadingMagnetic=(104.69 deg)

32 : pgn=128259 line=Rx 10360008 09 f5 03 20 6f 3c 01 ff ff ff ff ff
source=32: pgn=Speed(128259): values=SpeedWaterReferenced=(3.16 m/s) SpeedGroundReferenced=(None) SpeedWaterReferencedType=(None) SpeedDirection=(None)

32 : pgn=130310 line=Rx 10360011 15 fd 06 20 ee ff ff ff ff ff ff ff
source=32: pgn=Environmental Parameters (obsolete)(130310): values=WaterTemperature=(None) OutsideAmbientAirTemperature=(None) AtmosphericPressure=(None)

3  : pgn=129026 line=Tx 10360018 09 f8 02 03 ff fc d0 4b 4d 01 ff ff
source=3: pgn=COG & SOG, Rapid Update(129026): values=COGReference=("0") COG=(111.20 deg) SOG=(3.33 m/s)

3  : pgn=129025 line=Tx 10360018 09 f8 01 03 ce 5f 6f 1c a4 cb fd b6
source=3: pgn=Position, Rapid Update(129025): values=Latitude=(47.706106999999996 deg) Longitude=(-122.48812439999999 deg)

3  : pgn=126992 line=Tx 10360018 0d f0 10 03 ff ff 06 40 b8 5a 16 2c
source=3: pgn=System Time(126992): values=Source=(None) Date=(16390 d) Time=(73966.25200000001 s)

32 : pgn=128275 line=Rx 10360021 19 f5 13 20 00 0e ff ff ff ff ff ff
source=32: pgn=Distance Log(128275): values=Date=(3584 d) Time=(None) Log=(0 m) TripLog=(0 m)

32 : pgn=128275 line=Rx 10360026 19 f5 13 20 01 44 ae 3c 00 44 ae 3c
source=32: pgn=Distance Log(128275): values=Date=(17409 d) Time=(114086.62220000001 s) Log=(0 m) TripLog=(0 m)

32 : pgn=128275 line=Rx 10360031 19 f5 13 20 02 00 ff ff ff ff ff ff
source=32: pgn=Distance Log(128275): values=Date=(2 d) Time=(None) Log=(0 m) TripLog=(0 m)

1  : pgn=59936  line=Rx 10360049 18 ea 20 01 00 ee 00 00 00 00 00 00
0  : pgn=127250 line=Rx 10360075 09 f1 12 00 ff 83 47 ff 7f ff 7f fd
source=0: pgn=Vessel Heading(127250): values=Heading=(104.89 deg) Deviation=(None) Variation=(None) Reference=("1")

0  : pgn=127245 line=Rx 10360076 09 f1 0d 00 00 f8 ff 7f 00 00 ff ff
source=0: pgn=Rudder(127245): values=Instance=(0) DirectionOrder=("0") AngleOrder=(None) Position=(0.00 deg)

0  : pgn=65359  line=Rx 10360082 1c ff 4f 00 3b 9f ff ff ff 83 47 ff
source=0: pgn=Seatalk: Pilot Heading(65359): values=ManufacturerCode=(1851) IndustryCode=(4) HeadingTrue=(None) HeadingMagnetic=(104.89 deg)

0  : pgn=126975 line=Rx 10360084 1d ef ff 00 40 08 3b 9f f0 81 9c 91
0  : pgn=126975 line=Rx 10360086 1d ef ff 00 41 07 00 ff ff ff ff ff
32 : pgn=128259 line=Rx 10360105 09 f5 03 20 70 49 01 ff ff ff ff ff
source=32: pgn=Speed(128259): values=SpeedWaterReferenced=(3.29 m/s) SpeedGroundReferenced=(None) SpeedWaterReferencedType=(None) SpeedDirection=(None)

1  : pgn=129038 line=Rx 10360111 11 f8 0e 01 00 1b c1 0a 8c db 15 85
source=1: pgn=AIS Class A Position Report(129038): values=MessageID=(0) RepeatIndicator=("0") UserID=(2349515035) Longitude=(0.0 deg) Latitude=(0.0 deg) PositionAccuracy=("0") RAIM=("0") TimeStamp=("0") COG=(0.00 deg) SOG=(0.0 m/s) CommunicationState=(0) AISTransceiverinformation=("0") Heading=(0.00 deg) RateofTurn=(0.00 deg/s) NavStatus=("0") SpecialManeuverIndicator=("0") Spare=(0) SequenceID=(0)

1  : pgn=129038 line=Rx 10360111 11 f8 0e 01 01 a6 fc b6 b0 ee 51 1c
source=1: pgn=AIS Class A Position Report(129038): values=MessageID=(1) RepeatIndicator=("0") UserID=(2964782246) Longitude=(0.0 deg) Latitude=(0.0 deg) PositionAccuracy=("0") RAIM=("0") TimeStamp=("0") COG=(0.00 deg) SOG=(0.0 m/s) CommunicationState=(0) AISTransceiverinformation=("0") Heading=(0.00 deg) RateofTurn=(0.00 deg/s) NavStatus=("0") SpecialManeuverIndicator=("0") Spare=(0) SequenceID=(0)

1  : pgn=129038 line=Rx 10360112 11 f8 0e 01 02 b9 36 af 00 00 00 00
source=1: pgn=AIS Class A Position Report(129038): values=MessageID=(2) RepeatIndicator=("0") UserID=(11482809) Longitude=(0.0 deg) Latitude=(0.0 deg) PositionAccuracy=("0") RAIM=("0") TimeStamp=("0") COG=(0.00 deg) SOG=(0.0 m/s) CommunicationState=(0) AISTransceiverinformation=("0") Heading=(0.00 deg) RateofTurn=(0.00 deg/s) NavStatus=("0") SpecialManeuverIndicator=("0") Spare=(0) SequenceID=(0)

1  : pgn=129038 line=Rx 10360112 11 f8 0e 01 03 00 da 8f 00 00 f8 fe
source=1: pgn=AIS Class A Position Report(129038): values=MessageID=(3) RepeatIndicator=("0") UserID=(9427456) Longitude=(0.0 deg) Latitude=(0.0 deg) PositionAccuracy=("0") RAIM=("0") TimeStamp=("0") COG=(0.00 deg) SOG=(0.0 m/s) CommunicationState=(0) AISTransceiverinformation=("0") Heading=(0.00 deg) RateofTurn=(0.00 deg/s) NavStatus=("0") SpecialManeuverIndicator=("0") Spare=(0) SequenceID=(0)

3  : pgn=129025 line=Tx 10360119 09 f8 01 03 ce 5f 6f 1c a4 cb fd b6
source=3: pgn=Position, Rapid Update(129025): values=Latitude=(47.706106999999996 deg) Longitude=(-122.48812439999999 deg)

1  : pgn=129041 line=Rx 10360174 11 f8 11 01 e0 30 55 75 89 3a 3b 6d
1  : pgn=129041 line=Rx 10360174 11 f8 11 01 e1 8b 0a b7 5b f8 47 1c
1  : pgn=129041 line=Rx 10360175 11 f8 11 01 e2 f4 00 00 00 00 00 00
1  : pgn=129041 line=Rx 10360175 11 f8 11 01 e3 ff ff 12 ee ff e1 16
1  : pgn=129041 line=Rx 10360176 11 f8 11 01 e4 01 50 53 20 54 53 4c
1  : pgn=129041 line=Rx 10360176 11 f8 11 01 e5 20 4c 42 20 54 41 20
1  : pgn=129041 line=Rx 10360177 11 f8 11 01 e6 20 20 20 20 20 20 20
0  : pgn=127250 line=Rx 10360178 09 f1 12 00 ff 96 47 ff 7f ff 7f fd
source=0: pgn=Vessel Heading(127250): values=Heading=(105.00 deg) Deviation=(None) Variation=(None) Reference=("1")

0  : pgn=127245 line=Rx 10360179 09 f1 0d 00 00 f8 ff 7f 00 00 ff ff
source=0: pgn=Rudder(127245): values=Instance=(0) DirectionOrder=("0") AngleOrder=(None) Position=(0.00 deg)

0  : pgn=65359  line=Rx 10360184 1c ff 4f 00 3b 9f ff ff ff 96 47 ff
source=0: pgn=Seatalk: Pilot Heading(65359): values=ManufacturerCode=(1851) IndustryCode=(4) HeadingTrue=(None) HeadingMagnetic=(105.00 deg)

32 : pgn=128259 line=Rx 10360205 09 f5 03 20 71 36 01 ff ff ff ff ff
source=32: pgn=Speed(128259): values=SpeedWaterReferenced=(3.1 m/s) SpeedGroundReferenced=(None) SpeedWaterReferencedType=(None) SpeedDirection=(None)

3  : pgn=129026 line=Tx 10360221 09 f8 02 03 ff fc 39 4c 47 01 ff ff
source=3: pgn=COG & SOG, Rapid Update(129026): values=COGReference=("0") COG=(111.80 deg) SOG=(3.27 m/s)

3  : pgn=129025 line=Tx 10360221 09 f8 01 03 a6 5f 6f 1c 28 cc fd b6
source=3: pgn=Position, Rapid Update(129025): values=Latitude=(47.706103 deg) Longitude=(-122.48811119999999 deg)

3  : pgn=129291 line=Tx 10360221 0d f9 0b 03 ff fc b8 1f 49 00 ff ff
source=3: pgn=Set & Drift, Rapid Update(129291): values=SetReference=("0") Set=(46.52 deg) Drift=(0.73 m/s)

3  : pgn=65362  line=Tx 10360221 1c ff 52 03 3b 9f 90 9d ff ff ff ff
0  : pgn=127250 line=Rx 10360275 09 f1 12 00 ff c4 47 ff 7f ff 7f fd
source=0: pgn=Vessel Heading(127250): values=Heading=(105.26 deg) Deviation=(None) Variation=(None) Reference=("1")

0  : pgn=127245 line=Rx 10360275 09 f1 0d 00 00 f8 ff 7f 00 00 ff ff
source=0: pgn=Rudder(127245): values=Instance=(0) DirectionOrder=("0") AngleOrder=(None) Position=(0.00 deg)

0  : pgn=65359  line=Rx 10360283 1c ff 4f 00 3b 9f ff ff ff c4 47 ff
source=0: pgn=Seatalk: Pilot Heading(65359): values=ManufacturerCode=(1851) IndustryCode=(4) HeadingTrue=(None) HeadingMagnetic=(105.26 deg)

1  : pgn=129039 line=Rx 10360295 11 f8 0f 01 e0 1a 12 7c 93 e9 15 86
1  : pgn=129039 line=Rx 10360296 11 f8 0f 01 e1 4f 0a b7 85 b5 6b 1c
1  : pgn=129039 line=Rx 10360296 11 f8 0f 01 e2 b4 e7 31 00 00 03 00
1  : pgn=129039 line=Rx 10360297 11 f8 0f 01 e3 00 ff ff 00 fc ff ff
32 : pgn=128259 line=Rx 10360304 09 f5 03 20 72 2c 01 ff ff ff ff ff
source=32: pgn=Speed(128259): values=SpeedWaterReferenced=(3.0 m/s) SpeedGroundReferenced=(None) SpeedWaterReferencedType=(None) SpeedDirection=(None)

3  : pgn=129025 line=Tx 10360321 09 f8 01 03 a6 5f 6f 1c 28 cc fd b6
source=3: pgn=Position, Rapid Update(129025): values=Latitude=(47.706103 deg) Longitude=(-122.48811119999999 deg)

0  : pgn=127250 line=Rx 10360379 09 f1 12 00 ff fb 47 ff 7f ff 7f fd
source=0: pgn=Vessel Heading(127250): values=Heading=(105.58 deg) Deviation=(None) Variation=(None) Reference=("1")

0  : pgn=127245 line=Rx 10360380 09 f1 0d 00 00 f8 ff 7f 00 00 ff ff
source=0: pgn=Rudder(127245): values=Instance=(0) DirectionOrder=("0") AngleOrder=(None) Position=(0.00 deg)

0  : pgn=65359  line=Rx 10360384 1c ff 4f 00 3b 9f ff ff ff fb 47 ff
source=0: pgn=Seatalk: Pilot Heading(65359): values=ManufacturerCode=(1851) IndustryCode=(4) HeadingTrue=(None) HeadingMagnetic=(105.58 deg)

1  : pgn=129038 line=Rx 10360387 11 f8 0e 01 20 1b c1 70 64 01 16 7e
1  : pgn=129038 line=Rx 10360387 11 f8 0e 01 21 36 0c b7 19 47 69 1c
1  : pgn=129038 line=Rx 10360388 11 f8 0e 01 22 b4 df b7 00 00 01 00
1  : pgn=129038 line=Rx 10360388 11 f8 0e 01 23 08 fd 77 ec ff f0 fe
4  : pgn=65384  line=Rx 10360402 1c ff 68 04 3b 9f 00 00 00 00 00 00
32 : pgn=128259 line=Rx 10360404 09 f5 03 20 73 26 01 ff ff ff ff ff
source=32: pgn=Speed(128259): values=SpeedWaterReferenced=(2.94 m/s) SpeedGroundReferenced=(None) SpeedWaterReferencedType=(None) SpeedDirection=(None)

3  : pgn=129026 line=Tx 10360421 09 f8 02 03 ff fc 90 4c 42 01 ff ff
source=3: pgn=COG & SOG, Rapid Update(129026): values=COGReference=("0") COG=(112.30 deg) SOG=(3.22 m/s)

3  : pgn=130577 line=Tx 10360422 0d fe 11 03 c0 0e c0 a7 90 4c 42 01
3  : pgn=130577 line=Tx 10360422 0d fe 11 03 c1 ff ff ff ff ba 23 3d
3  : pgn=130577 line=Tx 10360422 0d fe 11 03 c2 00 ff ff ff ff ff ff
3  : pgn=129025 line=Tx 10360422 09 f8 01 03 8f 5f 6f 1c 6a cc fd b6
3  : pgn=130306 line=Tx 10360422 09 fd 02 03 ff c1 02 71 c8 fa ff ff
source=3: pgn=Wind Data(130306): values=WindSpeed=(7.05 m/s) WindAngle=(294.00 deg) Reference=("2")

0  : pgn=127250 line=Rx 10360475 09 f1 12 00 ff 1d 48 ff 7f ff 7f fd
source=0: pgn=Vessel Heading(127250): values=Heading=(105.77 deg) Deviation=(None) Variation=(None) Reference=("1")

0  : pgn=127245 line=Rx 10360476 09 f1 0d 00 00 f8 ff 7f 00 00 ff ff
source=0: pgn=Rudder(127245): values=Instance=(0) DirectionOrder=("0") AngleOrder=(None) Position=(0.00 deg)

0  : pgn=65359  line=Rx 10360482 1c ff 4f 00 3b 9f ff ff ff 1d 48 ff
source=0: pgn=Seatalk: Pilot Heading(65359): values=ManufacturerCode=(1851) IndustryCode=(4) HeadingTrue=(None) HeadingMagnetic=(105.77 deg)

32 : pgn=128259 line=Rx 10360503 09 f5 03 20 74 23 01 ff ff ff ff ff
source=32: pgn=Speed(128259): values=SpeedWaterReferenced=(2.91 m/s) SpeedGroundReferenced=(None) SpeedWaterReferencedType=(None) SpeedDirection=(None)

3  : pgn=129283 line=Tx 10360522 0d f9 03 03 ff 7f ff ff ff 7f ff ff
source=3: pgn=Cross Track Error(129283): values=XTEmode=(None) NavigationTerminated=("1") XTE=(None)

3  : pgn=129025 line=Tx 10360522 09 f8 01 03 8f 5f 6f 1c 6a cc fd b6
source=3: pgn=Position, Rapid Update(129025): values=Latitude=(47.7061007 deg) Longitude=(-122.4881046 deg)

3  : pgn=128267 line=Tx 10360522 0d f5 0b 03 ff d7 3d 00 00 00 00 ff
source=3: pgn=Water Depth(128267): values=Depth=(158.31 m) Offset=(0.0 m) Range=(None)

32 : pgn=65368  line=Rx 10360574 1c ff 58 20 3b 9f 35 56 71 ff ff ff
0  : pgn=127250 line=Rx 10360575 09 f1 12 00 ff 49 48 ff 7f ff 7f fd
source=0: pgn=Vessel Heading(127250): values=Heading=(106.03 deg) Deviation=(None) Variation=(None) Reference=("1")

0  : pgn=127245 line=Rx 10360576 09 f1 0d 00 00 f8 ff 7f 00 00 ff ff
source=0: pgn=Rudder(127245): values=Instance=(0) DirectionOrder=("0") AngleOrder=(None) Position=(0.00 deg)

0  : pgn=65379  line=Rx 10360580 1c ff 63 00 3b 9f 00 00 00 00 01 ff
source=0: pgn=Seatalk: Pilot Mode(65379): values=ManufacturerCode=(1851) IndustryCode=(4) PilotMode=(0) SubMode=(0) PilotModeData=(0)

0  : pgn=65359  line=Rx 10360581 1c ff 4f 00 3b 9f ff ff ff 49 48 ff
source=0: pgn=Seatalk: Pilot Heading(65359): values=ManufacturerCode=(1851) IndustryCode=(4) HeadingTrue=(None) HeadingMagnetic=(106.03 deg)

0  : pgn=126975 line=Rx 10360584 1d ef ff 00 60 0d 3b 9f f0 81 84 16
0  : pgn=126975 line=Rx 10360586 1d ef ff 00 61 48 20 00 00 00 02 05
32 : pgn=128259 line=Rx 10360604 09 f5 03 20 75 24 01 ff ff ff ff ff
source=32: pgn=Speed(128259): values=SpeedWaterReferenced=(2.92 m/s) SpeedGroundReferenced=(None) SpeedWaterReferencedType=(None) SpeedDirection=(None)

3  : pgn=129026 line=Tx 10360622 09 f8 02 03 ff fc 90 4c 42 01 ff ff
source=3: pgn=COG & SOG, Rapid Update(129026): values=COGReference=("0") COG=(112.30 deg) SOG=(3.22 m/s)

3  : pgn=129025 line=Tx 10360622 09 f8 01 03 8f 5f 6f 1c 6a cc fd b6
source=3: pgn=Position, Rapid Update(129025): values=Latitude=(47.7061007 deg) Longitude=(-122.4881046 deg)

3  : pgn=129542 line=Tx 10360622 19 fa 06 03 c0 0f a7 42 01 00 00 00
3  : pgn=129542 line=Tx 10360622 19 fa 06 03 c1 00 00 00 00 00 00 00
3  : pgn=129542 line=Tx 10360622 19 fa 06 03 c2 00 00 ff ff ff ff ff
3  : pgn=65364  line=Tx 10360622 1c ff 54 03 3b 9f c1 02 71 c8 ff ff
3  : pgn=130846 line=Tx 10360622 1d ff 1e 03 80 0c 3b 9f 0b 1a 13 cc
source=3: pgn=Furuno: Motion Sensor Status Extended(130846): values=ManufacturerCode=(1152) IndustryCode=(0)

3  : pgn=130846 line=Tx 10360622 1d ff 1e 03 81 05 01 40 01 ff ff ff
source=3: pgn=Furuno: Motion Sensor Status Extended(130846): values=ManufacturerCode=(1409) IndustryCode=(0)

1  : pgn=129038 line=Rx 10360634 11 f8 0e 01 40 1b c1 58 f2 20 0d 77
1  : pgn=129038 line=Rx 10360634 11 f8 0e 01 41 88 13 b7 2f 4d 5d 1c
1  : pgn=129038 line=Rx 10360635 11 f8 0e 01 42 b4 b1 82 25 01 00 00
1  : pgn=129038 line=Rx 10360635 11 f8 0e 01 43 00 14 7c 00 00 f5 fe
1  : pgn=129038 line=Rx 10360663 11 f8 0e 01 60 1b c1 aa 4a dc 15 8a
1  : pgn=129038 line=Rx 10360664 11 f8 0e 01 61 6e 14 b7 ea 61 66 1c
1  : pgn=129038 line=Rx 10360664 11 f8 0e 01 62 b8 62 0b 00 00 00 00
1  : pgn=129038 line=Rx 10360665 11 f8 0e 01 63 00 ff ff ff 7f f0 fe
0  : pgn=127250 line=Rx 10360675 09 f1 12 00 ff 65 48 ff 7f ff 7f fd
source=0: pgn=Vessel Heading(127250): values=Heading=(106.19 deg) Deviation=(None) Variation=(None) Reference=("1")

0  : pgn=127245 line=Rx 10360676 09 f1 0d 00 00 f8 ff 7f 00 00 ff ff
source=0: pgn=Rudder(127245): values=Instance=(0) DirectionOrder=("0") AngleOrder=(None) Position=(0.00 deg)

0  : pgn=65359  line=Rx 10360682 1c ff 4f 00 3b 9f ff ff ff 65 48 ff
source=0: pgn=Seatalk: Pilot Heading(65359): values=ManufacturerCode=(1851) IndustryCode=(4) HeadingTrue=(None) HeadingMagnetic=(106.19 deg)

0  : pgn=126975 line=Rx 10360693 1d ef ff 00 80 09 3b 9f f0 81 ae 02
0  : pgn=126975 line=Rx 10360694 1d ef ff 00 81 00 08 00 ff ff ff ff
32 : pgn=128259 line=Rx 10360703 09 f5 03 20 76 27 01 ff ff ff ff ff
source=32: pgn=Speed(128259): values=SpeedWaterReferenced=(2.95 m/s) SpeedGroundReferenced=(None) SpeedWaterReferencedType=(None) SpeedDirection=(None)

3  : pgn=129540 line=Tx 10360722 19 fa 04 03 00 9f c9 ff 0d 03 97 1a
source=3: pgn=GNSS Sats in View(129540): values=RangeResidualMode=(None) SatsinView=(201) PRN=(None) Elevation=(4.47 deg) Azimuth=(39.00 deg) SNR=(0.0 dB) Rangeresiduals=(0) Status=("0")

3  : pgn=129540 line=Tx 10360722 19 fa 04 03 01 2e 26 00 00 00 00 00
source=3: pgn=GNSS Sats in View(129540): values=RangeResidualMode=("0") SatsinView=(38) PRN=(0) Elevation=(0.00 deg) Azimuth=(0.00 deg) SNR=(0.0 dB) Rangeresiduals=(0) Status=("0")

3  : pgn=129540 line=Tx 10360722 19 fa 04 03 02 00 f3 0f ff 1d ad 3c
source=3: pgn=GNSS Sats in View(129540): values=RangeResidualMode=("0") SatsinView=(243) PRN=(15) Elevation=(44.00 deg) Azimuth=(89.00 deg) SNR=(0.0 dB) Rangeresiduals=(0) Status=("0")

3  : pgn=129540 line=Tx 10360722 19 fa 04 03 03 ac 0d 00 00 00 00 f5
source=3: pgn=GNSS Sats in View(129540): values=RangeResidualMode=("0") SatsinView=(13) PRN=(0) Elevation=(0.00 deg) Azimuth=(359.36 deg) SNR=(0.0 dB) Rangeresiduals=(0) Status=("0")

3  : pgn=129540 line=Tx 10360722 19 fa 04 03 04 10 17 13 c2 b8 04 10
source=3: pgn=GNSS Sats in View(129540): values=RangeResidualMode=("0") SatsinView=(23) PRN=(19) Elevation=(-104.50 deg) Azimuth=(23.49 deg) SNR=(0.0 dB) Rangeresiduals=(0) Status=("0")

3  : pgn=129540 line=Tx 10360722 19 fa 04 03 05 00 00 00 00 f5 12 c5
source=3: pgn=GNSS Sats in View(129540): values=RangeResidualMode=("0") SatsinView=(0) PRN=(0) Elevation=(-16.13 deg) Azimuth=(289.06 deg) SNR=(0.0 dB) Rangeresiduals=(0) Status=("0")

3  : pgn=129540 line=Tx 10360722 19 fa 04 03 06 31 f2 93 3c 0f 00 00
source=3: pgn=GNSS Sats in View(129540): values=RangeResidualMode=("1") SatsinView=(242) PRN=(147) Elevation=(22.35 deg) Azimuth=(0.00 deg) SNR=(0.0 dB) Rangeresiduals=(0) Status=("0")

3  : pgn=129540 line=Tx 10360722 19 fa 04 03 07 00 00 f5 13 69 03 1f
source=3: pgn=GNSS Sats in View(129540): values=RangeResidualMode=("0") SatsinView=(0) PRN=(245) Elevation=(154.12 deg) Azimuth=(45.49 deg) SNR=(0.0 dB) Rangeresiduals=(0) Status=("0")

3  : pgn=129540 line=Tx 10360722 19 fa 04 03 08 d8 48 0d 00 00 00 00
source=3: pgn=GNSS Sats in View(129540): values=RangeResidualMode=("0") SatsinView=(72) PRN=(13) Elevation=(0.00 deg) Azimuth=(0.00 deg) SNR=(0.0 dB) Rangeresiduals=(0) Status=("0")

3  : pgn=129540 line=Tx 10360722 19 fa 04 03 09 f5 15 e8 37 68 21 74
source=3: pgn=GNSS Sats in View(129540): values=RangeResidualMode=("1") SatsinView=(21) PRN=(232) Elevation=(152.86 deg) Azimuth=(170.33 deg) SNR=(0.0 dB) Rangeresiduals=(0) Status=("0")

3  : pgn=129540 line=Tx 10360722 19 fa 04 03 0a 0e 00 00 00 00 f5 16
source=3: pgn=GNSS Sats in View(129540): values=RangeResidualMode=("0") SatsinView=(0) PRN=(0) Elevation=(0.00 deg) Azimuth=(33.67 deg) SNR=(0.0 dB) Rangeresiduals=(0) Status=("0")

3  : pgn=129540 line=Tx 10360723 19 fa 04 03 0b 80 16 cf 9c 3c 0f 00
source=3: pgn=GNSS Sats in View(129540): values=RangeResidualMode=("0") SatsinView=(22) PRN=(207) Elevation=(88.90 deg) Azimuth=(0.09 deg) SNR=(0.0 dB) Rangeresiduals=(0) Status=("0")

3  : pgn=129540 line=Tx 10360724 19 fa 04 03 0c 00 00 00 f5 1a ae 0f
source=3: pgn=GNSS Sats in View(129540): values=RangeResidualMode=("0") SatsinView=(0) PRN=(0) Elevation=(39.54 deg) Azimuth=(23.00 deg) SNR=(0.0 dB) Rangeresiduals=(0) Status=("0")

3  : pgn=129540 line=Tx 10360726 19 fa 04 03 0d 5d 1f 10 0e 00 00 00
source=3: pgn=GNSS Sats in View(129540): values=RangeResidualMode=("1") SatsinView=(31) PRN=(16) Elevation=(0.08 deg) Azimuth=(0.00 deg) SNR=(0.0 dB) Rangeresiduals=(0) Status=("0")

3  : pgn=129540 line=Tx 10360727 19 fa 04 03 0e 00 f5 1b d1 15 ab d2
source=3: pgn=GNSS Sats in View(129540): values=RangeResidualMode=("0") SatsinView=(245) PRN=(27) Elevation=(32.00 deg) Azimuth=(309.00 deg) SNR=(0.0 dB) Rangeresiduals=(0) Status=("0")

3  : pgn=129540 line=Tx 10360727 19 fa 04 03 0f e4 0c 00 00 00 00 f5
source=3: pgn=GNSS Sats in View(129540): values=RangeResidualMode=("0") SatsinView=(12) PRN=(0) Elevation=(0.00 deg) Azimuth=(359.36 deg) SNR=(0.0 dB) Rangeresiduals=(0) Status=("0")

3  : pgn=129540 line=Tx 10360728 19 fa 04 03 10 1d 51 0e a1 67 80 0c
source=3: pgn=GNSS Sats in View(129540): values=RangeResidualMode=("1") SatsinView=(81) PRN=(14) Elevation=(152.00 deg) Azimuth=(18.33 deg) SNR=(0.0 dB) Rangeresiduals=(0) Status=("0")

3  : pgn=129540 line=Tx 10360729 19 fa 04 03 11 00 00 00 00 f5 23 d1
source=3: pgn=GNSS Sats in View(129540): values=RangeResidualMode=("0") SatsinView=(0) PRN=(0) Elevation=(-16.13 deg) Azimuth=(306.76 deg) SNR=(0.0 dB) Rangeresiduals=(0) Status=("0")

3  : pgn=129540 line=Tx 10360729 19 fa 04 03 12 15 c3 8b 00 00 00 00
source=3: pgn=GNSS Sats in View(129540): values=RangeResidualMode=("1") SatsinView=(195) PRN=(139) Elevation=(0.00 deg) Azimuth=(0.00 deg) SNR=(0.0 dB) Rangeresiduals=(0) Status=("0")

3  : pgn=129540 line=Tx 10360730 19 fa 04 03 13 00 00 f3 30 2e 17 43
source=3: pgn=GNSS Sats in View(129540): values=RangeResidualMode=("0") SatsinView=(0) PRN=(243) Elevation=(67.75 deg) Azimuth=(98.41 deg) SNR=(0.0 dB) Rangeresiduals=(0) Status=("0")

3  : pgn=129540 line=Tx 10360731 19 fa 04 03 14 84 48 0d 00 00 00 00
source=3: pgn=GNSS Sats in View(129540): values=RangeResidualMode=("0") SatsinView=(72) PRN=(13) Elevation=(0.00 deg) Azimuth=(0.00 deg) SNR=(0.0 dB) Rangeresiduals=(0) Status=("0")

3  : pgn=129540 line=Tx 10360732 19 fa 04 03 15 f5 33 80 16 67 6c 10
source=3: pgn=GNSS Sats in View(129540): values=RangeResidualMode=("1") SatsinView=(51) PRN=(128) Elevation=(151.20 deg) Azimuth=(24.09 deg) SNR=(0.0 dB) Rangeresiduals=(0) Status=("0")

3  : pgn=129540 line=Tx 10360732 19 fa 04 03 16 0e 00 00 00 00 f5 ff
source=3: pgn=GNSS Sats in View(129540): values=RangeResidualMode=("0") SatsinView=(0) PRN=(0) Elevation=(0.00 deg) Azimuth=(375.43 deg) SNR=(0.0 dB) Rangeresiduals=(0) Status=("0")

3  : pgn=129025 line=Tx 10360733 09 f8 01 03 79 5f 6f 1c af cc fd b6
source=3: pgn=Position, Rapid Update(129025): values=Latitude=(47.706098499999996 deg) Longitude=(-122.4880977 deg)

3  : pgn=127258 line=Tx 10360735 19 f1 1a 03 ff f6 12 39 fa 0a ff ff
source=3: pgn=Magnetic Variation(127258): values=Source=("6") Ageofservice=(14610 d) Variation=(16.10 deg)

0  : pgn=127250 line=Rx 10360775 09 f1 12 00 ff 95 48 ff 7f ff 7f fd
source=0: pgn=Vessel Heading(127250): values=Heading=(106.46 deg) Deviation=(None) Variation=(None) Reference=("1")

0  : pgn=127245 line=Rx 10360776 09 f1 0d 00 00 f8 ff 7f 00 00 ff ff
source=0: pgn=Rudder(127245): values=Instance=(0) DirectionOrder=("0") AngleOrder=(None) Position=(0.00 deg)

0  : pgn=65359  line=Rx 10360782 1c ff 4f 00 3b 9f ff ff ff 95 48 ff
source=0: pgn=Seatalk: Pilot Heading(65359): values=ManufacturerCode=(1851) IndustryCode=(4) HeadingTrue=(None) HeadingMagnetic=(106.46 deg)

32 : pgn=128259 line=Rx 10360803 09 f5 03 20 77 29 01 ff ff ff ff ff
source=32: pgn=Speed(128259): values=SpeedWaterReferenced=(2.97 m/s) SpeedGroundReferenced=(None) SpeedWaterReferencedType=(None) SpeedDirection=(None)

3  : pgn=129026 line=Tx 10360823 09 f8 02 03 ff fc e7 4c 3f 01 ff ff
source=3: pgn=COG & SOG, Rapid Update(129026): values=COGReference=("0") COG=(112.80 deg) SOG=(3.19 m/s)

3  : pgn=129025 line=Tx 10360823 09 f8 01 03 79 5f 6f 1c af cc fd b6
source=3: pgn=Position, Rapid Update(129025): values=Latitude=(47.706098499999996 deg) Longitude=(-122.4880977 deg)

0  : pgn=127250 line=Rx 10360876 09 f1 12 00 ff bd 48 ff 7f ff 7f fd
source=0: pgn=Vessel Heading(127250): values=Heading=(106.69 deg) Deviation=(None) Variation=(None) Reference=("1")

0  : pgn=127245 line=Rx 10360876 09 f1 0d 00 00 f8 ff 7f 00 00 ff ff
source=0: pgn=Rudder(127245): values=Instance=(0) DirectionOrder=("0") AngleOrder=(None) Position=(0.00 deg)

0  : pgn=65359  line=Rx 10360883 1c ff 4f 00 3b 9f ff ff ff bd 48 ff
source=0: pgn=Seatalk: Pilot Heading(65359): values=ManufacturerCode=(1851) IndustryCode=(4) HeadingTrue=(None) HeadingMagnetic=(106.69 deg)

32 : pgn=128259 line=Rx 10360902 09 f5 03 20 78 27 01 ff ff ff ff ff
source=32: pgn=Speed(128259): values=SpeedWaterReferenced=(2.95 m/s) SpeedGroundReferenced=(None) SpeedWaterReferencedType=(None) SpeedDirection=(None)

3  : pgn=129029 line=Tx 10360923 0d f8 05 03 c0 2b a7 06 40 e8 7a 16
3  : pgn=129029 line=Tx 10360923 0d f8 05 03 c1 2c 00 7a 1f 33 70 dc
3  : pgn=129029 line=Tx 10360923 0d f8 05 03 c2 9e 06 00 16 c8 b9 3d
3  : pgn=129029 line=Tx 10360923 0d f8 05 03 c3 59 00 ef ff ff ff ff
3  : pgn=129029 line=Tx 10360923 0d f8 05 03 c4 ff ff ff 7f 23 fc 09
3  : pgn=129029 line=Tx 10360923 0d f8 05 03 c5 55 00 ff 7f ff ff ff
3  : pgn=129029 line=Tx 10360923 0d f8 05 03 c6 7f 00 ff ff ff ff ff
3  : pgn=129025 line=Tx 10360923 09 f8 01 03 79 5f 6f 1c af cc fd b6
source=3: pgn=Position, Rapid Update(129025): values=Latitude=(47.706098499999996 deg) Longitude=(-122.4880977 deg)

3  : pgn=129033 line=Tx 10360924 0d f8 09 03 06 40 e8 7a 16 2c 5c fe
source=3: pgn=Time & Date(129033): values=Date=(16390 d) Time=(73967.076 s) LocalOffset=(-25200.0 s)

0  : pgn=127250 line=Rx 10360974 09 f1 12 00 ff d3 48 ff 7f ff 7f fd
source=0: pgn=Vessel Heading(127250): values=Heading=(106.82 deg) Deviation=(None) Variation=(None) Reference=("1")

0  : pgn=127245 line=Rx 10360975 09 f1 0d 00 00 f8 ff 7f 00 00 ff ff
source=0: pgn=Rudder(127245): values=Instance=(0) DirectionOrder=("0") AngleOrder=(None) Position=(0.00 deg)

0  : pgn=65359  line=Rx 10360979 1c ff 4f 00 3b 9f ff ff ff d3 48 ff
source=0: pgn=Seatalk: Pilot Heading(65359): values=ManufacturerCode=(1851) IndustryCode=(4) HeadingTrue=(None) HeadingMagnetic=(106.82 deg)

32 : pgn=128259 line=Rx 10361004 09 f5 03 20 79 24 01 ff ff ff ff ff
source=32: pgn=Speed(128259): values=SpeedWaterReferenced=(2.92 m/s) SpeedGroundReferenced=(None) SpeedWaterReferencedType=(None) SpeedDirection=(None)

32 : pgn=130310 line=Rx 10361007 15 fd 06 20 ef ff ff ff ff ff ff ff
source=32: pgn=Environmental Parameters (obsolete)(130310): values=WaterTemperature=(None) OutsideAmbientAirTemperature=(None) AtmosphericPressure=(None)

32 : pgn=128275 line=Rx 10361017 19 f5 13 20 20 0e ff ff ff ff ff ff
32 : pgn=128275 line=Rx 10361022 19 f5 13 20 21 56 ae 3c 00 56 ae 3c
3  : pgn=129026 line=Tx 10361024 09 f8 02 03 ff fc f9 4c 3f 01 ff ff
source=3: pgn=COG & SOG, Rapid Update(129026): values=COGReference=("0") COG=(112.90 deg) SOG=(3.19 m/s)

3  : pgn=129025 line=Tx 10361024 09 f8 01 03 51 5f 6f 1c 40 cd fd b6
source=3: pgn=Position, Rapid Update(129025): values=Latitude=(47.7060945 deg) Longitude=(-122.48808319999999 deg)

3  : pgn=126992 line=Tx 10361024 0d f0 10 03 ff ff 06 40 be 81 16 2c
source=3: pgn=System Time(126992): values=Source=(None) Date=(16390 d) Time=(73967.251 s)

32 : pgn=128275 line=Rx 10361027 19 f5 13 20 22 00 ff ff ff ff ff ff
1  : pgn=129038 line=Rx 10361030 11 f8 0e 01 80 1b c1 00 b9 ef 15 4f
1  : pgn=129038 line=Rx 10361031 11 f8 0e 01 81 62 0e b7 d0 a4 63 1c
1  : pgn=129038 line=Rx 10361031 11 f8 0e 01 82 bc da a4 00 00 00 00
1  : pgn=129038 line=Rx 10361032 11 f8 0e 01 83 00 c3 7c 00 00 f0 fe
1  : pgn=59936  line=Rx 10361058 18 ea 20 01 00 ee 00 00 00 00 00 00
4  : pgn=126975 line=Rx 10361061 1d ef ff 04 00 07 3b 9f f0 81 90 00
4  : pgn=126975 line=Rx 10361061 1d ef ff 04 01 03 ff ff ff ff ff ff
0  : pgn=127250 line=Rx 10361074 09 f1 12 00 ff ec 48 ff 7f ff 7f fd
source=0: pgn=Vessel Heading(127250): values=Heading=(106.96 deg) Deviation=(None) Variation=(None) Reference=("1")

0  : pgn=127245 line=Rx 10361075 09 f1 0d 00 00 f8 ff 7f 00 00 ff ff
source=0: pgn=Rudder(127245): values=Instance=(0) DirectionOrder=("0") AngleOrder=(None) Position=(0.00 deg)

0  : pgn=65359  line=Rx 10361082 1c ff 4f 00 3b 9f ff ff ff ec 48 ff
source=0: pgn=Seatalk: Pilot Heading(65359): values=ManufacturerCode=(1851) IndustryCode=(4) HeadingTrue=(None) HeadingMagnetic=(106.96 deg)

0  : pgn=126975 line=Rx 10361084 1d ef ff 00 a0 08 3b 9f f0 81 9c 91
0  : pgn=126975 line=Rx 10361086 1d ef ff 00 a1 08 00 ff ff ff ff ff
32 : pgn=128259 line=Rx 10361102 09 f5 03 20 7a 26 01 ff ff ff ff ff
1  : pgn=129794 line=Rx 10361121 19 fb 02 01 20 4b 05 24 90 db 15 ff
1  : pgn=129794 line=Rx 10361121 19 fb 02 01 21 ff ff ff 57 41 4b 37
1  : pgn=129794 line=Rx 10361122 19 fb 02 01 22 30 38 39 57 53 46 20
1  : pgn=129794 line=Rx 10361122 19 fb 02 01 23 53 45 41 4c 54 48 20
1  : pgn=129794 line=Rx 10361123 19 fb 02 01 24 20 20 20 20 20 20 20
1  : pgn=129794 line=Rx 10361123 19 fb 02 01 25 20 20 3c e8 03 f0 00
1  : pgn=129794 line=Rx 10361124 19 fb 02 01 26 ff ff ff ff ff ff 80
1  : pgn=129794 line=Rx 10361125 19 fb 02 01 27 ef 6c 32 d5 01 57 53
3  : pgn=129025 line=Tx 10361125 09 f8 01 03 51 5f 6f 1c 40 cd fd b6
source=3: pgn=Position, Rapid Update(129025): values=Latitude=(47.7060945 deg) Longitude=(-122.48808319999999 deg)

1  : pgn=129794 line=Rx 10361125 19 fb 02 01 28 46 20 54 45 52 4d 49
1  : pgn=129794 line=Rx 10361126 19 fb 02 01 29 4e 41 4c 20 20 20 20
1  : pgn=129794 line=Rx 10361127 19 fb 02 01 2a 20 20 20 20 05 e0 ff
0  : pgn=127250 line=Rx 10361174 09 f1 12 00 ff fb 48 ff 7f ff 7f fd
source=0: pgn=Vessel Heading(127250): values=Heading=(107.05 deg) Deviation=(None) Variation=(None) Reference=("1")

0  : pgn=127245 line=Rx 10361176 09 f1 0d 00 00 f8 ff 7f 00 00 ff ff
source=0: pgn=Rudder(127245): values=Instance=(0) DirectionOrder=("0") AngleOrder=(None) Position=(0.00 deg)

0  : pgn=65359  line=Rx 10361180 1c ff 4f 00 3b 9f ff ff ff fb 48 ff
source=0: pgn=Seatalk: Pilot Heading(65359): values=ManufacturerCode=(1851) IndustryCode=(4) HeadingTrue=(None) HeadingMagnetic=(107.05 deg)

32 : pgn=128259 line=Rx 10361201 09 f5 03 20 7b 29 01 ff ff ff ff ff
source=32: pgn=Speed(128259): values=SpeedWaterReferenced=(2.97 m/s) SpeedGroundReferenced=(None) SpeedWaterReferencedType=(None) SpeedDirection=(None)

1  : pgn=129041 line=Rx 10361213 11 f8 11 01 00 30 15 76 89 3a 3b ed
source=1: pgn=AIS Aids to Navigation (AtoN) Report(129041): values=MessageID=(0) RepeatIndicator=("0") UserID=(2306217264) Longitude=(0.0 deg) Latitude=(0.0 deg) PositionAccuracy=("0") RAIM=("0") TimeStamp=("0") Length/Diameter=(0.0 m) Beam/Diameter=(0.0 m) PositionReferencefromStarboardEdge=(0.0 m) PositionReferencefromTrueNorthFacingEdge=(0.0 m) AtoNType=("0") OffPositionIndicator=("0") VirtualAtoNFlag=("0") AssignedModeFlag=("0") Spare=(0) PositionFixingDeviceType=("0") AtoNStatus=(0) AISTransceiverinformation=("0") AtoNName=(None)

1  : pgn=129041 line=Rx 10361214 11 f8 11 01 01 61 e3 b6 67 78 ad 1c
source=1: pgn=AIS Aids to Navigation (AtoN) Report(129041): values=MessageID=(1) RepeatIndicator=("0") UserID=(1740039009) Longitude=(0.0 deg) Latitude=(0.0 deg) PositionAccuracy=("0") RAIM=("0") TimeStamp=("0") Length/Diameter=(0.0 m) Beam/Diameter=(0.0 m) PositionReferencefromStarboardEdge=(0.0 m) PositionReferencefromTrueNorthFacingEdge=(0.0 m) AtoNType=("0") OffPositionIndicator=("0") VirtualAtoNFlag=("0") AssignedModeFlag=("0") Spare=(0) PositionFixingDeviceType=("0") AtoNStatus=(0) AISTransceiverinformation=("0") AtoNName=(None)

1  : pgn=129041 line=Rx 10361214 11 f8 11 01 02 f4 00 00 00 00 00 00
source=1: pgn=AIS Aids to Navigation (AtoN) Report(129041): values=MessageID=(2) RepeatIndicator=("0") UserID=(244) Longitude=(0.0 deg) Latitude=(0.0 deg) PositionAccuracy=("0") RAIM=("0") TimeStamp=("0") Length/Diameter=(0.0 m) Beam/Diameter=(0.0 m) PositionReferencefromStarboardEdge=(0.0 m) PositionReferencefromTrueNorthFacingEdge=(0.0 m) AtoNType=("0") OffPositionIndicator=("0") VirtualAtoNFlag=("0") AssignedModeFlag=("0") Spare=(0) PositionFixingDeviceType=("0") AtoNStatus=(0) AISTransceiverinformation=("0") AtoNName=(None)

1  : pgn=129041 line=Rx 10361215 11 f8 11 01 03 ff ff 52 ee ff e1 16
source=1: pgn=AIS Aids to Navigation (AtoN) Report(129041): values=MessageID=(3) RepeatIndicator=("0") UserID=(3998416895) Longitude=(0.0 deg) Latitude=(0.0 deg) PositionAccuracy=("0") RAIM=("0") TimeStamp=("0") Length/Diameter=(0.0 m) Beam/Diameter=(0.0 m) PositionReferencefromStarboardEdge=(0.0 m) PositionReferencefromTrueNorthFacingEdge=(0.0 m) AtoNType=("0") OffPositionIndicator=("0") VirtualAtoNFlag=("0") AssignedModeFlag=("0") Spare=(0) PositionFixingDeviceType=("0") AtoNStatus=(0) AISTransceiverinformation=("0") AtoNName=(None)

1  : pgn=129041 line=Rx 10361215 11 f8 11 01 04 01 50 53 20 54 53 4c
source=1: pgn=AIS Aids to Navigation (AtoN) Report(129041): values=MessageID=(4) RepeatIndicator=("0") UserID=(542330881) Longitude=(0.0 deg) Latitude=(0.0 deg) PositionAccuracy=("0") RAIM=("0") TimeStamp=("0") Length/Diameter=(0.0 m) Beam/Diameter=(0.0 m) PositionReferencefromStarboardEdge=(0.0 m) PositionReferencefromTrueNorthFacingEdge=(0.0 m) AtoNType=("0") OffPositionIndicator=("0") VirtualAtoNFlag=("0") AssignedModeFlag=("0") Spare=(0) PositionFixingDeviceType=("0") AtoNStatus=(0) AISTransceiverinformation=("0") AtoNName=(None)

1  : pgn=129041 line=Rx 10361216 11 f8 11 01 05 20 53 42 20 20 20 20
source=1: pgn=AIS Aids to Navigation (AtoN) Report(129041): values=MessageID=(5) RepeatIndicator=("0") UserID=(541217568) Longitude=(0.0 deg) Latitude=(0.0 deg) PositionAccuracy=("0") RAIM=("0") TimeStamp=("0") Length/Diameter=(0.0 m) Beam/Diameter=(0.0 m) PositionReferencefromStarboardEdge=(0.0 m) PositionReferencefromTrueNorthFacingEdge=(0.0 m) AtoNType=("0") OffPositionIndicator=("0") VirtualAtoNFlag=("0") AssignedModeFlag=("0") Spare=(0) PositionFixingDeviceType=("0") AtoNStatus=(0) AISTransceiverinformation=("0") AtoNName=(None)

1  : pgn=129041 line=Rx 10361217 11 f8 11 01 06 20 20 20 20 20 20 20
source=1: pgn=AIS Aids to Navigation (AtoN) Report(129041): values=MessageID=(6) RepeatIndicator=("0") UserID=(538976288) Longitude=(0.0 deg) Latitude=(0.0 deg) PositionAccuracy=("0") RAIM=("0") TimeStamp=("0") Length/Diameter=(0.0 m) Beam/Diameter=(0.0 m) PositionReferencefromStarboardEdge=(0.0 m) PositionReferencefromTrueNorthFacingEdge=(0.0 m) AtoNType=("0") OffPositionIndicator=("0") VirtualAtoNFlag=("0") AssignedModeFlag=("0") Spare=(0) PositionFixingDeviceType=("0") AtoNStatus=(0) AISTransceiverinformation=("0") AtoNName=(None)

3  : pgn=129026 line=Tx 10361225 09 f8 02 03 ff fc 0a 4d 3d 01 ff ff
source=3: pgn=COG & SOG, Rapid Update(129026): values=COGReference=("0") COG=(113.00 deg) SOG=(3.17 m/s)

3  : pgn=129025 line=Tx 10361225 09 f8 01 03 33 5f 6f 1c 8a cd fd b6
source=3: pgn=Position, Rapid Update(129025): values=Latitude=(47.7060915 deg) Longitude=(-122.48807579999999 deg)

3  : pgn=129291 line=Tx 10361225 0d f9 0b 03 ff fc ba 23 3d 00 ff ff
source=3: pgn=Set & Drift, Rapid Update(129291): values=SetReference=("0") Set=(52.40 deg) Drift=(0.61 m/s)

0  : pgn=127250 line=Rx 10361275 09 f1 12 00 ff 11 49 ff 7f ff 7f fd
source=0: pgn=Vessel Heading(127250): values=Heading=(107.17 deg) Deviation=(None) Variation=(None) Reference=("1")

0  : pgn=127245 line=Rx 10361275 09 f1 0d 00 00 f8 ff 7f 00 00 ff ff
source=0: pgn=Rudder(127245): values=Instance=(0) DirectionOrder=("0") AngleOrder=(None) Position=(0.00 deg)

0  : pgn=65359  line=Rx 10361282 1c ff 4f 00 3b 9f ff ff ff 11 49 ff
source=0: pgn=Seatalk: Pilot Heading(65359): values=ManufacturerCode=(1851) IndustryCode=(4) HeadingTrue=(None) HeadingMagnetic=(107.17 deg)

32 : pgn=128259 line=Rx 10361301 09 f5 03 20 7c 2f 01 ff ff ff ff ff
source=32: pgn=Speed(128259): values=SpeedWaterReferenced=(3.0300000000000002 m/s) SpeedGroundReferenced=(None) SpeedWaterReferencedType=(None) SpeedDirection=(None)

3  : pgn=129025 line=Tx 10361325 09 f8 01 03 33 5f 6f 1c 8a cd fd b6
source=3: pgn=Position, Rapid Update(129025): values=Latitude=(47.7060915 deg) Longitude=(-122.48807579999999 deg)

0  : pgn=127250 line=Rx 10361375 09 f1 12 00 ff 16 49 ff 7f ff 7f fd
source=0: pgn=Vessel Heading(127250): values=Heading=(107.20 deg) Deviation=(None) Variation=(None) Reference=("1")

0  : pgn=127245 line=Rx 10361375 09 f1 0d 00 00 f8 ff 7f 00 00 ff ff
source=0: pgn=Rudder(127245): values=Instance=(0) DirectionOrder=("0") AngleOrder=(None) Position=(0.00 deg)

0  : pgn=65359  line=Rx 10361380 1c ff 4f 00 3b 9f ff ff ff 16 49 ff
source=0: pgn=Seatalk: Pilot Heading(65359): values=ManufacturerCode=(1851) IndustryCode=(4) HeadingTrue=(None) HeadingMagnetic=(107.20 deg)

32 : pgn=128259 line=Rx 10361400 09 f5 03 20 7d 29 01 ff ff ff ff ff
source=32: pgn=Speed(128259): values=SpeedWaterReferenced=(2.97 m/s) SpeedGroundReferenced=(None) SpeedWaterReferencedType=(None) SpeedDirection=(None)

4  : pgn=65384  line=Rx 10361402 1c ff 68 04 3b 9f 00 00 00 00 00 00
3  : pgn=129026 line=Tx 10361425 09 f8 02 03 ff fc 0a 4d 3d 01 ff ff
source=3: pgn=COG & SOG, Rapid Update(129026): values=COGReference=("0") COG=(113.00 deg) SOG=(3.17 m/s)

3  : pgn=130577 line=Tx 10361425 0d fe 11 03 e0 0e c0 a8 0a 4d 3d 01
3  : pgn=130577 line=Tx 10361425 0d fe 11 03 e1 ff ff ff ff a8 20 3b
3  : pgn=130577 line=Tx 10361425 0d fe 11 03 e2 00 ff ff ff ff ff ff
3  : pgn=129025 line=Tx 10361426 09 f8 01 03 33 5f 6f 1c 8a cd fd b6
3  : pgn=130306 line=Tx 10361426 09 fd 02 03 ff c1 02 14 c7 fa ff ff
source=3: pgn=Wind Data(130306): values=WindSpeed=(7.05 m/s) WindAngle=(292.00 deg) Reference=("2")

0  : pgn=127250 line=Rx 10361475 09 f1 12 00 ff 14 49 ff 7f ff 7f fd
source=0: pgn=Vessel Heading(127250): values=Heading=(107.19 deg) Deviation=(None) Variation=(None) Reference=("1")

0  : pgn=127245 line=Rx 10361476 09 f1 0d 00 00 f8 ff 7f 00 00 ff ff
source=0: pgn=Rudder(127245): values=Instance=(0) DirectionOrder=("0") AngleOrder=(None) Position=(0.00 deg)

0  : pgn=65359  line=Rx 10361482 1c ff 4f 00 3b 9f ff ff ff 14 49 ff
source=0: pgn=Seatalk: Pilot Heading(65359): values=ManufacturerCode=(1851) IndustryCode=(4) HeadingTrue=(None) HeadingMagnetic=(107.19 deg)

32 : pgn=128259 line=Rx 10361500 09 f5 03 20 7e 3f 01 ff ff ff ff ff
source=32: pgn=Speed(128259): values=SpeedWaterReferenced=(3.19 m/s) SpeedGroundReferenced=(None) SpeedWaterReferencedType=(None) SpeedDirection=(None)

1  : pgn=129039 line=Rx 10361513 11 f8 0f 01 00 1a 12 02 9b e8 15 25
source=1: pgn=AIS Class B Position Report(129039): values=MessageID=(0) RepeatIndicator=("0") UserID=(2600604186) Longitude=(0.0 deg) Latitude=(0.0 deg) PositionAccuracy=("0") RAIM=("0") TimeStamp=("0") COG=(0.00 deg) SOG=(0.0 m/s) CommunicationState=(0) AISTransceiverinformation=("0") Heading=(0.00 deg) RegionalApplication=(0) RegionalApplicationB=(0) Unittype=("0") IntegratedDisplay=("0") DSC=("0") Band=("0") CanhandleMsg22=("0") AISmode=("0") AIScommunicationstate=("0")

1  : pgn=129039 line=Rx 10361514 11 f8 0f 01 01 2e 0a b7 3d ab 6b 1c
source=1: pgn=AIS Class B Position Report(129039): values=MessageID=(1) RepeatIndicator=("0") UserID=(1035405870) Longitude=(0.0 deg) Latitude=(0.0 deg) PositionAccuracy=("0") RAIM=("0") TimeStamp=("0") COG=(0.00 deg) SOG=(0.0 m/s) CommunicationState=(0) AISTransceiverinformation=("0") Heading=(0.00 deg) RegionalApplication=(0) RegionalApplicationB=(0) Unittype=("0") IntegratedDisplay=("0") DSC=("0") Band=("0") CanhandleMsg22=("0") AISmode=("0") AIScommunicationstate=("0")

1  : pgn=129039 line=Rx 10361514 11 f8 0f 01 02 bb ff ff 00 00 03 00
source=1: pgn=AIS Class B Position Report(129039): values=MessageID=(2) RepeatIndicator=("0") UserID=(16777147) Longitude=(0.0 deg) Latitude=(0.0 deg) PositionAccuracy=("0") RAIM=("0") TimeStamp=("0") COG=(0.00 deg) SOG=(0.0 m/s) CommunicationState=(0) AISTransceiverinformation=("0") Heading=(0.00 deg) RegionalApplication=(0) RegionalApplicationB=(0) Unittype=("0") IntegratedDisplay=("0") DSC=("0") Band=("0") CanhandleMsg22=("0") AISmode=("0") AIScommunicationstate=("0")

1  : pgn=129039 line=Rx 10361515 11 f8 0f 01 03 00 ff ff 00 fc ff ff
source=1: pgn=AIS Class B Position Report(129039): values=MessageID=(3) RepeatIndicator=("0") UserID=(16776960) Longitude=(0.0 deg) Latitude=(0.0 deg) PositionAccuracy=("0") RAIM=("0") TimeStamp=("0") COG=(0.00 deg) SOG=(0.0 m/s) CommunicationState=(0) AISTransceiverinformation=("0") Heading=(0.00 deg) RegionalApplication=(0) RegionalApplicationB=(0) Unittype=("0") IntegratedDisplay=("0") DSC=("0") Band=("0") CanhandleMsg22=("0") AISmode=("0") AIScommunicationstate=("0")

3  : pgn=129283 line=Tx 10361526 0d f9 03 03 ff 7f ff ff ff 7f ff ff
source=3: pgn=Cross Track Error(129283): values=XTEmode=(None) NavigationTerminated=("1") XTE=(None)

3  : pgn=129025 line=Tx 10361526 09 f8 01 03 19 5f 6f 1c ca cd fd b6
source=3: pgn=Position, Rapid Update(129025): values=Latitude=(47.7060889 deg) Longitude=(-122.4880694 deg)

3  : pgn=128267 line=Tx 10361526 0d f5 0b 03 ff dd 3d 00 00 00 00 ff
source=3: pgn=Water Depth(128267): values=Depth=(158.37 m) Offset=(0.0 m) Range=(None)

0  : pgn=127250 line=Rx 10361574 09 f1 12 00 ff f8 48 ff 7f ff 7f fd
source=0: pgn=Vessel Heading(127250): values=Heading=(107.03 deg) Deviation=(None) Variation=(None) Reference=("1")

0  : pgn=127245 line=Rx 10361575 09 f1 0d 00 00 f8 ff 7f 00 00 ff ff
source=0: pgn=Rudder(127245): values=Instance=(0) DirectionOrder=("0") AngleOrder=(None) Position=(0.00 deg)

0  : pgn=65379  line=Rx 10361579 1c ff 63 00 3b 9f 00 00 00 00 01 ff
source=0: pgn=Seatalk: Pilot Mode(65379): values=ManufacturerCode=(1851) IndustryCode=(4) PilotMode=(0) SubMode=(0) PilotModeData=(0)

0  : pgn=65359  line=Rx 10361580 1c ff 4f 00 3b 9f ff ff ff f8 48 ff
source=0: pgn=Seatalk: Pilot Heading(65359): values=ManufacturerCode=(1851) IndustryCode=(4) HeadingTrue=(None) HeadingMagnetic=(107.03 deg)

0  : pgn=126975 line=Rx 10361584 1d ef ff 00 c0 0d 3b 9f f0 81 84 96
0  : pgn=126975 line=Rx 10361586 1d ef ff 00 c1 48 22 00 00 00 02 05
32 : pgn=128259 line=Rx 10361599 09 f5 03 20 7f 2f 01 ff ff ff ff ff
source=32: pgn=Speed(128259): values=SpeedWaterReferenced=(3.0300000000000002 m/s) SpeedGroundReferenced=(None) SpeedWaterReferencedType=(None) SpeedDirection=(None)

1  : pgn=129038 line=Rx 10361605 11 f8 0e 01 a0 1b c1 76 c0 e0 15 d9
1  : pgn=129038 line=Rx 10361605 11 f8 0e 01 a1 a6 0c b7 94 60 69 1c
1  : pgn=129038 line=Rx 10361606 11 f8 0e 01 a2 b8 ac 72 00 00 00 00
1  : pgn=129038 line=Rx 10361606 11 f8 0e 01 a3 00 ff ff ff 7f ff fe
3  : pgn=129026 line=Tx 10361627 09 f8 02 03 ff fc 50 4d 3a 01 ff ff
source=3: pgn=COG & SOG, Rapid Update(129026): values=COGReference=("0") COG=(113.40 deg) SOG=(3.14 m/s)

3  : pgn=129025 line=Tx 10361627 09 f8 01 03 19 5f 6f 1c ca cd fd b6
source=3: pgn=Position, Rapid Update(129025): values=Latitude=(47.7060889 deg) Longitude=(-122.4880694 deg)

3  : pgn=129542 line=Tx 10361627 19 fa 06 03 e0 0f a8 3e 01 00 00 00
3  : pgn=129542 line=Tx 10361627 19 fa 06 03 e1 00 00 00 00 00 00 00
3  : pgn=129542 line=Tx 10361627 19 fa 06 03 e2 00 00 ff ff ff ff ff
3  : pgn=65364  line=Tx 10361627 1c ff 54 03 3b 9f c1 02 14 c7 ff ff
1  : pgn=129038 line=Rx 10361637 11 f8 0e 01 c0 1b c1 fa 6c e7 15 44
1  : pgn=129038 line=Rx 10361637 11 f8 0e 01 c1 b4 0f b7 40 fb 67 1c
1  : pgn=129038 line=Rx 10361638 11 f8 0e 01 c2 bc 11 0c 05 00 00 00
1  : pgn=129038 line=Rx 10361638 11 f8 0e 01 c3 00 ff ff ff 7f ff fe
0  : pgn=127250 line=Rx 10361675 09 f1 12 00 ff e5 48 ff 7f ff 7f fd
source=0: pgn=Vessel Heading(127250): values=Heading=(106.92 deg) Deviation=(None) Variation=(None) Reference=("1")

0  : pgn=127245 line=Rx 10361676 09 f1 0d 00 00 f8 ff 7f 00 00 ff ff
source=0: pgn=Rudder(127245): values=Instance=(0) DirectionOrder=("0") AngleOrder=(None) Position=(0.00 deg)

0  : pgn=65359  line=Rx 10361683 1c ff 4f 00 3b 9f ff ff ff e5 48 ff
source=0: pgn=Seatalk: Pilot Heading(65359): values=ManufacturerCode=(1851) IndustryCode=(4) HeadingTrue=(None) HeadingMagnetic=(106.92 deg)

0  : pgn=126975 line=Rx 10361691 1d ef ff 00 e0 09 3b 9f f0 81 ae 02
0  : pgn=126975 line=Rx 10361693 1d ef ff 00 e1 00 08 00 ff ff ff ff
32 : pgn=128259 line=Rx 10361699 09 f5 03 20 80 37 01 ff ff ff ff ff
source=32: pgn=Speed(128259): values=SpeedWaterReferenced=(3.11 m/s) SpeedGroundReferenced=(None) SpeedWaterReferencedType=(None) SpeedDirection=(None)

3  : pgn=129540 line=Tx 10361729 19 fa 04 03 20 9f ca ff 0d 03 97 1a
source=3: pgn=GNSS Sats in View(129540): values=RangeResidualMode=(None) SatsinView=(202) PRN=(None) Elevation=(4.47 deg) Azimuth=(39.00 deg) SNR=(0.0 dB) Rangeresiduals=(0) Status=("0")

3  : pgn=129540 line=Tx 10361729 19 fa 04 03 21 2e 26 00 00 00 00 00
source=3: pgn=GNSS Sats in View(129540): values=RangeResidualMode=("0") SatsinView=(38) PRN=(0) Elevation=(0.00 deg) Azimuth=(0.00 deg) SNR=(0.0 dB) Rangeresiduals=(0) Status=("0")

3  : pgn=129540 line=Tx 10361729 19 fa 04 03 22 00 f3 0f ff 1d ad 3c
source=3: pgn=GNSS Sats in View(129540): values=RangeResidualMode=("0") SatsinView=(243) PRN=(15) Elevation=(44.00 deg) Azimuth=(89.00 deg) SNR=(0.0 dB) Rangeresiduals=(0) Status=("0")

3  : pgn=129540 line=Tx 10361729 19 fa 04 03 23 ac 0d 00 00 00 00 f5
source=3: pgn=GNSS Sats in View(129540): values=RangeResidualMode=("0") SatsinView=(13) PRN=(0) Elevation=(0.00 deg) Azimuth=(359.36 deg) SNR=(0.0 dB) Rangeresiduals=(0) Status=("0")

3  : pgn=129540 line=Tx 10361729 19 fa 04 03 24 10 17 13 c2 b8 04 10
source=3: pgn=GNSS Sats in View(129540): values=RangeResidualMode=("0") SatsinView=(23) PRN=(19) Elevation=(-104.50 deg) Azimuth=(23.49 deg) SNR=(0.0 dB) Rangeresiduals=(0) Status=("0")

3  : pgn=129540 line=Tx 10361729 19 fa 04 03 25 00 00 00 00 f5 12 c5
source=3: pgn=GNSS Sats in View(129540): values=RangeResidualMode=("0") SatsinView=(0) PRN=(0) Elevation=(-16.13 deg) Azimuth=(289.06 deg) SNR=(0.0 dB) Rangeresiduals=(0) Status=("0")

3  : pgn=129540 line=Tx 10361729 19 fa 04 03 26 31 f2 93 3c 0f 00 00
source=3: pgn=GNSS Sats in View(129540): values=RangeResidualMode=("1") SatsinView=(242) PRN=(147) Elevation=(22.35 deg) Azimuth=(0.00 deg) SNR=(0.0 dB) Rangeresiduals=(0) Status=("0")

3  : pgn=129540 line=Tx 10361729 19 fa 04 03 27 00 00 f5 13 69 03 1f
source=3: pgn=GNSS Sats in View(129540): values=RangeResidualMode=("0") SatsinView=(0) PRN=(245) Elevation=(154.12 deg) Azimuth=(45.49 deg) SNR=(0.0 dB) Rangeresiduals=(0) Status=("0")

3  : pgn=129540 line=Tx 10361729 19 fa 04 03 28 d8 48 0d 00 00 00 00
source=3: pgn=GNSS Sats in View(129540): values=RangeResidualMode=("0") SatsinView=(72) PRN=(13) Elevation=(0.00 deg) Azimuth=(0.00 deg) SNR=(0.0 dB) Rangeresiduals=(0) Status=("0")

3  : pgn=129540 line=Tx 10361729 19 fa 04 03 29 f5 15 e8 37 68 21 74
source=3: pgn=GNSS Sats in View(129540): values=RangeResidualMode=("1") SatsinView=(21) PRN=(232) Elevation=(152.86 deg) Azimuth=(170.33 deg) SNR=(0.0 dB) Rangeresiduals=(0) Status=("0")

3  : pgn=129540 line=Tx 10361729 19 fa 04 03 2a 0e 00 00 00 00 f5 16
source=3: pgn=GNSS Sats in View(129540): values=RangeResidualMode=("0") SatsinView=(0) PRN=(0) Elevation=(0.00 deg) Azimuth=(33.67 deg) SNR=(0.0 dB) Rangeresiduals=(0) Status=("0")

3  : pgn=129540 line=Tx 10361730 19 fa 04 03 2b 80 16 cf 9c 3c 0f 00
source=3: pgn=GNSS Sats in View(129540): values=RangeResidualMode=("0") SatsinView=(22) PRN=(207) Elevation=(88.90 deg) Azimuth=(0.09 deg) SNR=(0.0 dB) Rangeresiduals=(0) Status=("0")

1  : pgn=129041 line=Rx 10361731 11 f8 11 01 20 30 55 75 89 3a 3b 6d
3  : pgn=129540 line=Tx 10361731 19 fa 04 03 2c 00 00 00 f5 1a ae 0f
source=3: pgn=GNSS Sats in View(129540): values=RangeResidualMode=("0") SatsinView=(0) PRN=(0) Elevation=(39.54 deg) Azimuth=(23.00 deg) SNR=(0.0 dB) Rangeresiduals=(0) Status=("0")

1  : pgn=129041 line=Rx 10361732 11 f8 11 01 21 8b 0a b7 5b f8 47 1c
1  : pgn=129041 line=Rx 10361732 11 f8 11 01 22 f4 00 00 00 00 00 00
1  : pgn=129041 line=Rx 10361733 11 f8 11 01 23 ff ff 12 ee ff e0 16
1  : pgn=129041 line=Rx 10361733 11 f8 11 01 24 01 50 53 20 54 53 4c
1  : pgn=129041 line=Rx 10361734 11 f8 11 01 25 20 4c 42 20 54 41 20
1  : pgn=129041 line=Rx 10361735 11 f8 11 01 26 20 20 20 20 20 20 20
3  : pgn=129540 line=Tx 10361736 19 fa 04 03 2d 5d 1f 10 0e 00 00 00
source=3: pgn=GNSS Sats in View(129540): values=RangeResidualMode=("1") SatsinView=(31) PRN=(16) Elevation=(0.08 deg) Azimuth=(0.00 deg) SNR=(0.0 dB) Rangeresiduals=(0) Status=("0")

3  : pgn=129540 line=Tx 10361737 19 fa 04 03 2e 00 f5 1b d1 15 ab d2
source=3: pgn=GNSS Sats in View(129540): values=RangeResidualMode=("0") SatsinView=(245) PRN=(27) Elevation=(32.00 deg) Azimuth=(309.00 deg) SNR=(0.0 dB) Rangeresiduals=(0) Status=("0")

3  : pgn=129540 line=Tx 10361737 19 fa 04 03 2f e4 0c 00 00 00 00 f5
source=3: pgn=GNSS Sats in View(129540): values=RangeResidualMode=("0") SatsinView=(12) PRN=(0) Elevation=(0.00 deg) Azimuth=(359.36 deg) SNR=(0.0 dB) Rangeresiduals=(0) Status=("0")

3  : pgn=129540 line=Tx 10361738 19 fa 04 03 30 1d 51 0e a1 67 80 0c
source=3: pgn=GNSS Sats in View(129540): values=RangeResidualMode=("1") SatsinView=(81) PRN=(14) Elevation=(152.00 deg) Azimuth=(18.33 deg) SNR=(0.0 dB) Rangeresiduals=(0) Status=("0")

3  : pgn=129540 line=Tx 10361739 19 fa 04 03 31 00 00 00 00 f5 23 d1
source=3: pgn=GNSS Sats in View(129540): values=RangeResidualMode=("0") SatsinView=(0) PRN=(0) Elevation=(-16.13 deg) Azimuth=(306.76 deg) SNR=(0.0 dB) Rangeresiduals=(0) Status=("0")

3  : pgn=129540 line=Tx 10361741 19 fa 04 03 32 15 c3 8b 00 00 00 00
source=3: pgn=GNSS Sats in View(129540): values=RangeResidualMode=("1") SatsinView=(195) PRN=(139) Elevation=(0.00 deg) Azimuth=(0.00 deg) SNR=(0.0 dB) Rangeresiduals=(0) Status=("0")

3  : pgn=129540 line=Tx 10361741 19 fa 04 03 33 00 00 f3 30 2e 17 43
source=3: pgn=GNSS Sats in View(129540): values=RangeResidualMode=("0") SatsinView=(0) PRN=(243) Elevation=(67.75 deg) Azimuth=(98.41 deg) SNR=(0.0 dB) Rangeresiduals=(0) Status=("0")

3  : pgn=129540 line=Tx 10361742 19 fa 04 03 34 84 48 0d 00 00 00 00
source=3: pgn=GNSS Sats in View(129540): values=RangeResidualMode=("0") SatsinView=(72) PRN=(13) Elevation=(0.00 deg) Azimuth=(0.00 deg) SNR=(0.0 dB) Rangeresiduals=(0) Status=("0")

3  : pgn=129540 line=Tx 10361742 19 fa 04 03 35 f5 33 80 16 67 6c 10
source=3: pgn=GNSS Sats in View(129540): values=RangeResidualMode=("1") SatsinView=(51) PRN=(128) Elevation=(151.20 deg) Azimuth=(24.09 deg) SNR=(0.0 dB) Rangeresiduals=(0) Status=("0")

3  : pgn=129540 line=Tx 10361743 19 fa 04 03 36 0e 00 00 00 00 f5 ff
source=3: pgn=GNSS Sats in View(129540): values=RangeResidualMode=("0") SatsinView=(0) PRN=(0) Elevation=(0.00 deg) Azimuth=(375.43 deg) SNR=(0.0 dB) Rangeresiduals=(0) Status=("0")

3  : pgn=129025 line=Tx 10361744 09 f8 01 03 19 5f 6f 1c ca cd fd b6
source=3: pgn=Position, Rapid Update(129025): values=Latitude=(47.7060889 deg) Longitude=(-122.4880694 deg)

3  : pgn=127258 line=Tx 10361744 19 f1 1a 03 ff f6 12 39 fa 0a ff ff
source=3: pgn=Magnetic Variation(127258): values=Source=("6") Ageofservice=(14610 d) Variation=(16.10 deg)

1  : pgn=129038 line=Rx 10361761 11 f8 0e 01 e0 1b c1 95 05 06 16 c0
1  : pgn=129038 line=Rx 10361761 11 f8 0e 01 e1 5a d7 b6 11 b1 73 1c
1  : pgn=129038 line=Rx 10361762 11 f8 0e 01 e2 bd 1f a2 00 00 00 00
1  : pgn=129038 line=Rx 10361762 11 f8 0e 01 e3 00 ff ff ff 7f f0 fe
0  : pgn=127250 line=Rx 10361774 09 f1 12 00 ff bf 48 ff 7f ff 7f fd
source=0: pgn=Vessel Heading(127250): values=Heading=(106.70 deg) Deviation=(None) Variation=(None) Reference=("1")

0  : pgn=127245 line=Rx 10361775 09 f1 0d 00 00 f8 ff 7f 00 00 ff ff
source=0: pgn=Rudder(127245): values=Instance=(0) DirectionOrder=("0") AngleOrder=(None) Position=(0.00 deg)

0  : pgn=65359  line=Rx 10361781 1c ff 4f 00 3b 9f ff ff ff bf 48 ff
source=0: pgn=Seatalk: Pilot Heading(65359): values=ManufacturerCode=(1851) IndustryCode=(4) HeadingTrue=(None) HeadingMagnetic=(106.70 deg)

0  : pgn=126975 line=Rx 10361785 1d ef ff 00 00 07 3b 9f f0 81 90 10
0  : pgn=126975 line=Rx 10361787 1d ef ff 00 01 05 ff ff ff ff ff ff
32 : pgn=128259 line=Rx 10361798 09 f5 03 20 81 2b 01 ff ff ff ff ff
source=32: pgn=Speed(128259): values=SpeedWaterReferenced=(2.99 m/s) SpeedGroundReferenced=(None) SpeedWaterReferencedType=(None) SpeedDirection=(None)

3  : pgn=129026 line=Tx 10361829 09 f8 02 03 ff fc 96 4d 37 01 ff ff
source=3: pgn=COG & SOG, Rapid Update(129026): values=COGReference=("0") COG=(113.80 deg) SOG=(3.11 m/s)

3  : pgn=129025 line=Tx 10361829 09 f8 01 03 de 5e 6f 1c 49 ce fd b6
source=3: pgn=Position, Rapid Update(129025): values=Latitude=(47.706083 deg) Longitude=(-122.4880567 deg)

0  : pgn=127250 line=Rx 10361874 09 f1 12 00 ff 97 48 ff 7f ff 7f fd
source=0: pgn=Vessel Heading(127250): values=Heading=(106.47 deg) Deviation=(None) Variation=(None) Reference=("1")

0  : pgn=127245 line=Rx 10361875 09 f1 0d 00 00 f8 ff 7f 00 00 ff ff
source=0: pgn=Rudder(127245): values=Instance=(0) DirectionOrder=("0") AngleOrder=(None) Position=(0.00 deg)

0  : pgn=65359  line=Rx 10361882 1c ff 4f 00 3b 9f ff ff ff 97 48 ff
source=0: pgn=Seatalk: Pilot Heading(65359): values=ManufacturerCode=(1851) IndustryCode=(4) HeadingTrue=(None) HeadingMagnetic=(106.47 deg)

32 : pgn=128259 line=Rx 10361898 09 f5 03 20 82 29 01 ff ff ff ff ff
source=32: pgn=Speed(128259): values=SpeedWaterReferenced=(2.97 m/s) SpeedGroundReferenced=(None) SpeedWaterReferencedType=(None) SpeedDirection=(None)

3  : pgn=129029 line=Tx 10361930 0d f8 05 03 e0 2b a8 06 40 c2 a0 16
3  : pgn=129029 line=Tx 10361930 0d f8 05 03 e1 2c 00 2c 67 1c 4c dc
3  : pgn=129029 line=Tx 10361930 0d f8 05 03 e2 9e 06 00 9a af 2f 9d
3  : pgn=129029 line=Tx 10361930 0d f8 05 03 e3 59 00 ef ff ff ff ff
3  : pgn=129029 line=Tx 10361930 0d f8 05 03 e4 ff ff ff 7f 23 fc 09
3  : pgn=129029 line=Tx 10361930 0d f8 05 03 e5 55 00 ff 7f ff ff ff
3  : pgn=129029 line=Tx 10361930 0d f8 05 03 e6 7f 00 ff ff ff ff ff
3  : pgn=129025 line=Tx 10361930 09 f8 01 03 de 5e 6f 1c 49 ce fd b6
source=3: pgn=Position, Rapid Update(129025): values=Latitude=(47.706083 deg) Longitude=(-122.4880567 deg)

3  : pgn=129033 line=Tx 10361930 0d f8 09 03 06 40 c2 a0 16 2c 5c fe
source=3: pgn=Time & Date(129033): values=Date=(16390 d) Time=(73968.045 s) LocalOffset=(-25200.0 s)

0  : pgn=127250 line=Rx 10361974 09 f1 12 00 ff 7d 48 ff 7f ff 7f fd
source=0: pgn=Vessel Heading(127250): values=Heading=(106.32 deg) Deviation=(None) Variation=(None) Reference=("1")

0  : pgn=127245 line=Rx 10361975 09 f1 0d 00 00 f8 ff 7f 00 00 ff ff
source=0: pgn=Rudder(127245): values=Instance=(0) DirectionOrder=("0") AngleOrder=(None) Position=(0.00 deg)

0  : pgn=65359  line=Rx 10361979 1c ff 4f 00 3b 9f ff ff ff 7d 48 ff
source=0: pgn=Seatalk: Pilot Heading(65359): values=ManufacturerCode=(1851) IndustryCode=(4) HeadingTrue=(None) HeadingMagnetic=(106.32 deg)

32 : pgn=128259 line=Rx 10361999 09 f5 03 20 83 25 01 ff ff ff ff ff
source=32: pgn=Speed(128259): values=SpeedWaterReferenced=(2.93 m/s) SpeedGroundReferenced=(None) SpeedWaterReferencedType=(None) SpeedDirection=(None)

32 : pgn=130310 line=Rx 10362002 15 fd 06 20 f0 ff ff ff ff ff ff ff
source=32: pgn=Environmental Parameters (obsolete)(130310): values=WaterTemperature=(None) OutsideAmbientAirTemperature=(None) AtmosphericPressure=(None)

32 : pgn=128275 line=Rx 10362012 19 f5 13 20 40 0e ff ff ff ff ff ff
32 : pgn=128275 line=Rx 10362017 19 f5 13 20 41 56 ae 3c 00 56 ae 3c
32 : pgn=128275 line=Rx 10362022 19 f5 13 20 42 00 ff ff ff ff ff ff
3  : pgn=129026 line=Tx 10362030 09 f8 02 03 ff fc ff 4d 36 01 ff ff
source=3: pgn=COG & SOG, Rapid Update(129026): values=COGReference=("0") COG=(114.40 deg) SOG=(3.1 m/s)

3  : pgn=129025 line=Tx 10362030 09 f8 01 03 be 5e 6f 1c 89 ce fd b6
source=3: pgn=Position, Rapid Update(129025): values=Latitude=(47.7060798 deg) Longitude=(-122.4880503 deg)

3  : pgn=126992 line=Tx 10362030 0d f0 10 03 ff ff 06 40 c4 a8 16 2c
source=3: pgn=System Time(126992): values=Source=(None) Date=(16390 d) Time=(73968.25 s)

1  : pgn=59936  line=Rx 10362059 18 ea 20 01 00 ee 00 00 00 00 00 00
0  : pgn=127250 line=Rx 10362075 09 f1 12 00 ff 43 48 ff 7f ff 7f fd
source=0: pgn=Vessel Heading(127250): values=Heading=(105.99 deg) Deviation=(None) Variation=(None) Reference=("1")

0  : pgn=127245 line=Rx 10362076 09 f1 0d 00 00 f8 ff 7f 00 00 ff ff
source=0: pgn=Rudder(127245): values=Instance=(0) DirectionOrder=("0") AngleOrder=(None) Position=(0.00 deg)

0  : pgn=65359  line=Rx 10362082 1c ff 4f 00 3b 9f ff ff ff 43 48 ff
source=0: pgn=Seatalk: Pilot Heading(65359): values=ManufacturerCode=(1851) IndustryCode=(4) HeadingTrue=(None) HeadingMagnetic=(105.99 deg)

0  : pgn=126975 line=Rx 10362084 1d ef ff 00 20 08 3b 9f f0 81 9c 11
0  : pgn=126975 line=Rx 10362086 1d ef ff 00 21 08 00 ff ff ff ff ff
32 : pgn=128259 line=Rx 10362097 09 f5 03 20 84 2c 01 ff ff ff ff ff
3  : pgn=129025 line=Tx 10362131 09 f8 01 03 be 5e 6f 1c 89 ce fd b6
source=3: pgn=Position, Rapid Update(129025): values=Latitude=(47.7060798 deg) Longitude=(-122.4880503 deg)

0  : pgn=127250 line=Rx 10362177 09 f1 12 00 ff 11 48 ff 7f ff 7f fd
source=0: pgn=Vessel Heading(127250): values=Heading=(105.70 deg) Deviation=(None) Variation=(None) Reference=("1")

0  : pgn=127245 line=Rx 10362178 09 f1 0d 00 00 f8 ff 7f 00 00 ff ff
source=0: pgn=Rudder(127245): values=Instance=(0) DirectionOrder=("0") AngleOrder=(None) Position=(0.00 deg)

1  : pgn=129039 line=Rx 10362181 11 f8 0f 01 20 1a 12 dc 0e e6 15 73
1  : pgn=129039 line=Rx 10362182 11 f8 0f 01 21 6c 13 b7 00 37 66 1c
1  : pgn=129039 line=Rx 10362182 11 f8 0f 01 22 bf be 54 34 01 03 00
1  : pgn=129039 line=Rx 10362183 11 f8 0f 01 23 00 ff ff 00 fc ff ff
0  : pgn=65359  line=Rx 10362184 1c ff 4f 00 3b 9f ff ff ff 11 48 ff
source=0: pgn=Seatalk: Pilot Heading(65359): values=ManufacturerCode=(1851) IndustryCode=(4) HeadingTrue=(None) HeadingMagnetic=(105.70 deg)

32 : pgn=128259 line=Rx 10362196 09 f5 03 20 85 21 01 ff ff ff ff ff
source=32: pgn=Speed(128259): values=SpeedWaterReferenced=(2.89 m/s) SpeedGroundReferenced=(None) SpeedWaterReferencedType=(None) SpeedDirection=(None)

3  : pgn=129026 line=Tx 10362231 09 f8 02 03 ff fc ff 4d 36 01 ff ff
source=3: pgn=COG & SOG, Rapid Update(129026): values=COGReference=("0") COG=(114.40 deg) SOG=(3.1 m/s)

3  : pgn=129025 line=Tx 10362231 09 f8 01 03 be 5e 6f 1c 89 ce fd b6
source=3: pgn=Position, Rapid Update(129025): values=Latitude=(47.7060798 deg) Longitude=(-122.4880503 deg)

3  : pgn=129291 line=Tx 10362231 0d f9 0b 03 ff fc a8 20 3b 00 ff ff
source=3: pgn=Set & Drift, Rapid Update(129291): values=SetReference=("0") Set=(47.90 deg) Drift=(0.59 m/s)

0  : pgn=127250 line=Rx 10362274 09 f1 12 00 ff f5 47 ff 7f ff 7f fd
source=0: pgn=Vessel Heading(127250): values=Heading=(105.54 deg) Deviation=(None) Variation=(None) Reference=("1")

0  : pgn=127245 line=Rx 10362275 09 f1 0d 00 00 f8 ff 7f 00 00 ff ff
source=0: pgn=Rudder(127245): values=Instance=(0) DirectionOrder=("0") AngleOrder=(None) Position=(0.00 deg)

1  : pgn=129038 line=Rx 10362276 11 f8 0e 01 00 1b c1 0e 28 dc 15 cb
source=1: pgn=AIS Class A Position Report(129038): values=MessageID=(0) RepeatIndicator=("0") UserID=(672055579) Longitude=(0.0 deg) Latitude=(0.0 deg) PositionAccuracy=("0") RAIM=("0") TimeStamp=("0") COG=(0.00 deg) SOG=(0.0 m/s) CommunicationState=(0) AISTransceiverinformation=("0") Heading=(0.00 deg) RateofTurn=(0.00 deg/s) NavStatus=("0") SpecialManeuverIndicator=("0") Spare=(0) SequenceID=(0)

1  : pgn=129038 line=Rx 10362277 11 f8 0e 01 01 06 03 b7 54 65 60 1c
source=1: pgn=AIS Class A Position Report(129038): values=MessageID=(1) RepeatIndicator=("0") UserID=(1421280006) Longitude=(0.0 deg) Latitude=(0.0 deg) PositionAccuracy=("0") RAIM=("0") TimeStamp=("0") COG=(0.00 deg) SOG=(0.0 m/s) CommunicationState=(0) AISTransceiverinformation=("0") Heading=(0.00 deg) RateofTurn=(0.00 deg/s) NavStatus=("0") SpecialManeuverIndicator=("0") Spare=(0) SequenceID=(0)

1  : pgn=129038 line=Rx 10362277 11 f8 0e 01 02 c1 c4 37 e6 03 00 00
source=1: pgn=AIS Class A Position Report(129038): values=MessageID=(2) RepeatIndicator=("0") UserID=(3862414529) Longitude=(0.0 deg) Latitude=(0.0 deg) PositionAccuracy=("0") RAIM=("0") TimeStamp=("0") COG=(0.00 deg) SOG=(0.0 m/s) CommunicationState=(0) AISTransceiverinformation=("0") Heading=(0.00 deg) RateofTurn=(0.00 deg/s) NavStatus=("0") SpecialManeuverIndicator=("0") Spare=(0) SequenceID=(0)

1  : pgn=129038 line=Rx 10362278 11 f8 0e 01 03 00 2d 35 00 00 f0 fe
source=1: pgn=AIS Class A Position Report(129038): values=MessageID=(3) RepeatIndicator=("0") UserID=(3484928) Longitude=(0.0 deg) Latitude=(0.0 deg) PositionAccuracy=("0") RAIM=("0") TimeStamp=("0") COG=(0.00 deg) SOG=(0.0 m/s) CommunicationState=(0) AISTransceiverinformation=("0") Heading=(0.00 deg) RateofTurn=(0.00 deg/s) NavStatus=("0") SpecialManeuverIndicator=("0") Spare=(0) SequenceID=(0)

0  : pgn=65359  line=Rx 10362285 1c ff 4f 00 3b 9f ff ff ff f5 47 ff
source=0: pgn=Seatalk: Pilot Heading(65359): values=ManufacturerCode=(1851) IndustryCode=(4) HeadingTrue=(None) HeadingMagnetic=(105.54 deg)

32 : pgn=128259 line=Rx 10362296 09 f5 03 20 86 20 01 ff ff ff ff ff
source=32: pgn=Speed(128259): values=SpeedWaterReferenced=(2.88 m/s) SpeedGroundReferenced=(None) SpeedWaterReferencedType=(None) SpeedDirection=(None)

1  : pgn=129038 line=Rx 10362306 11 f8 0e 01 20 1b c1 18 6d e7 15 c6
1  : pgn=129038 line=Rx 10362307 11 f8 0e 01 21 b2 0f b7 04 f9 67 1c
1  : pgn=129038 line=Rx 10362308 11 f8 0e 01 22 c0 a8 0e 00 00 00 00
1  : pgn=129038 line=Rx 10362308 11 f8 0e 01 23 00 ff ff ff 7f f0 fe
3  : pgn=129025 line=Tx 10362331 09 f8 01 03 a1 5e 6f 1c ce ce fd b6
source=3: pgn=Position, Rapid Update(129025): values=Latitude=(47.7060769 deg) Longitude=(-122.4880434 deg)

0  : pgn=127250 line=Rx 10362374 09 f1 12 00 ff c6 47 ff 7f ff 7f fd
source=0: pgn=Vessel Heading(127250): values=Heading=(105.28 deg) Deviation=(None) Variation=(None) Reference=("1")

0  : pgn=127245 line=Rx 10362375 09 f1 0d 00 00 f8 ff 7f 00 00 ff ff
source=0: pgn=Rudder(127245): values=Instance=(0) DirectionOrder=("0") AngleOrder=(None) Position=(0.00 deg)

0  : pgn=65359  line=Rx 10362380 1c ff 4f 00 3b 9f ff ff ff c6 47 ff
source=0: pgn=Seatalk: Pilot Heading(65359): values=ManufacturerCode=(1851) IndustryCode=(4) HeadingTrue=(None) HeadingMagnetic=(105.28 deg)

32 : pgn=128259 line=Rx 10362395 09 f5 03 20 87 21 01 ff ff ff ff ff
source=32: pgn=Speed(128259): values=SpeedWaterReferenced=(2.89 m/s) SpeedGroundReferenced=(None) SpeedWaterReferencedType=(None) SpeedDirection=(None)

4  : pgn=65384  line=Rx 10362401 1c ff 68 04 3b 9f 00 00 00 00 00 00
1  : pgn=129038 line=Rx 10362429 11 f8 0e 01 40 1b c1 00 c6 e2 15 d7
1  : pgn=129038 line=Rx 10362430 11 f8 0e 01 41 4f 13 b7 1d c1 5d 1c
1  : pgn=129038 line=Rx 10362430 11 f8 0e 01 42 c6 6b a3 00 00 00 00
1  : pgn=129038 line=Rx 10362431 11 f8 0e 01 43 00 ff ff ff 7f f0 fe
3  : pgn=129026 line=Tx 10362431 09 f8 02 03 ff fc 56 4e 34 01 ff ff
source=3: pgn=COG & SOG, Rapid Update(129026): values=COGReference=("0") COG=(114.90 deg) SOG=(3.08 m/s)

3  : pgn=130577 line=Tx 10362432 0d fe 11 03 00 0e c0 a9 56 4e 34 01
source=3: pgn=Direction Data(130577): values=DataMode=("0") COGReference=("0") COG=(248.98 deg) SOG=(200.54 m/s) Heading=(1.76 deg) SpeedthroughWater=(0.0 m/s) Set=(0.00 deg) Drift=(0.0 m/s)

3  : pgn=130577 line=Tx 10362432 0d fe 11 03 01 ff ff ff ff a8 20 3b
source=3: pgn=Direction Data(130577): values=DataMode=("1") COGReference=("0") COG=(None) SOG=(432.63 m/s) Heading=(86.72 deg) SpeedthroughWater=(0.0 m/s) Set=(0.00 deg) Drift=(0.0 m/s)

3  : pgn=130577 line=Tx 10362432 0d fe 11 03 02 00 ff ff ff ff ff ff
source=3: pgn=Direction Data(130577): values=DataMode=("2") COGReference=("0") COG=(None) SOG=(None) Heading=(None) SpeedthroughWater=(0.0 m/s) Set=(0.00 deg) Drift=(0.0 m/s)

3  : pgn=129025 line=Tx 10362432 09 f8 01 03 a1 5e 6f 1c ce ce fd b6
source=3: pgn=Position, Rapid Update(129025): values=Latitude=(47.7060769 deg) Longitude=(-122.4880434 deg)

3  : pgn=130306 line=Tx 10362432 09 fd 02 03 ff d5 02 b7 c5 fa ff ff
source=3: pgn=Wind Data(130306): values=WindSpeed=(7.25 m/s) WindAngle=(290.00 deg) Reference=("2")

1  : pgn=129038 line=Rx 10362459 11 f8 0e 01 60 1b c1 da 4c dc 15 de
1  : pgn=129038 line=Rx 10362460 11 f8 0e 01 61 de 07 b7 8b 6a 5f 1c
1  : pgn=129038 line=Rx 10362461 11 f8 0e 01 62 c5 1f b4 98 03 00 00
1  : pgn=129038 line=Rx 10362461 11 f8 0e 01 63 00 ab b4 00 00 ff fe
0  : pgn=127250 line=Rx 10362474 09 f1 12 00 ff b3 47 ff 7f ff 7f fd
source=0: pgn=Vessel Heading(127250): values=Heading=(105.17 deg) Deviation=(None) Variation=(None) Reference=("1")

0  : pgn=127245 line=Rx 10362475 09 f1 0d 00 00 f8 ff 7f 00 00 ff ff
source=0: pgn=Rudder(127245): values=Instance=(0) DirectionOrder=("0") AngleOrder=(None) Position=(0.00 deg)

0  : pgn=65359  line=Rx 10362482 1c ff 4f 00 3b 9f ff ff ff b3 47 ff
source=0: pgn=Seatalk: Pilot Heading(65359): values=ManufacturerCode=(1851) IndustryCode=(4) HeadingTrue=(None) HeadingMagnetic=(105.17 deg)

32 : pgn=128259 line=Rx 10362495 09 f5 03 20 88 2b 01 ff ff ff ff ff
source=32: pgn=Speed(128259): values=SpeedWaterReferenced=(2.99 m/s) SpeedGroundReferenced=(None) SpeedWaterReferencedType=(None) SpeedDirection=(None)

1  : pgn=129038 line=Rx 10362521 11 f8 0e 01 80 1b c1 9a cc e2 15 76
1  : pgn=129038 line=Rx 10362522 11 f8 0e 01 81 3c 10 b7 83 e2 67 1c
1  : pgn=129038 line=Rx 10362522 11 f8 0e 01 82 c0 d6 13 00 00 00 00
1  : pgn=129038 line=Rx 10362523 11 f8 0e 01 83 00 ff ff ff 7f f0 fe
3  : pgn=129283 line=Tx 10362533 0d f9 03 03 ff 7f ff ff ff 7f ff ff
source=3: pgn=Cross Track Error(129283): values=XTEmode=(None) NavigationTerminated=("1") XTE=(None)

3  : pgn=129025 line=Tx 10362533 09 f8 01 03 a1 5e 6f 1c ce ce fd b6
source=3: pgn=Position, Rapid Update(129025): values=Latitude=(47.7060769 deg) Longitude=(-122.4880434 deg)

3  : pgn=128267 line=Tx 10362533 0d f5 0b 03 ff e0 3d 00 00 00 00 ff
source=3: pgn=Water Depth(128267): values=Depth=(158.4 m) Offset=(0.0 m) Range=(None)

0  : pgn=127250 line=Rx 10362574 09 f1 12 00 ff 90 47 ff 7f ff 7f fd
source=0: pgn=Vessel Heading(127250): values=Heading=(104.97 deg) Deviation=(None) Variation=(None) Reference=("1")

0  : pgn=127245 line=Rx 10362575 09 f1 0d 00 00 f8 ff 7f 00 00 ff ff
source=0: pgn=Rudder(127245): values=Instance=(0) DirectionOrder=("0") AngleOrder=(None) Position=(0.00 deg)

0  : pgn=65379  line=Rx 10362579 1c ff 63 00 3b 9f 00 00 00 00 01 ff
source=0: pgn=Seatalk: Pilot Mode(65379): values=ManufacturerCode=(1851) IndustryCode=(4) PilotMode=(0) SubMode=(0) PilotModeData=(0)

0  : pgn=65359  line=Rx 10362580 1c ff 4f 00 3b 9f ff ff ff 90 47 ff
source=0: pgn=Seatalk: Pilot Heading(65359): values=ManufacturerCode=(1851) IndustryCode=(4) HeadingTrue=(None) HeadingMagnetic=(104.97 deg)

0  : pgn=126975 line=Rx 10362584 1d ef ff 00 40 0d 3b 9f f0 81 84 96
0  : pgn=126975 line=Rx 10362586 1d ef ff 00 41 47 1e 00 00 00 02 05
32 : pgn=128259 line=Rx 10362594 09 f5 03 20 89 23 01 ff ff ff ff ff
source=32: pgn=Speed(128259): values=SpeedWaterReferenced=(2.91 m/s) SpeedGroundReferenced=(None) SpeedWaterReferencedType=(None) SpeedDirection=(None)

1  : pgn=129038 line=Rx 10362614 11 f8 0e 01 a0 1b c1 3a 83 dc 15 87
1  : pgn=129038 line=Rx 10362615 11 f8 0e 01 a1 ef f9 b6 0e 35 62 1c
1  : pgn=129038 line=Rx 10362616 11 f8 0e 01 a2 c5 08 b6 00 00 00 00
1  : pgn=129038 line=Rx 10362616 11 f8 0e 01 a3 00 cd c9 00 00 ff fe
3  : pgn=129026 line=Tx 10362637 09 f8 02 03 ff fc bf 4e 31 01 ff ff
source=3: pgn=COG & SOG, Rapid Update(129026): values=COGReference=("0") COG=(115.50 deg) SOG=(3.0500000000000003 m/s)

3  : pgn=129025 line=Tx 10362638 09 f8 01 03 5d 5e 6f 1c 49 cf fd b6
source=3: pgn=Position, Rapid Update(129025): values=Latitude=(47.7060701 deg) Longitude=(-122.4880311 deg)

3  : pgn=129542 line=Tx 10362638 19 fa 06 03 00 0f a9 3b 01 00 00 00
source=3: pgn=GNSS Pseudorange Noise Statistics(129542): values=RMSofPositionUncertainty=(43279) STDofMajoraxis=(59) STDofMinoraxis=(1) OrientationofMajoraxis=(0) STDofLatError=(0) STDofLonError=(0) STDofAltError=(0)

3  : pgn=129542 line=Tx 10362638 19 fa 06 03 01 00 00 00 00 00 00 00
source=3: pgn=GNSS Pseudorange Noise Statistics(129542): values=RMSofPositionUncertainty=(0) STDofMajoraxis=(0) STDofMinoraxis=(0) OrientationofMajoraxis=(0) STDofLatError=(0) STDofLonError=(0) STDofAltError=(0)

3  : pgn=129542 line=Tx 10362638 19 fa 06 03 02 00 00 ff ff ff ff ff
source=3: pgn=GNSS Pseudorange Noise Statistics(129542): values=RMSofPositionUncertainty=(0) STDofMajoraxis=(None) STDofMinoraxis=(None) OrientationofMajoraxis=(None) STDofLatError=(None) STDofLonError=(None) STDofAltError=(0)

3  : pgn=65364  line=Tx 10362638 1c ff 54 03 3b 9f d5 02 b7 c5 ff ff
0  : pgn=127250 line=Rx 10362674 09 f1 12 00 ff 72 47 ff 7f ff 7f fd
source=0: pgn=Vessel Heading(127250): values=Heading=(104.79 deg) Deviation=(None) Variation=(None) Reference=("1")

0  : pgn=127245 line=Rx 10362675 09 f1 0d 00 00 f8 ff 7f 00 00 ff ff
source=0: pgn=Rudder(127245): values=Instance=(0) DirectionOrder=("0") AngleOrder=(None) Position=(0.00 deg)

0  : pgn=65359  line=Rx 10362681 1c ff 4f 00 3b 9f ff ff ff 72 47 ff
source=0: pgn=Seatalk: Pilot Heading(65359): values=ManufacturerCode=(1851) IndustryCode=(4) HeadingTrue=(None) HeadingMagnetic=(104.79 deg)

0  : pgn=126975 line=Rx 10362684 1d ef ff 00 60 09 3b 9f f0 81 ae 02
0  : pgn=126975 line=Rx 10362687 1d ef ff 00 61 00 08 00 ff ff ff ff
32 : pgn=128259 line=Rx 10362694 09 f5 03 20 8a 23 01 ff ff ff ff ff
source=32: pgn=Speed(128259): values=SpeedWaterReferenced=(2.91 m/s) SpeedGroundReferenced=(None) SpeedWaterReferencedType=(None) SpeedDirection=(None)

1  : pgn=129038 line=Rx 10362706 11 f8 0e 01 c0 1b c1 40 3c e6 15 fd
1  : pgn=129038 line=Rx 10362707 11 f8 0e 01 c1 91 0d b7 b5 e3 68 1c
1  : pgn=129038 line=Rx 10362707 11 f8 0e 01 c2 c6 d3 b8 00 00 00 00
1  : pgn=129038 line=Rx 10362708 11 f8 0e 01 c3 00 ff ff ff 7f f0 fe
1  : pgn=129038 line=Rx 10362709 11 f8 0e 01 e0 1b c1 38 45 e0 15 81
1  : pgn=129038 line=Rx 10362709 11 f8 0e 01 e1 bd 0f b7 75 f2 67 1c
1  : pgn=129038 line=Rx 10362710 11 f8 0e 01 e2 c0 39 10 00 00 00 00
1  : pgn=129038 line=Rx 10362710 11 f8 0e 01 e3 00 ff ff ff 7f f0 fe
3  : pgn=129540 line=Tx 10362738 19 fa 04 03 40 9f cb ff 0d 03 97 1a
source=3: pgn=GNSS Sats in View(129540): values=RangeResidualMode=(None) SatsinView=(203) PRN=(None) Elevation=(4.47 deg) Azimuth=(39.00 deg) SNR=(0.0 dB) Rangeresiduals=(0) Status=("0")

3  : pgn=129540 line=Tx 10362738 19 fa 04 03 41 2e 26 00 00 00 00 00
source=3: pgn=GNSS Sats in View(129540): values=RangeResidualMode=("0") SatsinView=(38) PRN=(0) Elevation=(0.00 deg) Azimuth=(0.00 deg) SNR=(0.0 dB) Rangeresiduals=(0) Status=("0")

3  : pgn=129540 line=Tx 10362738 19 fa 04 03 42 00 f3 0f ff 1d ad 3c
source=3: pgn=GNSS Sats in View(129540): values=RangeResidualMode=("0") SatsinView=(243) PRN=(15) Elevation=(44.00 deg) Azimuth=(89.00 deg) SNR=(0.0 dB) Rangeresiduals=(0) Status=("0")

3  : pgn=129540 line=Tx 10362738 19 fa 04 03 43 d8 0e 00 00 00 00 f5
source=3: pgn=GNSS Sats in View(129540): values=RangeResidualMode=("0") SatsinView=(14) PRN=(0) Elevation=(0.00 deg) Azimuth=(359.36 deg) SNR=(0.0 dB) Rangeresiduals=(0) Status=("0")

3  : pgn=129540 line=Tx 10362738 19 fa 04 03 44 10 17 13 c2 b8 f0 0a
source=3: pgn=GNSS Sats in View(129540): values=RangeResidualMode=("0") SatsinView=(23) PRN=(19) Elevation=(-104.50 deg) Azimuth=(16.04 deg) SNR=(0.0 dB) Rangeresiduals=(0) Status=("0")

3  : pgn=129540 line=Tx 10362738 19 fa 04 03 45 00 00 00 00 f5 12 c5
source=3: pgn=GNSS Sats in View(129540): values=RangeResidualMode=("0") SatsinView=(0) PRN=(0) Elevation=(-16.13 deg) Azimuth=(289.06 deg) SNR=(0.0 dB) Rangeresiduals=(0) Status=("0")

3  : pgn=129540 line=Tx 10362738 19 fa 04 03 46 31 f2 93 60 09 00 00
source=3: pgn=GNSS Sats in View(129540): values=RangeResidualMode=("1") SatsinView=(242) PRN=(147) Elevation=(13.75 deg) Azimuth=(0.00 deg) SNR=(0.0 dB) Rangeresiduals=(0) Status=("0")

3  : pgn=129540 line=Tx 10362738 19 fa 04 03 47 00 00 f5 13 69 03 1f
source=3: pgn=GNSS Sats in View(129540): values=RangeResidualMode=("0") SatsinView=(0) PRN=(245) Elevation=(154.12 deg) Azimuth=(45.49 deg) SNR=(0.0 dB) Rangeresiduals=(0) Status=("0")

3  : pgn=129540 line=Tx 10362738 19 fa 04 03 48 d8 48 0d 00 00 00 00
source=3: pgn=GNSS Sats in View(129540): values=RangeResidualMode=("0") SatsinView=(72) PRN=(13) Elevation=(0.00 deg) Azimuth=(0.00 deg) SNR=(0.0 dB) Rangeresiduals=(0) Status=("0")

3  : pgn=129540 line=Tx 10362738 19 fa 04 03 49 f5 15 e8 37 68 21 3c
source=3: pgn=GNSS Sats in View(129540): values=RangeResidualMode=("1") SatsinView=(21) PRN=(232) Elevation=(152.86 deg) Azimuth=(88.20 deg) SNR=(0.0 dB) Rangeresiduals=(0) Status=("0")

3  : pgn=129540 line=Tx 10362738 19 fa 04 03 4a 0f 00 00 00 00 f5 16
source=3: pgn=GNSS Sats in View(129540): values=RangeResidualMode=(None) SatsinView=(0) PRN=(0) Elevation=(0.00 deg) Azimuth=(33.67 deg) SNR=(0.0 dB) Rangeresiduals=(0) Status=("0")

3  : pgn=129540 line=Tx 10362739 19 fa 04 03 4b 80 16 cf 9c 80 0c 00
source=3: pgn=GNSS Sats in View(129540): values=RangeResidualMode=("0") SatsinView=(22) PRN=(207) Elevation=(-186.85 deg) Azimuth=(0.07 deg) SNR=(0.0 dB) Rangeresiduals=(0) Status=("0")

3  : pgn=129540 line=Tx 10362740 19 fa 04 03 4c 00 00 00 f5 1a ae 0f
source=3: pgn=GNSS Sats in View(129540): values=RangeResidualMode=("0") SatsinView=(0) PRN=(0) Elevation=(39.54 deg) Azimuth=(23.00 deg) SNR=(0.0 dB) Rangeresiduals=(0) Status=("0")

3  : pgn=129540 line=Tx 10362740 19 fa 04 03 4d 5d 1f 3c 0f 00 00 00
source=3: pgn=GNSS Sats in View(129540): values=RangeResidualMode=("1") SatsinView=(31) PRN=(60) Elevation=(0.09 deg) Azimuth=(0.00 deg) SNR=(0.0 dB) Rangeresiduals=(0) Status=("0")

3  : pgn=129540 line=Tx 10362741 19 fa 04 03 4e 00 f5 1b d1 15 ab d2
source=3: pgn=GNSS Sats in View(129540): values=RangeResidualMode=("0") SatsinView=(245) PRN=(27) Elevation=(32.00 deg) Azimuth=(309.00 deg) SNR=(0.0 dB) Rangeresiduals=(0) Status=("0")

3  : pgn=129540 line=Tx 10362742 19 fa 04 03 4f b8 0b 00 00 00 00 f5
source=3: pgn=GNSS Sats in View(129540): values=RangeResidualMode=("0") SatsinView=(11) PRN=(0) Elevation=(0.00 deg) Azimuth=(359.36 deg) SNR=(0.0 dB) Rangeresiduals=(0) Status=("0")

3  : pgn=129540 line=Tx 10362743 19 fa 04 03 50 1d 51 0e a1 67 10 0e
source=3: pgn=GNSS Sats in View(129540): values=RangeResidualMode=("1") SatsinView=(81) PRN=(14) Elevation=(152.00 deg) Azimuth=(20.63 deg) SNR=(0.0 dB) Rangeresiduals=(0) Status=("0")

3  : pgn=129540 line=Tx 10362744 19 fa 04 03 51 00 00 00 00 f5 23 d1
source=3: pgn=GNSS Sats in View(129540): values=RangeResidualMode=("0") SatsinView=(0) PRN=(0) Elevation=(-16.13 deg) Azimuth=(306.76 deg) SNR=(0.0 dB) Rangeresiduals=(0) Status=("0")

3  : pgn=129540 line=Tx 10362745 19 fa 04 03 52 15 c3 8b 00 00 00 00
source=3: pgn=GNSS Sats in View(129540): values=RangeResidualMode=("1") SatsinView=(195) PRN=(139) Elevation=(0.00 deg) Azimuth=(0.00 deg) SNR=(0.0 dB) Rangeresiduals=(0) Status=("0")

3  : pgn=129540 line=Tx 10362746 19 fa 04 03 53 00 00 f3 30 2e 17 43
source=3: pgn=GNSS Sats in View(129540): values=RangeResidualMode=("0") SatsinView=(0) PRN=(243) Elevation=(67.75 deg) Azimuth=(98.41 deg) SNR=(0.0 dB) Rangeresiduals=(0) Status=("0")

3  : pgn=129540 line=Tx 10362746 19 fa 04 03 54 84 74 0e 00 00 00 00
source=3: pgn=GNSS Sats in View(129540): values=RangeResidualMode=("0") SatsinView=(116) PRN=(14) Elevation=(0.00 deg) Azimuth=(0.00 deg) SNR=(0.0 dB) Rangeresiduals=(0) Status=("0")

3  : pgn=129540 line=Tx 10362747 19 fa 04 03 55 f5 33 80 16 67 6c ac
source=3: pgn=GNSS Sats in View(129540): values=RangeResidualMode=("1") SatsinView=(51) PRN=(128) Elevation=(151.20 deg) Azimuth=(252.90 deg) SNR=(0.0 dB) Rangeresiduals=(0) Status=("0")

3  : pgn=129540 line=Tx 10362748 19 fa 04 03 56 0d 00 00 00 00 f5 ff
source=3: pgn=GNSS Sats in View(129540): values=RangeResidualMode=("1") SatsinView=(0) PRN=(0) Elevation=(0.00 deg) Azimuth=(375.43 deg) SNR=(0.0 dB) Rangeresiduals=(0) Status=("0")

3  : pgn=129025 line=Tx 10362748 09 f8 01 03 5d 5e 6f 1c 49 cf fd b6
source=3: pgn=Position, Rapid Update(129025): values=Latitude=(47.7060701 deg) Longitude=(-122.4880311 deg)

3  : pgn=127258 line=Tx 10362749 19 f1 1a 03 ff f6 12 39 fa 0a ff ff
source=3: pgn=Magnetic Variation(127258): values=Source=("6") Ageofservice=(14610 d) Variation=(16.10 deg)

0  : pgn=127250 line=Rx 10362774 09 f1 12 00 ff 61 47 ff 7f ff 7f fd
source=0: pgn=Vessel Heading(127250): values=Heading=(104.70 deg) Deviation=(None) Variation=(None) Reference=("1")

0  : pgn=127245 line=Rx 10362775 09 f1 0d 00 00 f8 ff 7f 00 00 ff ff
source=0: pgn=Rudder(127245): values=Instance=(0) DirectionOrder=("0") AngleOrder=(None) Position=(0.00 deg)

0  : pgn=65359  line=Rx 10362781 1c ff 4f 00 3b 9f ff ff ff 61 47 ff
source=0: pgn=Seatalk: Pilot Heading(65359): values=ManufacturerCode=(1851) IndustryCode=(4) HeadingTrue=(None) HeadingMagnetic=(104.70 deg)

32 : pgn=128259 line=Rx 10362793 09 f5 03 20 8b 25 01 ff ff ff ff ff
source=32: pgn=Speed(128259): values=SpeedWaterReferenced=(2.93 m/s) SpeedGroundReferenced=(None) SpeedWaterReferencedType=(None) SpeedDirection=(None)

3  : pgn=129026 line=Tx 10362839 09 f8 02 03 ff fc f3 4e 30 01 ff ff
source=3: pgn=COG & SOG, Rapid Update(129026): values=COGReference=("0") COG=(115.80 deg) SOG=(3.04 m/s)

3  : pgn=129025 line=Tx 10362839 09 f8 01 03 41 5e 6f 1c 97 cf fd b6
source=3: pgn=Position, Rapid Update(129025): values=Latitude=(47.7060673 deg) Longitude=(-122.4880233 deg)

1  : pgn=129038 line=Rx 10362859 11 f8 0e 01 00 1b c1 be c9 df 15 b4
source=1: pgn=AIS Class A Position Report(129038): values=MessageID=(0) RepeatIndicator=("0") UserID=(3384721691) Longitude=(0.0 deg) Latitude=(0.0 deg) PositionAccuracy=("0") RAIM=("0") TimeStamp=("0") COG=(0.00 deg) SOG=(0.0 m/s) CommunicationState=(0) AISTransceiverinformation=("0") Heading=(0.00 deg) RateofTurn=(0.00 deg/s) NavStatus=("0") SpecialManeuverIndicator=("0") Spare=(0) SequenceID=(0)

1  : pgn=129038 line=Rx 10362859 11 f8 0e 01 01 f9 0f b7 20 06 68 1c
source=1: pgn=AIS Class A Position Report(129038): values=MessageID=(1) RepeatIndicator=("0") UserID=(548868089) Longitude=(0.0 deg) Latitude=(0.0 deg) PositionAccuracy=("0") RAIM=("0") TimeStamp=("0") COG=(0.00 deg) SOG=(0.0 m/s) CommunicationState=(0) AISTransceiverinformation=("0") Heading=(0.00 deg) RateofTurn=(0.00 deg/s) NavStatus=("0") SpecialManeuverIndicator=("0") Spare=(0) SequenceID=(0)

1  : pgn=129038 line=Rx 10362860 11 f8 0e 01 02 c4 aa c3 00 00 00 00
source=1: pgn=AIS Class A Position Report(129038): values=MessageID=(2) RepeatIndicator=("0") UserID=(12823236) Longitude=(0.0 deg) Latitude=(0.0 deg) PositionAccuracy=("0") RAIM=("0") TimeStamp=("0") COG=(0.00 deg) SOG=(0.0 m/s) CommunicationState=(0) AISTransceiverinformation=("0") Heading=(0.00 deg) RateofTurn=(0.00 deg/s) NavStatus=("0") SpecialManeuverIndicator=("0") Spare=(0) SequenceID=(0)

1  : pgn=129038 line=Rx 10362861 11 f8 0e 01 03 00 13 d6 00 00 f0 fe
source=1: pgn=AIS Class A Position Report(129038): values=MessageID=(3) RepeatIndicator=("0") UserID=(14029568) Longitude=(0.0 deg) Latitude=(0.0 deg) PositionAccuracy=("0") RAIM=("0") TimeStamp=("0") COG=(0.00 deg) SOG=(0.0 m/s) CommunicationState=(0) AISTransceiverinformation=("0") Heading=(0.00 deg) RateofTurn=(0.00 deg/s) NavStatus=("0") SpecialManeuverIndicator=("0") Spare=(0) SequenceID=(0)

0  : pgn=127250 line=Rx 10362874 09 f1 12 00 ff 2f 47 ff 7f ff 7f fd
source=0: pgn=Vessel Heading(127250): values=Heading=(104.41 deg) Deviation=(None) Variation=(None) Reference=("1")

0  : pgn=127245 line=Rx 10362875 09 f1 0d 00 00 f8 ff 7f 00 00 ff ff
source=0: pgn=Rudder(127245): values=Instance=(0) DirectionOrder=("0") AngleOrder=(None) Position=(0.00 deg)

0  : pgn=65359  line=Rx 10362882 1c ff 4f 00 3b 9f ff ff ff 2f 47 ff
source=0: pgn=Seatalk: Pilot Heading(65359): values=ManufacturerCode=(1851) IndustryCode=(4) HeadingTrue=(None) HeadingMagnetic=(104.41 deg)

32 : pgn=128259 line=Rx 10362893 09 f5 03 20 8c 26 01 ff ff ff ff ff
source=32: pgn=Speed(128259): values=SpeedWaterReferenced=(2.94 m/s) SpeedGroundReferenced=(None) SpeedWaterReferencedType=(None) SpeedDirection=(None)

1  : pgn=129038 line=Rx 10362922 11 f8 0e 01 20 1b c1 70 83 e7 15 af
1  : pgn=129038 line=Rx 10362923 11 f8 0e 01 21 56 0e b7 65 47 68 1c
1  : pgn=129038 line=Rx 10362923 11 f8 0e 01 22 c6 65 b1 00 00 00 00
1  : pgn=129038 line=Rx 10362924 11 f8 0e 01 23 00 ff ff ff 7f f0 fe
3  : pgn=129029 line=Tx 10362939 0d f8 05 03 00 2b a9 06 40 06 d0 16
source=3: pgn=GNSS Position Data(129029): values=Date=(43307 d) Time=(349007.05340000003 s) Latitude=(0.0 deg) Longitude=(0.0 deg) Altitude=(0.0 m) GNSStype=("0") Method=("0") Integrity=("0") NumberofSVs=(0) HDOP=(0.0) PDOP=(0.0) GeoidalSeparation=(0.0 m) ReferenceStations=(0) ReferenceStationType=("0") ReferenceStationID=(0) AgeofDGNSSCorrections=(0.0 s)

3  : pgn=129029 line=Tx 10362939 0d f8 05 03 01 2c 00 4a 79 8e 27 dc
source=3: pgn=GNSS Position Data(129029): values=Date=(44 d) Time=(66364.8586 s) Latitude=(0.0 deg) Longitude=(0.0 deg) Altitude=(0.0 m) GNSStype=("0") Method=("0") Integrity=("0") NumberofSVs=(0) HDOP=(0.0) PDOP=(0.0) GeoidalSeparation=(0.0 m) ReferenceStations=(0) ReferenceStationType=("0") ReferenceStationID=(0) AgeofDGNSSCorrections=(0.0 s)

3  : pgn=129029 line=Tx 10362939 0d f8 05 03 02 9e 06 00 26 a3 f3 ea
source=3: pgn=GNSS Position Data(129029): values=Date=(1694 d) Time=(408755.55840000004 s) Latitude=(0.0 deg) Longitude=(0.0 deg) Altitude=(0.0 m) GNSStype=("0") Method=("0") Integrity=("0") NumberofSVs=(0) HDOP=(0.0) PDOP=(0.0) GeoidalSeparation=(0.0 m) ReferenceStations=(0) ReferenceStationType=("0") ReferenceStationID=(0) AgeofDGNSSCorrections=(0.0 s)

3  : pgn=129029 line=Tx 10362939 0d f8 05 03 03 59 00 ef ff ff ff ff
source=3: pgn=GNSS Position Data(129029): values=Date=(89 d) Time=(429496.7279 s) Latitude=(0.0 deg) Longitude=(0.0 deg) Altitude=(0.0 m) GNSStype=("0") Method=("0") Integrity=("0") NumberofSVs=(0) HDOP=(0.0) PDOP=(0.0) GeoidalSeparation=(0.0 m) ReferenceStations=(0) ReferenceStationType=("0") ReferenceStationID=(0) AgeofDGNSSCorrections=(0.0 s)

3  : pgn=129029 line=Tx 10362939 0d f8 05 03 04 ff ff ff 7f 23 fc 09
source=3: pgn=GNSS Position Data(129029): values=Date=(None) Time=(423018.49590000004 s) Latitude=(0.0 deg) Longitude=(0.0 deg) Altitude=(0.0 m) GNSStype=("0") Method=("0") Integrity=("0") NumberofSVs=(0) HDOP=(0.0) PDOP=(0.0) GeoidalSeparation=(0.0 m) ReferenceStations=(0) ReferenceStationType=("0") ReferenceStationID=(0) AgeofDGNSSCorrections=(0.0 s)

3  : pgn=129029 line=Tx 10362939 0d f8 05 03 05 55 00 ff 7f ff ff ff
source=3: pgn=GNSS Position Data(129029): values=Date=(85 d) Time=(429493.4527 s) Latitude=(0.0 deg) Longitude=(0.0 deg) Altitude=(0.0 m) GNSStype=("0") Method=("0") Integrity=("0") NumberofSVs=(0) HDOP=(0.0) PDOP=(0.0) GeoidalSeparation=(0.0 m) ReferenceStations=(0) ReferenceStationType=("0") ReferenceStationID=(0) AgeofDGNSSCorrections=(0.0 s)

3  : pgn=129029 line=Tx 10362939 0d f8 05 03 06 7f 00 ff ff ff ff ff
source=3: pgn=GNSS Position Data(129029): values=Date=(127 d) Time=(None) Latitude=(0.0 deg) Longitude=(0.0 deg) Altitude=(0.0 m) GNSStype=("0") Method=("0") Integrity=("0") NumberofSVs=(0) HDOP=(0.0) PDOP=(0.0) GeoidalSeparation=(0.0 m) ReferenceStations=(0) ReferenceStationType=("0") ReferenceStationID=(0) AgeofDGNSSCorrections=(0.0 s)

3  : pgn=129025 line=Tx 10362939 09 f8 01 03 41 5e 6f 1c 97 cf fd b6
source=3: pgn=Position, Rapid Update(129025): values=Latitude=(47.7060673 deg) Longitude=(-122.4880233 deg)

3  : pgn=129033 line=Tx 10362939 0d f8 09 03 06 40 06 d0 16 2c 5c fe
source=3: pgn=Time & Date(129033): values=Date=(16390 d) Time=(73969.255 s) LocalOffset=(-25200.0 s)

0  : pgn=127250 line=Rx 10362974 09 f1 12 00 ff 1c 47 ff 7f ff 7f fd
source=0: pgn=Vessel Heading(127250): values=Heading=(104.30 deg) Deviation=(None) Variation=(None) Reference=("1")

0  : pgn=127245 line=Rx 10362975 09 f1 0d 00 00 f8 ff 7f 00 00 ff ff
source=0: pgn=Rudder(127245): values=Instance=(0) DirectionOrder=("0") AngleOrder=(None) Position=(0.00 deg)

0  : pgn=65359  line=Rx 10362979 1c ff 4f 00 3b 9f ff ff ff 1c 47 ff
source=0: pgn=Seatalk: Pilot Heading(65359): values=ManufacturerCode=(1851) IndustryCode=(4) HeadingTrue=(None) HeadingMagnetic=(104.30 deg)

32 : pgn=128259 line=Rx 10362995 09 f5 03 20 8d 29 01 ff ff ff ff ff
source=32: pgn=Speed(128259): values=SpeedWaterReferenced=(2.97 m/s) SpeedGroundReferenced=(None) SpeedWaterReferencedType=(None) SpeedDirection=(None)

32 : pgn=130310 line=Rx 10362998 15 fd 06 20 f1 ff ff ff ff ff ff ff
source=32: pgn=Environmental Parameters (obsolete)(130310): values=WaterTemperature=(None) OutsideAmbientAirTemperature=(None) AtmosphericPressure=(None)

32 : pgn=128275 line=Rx 10363007 19 f5 13 20 60 0e ff ff ff ff ff ff
32 : pgn=128275 line=Rx 10363012 19 f5 13 20 61 56 ae 3c 00 56 ae 3c
32 : pgn=128275 line=Rx 10363017 19 f5 13 20 62 00 ff ff ff ff ff ff
3  : pgn=129026 line=Tx 10363039 09 f8 02 03 ff fc f3 4e 30 01 ff ff
source=3: pgn=COG & SOG, Rapid Update(129026): values=COGReference=("0") COG=(115.80 deg) SOG=(3.04 m/s)

3  : pgn=129025 line=Tx 10363039 09 f8 01 03 41 5e 6f 1c 97 cf fd b6
source=3: pgn=Position, Rapid Update(129025): values=Latitude=(47.7060673 deg) Longitude=(-122.4880233 deg)

3  : pgn=126992 line=Tx 10363039 0d f0 10 03 ff ff 06 40 06 d0 16 2c
source=3: pgn=System Time(126992): values=Source=(None) Date=(16390 d) Time=(73969.255 s)

1  : pgn=59936  line=Rx 10363043 18 ea 20 01 00 ee 00 00 00 00 00 00
1  : pgn=129038 line=Rx 10363044 11 f8 0e 01 40 1b c1 14 fd dd 15 fd
1  : pgn=129038 line=Rx 10363044 11 f8 0e 01 41 eb 0c b7 05 d3 68 1c
1  : pgn=129038 line=Rx 10363045 11 f8 0e 01 42 c0 88 b4 00 00 01 00
1  : pgn=129038 line=Rx 10363045 11 f8 0e 01 43 08 5b 4c 00 00 ff fe
4  : pgn=126975 line=Rx 10363060 1d ef ff 04 20 07 3b 9f f0 81 90 00
4  : pgn=126975 line=Rx 10363061 1d ef ff 04 21 03 ff ff ff ff ff ff
0  : pgn=127250 line=Rx 10363074 09 f1 12 00 ff e9 46 ff 7f ff 7f fd
source=0: pgn=Vessel Heading(127250): values=Heading=(104.01 deg) Deviation=(None) Variation=(None) Reference=("1")

0  : pgn=127245 line=Rx 10363075 09 f1 0d 00 00 f8 ff 7f 00 00 ff ff
source=0: pgn=Rudder(127245): values=Instance=(0) DirectionOrder=("0") AngleOrder=(None) Position=(0.00 deg)

0  : pgn=65359  line=Rx 10363082 1c ff 4f 00 3b 9f ff ff ff e9 46 ff
source=0: pgn=Seatalk: Pilot Heading(65359): values=ManufacturerCode=(1851) IndustryCode=(4) HeadingTrue=(None) HeadingMagnetic=(104.01 deg)

0  : pgn=126975 line=Rx 10363083 1d ef ff 00 80 08 3b 9f f0 81 9c 11
0  : pgn=126975 line=Rx 10363086 1d ef ff 00 81 07 00 ff ff ff ff ff
32 : pgn=128259 line=Rx 10363092 09 f5 03 20 8e 27 01 ff ff ff ff ff
1  : pgn=129038 line=Rx 10363104 11 f8 0e 01 60 1b c1 ec 10 e8 15 54
1  : pgn=129038 line=Rx 10363105 11 f8 0e 01 61 5f 0e b7 a5 ec 67 1c
1  : pgn=129038 line=Rx 10363105 11 f8 0e 01 62 c4 00 00 00 00 00 00
1  : pgn=129038 line=Rx 10363106 11 f8 0e 01 63 00 ff ff ff 7f f0 fe
3  : pgn=129025 line=Tx 10363139 09 f8 01 03 02 5e 6f 1c 28 d0 fd b6
source=3: pgn=Position, Rapid Update(129025): values=Latitude=(47.706061 deg) Longitude=(-122.48800879999999 deg)

0  : pgn=127250 line=Rx 10363174 09 f1 12 00 ff af 46 ff 7f ff 7f fd
source=0: pgn=Vessel Heading(127250): values=Heading=(103.68 deg) Deviation=(None) Variation=(None) Reference=("1")

0  : pgn=127245 line=Rx 10363175 09 f1 0d 00 00 f8 ff 7f 00 00 ff ff
source=0: pgn=Rudder(127245): values=Instance=(0) DirectionOrder=("0") AngleOrder=(None) Position=(0.00 deg)

0  : pgn=65359  line=Rx 10363179 1c ff 4f 00 3b 9f ff ff ff af 46 ff
source=0: pgn=Seatalk: Pilot Heading(65359): values=ManufacturerCode=(1851) IndustryCode=(4) HeadingTrue=(None) HeadingMagnetic=(103.68 deg)

32 : pgn=128259 line=Rx 10363192 09 f5 03 20 8f 21 01 ff ff ff ff ff
source=32: pgn=Speed(128259): values=SpeedWaterReferenced=(2.89 m/s) SpeedGroundReferenced=(None) SpeedWaterReferencedType=(None) SpeedDirection=(None)

3  : pgn=129026 line=Tx 10363240 09 f8 02 03 ff fc 27 4f 2f 01 ff ff
source=3: pgn=COG & SOG, Rapid Update(129026): values=COGReference=("0") COG=(116.10 deg) SOG=(3.0300000000000002 m/s)

3  : pgn=129025 line=Tx 10363240 09 f8 01 03 02 5e 6f 1c 28 d0 fd b6
source=3: pgn=Position, Rapid Update(129025): values=Latitude=(47.706061 deg) Longitude=(-122.48800879999999 deg)

3  : pgn=129291 line=Tx 10363240 0d f9 0b 03 ff fc c5 26 26 00 ff ff
source=3: pgn=Set & Drift, Rapid Update(129291): values=SetReference=("0") Set=(56.87 deg) Drift=(0.38 m/s)

1  : pgn=129038 line=Rx 10363255 11 f8 0e 01 80 1b c1 58 92 12 12 1a
1  : pgn=129038 line=Rx 10363256 11 f8 0e 01 81 45 0e b7 5f 43 68 1c
1  : pgn=129038 line=Rx 10363256 11 f8 0e 01 82 c4 10 1b 00 00 00 00
1  : pgn=129038 line=Rx 10363257 11 f8 0e 01 83 00 ff ff ff 7f f0 fe
0  : pgn=127250 line=Rx 10363274 09 f1 12 00 ff 8f 46 ff 7f ff 7f fd
source=0: pgn=Vessel Heading(127250): values=Heading=(103.49 deg) Deviation=(None) Variation=(None) Reference=("1")

0  : pgn=127245 line=Rx 10363275 09 f1 0d 00 00 f8 ff 7f 00 00 ff ff
source=0: pgn=Rudder(127245): values=Instance=(0) DirectionOrder=("0") AngleOrder=(None) Position=(0.00 deg)

0  : pgn=65359  line=Rx 10363282 1c ff 4f 00 3b 9f ff ff ff 8f 46 ff
source=0: pgn=Seatalk: Pilot Heading(65359): values=ManufacturerCode=(1851) IndustryCode=(4) HeadingTrue=(None) HeadingMagnetic=(103.49 deg)

32 : pgn=128259 line=Rx 10363291 09 f5 03 20 90 1d 01 ff ff ff ff ff
source=32: pgn=Speed(128259): values=SpeedWaterReferenced=(2.85 m/s) SpeedGroundReferenced=(None) SpeedWaterReferencedType=(None) SpeedDirection=(None)

1  : pgn=129038 line=Rx 10363319 11 f8 0e 01 a0 1b c1 c6 60 e6 15 e3
1  : pgn=129038 line=Rx 10363320 11 f8 0e 01 a1 73 0d b7 d2 9d 68 1c
1  : pgn=129038 line=Rx 10363320 11 f8 0e 01 a2 ca f0 b7 00 00 00 00
1  : pgn=129038 line=Rx 10363321 11 f8 0e 01 a3 00 7f 16 00 00 f0 fe
3  : pgn=129025 line=Tx 10363340 09 f8 01 03 02 5e 6f 1c 28 d0 fd b6
source=3: pgn=Position, Rapid Update(129025): values=Latitude=(47.706061 deg) Longitude=(-122.48800879999999 deg)

0  : pgn=127250 line=Rx 10363374 09 f1 12 00 ff 43 46 ff 7f ff 7f fd
source=0: pgn=Vessel Heading(127250): values=Heading=(103.06 deg) Deviation=(None) Variation=(None) Reference=("1")

0  : pgn=127245 line=Rx 10363375 09 f1 0d 00 00 f8 ff 7f 00 00 ff ff
source=0: pgn=Rudder(127245): values=Instance=(0) DirectionOrder=("0") AngleOrder=(None) Position=(0.00 deg)

0  : pgn=65359  line=Rx 10363379 1c ff 4f 00 3b 9f ff ff ff 43 46 ff
source=0: pgn=Seatalk: Pilot Heading(65359): values=ManufacturerCode=(1851) IndustryCode=(4) HeadingTrue=(None) HeadingMagnetic=(103.06 deg)

32 : pgn=128259 line=Rx 10363391 09 f5 03 20 91 18 01 ff ff ff ff ff
source=32: pgn=Speed(128259): values=SpeedWaterReferenced=(2.8000000000000003 m/s) SpeedGroundReferenced=(None) SpeedWaterReferencedType=(None) SpeedDirection=(None)

4  : pgn=65384  line=Rx 10363401 1c ff 68 04 3b 9f 00 00 00 00 00 00
3  : pgn=129026 line=Tx 10363440 09 f8 02 03 ff fc b3 4f 2e 01 ff ff
source=3: pgn=COG & SOG, Rapid Update(129026): values=COGReference=("0") COG=(116.90 deg) SOG=(3.02 m/s)

3  : pgn=130577 line=Tx 10363440 0d fe 11 03 20 0e c0 aa b3 4f 2e 01
3  : pgn=130577 line=Tx 10363440 0d fe 11 03 21 ff ff ff ff c5 26 26
3  : pgn=130577 line=Tx 10363440 0d fe 11 03 22 00 ff ff ff ff ff ff
3  : pgn=129025 line=Tx 10363440 09 f8 01 03 e5 5d 6f 1c 6a d0 fd b6
3  : pgn=130306 line=Tx 10363440 09 fd 02 03 ff ea 02 1f c9 fa ff ff
source=3: pgn=Wind Data(130306): values=WindSpeed=(7.46 m/s) WindAngle=(295.00 deg) Reference=("2")

0  : pgn=127250 line=Rx 10363481 09 f1 12 00 ff e5 45 ff 7f ff 7f fd
source=0: pgn=Vessel Heading(127250): values=Heading=(102.52 deg) Deviation=(None) Variation=(None) Reference=("1")

0  : pgn=127245 line=Rx 10363481 09 f1 0d 00 00 f8 ff 7f 00 00 ff ff
source=0: pgn=Rudder(127245): values=Instance=(0) DirectionOrder=("0") AngleOrder=(None) Position=(0.00 deg)

0  : pgn=65359  line=Rx 10363488 1c ff 4f 00 3b 9f ff ff ff e5 45 ff
source=0: pgn=Seatalk: Pilot Heading(65359): values=ManufacturerCode=(1851) IndustryCode=(4) HeadingTrue=(None) HeadingMagnetic=(102.52 deg)

32 : pgn=128259 line=Rx 10363490 09 f5 03 20 92 18 01 ff ff ff ff ff
source=32: pgn=Speed(128259): values=SpeedWaterReferenced=(2.8000000000000003 m/s) SpeedGroundReferenced=(None) SpeedWaterReferencedType=(None) SpeedDirection=(None)

3  : pgn=129283 line=Tx 10363540 0d f9 03 03 ff 7f ff ff ff 7f ff ff
source=3: pgn=Cross Track Error(129283): values=XTEmode=(None) NavigationTerminated=("1") XTE=(None)

3  : pgn=129025 line=Tx 10363540 09 f8 01 03 e5 5d 6f 1c 6a d0 fd b6
source=3: pgn=Position, Rapid Update(129025): values=Latitude=(47.7060581 deg) Longitude=(-122.4880022 deg)

3  : pgn=128267 line=Tx 10363540 0d f5 0b 03 ff e4 3d 00 00 00 00 ff
source=3: pgn=Water Depth(128267): values=Depth=(158.44 m) Offset=(0.0 m) Range=(None)

0  : pgn=127250 line=Rx 10363574 09 f1 12 00 ff b7 45 ff 7f ff 7f fd
source=0: pgn=Vessel Heading(127250): values=Heading=(102.26 deg) Deviation=(None) Variation=(None) Reference=("1")

0  : pgn=127245 line=Rx 10363575 09 f1 0d 00 00 f8 ff 7f 00 00 ff ff
source=0: pgn=Rudder(127245): values=Instance=(0) DirectionOrder=("0") AngleOrder=(None) Position=(0.00 deg)

0  : pgn=65379  line=Rx 10363579 1c ff 63 00 3b 9f 00 00 00 00 01 ff
source=0: pgn=Seatalk: Pilot Mode(65379): values=ManufacturerCode=(1851) IndustryCode=(4) PilotMode=(0) SubMode=(0) PilotModeData=(0)

0  : pgn=65359  line=Rx 10363580 1c ff 4f 00 3b 9f ff ff ff b7 45 ff
source=0: pgn=Seatalk: Pilot Heading(65359): values=ManufacturerCode=(1851) IndustryCode=(4) HeadingTrue=(None) HeadingMagnetic=(102.26 deg)

0  : pgn=126975 line=Rx 10363583 1d ef ff 00 a0 0d 3b 9f f0 81 84 56
0  : pgn=126975 line=Rx 10363585 1d ef ff 00 a1 46 19 00 00 00 02 05
32 : pgn=128259 line=Rx 10363590 09 f5 03 20 93 18 01 ff ff ff ff ff
source=32: pgn=Speed(128259): values=SpeedWaterReferenced=(2.8000000000000003 m/s) SpeedGroundReferenced=(None) SpeedWaterReferencedType=(None) SpeedDirection=(None)

3  : pgn=129026 line=Tx 10363641 09 f8 02 03 ff fc f9 4f 2c 01 ff ff
source=3: pgn=COG & SOG, Rapid Update(129026): values=COGReference=("0") COG=(117.30 deg) SOG=(3.0 m/s)

3  : pgn=129025 line=Tx 10363641 09 f8 01 03 cb 5d 6f 1c ae d0 fd b6
source=3: pgn=Position, Rapid Update(129025): values=Latitude=(47.7060555 deg) Longitude=(-122.48799539999999 deg)

3  : pgn=129542 line=Tx 10363641 19 fa 06 03 20 0f aa 36 01 00 00 00
3  : pgn=129542 line=Tx 10363641 19 fa 06 03 21 00 00 00 00 00 00 00
3  : pgn=129542 line=Tx 10363641 19 fa 06 03 22 00 00 ff ff ff ff ff
3  : pgn=65364  line=Tx 10363641 1c ff 54 03 3b 9f ea 02 1f c9 ff ff
0  : pgn=127250 line=Rx 10363676 09 f1 12 00 ff 4f 45 ff 7f ff 7f fd
source=0: pgn=Vessel Heading(127250): values=Heading=(101.66 deg) Deviation=(None) Variation=(None) Reference=("1")

0  : pgn=127245 line=Rx 10363677 09 f1 0d 00 00 f8 ff 7f 00 00 ff ff
source=0: pgn=Rudder(127245): values=Instance=(0) DirectionOrder=("0") AngleOrder=(None) Position=(0.00 deg)

0  : pgn=65359  line=Rx 10363683 1c ff 4f 00 3b 9f ff ff ff 4f 45 ff
source=0: pgn=Seatalk: Pilot Heading(65359): values=ManufacturerCode=(1851) IndustryCode=(4) HeadingTrue=(None) HeadingMagnetic=(101.66 deg)

0  : pgn=126975 line=Rx 10363686 1d ef ff 00 c0 09 3b 9f f0 81 ae 02
0  : pgn=126975 line=Rx 10363688 1d ef ff 00 c1 00 08 00 ff ff ff ff
32 : pgn=128259 line=Rx 10363689 09 f5 03 20 94 19 01 ff ff ff ff ff
source=32: pgn=Speed(128259): values=SpeedWaterReferenced=(2.81 m/s) SpeedGroundReferenced=(None) SpeedWaterReferencedType=(None) SpeedDirection=(None)

3  : pgn=129540 line=Tx 10363741 19 fa 04 03 60 9f cc ff 0d 03 97 1a
source=3: pgn=GNSS Sats in View(129540): values=RangeResidualMode=(None) SatsinView=(204) PRN=(None) Elevation=(4.47 deg) Azimuth=(39.00 deg) SNR=(0.0 dB) Rangeresiduals=(0) Status=("0")

3  : pgn=129540 line=Tx 10363741 19 fa 04 03 61 2e 26 00 00 00 00 00
source=3: pgn=GNSS Sats in View(129540): values=RangeResidualMode=("0") SatsinView=(38) PRN=(0) Elevation=(0.00 deg) Azimuth=(0.00 deg) SNR=(0.0 dB) Rangeresiduals=(0) Status=("0")

3  : pgn=129540 line=Tx 10363741 19 fa 04 03 62 00 f3 0f ff 1d ad 3c
source=3: pgn=GNSS Sats in View(129540): values=RangeResidualMode=("0") SatsinView=(243) PRN=(15) Elevation=(44.00 deg) Azimuth=(89.00 deg) SNR=(0.0 dB) Rangeresiduals=(0) Status=("0")

3  : pgn=129540 line=Tx 10363741 19 fa 04 03 63 d8 0e 00 00 00 00 f5
source=3: pgn=GNSS Sats in View(129540): values=RangeResidualMode=("0") SatsinView=(14) PRN=(0) Elevation=(0.00 deg) Azimuth=(359.36 deg) SNR=(0.0 dB) Rangeresiduals=(0) Status=("0")

3  : pgn=129540 line=Tx 10363741 19 fa 04 03 64 10 17 13 c2 b8 f0 0a
source=3: pgn=GNSS Sats in View(129540): values=RangeResidualMode=("0") SatsinView=(23) PRN=(19) Elevation=(-104.50 deg) Azimuth=(16.04 deg) SNR=(0.0 dB) Rangeresiduals=(0) Status=("0")

3  : pgn=129540 line=Tx 10363741 19 fa 04 03 65 00 00 00 00 f5 12 c5
source=3: pgn=GNSS Sats in View(129540): values=RangeResidualMode=("0") SatsinView=(0) PRN=(0) Elevation=(-16.13 deg) Azimuth=(289.06 deg) SNR=(0.0 dB) Rangeresiduals=(0) Status=("0")

3  : pgn=129540 line=Tx 10363741 19 fa 04 03 66 31 f2 93 60 09 00 00
source=3: pgn=GNSS Sats in View(129540): values=RangeResidualMode=("1") SatsinView=(242) PRN=(147) Elevation=(13.75 deg) Azimuth=(0.00 deg) SNR=(0.0 dB) Rangeresiduals=(0) Status=("0")

3  : pgn=129540 line=Tx 10363741 19 fa 04 03 67 00 00 f5 13 69 03 1f
source=3: pgn=GNSS Sats in View(129540): values=RangeResidualMode=("0") SatsinView=(0) PRN=(245) Elevation=(154.12 deg) Azimuth=(45.49 deg) SNR=(0.0 dB) Rangeresiduals=(0) Status=("0")

3  : pgn=129540 line=Tx 10363741 19 fa 04 03 68 d8 48 0d 00 00 00 00
source=3: pgn=GNSS Sats in View(129540): values=RangeResidualMode=("0") SatsinView=(72) PRN=(13) Elevation=(0.00 deg) Azimuth=(0.00 deg) SNR=(0.0 dB) Rangeresiduals=(0) Status=("0")

3  : pgn=129540 line=Tx 10363741 19 fa 04 03 69 f5 15 e8 37 68 21 3c
source=3: pgn=GNSS Sats in View(129540): values=RangeResidualMode=("1") SatsinView=(21) PRN=(232) Elevation=(152.86 deg) Azimuth=(88.20 deg) SNR=(0.0 dB) Rangeresiduals=(0) Status=("0")

3  : pgn=129540 line=Tx 10363741 19 fa 04 03 6a 0f 00 00 00 00 f5 16
source=3: pgn=GNSS Sats in View(129540): values=RangeResidualMode=(None) SatsinView=(0) PRN=(0) Elevation=(0.00 deg) Azimuth=(33.67 deg) SNR=(0.0 dB) Rangeresiduals=(0) Status=("0")

3  : pgn=129540 line=Tx 10363742 19 fa 04 03 6b 80 16 cf 9c 80 0c 00
source=3: pgn=GNSS Sats in View(129540): values=RangeResidualMode=("0") SatsinView=(22) PRN=(207) Elevation=(-186.85 deg) Azimuth=(0.07 deg) SNR=(0.0 dB) Rangeresiduals=(0) Status=("0")

3  : pgn=129540 line=Tx 10363743 19 fa 04 03 6c 00 00 00 f5 1a ae 0f
source=3: pgn=GNSS Sats in View(129540): values=RangeResidualMode=("0") SatsinView=(0) PRN=(0) Elevation=(39.54 deg) Azimuth=(23.00 deg) SNR=(0.0 dB) Rangeresiduals=(0) Status=("0")

3  : pgn=129540 line=Tx 10363744 19 fa 04 03 6d 5d 1f 3c 0f 00 00 00
source=3: pgn=GNSS Sats in View(129540): values=RangeResidualMode=("1") SatsinView=(31) PRN=(60) Elevation=(0.09 deg) Azimuth=(0.00 deg) SNR=(0.0 dB) Rangeresiduals=(0) Status=("0")

3  : pgn=129540 line=Tx 10363744 19 fa 04 03 6e 00 f5 1b d1 15 ab d2
source=3: pgn=GNSS Sats in View(129540): values=RangeResidualMode=("0") SatsinView=(245) PRN=(27) Elevation=(32.00 deg) Azimuth=(309.00 deg) SNR=(0.0 dB) Rangeresiduals=(0) Status=("0")

3  : pgn=129540 line=Tx 10363746 19 fa 04 03 6f b8 0b 00 00 00 00 f5
source=3: pgn=GNSS Sats in View(129540): values=RangeResidualMode=("0") SatsinView=(11) PRN=(0) Elevation=(0.00 deg) Azimuth=(359.36 deg) SNR=(0.0 dB) Rangeresiduals=(0) Status=("0")

3  : pgn=129540 line=Tx 10363747 19 fa 04 03 70 1d 51 0e a1 67 10 0e
source=3: pgn=GNSS Sats in View(129540): values=RangeResidualMode=("1") SatsinView=(81) PRN=(14) Elevation=(152.00 deg) Azimuth=(20.63 deg) SNR=(0.0 dB) Rangeresiduals=(0) Status=("0")

3  : pgn=129540 line=Tx 10363748 19 fa 04 03 71 00 00 00 00 f5 23 d1
source=3: pgn=GNSS Sats in View(129540): values=RangeResidualMode=("0") SatsinView=(0) PRN=(0) Elevation=(-16.13 deg) Azimuth=(306.76 deg) SNR=(0.0 dB) Rangeresiduals=(0) Status=("0")

3  : pgn=129540 line=Tx 10363748 19 fa 04 03 72 15 c3 8b 00 00 00 00
source=3: pgn=GNSS Sats in View(129540): values=RangeResidualMode=("1") SatsinView=(195) PRN=(139) Elevation=(0.00 deg) Azimuth=(0.00 deg) SNR=(0.0 dB) Rangeresiduals=(0) Status=("0")

3  : pgn=129540 line=Tx 10363749 19 fa 04 03 73 00 00 f3 30 2e 17 43
source=3: pgn=GNSS Sats in View(129540): values=RangeResidualMode=("0") SatsinView=(0) PRN=(243) Elevation=(67.75 deg) Azimuth=(98.41 deg) SNR=(0.0 dB) Rangeresiduals=(0) Status=("0")

3  : pgn=129540 line=Tx 10363750 19 fa 04 03 74 84 74 0e 00 00 00 00
source=3: pgn=GNSS Sats in View(129540): values=RangeResidualMode=("0") SatsinView=(116) PRN=(14) Elevation=(0.00 deg) Azimuth=(0.00 deg) SNR=(0.0 dB) Rangeresiduals=(0) Status=("0")

3  : pgn=129540 line=Tx 10363750 19 fa 04 03 75 f5 33 80 16 67 6c ac
source=3: pgn=GNSS Sats in View(129540): values=RangeResidualMode=("1") SatsinView=(51) PRN=(128) Elevation=(151.20 deg) Azimuth=(252.90 deg) SNR=(0.0 dB) Rangeresiduals=(0) Status=("0")

3  : pgn=129540 line=Tx 10363751 19 fa 04 03 76 0d 00 00 00 00 f5 ff
source=3: pgn=GNSS Sats in View(129540): values=RangeResidualMode=("1") SatsinView=(0) PRN=(0) Elevation=(0.00 deg) Azimuth=(375.43 deg) SNR=(0.0 dB) Rangeresiduals=(0) Status=("0")

3  : pgn=129025 line=Tx 10363752 09 f8 01 03 cb 5d 6f 1c ae d0 fd b6
source=3: pgn=Position, Rapid Update(129025): values=Latitude=(47.7060555 deg) Longitude=(-122.48799539999999 deg)

3  : pgn=127258 line=Tx 10363753 19 f1 1a 03 ff f6 12 39 fa 0a ff ff
source=3: pgn=Magnetic Variation(127258): values=Source=("6") Ageofservice=(14610 d) Variation=(16.10 deg)

1  : pgn=129038 line=Rx 10363774 11 f8 0e 01 c0 1b c1 d0 57 e0 15 10
0  : pgn=127250 line=Rx 10363774 09 f1 12 00 ff 24 45 ff 7f ff 7f fd
source=0: pgn=Vessel Heading(127250): values=Heading=(101.41 deg) Deviation=(None) Variation=(None) Reference=("1")

1  : pgn=129038 line=Rx 10363775 11 f8 0e 01 c1 78 0e b7 ca b8 67 1c
1  : pgn=129038 line=Rx 10363775 11 f8 0e 01 c2 c4 dc 0e 00 00 00 00
0  : pgn=127245 line=Rx 10363776 09 f1 0d 00 00 f8 ff 7f 00 00 ff ff
source=0: pgn=Rudder(127245): values=Instance=(0) DirectionOrder=("0") AngleOrder=(None) Position=(0.00 deg)

1  : pgn=129038 line=Rx 10363776 11 f8 0e 01 c3 00 ff ff ff 7f f0 fe
0  : pgn=65359  line=Rx 10363783 1c ff 4f 00 3b 9f ff ff ff 24 45 ff
source=0: pgn=Seatalk: Pilot Heading(65359): values=ManufacturerCode=(1851) IndustryCode=(4) HeadingTrue=(None) HeadingMagnetic=(101.41 deg)

32 : pgn=128259 line=Rx 10363789 09 f5 03 20 95 18 01 ff ff ff ff ff
source=32: pgn=Speed(128259): values=SpeedWaterReferenced=(2.8000000000000003 m/s) SpeedGroundReferenced=(None) SpeedWaterReferencedType=(None) SpeedDirection=(None)

3  : pgn=129026 line=Tx 10363841 09 f8 02 03 ff fc f9 4f 2c 01 ff ff
source=3: pgn=COG & SOG, Rapid Update(129026): values=COGReference=("0") COG=(117.30 deg) SOG=(3.0 m/s)

3  : pgn=129025 line=Tx 10363841 09 f8 01 03 cb 5d 6f 1c ae d0 fd b6
source=3: pgn=Position, Rapid Update(129025): values=Latitude=(47.7060555 deg) Longitude=(-122.48799539999999 deg)

0  : pgn=127250 line=Rx 10363874 09 f1 12 00 ff c0 44 ff 7f ff 7f fd
source=0: pgn=Vessel Heading(127250): values=Heading=(100.84 deg) Deviation=(None) Variation=(None) Reference=("1")

0  : pgn=127245 line=Rx 10363875 09 f1 0d 00 00 f8 ff 7f 00 00 ff ff
source=0: pgn=Rudder(127245): values=Instance=(0) DirectionOrder=("0") AngleOrder=(None) Position=(0.00 deg)

0  : pgn=65359  line=Rx 10363881 1c ff 4f 00 3b 9f ff ff ff c0 44 ff
source=0: pgn=Seatalk: Pilot Heading(65359): values=ManufacturerCode=(1851) IndustryCode=(4) HeadingTrue=(None) HeadingMagnetic=(100.84 deg)

32 : pgn=128259 line=Rx 10363888 09 f5 03 20 96 19 01 ff ff ff ff ff
source=32: pgn=Speed(128259): values=SpeedWaterReferenced=(2.81 m/s) SpeedGroundReferenced=(None) SpeedWaterReferencedType=(None) SpeedDirection=(None)

3  : pgn=129029 line=Tx 10363941 0d f8 05 03 20 2b aa 06 40 e4 f6 16
3  : pgn=129029 line=Tx 10363941 0d f8 05 03 21 2c 00 78 08 6a fd db
3  : pgn=129029 line=Tx 10363941 0d f8 05 03 22 9e 06 00 c2 78 ee 50
3  : pgn=129029 line=Tx 10363941 0d f8 05 03 23 5a 00 ef ff ff ff ff
3  : pgn=129029 line=Tx 10363941 0d f8 05 03 24 ff ff ff 7f 23 fc 09
3  : pgn=129029 line=Tx 10363941 0d f8 05 03 25 55 00 ff 7f ff ff ff
3  : pgn=129029 line=Tx 10363941 0d f8 05 03 26 7f 00 ff ff ff ff ff
3  : pgn=129025 line=Tx 10363941 09 f8 01 03 8c 5d 6f 1c 4d d1 fd b6
source=3: pgn=Position, Rapid Update(129025): values=Latitude=(47.706049199999995 deg) Longitude=(-122.4879795 deg)

3  : pgn=129033 line=Tx 10363941 0d f8 09 03 06 40 e4 f6 16 2c 5c fe
source=3: pgn=Time & Date(129033): values=Date=(16390 d) Time=(73970.25 s) LocalOffset=(-25200.0 s)

0  : pgn=127250 line=Rx 10363983 09 f1 12 00 ff 68 44 ff 7f ff 7f fd
source=0: pgn=Vessel Heading(127250): values=Heading=(100.34 deg) Deviation=(None) Variation=(None) Reference=("1")

0  : pgn=127245 line=Rx 10363984 09 f1 0d 00 00 f8 ff 7f 00 00 ff ff
source=0: pgn=Rudder(127245): values=Instance=(0) DirectionOrder=("0") AngleOrder=(None) Position=(0.00 deg)

0  : pgn=65359  line=Rx 10363988 1c ff 4f 00 3b 9f ff ff ff 68 44 ff
source=0: pgn=Seatalk: Pilot Heading(65359): values=ManufacturerCode=(1851) IndustryCode=(4) HeadingTrue=(None) HeadingMagnetic=(100.34 deg)

32 : pgn=128259 line=Rx 10363990 09 f5 03 20 97 1d 01 ff ff ff ff ff
source=32: pgn=Speed(128259): values=SpeedWaterReferenced=(2.85 m/s) SpeedGroundReferenced=(None) SpeedWaterReferencedType=(None) SpeedDirection=(None)

32 : pgn=130310 line=Rx 10363993 15 fd 06 20 f2 ff ff ff ff ff ff ff
source=32: pgn=Environmental Parameters (obsolete)(130310): values=WaterTemperature=(None) OutsideAmbientAirTemperature=(None) AtmosphericPressure=(None)

32 : pgn=128275 line=Rx 10364003 19 f5 13 20 80 0e ff ff ff ff ff ff
32 : pgn=128275 line=Rx 10364008 19 f5 13 20 81 56 ae 3c 00 56 ae 3c
32 : pgn=128275 line=Rx 10364013 19 f5 13 20 82 00 ff ff ff ff ff ff
1  : pgn=129038 line=Rx 10364015 11 f8 0e 01 e0 1b c1 70 80 32 14 f2
1  : pgn=129038 line=Rx 10364016 11 f8 0e 01 e1 21 14 b7 a2 e9 57 1c
1  : pgn=129038 line=Rx 10364016 11 f8 0e 01 e2 c8 88 9f 00 00 00 00
1  : pgn=129038 line=Rx 10364017 11 f8 0e 01 e3 00 15 6d 00 00 f0 fe
3  : pgn=129026 line=Tx 10364042 09 f8 02 03 ff fc e7 4f 2e 01 ff ff
source=3: pgn=COG & SOG, Rapid Update(129026): values=COGReference=("0") COG=(117.20 deg) SOG=(3.02 m/s)

3  : pgn=129025 line=Tx 10364042 09 f8 01 03 8c 5d 6f 1c 4d d1 fd b6
source=3: pgn=Position, Rapid Update(129025): values=Latitude=(47.706049199999995 deg) Longitude=(-122.4879795 deg)

3  : pgn=126992 line=Tx 10364042 0d f0 10 03 ff ff 06 40 e4 f6 16 2c
source=3: pgn=System Time(126992): values=Source=(None) Date=(16390 d) Time=(73970.25 s)

1  : pgn=59936  line=Rx 10364044 18 ea 20 01 00 ee 00 00 00 00 00 00
0  : pgn=127250 line=Rx 10364074 09 f1 12 00 ff 43 44 ff 7f ff 7f fd
source=0: pgn=Vessel Heading(127250): values=Heading=(100.12 deg) Deviation=(None) Variation=(None) Reference=("1")

0  : pgn=127245 line=Rx 10364074 09 f1 0d 00 00 f8 ff 7f 00 00 ff ff
source=0: pgn=Rudder(127245): values=Instance=(0) DirectionOrder=("0") AngleOrder=(None) Position=(0.00 deg)

0  : pgn=65359  line=Rx 10364081 1c ff 4f 00 3b 9f ff ff ff 43 44 ff
source=0: pgn=Seatalk: Pilot Heading(65359): values=ManufacturerCode=(1851) IndustryCode=(4) HeadingTrue=(None) HeadingMagnetic=(100.12 deg)

0  : pgn=126975 line=Rx 10364083 1d ef ff 00 e0 08 3b 9f f0 81 9c 11
0  : pgn=126975 line=Rx 10364085 1d ef ff 00 e1 05 00 ff ff ff ff ff
32 : pgn=128259 line=Rx 10364087 09 f5 03 20 98 1f 01 ff ff ff ff ff
1  : pgn=129038 line=Rx 10364139 11 f8 0e 01 00 1b c3 24 90 db 15 9c
source=1: pgn=AIS Class A Position Report(129038): values=MessageID=(0) RepeatIndicator=("0") UserID=(2418328347) Longitude=(0.0 deg) Latitude=(0.0 deg) PositionAccuracy=("0") RAIM=("0") TimeStamp=("0") COG=(0.00 deg) SOG=(0.0 m/s) CommunicationState=(0) AISTransceiverinformation=("0") Heading=(0.00 deg) RateofTurn=(0.00 deg/s) NavStatus=("0") SpecialManeuverIndicator=("0") Spare=(0) SequenceID=(0)

1  : pgn=129038 line=Rx 10364140 11 f8 0e 01 01 9a 01 b7 35 28 52 1c
source=1: pgn=AIS Class A Position Report(129038): values=MessageID=(1) RepeatIndicator=("0") UserID=(901185946) Longitude=(0.0 deg) Latitude=(0.0 deg) PositionAccuracy=("0") RAIM=("0") TimeStamp=("0") COG=(0.00 deg) SOG=(0.0 m/s) CommunicationState=(0) AISTransceiverinformation=("0") Heading=(0.00 deg) RateofTurn=(0.00 deg/s) NavStatus=("0") SpecialManeuverIndicator=("0") Spare=(0) SequenceID=(0)

1  : pgn=129038 line=Rx 10364140 11 f8 0e 01 02 c9 bd 90 9b 01 00 00
source=1: pgn=AIS Class A Position Report(129038): values=MessageID=(2) RepeatIndicator=("0") UserID=(2609954249) Longitude=(0.0 deg) Latitude=(0.0 deg) PositionAccuracy=("0") RAIM=("0") TimeStamp=("0") COG=(0.00 deg) SOG=(0.0 m/s) CommunicationState=(0) AISTransceiverinformation=("0") Heading=(0.00 deg) RateofTurn=(0.00 deg/s) NavStatus=("0") SpecialManeuverIndicator=("0") Spare=(0) SequenceID=(0)

1  : pgn=129038 line=Rx 10364141 11 f8 0e 01 03 00 2b 8f d2 e5 f0 fe
source=1: pgn=AIS Class A Position Report(129038): values=MessageID=(3) RepeatIndicator=("0") UserID=(3532598016) Longitude=(0.0 deg) Latitude=(0.0 deg) PositionAccuracy=("0") RAIM=("0") TimeStamp=("0") COG=(0.00 deg) SOG=(0.0 m/s) CommunicationState=(0) AISTransceiverinformation=("0") Heading=(0.00 deg) RateofTurn=(0.00 deg/s) NavStatus=("0") SpecialManeuverIndicator=("0") Spare=(0) SequenceID=(0)

3  : pgn=129025 line=Tx 10364142 09 f8 01 03 8c 5d 6f 1c 4d d1 fd b6
source=3: pgn=Position, Rapid Update(129025): values=Latitude=(47.706049199999995 deg) Longitude=(-122.4879795 deg)

0  : pgn=127250 line=Rx 10364174 09 f1 12 00 ff f4 43 ff 7f ff 7f fd
source=0: pgn=Vessel Heading(127250): values=Heading=(99.67 deg) Deviation=(None) Variation=(None) Reference=("1")

0  : pgn=127245 line=Rx 10364174 09 f1 0d 00 00 f8 ff 7f 00 00 ff ff
source=0: pgn=Rudder(127245): values=Instance=(0) DirectionOrder=("0") AngleOrder=(None) Position=(0.00 deg)

0  : pgn=65359  line=Rx 10364179 1c ff 4f 00 3b 9f ff ff ff f4 43 ff
source=0: pgn=Seatalk: Pilot Heading(65359): values=ManufacturerCode=(1851) IndustryCode=(4) HeadingTrue=(None) HeadingMagnetic=(99.67 deg)

32 : pgn=128259 line=Rx 10364187 09 f5 03 20 99 23 01 ff ff ff ff ff
source=32: pgn=Speed(128259): values=SpeedWaterReferenced=(2.91 m/s) SpeedGroundReferenced=(None) SpeedWaterReferencedType=(None) SpeedDirection=(None)

1  : pgn=129041 line=Rx 10364230 11 f8 11 01 40 30 15 76 89 3a 3b ed
1  : pgn=129041 line=Rx 10364231 11 f8 11 01 41 61 e3 b6 67 78 ad 1c
1  : pgn=129041 line=Rx 10364231 11 f8 11 01 42 f4 00 00 00 00 00 00
1  : pgn=129041 line=Rx 10364232 11 f8 11 01 43 ff ff 52 ee ff e1 16
1  : pgn=129041 line=Rx 10364233 11 f8 11 01 44 01 50 53 20 54 53 4c
1  : pgn=129041 line=Rx 10364233 11 f8 11 01 45 20 53 42 20 20 20 20
1  : pgn=129041 line=Rx 10364234 11 f8 11 01 46 20 20 20 20 20 20 20
3  : pgn=129026 line=Tx 10364243 09 f8 02 03 ff fc 0a 50 2d 01 ff ff
source=3: pgn=COG & SOG, Rapid Update(129026): values=COGReference=("0") COG=(117.40 deg) SOG=(3.0100000000000002 m/s)

3  : pgn=129025 line=Tx 10364243 09 f8 01 03 6d 5d 6f 1c 95 d1 fd b6
source=3: pgn=Position, Rapid Update(129025): values=Latitude=(47.706046099999995 deg) Longitude=(-122.4879723 deg)

3  : pgn=129291 line=Tx 10364243 0d f9 0b 03 ff fc e2 41 18 00 ff ff
source=3: pgn=Set & Drift, Rapid Update(129291): values=SetReference=("0") Set=(96.64 deg) Drift=(0.24 m/s)

0  : pgn=127250 line=Rx 10364274 09 f1 12 00 ff cd 43 ff 7f ff 7f fd
source=0: pgn=Vessel Heading(127250): values=Heading=(99.45 deg) Deviation=(None) Variation=(None) Reference=("1")

0  : pgn=127245 line=Rx 10364275 09 f1 0d 00 00 f8 ff 7f 00 00 ff ff
source=0: pgn=Rudder(127245): values=Instance=(0) DirectionOrder=("0") AngleOrder=(None) Position=(0.00 deg)

0  : pgn=65359  line=Rx 10364282 1c ff 4f 00 3b 9f ff ff ff cd 43 ff
source=0: pgn=Seatalk: Pilot Heading(65359): values=ManufacturerCode=(1851) IndustryCode=(4) HeadingTrue=(None) HeadingMagnetic=(99.45 deg)

32 : pgn=128259 line=Rx 10364286 09 f5 03 20 9a 1a 01 ff ff ff ff ff
source=32: pgn=Speed(128259): values=SpeedWaterReferenced=(2.82 m/s) SpeedGroundReferenced=(None) SpeedWaterReferencedType=(None) SpeedDirection=(None)

3  : pgn=129025 line=Tx 10364343 09 f8 01 03 6d 5d 6f 1c 95 d1 fd b6
source=3: pgn=Position, Rapid Update(129025): values=Latitude=(47.706046099999995 deg) Longitude=(-122.4879723 deg)

0  : pgn=127250 line=Rx 10364374 09 f1 12 00 ff 8d 43 ff 7f ff 7f fd
source=0: pgn=Vessel Heading(127250): values=Heading=(99.08 deg) Deviation=(None) Variation=(None) Reference=("1")

0  : pgn=127245 line=Rx 10364375 09 f1 0d 00 00 f8 ff 7f 00 00 ff ff
source=0: pgn=Rudder(127245): values=Instance=(0) DirectionOrder=("0") AngleOrder=(None) Position=(0.00 deg)

0  : pgn=65359  line=Rx 10364379 1c ff 4f 00 3b 9f ff ff ff 8d 43 ff
source=0: pgn=Seatalk: Pilot Heading(65359): values=ManufacturerCode=(1851) IndustryCode=(4) HeadingTrue=(None) HeadingMagnetic=(99.08 deg)

32 : pgn=128259 line=Rx 10364386 09 f5 03 20 9b 25 01 ff ff ff ff ff
source=32: pgn=Speed(128259): values=SpeedWaterReferenced=(2.93 m/s) SpeedGroundReferenced=(None) SpeedWaterReferencedType=(None) SpeedDirection=(None)

4  : pgn=65384  line=Rx 10364401 1c ff 68 04 3b 9f 00 00 00 00 00 00
3  : pgn=129026 line=Tx 10364446 09 f8 02 03 ff fc 0a 50 2d 01 ff ff
source=3: pgn=COG & SOG, Rapid Update(129026): values=COGReference=("0") COG=(117.40 deg) SOG=(3.0100000000000002 m/s)

3  : pgn=130577 line=Tx 10364446 0d fe 11 03 40 0e c0 ab 0a 50 2d 01
3  : pgn=130577 line=Tx 10364446 0d fe 11 03 41 ff ff ff ff e2 41 18
3  : pgn=130577 line=Tx 10364446 0d fe 11 03 42 00 ff ff ff ff ff ff
3  : pgn=129025 line=Tx 10364446 09 f8 01 03 6d 5d 6f 1c 95 d1 fd b6
3  : pgn=130306 line=Tx 10364446 09 fd 02 03 ff d5 02 d9 cb fa ff ff
source=3: pgn=Wind Data(130306): values=WindSpeed=(7.25 m/s) WindAngle=(299.00 deg) Reference=("2")

32 : pgn=128259 line=Rx 10364485 09 f5 03 20 9c 24 01 ff ff ff ff ff
source=32: pgn=Speed(128259): values=SpeedWaterReferenced=(2.92 m/s) SpeedGroundReferenced=(None) SpeedWaterReferencedType=(None) SpeedDirection=(None)

0  : pgn=127250 line=Rx 10364489 09 f1 12 00 ff 4a 43 ff 7f ff 7f fd
source=0: pgn=Vessel Heading(127250): values=Heading=(98.70 deg) Deviation=(None) Variation=(None) Reference=("1")

0  : pgn=127245 line=Rx 10364490 09 f1 0d 00 00 f8 ff 7f 00 00 ff ff
source=0: pgn=Rudder(127245): values=Instance=(0) DirectionOrder=("0") AngleOrder=(None) Position=(0.00 deg)

0  : pgn=65359  line=Rx 10364496 1c ff 4f 00 3b 9f ff ff ff 4a 43 ff
source=0: pgn=Seatalk: Pilot Heading(65359): values=ManufacturerCode=(1851) IndustryCode=(4) HeadingTrue=(None) HeadingMagnetic=(98.70 deg)

3  : pgn=129283 line=Tx 10364546 0d f9 03 03 ff 7f ff ff ff 7f ff ff
source=3: pgn=Cross Track Error(129283): values=XTEmode=(None) NavigationTerminated=("1") XTE=(None)

3  : pgn=129025 line=Tx 10364546 09 f8 01 03 4d 5d 6f 1c e1 d1 fd b6
source=3: pgn=Position, Rapid Update(129025): values=Latitude=(47.7060429 deg) Longitude=(-122.48796469999999 deg)

3  : pgn=128267 line=Tx 10364546 0d f5 0b 03 ff e7 3d 00 00 00 00 ff
source=3: pgn=Water Depth(128267): values=Depth=(158.47 m) Offset=(0.0 m) Range=(None)

0  : pgn=127250 line=Rx 10364574 09 f1 12 00 ff 36 43 ff 7f ff 7f fd
source=0: pgn=Vessel Heading(127250): values=Heading=(98.58 deg) Deviation=(None) Variation=(None) Reference=("1")

0  : pgn=127245 line=Rx 10364574 09 f1 0d 00 00 f8 ff 7f 00 00 ff ff
source=0: pgn=Rudder(127245): values=Instance=(0) DirectionOrder=("0") AngleOrder=(None) Position=(0.00 deg)

0  : pgn=65379  line=Rx 10364579 1c ff 63 00 3b 9f 00 00 00 00 01 ff
source=0: pgn=Seatalk: Pilot Mode(65379): values=ManufacturerCode=(1851) IndustryCode=(4) PilotMode=(0) SubMode=(0) PilotModeData=(0)

0  : pgn=65359  line=Rx 10364580 1c ff 4f 00 3b 9f ff ff ff 36 43 ff
source=0: pgn=Seatalk: Pilot Heading(65359): values=ManufacturerCode=(1851) IndustryCode=(4) HeadingTrue=(None) HeadingMagnetic=(98.58 deg)

0  : pgn=126975 line=Rx 10364583 1d ef ff 00 00 0d 3b 9f f0 81 84 56
32 : pgn=128259 line=Rx 10364585 09 f5 03 20 9d 22 01 ff ff ff ff ff
source=32: pgn=Speed(128259): values=SpeedWaterReferenced=(2.9 m/s) SpeedGroundReferenced=(None) SpeedWaterReferencedType=(None) SpeedDirection=(None)

0  : pgn=126975 line=Rx 10364585 1d ef ff 00 01 44 11 00 00 00 02 05
3  : pgn=129026 line=Tx 10364648 09 f8 02 03 ff fc 3f 50 2c 01 ff ff
source=3: pgn=COG & SOG, Rapid Update(129026): values=COGReference=("0") COG=(117.70 deg) SOG=(3.0 m/s)

3  : pgn=129025 line=Tx 10364648 09 f8 01 03 4d 5d 6f 1c e1 d1 fd b6
source=3: pgn=Position, Rapid Update(129025): values=Latitude=(47.7060429 deg) Longitude=(-122.48796469999999 deg)

3  : pgn=129542 line=Tx 10364648 19 fa 06 03 40 0f ab 31 01 00 00 00
3  : pgn=129542 line=Tx 10364648 19 fa 06 03 41 00 00 00 00 00 00 00
3  : pgn=129542 line=Tx 10364648 19 fa 06 03 42 00 00 ff ff ff ff ff
3  : pgn=65364  line=Tx 10364648 1c ff 54 03 3b 9f d5 02 d9 cb ff ff
1  : pgn=129793 line=Rx 10364653 1d fb 01 01 c0 1a 04 a2 fc 37 00 c2
1  : pgn=129793 line=Rx 10364654 1d fb 01 01 c1 12 19 b7 13 8c 61 1c
1  : pgn=129793 line=Rx 10364655 1d fb 01 01 c2 ff 10 c6 16 2c 00 00
1  : pgn=129793 line=Rx 10364656 1d fb 01 01 c3 00 06 40 ff 00 fc ff
0  : pgn=127250 line=Rx 10364680 09 f1 12 00 ff fe 42 ff 7f ff 7f fd
source=0: pgn=Vessel Heading(127250): values=Heading=(98.26 deg) Deviation=(None) Variation=(None) Reference=("1")

0  : pgn=127245 line=Rx 10364681 09 f1 0d 00 00 f8 ff 7f 00 00 ff ff
source=0: pgn=Rudder(127245): values=Instance=(0) DirectionOrder=("0") AngleOrder=(None) Position=(0.00 deg)

32 : pgn=128259 line=Rx 10364684 09 f5 03 20 9e 1f 01 ff ff ff ff ff
source=32: pgn=Speed(128259): values=SpeedWaterReferenced=(2.87 m/s) SpeedGroundReferenced=(None) SpeedWaterReferencedType=(None) SpeedDirection=(None)

0  : pgn=65359  line=Rx 10364689 1c ff 4f 00 3b 9f ff ff ff fe 42 ff
source=0: pgn=Seatalk: Pilot Heading(65359): values=ManufacturerCode=(1851) IndustryCode=(4) HeadingTrue=(None) HeadingMagnetic=(98.26 deg)

0  : pgn=126975 line=Rx 10364692 1d ef ff 00 20 09 3b 9f f0 81 ae 02
0  : pgn=126975 line=Rx 10364694 1d ef ff 00 21 00 08 00 ff ff ff ff
3  : pgn=129540 line=Tx 10364749 19 fa 04 03 80 9f cd ff 0d 03 97 1a
source=3: pgn=GNSS Sats in View(129540): values=RangeResidualMode=(None) SatsinView=(205) PRN=(None) Elevation=(4.47 deg) Azimuth=(39.00 deg) SNR=(0.0 dB) Rangeresiduals=(0) Status=("0")

3  : pgn=129540 line=Tx 10364749 19 fa 04 03 81 2e 26 00 00 00 00 00
source=3: pgn=GNSS Sats in View(129540): values=RangeResidualMode=("0") SatsinView=(38) PRN=(0) Elevation=(0.00 deg) Azimuth=(0.00 deg) SNR=(0.0 dB) Rangeresiduals=(0) Status=("0")

3  : pgn=129540 line=Tx 10364749 19 fa 04 03 82 00 f3 0f ff 1d ad 3c
source=3: pgn=GNSS Sats in View(129540): values=RangeResidualMode=("0") SatsinView=(243) PRN=(15) Elevation=(44.00 deg) Azimuth=(89.00 deg) SNR=(0.0 dB) Rangeresiduals=(0) Status=("0")

3  : pgn=129540 line=Tx 10364749 19 fa 04 03 83 f0 0a 00 00 00 00 f5
source=3: pgn=GNSS Sats in View(129540): values=RangeResidualMode=("0") SatsinView=(10) PRN=(0) Elevation=(0.00 deg) Azimuth=(359.36 deg) SNR=(0.0 dB) Rangeresiduals=(0) Status=("0")

3  : pgn=129540 line=Tx 10364749 19 fa 04 03 84 10 17 13 c2 b8 54 0b
source=3: pgn=GNSS Sats in View(129540): values=RangeResidualMode=("0") SatsinView=(23) PRN=(19) Elevation=(-104.50 deg) Azimuth=(16.62 deg) SNR=(0.0 dB) Rangeresiduals=(0) Status=("0")

3  : pgn=129540 line=Tx 10364749 19 fa 04 03 85 00 00 00 00 f5 12 c5
source=3: pgn=GNSS Sats in View(129540): values=RangeResidualMode=("0") SatsinView=(0) PRN=(0) Elevation=(-16.13 deg) Azimuth=(289.06 deg) SNR=(0.0 dB) Rangeresiduals=(0) Status=("0")

3  : pgn=129540 line=Tx 10364749 19 fa 04 03 86 31 f2 93 ac 0d 00 00
source=3: pgn=GNSS Sats in View(129540): values=RangeResidualMode=("1") SatsinView=(242) PRN=(147) Elevation=(20.05 deg) Azimuth=(0.00 deg) SNR=(0.0 dB) Rangeresiduals=(0) Status=("0")

3  : pgn=129540 line=Tx 10364749 19 fa 04 03 87 00 00 f5 13 69 03 1f
source=3: pgn=GNSS Sats in View(129540): values=RangeResidualMode=("0") SatsinView=(0) PRN=(245) Elevation=(154.12 deg) Azimuth=(45.49 deg) SNR=(0.0 dB) Rangeresiduals=(0) Status=("0")

3  : pgn=129540 line=Tx 10364749 19 fa 04 03 88 d8 ac 0d 00 00 00 00
source=3: pgn=GNSS Sats in View(129540): values=RangeResidualMode=("0") SatsinView=(172) PRN=(13) Elevation=(0.00 deg) Azimuth=(0.00 deg) SNR=(0.0 dB) Rangeresiduals=(0) Status=("0")

3  : pgn=129540 line=Tx 10364749 19 fa 04 03 89 f5 15 e8 37 17 22 ac
source=3: pgn=GNSS Sats in View(129540): values=RangeResidualMode=("1") SatsinView=(21) PRN=(232) Elevation=(34.05 deg) Azimuth=(252.48 deg) SNR=(0.0 dB) Rangeresiduals=(0) Status=("0")

3  : pgn=129540 line=Tx 10364749 19 fa 04 03 8a 0d 00 00 00 00 f5 16
source=3: pgn=GNSS Sats in View(129540): values=RangeResidualMode=("1") SatsinView=(0) PRN=(0) Elevation=(0.00 deg) Azimuth=(33.67 deg) SNR=(0.0 dB) Rangeresiduals=(0) Status=("0")

3  : pgn=129540 line=Tx 10364750 19 fa 04 03 8b 80 16 7d 9d 80 0c 00
source=3: pgn=GNSS Sats in View(129540): values=RangeResidualMode=("0") SatsinView=(22) PRN=(125) Elevation=(-186.85 deg) Azimuth=(0.07 deg) SNR=(0.0 dB) Rangeresiduals=(0) Status=("0")

3  : pgn=129540 line=Tx 10364751 19 fa 04 03 8c 00 00 00 f5 1a ae 0f
source=3: pgn=GNSS Sats in View(129540): values=RangeResidualMode=("0") SatsinView=(0) PRN=(0) Elevation=(39.54 deg) Azimuth=(23.00 deg) SNR=(0.0 dB) Rangeresiduals=(0) Status=("0")

3  : pgn=129540 line=Tx 10364752 19 fa 04 03 8d 5d 1f 48 0d 00 00 00
source=3: pgn=GNSS Sats in View(129540): values=RangeResidualMode=("1") SatsinView=(31) PRN=(72) Elevation=(0.07 deg) Azimuth=(0.00 deg) SNR=(0.0 dB) Rangeresiduals=(0) Status=("0")

3  : pgn=129540 line=Tx 10364752 19 fa 04 03 8e 00 f5 1b d1 15 ab d2
source=3: pgn=GNSS Sats in View(129540): values=RangeResidualMode=("0") SatsinView=(245) PRN=(27) Elevation=(32.00 deg) Azimuth=(309.00 deg) SNR=(0.0 dB) Rangeresiduals=(0) Status=("0")

3  : pgn=129540 line=Tx 10364753 19 fa 04 03 8f 1c 0c 00 00 00 00 f5
source=3: pgn=GNSS Sats in View(129540): values=RangeResidualMode=("0") SatsinView=(12) PRN=(0) Elevation=(0.00 deg) Azimuth=(359.36 deg) SNR=(0.0 dB) Rangeresiduals=(0) Status=("0")

3  : pgn=129540 line=Tx 10364754 19 fa 04 03 90 1d 51 0e a1 67 ac 0d
source=3: pgn=GNSS Sats in View(129540): values=RangeResidualMode=("1") SatsinView=(81) PRN=(14) Elevation=(152.00 deg) Azimuth=(20.05 deg) SNR=(0.0 dB) Rangeresiduals=(0) Status=("0")

3  : pgn=129540 line=Tx 10364754 19 fa 04 03 91 00 00 00 00 f5 23 d1
source=3: pgn=GNSS Sats in View(129540): values=RangeResidualMode=("0") SatsinView=(0) PRN=(0) Elevation=(-16.13 deg) Azimuth=(306.76 deg) SNR=(0.0 dB) Rangeresiduals=(0) Status=("0")

3  : pgn=129540 line=Tx 10364756 19 fa 04 03 92 15 c3 8b 00 00 00 00
source=3: pgn=GNSS Sats in View(129540): values=RangeResidualMode=("1") SatsinView=(195) PRN=(139) Elevation=(0.00 deg) Azimuth=(0.00 deg) SNR=(0.0 dB) Rangeresiduals=(0) Status=("0")

3  : pgn=129540 line=Tx 10364757 19 fa 04 03 93 00 00 f3 30 2e 17 43
source=3: pgn=GNSS Sats in View(129540): values=RangeResidualMode=("0") SatsinView=(0) PRN=(243) Elevation=(67.75 deg) Azimuth=(98.41 deg) SNR=(0.0 dB) Rangeresiduals=(0) Status=("0")

3  : pgn=129540 line=Tx 10364758 19 fa 04 03 94 84 e4 0c 00 00 00 00
source=3: pgn=GNSS Sats in View(129540): values=RangeResidualMode=("0") SatsinView=(228) PRN=(12) Elevation=(0.00 deg) Azimuth=(0.00 deg) SNR=(0.0 dB) Rangeresiduals=(0) Status=("0")

3  : pgn=129540 line=Tx 10364758 19 fa 04 03 95 f5 33 80 16 67 6c b8
source=3: pgn=GNSS Sats in View(129540): values=RangeResidualMode=("1") SatsinView=(51) PRN=(128) Elevation=(151.20 deg) Azimuth=(270.50 deg) SNR=(0.0 dB) Rangeresiduals=(0) Status=("0")

3  : pgn=129540 line=Tx 10364759 19 fa 04 03 96 0b 00 00 00 00 f5 ff
source=3: pgn=GNSS Sats in View(129540): values=RangeResidualMode=(None) SatsinView=(0) PRN=(0) Elevation=(0.00 deg) Azimuth=(375.43 deg) SNR=(0.0 dB) Rangeresiduals=(0) Status=("0")

3  : pgn=129025 line=Tx 10364760 09 f8 01 03 0c 5d 6f 1c 77 d2 fd b6
source=3: pgn=Position, Rapid Update(129025): values=Latitude=(47.706036399999995 deg) Longitude=(-122.4879497 deg)

3  : pgn=127258 line=Tx 10364761 19 f1 1a 03 ff f6 12 39 fa 0a ff ff
source=3: pgn=Magnetic Variation(127258): values=Source=("6") Ageofservice=(14610 d) Variation=(16.10 deg)

0  : pgn=127250 line=Rx 10364780 09 f1 12 00 ff e0 42 ff 7f ff 7f fd
source=0: pgn=Vessel Heading(127250): values=Heading=(98.09 deg) Deviation=(None) Variation=(None) Reference=("1")

0  : pgn=127245 line=Rx 10364780 09 f1 0d 00 00 f8 ff 7f 00 00 ff ff
source=0: pgn=Rudder(127245): values=Instance=(0) DirectionOrder=("0") AngleOrder=(None) Position=(0.00 deg)

32 : pgn=128259 line=Rx 10364784 09 f5 03 20 9f 19 01 ff ff ff ff ff
source=32: pgn=Speed(128259): values=SpeedWaterReferenced=(2.81 m/s) SpeedGroundReferenced=(None) SpeedWaterReferencedType=(None) SpeedDirection=(None)

0  : pgn=65359  line=Rx 10364789 1c ff 4f 00 3b 9f ff ff ff e0 42 ff
source=0: pgn=Seatalk: Pilot Heading(65359): values=ManufacturerCode=(1851) IndustryCode=(4) HeadingTrue=(None) HeadingMagnetic=(98.09 deg)

1  : pgn=129038 line=Rx 10364806 11 f8 0e 01 20 1b c1 7e e1 df 15 25
1  : pgn=129038 line=Rx 10364807 11 f8 0e 01 21 20 0e b7 77 2d 68 1c
1  : pgn=129038 line=Rx 10364807 11 f8 0e 01 22 cd 48 c4 00 00 00 00
1  : pgn=129038 line=Rx 10364808 11 f8 0e 01 23 00 68 03 00 00 f0 fe
3  : pgn=129026 line=Tx 10364849 09 f8 02 03 ff fc 73 50 2c 01 ff ff
source=3: pgn=COG & SOG, Rapid Update(129026): values=COGReference=("0") COG=(118.00 deg) SOG=(3.0 m/s)

3  : pgn=129025 line=Tx 10364849 09 f8 01 03 0c 5d 6f 1c 77 d2 fd b6
source=3: pgn=Position, Rapid Update(129025): values=Latitude=(47.706036399999995 deg) Longitude=(-122.4879497 deg)

1  : pgn=129038 line=Rx 10364867 11 f8 0e 01 40 1b c1 2a ef df 15 b4
1  : pgn=129038 line=Rx 10364868 11 f8 0e 01 41 91 14 b7 2b 95 63 1c
1  : pgn=129038 line=Rx 10364868 11 f8 0e 01 42 ce 82 b6 00 00 00 00
1  : pgn=129038 line=Rx 10364869 11 f8 0e 01 43 00 ff ff ff 7f f0 fe
0  : pgn=127250 line=Rx 10364878 09 f1 12 00 ff a4 42 ff 7f ff 7f fd
source=0: pgn=Vessel Heading(127250): values=Heading=(97.75 deg) Deviation=(None) Variation=(None) Reference=("1")

0  : pgn=127245 line=Rx 10364879 09 f1 0d 00 00 f8 ff 7f 00 00 ff ff
source=0: pgn=Rudder(127245): values=Instance=(0) DirectionOrder=("0") AngleOrder=(None) Position=(0.00 deg)

32 : pgn=128259 line=Rx 10364883 09 f5 03 20 a0 19 01 ff ff ff ff ff
source=32: pgn=Speed(128259): values=SpeedWaterReferenced=(2.81 m/s) SpeedGroundReferenced=(None) SpeedWaterReferencedType=(None) SpeedDirection=(None)

0  : pgn=65359  line=Rx 10364888 1c ff 4f 00 3b 9f ff ff ff a4 42 ff
source=0: pgn=Seatalk: Pilot Heading(65359): values=ManufacturerCode=(1851) IndustryCode=(4) HeadingTrue=(None) HeadingMagnetic=(97.75 deg)

3  : pgn=129029 line=Tx 10364949 0d f8 05 03 40 2b ab 06 40 f0 17 17
3  : pgn=129029 line=Tx 10364949 0d f8 05 03 41 2c 00 78 a3 9c df db
3  : pgn=129029 line=Tx 10364949 0d f8 05 03 42 9e 06 00 e6 a7 50 96
3  : pgn=129029 line=Tx 10364949 0d f8 05 03 43 5a 00 ef ff ff ff ff
3  : pgn=129029 line=Tx 10364950 0d f8 05 03 44 ff ff ff 7f 23 fc 09
3  : pgn=129029 line=Tx 10364950 0d f8 05 03 45 55 00 ff 7f ff ff ff
3  : pgn=129029 line=Tx 10364950 0d f8 05 03 46 7f 00 ff ff ff ff ff
3  : pgn=129025 line=Tx 10364950 09 f8 01 03 0c 5d 6f 1c 77 d2 fd b6
source=3: pgn=Position, Rapid Update(129025): values=Latitude=(47.706036399999995 deg) Longitude=(-122.4879497 deg)

3  : pgn=129033 line=Tx 10364950 0d f8 09 03 06 40 f0 17 17 2c 5c fe
source=3: pgn=Time & Date(129033): values=Date=(16390 d) Time=(73971.096 s) LocalOffset=(-25200.0 s)

32 : pgn=128259 line=Rx 10364985 09 f5 03 20 a1 1e 01 ff ff ff ff ff
source=32: pgn=Speed(128259): values=SpeedWaterReferenced=(2.86 m/s) SpeedGroundReferenced=(None) SpeedWaterReferencedType=(None) SpeedDirection=(None)

32 : pgn=130310 line=Rx 10364988 15 fd 06 20 f3 ff ff ff ff ff ff ff
source=32: pgn=Environmental Parameters (obsolete)(130310): values=WaterTemperature=(None) OutsideAmbientAirTemperature=(None) AtmosphericPressure=(None)

0  : pgn=127250 line=Rx 10364996 09 f1 12 00 ff 66 42 ff 7f ff 7f fd
source=0: pgn=Vessel Heading(127250): values=Heading=(97.39 deg) Deviation=(None) Variation=(None) Reference=("1")

0  : pgn=127245 line=Rx 10364997 09 f1 0d 00 00 f8 ff 7f 00 00 ff ff
source=0: pgn=Rudder(127245): values=Instance=(0) DirectionOrder=("0") AngleOrder=(None) Position=(0.00 deg)

32 : pgn=128275 line=Rx 10364998 19 f5 13 20 a0 0e ff ff ff ff ff ff
0  : pgn=65359  line=Rx 10365002 1c ff 4f 00 3b 9f ff ff ff 66 42 ff
source=0: pgn=Seatalk: Pilot Heading(65359): values=ManufacturerCode=(1851) IndustryCode=(4) HeadingTrue=(None) HeadingMagnetic=(97.39 deg)

32 : pgn=128275 line=Rx 10365003 19 f5 13 20 a1 56 ae 3c 00 56 ae 3c
32 : pgn=128275 line=Rx 10365008 19 f5 13 20 a2 00 ff ff ff ff ff ff
1  : pgn=59936  line=Rx 10365047 18 ea 20 01 00 ee 00 00 00 00 00 00
3  : pgn=129026 line=Tx 10365050 09 f8 02 03 ff fc b9 50 2c 01 ff ff
source=3: pgn=COG & SOG, Rapid Update(129026): values=COGReference=("0") COG=(118.40 deg) SOG=(3.0 m/s)

3  : pgn=129025 line=Tx 10365050 09 f8 01 03 ee 5c 6f 1c c2 d2 fd b6
source=3: pgn=Position, Rapid Update(129025): values=Latitude=(47.706033399999995 deg) Longitude=(-122.48794219999999 deg)

3  : pgn=126992 line=Tx 10365050 0d f0 10 03 ff ff 06 40 f4 1d 17 2c
source=3: pgn=System Time(126992): values=Source=(None) Date=(16390 d) Time=(73971.25 s)

4  : pgn=126975 line=Rx 10365060 1d ef ff 04 40 07 3b 9f f0 81 90 00
4  : pgn=126975 line=Rx 10365061 1d ef ff 04 41 03 ff ff ff ff ff ff
0  : pgn=127250 line=Rx 10365080 09 f1 12 00 ff 55 42 ff 7f ff 7f fd
source=0: pgn=Vessel Heading(127250): values=Heading=(97.29 deg) Deviation=(None) Variation=(None) Reference=("1")

0  : pgn=127245 line=Rx 10365081 09 f1 0d 00 00 f8 ff 7f 00 00 ff ff
source=0: pgn=Rudder(127245): values=Instance=(0) DirectionOrder=("0") AngleOrder=(None) Position=(0.00 deg)

32 : pgn=128259 line=Rx 10365083 09 f5 03 20 a2 0f 01 ff ff ff ff ff
0  : pgn=65359  line=Rx 10365090 1c ff 4f 00 3b 9f ff ff ff 55 42 ff
source=0: pgn=Seatalk: Pilot Heading(65359): values=ManufacturerCode=(1851) IndustryCode=(4) HeadingTrue=(None) HeadingMagnetic=(97.29 deg)

0  : pgn=126975 line=Rx 10365098 1d ef ff 00 40 08 3b 9f f0 81 9c 91
0  : pgn=126975 line=Rx 10365101 1d ef ff 00 41 03 00 ff ff ff ff ff
3  : pgn=129025 line=Tx 10365150 09 f8 01 03 ee 5c 6f 1c c2 d2 fd b6
source=3: pgn=Position, Rapid Update(129025): values=Latitude=(47.706033399999995 deg) Longitude=(-122.48794219999999 deg)

0  : pgn=127250 line=Rx 10365174 09 f1 12 00 ff 25 42 ff 7f ff 7f fd
source=0: pgn=Vessel Heading(127250): values=Heading=(97.02 deg) Deviation=(None) Variation=(None) Reference=("1")

0  : pgn=127245 line=Rx 10365174 09 f1 0d 00 00 f8 ff 7f 00 00 ff ff
source=0: pgn=Rudder(127245): values=Instance=(0) DirectionOrder=("0") AngleOrder=(None) Position=(0.00 deg)

0  : pgn=65359  line=Rx 10365179 1c ff 4f 00 3b 9f ff ff ff 25 42 ff
source=0: pgn=Seatalk: Pilot Heading(65359): values=ManufacturerCode=(1851) IndustryCode=(4) HeadingTrue=(None) HeadingMagnetic=(97.02 deg)

32 : pgn=128259 line=Rx 10365182 09 f5 03 20 a3 0c 01 ff ff ff ff ff
source=32: pgn=Speed(128259): values=SpeedWaterReferenced=(2.68 m/s) SpeedGroundReferenced=(None) SpeedWaterReferencedType=(None) SpeedDirection=(None)

3  : pgn=129026 line=Tx 10365250 09 f8 02 03 ff fc b9 50 2c 01 ff ff
source=3: pgn=COG & SOG, Rapid Update(129026): values=COGReference=("0") COG=(118.40 deg) SOG=(3.0 m/s)

3  : pgn=129025 line=Tx 10365250 09 f8 01 03 ee 5c 6f 1c c2 d2 fd b6
source=3: pgn=Position, Rapid Update(129025): values=Latitude=(47.706033399999995 deg) Longitude=(-122.48794219999999 deg)

3  : pgn=129291 line=Tx 10365251 0d f9 0b 03 ff fc e1 75 0f 00 ff ff
source=3: pgn=Set & Drift, Rapid Update(129291): values=SetReference=("0") Set=(172.90 deg) Drift=(0.15 m/s)

32 : pgn=128259 line=Rx 10365281 09 f5 03 20 a4 0c 01 ff ff ff ff ff
source=32: pgn=Speed(128259): values=SpeedWaterReferenced=(2.68 m/s) SpeedGroundReferenced=(None) SpeedWaterReferencedType=(None) SpeedDirection=(None)

0  : pgn=127250 line=Rx 10365287 09 f1 12 00 ff ef 41 ff 7f ff 7f fd
source=0: pgn=Vessel Heading(127250): values=Heading=(96.71 deg) Deviation=(None) Variation=(None) Reference=("1")

0  : pgn=127245 line=Rx 10365288 09 f1 0d 00 00 f8 ff 7f 00 00 ff ff
source=0: pgn=Rudder(127245): values=Instance=(0) DirectionOrder=("0") AngleOrder=(None) Position=(0.00 deg)

1  : pgn=129039 line=Rx 10365290 11 f8 0f 01 40 1a 12 18 ba 03 16 49
1  : pgn=129039 line=Rx 10365291 11 f8 0f 01 41 0b 0e b7 b6 f1 67 1c
1  : pgn=129039 line=Rx 10365291 11 f8 0f 01 42 cf 0d bd 00 00 03 00
1  : pgn=129039 line=Rx 10365292 11 f8 0f 01 43 08 ff ff 00 fc ff ff
0  : pgn=65359  line=Rx 10365297 1c ff 4f 00 3b 9f ff ff ff ef 41 ff
source=0: pgn=Seatalk: Pilot Heading(65359): values=ManufacturerCode=(1851) IndustryCode=(4) HeadingTrue=(None) HeadingMagnetic=(96.71 deg)

3  : pgn=129025 line=Tx 10365351 09 f8 01 03 cc 5c 6f 1c 15 d3 fd b6
source=3: pgn=Position, Rapid Update(129025): values=Latitude=(47.70603 deg) Longitude=(-122.48793389999999 deg)

1  : pgn=129038 line=Rx 10365351 11 f8 0e 01 60 1b c1 0e 93 df 15 3a
1  : pgn=129038 line=Rx 10365352 11 f8 0e 01 61 60 11 b7 e7 1c 5c 1c
1  : pgn=129038 line=Rx 10365353 11 f8 0e 01 62 cb cd f0 ce 01 00 00
1  : pgn=129038 line=Rx 10365353 11 f8 0e 01 63 00 ff ff ff 7f f0 fe
0  : pgn=127250 line=Rx 10365373 09 f1 12 00 ff dd 41 ff 7f ff 7f fd
source=0: pgn=Vessel Heading(127250): values=Heading=(96.61 deg) Deviation=(None) Variation=(None) Reference=("1")

0  : pgn=127245 line=Rx 10365374 09 f1 0d 00 00 f8 ff 7f 00 00 ff ff
source=0: pgn=Rudder(127245): values=Instance=(0) DirectionOrder=("0") AngleOrder=(None) Position=(0.00 deg)

0  : pgn=65359  line=Rx 10365379 1c ff 4f 00 3b 9f ff ff ff dd 41 ff
source=0: pgn=Seatalk: Pilot Heading(65359): values=ManufacturerCode=(1851) IndustryCode=(4) HeadingTrue=(None) HeadingMagnetic=(96.61 deg)

32 : pgn=128259 line=Rx 10365381 09 f5 03 20 a5 10 01 ff ff ff ff ff
source=32: pgn=Speed(128259): values=SpeedWaterReferenced=(2.72 m/s) SpeedGroundReferenced=(None) SpeedWaterReferencedType=(None) SpeedDirection=(None)

4  : pgn=65384  line=Rx 10365401 1c ff 68 04 3b 9f 00 00 00 00 00 00
1  : pgn=129038 line=Rx 10365443 11 f8 0e 01 80 1b c1 b8 8e e4 15 d1
1  : pgn=129038 line=Rx 10365444 11 f8 0e 01 81 17 16 b7 b1 2f 64 1c
1  : pgn=129038 line=Rx 10365444 11 f8 0e 01 82 ca 20 8a 00 00 00 00
1  : pgn=129038 line=Rx 10365445 11 f8 0e 01 83 00 ff ff ff 7f f0 fe
3  : pgn=129026 line=Tx 10365451 09 f8 02 03 ff fc ed 50 2d 01 ff ff
source=3: pgn=COG & SOG, Rapid Update(129026): values=COGReference=("0") COG=(118.70 deg) SOG=(3.0100000000000002 m/s)

3  : pgn=130577 line=Tx 10365451 0d fe 11 03 60 0e c0 ac ed 50 2d 01
3  : pgn=130577 line=Tx 10365451 0d fe 11 03 61 ff ff ff ff e1 75 0f
3  : pgn=130577 line=Tx 10365451 0d fe 11 03 62 00 ff ff ff ff ff ff
3  : pgn=129025 line=Tx 10365451 09 f8 01 03 cc 5c 6f 1c 15 d3 fd b6
3  : pgn=130306 line=Tx 10365451 09 fd 02 03 ff c1 02 e5 cd fa ff ff
source=3: pgn=Wind Data(130306): values=WindSpeed=(7.05 m/s) WindAngle=(302.00 deg) Reference=("2")

32 : pgn=128259 line=Rx 10365481 09 f5 03 20 a6 12 01 ff ff ff ff ff
source=32: pgn=Speed(128259): values=SpeedWaterReferenced=(2.74 m/s) SpeedGroundReferenced=(None) SpeedWaterReferencedType=(None) SpeedDirection=(None)

0  : pgn=127250 line=Rx 10365496 09 f1 12 00 ff b7 41 ff 7f ff 7f fd
source=0: pgn=Vessel Heading(127250): values=Heading=(96.39 deg) Deviation=(None) Variation=(None) Reference=("1")

0  : pgn=127245 line=Rx 10365496 09 f1 0d 00 00 f8 ff 7f 00 00 ff ff
source=0: pgn=Rudder(127245): values=Instance=(0) DirectionOrder=("0") AngleOrder=(None) Position=(0.00 deg)

0  : pgn=65359  line=Rx 10365503 1c ff 4f 00 3b 9f ff ff ff b7 41 ff
source=0: pgn=Seatalk: Pilot Heading(65359): values=ManufacturerCode=(1851) IndustryCode=(4) HeadingTrue=(None) HeadingMagnetic=(96.39 deg)

1  : pgn=129038 line=Rx 10365539 11 f8 0e 01 a0 1b c1 32 4f e6 15 5f
1  : pgn=129038 line=Rx 10365540 11 f8 0e 01 a1 0d 0e b7 61 d8 67 1c
1  : pgn=129038 line=Rx 10365540 11 f8 0e 01 a2 d2 6b b5 00 00 00 00
1  : pgn=129038 line=Rx 10365541 11 f8 0e 01 a3 00 ff ff ff 7f f0 fe
3  : pgn=129283 line=Tx 10365551 0d f9 03 03 ff 7f ff ff ff 7f ff ff
source=3: pgn=Cross Track Error(129283): values=XTEmode=(None) NavigationTerminated=("1") XTE=(None)

3  : pgn=129025 line=Tx 10365551 09 f8 01 03 8c 5c 6f 1c b5 d3 fd b6
source=3: pgn=Position, Rapid Update(129025): values=Latitude=(47.706023599999995 deg) Longitude=(-122.4879179 deg)

3  : pgn=128267 line=Tx 10365552 0d f5 0b 03 ff f0 3d 00 00 00 00 ff
source=3: pgn=Water Depth(128267): values=Depth=(158.56 m) Offset=(0.0 m) Range=(None)

1  : pgn=129038 line=Rx 10365567 11 f8 0e 01 c0 1b c1 d0 8a f8 15 29
1  : pgn=129038 line=Rx 10365568 11 f8 0e 01 c1 96 0c b7 92 52 69 1c
1  : pgn=129038 line=Rx 10365568 11 f8 0e 01 c2 cc 17 04 00 00 00 00
1  : pgn=129038 line=Rx 10365569 11 f8 0e 01 c3 00 ff ff ff 7f f0 fe
0  : pgn=127250 line=Rx 10365574 09 f1 12 00 ff af 41 ff 7f ff 7f fd
source=0: pgn=Vessel Heading(127250): values=Heading=(96.34 deg) Deviation=(None) Variation=(None) Reference=("1")

0  : pgn=127245 line=Rx 10365574 09 f1 0d 00 00 f8 ff 7f 00 00 ff ff
source=0: pgn=Rudder(127245): values=Instance=(0) DirectionOrder=("0") AngleOrder=(None) Position=(0.00 deg)

0  : pgn=65379  line=Rx 10365579 1c ff 63 00 3b 9f 00 00 00 00 01 ff
source=0: pgn=Seatalk: Pilot Mode(65379): values=ManufacturerCode=(1851) IndustryCode=(4) PilotMode=(0) SubMode=(0) PilotModeData=(0)

0  : pgn=65359  line=Rx 10365580 1c ff 4f 00 3b 9f ff ff ff af 41 ff
source=0: pgn=Seatalk: Pilot Heading(65359): values=ManufacturerCode=(1851) IndustryCode=(4) HeadingTrue=(None) HeadingMagnetic=(96.34 deg)

32 : pgn=128259 line=Rx 10365580 09 f5 03 20 a7 15 01 ff ff ff ff ff
source=32: pgn=Speed(128259): values=SpeedWaterReferenced=(2.77 m/s) SpeedGroundReferenced=(None) SpeedWaterReferencedType=(None) SpeedDirection=(None)

0  : pgn=126975 line=Rx 10365591 1d ef ff 00 60 0d 3b 9f f0 81 84 56
0  : pgn=126975 line=Rx 10365593 1d ef ff 00 61 43 0d 00 00 00 02 05
3  : pgn=129026 line=Tx 10365653 09 f8 02 03 ff fc 21 51 2f 01 ff ff
source=3: pgn=COG & SOG, Rapid Update(129026): values=COGReference=("0") COG=(119.00 deg) SOG=(3.0300000000000002 m/s)

3  : pgn=129025 line=Tx 10365653 09 f8 01 03 8c 5c 6f 1c b5 d3 fd b6
source=3: pgn=Position, Rapid Update(129025): values=Latitude=(47.706023599999995 deg) Longitude=(-122.4879179 deg)

3  : pgn=129542 line=Tx 10365653 19 fa 06 03 60 0f ac 68 01 00 00 00
3  : pgn=129542 line=Tx 10365653 19 fa 06 03 61 00 00 00 00 00 00 00
3  : pgn=129542 line=Tx 10365653 19 fa 06 03 62 00 00 ff ff ff ff ff
3  : pgn=65364  line=Tx 10365653 1c ff 54 03 3b 9f c1 02 e5 cd ff ff
1  : pgn=129038 line=Rx 10365661 11 f8 0e 01 e0 1b c1 fe 82 dc 15 52
1  : pgn=129038 line=Rx 10365662 11 f8 0e 01 e1 62 14 b7 b9 7c 5f 1c
1  : pgn=129038 line=Rx 10365662 11 f8 0e 01 e2 d1 02 b8 05 00 00 00
1  : pgn=129038 line=Rx 10365663 11 f8 0e 01 e3 00 e7 37 00 00 ff fe
32 : pgn=128259 line=Rx 10365680 09 f5 03 20 a8 18 01 ff ff ff ff ff
source=32: pgn=Speed(128259): values=SpeedWaterReferenced=(2.8000000000000003 m/s) SpeedGroundReferenced=(None) SpeedWaterReferencedType=(None) SpeedDirection=(None)

0  : pgn=127250 line=Rx 10365685 09 f1 12 00 ff a0 41 ff 7f ff 7f fd
source=0: pgn=Vessel Heading(127250): values=Heading=(96.26 deg) Deviation=(None) Variation=(None) Reference=("1")

0  : pgn=127245 line=Rx 10365686 09 f1 0d 00 00 f8 ff 7f 00 00 ff ff
source=0: pgn=Rudder(127245): values=Instance=(0) DirectionOrder=("0") AngleOrder=(None) Position=(0.00 deg)

1  : pgn=129038 line=Rx 10365691 11 f8 0e 01 00 1b c1 28 71 e0 15 24
source=1: pgn=AIS Class A Position Report(129038): values=MessageID=(0) RepeatIndicator=("0") UserID=(1898496283) Longitude=(0.0 deg) Latitude=(0.0 deg) PositionAccuracy=("0") RAIM=("0") TimeStamp=("0") COG=(0.00 deg) SOG=(0.0 m/s) CommunicationState=(0) AISTransceiverinformation=("0") Heading=(0.00 deg) RateofTurn=(0.00 deg/s) NavStatus=("0") SpecialManeuverIndicator=("0") Spare=(0) SequenceID=(0)

1  : pgn=129038 line=Rx 10365692 11 f8 0e 01 01 6c 0e b7 4b 29 68 1c
source=1: pgn=AIS Class A Position Report(129038): values=MessageID=(1) RepeatIndicator=("0") UserID=(1270287980) Longitude=(0.0 deg) Latitude=(0.0 deg) PositionAccuracy=("0") RAIM=("0") TimeStamp=("0") COG=(0.00 deg) SOG=(0.0 m/s) CommunicationState=(0) AISTransceiverinformation=("0") Heading=(0.00 deg) RateofTurn=(0.00 deg/s) NavStatus=("0") SpecialManeuverIndicator=("0") Spare=(0) SequenceID=(0)

1  : pgn=129038 line=Rx 10365692 11 f8 0e 01 02 cc 03 91 00 00 00 00
source=1: pgn=AIS Class A Position Report(129038): values=MessageID=(2) RepeatIndicator=("0") UserID=(9503692) Longitude=(0.0 deg) Latitude=(0.0 deg) PositionAccuracy=("0") RAIM=("0") TimeStamp=("0") COG=(0.00 deg) SOG=(0.0 m/s) CommunicationState=(0) AISTransceiverinformation=("0") Heading=(0.00 deg) RateofTurn=(0.00 deg/s) NavStatus=("0") SpecialManeuverIndicator=("0") Spare=(0) SequenceID=(0)

1  : pgn=129038 line=Rx 10365693 11 f8 0e 01 03 00 ff ff ff 7f f0 fe
source=1: pgn=AIS Class A Position Report(129038): values=MessageID=(3) RepeatIndicator=("0") UserID=(4294967040) Longitude=(0.0 deg) Latitude=(0.0 deg) PositionAccuracy=("0") RAIM=("0") TimeStamp=("0") COG=(0.00 deg) SOG=(0.0 m/s) CommunicationState=(0) AISTransceiverinformation=("0") Heading=(0.00 deg) RateofTurn=(0.00 deg/s) NavStatus=("0") SpecialManeuverIndicator=("0") Spare=(0) SequenceID=(0)

0  : pgn=65359  line=Rx 10365694 1c ff 4f 00 3b 9f ff ff ff a0 41 ff
source=0: pgn=Seatalk: Pilot Heading(65359): values=ManufacturerCode=(1851) IndustryCode=(4) HeadingTrue=(None) HeadingMagnetic=(96.26 deg)

0  : pgn=126975 line=Rx 10365697 1d ef ff 00 80 09 3b 9f f0 81 ae 02
0  : pgn=126975 line=Rx 10365699 1d ef ff 00 81 00 08 00 ff ff ff ff
1  : pgn=129793 line=Rx 10365722 1d fb 01 01 e0 1a 04 a1 fc 37 00 a4
1  : pgn=129793 line=Rx 10365723 1d fb 01 01 e1 bb e8 b6 25 7a e1 1c
1  : pgn=129793 line=Rx 10365723 1d fb 01 01 e2 ff 30 14 17 2c 00 00
1  : pgn=129793 line=Rx 10365724 1d fb 01 01 e3 08 06 40 ff 00 fc ff
3  : pgn=129540 line=Tx 10365753 19 fa 04 03 a0 9f ce ff 0d 03 97 1a
source=3: pgn=GNSS Sats in View(129540): values=RangeResidualMode=(None) SatsinView=(206) PRN=(None) Elevation=(4.47 deg) Azimuth=(39.00 deg) SNR=(0.0 dB) Rangeresiduals=(0) Status=("0")

3  : pgn=129540 line=Tx 10365753 19 fa 04 03 a1 2e 26 00 00 00 00 00
source=3: pgn=GNSS Sats in View(129540): values=RangeResidualMode=("0") SatsinView=(38) PRN=(0) Elevation=(0.00 deg) Azimuth=(0.00 deg) SNR=(0.0 dB) Rangeresiduals=(0) Status=("0")

3  : pgn=129540 line=Tx 10365753 19 fa 04 03 a2 00 f3 0f ff 1d ad 3c
source=3: pgn=GNSS Sats in View(129540): values=RangeResidualMode=("0") SatsinView=(243) PRN=(15) Elevation=(44.00 deg) Azimuth=(89.00 deg) SNR=(0.0 dB) Rangeresiduals=(0) Status=("0")

3  : pgn=129540 line=Tx 10365753 19 fa 04 03 a3 f0 0a 00 00 00 00 f5
source=3: pgn=GNSS Sats in View(129540): values=RangeResidualMode=("0") SatsinView=(10) PRN=(0) Elevation=(0.00 deg) Azimuth=(359.36 deg) SNR=(0.0 dB) Rangeresiduals=(0) Status=("0")

3  : pgn=129540 line=Tx 10365753 19 fa 04 03 a4 10 17 13 c2 b8 54 0b
source=3: pgn=GNSS Sats in View(129540): values=RangeResidualMode=("0") SatsinView=(23) PRN=(19) Elevation=(-104.50 deg) Azimuth=(16.62 deg) SNR=(0.0 dB) Rangeresiduals=(0) Status=("0")

3  : pgn=129540 line=Tx 10365753 19 fa 04 03 a5 00 00 00 00 f5 12 c5
source=3: pgn=GNSS Sats in View(129540): values=RangeResidualMode=("0") SatsinView=(0) PRN=(0) Elevation=(-16.13 deg) Azimuth=(289.06 deg) SNR=(0.0 dB) Rangeresiduals=(0) Status=("0")

3  : pgn=129540 line=Tx 10365753 19 fa 04 03 a6 31 f2 93 ac 0d 00 00
source=3: pgn=GNSS Sats in View(129540): values=RangeResidualMode=("1") SatsinView=(242) PRN=(147) Elevation=(20.05 deg) Azimuth=(0.00 deg) SNR=(0.0 dB) Rangeresiduals=(0) Status=("0")

3  : pgn=129540 line=Tx 10365753 19 fa 04 03 a7 00 00 f5 13 69 03 1f
source=3: pgn=GNSS Sats in View(129540): values=RangeResidualMode=("0") SatsinView=(0) PRN=(245) Elevation=(154.12 deg) Azimuth=(45.49 deg) SNR=(0.0 dB) Rangeresiduals=(0) Status=("0")

3  : pgn=129540 line=Tx 10365753 19 fa 04 03 a8 d8 ac 0d 00 00 00 00
source=3: pgn=GNSS Sats in View(129540): values=RangeResidualMode=("0") SatsinView=(172) PRN=(13) Elevation=(0.00 deg) Azimuth=(0.00 deg) SNR=(0.0 dB) Rangeresiduals=(0) Status=("0")

3  : pgn=129540 line=Tx 10365753 19 fa 04 03 a9 f5 15 e8 37 17 22 ac
source=3: pgn=GNSS Sats in View(129540): values=RangeResidualMode=("1") SatsinView=(21) PRN=(232) Elevation=(34.05 deg) Azimuth=(252.48 deg) SNR=(0.0 dB) Rangeresiduals=(0) Status=("0")

3  : pgn=129540 line=Tx 10365753 19 fa 04 03 aa 0d 00 00 00 00 f5 16
source=3: pgn=GNSS Sats in View(129540): values=RangeResidualMode=("1") SatsinView=(0) PRN=(0) Elevation=(0.00 deg) Azimuth=(33.67 deg) SNR=(0.0 dB) Rangeresiduals=(0) Status=("0")

3  : pgn=129540 line=Tx 10365754 19 fa 04 03 ab 80 16 7d 9d 80 0c 00
source=3: pgn=GNSS Sats in View(129540): values=RangeResidualMode=("0") SatsinView=(22) PRN=(125) Elevation=(-186.85 deg) Azimuth=(0.07 deg) SNR=(0.0 dB) Rangeresiduals=(0) Status=("0")

1  : pgn=129039 line=Rx 10365755 11 f8 0f 01 60 1a 12 0a dc e5 15 de
3  : pgn=129540 line=Tx 10365755 19 fa 04 03 ac 00 00 00 f5 1a ae 0f
source=3: pgn=GNSS Sats in View(129540): values=RangeResidualMode=("0") SatsinView=(0) PRN=(0) Elevation=(39.54 deg) Azimuth=(23.00 deg) SNR=(0.0 dB) Rangeresiduals=(0) Status=("0")

1  : pgn=129039 line=Rx 10365755 11 f8 0f 01 61 2a 0a b7 a2 9c 6b 1c
1  : pgn=129039 line=Rx 10365756 11 f8 0f 01 62 cc 00 00 00 00 03 00
1  : pgn=129039 line=Rx 10365756 11 f8 0f 01 63 08 ff ff 00 fc ff ff
3  : pgn=129540 line=Tx 10365757 19 fa 04 03 ad 5d 1f 48 0d 00 00 00
source=3: pgn=GNSS Sats in View(129540): values=RangeResidualMode=("1") SatsinView=(31) PRN=(72) Elevation=(0.07 deg) Azimuth=(0.00 deg) SNR=(0.0 dB) Rangeresiduals=(0) Status=("0")

3  : pgn=129540 line=Tx 10365758 19 fa 04 03 ae 00 f5 1b d1 15 ab d2
source=3: pgn=GNSS Sats in View(129540): values=RangeResidualMode=("0") SatsinView=(245) PRN=(27) Elevation=(32.00 deg) Azimuth=(309.00 deg) SNR=(0.0 dB) Rangeresiduals=(0) Status=("0")

3  : pgn=129540 line=Tx 10365759 19 fa 04 03 af 1c 0c 00 00 00 00 f5
source=3: pgn=GNSS Sats in View(129540): values=RangeResidualMode=("0") SatsinView=(12) PRN=(0) Elevation=(0.00 deg) Azimuth=(359.36 deg) SNR=(0.0 dB) Rangeresiduals=(0) Status=("0")

3  : pgn=129540 line=Tx 10365759 19 fa 04 03 b0 1d 51 0e a1 67 ac 0d
source=3: pgn=GNSS Sats in View(129540): values=RangeResidualMode=("1") SatsinView=(81) PRN=(14) Elevation=(152.00 deg) Azimuth=(20.05 deg) SNR=(0.0 dB) Rangeresiduals=(0) Status=("0")

3  : pgn=129540 line=Tx 10365761 19 fa 04 03 b1 00 00 00 00 f5 23 d1
source=3: pgn=GNSS Sats in View(129540): values=RangeResidualMode=("0") SatsinView=(0) PRN=(0) Elevation=(-16.13 deg) Azimuth=(306.76 deg) SNR=(0.0 dB) Rangeresiduals=(0) Status=("0")

3  : pgn=129540 line=Tx 10365762 19 fa 04 03 b2 15 c3 8b 00 00 00 00
source=3: pgn=GNSS Sats in View(129540): values=RangeResidualMode=("1") SatsinView=(195) PRN=(139) Elevation=(0.00 deg) Azimuth=(0.00 deg) SNR=(0.0 dB) Rangeresiduals=(0) Status=("0")

3  : pgn=129540 line=Tx 10365762 19 fa 04 03 b3 00 00 f3 30 2e 17 43
source=3: pgn=GNSS Sats in View(129540): values=RangeResidualMode=("0") SatsinView=(0) PRN=(243) Elevation=(67.75 deg) Azimuth=(98.41 deg) SNR=(0.0 dB) Rangeresiduals=(0) Status=("0")

3  : pgn=129540 line=Tx 10365763 19 fa 04 03 b4 84 e4 0c 00 00 00 00
source=3: pgn=GNSS Sats in View(129540): values=RangeResidualMode=("0") SatsinView=(228) PRN=(12) Elevation=(0.00 deg) Azimuth=(0.00 deg) SNR=(0.0 dB) Rangeresiduals=(0) Status=("0")

3  : pgn=129540 line=Tx 10365764 19 fa 04 03 b5 f5 33 80 16 67 6c b8
source=3: pgn=GNSS Sats in View(129540): values=RangeResidualMode=("1") SatsinView=(51) PRN=(128) Elevation=(151.20 deg) Azimuth=(270.50 deg) SNR=(0.0 dB) Rangeresiduals=(0) Status=("0")

3  : pgn=129540 line=Tx 10365764 19 fa 04 03 b6 0b 00 00 00 00 f5 ff
source=3: pgn=GNSS Sats in View(129540): values=RangeResidualMode=(None) SatsinView=(0) PRN=(0) Elevation=(0.00 deg) Azimuth=(375.43 deg) SNR=(0.0 dB) Rangeresiduals=(0) Status=("0")

3  : pgn=129025 line=Tx 10365765 09 f8 01 03 8c 5c 6f 1c b5 d3 fd b6
source=3: pgn=Position, Rapid Update(129025): values=Latitude=(47.706023599999995 deg) Longitude=(-122.4879179 deg)

3  : pgn=127258 line=Tx 10365766 19 f1 1a 03 ff f6 12 39 fa 0a ff ff
source=3: pgn=Magnetic Variation(127258): values=Source=("6") Ageofservice=(14610 d) Variation=(16.10 deg)

32 : pgn=128259 line=Rx 10365779 09 f5 03 20 a9 1d 01 ff ff ff ff ff
source=32: pgn=Speed(128259): values=SpeedWaterReferenced=(2.85 m/s) SpeedGroundReferenced=(None) SpeedWaterReferencedType=(None) SpeedDirection=(None)

0  : pgn=127250 line=Rx 10365789 09 f1 12 00 ff 95 41 ff 7f ff 7f fd
source=0: pgn=Vessel Heading(127250): values=Heading=(96.19 deg) Deviation=(None) Variation=(None) Reference=("1")

0  : pgn=127245 line=Rx 10365790 09 f1 0d 00 00 f8 ff 7f 00 00 ff ff
source=0: pgn=Rudder(127245): values=Instance=(0) DirectionOrder=("0") AngleOrder=(None) Position=(0.00 deg)

0  : pgn=65359  line=Rx 10365796 1c ff 4f 00 3b 9f ff ff ff 95 41 ff
source=0: pgn=Seatalk: Pilot Heading(65359): values=ManufacturerCode=(1851) IndustryCode=(4) HeadingTrue=(None) HeadingMagnetic=(96.19 deg)

3  : pgn=129026 line=Tx 10365854 09 f8 02 03 ff fc 44 51 30 01 ff ff
source=3: pgn=COG & SOG, Rapid Update(129026): values=COGReference=("0") COG=(119.20 deg) SOG=(3.04 m/s)

3  : pgn=129025 line=Tx 10365854 09 f8 01 03 6f 5c 6f 1c 04 d4 fd b6
source=3: pgn=Position, Rapid Update(129025): values=Latitude=(47.706020699999996 deg) Longitude=(-122.48791 deg)

32 : pgn=128259 line=Rx 10365878 09 f5 03 20 aa 21 01 ff ff ff ff ff
source=32: pgn=Speed(128259): values=SpeedWaterReferenced=(2.89 m/s) SpeedGroundReferenced=(None) SpeedWaterReferencedType=(None) SpeedDirection=(None)

0  : pgn=127250 line=Rx 10365883 09 f1 12 00 ff 92 41 ff 7f ff 7f fd
source=0: pgn=Vessel Heading(127250): values=Heading=(96.18 deg) Deviation=(None) Variation=(None) Reference=("1")

0  : pgn=127245 line=Rx 10365884 09 f1 0d 00 00 f8 ff 7f 00 00 ff ff
source=0: pgn=Rudder(127245): values=Instance=(0) DirectionOrder=("0") AngleOrder=(None) Position=(0.00 deg)

0  : pgn=65359  line=Rx 10365891 1c ff 4f 00 3b 9f ff ff ff 92 41 ff
source=0: pgn=Seatalk: Pilot Heading(65359): values=ManufacturerCode=(1851) IndustryCode=(4) HeadingTrue=(None) HeadingMagnetic=(96.18 deg)

3  : pgn=129029 line=Tx 10365954 0d f8 05 03 60 2b ac 06 40 0e 45 17
3  : pgn=129029 line=Tx 10365954 0d f8 05 03 61 2c 00 96 b5 0e bb db
3  : pgn=129029 line=Tx 10365954 0d f8 05 03 62 9e 06 00 28 b3 bf f2
3  : pgn=129029 line=Tx 10365954 0d f8 05 03 63 5a 00 ef ff ff ff ff
3  : pgn=129029 line=Tx 10365954 0d f8 05 03 64 ff ff ff 7f 23 fc 09
3  : pgn=129029 line=Tx 10365954 0d f8 05 03 65 55 00 ff 7f ff ff ff
3  : pgn=129029 line=Tx 10365954 0d f8 05 03 66 7f 00 ff ff ff ff ff
3  : pgn=129025 line=Tx 10365954 09 f8 01 03 6f 5c 6f 1c 04 d4 fd b6
source=3: pgn=Position, Rapid Update(129025): values=Latitude=(47.706020699999996 deg) Longitude=(-122.48791 deg)

3  : pgn=129033 line=Tx 10365954 0d f8 09 03 06 40 0e 45 17 2c 5c fe
source=3: pgn=Time & Date(129033): values=Date=(16390 d) Time=(73972.251 s) LocalOffset=(-25200.0 s)

0  : pgn=127250 line=Rx 10365980 09 f1 12 00 ff 88 41 ff 7f ff 7f fd
source=0: pgn=Vessel Heading(127250): values=Heading=(96.12 deg) Deviation=(None) Variation=(None) Reference=("1")

32 : pgn=128259 line=Rx 10365980 09 f5 03 20 ab 24 01 ff ff ff ff ff
source=32: pgn=Speed(128259): values=SpeedWaterReferenced=(2.92 m/s) SpeedGroundReferenced=(None) SpeedWaterReferencedType=(None) SpeedDirection=(None)

0  : pgn=127245 line=Rx 10365981 09 f1 0d 00 00 f8 ff 7f 00 00 ff ff
source=0: pgn=Rudder(127245): values=Instance=(0) DirectionOrder=("0") AngleOrder=(None) Position=(0.00 deg)

32 : pgn=130310 line=Rx 10365983 15 fd 06 20 f4 ff ff ff ff ff ff ff
source=32: pgn=Environmental Parameters (obsolete)(130310): values=WaterTemperature=(None) OutsideAmbientAirTemperature=(None) AtmosphericPressure=(None)

0  : pgn=65359  line=Rx 10365987 1c ff 4f 00 3b 9f ff ff ff 88 41 ff
source=0: pgn=Seatalk: Pilot Heading(65359): values=ManufacturerCode=(1851) IndustryCode=(4) HeadingTrue=(None) HeadingMagnetic=(96.12 deg)

32 : pgn=128275 line=Rx 10365993 19 f5 13 20 c0 0e ff ff ff ff ff ff
1  : pgn=129038 line=Rx 10365998 11 f8 0e 01 20 1b c1 d2 d5 e2 15 ff
1  : pgn=129038 line=Rx 10365999 11 f8 0e 01 21 ff ff 7f ff ff ff 7f
1  : pgn=129038 line=Rx 10365999 11 f8 0e 01 22 fc ff ff ff ff 00 00
1  : pgn=129038 line=Rx 10366000 11 f8 0e 01 23 00 ff ff ff 7f f0 fe
1  : pgn=129041 line=Rx 10366000 11 f8 11 01 60 30 55 75 89 3a 3b 6d
1  : pgn=129041 line=Rx 10366001 11 f8 11 01 61 8b 0a b7 5b f8 47 1c
1  : pgn=129041 line=Rx 10366001 11 f8 11 01 62 f4 00 00 00 00 00 00
1  : pgn=129041 line=Rx 10366002 11 f8 11 01 63 ff ff 12 ee ff e1 16
1  : pgn=129041 line=Rx 10366003 11 f8 11 01 64 01 50 53 20 54 53 4c
1  : pgn=129041 line=Rx 10366003 11 f8 11 01 65 20 4c 42 20 54 41 20
1  : pgn=129041 line=Rx 10366004 11 f8 11 01 66 20 20 20 20 20 20 20
32 : pgn=128275 line=Rx 10366005 19 f5 13 20 c1 56 ae 3c 00 56 ae 3c
32 : pgn=128275 line=Rx 10366005 19 f5 13 20 c2 00 ff ff ff ff ff ff
1  : pgn=59936  line=Rx 10366028 18 ea 20 01 00 ee 00 00 00 00 00 00
3  : pgn=129026 line=Tx 10366054 09 f8 02 03 ff fc 44 51 30 01 ff ff
source=3: pgn=COG & SOG, Rapid Update(129026): values=COGReference=("0") COG=(119.20 deg) SOG=(3.04 m/s)

3  : pgn=129025 line=Tx 10366054 09 f8 01 03 6f 5c 6f 1c 04 d4 fd b6
source=3: pgn=Position, Rapid Update(129025): values=Latitude=(47.706020699999996 deg) Longitude=(-122.48791 deg)

3  : pgn=126992 line=Tx 10366054 0d f0 10 03 ff ff 06 40 36 4f 17 2c
source=3: pgn=System Time(126992): values=Source=(None) Date=(16390 d) Time=(73972.511 s)

32 : pgn=128259 line=Rx 10366078 09 f5 03 20 ac 27 01 ff ff ff ff ff
0  : pgn=127250 line=Rx 10366089 09 f1 12 00 ff 84 41 ff 7f ff 7f fd
source=0: pgn=Vessel Heading(127250): values=Heading=(96.10 deg) Deviation=(None) Variation=(None) Reference=("1")

0  : pgn=127245 line=Rx 10366089 09 f1 0d 00 00 f8 ff 7f 00 00 ff ff
source=0: pgn=Rudder(127245): values=Instance=(0) DirectionOrder=("0") AngleOrder=(None) Position=(0.00 deg)

0  : pgn=65359  line=Rx 10366096 1c ff 4f 00 3b 9f ff ff ff 84 41 ff
source=0: pgn=Seatalk: Pilot Heading(65359): values=ManufacturerCode=(1851) IndustryCode=(4) HeadingTrue=(None) HeadingMagnetic=(96.10 deg)

0  : pgn=126975 line=Rx 10366105 1d ef ff 00 a0 08 3b 9f f0 81 9c 11
0  : pgn=126975 line=Rx 10366107 1d ef ff 00 a1 03 00 ff ff ff ff ff
3  : pgn=129025 line=Tx 10366155 09 f8 01 03 a1 5c 6f 1c 44 d4 fd b6
source=3: pgn=Position, Rapid Update(129025): values=Latitude=(47.7060257 deg) Longitude=(-122.4879036 deg)

0  : pgn=127250 line=Rx 10366173 09 f1 12 00 ff 7f 41 ff 7f ff 7f fd
source=0: pgn=Vessel Heading(127250): values=Heading=(96.07 deg) Deviation=(None) Variation=(None) Reference=("1")

0  : pgn=127245 line=Rx 10366175 09 f1 0d 00 00 f8 ff 7f 00 00 ff ff
source=0: pgn=Rudder(127245): values=Instance=(0) DirectionOrder=("0") AngleOrder=(None) Position=(0.00 deg)

32 : pgn=128259 line=Rx 10366177 09 f5 03 20 ad 2a 01 ff ff ff ff ff
source=32: pgn=Speed(128259): values=SpeedWaterReferenced=(2.98 m/s) SpeedGroundReferenced=(None) SpeedWaterReferencedType=(None) SpeedDirection=(None)

0  : pgn=65359  line=Rx 10366181 1c ff 4f 00 3b 9f ff ff ff 7f 41 ff
source=0: pgn=Seatalk: Pilot Heading(65359): values=ManufacturerCode=(1851) IndustryCode=(4) HeadingTrue=(None) HeadingMagnetic=(96.07 deg)

3  : pgn=129026 line=Tx 10366255 09 f8 02 03 ff fc e7 4f 2a 01 ff ff
source=3: pgn=COG & SOG, Rapid Update(129026): values=COGReference=("0") COG=(117.20 deg) SOG=(2.98 m/s)

3  : pgn=129025 line=Tx 10366255 09 f8 01 03 a1 5c 6f 1c 44 d4 fd b6
source=3: pgn=Position, Rapid Update(129025): values=Latitude=(47.7060257 deg) Longitude=(-122.4879036 deg)

3  : pgn=129291 line=Tx 10366255 0d f9 0b 03 ff fc 44 70 2a 00 ff ff
source=3: pgn=Set & Drift, Rapid Update(129291): values=SetReference=("0") Set=(164.67 deg) Drift=(0.42 m/s)

1  : pgn=129038 line=Rx 10366270 11 f8 0e 01 40 1b c1 2c fc df 15 4c
1  : pgn=129038 line=Rx 10366271 11 f8 0e 01 41 27 0d b7 9a be 68 1c
1  : pgn=129038 line=Rx 10366271 11 f8 0e 01 42 c4 59 b5 00 00 00 00
1  : pgn=129038 line=Rx 10366272 11 f8 0e 01 43 00 39 37 00 00 f0 fe
32 : pgn=128259 line=Rx 10366277 09 f5 03 20 ae 26 01 ff ff ff ff ff
source=32: pgn=Speed(128259): values=SpeedWaterReferenced=(2.94 m/s) SpeedGroundReferenced=(None) SpeedWaterReferencedType=(None) SpeedDirection=(None)

0  : pgn=127250 line=Rx 10366298 09 f1 12 00 ff 7e 41 ff 7f ff 7f fd
source=0: pgn=Vessel Heading(127250): values=Heading=(96.06 deg) Deviation=(None) Variation=(None) Reference=("1")

0  : pgn=127245 line=Rx 10366298 09 f1 0d 00 00 f8 ff 7f 00 00 ff ff
source=0: pgn=Rudder(127245): values=Instance=(0) DirectionOrder=("0") AngleOrder=(None) Position=(0.00 deg)

0  : pgn=65359  line=Rx 10366306 1c ff 4f 00 3b 9f ff ff ff 7e 41 ff
source=0: pgn=Seatalk: Pilot Heading(65359): values=ManufacturerCode=(1851) IndustryCode=(4) HeadingTrue=(None) HeadingMagnetic=(96.06 deg)

1  : pgn=129038 line=Rx 10366331 11 f8 0e 01 60 1b c1 62 83 dc 15 fe
1  : pgn=129038 line=Rx 10366332 11 f8 0e 01 61 e5 f9 b6 da 4b 62 1c
1  : pgn=129038 line=Rx 10366332 11 f8 0e 01 62 d1 64 d2 00 00 00 00
1  : pgn=129038 line=Rx 10366333 11 f8 0e 01 63 00 cd c9 00 00 ff fe
3  : pgn=129025 line=Tx 10366356 09 f8 01 03 a1 5c 6f 1c 44 d4 fd b6
source=3: pgn=Position, Rapid Update(129025): values=Latitude=(47.7060257 deg) Longitude=(-122.4879036 deg)

1  : pgn=129038 line=Rx 10366363 11 f8 0e 01 80 1b c1 ca 4c e7 15 53
1  : pgn=129038 line=Rx 10366364 11 f8 0e 01 81 8b d5 b6 b9 fc ac 1c
1  : pgn=129038 line=Rx 10366364 11 f8 0e 01 82 d5 ff 23 54 02 00 00
1  : pgn=129038 line=Rx 10366365 11 f8 0e 01 83 00 68 21 00 00 f0 fe
0  : pgn=127250 line=Rx 10366373 09 f1 12 00 ff 80 41 ff 7f ff 7f fd
source=0: pgn=Vessel Heading(127250): values=Heading=(96.07 deg) Deviation=(None) Variation=(None) Reference=("1")

0  : pgn=127245 line=Rx 10366374 09 f1 0d 00 00 f8 ff 7f 00 00 ff ff
source=0: pgn=Rudder(127245): values=Instance=(0) DirectionOrder=("0") AngleOrder=(None) Position=(0.00 deg)

32 : pgn=128259 line=Rx 10366376 09 f5 03 20 af 20 01 ff ff ff ff ff
source=32: pgn=Speed(128259): values=SpeedWaterReferenced=(2.88 m/s) SpeedGroundReferenced=(None) SpeedWaterReferencedType=(None) SpeedDirection=(None)

0  : pgn=65359  line=Rx 10366381 1c ff 4f 00 3b 9f ff ff ff 80 41 ff
source=0: pgn=Seatalk: Pilot Heading(65359): values=ManufacturerCode=(1851) IndustryCode=(4) HeadingTrue=(None) HeadingMagnetic=(96.07 deg)

4  : pgn=65384  line=Rx 10366401 1c ff 68 04 3b 9f 00 00 00 00 00 00
3  : pgn=129026 line=Tx 10366456 09 f8 02 03 ff fc e1 4e 2a 01 ff ff
source=3: pgn=COG & SOG, Rapid Update(129026): values=COGReference=("0") COG=(115.70 deg) SOG=(2.98 m/s)

3  : pgn=130577 line=Tx 10366456 0d fe 11 03 80 0e c0 ad e1 4e 2a 01
3  : pgn=130577 line=Tx 10366456 0d fe 11 03 81 ff ff ff ff 44 70 2a
3  : pgn=130577 line=Tx 10366456 0d fe 11 03 82 00 ff ff ff ff ff ff
3  : pgn=129025 line=Tx 10366456 09 f8 01 03 58 5c 6f 1c f3 d4 fd b6
3  : pgn=130306 line=Tx 10366456 09 fd 02 03 ff c1 02 e5 cd fa ff ff
source=3: pgn=Wind Data(130306): values=WindSpeed=(7.05 m/s) WindAngle=(302.00 deg) Reference=("2")

1  : pgn=129038 line=Rx 10366457 11 f8 0e 01 a0 1b c1 30 83 dc 15 5d
1  : pgn=129038 line=Rx 10366458 11 f8 0e 01 a1 f9 f9 b6 8c 3d 62 1c
1  : pgn=129038 line=Rx 10366460 11 f8 0e 01 a2 d5 a5 c2 00 00 00 00
1  : pgn=129038 line=Rx 10366461 11 f8 0e 01 a3 00 70 c8 00 00 ff fe
32 : pgn=128259 line=Rx 10366476 09 f5 03 20 b0 19 01 ff ff ff ff ff
source=32: pgn=Speed(128259): values=SpeedWaterReferenced=(2.81 m/s) SpeedGroundReferenced=(None) SpeedWaterReferencedType=(None) SpeedDirection=(None)

0  : pgn=127250 line=Rx 10366496 09 f1 12 00 ff 81 41 ff 7f ff 7f fd
source=0: pgn=Vessel Heading(127250): values=Heading=(96.08 deg) Deviation=(None) Variation=(None) Reference=("1")

0  : pgn=127245 line=Rx 10366497 09 f1 0d 00 00 f8 ff 7f 00 00 ff ff
source=0: pgn=Rudder(127245): values=Instance=(0) DirectionOrder=("0") AngleOrder=(None) Position=(0.00 deg)

0  : pgn=65359  line=Rx 10366504 1c ff 4f 00 3b 9f ff ff ff 81 41 ff
source=0: pgn=Seatalk: Pilot Heading(65359): values=ManufacturerCode=(1851) IndustryCode=(4) HeadingTrue=(None) HeadingMagnetic=(96.08 deg)

3  : pgn=129283 line=Tx 10366556 0d f9 03 03 ff 7f ff ff ff 7f ff ff
source=3: pgn=Cross Track Error(129283): values=XTEmode=(None) NavigationTerminated=("1") XTE=(None)

3  : pgn=129025 line=Tx 10366556 09 f8 01 03 58 5c 6f 1c f3 d4 fd b6
source=3: pgn=Position, Rapid Update(129025): values=Latitude=(47.7060184 deg) Longitude=(-122.4878861 deg)

3  : pgn=128267 line=Tx 10366556 0d f5 0b 03 ff f6 3d 00 00 00 00 ff
source=3: pgn=Water Depth(128267): values=Depth=(158.62 m) Offset=(0.0 m) Range=(None)

32 : pgn=128259 line=Rx 10366575 09 f5 03 20 b1 21 01 ff ff ff ff ff
source=32: pgn=Speed(128259): values=SpeedWaterReferenced=(2.89 m/s) SpeedGroundReferenced=(None) SpeedWaterReferencedType=(None) SpeedDirection=(None)

0  : pgn=127250 line=Rx 10366580 09 f1 12 00 ff 7e 41 ff 7f ff 7f fd
source=0: pgn=Vessel Heading(127250): values=Heading=(96.06 deg) Deviation=(None) Variation=(None) Reference=("1")

0  : pgn=127245 line=Rx 10366581 09 f1 0d 00 00 f8 ff 7f 00 00 ff ff
source=0: pgn=Rudder(127245): values=Instance=(0) DirectionOrder=("0") AngleOrder=(None) Position=(0.00 deg)

0  : pgn=65379  line=Rx 10366585 1c ff 63 00 3b 9f 00 00 00 00 01 ff
source=0: pgn=Seatalk: Pilot Mode(65379): values=ManufacturerCode=(1851) IndustryCode=(4) PilotMode=(0) SubMode=(0) PilotModeData=(0)

0  : pgn=65359  line=Rx 10366586 1c ff 4f 00 3b 9f ff ff ff 7e 41 ff
source=0: pgn=Seatalk: Pilot Heading(65359): values=ManufacturerCode=(1851) IndustryCode=(4) HeadingTrue=(None) HeadingMagnetic=(96.06 deg)

0  : pgn=126975 line=Rx 10366599 1d ef ff 00 c0 0d 3b 9f f0 81 84 16
0  : pgn=126975 line=Rx 10366601 1d ef ff 00 c1 43 0c 00 00 00 02 05
1  : pgn=129794 line=Rx 10366641 19 fb 02 01 40 4b 05 2c fc df 15 eb
1  : pgn=129794 line=Rx 10366642 19 fb 02 01 41 27 76 00 57 43 58 39
1  : pgn=129794 line=Rx 10366642 19 fb 02 01 42 30 35 35 ff 53 46 20
1  : pgn=129794 line=Rx 10366643 19 fb 02 01 43 53 45 41 4c 54 48 20
1  : pgn=129794 line=Rx 10366643 19 fb 02 01 44 20 20 20 20 20 20 20
1  : pgn=129794 line=Rx 10366644 19 fb 02 01 45 20 20 63 c2 01 64 00
1  : pgn=129794 line=Rx 10366644 19 fb 02 01 46 ff ff ff ff fe 3f 00
1  : pgn=129794 line=Rx 10366645 19 fb 02 01 47 cc bf 19 dc 05 ff 53
1  : pgn=129794 line=Rx 10366645 19 fb 02 01 48 46 20 54 45 52 4d 49
1  : pgn=129794 line=Rx 10366646 19 fb 02 01 49 4e 41 4c 20 20 20 20
1  : pgn=129794 line=Rx 10366647 19 fb 02 01 4a 20 20 20 20 04 e0 ff
3  : pgn=129026 line=Tx 10366657 09 f8 02 03 ff fc bf 4e 2c 01 ff ff
source=3: pgn=COG & SOG, Rapid Update(129026): values=COGReference=("0") COG=(115.50 deg) SOG=(3.0 m/s)

3  : pgn=129025 line=Tx 10366657 09 f8 01 03 39 5c 6f 1c 45 d5 fd b6
source=3: pgn=Position, Rapid Update(129025): values=Latitude=(47.7060153 deg) Longitude=(-122.4878779 deg)

3  : pgn=129542 line=Tx 10366657 19 fa 06 03 80 0f ad 4f 01 00 00 00
3  : pgn=129542 line=Tx 10366657 19 fa 06 03 81 00 00 00 00 00 00 00
3  : pgn=129542 line=Tx 10366657 19 fa 06 03 82 00 00 ff ff ff ff ff
3  : pgn=65364  line=Tx 10366657 1c ff 54 03 3b 9f c1 02 7c ca ff ff
32 : pgn=128259 line=Rx 10366675 09 f5 03 20 b2 13 01 ff ff ff ff ff
source=32: pgn=Speed(128259): values=SpeedWaterReferenced=(2.75 m/s) SpeedGroundReferenced=(None) SpeedWaterReferencedType=(None) SpeedDirection=(None)

0  : pgn=127250 line=Rx 10366691 09 f1 12 00 ff 7a 41 ff 7f ff 7f fd
source=0: pgn=Vessel Heading(127250): values=Heading=(96.04 deg) Deviation=(None) Variation=(None) Reference=("1")

0  : pgn=127245 line=Rx 10366692 09 f1 0d 00 00 f8 ff 7f 00 00 ff ff
source=0: pgn=Rudder(127245): values=Instance=(0) DirectionOrder=("0") AngleOrder=(None) Position=(0.00 deg)

0  : pgn=65359  line=Rx 10366698 1c ff 4f 00 3b 9f ff ff ff 7a 41 ff
source=0: pgn=Seatalk: Pilot Heading(65359): values=ManufacturerCode=(1851) IndustryCode=(4) HeadingTrue=(None) HeadingMagnetic=(96.04 deg)

0  : pgn=126975 line=Rx 10366701 1d ef ff 00 e0 09 3b 9f f0 81 ae 02
0  : pgn=126975 line=Rx 10366703 1d ef ff 00 e1 00 08 00 ff ff ff ff
3  : pgn=129540 line=Tx 10366757 19 fa 04 03 c0 9f cf ff 0d 03 97 1a
source=3: pgn=GNSS Sats in View(129540): values=RangeResidualMode=(None) SatsinView=(207) PRN=(None) Elevation=(4.47 deg) Azimuth=(39.00 deg) SNR=(0.0 dB) Rangeresiduals=(0) Status=("0")

3  : pgn=129540 line=Tx 10366757 19 fa 04 03 c1 2e 26 00 00 00 00 00
source=3: pgn=GNSS Sats in View(129540): values=RangeResidualMode=("0") SatsinView=(38) PRN=(0) Elevation=(0.00 deg) Azimuth=(0.00 deg) SNR=(0.0 dB) Rangeresiduals=(0) Status=("0")

3  : pgn=129540 line=Tx 10366757 19 fa 04 03 c2 00 f3 0f ff 1d ad 3c
source=3: pgn=GNSS Sats in View(129540): values=RangeResidualMode=("0") SatsinView=(243) PRN=(15) Elevation=(44.00 deg) Azimuth=(89.00 deg) SNR=(0.0 dB) Rangeresiduals=(0) Status=("0")

3  : pgn=129540 line=Tx 10366757 19 fa 04 03 c3 ac 0d 00 00 00 00 f5
source=3: pgn=GNSS Sats in View(129540): values=RangeResidualMode=("0") SatsinView=(13) PRN=(0) Elevation=(0.00 deg) Azimuth=(359.36 deg) SNR=(0.0 dB) Rangeresiduals=(0) Status=("0")

3  : pgn=129540 line=Tx 10366757 19 fa 04 03 c4 10 17 13 c2 b8 54 0b
source=3: pgn=GNSS Sats in View(129540): values=RangeResidualMode=("0") SatsinView=(23) PRN=(19) Elevation=(-104.50 deg) Azimuth=(16.62 deg) SNR=(0.0 dB) Rangeresiduals=(0) Status=("0")

3  : pgn=129540 line=Tx 10366757 19 fa 04 03 c5 00 00 00 00 f5 12 c5
source=3: pgn=GNSS Sats in View(129540): values=RangeResidualMode=("0") SatsinView=(0) PRN=(0) Elevation=(-16.13 deg) Azimuth=(289.06 deg) SNR=(0.0 dB) Rangeresiduals=(0) Status=("0")

3  : pgn=129540 line=Tx 10366757 19 fa 04 03 c6 31 f2 93 48 0d 00 00
source=3: pgn=GNSS Sats in View(129540): values=RangeResidualMode=("1") SatsinView=(242) PRN=(147) Elevation=(19.48 deg) Azimuth=(0.00 deg) SNR=(0.0 dB) Rangeresiduals=(0) Status=("0")

3  : pgn=129540 line=Tx 10366757 19 fa 04 03 c7 00 00 f5 13 69 03 1f
source=3: pgn=GNSS Sats in View(129540): values=RangeResidualMode=("0") SatsinView=(0) PRN=(245) Elevation=(154.12 deg) Azimuth=(45.49 deg) SNR=(0.0 dB) Rangeresiduals=(0) Status=("0")

3  : pgn=129540 line=Tx 10366757 19 fa 04 03 c8 d8 10 0e 00 00 00 00
source=3: pgn=GNSS Sats in View(129540): values=RangeResidualMode=("0") SatsinView=(16) PRN=(14) Elevation=(0.00 deg) Azimuth=(0.00 deg) SNR=(0.0 dB) Rangeresiduals=(0) Status=("0")

3  : pgn=129540 line=Tx 10366757 19 fa 04 03 c9 f5 15 e8 37 17 22 80
source=3: pgn=GNSS Sats in View(129540): values=RangeResidualMode=("1") SatsinView=(21) PRN=(232) Elevation=(34.05 deg) Azimuth=(187.94 deg) SNR=(0.0 dB) Rangeresiduals=(0) Status=("0")

3  : pgn=129540 line=Tx 10366757 19 fa 04 03 ca 0c 00 00 00 00 f5 16
source=3: pgn=GNSS Sats in View(129540): values=RangeResidualMode=("0") SatsinView=(0) PRN=(0) Elevation=(0.00 deg) Azimuth=(33.67 deg) SNR=(0.0 dB) Rangeresiduals=(0) Status=("0")

3  : pgn=129540 line=Tx 10366758 19 fa 04 03 cb 80 16 7d 9d 10 0e 00
source=3: pgn=GNSS Sats in View(129540): values=RangeResidualMode=("0") SatsinView=(22) PRN=(125) Elevation=(24.37 deg) Azimuth=(0.08 deg) SNR=(0.0 dB) Rangeresiduals=(0) Status=("0")

3  : pgn=129540 line=Tx 10366760 19 fa 04 03 cc 00 00 00 f5 1a ae 0f
source=3: pgn=GNSS Sats in View(129540): values=RangeResidualMode=("0") SatsinView=(0) PRN=(0) Elevation=(39.54 deg) Azimuth=(23.00 deg) SNR=(0.0 dB) Rangeresiduals=(0) Status=("0")

3  : pgn=129540 line=Tx 10366761 19 fa 04 03 cd 5d 1f 10 0e 00 00 00
source=3: pgn=GNSS Sats in View(129540): values=RangeResidualMode=("1") SatsinView=(31) PRN=(16) Elevation=(0.08 deg) Azimuth=(0.00 deg) SNR=(0.0 dB) Rangeresiduals=(0) Status=("0")

3  : pgn=129540 line=Tx 10366761 19 fa 04 03 ce 00 f5 1b d1 15 ab d2
source=3: pgn=GNSS Sats in View(129540): values=RangeResidualMode=("0") SatsinView=(245) PRN=(27) Elevation=(32.00 deg) Azimuth=(309.00 deg) SNR=(0.0 dB) Rangeresiduals=(0) Status=("0")

3  : pgn=129540 line=Tx 10366762 19 fa 04 03 cf a0 0f 00 00 00 00 f5
source=3: pgn=GNSS Sats in View(129540): values=RangeResidualMode=("0") SatsinView=(15) PRN=(0) Elevation=(0.00 deg) Azimuth=(359.36 deg) SNR=(0.0 dB) Rangeresiduals=(0) Status=("0")

3  : pgn=129540 line=Tx 10366763 19 fa 04 03 d0 1d 51 0e a1 67 28 0a
source=3: pgn=GNSS Sats in View(129540): values=RangeResidualMode=("1") SatsinView=(81) PRN=(14) Elevation=(152.00 deg) Azimuth=(14.90 deg) SNR=(0.0 dB) Rangeresiduals=(0) Status=("0")

3  : pgn=129540 line=Tx 10366763 19 fa 04 03 d1 00 00 00 00 f5 23 d1
source=3: pgn=GNSS Sats in View(129540): values=RangeResidualMode=("0") SatsinView=(0) PRN=(0) Elevation=(-16.13 deg) Azimuth=(306.76 deg) SNR=(0.0 dB) Rangeresiduals=(0) Status=("0")

3  : pgn=129540 line=Tx 10366764 19 fa 04 03 d2 15 c3 8b 00 00 00 00
source=3: pgn=GNSS Sats in View(129540): values=RangeResidualMode=("1") SatsinView=(195) PRN=(139) Elevation=(0.00 deg) Azimuth=(0.00 deg) SNR=(0.0 dB) Rangeresiduals=(0) Status=("0")

3  : pgn=129540 line=Tx 10366765 19 fa 04 03 d3 00 00 f3 30 2e 17 43
source=3: pgn=GNSS Sats in View(129540): values=RangeResidualMode=("0") SatsinView=(0) PRN=(243) Elevation=(67.75 deg) Azimuth=(98.41 deg) SNR=(0.0 dB) Rangeresiduals=(0) Status=("0")

3  : pgn=129540 line=Tx 10366766 19 fa 04 03 d4 84 d8 0e 00 00 00 00
source=3: pgn=GNSS Sats in View(129540): values=RangeResidualMode=("0") SatsinView=(216) PRN=(14) Elevation=(0.00 deg) Azimuth=(0.00 deg) SNR=(0.0 dB) Rangeresiduals=(0) Status=("0")

3  : pgn=129540 line=Tx 10366766 19 fa 04 03 d5 f5 33 80 16 67 6c e4
source=3: pgn=GNSS Sats in View(129540): values=RangeResidualMode=("1") SatsinView=(51) PRN=(128) Elevation=(151.20 deg) Azimuth=(335.04 deg) SNR=(0.0 dB) Rangeresiduals=(0) Status=("0")

3  : pgn=129540 line=Tx 10366767 19 fa 04 03 d6 0c 00 00 00 00 f5 ff
source=3: pgn=GNSS Sats in View(129540): values=RangeResidualMode=("0") SatsinView=(0) PRN=(0) Elevation=(0.00 deg) Azimuth=(375.43 deg) SNR=(0.0 dB) Rangeresiduals=(0) Status=("0")

3  : pgn=129025 line=Tx 10366768 09 f8 01 03 39 5c 6f 1c 45 d5 fd b6
source=3: pgn=Position, Rapid Update(129025): values=Latitude=(47.7060153 deg) Longitude=(-122.4878779 deg)

3  : pgn=127258 line=Tx 10366769 19 f1 1a 03 ff f6 12 39 fa 0a ff ff
source=3: pgn=Magnetic Variation(127258): values=Source=("6") Ageofservice=(14610 d) Variation=(16.10 deg)

32 : pgn=128259 line=Rx 10366775 09 f5 03 20 b3 13 01 ff ff ff ff ff
source=32: pgn=Speed(128259): values=SpeedWaterReferenced=(2.75 m/s) SpeedGroundReferenced=(None) SpeedWaterReferencedType=(None) SpeedDirection=(None)

0  : pgn=127250 line=Rx 10366786 09 f1 12 00 ff 78 41 ff 7f ff 7f fd
source=0: pgn=Vessel Heading(127250): values=Heading=(96.03 deg) Deviation=(None) Variation=(None) Reference=("1")

0  : pgn=127245 line=Rx 10366787 09 f1 0d 00 00 f8 ff 7f 00 00 ff ff
source=0: pgn=Rudder(127245): values=Instance=(0) DirectionOrder=("0") AngleOrder=(None) Position=(0.00 deg)

0  : pgn=65359  line=Rx 10366793 1c ff 4f 00 3b 9f ff ff ff 78 41 ff
source=0: pgn=Seatalk: Pilot Heading(65359): values=ManufacturerCode=(1851) IndustryCode=(4) HeadingTrue=(None) HeadingMagnetic=(96.03 deg)

1  : pgn=129038 line=Rx 10366794 11 f8 0e 01 c0 1b c1 78 cf e8 15 18
1  : pgn=129038 line=Rx 10366795 11 f8 0e 01 c1 75 13 b7 f7 74 5a 1c
1  : pgn=129038 line=Rx 10366796 11 f8 0e 01 c2 d4 a1 5e 00 00 00 00
1  : pgn=129038 line=Rx 10366796 11 f8 0e 01 c3 00 4f 77 00 00 f0 fe
1  : pgn=129038 line=Rx 10366797 11 f8 0e 01 e0 1b c1 b0 2c e0 15 bd
1  : pgn=129038 line=Rx 10366797 11 f8 0e 01 e1 12 0f b7 38 39 5e 1c
1  : pgn=129038 line=Rx 10366798 11 f8 0e 01 e2 d0 b8 68 c4 01 00 00
1  : pgn=129038 line=Rx 10366798 11 f8 0e 01 e3 00 ff ff ff 7f f5 fe
32 : pgn=65368  line=Rx 10366799 1c ff 58 20 3b 9f 35 56 71 ff ff ff
1  : pgn=129038 line=Rx 10366825 11 f8 0e 01 00 1b c1 a0 c1 e2 15 61
1  : pgn=129038 line=Rx 10366826 11 f8 0e 01 01 59 14 b7 5b 54 66 1c
1  : pgn=129038 line=Rx 10366826 11 f8 0e 01 02 d0 ae 0c 00 00 00 00
source=1: pgn=AIS Class A Position Report(129038): values=MessageID=(2) RepeatIndicator=("0") UserID=(831184) Longitude=(0.0 deg) Latitude=(0.0 deg) PositionAccuracy=("0") RAIM=("0") TimeStamp=("0") COG=(0.00 deg) SOG=(0.0 m/s) CommunicationState=(0) AISTransceiverinformation=("0") Heading=(0.00 deg) RateofTurn=(0.00 deg/s) NavStatus=("0") SpecialManeuverIndicator=("0") Spare=(0) SequenceID=(0)

1  : pgn=129038 line=Rx 10366827 11 f8 0e 01 03 00 ff ff ff 7f f0 fe
source=1: pgn=AIS Class A Position Report(129038): values=MessageID=(3) RepeatIndicator=("0") UserID=(4294967040) Longitude=(0.0 deg) Latitude=(0.0 deg) PositionAccuracy=("0") RAIM=("0") TimeStamp=("0") COG=(0.00 deg) SOG=(0.0 m/s) CommunicationState=(0) AISTransceiverinformation=("0") Heading=(0.00 deg) RateofTurn=(0.00 deg/s) NavStatus=("0") SpecialManeuverIndicator=("0") Spare=(0) SequenceID=(0)

3  : pgn=129026 line=Tx 10366858 09 f8 02 03 ff fc bf 4e 2c 01 ff ff
source=3: pgn=COG & SOG, Rapid Update(129026): values=COGReference=("0") COG=(115.50 deg) SOG=(3.0 m/s)

3  : pgn=129025 line=Tx 10366858 09 f8 01 03 39 5c 6f 1c 45 d5 fd b6
source=3: pgn=Position, Rapid Update(129025): values=Latitude=(47.7060153 deg) Longitude=(-122.4878779 deg)

32 : pgn=128259 line=Rx 10366874 09 f5 03 20 b4 13 01 ff ff ff ff ff
source=32: pgn=Speed(128259): values=SpeedWaterReferenced=(2.75 m/s) SpeedGroundReferenced=(None) SpeedWaterReferencedType=(None) SpeedDirection=(None)

0  : pgn=127250 line=Rx 10366890 09 f1 12 00 ff 75 41 ff 7f ff 7f fd
source=0: pgn=Vessel Heading(127250): values=Heading=(96.01 deg) Deviation=(None) Variation=(None) Reference=("1")

0  : pgn=127245 line=Rx 10366891 09 f1 0d 00 00 f8 ff 7f 00 00 ff ff
source=0: pgn=Rudder(127245): values=Instance=(0) DirectionOrder=("0") AngleOrder=(None) Position=(0.00 deg)

0  : pgn=65359  line=Rx 10366898 1c ff 4f 00 3b 9f ff ff ff 75 41 ff
source=0: pgn=Seatalk: Pilot Heading(65359): values=ManufacturerCode=(1851) IndustryCode=(4) HeadingTrue=(None) HeadingMagnetic=(96.01 deg)

1  : pgn=129038 line=Rx 10366946 11 f8 0e 01 20 1b c1 2c 37 e1 15 49
1  : pgn=129038 line=Rx 10366947 11 f8 0e 01 21 65 0c b7 41 28 69 1c
1  : pgn=129038 line=Rx 10366947 11 f8 0e 01 22 c8 00 00 00 00 00 00
1  : pgn=129038 line=Rx 10366948 11 f8 0e 01 23 00 ff ff ff 7f f0 fe
3  : pgn=129029 line=Tx 10366958 0d f8 05 03 80 2b ad 06 40 1e 6c 17
3  : pgn=129029 line=Tx 10366958 0d f8 05 03 81 2c 00 ae 3e c6 a3 db
3  : pgn=129029 line=Tx 10366958 0d f8 05 03 82 9e 06 00 ce 7c 69 60
3  : pgn=129029 line=Tx 10366958 0d f8 05 03 83 5b 00 ef ff ff ff ff
3  : pgn=129029 line=Tx 10366958 0d f8 05 03 84 ff ff ff 7f 23 fc 09
3  : pgn=129029 line=Tx 10366958 0d f8 05 03 85 55 00 ff 7f ff ff ff
3  : pgn=129029 line=Tx 10366958 0d f8 05 03 86 7f 00 ff ff ff ff ff
3  : pgn=129025 line=Tx 10366958 09 f8 01 03 0b 5c 6f 1c db d5 fd b6
source=3: pgn=Position, Rapid Update(129025): values=Latitude=(47.7060107 deg) Longitude=(-122.4878629 deg)

3  : pgn=129033 line=Tx 10366958 0d f8 09 03 06 40 1e 6c 17 2c 5c fe
source=3: pgn=Time & Date(129033): values=Date=(16390 d) Time=(73973.251 s) LocalOffset=(-25200.0 s)

32 : pgn=128259 line=Rx 10366976 09 f5 03 20 b5 17 01 ff ff ff ff ff
source=32: pgn=Speed(128259): values=SpeedWaterReferenced=(2.79 m/s) SpeedGroundReferenced=(None) SpeedWaterReferencedType=(None) SpeedDirection=(None)

32 : pgn=130310 line=Rx 10366979 15 fd 06 20 f5 ff ff ff ff ff ff ff
source=32: pgn=Environmental Parameters (obsolete)(130310): values=WaterTemperature=(None) OutsideAmbientAirTemperature=(None) AtmosphericPressure=(None)

0  : pgn=127250 line=Rx 10366986 09 f1 12 00 ff 58 41 ff 7f ff 7f fd
source=0: pgn=Vessel Heading(127250): values=Heading=(95.84 deg) Deviation=(None) Variation=(None) Reference=("1")

0  : pgn=127245 line=Rx 10366987 09 f1 0d 00 00 f8 ff 7f 00 00 ff ff
source=0: pgn=Rudder(127245): values=Instance=(0) DirectionOrder=("0") AngleOrder=(None) Position=(0.00 deg)

32 : pgn=128275 line=Rx 10366989 19 f5 13 20 e0 0e ff ff ff ff ff ff
0  : pgn=65359  line=Rx 10366991 1c ff 4f 00 3b 9f ff ff ff 58 41 ff
source=0: pgn=Seatalk: Pilot Heading(65359): values=ManufacturerCode=(1851) IndustryCode=(4) HeadingTrue=(None) HeadingMagnetic=(95.84 deg)

32 : pgn=128275 line=Rx 10366994 19 f5 13 20 e1 68 ae 3c 00 68 ae 3c
32 : pgn=128275 line=Rx 10366999 19 f5 13 20 e2 00 ff ff ff ff ff ff
1  : pgn=59936  line=Rx 10367037 18 ea 20 01 00 ee 00 00 00 00 00 00
3  : pgn=129026 line=Tx 10367058 09 f8 02 03 ff fc e1 4e 32 01 ff ff
source=3: pgn=COG & SOG, Rapid Update(129026): values=COGReference=("0") COG=(115.70 deg) SOG=(3.06 m/s)

3  : pgn=129025 line=Tx 10367058 09 f8 01 03 0b 5c 6f 1c db d5 fd b6
source=3: pgn=Position, Rapid Update(129025): values=Latitude=(47.7060107 deg) Longitude=(-122.4878629 deg)

3  : pgn=126992 line=Tx 10367058 0d f0 10 03 ff ff 06 40 1e 6c 17 2c
source=3: pgn=System Time(126992): values=Source=(None) Date=(16390 d) Time=(73973.251 s)

4  : pgn=126975 line=Rx 10367060 1d ef ff 04 60 07 3b 9f f0 81 90 00
4  : pgn=126975 line=Rx 10367061 1d ef ff 04 61 03 ff ff ff ff ff ff
32 : pgn=128259 line=Rx 10367073 09 f5 03 20 b6 19 01 ff ff ff ff ff
0  : pgn=127250 line=Rx 10367101 09 f1 12 00 ff 22 41 ff 7f ff 7f fd
source=0: pgn=Vessel Heading(127250): values=Heading=(95.53 deg) Deviation=(None) Variation=(None) Reference=("1")

0  : pgn=127245 line=Rx 10367102 09 f1 0d 00 00 f8 ff 7f 00 00 ff ff
source=0: pgn=Rudder(127245): values=Instance=(0) DirectionOrder=("0") AngleOrder=(None) Position=(0.00 deg)

0  : pgn=65359  line=Rx 10367108 1c ff 4f 00 3b 9f ff ff ff 22 41 ff
source=0: pgn=Seatalk: Pilot Heading(65359): values=ManufacturerCode=(1851) IndustryCode=(4) HeadingTrue=(None) HeadingMagnetic=(95.53 deg)

0  : pgn=126975 line=Rx 10367110 1d ef ff 00 00 08 3b 9f f0 81 9c d1
0  : pgn=126975 line=Rx 10367112 1d ef ff 00 01 02 00 ff ff ff ff ff
1  : pgn=129809 line=Rx 10367129 19 fb 11 01 a0 19 18 a2 43 e1 15 46
1  : pgn=129809 line=Rx 10367129 19 fb 11 01 a1 4f 52 55 4d 53 54 41
1  : pgn=129809 line=Rx 10367129 19 fb 11 01 a2 52 20 20 20 20 20 20
1  : pgn=129809 line=Rx 10367130 19 fb 11 01 a3 20 20 20 20 20 ff ff
1  : pgn=130842 line=Rx 10367130 19 ff 1a 01 80 1d 41 9f 00 00 00 a2
1  : pgn=130842 line=Rx 10367131 19 ff 1a 01 81 43 e1 15 46 4f 52 55
1  : pgn=130842 line=Rx 10367132 19 ff 1a 01 82 4d 53 54 41 52 20 20
1  : pgn=130842 line=Rx 10367132 19 ff 1a 01 83 20 20 20 20 20 20 20
1  : pgn=130842 line=Rx 10367133 19 ff 1a 01 84 20 20 ff ff ff ff ff
3  : pgn=129025 line=Tx 10367160 09 f8 01 03 0b 5c 6f 1c db d5 fd b6
source=3: pgn=Position, Rapid Update(129025): values=Latitude=(47.7060107 deg) Longitude=(-122.4878629 deg)

0  : pgn=127250 line=Rx 10367173 09 f1 12 00 ff 14 41 ff 7f ff 7f fd
source=0: pgn=Vessel Heading(127250): values=Heading=(95.45 deg) Deviation=(None) Variation=(None) Reference=("1")

32 : pgn=128259 line=Rx 10367174 09 f5 03 20 b7 18 01 ff ff ff ff ff
source=32: pgn=Speed(128259): values=SpeedWaterReferenced=(2.8000000000000003 m/s) SpeedGroundReferenced=(None) SpeedWaterReferencedType=(None) SpeedDirection=(None)

0  : pgn=127245 line=Rx 10367176 09 f1 0d 00 00 f8 ff 7f 00 00 ff ff
source=0: pgn=Rudder(127245): values=Instance=(0) DirectionOrder=("0") AngleOrder=(None) Position=(0.00 deg)

0  : pgn=65359  line=Rx 10367180 1c ff 4f 00 3b 9f ff ff ff 14 41 ff
source=0: pgn=Seatalk: Pilot Heading(65359): values=ManufacturerCode=(1851) IndustryCode=(4) HeadingTrue=(None) HeadingMagnetic=(95.45 deg)

3  : pgn=129026 line=Tx 10367260 09 f8 02 03 ff fc 8a 4e 36 01 ff ff
source=3: pgn=COG & SOG, Rapid Update(129026): values=COGReference=("0") COG=(115.20 deg) SOG=(3.1 m/s)

3  : pgn=129025 line=Tx 10367260 09 f8 01 03 f3 5b 6f 1c 26 d6 fd b6
source=3: pgn=Position, Rapid Update(129025): values=Latitude=(47.7060083 deg) Longitude=(-122.4878554 deg)

3  : pgn=129291 line=Tx 10367260 0d f9 0b 03 ff fc 8f 6c 19 00 ff ff
source=3: pgn=Set & Drift, Rapid Update(129291): values=SetReference=("0") Set=(159.23 deg) Drift=(0.25 m/s)

32 : pgn=128259 line=Rx 10367272 09 f5 03 20 b8 1d 01 ff ff ff ff ff
source=32: pgn=Speed(128259): values=SpeedWaterReferenced=(2.85 m/s) SpeedGroundReferenced=(None) SpeedWaterReferencedType=(None) SpeedDirection=(None)

0  : pgn=127250 line=Rx 10367292 09 f1 12 00 ff dd 40 ff 7f ff 7f fd
source=0: pgn=Vessel Heading(127250): values=Heading=(95.14 deg) Deviation=(None) Variation=(None) Reference=("1")

0  : pgn=127245 line=Rx 10367293 09 f1 0d 00 00 f8 ff 7f 00 00 ff ff
source=0: pgn=Rudder(127245): values=Instance=(0) DirectionOrder=("0") AngleOrder=(None) Position=(0.00 deg)

0  : pgn=65359  line=Rx 10367300 1c ff 4f 00 3b 9f ff ff ff dd 40 ff
source=0: pgn=Seatalk: Pilot Heading(65359): values=ManufacturerCode=(1851) IndustryCode=(4) HeadingTrue=(None) HeadingMagnetic=(95.14 deg)

3  : pgn=129025 line=Tx 10367360 09 f8 01 03 f3 5b 6f 1c 26 d6 fd b6
source=3: pgn=Position, Rapid Update(129025): values=Latitude=(47.7060083 deg) Longitude=(-122.4878554 deg)

32 : pgn=128259 line=Rx 10367372 09 f5 03 20 b9 23 01 ff ff ff ff ff
source=32: pgn=Speed(128259): values=SpeedWaterReferenced=(2.91 m/s) SpeedGroundReferenced=(None) SpeedWaterReferencedType=(None) SpeedDirection=(None)

0  : pgn=127250 line=Rx 10367376 09 f1 12 00 ff c5 40 ff 7f ff 7f fd
source=0: pgn=Vessel Heading(127250): values=Heading=(95.00 deg) Deviation=(None) Variation=(None) Reference=("1")

0  : pgn=127245 line=Rx 10367376 09 f1 0d 00 00 f8 ff 7f 00 00 ff ff
source=0: pgn=Rudder(127245): values=Instance=(0) DirectionOrder=("0") AngleOrder=(None) Position=(0.00 deg)

0  : pgn=65359  line=Rx 10367381 1c ff 4f 00 3b 9f ff ff ff c5 40 ff
source=0: pgn=Seatalk: Pilot Heading(65359): values=ManufacturerCode=(1851) IndustryCode=(4) HeadingTrue=(None) HeadingMagnetic=(95.00 deg)

4  : pgn=65384  line=Rx 10367401 1c ff 68 04 3b 9f 00 00 00 00 00 00
3  : pgn=129026 line=Tx 10367461 09 f8 02 03 ff fc 44 4e 39 01 ff ff
source=3: pgn=COG & SOG, Rapid Update(129026): values=COGReference=("0") COG=(114.80 deg) SOG=(3.13 m/s)

3  : pgn=130577 line=Tx 10367461 0d fe 11 03 a0 0e c0 ae 44 4e 39 01
3  : pgn=130577 line=Tx 10367461 0d fe 11 03 a1 ff ff ff ff 8f 6c 19
3  : pgn=130577 line=Tx 10367461 0d fe 11 03 a2 00 ff ff ff ff ff ff
3  : pgn=129025 line=Tx 10367461 09 f8 01 03 dc 5b 6f 1c 78 d6 fd b6
3  : pgn=130306 line=Tx 10367461 09 fd 02 03 ff c1 02 7c ca fa ff ff
source=3: pgn=Wind Data(130306): values=WindSpeed=(7.05 m/s) WindAngle=(297.00 deg) Reference=("2")

32 : pgn=128259 line=Rx 10367472 09 f5 03 20 ba 1d 01 ff ff ff ff ff
source=32: pgn=Speed(128259): values=SpeedWaterReferenced=(2.85 m/s) SpeedGroundReferenced=(None) SpeedWaterReferencedType=(None) SpeedDirection=(None)

0  : pgn=127250 line=Rx 10367496 09 f1 12 00 ff 9f 40 ff 7f ff 7f fd
source=0: pgn=Vessel Heading(127250): values=Heading=(94.78 deg) Deviation=(None) Variation=(None) Reference=("1")

0  : pgn=127245 line=Rx 10367497 09 f1 0d 00 00 f8 ff 7f 00 00 ff ff
source=0: pgn=Rudder(127245): values=Instance=(0) DirectionOrder=("0") AngleOrder=(None) Position=(0.00 deg)

0  : pgn=65359  line=Rx 10367503 1c ff 4f 00 3b 9f ff ff ff 9f 40 ff
source=0: pgn=Seatalk: Pilot Heading(65359): values=ManufacturerCode=(1851) IndustryCode=(4) HeadingTrue=(None) HeadingMagnetic=(94.78 deg)

1  : pgn=129794 line=Rx 10367555 19 fb 02 01 60 4b 05 82 a6 df 15 a5
1  : pgn=129794 line=Rx 10367555 19 fb 02 01 61 2a 09 00 57 42 50 32
1  : pgn=129794 line=Rx 10367556 19 fb 02 01 62 31 38 37 45 41 47 4c
1  : pgn=129794 line=Rx 10367556 19 fb 02 01 63 45 20 20 20 20 20 20
1  : pgn=129794 line=Rx 10367557 19 fb 02 01 64 20 20 20 20 20 20 20
1  : pgn=129794 line=Rx 10367558 19 fb 02 01 65 20 20 1f 40 01 64 00
1  : pgn=129794 line=Rx 10367558 19 fb 02 01 66 ff ff ff ff fe 3f c0
1  : pgn=129794 line=Rx 10367559 19 fb 02 01 67 fc 9b 01 90 01 41 4e
1  : pgn=129794 line=Rx 10367559 19 fb 02 01 68 41 43 4f 52 54 45 53
1  : pgn=129794 line=Rx 10367560 19 fb 02 01 69 20 20 20 20 20 20 20
1  : pgn=129794 line=Rx 10367560 19 fb 02 01 6a 20 20 20 20 04 e0 ff
3  : pgn=129283 line=Tx 10367561 0d f9 03 03 ff 7f ff ff ff 7f ff ff
source=3: pgn=Cross Track Error(129283): values=XTEmode=(None) NavigationTerminated=("1") XTE=(None)

3  : pgn=129025 line=Tx 10367561 09 f8 01 03 dc 5b 6f 1c 78 d6 fd b6
source=3: pgn=Position, Rapid Update(129025): values=Latitude=(47.706005999999995 deg) Longitude=(-122.48784719999999 deg)

3  : pgn=128267 line=Tx 10367561 0d f5 0b 03 ff f9 3d 00 00 00 00 ff
source=3: pgn=Water Depth(128267): values=Depth=(158.65 m) Offset=(0.0 m) Range=(None)

32 : pgn=128259 line=Rx 10367571 09 f5 03 20 bb 2b 01 ff ff ff ff ff
source=32: pgn=Speed(128259): values=SpeedWaterReferenced=(2.99 m/s) SpeedGroundReferenced=(None) SpeedWaterReferencedType=(None) SpeedDirection=(None)

0  : pgn=127250 line=Rx 10367582 09 f1 12 00 ff 8d 40 ff 7f ff 7f fd
source=0: pgn=Vessel Heading(127250): values=Heading=(94.68 deg) Deviation=(None) Variation=(None) Reference=("1")

0  : pgn=127245 line=Rx 10367582 09 f1 0d 00 00 f8 ff 7f 00 00 ff ff
source=0: pgn=Rudder(127245): values=Instance=(0) DirectionOrder=("0") AngleOrder=(None) Position=(0.00 deg)

0  : pgn=65379  line=Rx 10367587 1c ff 63 00 3b 9f 00 00 00 00 01 ff
source=0: pgn=Seatalk: Pilot Mode(65379): values=ManufacturerCode=(1851) IndustryCode=(4) PilotMode=(0) SubMode=(0) PilotModeData=(0)

0  : pgn=65359  line=Rx 10367588 1c ff 4f 00 3b 9f ff ff ff 8d 40 ff
source=0: pgn=Seatalk: Pilot Heading(65359): values=ManufacturerCode=(1851) IndustryCode=(4) HeadingTrue=(None) HeadingMagnetic=(94.68 deg)

0  : pgn=126975 line=Rx 10367601 1d ef ff 00 20 0d 3b 9f f0 81 84 56
0  : pgn=126975 line=Rx 10367602 1d ef ff 00 21 42 09 00 00 00 02 05
3  : pgn=129026 line=Tx 10367662 09 f8 02 03 ff fc 44 4e 39 01 ff ff
source=3: pgn=COG & SOG, Rapid Update(129026): values=COGReference=("0") COG=(114.80 deg) SOG=(3.13 m/s)

3  : pgn=129025 line=Tx 10367662 09 f8 01 03 dc 5b 6f 1c 78 d6 fd b6
source=3: pgn=Position, Rapid Update(129025): values=Latitude=(47.706005999999995 deg) Longitude=(-122.48784719999999 deg)

3  : pgn=129542 line=Tx 10367662 19 fa 06 03 a0 0f ae 46 01 00 00 00
3  : pgn=129542 line=Tx 10367662 19 fa 06 03 a1 00 00 00 00 00 00 00
3  : pgn=129542 line=Tx 10367662 19 fa 06 03 a2 00 00 ff ff ff ff ff
3  : pgn=65364  line=Tx 10367662 1c ff 54 03 3b 9f c1 02 2b cb ff ff
32 : pgn=128259 line=Rx 10367670 09 f5 03 20 bc 2d 01 ff ff ff ff ff
source=32: pgn=Speed(128259): values=SpeedWaterReferenced=(3.0100000000000002 m/s) SpeedGroundReferenced=(None) SpeedWaterReferencedType=(None) SpeedDirection=(None)

1  : pgn=129038 line=Rx 10367675 11 f8 0e 01 40 1b c1 1c 44 e9 15 a3
1  : pgn=129038 line=Rx 10367676 11 f8 0e 01 41 51 18 b7 fa fc 94 1c
1  : pgn=129038 line=Rx 10367676 11 f8 0e 01 42 d9 59 c7 bb 02 00 00
1  : pgn=129038 line=Rx 10367677 11 f8 0e 01 43 00 1f c9 00 00 ff fe
0  : pgn=127250 line=Rx 10367694 09 f1 12 00 ff 86 40 ff 7f ff 7f fd
source=0: pgn=Vessel Heading(127250): values=Heading=(94.64 deg) Deviation=(None) Variation=(None) Reference=("1")

0  : pgn=127245 line=Rx 10367695 09 f1 0d 00 00 f8 ff 7f 00 00 ff ff
source=0: pgn=Rudder(127245): values=Instance=(0) DirectionOrder=("0") AngleOrder=(None) Position=(0.00 deg)

0  : pgn=65359  line=Rx 10367702 1c ff 4f 00 3b 9f ff ff ff 86 40 ff
source=0: pgn=Seatalk: Pilot Heading(65359): values=ManufacturerCode=(1851) IndustryCode=(4) HeadingTrue=(None) HeadingMagnetic=(94.64 deg)

0  : pgn=126975 line=Rx 10367705 1d ef ff 00 40 09 3b 9f f0 81 ae 02
0  : pgn=126975 line=Rx 10367706 1d ef ff 00 41 00 08 00 ff ff ff ff
1  : pgn=129038 line=Rx 10367708 11 f8 0e 01 60 1b c1 7c ac df 15 e9
1  : pgn=129038 line=Rx 10367709 11 f8 0e 01 61 7e 0b b7 9b ff 7a 1c
1  : pgn=129038 line=Rx 10367710 11 f8 0e 01 62 d4 d4 a6 05 00 00 00
1  : pgn=129038 line=Rx 10367710 11 f8 0e 01 63 00 ff ff ff 7f f0 fe
3  : pgn=129540 line=Tx 10367762 19 fa 04 03 e0 9f d0 ff 0d 03 97 1a
source=3: pgn=GNSS Sats in View(129540): values=RangeResidualMode=(None) SatsinView=(208) PRN=(None) Elevation=(4.47 deg) Azimuth=(39.00 deg) SNR=(0.0 dB) Rangeresiduals=(0) Status=("0")

3  : pgn=129540 line=Tx 10367762 19 fa 04 03 e1 2e 26 00 00 00 00 00
source=3: pgn=GNSS Sats in View(129540): values=RangeResidualMode=("0") SatsinView=(38) PRN=(0) Elevation=(0.00 deg) Azimuth=(0.00 deg) SNR=(0.0 dB) Rangeresiduals=(0) Status=("0")

3  : pgn=129540 line=Tx 10367762 19 fa 04 03 e2 00 f3 0f ff 1d ad 3c
source=3: pgn=GNSS Sats in View(129540): values=RangeResidualMode=("0") SatsinView=(243) PRN=(15) Elevation=(44.00 deg) Azimuth=(89.00 deg) SNR=(0.0 dB) Rangeresiduals=(0) Status=("0")

3  : pgn=129540 line=Tx 10367762 19 fa 04 03 e3 ac 0d 00 00 00 00 f5
source=3: pgn=GNSS Sats in View(129540): values=RangeResidualMode=("0") SatsinView=(13) PRN=(0) Elevation=(0.00 deg) Azimuth=(359.36 deg) SNR=(0.0 dB) Rangeresiduals=(0) Status=("0")

3  : pgn=129540 line=Tx 10367762 19 fa 04 03 e4 10 17 13 c2 b8 54 0b
source=3: pgn=GNSS Sats in View(129540): values=RangeResidualMode=("0") SatsinView=(23) PRN=(19) Elevation=(-104.50 deg) Azimuth=(16.62 deg) SNR=(0.0 dB) Rangeresiduals=(0) Status=("0")

3  : pgn=129540 line=Tx 10367762 19 fa 04 03 e5 00 00 00 00 f5 12 c5
source=3: pgn=GNSS Sats in View(129540): values=RangeResidualMode=("0") SatsinView=(0) PRN=(0) Elevation=(-16.13 deg) Azimuth=(289.06 deg) SNR=(0.0 dB) Rangeresiduals=(0) Status=("0")

3  : pgn=129540 line=Tx 10367762 19 fa 04 03 e6 31 f2 93 48 0d 00 00
source=3: pgn=GNSS Sats in View(129540): values=RangeResidualMode=("1") SatsinView=(242) PRN=(147) Elevation=(19.48 deg) Azimuth=(0.00 deg) SNR=(0.0 dB) Rangeresiduals=(0) Status=("0")

3  : pgn=129540 line=Tx 10367762 19 fa 04 03 e7 00 00 f5 13 69 03 1f
source=3: pgn=GNSS Sats in View(129540): values=RangeResidualMode=("0") SatsinView=(0) PRN=(245) Elevation=(154.12 deg) Azimuth=(45.49 deg) SNR=(0.0 dB) Rangeresiduals=(0) Status=("0")

3  : pgn=129540 line=Tx 10367762 19 fa 04 03 e8 d8 10 0e 00 00 00 00
source=3: pgn=GNSS Sats in View(129540): values=RangeResidualMode=("0") SatsinView=(16) PRN=(14) Elevation=(0.00 deg) Azimuth=(0.00 deg) SNR=(0.0 dB) Rangeresiduals=(0) Status=("0")

3  : pgn=129540 line=Tx 10367762 19 fa 04 03 e9 f5 15 e8 37 17 22 80
source=3: pgn=GNSS Sats in View(129540): values=RangeResidualMode=("1") SatsinView=(21) PRN=(232) Elevation=(34.05 deg) Azimuth=(187.94 deg) SNR=(0.0 dB) Rangeresiduals=(0) Status=("0")

3  : pgn=129540 line=Tx 10367762 19 fa 04 03 ea 0c 00 00 00 00 f5 16
source=3: pgn=GNSS Sats in View(129540): values=RangeResidualMode=("0") SatsinView=(0) PRN=(0) Elevation=(0.00 deg) Azimuth=(33.67 deg) SNR=(0.0 dB) Rangeresiduals=(0) Status=("0")

3  : pgn=129540 line=Tx 10367763 19 fa 04 03 eb 80 16 7d 9d 10 0e 00
source=3: pgn=GNSS Sats in View(129540): values=RangeResidualMode=("0") SatsinView=(22) PRN=(125) Elevation=(24.37 deg) Azimuth=(0.08 deg) SNR=(0.0 dB) Rangeresiduals=(0) Status=("0")

3  : pgn=129540 line=Tx 10367764 19 fa 04 03 ec 00 00 00 f5 1a ae 0f
source=3: pgn=GNSS Sats in View(129540): values=RangeResidualMode=("0") SatsinView=(0) PRN=(0) Elevation=(39.54 deg) Azimuth=(23.00 deg) SNR=(0.0 dB) Rangeresiduals=(0) Status=("0")

3  : pgn=129540 line=Tx 10367765 19 fa 04 03 ed 5d 1f 10 0e 00 00 00
source=3: pgn=GNSS Sats in View(129540): values=RangeResidualMode=("1") SatsinView=(31) PRN=(16) Elevation=(0.08 deg) Azimuth=(0.00 deg) SNR=(0.0 dB) Rangeresiduals=(0) Status=("0")

3  : pgn=129540 line=Tx 10367765 19 fa 04 03 ee 00 f5 1b d1 15 ab d2
source=3: pgn=GNSS Sats in View(129540): values=RangeResidualMode=("0") SatsinView=(245) PRN=(27) Elevation=(32.00 deg) Azimuth=(309.00 deg) SNR=(0.0 dB) Rangeresiduals=(0) Status=("0")

3  : pgn=129540 line=Tx 10367766 19 fa 04 03 ef a0 0f 00 00 00 00 f5
source=3: pgn=GNSS Sats in View(129540): values=RangeResidualMode=("0") SatsinView=(15) PRN=(0) Elevation=(0.00 deg) Azimuth=(359.36 deg) SNR=(0.0 dB) Rangeresiduals=(0) Status=("0")

3  : pgn=129540 line=Tx 10367768 19 fa 04 03 f0 1d 51 0e a1 67 28 0a
source=3: pgn=GNSS Sats in View(129540): values=RangeResidualMode=("1") SatsinView=(81) PRN=(14) Elevation=(152.00 deg) Azimuth=(14.90 deg) SNR=(0.0 dB) Rangeresiduals=(0) Status=("0")

3  : pgn=129540 line=Tx 10367768 19 fa 04 03 f1 00 00 00 00 f5 23 d1
source=3: pgn=GNSS Sats in View(129540): values=RangeResidualMode=("0") SatsinView=(0) PRN=(0) Elevation=(-16.13 deg) Azimuth=(306.76 deg) SNR=(0.0 dB) Rangeresiduals=(0) Status=("0")

3  : pgn=129540 line=Tx 10367769 19 fa 04 03 f2 15 c3 8b 00 00 00 00
source=3: pgn=GNSS Sats in View(129540): values=RangeResidualMode=("1") SatsinView=(195) PRN=(139) Elevation=(0.00 deg) Azimuth=(0.00 deg) SNR=(0.0 dB) Rangeresiduals=(0) Status=("0")

3  : pgn=129540 line=Tx 10367770 19 fa 04 03 f3 00 00 f3 30 2e 17 43
source=3: pgn=GNSS Sats in View(129540): values=RangeResidualMode=("0") SatsinView=(0) PRN=(243) Elevation=(67.75 deg) Azimuth=(98.41 deg) SNR=(0.0 dB) Rangeresiduals=(0) Status=("0")

32 : pgn=128259 line=Rx 10367770 09 f5 03 20 bd 2c 01 ff ff ff ff ff
source=32: pgn=Speed(128259): values=SpeedWaterReferenced=(3.0 m/s) SpeedGroundReferenced=(None) SpeedWaterReferencedType=(None) SpeedDirection=(None)

3  : pgn=129540 line=Tx 10367771 19 fa 04 03 f4 84 d8 0e 00 00 00 00
source=3: pgn=GNSS Sats in View(129540): values=RangeResidualMode=("0") SatsinView=(216) PRN=(14) Elevation=(0.00 deg) Azimuth=(0.00 deg) SNR=(0.0 dB) Rangeresiduals=(0) Status=("0")

3  : pgn=129540 line=Tx 10367772 19 fa 04 03 f5 f5 33 80 16 67 6c e4
source=3: pgn=GNSS Sats in View(129540): values=RangeResidualMode=("1") SatsinView=(51) PRN=(128) Elevation=(151.20 deg) Azimuth=(335.04 deg) SNR=(0.0 dB) Rangeresiduals=(0) Status=("0")

3  : pgn=129540 line=Tx 10367772 19 fa 04 03 f6 0c 00 00 00 00 f5 ff
source=3: pgn=GNSS Sats in View(129540): values=RangeResidualMode=("0") SatsinView=(0) PRN=(0) Elevation=(0.00 deg) Azimuth=(375.43 deg) SNR=(0.0 dB) Rangeresiduals=(0) Status=("0")

3  : pgn=129025 line=Tx 10367773 09 f8 01 03 b2 5b 6f 1c 21 d7 fd b6
source=3: pgn=Position, Rapid Update(129025): values=Latitude=(47.706001799999996 deg) Longitude=(-122.4878303 deg)

3  : pgn=127258 line=Tx 10367774 19 f1 1a 03 ff f6 12 39 fa 0a ff ff
source=3: pgn=Magnetic Variation(127258): values=Source=("6") Ageofservice=(14610 d) Variation=(16.10 deg)

0  : pgn=127250 line=Rx 10367788 09 f1 12 00 ff 86 40 ff 7f ff 7f fd
source=0: pgn=Vessel Heading(127250): values=Heading=(94.64 deg) Deviation=(None) Variation=(None) Reference=("1")

0  : pgn=127245 line=Rx 10367789 09 f1 0d 00 00 f8 ff 7f 00 00 ff ff
source=0: pgn=Rudder(127245): values=Instance=(0) DirectionOrder=("0") AngleOrder=(None) Position=(0.00 deg)

0  : pgn=65359  line=Rx 10367795 1c ff 4f 00 3b 9f ff ff ff 86 40 ff
source=0: pgn=Seatalk: Pilot Heading(65359): values=ManufacturerCode=(1851) IndustryCode=(4) HeadingTrue=(None) HeadingMagnetic=(94.64 deg)

1  : pgn=129041 line=Rx 10367800 11 f8 11 01 80 30 55 75 89 3a 3b 6d
1  : pgn=129041 line=Rx 10367801 11 f8 11 01 81 8b 0a b7 5b f8 47 1c
1  : pgn=129041 line=Rx 10367802 11 f8 11 01 82 f4 00 00 00 00 00 00
1  : pgn=129041 line=Rx 10367802 11 f8 11 01 83 ff ff 12 ee ff e1 16
1  : pgn=129041 line=Rx 10367803 11 f8 11 01 84 01 50 53 20 54 53 4c
1  : pgn=129041 line=Rx 10367803 11 f8 11 01 85 20 4c 42 20 54 41 20
1  : pgn=129041 line=Rx 10367804 11 f8 11 01 86 20 20 20 20 20 20 20
1  : pgn=129038 line=Rx 10367862 11 f8 0e 01 80 1b c1 b8 d7 e1 15 42
3  : pgn=129026 line=Tx 10367862 09 f8 02 03 ff fc ff 4d 3c 01 ff ff
source=3: pgn=COG & SOG, Rapid Update(129026): values=COGReference=("0") COG=(114.40 deg) SOG=(3.16 m/s)

3  : pgn=129025 line=Tx 10367862 09 f8 01 03 b2 5b 6f 1c 21 d7 fd b6
source=3: pgn=Position, Rapid Update(129025): values=Latitude=(47.706001799999996 deg) Longitude=(-122.4878303 deg)

1  : pgn=129038 line=Rx 10367863 11 f8 0e 01 81 41 1f b7 32 bf 66 1c
1  : pgn=129038 line=Rx 10367863 11 f8 0e 01 82 cc 90 28 b5 01 00 00
1  : pgn=129038 line=Rx 10367864 11 f8 0e 01 83 00 ff ff ff 7f f5 fe
32 : pgn=128259 line=Rx 10367870 09 f5 03 20 be 2b 01 ff ff ff ff ff
source=32: pgn=Speed(128259): values=SpeedWaterReferenced=(2.99 m/s) SpeedGroundReferenced=(None) SpeedWaterReferencedType=(None) SpeedDirection=(None)

0  : pgn=127250 line=Rx 10367894 09 f1 12 00 ff 8f 40 ff 7f ff 7f fd
source=0: pgn=Vessel Heading(127250): values=Heading=(94.69 deg) Deviation=(None) Variation=(None) Reference=("1")

0  : pgn=127245 line=Rx 10367895 09 f1 0d 00 00 f8 ff 7f 00 00 ff ff
source=0: pgn=Rudder(127245): values=Instance=(0) DirectionOrder=("0") AngleOrder=(None) Position=(0.00 deg)

0  : pgn=65359  line=Rx 10367901 1c ff 4f 00 3b 9f ff ff ff 8f 40 ff
source=0: pgn=Seatalk: Pilot Heading(65359): values=ManufacturerCode=(1851) IndustryCode=(4) HeadingTrue=(None) HeadingMagnetic=(94.69 deg)

3  : pgn=129029 line=Tx 10367963 0d f8 05 03 a0 2b ae 06 40 cc 8b 17
3  : pgn=129029 line=Tx 10367963 0d f8 05 03 a1 2c 00 74 6e 0d 8f db
3  : pgn=129029 line=Tx 10367963 0d f8 05 03 a2 9e 06 00 0a 9a 50 ac
3  : pgn=129029 line=Tx 10367963 0d f8 05 03 a3 5b 00 ef ff ff ff ff
3  : pgn=129029 line=Tx 10367963 0d f8 05 03 a4 ff ff ff 7f 23 fc 09
3  : pgn=129029 line=Tx 10367963 0d f8 05 03 a5 55 00 ff 7f ff ff ff
3  : pgn=129029 line=Tx 10367963 0d f8 05 03 a6 7f 00 ff ff ff ff ff
3  : pgn=129025 line=Tx 10367963 09 f8 01 03 b2 5b 6f 1c 21 d7 fd b6
source=3: pgn=Position, Rapid Update(129025): values=Latitude=(47.706001799999996 deg) Longitude=(-122.4878303 deg)

3  : pgn=129033 line=Tx 10367963 0d f8 09 03 06 40 cc 8b 17 2c 5c fe
source=3: pgn=Time & Date(129033): values=Date=(16390 d) Time=(73974.062 s) LocalOffset=(-25200.0 s)

32 : pgn=128259 line=Rx 10367971 09 f5 03 20 bf 27 01 ff ff ff ff ff
source=32: pgn=Speed(128259): values=SpeedWaterReferenced=(2.95 m/s) SpeedGroundReferenced=(None) SpeedWaterReferencedType=(None) SpeedDirection=(None)

32 : pgn=130310 line=Rx 10367974 15 fd 06 20 f6 ff ff ff ff ff ff ff
source=32: pgn=Environmental Parameters (obsolete)(130310): values=WaterTemperature=(None) OutsideAmbientAirTemperature=(None) AtmosphericPressure=(None)

32 : pgn=128275 line=Rx 10367984 19 f5 13 20 00 0e ff ff ff ff ff ff
source=32: pgn=Distance Log(128275): values=Date=(3584 d) Time=(None) Log=(0 m) TripLog=(0 m)

32 : pgn=128275 line=Rx 10367989 19 f5 13 20 01 68 ae 3c 00 68 ae 3c
source=32: pgn=Distance Log(128275): values=Date=(26625 d) Time=(174484.5998 s) Log=(0 m) TripLog=(0 m)

0  : pgn=127250 line=Rx 10367991 09 f1 12 00 ff a8 40 ff 7f ff 7f fd
source=0: pgn=Vessel Heading(127250): values=Heading=(94.84 deg) Deviation=(None) Variation=(None) Reference=("1")

0  : pgn=127245 line=Rx 10367992 09 f1 0d 00 00 f8 ff 7f 00 00 ff ff
source=0: pgn=Rudder(127245): values=Instance=(0) DirectionOrder=("0") AngleOrder=(None) Position=(0.00 deg)

32 : pgn=128275 line=Rx 10367994 19 f5 13 20 02 00 ff ff ff ff ff ff
source=32: pgn=Distance Log(128275): values=Date=(2 d) Time=(None) Log=(0 m) TripLog=(0 m)

0  : pgn=65359  line=Rx 10367997 1c ff 4f 00 3b 9f ff ff ff a8 40 ff
source=0: pgn=Seatalk: Pilot Heading(65359): values=ManufacturerCode=(1851) IndustryCode=(4) HeadingTrue=(None) HeadingMagnetic=(94.84 deg)

1  : pgn=59936  line=Rx 10368016 18 ea 20 01 00 ee 00 00 00 00 00 00
1  : pgn=129038 line=Rx 10368017 11 f8 0e 01 a0 1b c1 8c a9 e6 15 73
1  : pgn=129038 line=Rx 10368017 11 f8 0e 01 a1 b8 14 b7 d8 ba 56 1c
1  : pgn=129038 line=Rx 10368018 11 f8 0e 01 a2 d4 6e 0d 00 00 00 00
1  : pgn=129038 line=Rx 10368018 11 f8 0e 01 a3 00 ff ff ff 7f f0 fe
1  : pgn=129041 line=Rx 10368046 11 f8 11 01 a0 30 55 75 89 3a 3b 6d
1  : pgn=129041 line=Rx 10368047 11 f8 11 01 a1 8b 0a b7 5b f8 47 1c
1  : pgn=129041 line=Rx 10368047 11 f8 11 01 a2 f4 00 00 00 00 00 00
1  : pgn=129041 line=Rx 10368048 11 f8 11 01 a3 ff ff 12 ee ff e1 16
1  : pgn=129041 line=Rx 10368048 11 f8 11 01 a4 01 50 53 20 54 53 4c
1  : pgn=129041 line=Rx 10368049 11 f8 11 01 a5 20 4c 42 20 54 41 20
1  : pgn=129041 line=Rx 10368049 11 f8 11 01 a6 20 20 20 20 20 20 20
3  : pgn=129026 line=Tx 10368063 09 f8 02 03 ff fc 61 4d 3c 01 ff ff
source=3: pgn=COG & SOG, Rapid Update(129026): values=COGReference=("0") COG=(113.50 deg) SOG=(3.16 m/s)

3  : pgn=129025 line=Tx 10368063 09 f8 01 03 a6 5b 6f 1c 6d d7 fd b6
source=3: pgn=Position, Rapid Update(129025): values=Latitude=(47.706000599999996 deg) Longitude=(-122.4878227 deg)

3  : pgn=126992 line=Tx 10368063 0d f0 10 03 ff ff 06 40 4c 93 17 2c
source=3: pgn=System Time(126992): values=Source=(None) Date=(16390 d) Time=(73974.254 s)

32 : pgn=128259 line=Rx 10368069 09 f5 03 20 c0 25 01 ff ff ff ff ff
source=32: pgn=Speed(128259): values=SpeedWaterReferenced=(2.93 m/s) SpeedGroundReferenced=(None) SpeedWaterReferencedType=(None) SpeedDirection=(None)

0  : pgn=127250 line=Rx 10368094 09 f1 12 00 ff cc 40 ff 7f ff 7f fd
source=0: pgn=Vessel Heading(127250): values=Heading=(95.04 deg) Deviation=(None) Variation=(None) Reference=("1")

0  : pgn=127245 line=Rx 10368095 09 f1 0d 00 00 f8 ff 7f 00 00 ff ff
source=0: pgn=Rudder(127245): values=Instance=(0) DirectionOrder=("0") AngleOrder=(None) Position=(0.00 deg)

0  : pgn=65359  line=Rx 10368101 1c ff 4f 00 3b 9f ff ff ff cc 40 ff
source=0: pgn=Seatalk: Pilot Heading(65359): values=ManufacturerCode=(1851) IndustryCode=(4) HeadingTrue=(None) HeadingMagnetic=(95.04 deg)

0  : pgn=126975 line=Rx 10368103 1d ef ff 00 60 08 3b 9f f0 81 9c 91
0  : pgn=126975 line=Rx 10368104 1d ef ff 00 61 02 00 ff ff ff ff ff
3  : pgn=129025 line=Tx 10368164 09 f8 01 03 a6 5b 6f 1c 6d d7 fd b6
source=3: pgn=Position, Rapid Update(129025): values=Latitude=(47.706000599999996 deg) Longitude=(-122.4878227 deg)

32 : pgn=128259 line=Rx 10368168 09 f5 03 20 c1 25 01 ff ff ff ff ff
source=32: pgn=Speed(128259): values=SpeedWaterReferenced=(2.93 m/s) SpeedGroundReferenced=(None) SpeedWaterReferencedType=(None) SpeedDirection=(None)

0  : pgn=127250 line=Rx 10368175 09 f1 12 00 ff e2 40 ff 7f ff 7f fd
source=0: pgn=Vessel Heading(127250): values=Heading=(95.17 deg) Deviation=(None) Variation=(None) Reference=("1")

0  : pgn=127245 line=Rx 10368176 09 f1 0d 00 00 f8 ff 7f 00 00 ff ff
source=0: pgn=Rudder(127245): values=Instance=(0) DirectionOrder=("0") AngleOrder=(None) Position=(0.00 deg)

0  : pgn=65359  line=Rx 10368180 1c ff 4f 00 3b 9f ff ff ff e2 40 ff
source=0: pgn=Seatalk: Pilot Heading(65359): values=ManufacturerCode=(1851) IndustryCode=(4) HeadingTrue=(None) HeadingMagnetic=(95.17 deg)

3  : pgn=129026 line=Tx 10368264 09 f8 02 03 ff fc d6 4c 3c 01 ff ff
source=3: pgn=COG & SOG, Rapid Update(129026): values=COGReference=("0") COG=(112.70 deg) SOG=(3.16 m/s)

3  : pgn=129025 line=Tx 10368264 09 f8 01 03 97 5b 6f 1c be d7 fd b6
source=3: pgn=Position, Rapid Update(129025): values=Latitude=(47.7059991 deg) Longitude=(-122.4878146 deg)

3  : pgn=129291 line=Tx 10368264 0d f9 0b 03 ff fc 95 73 19 00 ff ff
source=3: pgn=Set & Drift, Rapid Update(129291): values=SetReference=("0") Set=(169.53 deg) Drift=(0.25 m/s)

32 : pgn=128259 line=Rx 10368268 09 f5 03 20 c2 30 01 ff ff ff ff ff
source=32: pgn=Speed(128259): values=SpeedWaterReferenced=(3.04 m/s) SpeedGroundReferenced=(None) SpeedWaterReferencedType=(None) SpeedDirection=(None)

0  : pgn=127250 line=Rx 10368294 09 f1 12 00 ff 0c 41 ff 7f ff 7f fd
source=0: pgn=Vessel Heading(127250): values=Heading=(95.41 deg) Deviation=(None) Variation=(None) Reference=("1")

0  : pgn=127245 line=Rx 10368294 09 f1 0d 00 00 f8 ff 7f 00 00 ff ff
source=0: pgn=Rudder(127245): values=Instance=(0) DirectionOrder=("0") AngleOrder=(None) Position=(0.00 deg)

0  : pgn=65359  line=Rx 10368301 1c ff 4f 00 3b 9f ff ff ff 0c 41 ff
source=0: pgn=Seatalk: Pilot Heading(65359): values=ManufacturerCode=(1851) IndustryCode=(4) HeadingTrue=(None) HeadingMagnetic=(95.41 deg)

1  : pgn=129038 line=Rx 10368318 11 f8 0e 01 c0 1b c1 0e 28 dc 15 8e
1  : pgn=129038 line=Rx 10368319 11 f8 0e 01 c1 2a 03 b7 9c 68 60 1c
1  : pgn=129038 line=Rx 10368319 11 f8 0e 01 c2 d9 d6 37 e0 03 00 00
1  : pgn=129038 line=Rx 10368320 11 f8 0e 01 c3 00 2d 35 00 00 f0 fe
3  : pgn=129025 line=Tx 10368364 09 f8 01 03 97 5b 6f 1c be d7 fd b6
source=3: pgn=Position, Rapid Update(129025): values=Latitude=(47.7059991 deg) Longitude=(-122.4878146 deg)

32 : pgn=128259 line=Rx 10368367 09 f5 03 20 c3 2a 01 ff ff ff ff ff
source=32: pgn=Speed(128259): values=SpeedWaterReferenced=(2.98 m/s) SpeedGroundReferenced=(None) SpeedWaterReferencedType=(None) SpeedDirection=(None)

0  : pgn=127250 line=Rx 10368381 09 f1 12 00 ff 1f 41 ff 7f ff 7f fd
source=0: pgn=Vessel Heading(127250): values=Heading=(95.52 deg) Deviation=(None) Variation=(None) Reference=("1")

0  : pgn=127245 line=Rx 10368382 09 f1 0d 00 00 f8 ff 7f 00 00 ff ff
source=0: pgn=Rudder(127245): values=Instance=(0) DirectionOrder=("0") AngleOrder=(None) Position=(0.00 deg)

0  : pgn=65359  line=Rx 10368386 1c ff 4f 00 3b 9f ff ff ff 1f 41 ff
source=0: pgn=Seatalk: Pilot Heading(65359): values=ManufacturerCode=(1851) IndustryCode=(4) HeadingTrue=(None) HeadingMagnetic=(95.52 deg)

4  : pgn=65384  line=Rx 10368401 1c ff 68 04 3b 9f 00 00 00 00 00 00
1  : pgn=129038 line=Rx 10368438 11 f8 0e 01 e0 1b c1 50 c6 e2 15 ff
1  : pgn=129038 line=Rx 10368439 11 f8 0e 01 e1 ff ff 7f ff ff ff 7f
1  : pgn=129038 line=Rx 10368439 11 f8 0e 01 e2 fc ff ff ff ff 01 00
1  : pgn=129038 line=Rx 10368440 11 f8 0e 01 e3 08 ff ff ff 7f f0 fe
3  : pgn=129026 line=Tx 10368465 09 f8 02 03 ff fc d6 4c 3c 01 ff ff
source=3: pgn=COG & SOG, Rapid Update(129026): values=COGReference=("0") COG=(112.70 deg) SOG=(3.16 m/s)

3  : pgn=130577 line=Tx 10368465 0d fe 11 03 c0 0e c0 af d6 4c 3c 01
3  : pgn=130577 line=Tx 10368465 0d fe 11 03 c1 ff ff ff ff 95 73 19
3  : pgn=130577 line=Tx 10368465 0d fe 11 03 c2 00 ff ff ff ff ff ff
3  : pgn=129025 line=Tx 10368465 09 f8 01 03 97 5b 6f 1c be d7 fd b6
3  : pgn=130306 line=Tx 10368465 09 fd 02 03 ff c1 02 2b cb fa ff ff
source=3: pgn=Wind Data(130306): values=WindSpeed=(7.05 m/s) WindAngle=(298.00 deg) Reference=("2")

32 : pgn=128259 line=Rx 10368467 09 f5 03 20 c4 29 01 ff ff ff ff ff
source=32: pgn=Speed(128259): values=SpeedWaterReferenced=(2.97 m/s) SpeedGroundReferenced=(None) SpeedWaterReferencedType=(None) SpeedDirection=(None)

1  : pgn=129038 line=Rx 10368471 11 f8 0e 01 00 1b c1 d0 26 df 15 51
source=1: pgn=AIS Class A Position Report(129038): values=MessageID=(0) RepeatIndicator=("0") UserID=(651215131) Longitude=(0.0 deg) Latitude=(0.0 deg) PositionAccuracy=("0") RAIM=("0") TimeStamp=("0") COG=(0.00 deg) SOG=(0.0 m/s) CommunicationState=(0) AISTransceiverinformation=("0") Heading=(0.00 deg) RateofTurn=(0.00 deg/s) NavStatus=("0") SpecialManeuverIndicator=("0") Spare=(0) SequenceID=(0)

1  : pgn=129038 line=Rx 10368472 11 f8 0e 01 01 f7 0d b7 e5 eb 63 1c
source=1: pgn=AIS Class A Position Report(129038): values=MessageID=(1) RepeatIndicator=("0") UserID=(3853979127) Longitude=(0.0 deg) Latitude=(0.0 deg) PositionAccuracy=("0") RAIM=("0") TimeStamp=("0") COG=(0.00 deg) SOG=(0.0 m/s) CommunicationState=(0) AISTransceiverinformation=("0") Heading=(0.00 deg) RateofTurn=(0.00 deg/s) NavStatus=("0") SpecialManeuverIndicator=("0") Spare=(0) SequenceID=(0)

1  : pgn=129038 line=Rx 10368472 11 f8 0e 01 02 d8 4e 95 00 00 00 00
source=1: pgn=AIS Class A Position Report(129038): values=MessageID=(2) RepeatIndicator=("0") UserID=(9785048) Longitude=(0.0 deg) Latitude=(0.0 deg) PositionAccuracy=("0") RAIM=("0") TimeStamp=("0") COG=(0.00 deg) SOG=(0.0 m/s) CommunicationState=(0) AISTransceiverinformation=("0") Heading=(0.00 deg) RateofTurn=(0.00 deg/s) NavStatus=("0") SpecialManeuverIndicator=("0") Spare=(0) SequenceID=(0)

1  : pgn=129038 line=Rx 10368473 11 f8 0e 01 03 00 09 7a 00 00 f0 fe
source=1: pgn=AIS Class A Position Report(129038): values=MessageID=(3) RepeatIndicator=("0") UserID=(7997696) Longitude=(0.0 deg) Latitude=(0.0 deg) PositionAccuracy=("0") RAIM=("0") TimeStamp=("0") COG=(0.00 deg) SOG=(0.0 m/s) CommunicationState=(0) AISTransceiverinformation=("0") Heading=(0.00 deg) RateofTurn=(0.00 deg/s) NavStatus=("0") SpecialManeuverIndicator=("0") Spare=(0) SequenceID=(0)

0  : pgn=127250 line=Rx 10368486 09 f1 12 00 ff 21 41 ff 7f ff 7f fd
source=0: pgn=Vessel Heading(127250): values=Heading=(95.53 deg) Deviation=(None) Variation=(None) Reference=("1")

0  : pgn=127245 line=Rx 10368487 09 f1 0d 00 00 f8 ff 7f 00 00 ff ff
source=0: pgn=Rudder(127245): values=Instance=(0) DirectionOrder=("0") AngleOrder=(None) Position=(0.00 deg)

0  : pgn=65359  line=Rx 10368493 1c ff 4f 00 3b 9f ff ff ff 21 41 ff
source=0: pgn=Seatalk: Pilot Heading(65359): values=ManufacturerCode=(1851) IndustryCode=(4) HeadingTrue=(None) HeadingMagnetic=(95.53 deg)

3  : pgn=129283 line=Tx 10368565 0d f9 03 03 ff 7f ff ff ff 7f ff ff
source=3: pgn=Cross Track Error(129283): values=XTEmode=(None) NavigationTerminated=("1") XTE=(None)

3  : pgn=129025 line=Tx 10368565 09 f8 01 03 6f 5b 6f 1c 7b d8 fd b6
source=3: pgn=Position, Rapid Update(129025): values=Latitude=(47.705995099999996 deg) Longitude=(-122.48779569999999 deg)

3  : pgn=128267 line=Tx 10368565 0d f5 0b 03 ff fc 3d 00 00 00 00 ff
source=3: pgn=Water Depth(128267): values=Depth=(158.68 m) Offset=(0.0 m) Range=(None)

32 : pgn=128259 line=Rx 10368566 09 f5 03 20 c5 2a 01 ff ff ff ff ff
source=32: pgn=Speed(128259): values=SpeedWaterReferenced=(2.98 m/s) SpeedGroundReferenced=(None) SpeedWaterReferencedType=(None) SpeedDirection=(None)

0  : pgn=127250 line=Rx 10368577 09 f1 12 00 ff 0f 41 ff 7f ff 7f fd
source=0: pgn=Vessel Heading(127250): values=Heading=(95.43 deg) Deviation=(None) Variation=(None) Reference=("1")

0  : pgn=127245 line=Rx 10368578 09 f1 0d 00 00 f8 ff 7f 00 00 ff ff
source=0: pgn=Rudder(127245): values=Instance=(0) DirectionOrder=("0") AngleOrder=(None) Position=(0.00 deg)

0  : pgn=65379  line=Rx 10368582 1c ff 63 00 3b 9f 00 00 00 00 01 ff
source=0: pgn=Seatalk: Pilot Mode(65379): values=ManufacturerCode=(1851) IndustryCode=(4) PilotMode=(0) SubMode=(0) PilotModeData=(0)

0  : pgn=65359  line=Rx 10368583 1c ff 4f 00 3b 9f ff ff ff 0f 41 ff
source=0: pgn=Seatalk: Pilot Heading(65359): values=ManufacturerCode=(1851) IndustryCode=(4) HeadingTrue=(None) HeadingMagnetic=(95.43 deg)

1  : pgn=59908  line=Rx 10368594 18 ea 04 01 00 ee 00 00 00 00 00 00
1  : pgn=129038 line=Rx 10368595 11 f8 0e 01 20 1b c1 58 f2 20 0d 77
1  : pgn=129038 line=Rx 10368595 11 f8 0e 01 21 88 13 b7 2f 4d 5d 1c
1  : pgn=129038 line=Rx 10368596 11 f8 0e 01 22 d4 b1 82 25 01 00 00
1  : pgn=129038 line=Rx 10368596 11 f8 0e 01 23 00 14 7c 00 00 f5 fe
4  : pgn=61183  line=Rx 10368598 18 ee ff 04 3d 83 6c e7 1c 96 a0 c0
0  : pgn=126975 line=Rx 10368599 1d ef ff 00 80 0d 3b 9f f0 81 84 d6
0  : pgn=126975 line=Rx 10368601 1d ef ff 00 81 42 0b 00 00 00 02 05
1  : pgn=129038 line=Rx 10368626 11 f8 0e 01 40 1b c1 25 49 e5 15 aa
1  : pgn=129038 line=Rx 10368627 11 f8 0e 01 41 2c 0e b7 59 12 68 1c
1  : pgn=129038 line=Rx 10368627 11 f8 0e 01 42 de f0 ba 00 00 00 00
1  : pgn=129038 line=Rx 10368628 11 f8 0e 01 43 00 ff ff ff 7f f0 fe
1  : pgn=129038 line=Rx 10368656 11 f8 0e 01 60 1b c3 4e 83 dc 15 da
1  : pgn=129038 line=Rx 10368657 11 f8 0e 01 61 e1 09 b7 e1 0e 53 1c
1  : pgn=129038 line=Rx 10368657 11 f8 0e 01 62 dd 5c 2e c0 02 00 00
1  : pgn=129038 line=Rx 10368658 11 f8 0e 01 63 00 45 2a 00 00 f0 fe
32 : pgn=128259 line=Rx 10368666 09 f5 03 20 c6 2a 01 ff ff ff ff ff
source=32: pgn=Speed(128259): values=SpeedWaterReferenced=(2.98 m/s) SpeedGroundReferenced=(None) SpeedWaterReferencedType=(None) SpeedDirection=(None)

3  : pgn=129026 line=Tx 10368666 09 f8 02 03 ff fc 5c 4c 3e 01 ff ff
source=3: pgn=COG & SOG, Rapid Update(129026): values=COGReference=("0") COG=(112.00 deg) SOG=(3.18 m/s)

3  : pgn=129025 line=Tx 10368666 09 f8 01 03 6f 5b 6f 1c 7b d8 fd b6
source=3: pgn=Position, Rapid Update(129025): values=Latitude=(47.705995099999996 deg) Longitude=(-122.48779569999999 deg)

3  : pgn=129542 line=Tx 10368666 19 fa 06 03 c0 0f af 56 01 00 00 00
3  : pgn=129542 line=Tx 10368666 19 fa 06 03 c1 00 00 00 00 00 00 00
3  : pgn=129542 line=Tx 10368666 19 fa 06 03 c2 00 00 ff ff ff ff ff
3  : pgn=65364  line=Tx 10368666 1c ff 54 03 3b 9f c1 02 2b cb ff ff
0  : pgn=127250 line=Rx 10368695 09 f1 12 00 ff fd 40 ff 7f ff 7f fd
source=0: pgn=Vessel Heading(127250): values=Heading=(95.32 deg) Deviation=(None) Variation=(None) Reference=("1")

0  : pgn=127245 line=Rx 10368696 09 f1 0d 00 00 f8 ff 7f 00 00 ff ff
source=0: pgn=Rudder(127245): values=Instance=(0) DirectionOrder=("0") AngleOrder=(None) Position=(0.00 deg)

0  : pgn=65359  line=Rx 10368702 1c ff 4f 00 3b 9f ff ff ff fd 40 ff
source=0: pgn=Seatalk: Pilot Heading(65359): values=ManufacturerCode=(1851) IndustryCode=(4) HeadingTrue=(None) HeadingMagnetic=(95.32 deg)

0  : pgn=126975 line=Rx 10368712 1d ef ff 00 a0 09 3b 9f f0 81 ae 02
0  : pgn=126975 line=Rx 10368714 1d ef ff 00 a1 00 08 00 ff ff ff ff
1  : pgn=129038 line=Rx 10368716 11 f8 0e 01 80 1b c1 da 4c dc 15 f5
1  : pgn=129038 line=Rx 10368717 11 f8 0e 01 81 c1 07 b7 9b 68 5f 1c
1  : pgn=129038 line=Rx 10368717 11 f8 0e 01 82 dd d9 b3 98 03 00 00
1  : pgn=129038 line=Rx 10368718 11 f8 0e 01 83 00 ab b4 00 00 ff fe
32 : pgn=128259 line=Rx 10368765 09 f5 03 20 c7 2a 01 ff ff ff ff ff
source=32: pgn=Speed(128259): values=SpeedWaterReferenced=(2.98 m/s) SpeedGroundReferenced=(None) SpeedWaterReferencedType=(None) SpeedDirection=(None)

3  : pgn=129540 line=Tx 10368766 19 fa 04 03 00 9f d1 ff 0d 03 97 1a
source=3: pgn=GNSS Sats in View(129540): values=RangeResidualMode=(None) SatsinView=(209) PRN=(None) Elevation=(4.47 deg) Azimuth=(39.00 deg) SNR=(0.0 dB) Rangeresiduals=(0) Status=("0")

3  : pgn=129540 line=Tx 10368766 19 fa 04 03 01 2e 26 00 00 00 00 00
source=3: pgn=GNSS Sats in View(129540): values=RangeResidualMode=("0") SatsinView=(38) PRN=(0) Elevation=(0.00 deg) Azimuth=(0.00 deg) SNR=(0.0 dB) Rangeresiduals=(0) Status=("0")

3  : pgn=129540 line=Tx 10368766 19 fa 04 03 02 00 f3 0f ff 1d ad 3c
source=3: pgn=GNSS Sats in View(129540): values=RangeResidualMode=("0") SatsinView=(243) PRN=(15) Elevation=(44.00 deg) Azimuth=(89.00 deg) SNR=(0.0 dB) Rangeresiduals=(0) Status=("0")

3  : pgn=129540 line=Tx 10368766 19 fa 04 03 03 28 0a 00 00 00 00 f5
source=3: pgn=GNSS Sats in View(129540): values=RangeResidualMode=("0") SatsinView=(10) PRN=(0) Elevation=(0.00 deg) Azimuth=(359.36 deg) SNR=(0.0 dB) Rangeresiduals=(0) Status=("0")

3  : pgn=129540 line=Tx 10368766 19 fa 04 03 04 10 17 13 c2 b8 54 0b
source=3: pgn=GNSS Sats in View(129540): values=RangeResidualMode=("0") SatsinView=(23) PRN=(19) Elevation=(-104.50 deg) Azimuth=(16.62 deg) SNR=(0.0 dB) Rangeresiduals=(0) Status=("0")

3  : pgn=129540 line=Tx 10368767 19 fa 04 03 05 00 00 00 00 f5 12 c5
source=3: pgn=GNSS Sats in View(129540): values=RangeResidualMode=("0") SatsinView=(0) PRN=(0) Elevation=(-16.13 deg) Azimuth=(289.06 deg) SNR=(0.0 dB) Rangeresiduals=(0) Status=("0")

3  : pgn=129540 line=Tx 10368767 19 fa 04 03 06 31 f2 93 48 0d 00 00
source=3: pgn=GNSS Sats in View(129540): values=RangeResidualMode=("1") SatsinView=(242) PRN=(147) Elevation=(19.48 deg) Azimuth=(0.00 deg) SNR=(0.0 dB) Rangeresiduals=(0) Status=("0")

3  : pgn=129540 line=Tx 10368767 19 fa 04 03 07 00 00 f5 13 69 03 1f
source=3: pgn=GNSS Sats in View(129540): values=RangeResidualMode=("0") SatsinView=(0) PRN=(245) Elevation=(154.12 deg) Azimuth=(45.49 deg) SNR=(0.0 dB) Rangeresiduals=(0) Status=("0")

3  : pgn=129540 line=Tx 10368767 19 fa 04 03 08 d8 74 0e 00 00 00 00
source=3: pgn=GNSS Sats in View(129540): values=RangeResidualMode=("0") SatsinView=(116) PRN=(14) Elevation=(0.00 deg) Azimuth=(0.00 deg) SNR=(0.0 dB) Rangeresiduals=(0) Status=("0")

3  : pgn=129540 line=Tx 10368767 19 fa 04 03 09 f5 15 e8 37 17 22 1c
source=3: pgn=GNSS Sats in View(129540): values=RangeResidualMode=("1") SatsinView=(21) PRN=(232) Elevation=(34.05 deg) Azimuth=(41.26 deg) SNR=(0.0 dB) Rangeresiduals=(0) Status=("0")

3  : pgn=129540 line=Tx 10368767 19 fa 04 03 0a 0c 00 00 00 00 f5 16
source=3: pgn=GNSS Sats in View(129540): values=RangeResidualMode=("0") SatsinView=(0) PRN=(0) Elevation=(0.00 deg) Azimuth=(33.67 deg) SNR=(0.0 dB) Rangeresiduals=(0) Status=("0")

3  : pgn=129540 line=Tx 10368768 19 fa 04 03 0b 80 16 7d 9d ac 0d 00
source=3: pgn=GNSS Sats in View(129540): values=RangeResidualMode=("0") SatsinView=(22) PRN=(125) Elevation=(-122.31 deg) Azimuth=(0.07 deg) SNR=(0.0 dB) Rangeresiduals=(0) Status=("0")

3  : pgn=129540 line=Tx 10368769 19 fa 04 03 0c 00 00 00 f5 1a ae 0f
source=3: pgn=GNSS Sats in View(129540): values=RangeResidualMode=("0") SatsinView=(0) PRN=(0) Elevation=(39.54 deg) Azimuth=(23.00 deg) SNR=(0.0 dB) Rangeresiduals=(0) Status=("0")

3  : pgn=129540 line=Tx 10368770 19 fa 04 03 0d 5d 1f 80 0c 00 00 00
source=3: pgn=GNSS Sats in View(129540): values=RangeResidualMode=("1") SatsinView=(31) PRN=(128) Elevation=(0.07 deg) Azimuth=(0.00 deg) SNR=(0.0 dB) Rangeresiduals=(0) Status=("0")

3  : pgn=129540 line=Tx 10368770 19 fa 04 03 0e 00 f5 1b d1 15 ab d2
source=3: pgn=GNSS Sats in View(129540): values=RangeResidualMode=("0") SatsinView=(245) PRN=(27) Elevation=(32.00 deg) Azimuth=(309.00 deg) SNR=(0.0 dB) Rangeresiduals=(0) Status=("0")

3  : pgn=129540 line=Tx 10368771 19 fa 04 03 0f 74 0e 00 00 00 00 f5
source=3: pgn=GNSS Sats in View(129540): values=RangeResidualMode=("0") SatsinView=(14) PRN=(0) Elevation=(0.00 deg) Azimuth=(359.36 deg) SNR=(0.0 dB) Rangeresiduals=(0) Status=("0")

3  : pgn=129540 line=Tx 10368772 19 fa 04 03 10 1d 51 0e a1 67 f0 0a
source=3: pgn=GNSS Sats in View(129540): values=RangeResidualMode=("1") SatsinView=(81) PRN=(14) Elevation=(152.00 deg) Azimuth=(16.04 deg) SNR=(0.0 dB) Rangeresiduals=(0) Status=("0")

3  : pgn=129540 line=Tx 10368772 19 fa 04 03 11 00 00 00 00 f5 23 d1
source=3: pgn=GNSS Sats in View(129540): values=RangeResidualMode=("0") SatsinView=(0) PRN=(0) Elevation=(-16.13 deg) Azimuth=(306.76 deg) SNR=(0.0 dB) Rangeresiduals=(0) Status=("0")

3  : pgn=129540 line=Tx 10368773 19 fa 04 03 12 15 c3 8b 00 00 00 00
source=3: pgn=GNSS Sats in View(129540): values=RangeResidualMode=("1") SatsinView=(195) PRN=(139) Elevation=(0.00 deg) Azimuth=(0.00 deg) SNR=(0.0 dB) Rangeresiduals=(0) Status=("0")

3  : pgn=129540 line=Tx 10368774 19 fa 04 03 13 00 00 f3 30 2e 17 43
source=3: pgn=GNSS Sats in View(129540): values=RangeResidualMode=("0") SatsinView=(0) PRN=(243) Elevation=(67.75 deg) Azimuth=(98.41 deg) SNR=(0.0 dB) Rangeresiduals=(0) Status=("0")

3  : pgn=129540 line=Tx 10368775 19 fa 04 03 14 84 3c 0f 00 00 00 00
source=3: pgn=GNSS Sats in View(129540): values=RangeResidualMode=("0") SatsinView=(60) PRN=(15) Elevation=(0.00 deg) Azimuth=(0.00 deg) SNR=(0.0 dB) Rangeresiduals=(0) Status=("0")

3  : pgn=129540 line=Tx 10368775 19 fa 04 03 15 f5 33 80 16 67 6c 48
source=3: pgn=GNSS Sats in View(129540): values=RangeResidualMode=("1") SatsinView=(51) PRN=(128) Elevation=(151.20 deg) Azimuth=(106.23 deg) SNR=(0.0 dB) Rangeresiduals=(0) Status=("0")

3  : pgn=129540 line=Tx 10368776 19 fa 04 03 16 0d 00 00 00 00 f5 ff
source=3: pgn=GNSS Sats in View(129540): values=RangeResidualMode=("1") SatsinView=(0) PRN=(0) Elevation=(0.00 deg) Azimuth=(375.43 deg) SNR=(0.0 dB) Rangeresiduals=(0) Status=("0")

3  : pgn=129025 line=Tx 10368777 09 f8 01 03 6f 5b 6f 1c 7b d8 fd b6
source=3: pgn=Position, Rapid Update(129025): values=Latitude=(47.705995099999996 deg) Longitude=(-122.48779569999999 deg)

3  : pgn=127258 line=Tx 10368777 19 f1 1a 03 ff f6 12 39 fa 0a ff ff
source=3: pgn=Magnetic Variation(127258): values=Source=("6") Ageofservice=(14610 d) Variation=(16.10 deg)

0  : pgn=127250 line=Rx 10368796 09 f1 12 00 ff c5 40 ff 7f ff 7f fd
source=0: pgn=Vessel Heading(127250): values=Heading=(95.00 deg) Deviation=(None) Variation=(None) Reference=("1")

0  : pgn=127245 line=Rx 10368797 09 f1 0d 00 00 f8 ff 7f 00 00 ff ff
source=0: pgn=Rudder(127245): values=Instance=(0) DirectionOrder=("0") AngleOrder=(None) Position=(0.00 deg)

0  : pgn=65359  line=Rx 10368802 1c ff 4f 00 3b 9f ff ff ff c5 40 ff
source=0: pgn=Seatalk: Pilot Heading(65359): values=ManufacturerCode=(1851) IndustryCode=(4) HeadingTrue=(None) HeadingMagnetic=(95.00 deg)

1  : pgn=129038 line=Rx 10368808 11 f8 0e 01 a0 1b c1 44 d6 e0 15 ac
1  : pgn=129038 line=Rx 10368809 11 f8 0e 01 a1 ee 0c b7 e5 56 69 1c
1  : pgn=129038 line=Rx 10368809 11 f8 0e 01 a2 da 6d 22 00 00 00 00
1  : pgn=129038 line=Rx 10368810 11 f8 0e 01 a3 00 ff ff ff 7f f0 fe
32 : pgn=128259 line=Rx 10368865 09 f5 03 20 c8 2e 01 ff ff ff ff ff
source=32: pgn=Speed(128259): values=SpeedWaterReferenced=(3.02 m/s) SpeedGroundReferenced=(None) SpeedWaterReferencedType=(None) SpeedDirection=(None)

3  : pgn=129026 line=Tx 10368867 09 f8 02 03 ff fc 39 4c 42 01 ff ff
source=3: pgn=COG & SOG, Rapid Update(129026): values=COGReference=("0") COG=(111.80 deg) SOG=(3.22 m/s)

3  : pgn=129025 line=Tx 10368867 09 f8 01 03 4b 5b 6f 1c ab d8 fd b6
source=3: pgn=Position, Rapid Update(129025): values=Latitude=(47.705991499999996 deg) Longitude=(-122.4877909 deg)

0  : pgn=127250 line=Rx 10368895 09 f1 12 00 ff 82 40 ff 7f ff 7f fd
source=0: pgn=Vessel Heading(127250): values=Heading=(94.62 deg) Deviation=(None) Variation=(None) Reference=("1")

0  : pgn=127245 line=Rx 10368896 09 f1 0d 00 00 f8 ff 7f 00 00 ff ff
source=0: pgn=Rudder(127245): values=Instance=(0) DirectionOrder=("0") AngleOrder=(None) Position=(0.00 deg)

0  : pgn=65359  line=Rx 10368902 1c ff 4f 00 3b 9f ff ff ff 82 40 ff
source=0: pgn=Seatalk: Pilot Heading(65359): values=ManufacturerCode=(1851) IndustryCode=(4) HeadingTrue=(None) HeadingMagnetic=(94.62 deg)

3  : pgn=129029 line=Tx 10368967 0d f8 05 03 c0 2b af 06 40 3e ba 17
3  : pgn=129029 line=Tx 10368967 0d f8 05 03 c1 2c 00 2e 27 12 77 db
3  : pgn=129029 line=Tx 10368967 0d f8 05 03 c2 9e 06 00 ee d4 0c 08
3  : pgn=129029 line=Tx 10368967 0d f8 05 03 c3 5c 00 ef ff ff ff ff
3  : pgn=129029 line=Tx 10368967 0d f8 05 03 c4 ff ff ff 7f 23 fc 09
3  : pgn=129029 line=Tx 10368967 0d f8 05 03 c5 55 00 ff 7f ff ff ff
3  : pgn=129029 line=Tx 10368967 0d f8 05 03 c6 7f 00 ff ff ff ff ff
3  : pgn=129025 line=Tx 10368967 09 f8 01 03 4b 5b 6f 1c ab d8 fd b6
source=3: pgn=Position, Rapid Update(129025): values=Latitude=(47.705991499999996 deg) Longitude=(-122.4877909 deg)

3  : pgn=129033 line=Tx 10368967 0d f8 09 03 06 40 3e ba 17 2c 5c fe
source=3: pgn=Time & Date(129033): values=Date=(16390 d) Time=(73975.251 s) LocalOffset=(-25200.0 s)

32 : pgn=128259 line=Rx 10368968 09 f5 03 20 c9 2a 01 ff ff ff ff ff
source=32: pgn=Speed(128259): values=SpeedWaterReferenced=(2.98 m/s) SpeedGroundReferenced=(None) SpeedWaterReferencedType=(None) SpeedDirection=(None)

32 : pgn=130310 line=Rx 10368971 15 fd 06 20 f7 ff ff ff ff ff ff ff
source=32: pgn=Environmental Parameters (obsolete)(130310): values=WaterTemperature=(None) OutsideAmbientAirTemperature=(None) AtmosphericPressure=(None)

32 : pgn=128275 line=Rx 10368979 19 f5 13 20 20 0e ff ff ff ff ff ff
32 : pgn=128275 line=Rx 10368984 19 f5 13 20 21 68 ae 3c 00 68 ae 3c
32 : pgn=128275 line=Rx 10368989 19 f5 13 20 22 00 ff ff ff ff ff ff
0  : pgn=127250 line=Rx 10368994 09 f1 12 00 ff 5f 40 ff 7f ff 7f fd
source=0: pgn=Vessel Heading(127250): values=Heading=(94.42 deg) Deviation=(None) Variation=(None) Reference=("1")

0  : pgn=127245 line=Rx 10368995 09 f1 0d 00 00 f8 ff 7f 00 00 ff ff
source=0: pgn=Rudder(127245): values=Instance=(0) DirectionOrder=("0") AngleOrder=(None) Position=(0.00 deg)

0  : pgn=65359  line=Rx 10368999 1c ff 4f 00 3b 9f ff ff ff 5f 40 ff
source=0: pgn=Seatalk: Pilot Heading(65359): values=ManufacturerCode=(1851) IndustryCode=(4) HeadingTrue=(None) HeadingMagnetic=(94.42 deg)

32 : pgn=130846 line=Rx 10368999 1d ff 1e 20 80 0c 3b 9f 04 01 35 56
32 : pgn=130846 line=Rx 10369004 1d ff 1e 20 81 07 09 15 00 d8 04 ff
source=32: pgn=Furuno: Motion Sensor Status Extended(130846): values=ManufacturerCode=(1921) IndustryCode=(0)

1  : pgn=59936  line=Rx 10369022 18 ea 20 01 00 ee 00 00 00 00 00 00
1  : pgn=129038 line=Rx 10369052 11 f8 0e 01 c0 1b c1 aa 4a dc 15 3d
1  : pgn=129038 line=Rx 10369053 11 f8 0e 01 c1 6e 14 b7 df 60 66 1c
1  : pgn=129038 line=Rx 10369053 11 f8 0e 01 c2 d8 85 05 00 00 00 00
1  : pgn=129038 line=Rx 10369054 11 f8 0e 01 c3 00 ff ff ff 7f f0 fe
4  : pgn=126975 line=Rx 10369060 1d ef ff 04 80 07 3b 9f f0 81 90 00
4  : pgn=126975 line=Rx 10369060 1d ef ff 04 81 03 ff ff ff ff ff ff
32 : pgn=128259 line=Rx 10369064 09 f5 03 20 ca 37 01 ff ff ff ff ff
source=32: pgn=Speed(128259): values=SpeedWaterReferenced=(3.11 m/s) SpeedGroundReferenced=(None) SpeedWaterReferencedType=(None) SpeedDirection=(None)

3  : pgn=129026 line=Tx 10369067 09 f8 02 03 ff fc 5c 4c 43 01 ff ff
source=3: pgn=COG & SOG, Rapid Update(129026): values=COGReference=("0") COG=(112.00 deg) SOG=(3.23 m/s)

3  : pgn=129025 line=Tx 10369067 09 f8 01 03 2b 5b 6f 1c e2 d8 fd b6
source=3: pgn=Position, Rapid Update(129025): values=Latitude=(47.7059883 deg) Longitude=(-122.48778539999999 deg)

3  : pgn=126992 line=Tx 10369067 0d f0 10 03 ff ff 06 40 5c c4 17 2c
source=3: pgn=System Time(126992): values=Source=(None) Date=(16390 d) Time=(73975.51000000001 s)

0  : pgn=127250 line=Rx 10369098 09 f1 12 00 ff 22 40 ff 7f ff 7f fd
source=0: pgn=Vessel Heading(127250): values=Heading=(94.07 deg) Deviation=(None) Variation=(None) Reference=("1")

0  : pgn=127245 line=Rx 10369099 09 f1 0d 00 00 f8 ff 7f 00 00 ff ff
source=0: pgn=Rudder(127245): values=Instance=(0) DirectionOrder=("0") AngleOrder=(None) Position=(0.00 deg)

0  : pgn=65359  line=Rx 10369105 1c ff 4f 00 3b 9f ff ff ff 22 40 ff
source=0: pgn=Seatalk: Pilot Heading(65359): values=ManufacturerCode=(1851) IndustryCode=(4) HeadingTrue=(None) HeadingMagnetic=(94.07 deg)

0  : pgn=126975 line=Rx 10369107 1d ef ff 00 c0 08 3b 9f f0 81 9c 11
0  : pgn=126975 line=Rx 10369109 1d ef ff 00 c1 02 00 ff ff ff ff ff
1  : pgn=129038 line=Rx 10369113 11 f8 0e 01 e0 1b c1 8a ff e7 15 f8
1  : pgn=129038 line=Rx 10369114 11 f8 0e 01 e1 67 0e b7 57 31 68 1c
1  : pgn=129038 line=Rx 10369114 11 f8 0e 01 e2 d8 c5 0d 00 00 00 00
1  : pgn=129038 line=Rx 10369115 11 f8 0e 01 e3 00 ff ff ff 7f ff fe
1  : pgn=129039 line=Rx 10369146 11 f8 0f 01 80 1a 12 10 94 d2 15 0d
1  : pgn=129039 line=Rx 10369147 11 f8 0f 01 81 a5 08 b7 e5 55 80 1c
1  : pgn=129039 line=Rx 10369147 11 f8 0f 01 82 db 88 93 ba 01 03 00
1  : pgn=129039 line=Rx 10369148 11 f8 0f 01 83 08 ff ff 00 fc ff ff
32 : pgn=128259 line=Rx 10369163 09 f5 03 20 cb 37 01 ff ff ff ff ff
source=32: pgn=Speed(128259): values=SpeedWaterReferenced=(3.11 m/s) SpeedGroundReferenced=(None) SpeedWaterReferencedType=(None) SpeedDirection=(None)

3  : pgn=129025 line=Tx 10369168 09 f8 01 03 2b 5b 6f 1c e2 d8 fd b6
source=3: pgn=Position, Rapid Update(129025): values=Latitude=(47.7059883 deg) Longitude=(-122.48778539999999 deg)

0  : pgn=127250 line=Rx 10369179 09 f1 12 00 ff 0a 40 ff 7f ff 7f fd
source=0: pgn=Vessel Heading(127250): values=Heading=(93.93 deg) Deviation=(None) Variation=(None) Reference=("1")

0  : pgn=127245 line=Rx 10369180 09 f1 0d 00 00 f8 ff 7f 00 00 ff ff
source=0: pgn=Rudder(127245): values=Instance=(0) DirectionOrder=("0") AngleOrder=(None) Position=(0.00 deg)

0  : pgn=65359  line=Rx 10369184 1c ff 4f 00 3b 9f ff ff ff 0a 40 ff
source=0: pgn=Seatalk: Pilot Heading(65359): values=ManufacturerCode=(1851) IndustryCode=(4) HeadingTrue=(None) HeadingMagnetic=(93.93 deg)

32 : pgn=128259 line=Rx 10369263 09 f5 03 20 cc 32 01 ff ff ff ff ff
source=32: pgn=Speed(128259): values=SpeedWaterReferenced=(3.06 m/s) SpeedGroundReferenced=(None) SpeedWaterReferencedType=(None) SpeedDirection=(None)

1  : pgn=129038 line=Rx 10369267 11 f8 0e 01 00 1b c1 88 b4 f3 15 cf
source=1: pgn=AIS Class A Position Report(129038): values=MessageID=(0) RepeatIndicator=("0") UserID=(3028861211) Longitude=(0.0 deg) Latitude=(0.0 deg) PositionAccuracy=("0") RAIM=("0") TimeStamp=("0") COG=(0.00 deg) SOG=(0.0 m/s) CommunicationState=(0) AISTransceiverinformation=("0") Heading=(0.00 deg) RateofTurn=(0.00 deg/s) NavStatus=("0") SpecialManeuverIndicator=("0") Spare=(0) SequenceID=(0)

1  : pgn=129038 line=Rx 10369268 11 f8 0e 01 01 f8 0d b7 ca c6 63 1c
source=1: pgn=AIS Class A Position Report(129038): values=MessageID=(1) RepeatIndicator=("0") UserID=(3400994296) Longitude=(0.0 deg) Latitude=(0.0 deg) PositionAccuracy=("0") RAIM=("0") TimeStamp=("0") COG=(0.00 deg) SOG=(0.0 m/s) CommunicationState=(0) AISTransceiverinformation=("0") Heading=(0.00 deg) RateofTurn=(0.00 deg/s) NavStatus=("0") SpecialManeuverIndicator=("0") Spare=(0) SequenceID=(0)

1  : pgn=129038 line=Rx 10369268 11 f8 0e 01 02 dd a5 c2 00 00 00 00
source=1: pgn=AIS Class A Position Report(129038): values=MessageID=(2) RepeatIndicator=("0") UserID=(12756445) Longitude=(0.0 deg) Latitude=(0.0 deg) PositionAccuracy=("0") RAIM=("0") TimeStamp=("0") COG=(0.00 deg) SOG=(0.0 m/s) CommunicationState=(0) AISTransceiverinformation=("0") Heading=(0.00 deg) RateofTurn=(0.00 deg/s) NavStatus=("0") SpecialManeuverIndicator=("0") Spare=(0) SequenceID=(0)

3  : pgn=129026 line=Tx 10369268 09 f8 02 03 ff fc 5c 4c 43 01 ff ff
source=3: pgn=COG & SOG, Rapid Update(129026): values=COGReference=("0") COG=(112.00 deg) SOG=(3.23 m/s)

3  : pgn=129025 line=Tx 10369268 09 f8 01 03 2b 5b 6f 1c e2 d8 fd b6
source=3: pgn=Position, Rapid Update(129025): values=Latitude=(47.7059883 deg) Longitude=(-122.48778539999999 deg)

3  : pgn=129291 line=Tx 10369268 0d f9 0b 03 ff fc 63 52 14 00 ff ff
source=3: pgn=Set & Drift, Rapid Update(129291): values=SetReference=("0") Set=(120.84 deg) Drift=(0.2 m/s)

3  : pgn=129044 line=Tx 10369268 19 f8 14 03 a0 14 57 38 34 00 00 00
3  : pgn=129044 line=Tx 10369268 19 f8 14 03 a1 00 00 00 00 00 00 00
3  : pgn=129044 line=Tx 10369268 19 f8 14 03 a2 00 00 00 57 38 34 00
1  : pgn=129038 line=Rx 10369269 11 f8 0e 01 03 00 b7 7a 00 00 f0 fe
source=1: pgn=AIS Class A Position Report(129038): values=MessageID=(3) RepeatIndicator=("0") UserID=(8042240) Longitude=(0.0 deg) Latitude=(0.0 deg) PositionAccuracy=("0") RAIM=("0") TimeStamp=("0") COG=(0.00 deg) SOG=(0.0 m/s) CommunicationState=(0) AISTransceiverinformation=("0") Heading=(0.00 deg) RateofTurn=(0.00 deg/s) NavStatus=("0") SpecialManeuverIndicator=("0") Spare=(0) SequenceID=(0)

0  : pgn=127250 line=Rx 10369308 09 f1 12 00 ff ed 3f ff 7f ff 7f fd
source=0: pgn=Vessel Heading(127250): values=Heading=(93.76 deg) Deviation=(None) Variation=(None) Reference=("1")

0  : pgn=127245 line=Rx 10369309 09 f1 0d 00 00 f8 ff 7f 00 00 ff ff
source=0: pgn=Rudder(127245): values=Instance=(0) DirectionOrder=("0") AngleOrder=(None) Position=(0.00 deg)

0  : pgn=65359  line=Rx 10369316 1c ff 4f 00 3b 9f ff ff ff ed 3f ff
source=0: pgn=Seatalk: Pilot Heading(65359): values=ManufacturerCode=(1851) IndustryCode=(4) HeadingTrue=(None) HeadingMagnetic=(93.76 deg)

1  : pgn=129038 line=Rx 10369329 11 f8 0e 01 20 1b c1 12 f9 de 15 2e
1  : pgn=129038 line=Rx 10369330 11 f8 0e 01 21 85 10 b7 a1 76 67 1c
1  : pgn=129038 line=Rx 10369330 11 f8 0e 01 22 db 0e a2 00 00 01 00
1  : pgn=129038 line=Rx 10369331 11 f8 0e 01 23 08 37 91 00 00 f0 fe
32 : pgn=128259 line=Rx 10369363 09 f5 03 20 cd 38 01 ff ff ff ff ff
source=32: pgn=Speed(128259): values=SpeedWaterReferenced=(3.12 m/s) SpeedGroundReferenced=(None) SpeedWaterReferencedType=(None) SpeedDirection=(None)

3  : pgn=129025 line=Tx 10369369 09 f8 01 03 f8 5a 6f 1c 7a d9 fd b6
0  : pgn=127250 line=Rx 10369378 09 f1 12 00 ff df 3f ff 7f ff 7f fd
source=0: pgn=Vessel Heading(127250): values=Heading=(93.68 deg) Deviation=(None) Variation=(None) Reference=("1")

0  : pgn=127245 line=Rx 10369380 09 f1 0d 00 00 f8 ff 7f 00 00 ff ff
source=0: pgn=Rudder(127245): values=Instance=(0) DirectionOrder=("0") AngleOrder=(None) Position=(0.00 deg)

0  : pgn=65359  line=Rx 10369384 1c ff 4f 00 3b 9f ff ff ff df 3f ff
source=0: pgn=Seatalk: Pilot Heading(65359): values=ManufacturerCode=(1851) IndustryCode=(4) HeadingTrue=(None) HeadingMagnetic=(93.68 deg)

4  : pgn=65384  line=Rx 10369401 1c ff 68 04 3b 9f 00 00 00 00 00 00
32 : pgn=128259 line=Rx 10369462 09 f5 03 20 ce 29 01 ff ff ff ff ff
source=32: pgn=Speed(128259): values=SpeedWaterReferenced=(2.97 m/s) SpeedGroundReferenced=(None) SpeedWaterReferencedType=(None) SpeedDirection=(None)

3  : pgn=129026 line=Tx 10369469 09 f8 02 03 ff fc 7f 4c 45 01 ff ff
source=3: pgn=COG & SOG, Rapid Update(129026): values=COGReference=("0") COG=(112.20 deg) SOG=(3.25 m/s)

3  : pgn=130577 line=Tx 10369469 0d fe 11 03 e0 0e c0 b0 7f 4c 45 01
3  : pgn=130577 line=Tx 10369469 0d fe 11 03 e1 ff ff ff ff 63 52 14
3  : pgn=130577 line=Tx 10369469 0d fe 11 03 e2 00 ff ff ff ff ff ff
3  : pgn=129025 line=Tx 10369469 09 f8 01 03 f8 5a 6f 1c 7a d9 fd b6
3  : pgn=130306 line=Tx 10369469 09 fd 02 03 ff d5 02 2b cb fa ff ff
source=3: pgn=Wind Data(130306): values=WindSpeed=(7.25 m/s) WindAngle=(298.00 deg) Reference=("2")

0  : pgn=127250 line=Rx 10369507 09 f1 12 00 ff e2 3f ff 7f ff 7f fd
source=0: pgn=Vessel Heading(127250): values=Heading=(93.70 deg) Deviation=(None) Variation=(None) Reference=("1")

0  : pgn=127245 line=Rx 10369507 09 f1 0d 00 00 f8 ff 7f 00 00 ff ff
source=0: pgn=Rudder(127245): values=Instance=(0) DirectionOrder=("0") AngleOrder=(None) Position=(0.00 deg)

0  : pgn=65359  line=Rx 10369514 1c ff 4f 00 3b 9f ff ff ff e2 3f ff
source=0: pgn=Seatalk: Pilot Heading(65359): values=ManufacturerCode=(1851) IndustryCode=(4) HeadingTrue=(None) HeadingMagnetic=(93.70 deg)

1  : pgn=129038 line=Rx 10369540 11 f8 0e 01 40 1b c1 aa eb e0 15 25
1  : pgn=129038 line=Rx 10369541 11 f8 0e 01 41 20 0e b7 c5 3b 68 1c
1  : pgn=129038 line=Rx 10369541 11 f8 0e 01 42 dc 97 0b 00 00 00 00
1  : pgn=129038 line=Rx 10369542 11 f8 0e 01 43 00 ff ff ff 7f f8 fe
32 : pgn=128259 line=Rx 10369561 09 f5 03 20 cf 24 01 ff ff ff ff ff
source=32: pgn=Speed(128259): values=SpeedWaterReferenced=(2.92 m/s) SpeedGroundReferenced=(None) SpeedWaterReferencedType=(None) SpeedDirection=(None)

3  : pgn=129283 line=Tx 10369569 0d f9 03 03 ff 7f ff ff ff 7f ff ff
source=3: pgn=Cross Track Error(129283): values=XTEmode=(None) NavigationTerminated=("1") XTE=(None)

3  : pgn=129025 line=Tx 10369570 09 f8 01 03 f8 5a 6f 1c 7a d9 fd b6
source=3: pgn=Position, Rapid Update(129025): values=Latitude=(47.7059832 deg) Longitude=(-122.4877702 deg)

3  : pgn=128267 line=Tx 10369570 0d f5 0b 03 ff 02 3e 00 00 00 00 ff
source=3: pgn=Water Depth(128267): values=Depth=(158.74 m) Offset=(0.0 m) Range=(None)

0  : pgn=127250 line=Rx 10369579 09 f1 12 00 ff f3 3f ff 7f ff 7f fd
source=0: pgn=Vessel Heading(127250): values=Heading=(93.80 deg) Deviation=(None) Variation=(None) Reference=("1")

0  : pgn=127245 line=Rx 10369580 09 f1 0d 00 00 f8 ff 7f 00 00 ff ff
source=0: pgn=Rudder(127245): values=Instance=(0) DirectionOrder=("0") AngleOrder=(None) Position=(0.00 deg)

0  : pgn=65379  line=Rx 10369584 1c ff 63 00 3b 9f 00 00 00 00 01 ff
source=0: pgn=Seatalk: Pilot Mode(65379): values=ManufacturerCode=(1851) IndustryCode=(4) PilotMode=(0) SubMode=(0) PilotModeData=(0)

0  : pgn=65359  line=Rx 10369585 1c ff 4f 00 3b 9f ff ff ff f3 3f ff
source=0: pgn=Seatalk: Pilot Heading(65359): values=ManufacturerCode=(1851) IndustryCode=(4) HeadingTrue=(None) HeadingMagnetic=(93.80 deg)

0  : pgn=126975 line=Rx 10369586 1d ef ff 00 e0 0d 3b 9f f0 81 84 16
0  : pgn=126975 line=Rx 10369588 1d ef ff 00 e1 42 08 00 00 00 02 05
32 : pgn=128259 line=Rx 10369661 09 f5 03 20 d0 20 01 ff ff ff ff ff
source=32: pgn=Speed(128259): values=SpeedWaterReferenced=(2.88 m/s) SpeedGroundReferenced=(None) SpeedWaterReferencedType=(None) SpeedDirection=(None)

1  : pgn=129038 line=Rx 10369664 11 f8 0e 01 60 1b c1 7c 61 df 15 b1
1  : pgn=129038 line=Rx 10369664 11 f8 0e 01 61 64 0f b7 f6 62 68 1c
1  : pgn=129038 line=Rx 10369665 11 f8 0e 01 62 dc 2e 11 00 00 00 00
1  : pgn=129038 line=Rx 10369665 11 f8 0e 01 63 00 ff ff ff 7f f0 fe
3  : pgn=129026 line=Tx 10369672 09 f8 02 03 ff fc b3 4c 44 01 ff ff
source=3: pgn=COG & SOG, Rapid Update(129026): values=COGReference=("0") COG=(112.50 deg) SOG=(3.24 m/s)

3  : pgn=129025 line=Tx 10369672 09 f8 01 03 dd 5a 6f 1c c3 d9 fd b6
source=3: pgn=Position, Rapid Update(129025): values=Latitude=(47.705980499999995 deg) Longitude=(-122.48776289999999 deg)

3  : pgn=129542 line=Tx 10369672 19 fa 06 03 e0 0f b0 56 01 00 00 00
3  : pgn=129542 line=Tx 10369672 19 fa 06 03 e1 00 00 00 00 00 00 00
3  : pgn=129542 line=Tx 10369672 19 fa 06 03 e2 00 00 ff ff ff ff ff
3  : pgn=65364  line=Tx 10369672 1c ff 54 03 3b 9f d5 02 2b cb ff ff
0  : pgn=127250 line=Rx 10369709 09 f1 12 00 ff 18 40 ff 7f ff 7f fd
source=0: pgn=Vessel Heading(127250): values=Heading=(94.01 deg) Deviation=(None) Variation=(None) Reference=("1")

0  : pgn=127245 line=Rx 10369710 09 f1 0d 00 00 f8 ff 7f 00 00 ff ff
source=0: pgn=Rudder(127245): values=Instance=(0) DirectionOrder=("0") AngleOrder=(None) Position=(0.00 deg)

0  : pgn=65359  line=Rx 10369717 1c ff 4f 00 3b 9f ff ff ff 18 40 ff
source=0: pgn=Seatalk: Pilot Heading(65359): values=ManufacturerCode=(1851) IndustryCode=(4) HeadingTrue=(None) HeadingMagnetic=(94.01 deg)

0  : pgn=126975 line=Rx 10369720 1d ef ff 00 00 09 3b 9f f0 81 ae 02
0  : pgn=126975 line=Rx 10369722 1d ef ff 00 01 00 08 00 ff ff ff ff
32 : pgn=128259 line=Rx 10369760 09 f5 03 20 d1 21 01 ff ff ff ff ff
source=32: pgn=Speed(128259): values=SpeedWaterReferenced=(2.89 m/s) SpeedGroundReferenced=(None) SpeedWaterReferencedType=(None) SpeedDirection=(None)

3  : pgn=129540 line=Tx 10369772 19 fa 04 03 20 9f d2 ff 0d 03 97 1a
source=3: pgn=GNSS Sats in View(129540): values=RangeResidualMode=(None) SatsinView=(210) PRN=(None) Elevation=(4.47 deg) Azimuth=(39.00 deg) SNR=(0.0 dB) Rangeresiduals=(0) Status=("0")

3  : pgn=129540 line=Tx 10369772 19 fa 04 03 21 2e 26 00 00 00 00 00
source=3: pgn=GNSS Sats in View(129540): values=RangeResidualMode=("0") SatsinView=(38) PRN=(0) Elevation=(0.00 deg) Azimuth=(0.00 deg) SNR=(0.0 dB) Rangeresiduals=(0) Status=("0")

3  : pgn=129540 line=Tx 10369772 19 fa 04 03 22 00 f3 0f ff 1d ad 3c
source=3: pgn=GNSS Sats in View(129540): values=RangeResidualMode=("0") SatsinView=(243) PRN=(15) Elevation=(44.00 deg) Azimuth=(89.00 deg) SNR=(0.0 dB) Rangeresiduals=(0) Status=("0")

3  : pgn=129540 line=Tx 10369772 19 fa 04 03 23 28 0a 00 00 00 00 f5
source=3: pgn=GNSS Sats in View(129540): values=RangeResidualMode=("0") SatsinView=(10) PRN=(0) Elevation=(0.00 deg) Azimuth=(359.36 deg) SNR=(0.0 dB) Rangeresiduals=(0) Status=("0")

3  : pgn=129540 line=Tx 10369772 19 fa 04 03 24 10 17 13 c2 b8 54 0b
source=3: pgn=GNSS Sats in View(129540): values=RangeResidualMode=("0") SatsinView=(23) PRN=(19) Elevation=(-104.50 deg) Azimuth=(16.62 deg) SNR=(0.0 dB) Rangeresiduals=(0) Status=("0")

3  : pgn=129540 line=Tx 10369772 19 fa 04 03 25 00 00 00 00 f5 12 c5
source=3: pgn=GNSS Sats in View(129540): values=RangeResidualMode=("0") SatsinView=(0) PRN=(0) Elevation=(-16.13 deg) Azimuth=(289.06 deg) SNR=(0.0 dB) Rangeresiduals=(0) Status=("0")

3  : pgn=129540 line=Tx 10369772 19 fa 04 03 26 31 f2 93 48 0d 00 00
source=3: pgn=GNSS Sats in View(129540): values=RangeResidualMode=("1") SatsinView=(242) PRN=(147) Elevation=(19.48 deg) Azimuth=(0.00 deg) SNR=(0.0 dB) Rangeresiduals=(0) Status=("0")

3  : pgn=129540 line=Tx 10369772 19 fa 04 03 27 00 00 f5 13 69 03 1f
source=3: pgn=GNSS Sats in View(129540): values=RangeResidualMode=("0") SatsinView=(0) PRN=(245) Elevation=(154.12 deg) Azimuth=(45.49 deg) SNR=(0.0 dB) Rangeresiduals=(0) Status=("0")

3  : pgn=129540 line=Tx 10369772 19 fa 04 03 28 d8 74 0e 00 00 00 00
source=3: pgn=GNSS Sats in View(129540): values=RangeResidualMode=("0") SatsinView=(116) PRN=(14) Elevation=(0.00 deg) Azimuth=(0.00 deg) SNR=(0.0 dB) Rangeresiduals=(0) Status=("0")

3  : pgn=129540 line=Tx 10369772 19 fa 04 03 29 f5 15 e8 37 17 22 1c
source=3: pgn=GNSS Sats in View(129540): values=RangeResidualMode=("1") SatsinView=(21) PRN=(232) Elevation=(34.05 deg) Azimuth=(41.26 deg) SNR=(0.0 dB) Rangeresiduals=(0) Status=("0")

0  : pgn=127250 line=Rx 10369772 09 f1 12 00 ff 21 40 ff 7f ff 7f fd
source=0: pgn=Vessel Heading(127250): values=Heading=(94.06 deg) Deviation=(None) Variation=(None) Reference=("1")

3  : pgn=129540 line=Tx 10369772 19 fa 04 03 2a 0c 00 00 00 00 f5 16
source=3: pgn=GNSS Sats in View(129540): values=RangeResidualMode=("0") SatsinView=(0) PRN=(0) Elevation=(0.00 deg) Azimuth=(33.67 deg) SNR=(0.0 dB) Rangeresiduals=(0) Status=("0")

3  : pgn=129540 line=Tx 10369773 19 fa 04 03 2b 80 16 7d 9d ac 0d 00
source=3: pgn=GNSS Sats in View(129540): values=RangeResidualMode=("0") SatsinView=(22) PRN=(125) Elevation=(-122.31 deg) Azimuth=(0.07 deg) SNR=(0.0 dB) Rangeresiduals=(0) Status=("0")

0  : pgn=127245 line=Rx 10369774 09 f1 0d 00 00 f8 ff 7f 00 00 ff ff
source=0: pgn=Rudder(127245): values=Instance=(0) DirectionOrder=("0") AngleOrder=(None) Position=(0.00 deg)

3  : pgn=129540 line=Tx 10369774 19 fa 04 03 2c 00 00 00 f5 1a ae 0f
source=3: pgn=GNSS Sats in View(129540): values=RangeResidualMode=("0") SatsinView=(0) PRN=(0) Elevation=(39.54 deg) Azimuth=(23.00 deg) SNR=(0.0 dB) Rangeresiduals=(0) Status=("0")

3  : pgn=129540 line=Tx 10369776 19 fa 04 03 2d 5d 1f 80 0c 00 00 00
source=3: pgn=GNSS Sats in View(129540): values=RangeResidualMode=("1") SatsinView=(31) PRN=(128) Elevation=(0.07 deg) Azimuth=(0.00 deg) SNR=(0.0 dB) Rangeresiduals=(0) Status=("0")

3  : pgn=129540 line=Tx 10369777 19 fa 04 03 2e 00 f5 1b d1 15 ab d2
source=3: pgn=GNSS Sats in View(129540): values=RangeResidualMode=("0") SatsinView=(245) PRN=(27) Elevation=(32.00 deg) Azimuth=(309.00 deg) SNR=(0.0 dB) Rangeresiduals=(0) Status=("0")

3  : pgn=129540 line=Tx 10369777 19 fa 04 03 2f 74 0e 00 00 00 00 f5
source=3: pgn=GNSS Sats in View(129540): values=RangeResidualMode=("0") SatsinView=(14) PRN=(0) Elevation=(0.00 deg) Azimuth=(359.36 deg) SNR=(0.0 dB) Rangeresiduals=(0) Status=("0")

3  : pgn=129540 line=Tx 10369778 19 fa 04 03 30 1d 51 0e a1 67 f0 0a
source=3: pgn=GNSS Sats in View(129540): values=RangeResidualMode=("1") SatsinView=(81) PRN=(14) Elevation=(152.00 deg) Azimuth=(16.04 deg) SNR=(0.0 dB) Rangeresiduals=(0) Status=("0")

3  : pgn=129540 line=Tx 10369779 19 fa 04 03 31 00 00 00 00 f5 23 d1
source=3: pgn=GNSS Sats in View(129540): values=RangeResidualMode=("0") SatsinView=(0) PRN=(0) Elevation=(-16.13 deg) Azimuth=(306.76 deg) SNR=(0.0 dB) Rangeresiduals=(0) Status=("0")

3  : pgn=129540 line=Tx 10369780 19 fa 04 03 32 15 c3 8b 00 00 00 00
source=3: pgn=GNSS Sats in View(129540): values=RangeResidualMode=("1") SatsinView=(195) PRN=(139) Elevation=(0.00 deg) Azimuth=(0.00 deg) SNR=(0.0 dB) Rangeresiduals=(0) Status=("0")

3  : pgn=129540 line=Tx 10369780 19 fa 04 03 33 00 00 f3 30 2e 17 43
source=3: pgn=GNSS Sats in View(129540): values=RangeResidualMode=("0") SatsinView=(0) PRN=(243) Elevation=(67.75 deg) Azimuth=(98.41 deg) SNR=(0.0 dB) Rangeresiduals=(0) Status=("0")

3  : pgn=129540 line=Tx 10369781 19 fa 04 03 34 84 3c 0f 00 00 00 00
source=3: pgn=GNSS Sats in View(129540): values=RangeResidualMode=("0") SatsinView=(60) PRN=(15) Elevation=(0.00 deg) Azimuth=(0.00 deg) SNR=(0.0 dB) Rangeresiduals=(0) Status=("0")

3  : pgn=129540 line=Tx 10369782 19 fa 04 03 35 f5 33 80 16 67 6c 48
source=3: pgn=GNSS Sats in View(129540): values=RangeResidualMode=("1") SatsinView=(51) PRN=(128) Elevation=(151.20 deg) Azimuth=(106.23 deg) SNR=(0.0 dB) Rangeresiduals=(0) Status=("0")

3  : pgn=129540 line=Tx 10369782 19 fa 04 03 36 0d 00 00 00 00 f5 ff
source=3: pgn=GNSS Sats in View(129540): values=RangeResidualMode=("1") SatsinView=(0) PRN=(0) Elevation=(0.00 deg) Azimuth=(375.43 deg) SNR=(0.0 dB) Rangeresiduals=(0) Status=("0")

3  : pgn=129025 line=Tx 10369783 09 f8 01 03 dd 5a 6f 1c c3 d9 fd b6
source=3: pgn=Position, Rapid Update(129025): values=Latitude=(47.705980499999995 deg) Longitude=(-122.48776289999999 deg)

3  : pgn=127258 line=Tx 10369784 19 f1 1a 03 ff f6 12 39 fa 0a ff ff
source=3: pgn=Magnetic Variation(127258): values=Source=("6") Ageofservice=(14610 d) Variation=(16.10 deg)

3  : pgn=65311  line=Tx 10369785 1c ff 1f 03 3b 9f ff fa 0a ff ff ff
0  : pgn=65359  line=Rx 10369791 1c ff 4f 00 3b 9f ff ff ff 21 40 ff
source=0: pgn=Seatalk: Pilot Heading(65359): values=ManufacturerCode=(1851) IndustryCode=(4) HeadingTrue=(None) HeadingMagnetic=(94.06 deg)

1  : pgn=129038 line=Rx 10369814 11 f8 0e 01 80 1b c3 24 90 db 15 a6
1  : pgn=129038 line=Rx 10369815 11 f8 0e 01 81 94 01 b7 c2 20 52 1c
1  : pgn=129038 line=Rx 10369815 11 f8 0e 01 82 e1 f7 8e 86 01 00 00
1  : pgn=129038 line=Rx 10369816 11 f8 0e 01 83 00 20 8d d2 e5 f0 fe
32 : pgn=128259 line=Rx 10369860 09 f5 03 20 d2 24 01 ff ff ff ff ff
source=32: pgn=Speed(128259): values=SpeedWaterReferenced=(2.92 m/s) SpeedGroundReferenced=(None) SpeedWaterReferencedType=(None) SpeedDirection=(None)

3  : pgn=129026 line=Tx 10369873 09 f8 02 03 ff fc d6 4c 43 01 ff ff
source=3: pgn=COG & SOG, Rapid Update(129026): values=COGReference=("0") COG=(112.70 deg) SOG=(3.23 m/s)

3  : pgn=129025 line=Tx 10369873 09 f8 01 03 c8 5a 6f 1c 0e da fd b6
source=3: pgn=Position, Rapid Update(129025): values=Latitude=(47.7059784 deg) Longitude=(-122.4877554 deg)

0  : pgn=127250 line=Rx 10369901 09 f1 12 00 ff 40 40 ff 7f ff 7f fd
source=0: pgn=Vessel Heading(127250): values=Heading=(94.24 deg) Deviation=(None) Variation=(None) Reference=("1")

0  : pgn=127245 line=Rx 10369902 09 f1 0d 00 00 f8 ff 7f 00 00 ff ff
source=0: pgn=Rudder(127245): values=Instance=(0) DirectionOrder=("0") AngleOrder=(None) Position=(0.00 deg)

0  : pgn=65359  line=Rx 10369908 1c ff 4f 00 3b 9f ff ff ff 40 40 ff
source=0: pgn=Seatalk: Pilot Heading(65359): values=ManufacturerCode=(1851) IndustryCode=(4) HeadingTrue=(None) HeadingMagnetic=(94.24 deg)

32 : pgn=128259 line=Rx 10369962 09 f5 03 20 d3 26 01 ff ff ff ff ff
source=32: pgn=Speed(128259): values=SpeedWaterReferenced=(2.94 m/s) SpeedGroundReferenced=(None) SpeedWaterReferencedType=(None) SpeedDirection=(None)

32 : pgn=130310 line=Rx 10369965 15 fd 06 20 f8 ff ff ff ff ff ff ff
source=32: pgn=Environmental Parameters (obsolete)(130310): values=WaterTemperature=(None) OutsideAmbientAirTemperature=(None) AtmosphericPressure=(None)

3  : pgn=129029 line=Tx 10369973 0d f8 05 03 e0 2b b0 06 40 58 e1 17
3  : pgn=129029 line=Tx 10369973 0d f8 05 03 e1 2c 00 d0 f1 91 58 db
3  : pgn=129029 line=Tx 10369973 0d f8 05 03 e2 9e 06 00 0c 7b b4 5a
3  : pgn=129029 line=Tx 10369973 0d f8 05 03 e3 5c 00 ef ff ff ff ff
3  : pgn=129029 line=Tx 10369973 0d f8 05 03 e4 ff ff ff 7f 23 fc 09
3  : pgn=129029 line=Tx 10369973 0d f8 05 03 e5 55 00 ff 7f ff ff ff
3  : pgn=129029 line=Tx 10369973 0d f8 05 03 e6 7f 00 ff ff ff ff ff
3  : pgn=129025 line=Tx 10369973 09 f8 01 03 c8 5a 6f 1c 0e da fd b6
source=3: pgn=Position, Rapid Update(129025): values=Latitude=(47.7059784 deg) Longitude=(-122.4877554 deg)

3  : pgn=129033 line=Tx 10369973 0d f8 09 03 06 40 58 e1 17 2c 5c fe
source=3: pgn=Time & Date(129033): values=Date=(16390 d) Time=(73976.25200000001 s) LocalOffset=(-25200.0 s)

0  : pgn=127250 line=Rx 10369974 09 f1 12 00 ff 47 40 ff 7f ff 7f fd
source=0: pgn=Vessel Heading(127250): values=Heading=(94.28 deg) Deviation=(None) Variation=(None) Reference=("1")

32 : pgn=128275 line=Rx 10369975 19 f5 13 20 40 0e ff ff ff ff ff ff
0  : pgn=127245 line=Rx 10369976 09 f1 0d 00 00 f8 ff 7f 00 00 ff ff
source=0: pgn=Rudder(127245): values=Instance=(0) DirectionOrder=("0") AngleOrder=(None) Position=(0.00 deg)

32 : pgn=128275 line=Rx 10369979 19 f5 13 20 41 68 ae 3c 00 68 ae 3c
32 : pgn=128275 line=Rx 10369984 19 f5 13 20 42 00 ff ff ff ff ff ff
1  : pgn=59936  line=Rx 10369997 18 ea 20 01 00 ee 00 00 00 00 00 00
1  : pgn=129038 line=Rx 10369998 11 f8 0e 01 a0 1b c1 2e 9d e2 15 14
1  : pgn=129038 line=Rx 10369998 11 f8 0e 01 a1 75 0c b7 01 e4 68 1c
1  : pgn=129038 line=Rx 10369999 11 f8 0e 01 a2 e0 85 0b 00 00 00 00
1  : pgn=129038 line=Rx 10369999 11 f8 0e 01 a3 00 ff ff ff 7f f0 fe
0  : pgn=65359  line=Rx 10370002 1c ff 4f 00 3b 9f ff ff ff 47 40 ff
source=0: pgn=Seatalk: Pilot Heading(65359): values=ManufacturerCode=(1851) IndustryCode=(4) HeadingTrue=(None) HeadingMagnetic=(94.28 deg)

32 : pgn=128259 line=Rx 10370059 09 f5 03 20 d4 33 01 ff ff ff ff ff
0  : pgn=127250 line=Rx 10370072 09 f1 12 00 ff 49 40 ff 7f ff 7f fd
source=0: pgn=Vessel Heading(127250): values=Heading=(94.29 deg) Deviation=(None) Variation=(None) Reference=("1")

3  : pgn=129026 line=Tx 10370073 09 f8 02 03 ff fc d6 4c 43 01 ff ff
source=3: pgn=COG & SOG, Rapid Update(129026): values=COGReference=("0") COG=(112.70 deg) SOG=(3.23 m/s)

3  : pgn=129025 line=Tx 10370073 09 f8 01 03 c8 5a 6f 1c 0e da fd b6
source=3: pgn=Position, Rapid Update(129025): values=Latitude=(47.7059784 deg) Longitude=(-122.4877554 deg)

3  : pgn=126992 line=Tx 10370073 0d f0 10 03 ff ff 06 40 58 e1 17 2c
source=3: pgn=System Time(126992): values=Source=(None) Date=(16390 d) Time=(73976.25200000001 s)

0  : pgn=127245 line=Rx 10370073 09 f1 0d 00 00 f8 ff 7f 00 00 ff ff
source=0: pgn=Rudder(127245): values=Instance=(0) DirectionOrder=("0") AngleOrder=(None) Position=(0.00 deg)

0  : pgn=65359  line=Rx 10370089 1c ff 4f 00 3b 9f ff ff ff 49 40 ff
source=0: pgn=Seatalk: Pilot Heading(65359): values=ManufacturerCode=(1851) IndustryCode=(4) HeadingTrue=(None) HeadingMagnetic=(94.29 deg)

0  : pgn=126975 line=Rx 10370103 1d ef ff 00 20 08 3b 9f f0 81 9c 51
0  : pgn=126975 line=Rx 10370105 1d ef ff 00 21 02 00 ff ff ff ff ff
32 : pgn=128259 line=Rx 10370159 09 f5 03 20 d5 2b 01 ff ff ff ff ff
source=32: pgn=Speed(128259): values=SpeedWaterReferenced=(2.99 m/s) SpeedGroundReferenced=(None) SpeedWaterReferencedType=(None) SpeedDirection=(None)

3  : pgn=129025 line=Tx 10370175 09 f8 01 03 a6 5a 6f 1c a9 da fd b6
source=3: pgn=Position, Rapid Update(129025): values=Latitude=(47.705974999999995 deg) Longitude=(-122.4877399 deg)

0  : pgn=127250 line=Rx 10370181 09 f1 12 00 ff 3f 40 ff 7f ff 7f fd
source=0: pgn=Vessel Heading(127250): values=Heading=(94.23 deg) Deviation=(None) Variation=(None) Reference=("1")

0  : pgn=127245 line=Rx 10370182 09 f1 0d 00 00 f8 ff 7f 00 00 ff ff
source=0: pgn=Rudder(127245): values=Instance=(0) DirectionOrder=("0") AngleOrder=(None) Position=(0.00 deg)

0  : pgn=65359  line=Rx 10370187 1c ff 4f 00 3b 9f ff ff ff 3f 40 ff
source=0: pgn=Seatalk: Pilot Heading(65359): values=ManufacturerCode=(1851) IndustryCode=(4) HeadingTrue=(None) HeadingMagnetic=(94.23 deg)

1  : pgn=129038 line=Rx 10370207 11 f8 0e 01 c0 1b c1 a8 2c e8 15 04
1  : pgn=129038 line=Rx 10370208 11 f8 0e 01 c1 ca 0c b7 3b 77 69 1c
1  : pgn=129038 line=Rx 10370208 11 f8 0e 01 c2 dc d1 0f 00 00 00 00
1  : pgn=129038 line=Rx 10370209 11 f8 0e 01 c3 00 ff ff ff 7f ff fe
32 : pgn=128259 line=Rx 10370258 09 f5 03 20 d6 29 01 ff ff ff ff ff
source=32: pgn=Speed(128259): values=SpeedWaterReferenced=(2.97 m/s) SpeedGroundReferenced=(None) SpeedWaterReferencedType=(None) SpeedDirection=(None)

3  : pgn=129026 line=Tx 10370275 09 f8 02 03 ff fc e7 4c 45 01 ff ff
source=3: pgn=COG & SOG, Rapid Update(129026): values=COGReference=("0") COG=(112.80 deg) SOG=(3.25 m/s)

3  : pgn=129025 line=Tx 10370275 09 f8 01 03 a6 5a 6f 1c a9 da fd b6
source=3: pgn=Position, Rapid Update(129025): values=Latitude=(47.705974999999995 deg) Longitude=(-122.4877399 deg)

3  : pgn=129291 line=Tx 10370275 0d f9 0b 03 ff fc 72 5a 24 00 ff ff
source=3: pgn=Set & Drift, Rapid Update(129291): values=SetReference=("0") Set=(132.66 deg) Drift=(0.36 m/s)

3  : pgn=65362  line=Tx 10370275 1c ff 52 03 3b 9f 90 9d ff ff ff ff
0  : pgn=127250 line=Rx 10370303 09 f1 12 00 ff 33 40 ff 7f ff 7f fd
source=0: pgn=Vessel Heading(127250): values=Heading=(94.17 deg) Deviation=(None) Variation=(None) Reference=("1")

0  : pgn=127245 line=Rx 10370304 09 f1 0d 00 00 f8 ff 7f 00 00 ff ff
source=0: pgn=Rudder(127245): values=Instance=(0) DirectionOrder=("0") AngleOrder=(None) Position=(0.00 deg)

0  : pgn=65359  line=Rx 10370311 1c ff 4f 00 3b 9f ff ff ff 33 40 ff
source=0: pgn=Seatalk: Pilot Heading(65359): values=ManufacturerCode=(1851) IndustryCode=(4) HeadingTrue=(None) HeadingMagnetic=(94.17 deg)

32 : pgn=128259 line=Rx 10370358 09 f5 03 20 d7 2c 01 ff ff ff ff ff
source=32: pgn=Speed(128259): values=SpeedWaterReferenced=(3.0 m/s) SpeedGroundReferenced=(None) SpeedWaterReferencedType=(None) SpeedDirection=(None)

0  : pgn=127250 line=Rx 10370372 09 f1 12 00 ff 17 40 ff 7f ff 7f fd
source=0: pgn=Vessel Heading(127250): values=Heading=(94.01 deg) Deviation=(None) Variation=(None) Reference=("1")

0  : pgn=127245 line=Rx 10370373 09 f1 0d 00 00 f8 ff 7f 00 00 ff ff
source=0: pgn=Rudder(127245): values=Instance=(0) DirectionOrder=("0") AngleOrder=(None) Position=(0.00 deg)

3  : pgn=129025 line=Tx 10370375 09 f8 01 03 a6 5a 6f 1c a9 da fd b6
source=3: pgn=Position, Rapid Update(129025): values=Latitude=(47.705974999999995 deg) Longitude=(-122.4877399 deg)

0  : pgn=65359  line=Rx 10370381 1c ff 4f 00 3b 9f ff ff ff 17 40 ff
source=0: pgn=Seatalk: Pilot Heading(65359): values=ManufacturerCode=(1851) IndustryCode=(4) HeadingTrue=(None) HeadingMagnetic=(94.01 deg)

4  : pgn=65384  line=Rx 10370401 1c ff 68 04 3b 9f 00 00 00 00 00 00
32 : pgn=128259 line=Rx 10370457 09 f5 03 20 d8 2f 01 ff ff ff ff ff
source=32: pgn=Speed(128259): values=SpeedWaterReferenced=(3.0300000000000002 m/s) SpeedGroundReferenced=(None) SpeedWaterReferencedType=(None) SpeedDirection=(None)

3  : pgn=129026 line=Tx 10370475 09 f8 02 03 ff fc f9 4c 49 01 ff ff
source=3: pgn=COG & SOG, Rapid Update(129026): values=COGReference=("0") COG=(112.90 deg) SOG=(3.29 m/s)

3  : pgn=130577 line=Tx 10370475 0d fe 11 03 00 0e c0 b1 f9 4c 49 01
source=3: pgn=Direction Data(130577): values=DataMode=("0") COGReference=("0") COG=(260.72 deg) SOG=(197.05 m/s) Heading=(1.89 deg) SpeedthroughWater=(0.0 m/s) Set=(0.00 deg) Drift=(0.0 m/s)

3  : pgn=130577 line=Tx 10370475 0d fe 11 03 01 ff ff ff ff 72 5a 24
source=3: pgn=Direction Data(130577): values=DataMode=("1") COGReference=("0") COG=(None) SOG=(294.39 m/s) Heading=(53.32 deg) SpeedthroughWater=(0.0 m/s) Set=(0.00 deg) Drift=(0.0 m/s)

3  : pgn=130577 line=Tx 10370475 0d fe 11 03 02 00 ff ff ff ff ff ff
source=3: pgn=Direction Data(130577): values=DataMode=("2") COGReference=("0") COG=(None) SOG=(None) Heading=(None) SpeedthroughWater=(0.0 m/s) Set=(0.00 deg) Drift=(0.0 m/s)

3  : pgn=129025 line=Tx 10370475 09 f8 01 03 93 5a 6f 1c f8 da fd b6
source=3: pgn=Position, Rapid Update(129025): values=Latitude=(47.7059731 deg) Longitude=(-122.487732 deg)

3  : pgn=130306 line=Tx 10370475 09 fd 02 03 ff d5 02 2b cb fa ff ff
source=3: pgn=Wind Data(130306): values=WindSpeed=(7.25 m/s) WindAngle=(298.00 deg) Reference=("2")

0  : pgn=127250 line=Rx 10370476 09 f1 12 00 ff 05 40 ff 7f ff 7f fd
source=0: pgn=Vessel Heading(127250): values=Heading=(93.90 deg) Deviation=(None) Variation=(None) Reference=("1")

0  : pgn=127245 line=Rx 10370477 09 f1 0d 00 00 f8 ff 7f 00 00 ff ff
source=0: pgn=Rudder(127245): values=Instance=(0) DirectionOrder=("0") AngleOrder=(None) Position=(0.00 deg)

0  : pgn=65359  line=Rx 10370497 1c ff 4f 00 3b 9f ff ff ff 05 40 ff
source=0: pgn=Seatalk: Pilot Heading(65359): values=ManufacturerCode=(1851) IndustryCode=(4) HeadingTrue=(None) HeadingMagnetic=(93.90 deg)

1  : pgn=129038 line=Rx 10370540 11 f8 0e 01 e0 1b c1 58 f2 20 0d 77
1  : pgn=129038 line=Rx 10370540 11 f8 0e 01 e1 88 13 b7 2f 4d 5d 1c
1  : pgn=129038 line=Rx 10370541 11 f8 0e 01 e2 dc b1 82 25 01 00 00
1  : pgn=129038 line=Rx 10370542 11 f8 0e 01 e3 00 14 7c 00 00 f5 fe
32 : pgn=128259 line=Rx 10370557 09 f5 03 20 d9 2b 01 ff ff ff ff ff
source=32: pgn=Speed(128259): values=SpeedWaterReferenced=(2.99 m/s) SpeedGroundReferenced=(None) SpeedWaterReferencedType=(None) SpeedDirection=(None)

0  : pgn=127250 line=Rx 10370572 09 f1 12 00 ff d5 3f ff 7f ff 7f fd
source=0: pgn=Vessel Heading(127250): values=Heading=(93.63 deg) Deviation=(None) Variation=(None) Reference=("1")

0  : pgn=127245 line=Rx 10370573 09 f1 0d 00 00 f8 ff 7f 00 00 ff ff
source=0: pgn=Rudder(127245): values=Instance=(0) DirectionOrder=("0") AngleOrder=(None) Position=(0.00 deg)

3  : pgn=129283 line=Tx 10370575 0d f9 03 03 ff 7f ff ff ff 7f ff ff
source=3: pgn=Cross Track Error(129283): values=XTEmode=(None) NavigationTerminated=("1") XTE=(None)

3  : pgn=129025 line=Tx 10370575 09 f8 01 03 93 5a 6f 1c f8 da fd b6
source=3: pgn=Position, Rapid Update(129025): values=Latitude=(47.7059731 deg) Longitude=(-122.487732 deg)

3  : pgn=128267 line=Tx 10370575 0d f5 0b 03 ff 0b 3e 00 00 00 00 ff
source=3: pgn=Water Depth(128267): values=Depth=(158.83 m) Offset=(0.0 m) Range=(None)

0  : pgn=65379  line=Rx 10370582 1c ff 63 00 3b 9f 00 00 00 00 01 ff
source=0: pgn=Seatalk: Pilot Mode(65379): values=ManufacturerCode=(1851) IndustryCode=(4) PilotMode=(0) SubMode=(0) PilotModeData=(0)

0  : pgn=65359  line=Rx 10370584 1c ff 4f 00 3b 9f ff ff ff d5 3f ff
source=0: pgn=Seatalk: Pilot Heading(65359): values=ManufacturerCode=(1851) IndustryCode=(4) HeadingTrue=(None) HeadingMagnetic=(93.63 deg)

0  : pgn=126975 line=Rx 10370585 1d ef ff 00 40 0d 3b 9f f0 81 84 d6
0  : pgn=126975 line=Rx 10370587 1d ef ff 00 41 41 07 00 00 00 02 05
32 : pgn=128259 line=Rx 10370656 09 f5 03 20 da 37 01 ff ff ff ff ff
source=32: pgn=Speed(128259): values=SpeedWaterReferenced=(3.11 m/s) SpeedGroundReferenced=(None) SpeedWaterReferencedType=(None) SpeedDirection=(None)

3  : pgn=129026 line=Tx 10370677 09 f8 02 03 ff fc 27 4c 4a 01 ff ff
source=3: pgn=COG & SOG, Rapid Update(129026): values=COGReference=("0") COG=(111.70 deg) SOG=(3.3000000000000003 m/s)

3  : pgn=129025 line=Tx 10370677 09 f8 01 03 a5 5a 6f 1c 56 db fd b6
source=3: pgn=Position, Rapid Update(129025): values=Latitude=(47.7059749 deg) Longitude=(-122.4877226 deg)

3  : pgn=129542 line=Tx 10370677 19 fa 06 03 00 0f b1 5c 01 00 00 00
source=3: pgn=GNSS Pseudorange Noise Statistics(129542): values=RMSofPositionUncertainty=(45327) STDofMajoraxis=(92) STDofMinoraxis=(1) OrientationofMajoraxis=(0) STDofLatError=(0) STDofLonError=(0) STDofAltError=(0)

3  : pgn=129542 line=Tx 10370677 19 fa 06 03 01 00 00 00 00 00 00 00
source=3: pgn=GNSS Pseudorange Noise Statistics(129542): values=RMSofPositionUncertainty=(0) STDofMajoraxis=(0) STDofMinoraxis=(0) OrientationofMajoraxis=(0) STDofLatError=(0) STDofLonError=(0) STDofAltError=(0)

3  : pgn=129542 line=Tx 10370677 19 fa 06 03 02 00 00 ff ff ff ff ff
source=3: pgn=GNSS Pseudorange Noise Statistics(129542): values=RMSofPositionUncertainty=(0) STDofMajoraxis=(None) STDofMinoraxis=(None) OrientationofMajoraxis=(None) STDofLatError=(None) STDofLonError=(None) STDofAltError=(0)

3  : pgn=65364  line=Tx 10370677 1c ff 54 03 3b 9f d5 02 2b cb ff ff
3  : pgn=130846 line=Tx 10370677 1d ff 1e 03 a0 0c 3b 9f 0b 1a 13 cc
source=3: pgn=Furuno: Motion Sensor Status Extended(130846): values=ManufacturerCode=(1184) IndustryCode=(0)

3  : pgn=130846 line=Tx 10370677 1d ff 1e 03 a1 05 01 40 01 ff ff ff
source=3: pgn=Furuno: Motion Sensor Status Extended(130846): values=ManufacturerCode=(1441) IndustryCode=(0)

0  : pgn=127250 line=Rx 10370691 09 f1 12 00 ff a3 3f ff 7f ff 7f fd
source=0: pgn=Vessel Heading(127250): values=Heading=(93.34 deg) Deviation=(None) Variation=(None) Reference=("1")

0  : pgn=127245 line=Rx 10370692 09 f1 0d 00 00 f8 ff 7f 00 00 ff ff
source=0: pgn=Rudder(127245): values=Instance=(0) DirectionOrder=("0") AngleOrder=(None) Position=(0.00 deg)

0  : pgn=65359  line=Rx 10370698 1c ff 4f 00 3b 9f ff ff ff a3 3f ff
source=0: pgn=Seatalk: Pilot Heading(65359): values=ManufacturerCode=(1851) IndustryCode=(4) HeadingTrue=(None) HeadingMagnetic=(93.34 deg)

0  : pgn=126975 line=Rx 10370701 1d ef ff 00 60 09 3b 9f f0 81 ae 02
0  : pgn=126975 line=Rx 10370704 1d ef ff 00 61 00 08 00 ff ff ff ff
1  : pgn=129041 line=Rx 10370722 11 f8 11 01 c0 30 55 75 89 3a 3b 6d
1  : pgn=129041 line=Rx 10370723 11 f8 11 01 c1 8b 0a b7 5b f8 47 1c
1  : pgn=129041 line=Rx 10370723 11 f8 11 01 c2 f4 00 00 00 00 00 00
1  : pgn=129041 line=Rx 10370724 11 f8 11 01 c3 ff ff 12 ee ff e1 16
1  : pgn=129041 line=Rx 10370724 11 f8 11 01 c4 01 50 53 20 54 53 4c
1  : pgn=129041 line=Rx 10370725 11 f8 11 01 c5 20 4c 42 20 54 41 20
1  : pgn=129041 line=Rx 10370725 11 f8 11 01 c6 20 20 20 20 20 20 20
32 : pgn=128259 line=Rx 10370756 09 f5 03 20 db 3a 01 ff ff ff ff ff
source=32: pgn=Speed(128259): values=SpeedWaterReferenced=(3.14 m/s) SpeedGroundReferenced=(None) SpeedWaterReferencedType=(None) SpeedDirection=(None)

0  : pgn=127250 line=Rx 10370772 09 f1 12 00 ff 91 3f ff 7f ff 7f fd
source=0: pgn=Vessel Heading(127250): values=Heading=(93.24 deg) Deviation=(None) Variation=(None) Reference=("1")

0  : pgn=127245 line=Rx 10370773 09 f1 0d 00 00 f8 ff 7f 00 00 ff ff
source=0: pgn=Rudder(127245): values=Instance=(0) DirectionOrder=("0") AngleOrder=(None) Position=(0.00 deg)

3  : pgn=129540 line=Tx 10370777 19 fa 04 03 40 9f d3 ff 0d 03 97 1a
source=3: pgn=GNSS Sats in View(129540): values=RangeResidualMode=(None) SatsinView=(211) PRN=(None) Elevation=(4.47 deg) Azimuth=(39.00 deg) SNR=(0.0 dB) Rangeresiduals=(0) Status=("0")

3  : pgn=129540 line=Tx 10370777 19 fa 04 03 41 2e 26 00 00 00 00 00
source=3: pgn=GNSS Sats in View(129540): values=RangeResidualMode=("0") SatsinView=(38) PRN=(0) Elevation=(0.00 deg) Azimuth=(0.00 deg) SNR=(0.0 dB) Rangeresiduals=(0) Status=("0")

3  : pgn=129540 line=Tx 10370777 19 fa 04 03 42 00 f3 0f ff 1d ad 3c
source=3: pgn=GNSS Sats in View(129540): values=RangeResidualMode=("0") SatsinView=(243) PRN=(15) Elevation=(44.00 deg) Azimuth=(89.00 deg) SNR=(0.0 dB) Rangeresiduals=(0) Status=("0")

3  : pgn=129540 line=Tx 10370777 19 fa 04 03 43 f0 0a 00 00 00 00 f5
source=3: pgn=GNSS Sats in View(129540): values=RangeResidualMode=("0") SatsinView=(10) PRN=(0) Elevation=(0.00 deg) Azimuth=(359.36 deg) SNR=(0.0 dB) Rangeresiduals=(0) Status=("0")

3  : pgn=129540 line=Tx 10370777 19 fa 04 03 44 10 17 13 c2 b8 54 0b
source=3: pgn=GNSS Sats in View(129540): values=RangeResidualMode=("0") SatsinView=(23) PRN=(19) Elevation=(-104.50 deg) Azimuth=(16.62 deg) SNR=(0.0 dB) Rangeresiduals=(0) Status=("0")

3  : pgn=129540 line=Tx 10370777 19 fa 04 03 45 00 00 00 00 f5 12 c5
source=3: pgn=GNSS Sats in View(129540): values=RangeResidualMode=("0") SatsinView=(0) PRN=(0) Elevation=(-16.13 deg) Azimuth=(289.06 deg) SNR=(0.0 dB) Rangeresiduals=(0) Status=("0")

3  : pgn=129540 line=Tx 10370777 19 fa 04 03 46 31 f2 93 ac 0d 00 00
source=3: pgn=GNSS Sats in View(129540): values=RangeResidualMode=("1") SatsinView=(242) PRN=(147) Elevation=(20.05 deg) Azimuth=(0.00 deg) SNR=(0.0 dB) Rangeresiduals=(0) Status=("0")

3  : pgn=129540 line=Tx 10370777 19 fa 04 03 47 00 00 f5 13 69 03 1f
source=3: pgn=GNSS Sats in View(129540): values=RangeResidualMode=("0") SatsinView=(0) PRN=(245) Elevation=(154.12 deg) Azimuth=(45.49 deg) SNR=(0.0 dB) Rangeresiduals=(0) Status=("0")

3  : pgn=129540 line=Tx 10370777 19 fa 04 03 48 d8 74 0e 00 00 00 00
source=3: pgn=GNSS Sats in View(129540): values=RangeResidualMode=("0") SatsinView=(116) PRN=(14) Elevation=(0.00 deg) Azimuth=(0.00 deg) SNR=(0.0 dB) Rangeresiduals=(0) Status=("0")

3  : pgn=129540 line=Tx 10370777 19 fa 04 03 49 f5 15 e8 37 17 22 48
source=3: pgn=GNSS Sats in View(129540): values=RangeResidualMode=("1") SatsinView=(21) PRN=(232) Elevation=(34.05 deg) Azimuth=(105.80 deg) SNR=(0.0 dB) Rangeresiduals=(0) Status=("0")

3  : pgn=129540 line=Tx 10370777 19 fa 04 03 4a 0d 00 00 00 00 f5 16
source=3: pgn=GNSS Sats in View(129540): values=RangeResidualMode=("1") SatsinView=(0) PRN=(0) Elevation=(0.00 deg) Azimuth=(33.67 deg) SNR=(0.0 dB) Rangeresiduals=(0) Status=("0")

3  : pgn=129540 line=Tx 10370778 19 fa 04 03 4b 80 16 7d 9d cc 10 00
source=3: pgn=GNSS Sats in View(129540): values=RangeResidualMode=("0") SatsinView=(22) PRN=(125) Elevation=(-75.37 deg) Azimuth=(0.09 deg) SNR=(0.0 dB) Rangeresiduals=(0) Status=("0")

3  : pgn=129540 line=Tx 10370779 19 fa 04 03 4c 00 00 00 f5 1a ae 0f
source=3: pgn=GNSS Sats in View(129540): values=RangeResidualMode=("0") SatsinView=(0) PRN=(0) Elevation=(39.54 deg) Azimuth=(23.00 deg) SNR=(0.0 dB) Rangeresiduals=(0) Status=("0")

0  : pgn=65359  line=Rx 10370780 1c ff 4f 00 3b 9f ff ff ff 91 3f ff
source=0: pgn=Seatalk: Pilot Heading(65359): values=ManufacturerCode=(1851) IndustryCode=(4) HeadingTrue=(None) HeadingMagnetic=(93.24 deg)

3  : pgn=129540 line=Tx 10370781 19 fa 04 03 4d 5d 1f 1c 0c 00 00 00
source=3: pgn=GNSS Sats in View(129540): values=RangeResidualMode=("1") SatsinView=(31) PRN=(28) Elevation=(0.07 deg) Azimuth=(0.00 deg) SNR=(0.0 dB) Rangeresiduals=(0) Status=("0")

3  : pgn=129540 line=Tx 10370782 19 fa 04 03 4e 00 f5 1b d1 15 ab d2
source=3: pgn=GNSS Sats in View(129540): values=RangeResidualMode=("0") SatsinView=(245) PRN=(27) Elevation=(32.00 deg) Azimuth=(309.00 deg) SNR=(0.0 dB) Rangeresiduals=(0) Status=("0")

3  : pgn=129540 line=Tx 10370782 19 fa 04 03 4f 74 0e 00 00 00 00 f5
source=3: pgn=GNSS Sats in View(129540): values=RangeResidualMode=("0") SatsinView=(14) PRN=(0) Elevation=(0.00 deg) Azimuth=(359.36 deg) SNR=(0.0 dB) Rangeresiduals=(0) Status=("0")

3  : pgn=129540 line=Tx 10370783 19 fa 04 03 50 1d 51 0e a1 67 d8 0e
source=3: pgn=GNSS Sats in View(129540): values=RangeResidualMode=("1") SatsinView=(81) PRN=(14) Elevation=(152.00 deg) Azimuth=(21.77 deg) SNR=(0.0 dB) Rangeresiduals=(0) Status=("0")

3  : pgn=129540 line=Tx 10370784 19 fa 04 03 51 00 00 00 00 f5 23 d1
source=3: pgn=GNSS Sats in View(129540): values=RangeResidualMode=("0") SatsinView=(0) PRN=(0) Elevation=(-16.13 deg) Azimuth=(306.76 deg) SNR=(0.0 dB) Rangeresiduals=(0) Status=("0")

3  : pgn=129540 line=Tx 10370785 19 fa 04 03 52 15 c3 8b 00 00 00 00
source=3: pgn=GNSS Sats in View(129540): values=RangeResidualMode=("1") SatsinView=(195) PRN=(139) Elevation=(0.00 deg) Azimuth=(0.00 deg) SNR=(0.0 dB) Rangeresiduals=(0) Status=("0")

3  : pgn=129540 line=Tx 10370785 19 fa 04 03 53 00 00 f3 30 2e 17 43
source=3: pgn=GNSS Sats in View(129540): values=RangeResidualMode=("0") SatsinView=(0) PRN=(243) Elevation=(67.75 deg) Azimuth=(98.41 deg) SNR=(0.0 dB) Rangeresiduals=(0) Status=("0")

3  : pgn=129540 line=Tx 10370786 19 fa 04 03 54 84 a0 0f 00 00 00 00
source=3: pgn=GNSS Sats in View(129540): values=RangeResidualMode=("0") SatsinView=(160) PRN=(15) Elevation=(0.00 deg) Azimuth=(0.00 deg) SNR=(0.0 dB) Rangeresiduals=(0) Status=("0")

3  : pgn=129540 line=Tx 10370787 19 fa 04 03 55 f5 33 80 16 67 6c 48
source=3: pgn=GNSS Sats in View(129540): values=RangeResidualMode=("1") SatsinView=(51) PRN=(128) Elevation=(151.20 deg) Azimuth=(106.23 deg) SNR=(0.0 dB) Rangeresiduals=(0) Status=("0")

3  : pgn=129540 line=Tx 10370788 19 fa 04 03 56 0d 00 00 00 00 f5 ff
source=3: pgn=GNSS Sats in View(129540): values=RangeResidualMode=("1") SatsinView=(0) PRN=(0) Elevation=(0.00 deg) Azimuth=(375.43 deg) SNR=(0.0 dB) Rangeresiduals=(0) Status=("0")

3  : pgn=129025 line=Tx 10370788 09 f8 01 03 a5 5a 6f 1c 56 db fd b6
source=3: pgn=Position, Rapid Update(129025): values=Latitude=(47.7059749 deg) Longitude=(-122.4877226 deg)

3  : pgn=127258 line=Tx 10370789 19 f1 1a 03 ff f6 12 39 fa 0a ff ff
source=3: pgn=Magnetic Variation(127258): values=Source=("6") Ageofservice=(14610 d) Variation=(16.10 deg)

1  : pgn=129038 line=Rx 10370819 11 f8 0e 01 00 1b c1 50 e0 e6 15 3c
1  : pgn=129038 line=Rx 10370820 11 f8 0e 01 01 86 ca b6 34 73 67 1c
source=1: pgn=AIS Class A Position Report(129038): values=MessageID=(1) RepeatIndicator=("0") UserID=(884394630) Longitude=(0.0 deg) Latitude=(0.0 deg) PositionAccuracy=("0") RAIM=("0") TimeStamp=("0") COG=(0.00 deg) SOG=(0.0 m/s) CommunicationState=(0) AISTransceiverinformation=("0") Heading=(0.00 deg) RateofTurn=(0.00 deg/s) NavStatus=("0") SpecialManeuverIndicator=("0") Spare=(0) SequenceID=(0)

1  : pgn=129038 line=Rx 10370820 11 f8 0e 01 02 e0 0b 08 05 00 00 00
source=1: pgn=AIS Class A Position Report(129038): values=MessageID=(2) RepeatIndicator=("0") UserID=(84413408) Longitude=(0.0 deg) Latitude=(0.0 deg) PositionAccuracy=("0") RAIM=("0") TimeStamp=("0") COG=(0.00 deg) SOG=(0.0 m/s) CommunicationState=(0) AISTransceiverinformation=("0") Heading=(0.00 deg) RateofTurn=(0.00 deg/s) NavStatus=("0") SpecialManeuverIndicator=("0") Spare=(0) SequenceID=(0)

1  : pgn=129038 line=Rx 10370821 11 f8 0e 01 03 00 e7 28 00 00 ff fe
source=1: pgn=AIS Class A Position Report(129038): values=MessageID=(3) RepeatIndicator=("0") UserID=(2680576) Longitude=(0.0 deg) Latitude=(0.0 deg) PositionAccuracy=("0") RAIM=("0") TimeStamp=("0") COG=(0.00 deg) SOG=(0.0 m/s) CommunicationState=(0) AISTransceiverinformation=("0") Heading=(0.00 deg) RateofTurn=(0.00 deg/s) NavStatus=("0") SpecialManeuverIndicator=("0") Spare=(0) SequenceID=(0)

1  : pgn=129041 line=Rx 10370822 11 f8 11 01 e0 30 15 76 89 3a 3b ed
1  : pgn=129041 line=Rx 10370822 11 f8 11 01 e1 61 e3 b6 67 78 ad 1c
1  : pgn=129041 line=Rx 10370823 11 f8 11 01 e2 f4 00 00 00 00 00 00
1  : pgn=129041 line=Rx 10370823 11 f8 11 01 e3 ff ff 52 ee ff e1 16
1  : pgn=129041 line=Rx 10370824 11 f8 11 01 e4 01 50 53 20 54 53 4c
1  : pgn=129041 line=Rx 10370824 11 f8 11 01 e5 20 53 42 20 20 20 20
1  : pgn=129041 line=Rx 10370825 11 f8 11 01 e6 20 20 20 20 20 20 20
32 : pgn=128259 line=Rx 10370855 09 f5 03 20 dc 2b 01 ff ff ff ff ff
source=32: pgn=Speed(128259): values=SpeedWaterReferenced=(2.99 m/s) SpeedGroundReferenced=(None) SpeedWaterReferencedType=(None) SpeedDirection=(None)

0  : pgn=127250 line=Rx 10370876 09 f1 12 00 ff 6f 3f ff 7f ff 7f fd
source=0: pgn=Vessel Heading(127250): values=Heading=(93.04 deg) Deviation=(None) Variation=(None) Reference=("1")

3  : pgn=129026 line=Tx 10370878 09 f8 02 03 ff fc 27 4c 4a 01 ff ff
source=3: pgn=COG & SOG, Rapid Update(129026): values=COGReference=("0") COG=(111.70 deg) SOG=(3.3000000000000003 m/s)

3  : pgn=129025 line=Tx 10370878 09 f8 01 03 a5 5a 6f 1c 56 db fd b6
source=3: pgn=Position, Rapid Update(129025): values=Latitude=(47.7059749 deg) Longitude=(-122.4877226 deg)

0  : pgn=127245 line=Rx 10370878 09 f1 0d 00 00 f8 ff 7f 00 00 ff ff
source=0: pgn=Rudder(127245): values=Instance=(0) DirectionOrder=("0") AngleOrder=(None) Position=(0.00 deg)

0  : pgn=65359  line=Rx 10370891 1c ff 4f 00 3b 9f ff ff ff 6f 3f ff
source=0: pgn=Seatalk: Pilot Heading(65359): values=ManufacturerCode=(1851) IndustryCode=(4) HeadingTrue=(None) HeadingMagnetic=(93.04 deg)

32 : pgn=128259 line=Rx 10370957 09 f5 03 20 dd 25 01 ff ff ff ff ff
source=32: pgn=Speed(128259): values=SpeedWaterReferenced=(2.93 m/s) SpeedGroundReferenced=(None) SpeedWaterReferencedType=(None) SpeedDirection=(None)

32 : pgn=130310 line=Rx 10370960 15 fd 06 20 f9 ff ff ff ff ff ff ff
source=32: pgn=Environmental Parameters (obsolete)(130310): values=WaterTemperature=(None) OutsideAmbientAirTemperature=(None) AtmosphericPressure=(None)

32 : pgn=128275 line=Rx 10370970 19 f5 13 20 60 0e ff ff ff ff ff ff
0  : pgn=127250 line=Rx 10370974 09 f1 12 00 ff 65 3f ff 7f ff 7f fd
source=0: pgn=Vessel Heading(127250): values=Heading=(92.99 deg) Deviation=(None) Variation=(None) Reference=("1")

0  : pgn=127245 line=Rx 10370974 09 f1 0d 00 00 f8 ff 7f 00 00 ff ff
source=0: pgn=Rudder(127245): values=Instance=(0) DirectionOrder=("0") AngleOrder=(None) Position=(0.00 deg)

32 : pgn=128275 line=Rx 10370975 19 f5 13 20 61 68 ae 3c 00 68 ae 3c
3  : pgn=129029 line=Tx 10370978 0d f8 05 03 00 2b b1 06 40 72 08 18
source=3: pgn=GNSS Position Data(129029): values=Date=(45355 d) Time=(14170.522200000001 s) Latitude=(0.0 deg) Longitude=(0.0 deg) Altitude=(0.0 m) GNSStype=("0") Method=("0") Integrity=("0") NumberofSVs=(0) HDOP=(0.0) PDOP=(0.0) GeoidalSeparation=(0.0 m) ReferenceStations=(0) ReferenceStationType=("0") ReferenceStationID=(0) AgeofDGNSSCorrections=(0.0 s)

3  : pgn=129029 line=Tx 10370978 0d f8 05 03 01 2c 00 7a 2d 2d 46 db
source=3: pgn=GNSS Position Data(129029): values=Date=(44 d) Time=(117736.58820000001 s) Latitude=(0.0 deg) Longitude=(0.0 deg) Altitude=(0.0 m) GNSStype=("0") Method=("0") Integrity=("0") NumberofSVs=(0) HDOP=(0.0) PDOP=(0.0) GeoidalSeparation=(0.0 m) ReferenceStations=(0) ReferenceStationType=("0") ReferenceStationID=(0) AgeofDGNSSCorrections=(0.0 s)

3  : pgn=129029 line=Tx 10370978 0d f8 05 03 02 9e 06 00 14 1b 38 c0
source=3: pgn=GNSS Position Data(129029): values=Date=(1694 d) Time=(94129.86880000001 s) Latitude=(0.0 deg) Longitude=(0.0 deg) Altitude=(0.0 m) GNSStype=("0") Method=("0") Integrity=("0") NumberofSVs=(0) HDOP=(0.0) PDOP=(0.0) GeoidalSeparation=(0.0 m) ReferenceStations=(0) ReferenceStationType=("0") ReferenceStationID=(0) AgeofDGNSSCorrections=(0.0 s)

3  : pgn=129029 line=Tx 10370978 0d f8 05 03 03 5c 00 ef ff ff ff ff
source=3: pgn=GNSS Position Data(129029): values=Date=(92 d) Time=(429496.7279 s) Latitude=(0.0 deg) Longitude=(0.0 deg) Altitude=(0.0 m) GNSStype=("0") Method=("0") Integrity=("0") NumberofSVs=(0) HDOP=(0.0) PDOP=(0.0) GeoidalSeparation=(0.0 m) ReferenceStations=(0) ReferenceStationType=("0") ReferenceStationID=(0) AgeofDGNSSCorrections=(0.0 s)

3  : pgn=129029 line=Tx 10370978 0d f8 05 03 04 ff ff ff 7f 23 fc 09
source=3: pgn=GNSS Position Data(129029): values=Date=(None) Time=(423018.49590000004 s) Latitude=(0.0 deg) Longitude=(0.0 deg) Altitude=(0.0 m) GNSStype=("0") Method=("0") Integrity=("0") NumberofSVs=(0) HDOP=(0.0) PDOP=(0.0) GeoidalSeparation=(0.0 m) ReferenceStations=(0) ReferenceStationType=("0") ReferenceStationID=(0) AgeofDGNSSCorrections=(0.0 s)

3  : pgn=129029 line=Tx 10370978 0d f8 05 03 05 4f 00 ff 7f ff ff ff
source=3: pgn=GNSS Position Data(129029): values=Date=(79 d) Time=(429493.4527 s) Latitude=(0.0 deg) Longitude=(0.0 deg) Altitude=(0.0 m) GNSStype=("0") Method=("0") Integrity=("0") NumberofSVs=(0) HDOP=(0.0) PDOP=(0.0) GeoidalSeparation=(0.0 m) ReferenceStations=(0) ReferenceStationType=("0") ReferenceStationID=(0) AgeofDGNSSCorrections=(0.0 s)

3  : pgn=129029 line=Tx 10370978 0d f8 05 03 06 7f 00 ff ff ff ff ff
source=3: pgn=GNSS Position Data(129029): values=Date=(127 d) Time=(None) Latitude=(0.0 deg) Longitude=(0.0 deg) Altitude=(0.0 m) GNSStype=("0") Method=("0") Integrity=("0") NumberofSVs=(0) HDOP=(0.0) PDOP=(0.0) GeoidalSeparation=(0.0 m) ReferenceStations=(0) ReferenceStationType=("0") ReferenceStationID=(0) AgeofDGNSSCorrections=(0.0 s)

3  : pgn=129025 line=Tx 10370978 09 f8 01 03 79 5a 6f 1c c2 db fd b6
source=3: pgn=Position, Rapid Update(129025): values=Latitude=(47.7059705 deg) Longitude=(-122.4877118 deg)

3  : pgn=129033 line=Tx 10370978 0d f8 09 03 06 40 72 08 18 2c 5c fe
source=3: pgn=Time & Date(129033): values=Date=(16390 d) Time=(73977.253 s) LocalOffset=(-25200.0 s)

0  : pgn=65359  line=Rx 10370979 1c ff 4f 00 3b 9f ff ff ff 65 3f ff
source=0: pgn=Seatalk: Pilot Heading(65359): values=ManufacturerCode=(1851) IndustryCode=(4) HeadingTrue=(None) HeadingMagnetic=(92.99 deg)

32 : pgn=128275 line=Rx 10370980 19 f5 13 20 62 00 ff ff ff ff ff ff
1  : pgn=59936  line=Rx 10370999 18 ea 20 01 00 ee 00 00 00 00 00 00
32 : pgn=128259 line=Rx 10371054 09 f5 03 20 de 20 01 ff ff ff ff ff
4  : pgn=126975 line=Rx 10371060 1d ef ff 04 a0 07 3b 9f f0 81 90 00
4  : pgn=126975 line=Rx 10371060 1d ef ff 04 a1 03 ff ff ff ff ff ff
0  : pgn=127250 line=Rx 10371072 09 f1 12 00 ff 52 3f ff 7f ff 7f fd
source=0: pgn=Vessel Heading(127250): values=Heading=(92.88 deg) Deviation=(None) Variation=(None) Reference=("1")

0  : pgn=127245 line=Rx 10371073 09 f1 0d 00 00 f8 ff 7f 00 00 ff ff
source=0: pgn=Rudder(127245): values=Instance=(0) DirectionOrder=("0") AngleOrder=(None) Position=(0.00 deg)

3  : pgn=129026 line=Tx 10371078 09 f8 02 03 ff fc d0 4b 4a 01 ff ff
source=3: pgn=COG & SOG, Rapid Update(129026): values=COGReference=("0") COG=(111.20 deg) SOG=(3.3000000000000003 m/s)

3  : pgn=129025 line=Tx 10371078 09 f8 01 03 79 5a 6f 1c c2 db fd b6
source=3: pgn=Position, Rapid Update(129025): values=Latitude=(47.7059705 deg) Longitude=(-122.4877118 deg)

3  : pgn=126992 line=Tx 10371078 0d f0 10 03 ff ff 06 40 72 08 18 2c
source=3: pgn=System Time(126992): values=Source=(None) Date=(16390 d) Time=(73977.253 s)

0  : pgn=65359  line=Rx 10371089 1c ff 4f 00 3b 9f ff ff ff 52 3f ff
source=0: pgn=Seatalk: Pilot Heading(65359): values=ManufacturerCode=(1851) IndustryCode=(4) HeadingTrue=(None) HeadingMagnetic=(92.88 deg)

0  : pgn=126975 line=Rx 10371090 1d ef ff 00 80 08 3b 9f f0 81 9c 91
0  : pgn=126975 line=Rx 10371093 1d ef ff 00 81 01 00 ff ff ff ff ff
32 : pgn=128259 line=Rx 10371154 09 f5 03 20 df 29 01 ff ff ff ff ff
source=32: pgn=Speed(128259): values=SpeedWaterReferenced=(2.97 m/s) SpeedGroundReferenced=(None) SpeedWaterReferencedType=(None) SpeedDirection=(None)

0  : pgn=127250 line=Rx 10371172 09 f1 12 00 ff 49 3f ff 7f ff 7f fd
source=0: pgn=Vessel Heading(127250): values=Heading=(92.82 deg) Deviation=(None) Variation=(None) Reference=("1")

0  : pgn=127245 line=Rx 10371173 09 f1 0d 00 00 f8 ff 7f 00 00 ff ff
source=0: pgn=Rudder(127245): values=Instance=(0) DirectionOrder=("0") AngleOrder=(None) Position=(0.00 deg)

0  : pgn=65359  line=Rx 10371177 1c ff 4f 00 3b 9f ff ff ff 49 3f ff
source=0: pgn=Seatalk: Pilot Heading(65359): values=ManufacturerCode=(1851) IndustryCode=(4) HeadingTrue=(None) HeadingMagnetic=(92.82 deg)

3  : pgn=129025 line=Tx 10371178 09 f8 01 03 79 5a 6f 1c c2 db fd b6
source=3: pgn=Position, Rapid Update(129025): values=Latitude=(47.7059705 deg) Longitude=(-122.4877118 deg)

1  : pgn=129038 line=Rx 10371179 11 f8 0e 01 20 1b c1 84 b4 de 15 9a
1  : pgn=129038 line=Rx 10371180 11 f8 0e 01 21 35 0c b7 74 64 69 1c
1  : pgn=129038 line=Rx 10371181 11 f8 0e 01 22 e0 8b 21 05 00 00 00
1  : pgn=129038 line=Rx 10371181 11 f8 0e 01 23 00 ff ff ff 7f f0 fe
32 : pgn=128259 line=Rx 10371254 09 f5 03 20 e0 19 01 ff ff ff ff ff
source=32: pgn=Speed(128259): values=SpeedWaterReferenced=(2.81 m/s) SpeedGroundReferenced=(None) SpeedWaterReferencedType=(None) SpeedDirection=(None)

0  : pgn=127250 line=Rx 10371278 09 f1 12 00 ff 43 3f ff 7f ff 7f fd
source=0: pgn=Vessel Heading(127250): values=Heading=(92.79 deg) Deviation=(None) Variation=(None) Reference=("1")

0  : pgn=127245 line=Rx 10371279 09 f1 0d 00 00 f8 ff 7f 00 00 ff ff
source=0: pgn=Rudder(127245): values=Instance=(0) DirectionOrder=("0") AngleOrder=(None) Position=(0.00 deg)

3  : pgn=129026 line=Tx 10371279 09 f8 02 03 ff fc ad 4b 4a 01 ff ff
source=3: pgn=COG & SOG, Rapid Update(129026): values=COGReference=("0") COG=(111.00 deg) SOG=(3.3000000000000003 m/s)

3  : pgn=129025 line=Tx 10371279 09 f8 01 03 6a 5a 6f 1c 0c dc fd b6
source=3: pgn=Position, Rapid Update(129025): values=Latitude=(47.705968999999996 deg) Longitude=(-122.4877044 deg)

3  : pgn=129291 line=Tx 10371279 0d f9 0b 03 ff fc 2f 69 19 00 ff ff
source=3: pgn=Set & Drift, Rapid Update(129291): values=SetReference=("0") Set=(154.28 deg) Drift=(0.25 m/s)

0  : pgn=65359  line=Rx 10371294 1c ff 4f 00 3b 9f ff ff ff 43 3f ff
source=0: pgn=Seatalk: Pilot Heading(65359): values=ManufacturerCode=(1851) IndustryCode=(4) HeadingTrue=(None) HeadingMagnetic=(92.79 deg)

32 : pgn=128259 line=Rx 10371353 09 f5 03 20 e1 18 01 ff ff ff ff ff
source=32: pgn=Speed(128259): values=SpeedWaterReferenced=(2.8000000000000003 m/s) SpeedGroundReferenced=(None) SpeedWaterReferencedType=(None) SpeedDirection=(None)

0  : pgn=127250 line=Rx 10371372 09 f1 12 00 ff 37 3f ff 7f ff 7f fd
source=0: pgn=Vessel Heading(127250): values=Heading=(92.72 deg) Deviation=(None) Variation=(None) Reference=("1")

0  : pgn=127245 line=Rx 10371373 09 f1 0d 00 00 f8 ff 7f 00 00 ff ff
source=0: pgn=Rudder(127245): values=Instance=(0) DirectionOrder=("0") AngleOrder=(None) Position=(0.00 deg)

0  : pgn=65359  line=Rx 10371377 1c ff 4f 00 3b 9f ff ff ff 37 3f ff
source=0: pgn=Seatalk: Pilot Heading(65359): values=ManufacturerCode=(1851) IndustryCode=(4) HeadingTrue=(None) HeadingMagnetic=(92.72 deg)

3  : pgn=129025 line=Tx 10371380 09 f8 01 03 6a 5a 6f 1c 0c dc fd b6
source=3: pgn=Position, Rapid Update(129025): values=Latitude=(47.705968999999996 deg) Longitude=(-122.4877044 deg)

1  : pgn=129038 line=Rx 10371392 11 f8 0e 01 40 1b c3 00 b9 ef 15 4f
1  : pgn=129038 line=Rx 10371393 11 f8 0e 01 41 62 0e b7 d0 a4 63 1c
1  : pgn=129038 line=Rx 10371393 11 f8 0e 01 42 e4 1f a8 00 00 00 00
1  : pgn=129038 line=Rx 10371394 11 f8 0e 01 43 00 c3 7c 00 00 f0 fe
4  : pgn=65384  line=Rx 10371401 1c ff 68 04 3b 9f 00 00 00 00 00 00
32 : pgn=128259 line=Rx 10371452 09 f5 03 20 e2 17 01 ff ff ff ff ff
source=32: pgn=Speed(128259): values=SpeedWaterReferenced=(2.79 m/s) SpeedGroundReferenced=(None) SpeedWaterReferencedType=(None) SpeedDirection=(None)

0  : pgn=127250 line=Rx 10371478 09 f1 12 00 ff 23 3f ff 7f ff 7f fd
source=0: pgn=Vessel Heading(127250): values=Heading=(92.61 deg) Deviation=(None) Variation=(None) Reference=("1")

0  : pgn=127245 line=Rx 10371479 09 f1 0d 00 00 f8 ff 7f 00 00 ff ff
source=0: pgn=Rudder(127245): values=Instance=(0) DirectionOrder=("0") AngleOrder=(None) Position=(0.00 deg)

3  : pgn=129026 line=Tx 10371480 09 f8 02 03 ff fc 8a 4b 4a 01 ff ff
source=3: pgn=COG & SOG, Rapid Update(129026): values=COGReference=("0") COG=(110.80 deg) SOG=(3.3000000000000003 m/s)

3  : pgn=130577 line=Tx 10371480 0d fe 11 03 20 0e c0 b2 8a 4b 4a 01
3  : pgn=130577 line=Tx 10371480 0d fe 11 03 21 ff ff ff ff 2f 69 19
3  : pgn=130577 line=Tx 10371480 0d fe 11 03 22 00 ff ff ff ff ff ff
3  : pgn=129025 line=Tx 10371480 09 f8 01 03 59 5a 6f 1c 5c dc fd b6
3  : pgn=130306 line=Tx 10371480 09 fd 02 03 ff ff 02 e5 cd fa ff ff
source=3: pgn=Wind Data(130306): values=WindSpeed=(7.67 m/s) WindAngle=(302.00 deg) Reference=("2")

0  : pgn=65359  line=Rx 10371499 1c ff 4f 00 3b 9f ff ff ff 23 3f ff
source=0: pgn=Seatalk: Pilot Heading(65359): values=ManufacturerCode=(1851) IndustryCode=(4) HeadingTrue=(None) HeadingMagnetic=(92.61 deg)

32 : pgn=128259 line=Rx 10371552 09 f5 03 20 e3 19 01 ff ff ff ff ff
source=32: pgn=Speed(128259): values=SpeedWaterReferenced=(2.81 m/s) SpeedGroundReferenced=(None) SpeedWaterReferencedType=(None) SpeedDirection=(None)

0  : pgn=127250 line=Rx 10371572 09 f1 12 00 ff 1a 3f ff 7f ff 7f fd
source=0: pgn=Vessel Heading(127250): values=Heading=(92.56 deg) Deviation=(None) Variation=(None) Reference=("1")

0  : pgn=127245 line=Rx 10371573 09 f1 0d 00 00 f8 ff 7f 00 00 ff ff
source=0: pgn=Rudder(127245): values=Instance=(0) DirectionOrder=("0") AngleOrder=(None) Position=(0.00 deg)

0  : pgn=65379  line=Rx 10371577 1c ff 63 00 3b 9f 00 00 00 00 01 ff
source=0: pgn=Seatalk: Pilot Mode(65379): values=ManufacturerCode=(1851) IndustryCode=(4) PilotMode=(0) SubMode=(0) PilotModeData=(0)

0  : pgn=65359  line=Rx 10371578 1c ff 4f 00 3b 9f ff ff ff 1a 3f ff
source=0: pgn=Seatalk: Pilot Heading(65359): values=ManufacturerCode=(1851) IndustryCode=(4) HeadingTrue=(None) HeadingMagnetic=(92.56 deg)

3  : pgn=129283 line=Tx 10371580 0d f9 03 03 ff 7f ff ff ff 7f ff ff
source=3: pgn=Cross Track Error(129283): values=XTEmode=(None) NavigationTerminated=("1") XTE=(None)

3  : pgn=129025 line=Tx 10371580 09 f8 01 03 59 5a 6f 1c 5c dc fd b6
source=3: pgn=Position, Rapid Update(129025): values=Latitude=(47.7059673 deg) Longitude=(-122.48769639999999 deg)

3  : pgn=128267 line=Tx 10371580 0d f5 0b 03 ff 11 3e 00 00 00 00 ff
source=3: pgn=Water Depth(128267): values=Depth=(158.89000000000001 m) Offset=(0.0 m) Range=(None)

0  : pgn=126975 line=Rx 10371582 1d ef ff 00 a0 0d 3b 9f f0 81 84 56
0  : pgn=126975 line=Rx 10371584 1d ef ff 00 a1 41 05 00 00 00 02 05
1  : pgn=129038 line=Rx 10371602 11 f8 0e 01 60 1b c1 76 c0 e0 15 8d
1  : pgn=129038 line=Rx 10371603 11 f8 0e 01 61 a6 0c b7 94 60 69 1c
1  : pgn=129038 line=Rx 10371603 11 f8 0e 01 62 e0 ac 72 00 00 00 00
1  : pgn=129038 line=Rx 10371604 11 f8 0e 01 63 00 ff ff ff 7f ff fe
32 : pgn=128259 line=Rx 10371652 09 f5 03 20 e4 17 01 ff ff ff ff ff
source=32: pgn=Speed(128259): values=SpeedWaterReferenced=(2.79 m/s) SpeedGroundReferenced=(None) SpeedWaterReferencedType=(None) SpeedDirection=(None)

0  : pgn=127250 line=Rx 10371676 09 f1 12 00 ff 0d 3f ff 7f ff 7f fd
source=0: pgn=Vessel Heading(127250): values=Heading=(92.48 deg) Deviation=(None) Variation=(None) Reference=("1")

0  : pgn=127245 line=Rx 10371677 09 f1 0d 00 00 f8 ff 7f 00 00 ff ff
source=0: pgn=Rudder(127245): values=Instance=(0) DirectionOrder=("0") AngleOrder=(None) Position=(0.00 deg)

3  : pgn=129026 line=Tx 10371681 09 f8 02 03 ff fc 8a 4b 4a 01 ff ff
source=3: pgn=COG & SOG, Rapid Update(129026): values=COGReference=("0") COG=(110.80 deg) SOG=(3.3000000000000003 m/s)

3  : pgn=129025 line=Tx 10371681 09 f8 01 03 59 5a 6f 1c 5c dc fd b6
source=3: pgn=Position, Rapid Update(129025): values=Latitude=(47.7059673 deg) Longitude=(-122.48769639999999 deg)

3  : pgn=129542 line=Tx 10371681 19 fa 06 03 20 0f b2 4c 01 00 00 00
3  : pgn=129542 line=Tx 10371681 19 fa 06 03 21 00 00 00 00 00 00 00
3  : pgn=129542 line=Tx 10371681 19 fa 06 03 22 00 00 ff ff ff ff ff
3  : pgn=65364  line=Tx 10371681 1c ff 54 03 3b 9f ff 02 e5 cd ff ff
0  : pgn=65359  line=Rx 10371692 1c ff 4f 00 3b 9f ff ff ff 0d 3f ff
source=0: pgn=Seatalk: Pilot Heading(65359): values=ManufacturerCode=(1851) IndustryCode=(4) HeadingTrue=(None) HeadingMagnetic=(92.48 deg)

0  : pgn=126975 line=Rx 10371695 1d ef ff 00 c0 09 3b 9f f0 81 ae 02
0  : pgn=126975 line=Rx 10371696 1d ef ff 00 c1 00 08 00 ff ff ff ff
1  : pgn=129038 line=Rx 10371724 11 f8 0e 01 80 1b c1 fa 6c e7 15 f8
1  : pgn=129038 line=Rx 10371724 11 f8 0e 01 81 b3 0f b7 81 fa 67 1c
1  : pgn=129038 line=Rx 10371725 11 f8 0e 01 82 e4 d7 0d 00 00 00 00
1  : pgn=129038 line=Rx 10371725 11 f8 0e 01 83 00 ff ff ff 7f ff fe
32 : pgn=128259 line=Rx 10371751 09 f5 03 20 e5 1c 01 ff ff ff ff ff
source=32: pgn=Speed(128259): values=SpeedWaterReferenced=(2.84 m/s) SpeedGroundReferenced=(None) SpeedWaterReferencedType=(None) SpeedDirection=(None)

0  : pgn=127250 line=Rx 10371772 09 f1 12 00 ff 0c 3f ff 7f ff 7f fd
source=0: pgn=Vessel Heading(127250): values=Heading=(92.48 deg) Deviation=(None) Variation=(None) Reference=("1")

0  : pgn=127245 line=Rx 10371773 09 f1 0d 00 00 f8 ff 7f 00 00 ff ff
source=0: pgn=Rudder(127245): values=Instance=(0) DirectionOrder=("0") AngleOrder=(None) Position=(0.00 deg)

0  : pgn=65359  line=Rx 10371779 1c ff 4f 00 3b 9f ff ff ff 0c 3f ff
source=0: pgn=Seatalk: Pilot Heading(65359): values=ManufacturerCode=(1851) IndustryCode=(4) HeadingTrue=(None) HeadingMagnetic=(92.48 deg)

3  : pgn=129540 line=Tx 10371781 19 fa 04 03 60 9f d4 ff 0d 03 97 1a
source=3: pgn=GNSS Sats in View(129540): values=RangeResidualMode=(None) SatsinView=(212) PRN=(None) Elevation=(4.47 deg) Azimuth=(39.00 deg) SNR=(0.0 dB) Rangeresiduals=(0) Status=("0")

3  : pgn=129540 line=Tx 10371781 19 fa 04 03 61 2e 26 00 00 00 00 00
source=3: pgn=GNSS Sats in View(129540): values=RangeResidualMode=("0") SatsinView=(38) PRN=(0) Elevation=(0.00 deg) Azimuth=(0.00 deg) SNR=(0.0 dB) Rangeresiduals=(0) Status=("0")

3  : pgn=129540 line=Tx 10371781 19 fa 04 03 62 00 f3 0f ff 1d ad 3c
source=3: pgn=GNSS Sats in View(129540): values=RangeResidualMode=("0") SatsinView=(243) PRN=(15) Elevation=(44.00 deg) Azimuth=(89.00 deg) SNR=(0.0 dB) Rangeresiduals=(0) Status=("0")

3  : pgn=129540 line=Tx 10371781 19 fa 04 03 63 f0 0a 00 00 00 00 f5
source=3: pgn=GNSS Sats in View(129540): values=RangeResidualMode=("0") SatsinView=(10) PRN=(0) Elevation=(0.00 deg) Azimuth=(359.36 deg) SNR=(0.0 dB) Rangeresiduals=(0) Status=("0")

3  : pgn=129540 line=Tx 10371781 19 fa 04 03 64 10 17 13 c2 b8 54 0b
source=3: pgn=GNSS Sats in View(129540): values=RangeResidualMode=("0") SatsinView=(23) PRN=(19) Elevation=(-104.50 deg) Azimuth=(16.62 deg) SNR=(0.0 dB) Rangeresiduals=(0) Status=("0")

3  : pgn=129540 line=Tx 10371781 19 fa 04 03 65 00 00 00 00 f5 12 c5
source=3: pgn=GNSS Sats in View(129540): values=RangeResidualMode=("0") SatsinView=(0) PRN=(0) Elevation=(-16.13 deg) Azimuth=(289.06 deg) SNR=(0.0 dB) Rangeresiduals=(0) Status=("0")

3  : pgn=129540 line=Tx 10371781 19 fa 04 03 66 31 f2 93 ac 0d 00 00
source=3: pgn=GNSS Sats in View(129540): values=RangeResidualMode=("1") SatsinView=(242) PRN=(147) Elevation=(20.05 deg) Azimuth=(0.00 deg) SNR=(0.0 dB) Rangeresiduals=(0) Status=("0")

3  : pgn=129540 line=Tx 10371781 19 fa 04 03 67 00 00 f5 13 69 03 1f
source=3: pgn=GNSS Sats in View(129540): values=RangeResidualMode=("0") SatsinView=(0) PRN=(245) Elevation=(154.12 deg) Azimuth=(45.49 deg) SNR=(0.0 dB) Rangeresiduals=(0) Status=("0")

3  : pgn=129540 line=Tx 10371781 19 fa 04 03 68 d8 74 0e 00 00 00 00
source=3: pgn=GNSS Sats in View(129540): values=RangeResidualMode=("0") SatsinView=(116) PRN=(14) Elevation=(0.00 deg) Azimuth=(0.00 deg) SNR=(0.0 dB) Rangeresiduals=(0) Status=("0")

3  : pgn=129540 line=Tx 10371782 19 fa 04 03 69 f5 15 e8 37 17 22 48
source=3: pgn=GNSS Sats in View(129540): values=RangeResidualMode=("1") SatsinView=(21) PRN=(232) Elevation=(34.05 deg) Azimuth=(105.80 deg) SNR=(0.0 dB) Rangeresiduals=(0) Status=("0")

3  : pgn=129540 line=Tx 10371782 19 fa 04 03 6a 0d 00 00 00 00 f5 16
source=3: pgn=GNSS Sats in View(129540): values=RangeResidualMode=("1") SatsinView=(0) PRN=(0) Elevation=(0.00 deg) Azimuth=(33.67 deg) SNR=(0.0 dB) Rangeresiduals=(0) Status=("0")

3  : pgn=129540 line=Tx 10371783 19 fa 04 03 6b 80 16 7d 9d cc 10 00
source=3: pgn=GNSS Sats in View(129540): values=RangeResidualMode=("0") SatsinView=(22) PRN=(125) Elevation=(-75.37 deg) Azimuth=(0.09 deg) SNR=(0.0 dB) Rangeresiduals=(0) Status=("0")

3  : pgn=129540 line=Tx 10371784 19 fa 04 03 6c 00 00 00 f5 1a ae 0f
source=3: pgn=GNSS Sats in View(129540): values=RangeResidualMode=("0") SatsinView=(0) PRN=(0) Elevation=(39.54 deg) Azimuth=(23.00 deg) SNR=(0.0 dB) Rangeresiduals=(0) Status=("0")

3  : pgn=129540 line=Tx 10371784 19 fa 04 03 6d 5d 1f 1c 0c 00 00 00
source=3: pgn=GNSS Sats in View(129540): values=RangeResidualMode=("1") SatsinView=(31) PRN=(28) Elevation=(0.07 deg) Azimuth=(0.00 deg) SNR=(0.0 dB) Rangeresiduals=(0) Status=("0")

3  : pgn=129540 line=Tx 10371785 19 fa 04 03 6e 00 f5 1b d1 15 ab d2
source=3: pgn=GNSS Sats in View(129540): values=RangeResidualMode=("0") SatsinView=(245) PRN=(27) Elevation=(32.00 deg) Azimuth=(309.00 deg) SNR=(0.0 dB) Rangeresiduals=(0) Status=("0")

3  : pgn=129540 line=Tx 10371786 19 fa 04 03 6f 74 0e 00 00 00 00 f5
source=3: pgn=GNSS Sats in View(129540): values=RangeResidualMode=("0") SatsinView=(14) PRN=(0) Elevation=(0.00 deg) Azimuth=(359.36 deg) SNR=(0.0 dB) Rangeresiduals=(0) Status=("0")

3  : pgn=129540 line=Tx 10371786 19 fa 04 03 70 1d 51 0e a1 67 d8 0e
source=3: pgn=GNSS Sats in View(129540): values=RangeResidualMode=("1") SatsinView=(81) PRN=(14) Elevation=(152.00 deg) Azimuth=(21.77 deg) SNR=(0.0 dB) Rangeresiduals=(0) Status=("0")

3  : pgn=129540 line=Tx 10371788 19 fa 04 03 71 00 00 00 00 f5 23 d1
source=3: pgn=GNSS Sats in View(129540): values=RangeResidualMode=("0") SatsinView=(0) PRN=(0) Elevation=(-16.13 deg) Azimuth=(306.76 deg) SNR=(0.0 dB) Rangeresiduals=(0) Status=("0")

3  : pgn=129540 line=Tx 10371788 19 fa 04 03 72 15 c3 8b 00 00 00 00
source=3: pgn=GNSS Sats in View(129540): values=RangeResidualMode=("1") SatsinView=(195) PRN=(139) Elevation=(0.00 deg) Azimuth=(0.00 deg) SNR=(0.0 dB) Rangeresiduals=(0) Status=("0")

3  : pgn=129540 line=Tx 10371789 19 fa 04 03 73 00 00 f3 30 2e 17 43
source=3: pgn=GNSS Sats in View(129540): values=RangeResidualMode=("0") SatsinView=(0) PRN=(243) Elevation=(67.75 deg) Azimuth=(98.41 deg) SNR=(0.0 dB) Rangeresiduals=(0) Status=("0")

3  : pgn=129540 line=Tx 10371790 19 fa 04 03 74 84 a0 0f 00 00 00 00
source=3: pgn=GNSS Sats in View(129540): values=RangeResidualMode=("0") SatsinView=(160) PRN=(15) Elevation=(0.00 deg) Azimuth=(0.00 deg) SNR=(0.0 dB) Rangeresiduals=(0) Status=("0")

3  : pgn=129540 line=Tx 10371790 19 fa 04 03 75 f5 33 80 16 67 6c 48
source=3: pgn=GNSS Sats in View(129540): values=RangeResidualMode=("1") SatsinView=(51) PRN=(128) Elevation=(151.20 deg) Azimuth=(106.23 deg) SNR=(0.0 dB) Rangeresiduals=(0) Status=("0")

3  : pgn=129540 line=Tx 10371791 19 fa 04 03 76 0d 00 00 00 00 f5 ff
source=3: pgn=GNSS Sats in View(129540): values=RangeResidualMode=("1") SatsinView=(0) PRN=(0) Elevation=(0.00 deg) Azimuth=(375.43 deg) SNR=(0.0 dB) Rangeresiduals=(0) Status=("0")

3  : pgn=129025 line=Tx 10371793 09 f8 01 03 41 5a 6f 1c eb dc fd b6
source=3: pgn=Position, Rapid Update(129025): values=Latitude=(47.7059649 deg) Longitude=(-122.4876821 deg)

3  : pgn=127258 line=Tx 10371794 19 f1 1a 03 ff f6 12 39 fa 0a ff ff
source=3: pgn=Magnetic Variation(127258): values=Source=("6") Ageofservice=(14610 d) Variation=(16.10 deg)

0  : pgn=126975 line=Rx 10371808 1d ef ff 00 e0 07 3b 9f f0 81 90 10
0  : pgn=126975 line=Rx 10371810 1d ef ff 00 e1 05 ff ff ff ff ff ff
32 : pgn=128259 line=Rx 10371851 09 f5 03 20 e6 1f 01 ff ff ff ff ff
source=32: pgn=Speed(128259): values=SpeedWaterReferenced=(2.87 m/s) SpeedGroundReferenced=(None) SpeedWaterReferencedType=(None) SpeedDirection=(None)

0  : pgn=127250 line=Rx 10371873 09 f1 12 00 ff 08 3f ff 7f ff 7f fd
source=0: pgn=Vessel Heading(127250): values=Heading=(92.45 deg) Deviation=(None) Variation=(None) Reference=("1")

0  : pgn=127245 line=Rx 10371875 09 f1 0d 00 00 f8 ff 7f 00 00 ff ff
source=0: pgn=Rudder(127245): values=Instance=(0) DirectionOrder=("0") AngleOrder=(None) Position=(0.00 deg)

0  : pgn=65359  line=Rx 10371881 1c ff 4f 00 3b 9f ff ff ff 08 3f ff
source=0: pgn=Seatalk: Pilot Heading(65359): values=ManufacturerCode=(1851) IndustryCode=(4) HeadingTrue=(None) HeadingMagnetic=(92.45 deg)

3  : pgn=129026 line=Tx 10371882 09 f8 02 03 ff fc 44 4b 4b 01 ff ff
source=3: pgn=COG & SOG, Rapid Update(129026): values=COGReference=("0") COG=(110.40 deg) SOG=(3.31 m/s)

3  : pgn=129025 line=Tx 10371882 09 f8 01 03 41 5a 6f 1c eb dc fd b6
source=3: pgn=Position, Rapid Update(129025): values=Latitude=(47.7059649 deg) Longitude=(-122.4876821 deg)

32 : pgn=128259 line=Rx 10371952 09 f5 03 20 e7 21 01 ff ff ff ff ff
source=32: pgn=Speed(128259): values=SpeedWaterReferenced=(2.89 m/s) SpeedGroundReferenced=(None) SpeedWaterReferencedType=(None) SpeedDirection=(None)

32 : pgn=130310 line=Rx 10371955 15 fd 06 20 fa ff ff ff ff ff ff ff
source=32: pgn=Environmental Parameters (obsolete)(130310): values=WaterTemperature=(None) OutsideAmbientAirTemperature=(None) AtmosphericPressure=(None)

32 : pgn=128275 line=Rx 10371965 19 f5 13 20 80 0e ff ff ff ff ff ff
32 : pgn=128275 line=Rx 10371970 19 f5 13 20 81 68 ae 3c 00 68 ae 3c
0  : pgn=127250 line=Rx 10371973 09 f1 12 00 ff 07 3f ff 7f ff 7f fd
source=0: pgn=Vessel Heading(127250): values=Heading=(92.45 deg) Deviation=(None) Variation=(None) Reference=("1")

0  : pgn=127245 line=Rx 10371974 09 f1 0d 00 00 f8 ff 7f 00 00 ff ff
source=0: pgn=Rudder(127245): values=Instance=(0) DirectionOrder=("0") AngleOrder=(None) Position=(0.00 deg)

32 : pgn=128275 line=Rx 10371975 19 f5 13 20 82 00 ff ff ff ff ff ff
0  : pgn=65359  line=Rx 10371979 1c ff 4f 00 3b 9f ff ff ff 07 3f ff
source=0: pgn=Seatalk: Pilot Heading(65359): values=ManufacturerCode=(1851) IndustryCode=(4) HeadingTrue=(None) HeadingMagnetic=(92.45 deg)

3  : pgn=129029 line=Tx 10371982 0d f8 05 03 20 2b b2 06 40 9e 27 18
3  : pgn=129029 line=Tx 10371982 0d f8 05 03 21 2c 00 4a 51 23 39 db
3  : pgn=129029 line=Tx 10371982 0d f8 05 03 22 9e 06 00 6e af 5e 05
3  : pgn=129029 line=Tx 10371982 0d f8 05 03 23 5d 00 ef ff ff ff ff
3  : pgn=129029 line=Tx 10371982 0d f8 05 03 24 ff ff ff 7f 23 fc 09
3  : pgn=129029 line=Tx 10371982 0d f8 05 03 25 4f 00 ff 7f ff ff ff
3  : pgn=129029 line=Tx 10371982 0d f8 05 03 26 7f 00 ff ff ff ff ff
3  : pgn=129025 line=Tx 10371982 09 f8 01 03 41 5a 6f 1c eb dc fd b6
source=3: pgn=Position, Rapid Update(129025): values=Latitude=(47.7059649 deg) Longitude=(-122.4876821 deg)

3  : pgn=129033 line=Tx 10371982 0d f8 09 03 06 40 9e 27 18 2c 5c fe
source=3: pgn=Time & Date(129033): values=Date=(16390 d) Time=(73978.051 s) LocalOffset=(-25200.0 s)

1  : pgn=59936  line=Rx 10371994 18 ea 20 01 00 ee 00 00 00 00 00 00
32 : pgn=128259 line=Rx 10372050 09 f5 03 20 e8 23 01 ff ff ff ff ff
0  : pgn=127250 line=Rx 10372072 09 f1 12 00 ff 06 3f ff 7f ff 7f fd
source=0: pgn=Vessel Heading(127250): values=Heading=(92.44 deg) Deviation=(None) Variation=(None) Reference=("1")

0  : pgn=127245 line=Rx 10372073 09 f1 0d 00 00 f8 ff 7f 00 00 ff ff
source=0: pgn=Rudder(127245): values=Instance=(0) DirectionOrder=("0") AngleOrder=(None) Position=(0.00 deg)

0  : pgn=65359  line=Rx 10372079 1c ff 4f 00 3b 9f ff ff ff 06 3f ff
source=0: pgn=Seatalk: Pilot Heading(65359): values=ManufacturerCode=(1851) IndustryCode=(4) HeadingTrue=(None) HeadingMagnetic=(92.44 deg)

3  : pgn=129026 line=Tx 10372082 09 f8 02 03 ff fc ed 4a 4b 01 ff ff
source=3: pgn=COG & SOG, Rapid Update(129026): values=COGReference=("0") COG=(109.90 deg) SOG=(3.31 m/s)

3  : pgn=129025 line=Tx 10372082 09 f8 01 03 33 5a 6f 1c 3e dd fd b6
source=3: pgn=Position, Rapid Update(129025): values=Latitude=(47.705963499999996 deg) Longitude=(-122.4876738 deg)

3  : pgn=126992 line=Tx 10372082 0d f0 10 03 ff ff 06 40 64 2f 18 2c
source=3: pgn=System Time(126992): values=Source=(None) Date=(16390 d) Time=(73978.25 s)

0  : pgn=126975 line=Rx 10372082 1d ef ff 00 00 08 3b 9f f0 81 9c 51
0  : pgn=126975 line=Rx 10372084 1d ef ff 00 01 01 00 ff ff ff ff ff
1  : pgn=129038 line=Rx 10372147 11 f8 0e 01 a0 1b c1 58 f2 20 0d c8
1  : pgn=129038 line=Rx 10372147 11 f8 0e 01 a1 85 13 b7 5a 4a 5d 1c
1  : pgn=129038 line=Rx 10372148 11 f8 0e 01 a2 e0 b1 82 25 01 00 00
1  : pgn=129038 line=Rx 10372149 11 f8 0e 01 a3 00 14 7c 00 00 f5 fe
32 : pgn=128259 line=Rx 10372150 09 f5 03 20 e9 25 01 ff ff ff ff ff
source=32: pgn=Speed(128259): values=SpeedWaterReferenced=(2.93 m/s) SpeedGroundReferenced=(None) SpeedWaterReferencedType=(None) SpeedDirection=(None)

0  : pgn=127250 line=Rx 10372172 09 f1 12 00 ff 06 3f ff 7f ff 7f fd
source=0: pgn=Vessel Heading(127250): values=Heading=(92.44 deg) Deviation=(None) Variation=(None) Reference=("1")

0  : pgn=127245 line=Rx 10372173 09 f1 0d 00 00 f8 ff 7f 00 00 ff ff
source=0: pgn=Rudder(127245): values=Instance=(0) DirectionOrder=("0") AngleOrder=(None) Position=(0.00 deg)

0  : pgn=65359  line=Rx 10372177 1c ff 4f 00 3b 9f ff ff ff 06 3f ff
source=0: pgn=Seatalk: Pilot Heading(65359): values=ManufacturerCode=(1851) IndustryCode=(4) HeadingTrue=(None) HeadingMagnetic=(92.44 deg)

3  : pgn=129025 line=Tx 10372183 09 f8 01 03 33 5a 6f 1c 3e dd fd b6
source=3: pgn=Position, Rapid Update(129025): values=Latitude=(47.705963499999996 deg) Longitude=(-122.4876738 deg)

1  : pgn=129038 line=Rx 10372208 11 f8 0e 01 c0 1b c1 00 c6 e2 15 d7
1  : pgn=129038 line=Rx 10372208 11 f8 0e 01 c1 4f 13 b7 f7 c0 5d 1c
1  : pgn=129038 line=Rx 10372209 11 f8 0e 01 c2 ea d4 a3 00 00 00 00
1  : pgn=129038 line=Rx 10372210 11 f8 0e 01 c3 00 ff ff ff 7f f0 fe
32 : pgn=128259 line=Rx 10372249 09 f5 03 20 ea 26 01 ff ff ff ff ff
source=32: pgn=Speed(128259): values=SpeedWaterReferenced=(2.94 m/s) SpeedGroundReferenced=(None) SpeedWaterReferencedType=(None) SpeedDirection=(None)

1  : pgn=129038 line=Rx 10372271 11 f8 0e 01 e0 1b c1 3a 7c e8 15 d5
1  : pgn=129038 line=Rx 10372271 11 f8 0e 01 e1 5d 0c b7 e7 80 63 1c
1  : pgn=129038 line=Rx 10372272 11 f8 0e 01 e2 e7 24 dc 00 00 00 00
1  : pgn=129038 line=Rx 10372272 11 f8 0e 01 e3 00 ff ff ff 7f ff fe
0  : pgn=127250 line=Rx 10372274 09 f1 12 00 ff 08 3f ff 7f ff 7f fd
source=0: pgn=Vessel Heading(127250): values=Heading=(92.45 deg) Deviation=(None) Variation=(None) Reference=("1")

0  : pgn=127245 line=Rx 10372275 09 f1 0d 00 00 f8 ff 7f 00 00 ff ff
source=0: pgn=Rudder(127245): values=Instance=(0) DirectionOrder=("0") AngleOrder=(None) Position=(0.00 deg)

0  : pgn=65359  line=Rx 10372282 1c ff 4f 00 3b 9f ff ff ff 08 3f ff
source=0: pgn=Seatalk: Pilot Heading(65359): values=ManufacturerCode=(1851) IndustryCode=(4) HeadingTrue=(None) HeadingMagnetic=(92.45 deg)

3  : pgn=129026 line=Tx 10372283 09 f8 02 03 ff fc a7 4a 4b 01 ff ff
source=3: pgn=COG & SOG, Rapid Update(129026): values=COGReference=("0") COG=(109.50 deg) SOG=(3.31 m/s)

3  : pgn=129025 line=Tx 10372283 09 f8 01 03 29 5a 6f 1c 91 dd fd b6
source=3: pgn=Position, Rapid Update(129025): values=Latitude=(47.7059625 deg) Longitude=(-122.48766549999999 deg)

3  : pgn=129291 line=Tx 10372283 0d f9 0b 03 ff fc b9 53 34 00 ff ff
source=3: pgn=Set & Drift, Rapid Update(129291): values=SetReference=("0") Set=(122.80 deg) Drift=(0.52 m/s)

1  : pgn=129038 line=Rx 10372332 11 f8 0e 01 00 1b c3 14 8c db 15 c1
source=1: pgn=AIS Class A Position Report(129038): values=MessageID=(0) RepeatIndicator=("0") UserID=(2350170907) Longitude=(0.0 deg) Latitude=(0.0 deg) PositionAccuracy=("0") RAIM=("0") TimeStamp=("0") COG=(0.00 deg) SOG=(0.0 m/s) CommunicationState=(0) AISTransceiverinformation=("0") Heading=(0.00 deg) RateofTurn=(0.00 deg/s) NavStatus=("0") SpecialManeuverIndicator=("0") Spare=(0) SequenceID=(0)

1  : pgn=129038 line=Rx 10372332 11 f8 0e 01 01 69 0d b7 3e bf 7f 1c
source=1: pgn=AIS Class A Position Report(129038): values=MessageID=(1) RepeatIndicator=("0") UserID=(1052183913) Longitude=(0.0 deg) Latitude=(0.0 deg) PositionAccuracy=("0") RAIM=("0") TimeStamp=("0") COG=(0.00 deg) SOG=(0.0 m/s) CommunicationState=(0) AISTransceiverinformation=("0") Heading=(0.00 deg) RateofTurn=(0.00 deg/s) NavStatus=("0") SpecialManeuverIndicator=("0") Spare=(0) SequenceID=(0)

1  : pgn=129038 line=Rx 10372333 11 f8 0e 01 02 e9 b3 46 00 00 00 00
source=1: pgn=AIS Class A Position Report(129038): values=MessageID=(2) RepeatIndicator=("0") UserID=(4633577) Longitude=(0.0 deg) Latitude=(0.0 deg) PositionAccuracy=("0") RAIM=("0") TimeStamp=("0") COG=(0.00 deg) SOG=(0.0 m/s) CommunicationState=(0) AISTransceiverinformation=("0") Heading=(0.00 deg) RateofTurn=(0.00 deg/s) NavStatus=("0") SpecialManeuverIndicator=("0") Spare=(0) SequenceID=(0)

1  : pgn=129038 line=Rx 10372334 11 f8 0e 01 03 00 f3 48 00 00 ff fe
source=1: pgn=AIS Class A Position Report(129038): values=MessageID=(3) RepeatIndicator=("0") UserID=(4780800) Longitude=(0.0 deg) Latitude=(0.0 deg) PositionAccuracy=("0") RAIM=("0") TimeStamp=("0") COG=(0.00 deg) SOG=(0.0 m/s) CommunicationState=(0) AISTransceiverinformation=("0") Heading=(0.00 deg) RateofTurn=(0.00 deg/s) NavStatus=("0") SpecialManeuverIndicator=("0") Spare=(0) SequenceID=(0)

32 : pgn=128259 line=Rx 10372348 09 f5 03 20 eb 29 01 ff ff ff ff ff
source=32: pgn=Speed(128259): values=SpeedWaterReferenced=(2.97 m/s) SpeedGroundReferenced=(None) SpeedWaterReferencedType=(None) SpeedDirection=(None)

0  : pgn=127250 line=Rx 10372372 09 f1 12 00 ff 0f 3f ff 7f ff 7f fd
source=0: pgn=Vessel Heading(127250): values=Heading=(92.49 deg) Deviation=(None) Variation=(None) Reference=("1")

0  : pgn=127245 line=Rx 10372373 09 f1 0d 00 00 f8 ff 7f 00 00 ff ff
source=0: pgn=Rudder(127245): values=Instance=(0) DirectionOrder=("0") AngleOrder=(None) Position=(0.00 deg)

0  : pgn=65359  line=Rx 10372377 1c ff 4f 00 3b 9f ff ff ff 0f 3f ff
source=0: pgn=Seatalk: Pilot Heading(65359): values=ManufacturerCode=(1851) IndustryCode=(4) HeadingTrue=(None) HeadingMagnetic=(92.49 deg)

3  : pgn=129025 line=Tx 10372385 09 f8 01 03 29 5a 6f 1c 91 dd fd b6
source=3: pgn=Position, Rapid Update(129025): values=Latitude=(47.7059625 deg) Longitude=(-122.48766549999999 deg)

4  : pgn=65384  line=Rx 10372401 1c ff 68 04 3b 9f 00 00 00 00 00 00
1  : pgn=129810 line=Rx 10372424 19 fb 12 01 e0 21 18 e4 30 e9 15 24
1  : pgn=129810 line=Rx 10372424 19 fb 12 01 e1 80 54 40 53 4c 20 58
1  : pgn=129810 line=Rx 10372425 19 fb 12 01 e2 57 44 48 33 30 36 38
1  : pgn=129810 line=Rx 10372425 19 fb 12 01 e3 78 00 1e 00 00 00 6e
1  : pgn=129810 line=Rx 10372426 19 fb 12 01 e4 00 00 00 00 00 03 ff
1  : pgn=130842 line=Rx 10372427 19 ff 1a 01 a0 24 41 9f 01 00 00 e4
1  : pgn=130842 line=Rx 10372427 19 ff 1a 01 a1 30 e9 15 00 80 54 40
1  : pgn=130842 line=Rx 10372428 19 ff 1a 01 a2 53 4c 20 58 57 44 48
1  : pgn=130842 line=Rx 10372428 19 ff 1a 01 a3 33 30 36 38 78 00 1e
1  : pgn=130842 line=Rx 10372429 19 ff 1a 01 a4 00 00 00 6e 00 00 00
1  : pgn=130842 line=Rx 10372429 19 ff 1a 01 a5 00 00 ff ff ff ff ff
32 : pgn=128259 line=Rx 10372448 09 f5 03 20 ec 26 01 ff ff ff ff ff
source=32: pgn=Speed(128259): values=SpeedWaterReferenced=(2.94 m/s) SpeedGroundReferenced=(None) SpeedWaterReferencedType=(None) SpeedDirection=(None)

0  : pgn=127250 line=Rx 10372473 09 f1 12 00 ff 0c 3f ff 7f ff 7f fd
source=0: pgn=Vessel Heading(127250): values=Heading=(92.48 deg) Deviation=(None) Variation=(None) Reference=("1")

0  : pgn=127245 line=Rx 10372474 09 f1 0d 00 00 f8 ff 7f 00 00 ff ff
source=0: pgn=Rudder(127245): values=Instance=(0) DirectionOrder=("0") AngleOrder=(None) Position=(0.00 deg)

0  : pgn=65359  line=Rx 10372481 1c ff 4f 00 3b 9f ff ff ff 0c 3f ff
source=0: pgn=Seatalk: Pilot Heading(65359): values=ManufacturerCode=(1851) IndustryCode=(4) HeadingTrue=(None) HeadingMagnetic=(92.48 deg)

3  : pgn=129026 line=Tx 10372484 09 f8 02 03 ff fc a7 4a 4b 01 ff ff
source=3: pgn=COG & SOG, Rapid Update(129026): values=COGReference=("0") COG=(109.50 deg) SOG=(3.31 m/s)

3  : pgn=130577 line=Tx 10372484 0d fe 11 03 40 0e c0 b3 a7 4a 4b 01
3  : pgn=130577 line=Tx 10372484 0d fe 11 03 41 ff ff ff ff b9 53 34
3  : pgn=130577 line=Tx 10372484 0d fe 11 03 42 00 ff ff ff ff ff ff
3  : pgn=129025 line=Tx 10372484 09 f8 01 03 29 5a 6f 1c 91 dd fd b6
3  : pgn=130306 line=Tx 10372484 09 fd 02 03 ff 13 03 36 cd fa ff ff
source=3: pgn=Wind Data(130306): values=WindSpeed=(7.87 m/s) WindAngle=(301.00 deg) Reference=("2")

1  : pgn=129038 line=Rx 10372515 11 f8 0e 01 20 1b c1 f8 9b 13 12 dd
1  : pgn=129038 line=Rx 10372515 11 f8 0e 01 21 68 0e b7 f2 01 64 1c
1  : pgn=129038 line=Rx 10372516 11 f8 0e 01 22 e7 b7 9b 00 00 00 00
1  : pgn=129038 line=Rx 10372517 11 f8 0e 01 23 00 ff ff ff 7f f0 fe
32 : pgn=128259 line=Rx 10372547 09 f5 03 20 ed 26 01 ff ff ff ff ff
source=32: pgn=Speed(128259): values=SpeedWaterReferenced=(2.94 m/s) SpeedGroundReferenced=(None) SpeedWaterReferencedType=(None) SpeedDirection=(None)

1  : pgn=129038 line=Rx 10372548 11 f8 0e 01 40 1b c1 18 6d e7 15 49
1  : pgn=129038 line=Rx 10372549 11 f8 0e 01 41 b1 0f b7 76 f9 67 1c
1  : pgn=129038 line=Rx 10372549 11 f8 0e 01 42 e8 0b 0e 00 00 00 00
1  : pgn=129038 line=Rx 10372550 11 f8 0e 01 43 00 ff ff ff 7f f0 fe
0  : pgn=127250 line=Rx 10372572 09 f1 12 00 ff 06 3f ff 7f ff 7f fd
source=0: pgn=Vessel Heading(127250): values=Heading=(92.44 deg) Deviation=(None) Variation=(None) Reference=("1")

0  : pgn=127245 line=Rx 10372572 09 f1 0d 00 00 f8 ff 7f 00 00 ff ff
source=0: pgn=Rudder(127245): values=Instance=(0) DirectionOrder=("0") AngleOrder=(None) Position=(0.00 deg)

0  : pgn=65379  line=Rx 10372577 1c ff 63 00 3b 9f 00 00 00 00 01 ff
source=0: pgn=Seatalk: Pilot Mode(65379): values=ManufacturerCode=(1851) IndustryCode=(4) PilotMode=(0) SubMode=(0) PilotModeData=(0)

0  : pgn=65359  line=Rx 10372578 1c ff 4f 00 3b 9f ff ff ff 06 3f ff
source=0: pgn=Seatalk: Pilot Heading(65359): values=ManufacturerCode=(1851) IndustryCode=(4) HeadingTrue=(None) HeadingMagnetic=(92.44 deg)

0  : pgn=126975 line=Rx 10372582 1d ef ff 00 20 0d 3b 9f f0 81 84 56
0  : pgn=126975 line=Rx 10372584 1d ef ff 00 21 41 05 00 00 00 02 05
3  : pgn=129283 line=Tx 10372585 0d f9 03 03 ff 7f ff ff ff 7f ff ff
source=3: pgn=Cross Track Error(129283): values=XTEmode=(None) NavigationTerminated=("1") XTE=(None)

3  : pgn=129025 line=Tx 10372585 09 f8 01 03 12 5a 6f 1c 29 de fd b6
source=3: pgn=Position, Rapid Update(129025): values=Latitude=(47.7059602 deg) Longitude=(-122.4876503 deg)

3  : pgn=128267 line=Tx 10372585 0d f5 0b 03 ff 14 3e 00 00 00 00 ff
source=3: pgn=Water Depth(128267): values=Depth=(158.92000000000002 m) Offset=(0.0 m) Range=(None)

32 : pgn=128259 line=Rx 10372647 09 f5 03 20 ee 27 01 ff ff ff ff ff
source=32: pgn=Speed(128259): values=SpeedWaterReferenced=(2.95 m/s) SpeedGroundReferenced=(None) SpeedWaterReferencedType=(None) SpeedDirection=(None)

0  : pgn=127250 line=Rx 10372672 09 f1 12 00 ff f2 3e ff 7f ff 7f fd
source=0: pgn=Vessel Heading(127250): values=Heading=(92.33 deg) Deviation=(None) Variation=(None) Reference=("1")

0  : pgn=127245 line=Rx 10372672 09 f1 0d 00 00 f8 ff 7f 00 00 ff ff
source=0: pgn=Rudder(127245): values=Instance=(0) DirectionOrder=("0") AngleOrder=(None) Position=(0.00 deg)

0  : pgn=65359  line=Rx 10372679 1c ff 4f 00 3b 9f ff ff ff f2 3e ff
source=0: pgn=Seatalk: Pilot Heading(65359): values=ManufacturerCode=(1851) IndustryCode=(4) HeadingTrue=(None) HeadingMagnetic=(92.33 deg)

0  : pgn=126975 line=Rx 10372682 1d ef ff 00 40 09 3b 9f f0 81 ae 02
0  : pgn=126975 line=Rx 10372684 1d ef ff 00 41 00 08 00 ff ff ff ff
3  : pgn=129026 line=Tx 10372685 09 f8 02 03 ff fc 50 4a 4b 01 ff ff
source=3: pgn=COG & SOG, Rapid Update(129026): values=COGReference=("0") COG=(109.00 deg) SOG=(3.31 m/s)

3  : pgn=129025 line=Tx 10372685 09 f8 01 03 12 5a 6f 1c 29 de fd b6
source=3: pgn=Position, Rapid Update(129025): values=Latitude=(47.7059602 deg) Longitude=(-122.4876503 deg)

3  : pgn=129542 line=Tx 10372685 19 fa 06 03 40 0f b3 44 01 00 00 00
3  : pgn=129542 line=Tx 10372685 19 fa 06 03 41 00 00 00 00 00 00 00
3  : pgn=129542 line=Tx 10372685 19 fa 06 03 42 00 00 ff ff ff ff ff
3  : pgn=65364  line=Tx 10372685 1c ff 54 03 3b 9f 13 03 36 cd ff ff
32 : pgn=128259 line=Rx 10372746 09 f5 03 20 ef 2a 01 ff ff ff ff ff
source=32: pgn=Speed(128259): values=SpeedWaterReferenced=(2.98 m/s) SpeedGroundReferenced=(None) SpeedWaterReferencedType=(None) SpeedDirection=(None)

1  : pgn=129041 line=Rx 10372762 11 f8 11 01 00 30 55 75 89 3a 3b 6d
source=1: pgn=AIS Aids to Navigation (AtoN) Report(129041): values=MessageID=(0) RepeatIndicator=("0") UserID=(2306168112) Longitude=(0.0 deg) Latitude=(0.0 deg) PositionAccuracy=("0") RAIM=("0") TimeStamp=("0") Length/Diameter=(0.0 m) Beam/Diameter=(0.0 m) PositionReferencefromStarboardEdge=(0.0 m) PositionReferencefromTrueNorthFacingEdge=(0.0 m) AtoNType=("0") OffPositionIndicator=("0") VirtualAtoNFlag=("0") AssignedModeFlag=("0") Spare=(0) PositionFixingDeviceType=("0") AtoNStatus=(0) AISTransceiverinformation=("0") AtoNName=(None)

1  : pgn=129041 line=Rx 10372762 11 f8 11 01 01 8b 0a b7 5b f8 47 1c
source=1: pgn=AIS Aids to Navigation (AtoN) Report(129041): values=MessageID=(1) RepeatIndicator=("0") UserID=(1538722443) Longitude=(0.0 deg) Latitude=(0.0 deg) PositionAccuracy=("0") RAIM=("0") TimeStamp=("0") Length/Diameter=(0.0 m) Beam/Diameter=(0.0 m) PositionReferencefromStarboardEdge=(0.0 m) PositionReferencefromTrueNorthFacingEdge=(0.0 m) AtoNType=("0") OffPositionIndicator=("0") VirtualAtoNFlag=("0") AssignedModeFlag=("0") Spare=(0) PositionFixingDeviceType=("0") AtoNStatus=(0) AISTransceiverinformation=("0") AtoNName=(None)

1  : pgn=129041 line=Rx 10372763 11 f8 11 01 02 f4 00 00 00 00 00 00
source=1: pgn=AIS Aids to Navigation (AtoN) Report(129041): values=MessageID=(2) RepeatIndicator=("0") UserID=(244) Longitude=(0.0 deg) Latitude=(0.0 deg) PositionAccuracy=("0") RAIM=("0") TimeStamp=("0") Length/Diameter=(0.0 m) Beam/Diameter=(0.0 m) PositionReferencefromStarboardEdge=(0.0 m) PositionReferencefromTrueNorthFacingEdge=(0.0 m) AtoNType=("0") OffPositionIndicator=("0") VirtualAtoNFlag=("0") AssignedModeFlag=("0") Spare=(0) PositionFixingDeviceType=("0") AtoNStatus=(0) AISTransceiverinformation=("0") AtoNName=(None)

1  : pgn=129041 line=Rx 10372763 11 f8 11 01 03 ff ff 12 ee ff e0 16
source=1: pgn=AIS Aids to Navigation (AtoN) Report(129041): values=MessageID=(3) RepeatIndicator=("0") UserID=(3994222591) Longitude=(0.0 deg) Latitude=(0.0 deg) PositionAccuracy=("0") RAIM=("0") TimeStamp=("0") Length/Diameter=(0.0 m) Beam/Diameter=(0.0 m) PositionReferencefromStarboardEdge=(0.0 m) PositionReferencefromTrueNorthFacingEdge=(0.0 m) AtoNType=("0") OffPositionIndicator=("0") VirtualAtoNFlag=("0") AssignedModeFlag=("0") Spare=(0) PositionFixingDeviceType=("0") AtoNStatus=(0) AISTransceiverinformation=("0") AtoNName=(None)

1  : pgn=129041 line=Rx 10372764 11 f8 11 01 04 01 50 53 20 54 53 4c
source=1: pgn=AIS Aids to Navigation (AtoN) Report(129041): values=MessageID=(4) RepeatIndicator=("0") UserID=(542330881) Longitude=(0.0 deg) Latitude=(0.0 deg) PositionAccuracy=("0") RAIM=("0") TimeStamp=("0") Length/Diameter=(0.0 m) Beam/Diameter=(0.0 m) PositionReferencefromStarboardEdge=(0.0 m) PositionReferencefromTrueNorthFacingEdge=(0.0 m) AtoNType=("0") OffPositionIndicator=("0") VirtualAtoNFlag=("0") AssignedModeFlag=("0") Spare=(0) PositionFixingDeviceType=("0") AtoNStatus=(0) AISTransceiverinformation=("0") AtoNName=(None)

1  : pgn=129041 line=Rx 10372764 11 f8 11 01 05 20 4c 42 20 54 41 20
source=1: pgn=AIS Aids to Navigation (AtoN) Report(129041): values=MessageID=(5) RepeatIndicator=("0") UserID=(541215776) Longitude=(0.0 deg) Latitude=(0.0 deg) PositionAccuracy=("0") RAIM=("0") TimeStamp=("0") Length/Diameter=(0.0 m) Beam/Diameter=(0.0 m) PositionReferencefromStarboardEdge=(0.0 m) PositionReferencefromTrueNorthFacingEdge=(0.0 m) AtoNType=("0") OffPositionIndicator=("0") VirtualAtoNFlag=("0") AssignedModeFlag=("0") Spare=(0) PositionFixingDeviceType=("0") AtoNStatus=(0) AISTransceiverinformation=("0") AtoNName=(None)

1  : pgn=129041 line=Rx 10372765 11 f8 11 01 06 20 20 20 20 20 20 20
source=1: pgn=AIS Aids to Navigation (AtoN) Report(129041): values=MessageID=(6) RepeatIndicator=("0") UserID=(538976288) Longitude=(0.0 deg) Latitude=(0.0 deg) PositionAccuracy=("0") RAIM=("0") TimeStamp=("0") Length/Diameter=(0.0 m) Beam/Diameter=(0.0 m) PositionReferencefromStarboardEdge=(0.0 m) PositionReferencefromTrueNorthFacingEdge=(0.0 m) AtoNType=("0") OffPositionIndicator=("0") VirtualAtoNFlag=("0") AssignedModeFlag=("0") Spare=(0) PositionFixingDeviceType=("0") AtoNStatus=(0) AISTransceiverinformation=("0") AtoNName=(None)

0  : pgn=127250 line=Rx 10372776 09 f1 12 00 ff dc 3e ff 7f ff 7f fd
source=0: pgn=Vessel Heading(127250): values=Heading=(92.20 deg) Deviation=(None) Variation=(None) Reference=("1")

0  : pgn=127245 line=Rx 10372777 09 f1 0d 00 00 f8 ff 7f 00 00 ff ff
source=0: pgn=Rudder(127245): values=Instance=(0) DirectionOrder=("0") AngleOrder=(None) Position=(0.00 deg)

0  : pgn=65359  line=Rx 10372784 1c ff 4f 00 3b 9f ff ff ff dc 3e ff
source=0: pgn=Seatalk: Pilot Heading(65359): values=ManufacturerCode=(1851) IndustryCode=(4) HeadingTrue=(None) HeadingMagnetic=(92.20 deg)

3  : pgn=129540 line=Tx 10372785 19 fa 04 03 80 9f d5 ff 0d 03 97 1a
source=3: pgn=GNSS Sats in View(129540): values=RangeResidualMode=(None) SatsinView=(213) PRN=(None) Elevation=(4.47 deg) Azimuth=(39.00 deg) SNR=(0.0 dB) Rangeresiduals=(0) Status=("0")

3  : pgn=129540 line=Tx 10372786 19 fa 04 03 81 2e 26 00 00 00 00 00
source=3: pgn=GNSS Sats in View(129540): values=RangeResidualMode=("0") SatsinView=(38) PRN=(0) Elevation=(0.00 deg) Azimuth=(0.00 deg) SNR=(0.0 dB) Rangeresiduals=(0) Status=("0")

3  : pgn=129540 line=Tx 10372786 19 fa 04 03 82 00 f3 0f ff 1d ad 3c
source=3: pgn=GNSS Sats in View(129540): values=RangeResidualMode=("0") SatsinView=(243) PRN=(15) Elevation=(44.00 deg) Azimuth=(89.00 deg) SNR=(0.0 dB) Rangeresiduals=(0) Status=("0")

3  : pgn=129540 line=Tx 10372786 19 fa 04 03 83 98 08 00 00 00 00 f5
source=3: pgn=GNSS Sats in View(129540): values=RangeResidualMode=("0") SatsinView=(8) PRN=(0) Elevation=(0.00 deg) Azimuth=(359.36 deg) SNR=(0.0 dB) Rangeresiduals=(0) Status=("0")

3  : pgn=129540 line=Tx 10372786 19 fa 04 03 84 10 17 13 c2 b8 10 0e
source=3: pgn=GNSS Sats in View(129540): values=RangeResidualMode=("0") SatsinView=(23) PRN=(19) Elevation=(-104.50 deg) Azimuth=(20.63 deg) SNR=(0.0 dB) Rangeresiduals=(0) Status=("0")

3  : pgn=129540 line=Tx 10372786 19 fa 04 03 85 00 00 00 00 f5 12 c5
source=3: pgn=GNSS Sats in View(129540): values=RangeResidualMode=("0") SatsinView=(0) PRN=(0) Elevation=(-16.13 deg) Azimuth=(289.06 deg) SNR=(0.0 dB) Rangeresiduals=(0) Status=("0")

3  : pgn=129540 line=Tx 10372786 19 fa 04 03 86 31 f2 93 ac 0d 00 00
source=3: pgn=GNSS Sats in View(129540): values=RangeResidualMode=("1") SatsinView=(242) PRN=(147) Elevation=(20.05 deg) Azimuth=(0.00 deg) SNR=(0.0 dB) Rangeresiduals=(0) Status=("0")

3  : pgn=129540 line=Tx 10372786 19 fa 04 03 87 00 00 f5 13 69 03 1f
source=3: pgn=GNSS Sats in View(129540): values=RangeResidualMode=("0") SatsinView=(0) PRN=(245) Elevation=(154.12 deg) Azimuth=(45.49 deg) SNR=(0.0 dB) Rangeresiduals=(0) Status=("0")

3  : pgn=129540 line=Tx 10372786 19 fa 04 03 88 d8 d8 0e 00 00 00 00
source=3: pgn=GNSS Sats in View(129540): values=RangeResidualMode=("0") SatsinView=(216) PRN=(14) Elevation=(0.00 deg) Azimuth=(0.00 deg) SNR=(0.0 dB) Rangeresiduals=(0) Status=("0")

3  : pgn=129540 line=Tx 10372786 19 fa 04 03 89 f5 15 e8 37 17 22 80
source=3: pgn=GNSS Sats in View(129540): values=RangeResidualMode=("1") SatsinView=(21) PRN=(232) Elevation=(34.05 deg) Azimuth=(187.94 deg) SNR=(0.0 dB) Rangeresiduals=(0) Status=("0")

3  : pgn=129540 line=Tx 10372786 19 fa 04 03 8a 0c 00 00 00 00 f5 16
source=3: pgn=GNSS Sats in View(129540): values=RangeResidualMode=("0") SatsinView=(0) PRN=(0) Elevation=(0.00 deg) Azimuth=(33.67 deg) SNR=(0.0 dB) Rangeresiduals=(0) Status=("0")

3  : pgn=129540 line=Tx 10372787 19 fa 04 03 8b 80 16 7d 9d 74 0e 00
source=3: pgn=GNSS Sats in View(129540): values=RangeResidualMode=("0") SatsinView=(22) PRN=(125) Elevation=(171.05 deg) Azimuth=(0.08 deg) SNR=(0.0 dB) Rangeresiduals=(0) Status=("0")

3  : pgn=129540 line=Tx 10372788 19 fa 04 03 8c 00 00 00 f5 1a ae 0f
source=3: pgn=GNSS Sats in View(129540): values=RangeResidualMode=("0") SatsinView=(0) PRN=(0) Elevation=(39.54 deg) Azimuth=(23.00 deg) SNR=(0.0 dB) Rangeresiduals=(0) Status=("0")

3  : pgn=129540 line=Tx 10372788 19 fa 04 03 8d 5d 1f 54 0b 00 00 00
source=3: pgn=GNSS Sats in View(129540): values=RangeResidualMode=("1") SatsinView=(31) PRN=(84) Elevation=(0.06 deg) Azimuth=(0.00 deg) SNR=(0.0 dB) Rangeresiduals=(0) Status=("0")

3  : pgn=129540 line=Tx 10372789 19 fa 04 03 8e 00 f5 1b d1 15 ab d2
source=3: pgn=GNSS Sats in View(129540): values=RangeResidualMode=("0") SatsinView=(245) PRN=(27) Elevation=(32.00 deg) Azimuth=(309.00 deg) SNR=(0.0 dB) Rangeresiduals=(0) Status=("0")

3  : pgn=129540 line=Tx 10372790 19 fa 04 03 8f 10 0e 00 00 00 00 f5
source=3: pgn=GNSS Sats in View(129540): values=RangeResidualMode=("0") SatsinView=(14) PRN=(0) Elevation=(0.00 deg) Azimuth=(359.36 deg) SNR=(0.0 dB) Rangeresiduals=(0) Status=("0")

3  : pgn=129540 line=Tx 10372791 19 fa 04 03 90 1d 51 0e a1 67 48 0d
source=3: pgn=GNSS Sats in View(129540): values=RangeResidualMode=("1") SatsinView=(81) PRN=(14) Elevation=(152.00 deg) Azimuth=(19.48 deg) SNR=(0.0 dB) Rangeresiduals=(0) Status=("0")

3  : pgn=129540 line=Tx 10372792 19 fa 04 03 91 00 00 00 00 f5 23 d1
source=3: pgn=GNSS Sats in View(129540): values=RangeResidualMode=("0") SatsinView=(0) PRN=(0) Elevation=(-16.13 deg) Azimuth=(306.76 deg) SNR=(0.0 dB) Rangeresiduals=(0) Status=("0")

3  : pgn=129540 line=Tx 10372793 19 fa 04 03 92 15 c3 8b 00 00 00 00
source=3: pgn=GNSS Sats in View(129540): values=RangeResidualMode=("1") SatsinView=(195) PRN=(139) Elevation=(0.00 deg) Azimuth=(0.00 deg) SNR=(0.0 dB) Rangeresiduals=(0) Status=("0")

3  : pgn=129540 line=Tx 10372794 19 fa 04 03 93 00 00 f3 30 2e 17 43
source=3: pgn=GNSS Sats in View(129540): values=RangeResidualMode=("0") SatsinView=(0) PRN=(243) Elevation=(67.75 deg) Azimuth=(98.41 deg) SNR=(0.0 dB) Rangeresiduals=(0) Status=("0")

3  : pgn=129540 line=Tx 10372794 19 fa 04 03 94 84 68 10 00 00 00 00
source=3: pgn=GNSS Sats in View(129540): values=RangeResidualMode=("0") SatsinView=(104) PRN=(16) Elevation=(0.00 deg) Azimuth=(0.00 deg) SNR=(0.0 dB) Rangeresiduals=(0) Status=("0")

3  : pgn=129540 line=Tx 10372795 19 fa 04 03 95 f5 33 80 16 67 6c 54
source=3: pgn=GNSS Sats in View(129540): values=RangeResidualMode=("1") SatsinView=(51) PRN=(128) Elevation=(151.20 deg) Azimuth=(123.83 deg) SNR=(0.0 dB) Rangeresiduals=(0) Status=("0")

3  : pgn=129540 line=Tx 10372796 19 fa 04 03 96 0b 00 00 00 00 f5 ff
source=3: pgn=GNSS Sats in View(129540): values=RangeResidualMode=(None) SatsinView=(0) PRN=(0) Elevation=(0.00 deg) Azimuth=(375.43 deg) SNR=(0.0 dB) Rangeresiduals=(0) Status=("0")

3  : pgn=129025 line=Tx 10372796 09 f8 01 03 12 5a 6f 1c 29 de fd b6
source=3: pgn=Position, Rapid Update(129025): values=Latitude=(47.7059602 deg) Longitude=(-122.4876503 deg)

3  : pgn=127258 line=Tx 10372798 19 f1 1a 03 ff f6 12 39 fa 0a ff ff
source=3: pgn=Magnetic Variation(127258): values=Source=("6") Ageofservice=(14610 d) Variation=(16.10 deg)

32 : pgn=128259 line=Rx 10372846 09 f5 03 20 f0 2e 01 ff ff ff ff ff
source=32: pgn=Speed(128259): values=SpeedWaterReferenced=(3.02 m/s) SpeedGroundReferenced=(None) SpeedWaterReferencedType=(None) SpeedDirection=(None)

1  : pgn=129038 line=Rx 10372853 11 f8 0e 01 60 1b c1 40 3c e6 15 b1
1  : pgn=129038 line=Rx 10372853 11 f8 0e 01 61 91 0d b7 b5 e3 68 1c
1  : pgn=129038 line=Rx 10372854 11 f8 0e 01 62 ee f0 b7 00 00 00 00
1  : pgn=129038 line=Rx 10372855 11 f8 0e 01 63 00 ff ff ff 7f f0 fe
0  : pgn=127250 line=Rx 10372872 09 f1 12 00 ff d6 3e ff 7f ff 7f fd
source=0: pgn=Vessel Heading(127250): values=Heading=(92.17 deg) Deviation=(None) Variation=(None) Reference=("1")

0  : pgn=127245 line=Rx 10372872 09 f1 0d 00 00 f8 ff 7f 00 00 ff ff
source=0: pgn=Rudder(127245): values=Instance=(0) DirectionOrder=("0") AngleOrder=(None) Position=(0.00 deg)

0  : pgn=65359  line=Rx 10372879 1c ff 4f 00 3b 9f ff ff ff d6 3e ff
source=0: pgn=Seatalk: Pilot Heading(65359): values=ManufacturerCode=(1851) IndustryCode=(4) HeadingTrue=(None) HeadingMagnetic=(92.17 deg)

3  : pgn=129026 line=Tx 10372887 09 f8 02 03 ff fc 1c 4a 4b 01 ff ff
source=3: pgn=COG & SOG, Rapid Update(129026): values=COGReference=("0") COG=(108.70 deg) SOG=(3.31 m/s)

3  : pgn=129025 line=Tx 10372887 09 f8 01 03 04 5a 6f 1c 73 de fd b6
source=3: pgn=Position, Rapid Update(129025): values=Latitude=(47.7059588 deg) Longitude=(-122.4876429 deg)

32 : pgn=65368  line=Rx 10372888 1c ff 58 20 3b 9f 35 56 71 ff ff ff
32 : pgn=128259 line=Rx 10372948 09 f5 03 20 f1 30 01 ff ff ff ff ff
source=32: pgn=Speed(128259): values=SpeedWaterReferenced=(3.04 m/s) SpeedGroundReferenced=(None) SpeedWaterReferencedType=(None) SpeedDirection=(None)

32 : pgn=130310 line=Rx 10372951 15 fd 06 20 fb ff ff ff ff ff ff ff
source=32: pgn=Environmental Parameters (obsolete)(130310): values=WaterTemperature=(None) OutsideAmbientAirTemperature=(None) AtmosphericPressure=(None)

32 : pgn=128275 line=Rx 10372961 19 f5 13 20 a0 0e ff ff ff ff ff ff
32 : pgn=128275 line=Rx 10372966 19 f5 13 20 a1 7a ae 3c 00 7a ae 3c
32 : pgn=128275 line=Rx 10372971 19 f5 13 20 a2 00 ff ff ff ff ff ff
0  : pgn=127250 line=Rx 10372972 09 f1 12 00 ff d2 3e ff 7f ff 7f fd
source=0: pgn=Vessel Heading(127250): values=Heading=(92.14 deg) Deviation=(None) Variation=(None) Reference=("1")

1  : pgn=129038 line=Rx 10372973 11 f8 0e 01 80 1b c1 a8 e4 f8 15 85
0  : pgn=127245 line=Rx 10372974 09 f1 0d 00 00 f8 ff 7f 00 00 ff ff
source=0: pgn=Rudder(127245): values=Instance=(0) DirectionOrder=("0") AngleOrder=(None) Position=(0.00 deg)

1  : pgn=129038 line=Rx 10372974 11 f8 0e 01 81 33 10 b7 9a eb 67 1c
1  : pgn=129038 line=Rx 10372975 11 f8 0e 01 82 fc d7 0d 00 00 00 00
1  : pgn=129038 line=Rx 10372975 11 f8 0e 01 83 00 ff ff ff 7f f0 fe
0  : pgn=65359  line=Rx 10372979 1c ff 4f 00 3b 9f ff ff ff d2 3e ff
source=0: pgn=Seatalk: Pilot Heading(65359): values=ManufacturerCode=(1851) IndustryCode=(4) HeadingTrue=(None) HeadingMagnetic=(92.14 deg)

3  : pgn=129029 line=Tx 10372987 0d f8 05 03 40 2b b3 06 40 7e 56 18
3  : pgn=129029 line=Tx 10372987 0d f8 05 03 41 2c 00 28 6f ef 2a db
3  : pgn=129029 line=Tx 10372987 0d f8 05 03 42 9e 06 00 be b4 a3 60
3  : pgn=129029 line=Tx 10372987 0d f8 05 03 43 5d 00 ef ff ff ff ff
3  : pgn=129029 line=Tx 10372987 0d f8 05 03 44 ff ff ff 7f 23 fc 09
3  : pgn=129029 line=Tx 10372987 0d f8 05 03 45 4f 00 ff 7f ff ff ff
3  : pgn=129029 line=Tx 10372987 0d f8 05 03 46 7f 00 ff ff ff ff ff
3  : pgn=129025 line=Tx 10372987 09 f8 01 03 04 5a 6f 1c 73 de fd b6
source=3: pgn=Position, Rapid Update(129025): values=Latitude=(47.7059588 deg) Longitude=(-122.4876429 deg)

3  : pgn=129033 line=Tx 10372987 0d f8 09 03 06 40 7e 56 18 2c 5c fe
source=3: pgn=Time & Date(129033): values=Date=(16390 d) Time=(73979.251 s) LocalOffset=(-25200.0 s)

1  : pgn=59936  line=Rx 10373003 18 ea 20 01 00 ee 00 00 00 00 00 00
32 : pgn=128259 line=Rx 10373045 09 f5 03 20 f2 34 01 ff ff ff ff ff
4  : pgn=126975 line=Rx 10373059 1d ef ff 04 c0 07 3b 9f f0 81 90 00
4  : pgn=126975 line=Rx 10373060 1d ef ff 04 c1 03 ff ff ff ff ff ff
0  : pgn=127250 line=Rx 10373071 09 f1 12 00 ff d8 3e ff 7f ff 7f fd
source=0: pgn=Vessel Heading(127250): values=Heading=(92.18 deg) Deviation=(None) Variation=(None) Reference=("1")

0  : pgn=127245 line=Rx 10373072 09 f1 0d 00 00 f8 ff 7f 00 00 ff ff
source=0: pgn=Rudder(127245): values=Instance=(0) DirectionOrder=("0") AngleOrder=(None) Position=(0.00 deg)

0  : pgn=65359  line=Rx 10373079 1c ff 4f 00 3b 9f ff ff ff d8 3e ff
source=0: pgn=Seatalk: Pilot Heading(65359): values=ManufacturerCode=(1851) IndustryCode=(4) HeadingTrue=(None) HeadingMagnetic=(92.18 deg)

3  : pgn=129026 line=Tx 10373087 09 f8 02 03 ff fc 1c 4a 4b 01 ff ff
source=3: pgn=COG & SOG, Rapid Update(129026): values=COGReference=("0") COG=(108.70 deg) SOG=(3.31 m/s)

3  : pgn=129025 line=Tx 10373087 09 f8 01 03 04 5a 6f 1c 73 de fd b6
source=3: pgn=Position, Rapid Update(129025): values=Latitude=(47.7059588 deg) Longitude=(-122.4876429 deg)

3  : pgn=126992 line=Tx 10373087 0d f0 10 03 ff ff 06 40 92 60 18 2c
source=3: pgn=System Time(126992): values=Source=(None) Date=(16390 d) Time=(73979.509 s)

0  : pgn=126975 line=Rx 10373088 1d ef ff 00 60 08 3b 9f f0 81 9c 11
0  : pgn=126975 line=Rx 10373090 1d ef ff 00 61 01 00 ff ff ff ff ff
1  : pgn=129038 line=Rx 10373097 11 f8 0e 01 a0 1b c1 70 80 32 14 f2
1  : pgn=129038 line=Rx 10373098 11 f8 0e 01 a1 21 14 b7 61 ea 57 1c
1  : pgn=129038 line=Rx 10373098 11 f8 0e 01 a2 00 fd 86 00 00 00 00
1  : pgn=129038 line=Rx 10373099 11 f8 0e 01 a3 00 15 6d 00 00 f0 fe
1  : pgn=129038 line=Rx 10373129 11 f8 0e 01 c0 1b c1 ec 10 e8 15 a0
1  : pgn=129038 line=Rx 10373129 11 f8 0e 01 c1 5f 0e b7 7f ec 67 1c
1  : pgn=129038 line=Rx 10373129 11 f8 0e 01 c2 ec 00 00 00 00 00 00
1  : pgn=129038 line=Rx 10373130 11 f8 0e 01 c3 00 ff ff ff 7f f0 fe
32 : pgn=128259 line=Rx 10373145 09 f5 03 20 f3 36 01 ff ff ff ff ff
source=32: pgn=Speed(128259): values=SpeedWaterReferenced=(3.1 m/s) SpeedGroundReferenced=(None) SpeedWaterReferencedType=(None) SpeedDirection=(None)

0  : pgn=127250 line=Rx 10373171 09 f1 12 00 ff f8 3e ff 7f ff 7f fd
source=0: pgn=Vessel Heading(127250): values=Heading=(92.36 deg) Deviation=(None) Variation=(None) Reference=("1")

0  : pgn=127245 line=Rx 10373172 09 f1 0d 00 00 f8 ff 7f 00 00 ff ff
source=0: pgn=Rudder(127245): values=Instance=(0) DirectionOrder=("0") AngleOrder=(None) Position=(0.00 deg)

0  : pgn=65359  line=Rx 10373177 1c ff 4f 00 3b 9f ff ff ff f8 3e ff
source=0: pgn=Seatalk: Pilot Heading(65359): values=ManufacturerCode=(1851) IndustryCode=(4) HeadingTrue=(None) HeadingMagnetic=(92.36 deg)

3  : pgn=129025 line=Tx 10373189 09 f8 01 03 e8 59 6f 1c 13 df fd b6
source=3: pgn=Position, Rapid Update(129025): values=Latitude=(47.705956 deg) Longitude=(-122.4876269 deg)

32 : pgn=128259 line=Rx 10373244 09 f5 03 20 f4 39 01 ff ff ff ff ff
source=32: pgn=Speed(128259): values=SpeedWaterReferenced=(3.13 m/s) SpeedGroundReferenced=(None) SpeedWaterReferencedType=(None) SpeedDirection=(None)

0  : pgn=127250 line=Rx 10373272 09 f1 12 00 ff 3d 3f ff 7f ff 7f fd
source=0: pgn=Vessel Heading(127250): values=Heading=(92.76 deg) Deviation=(None) Variation=(None) Reference=("1")

0  : pgn=127245 line=Rx 10373272 09 f1 0d 00 00 f8 ff 7f 00 00 ff ff
source=0: pgn=Rudder(127245): values=Instance=(0) DirectionOrder=("0") AngleOrder=(None) Position=(0.00 deg)

0  : pgn=65359  line=Rx 10373280 1c ff 4f 00 3b 9f ff ff ff 3d 3f ff
source=0: pgn=Seatalk: Pilot Heading(65359): values=ManufacturerCode=(1851) IndustryCode=(4) HeadingTrue=(None) HeadingMagnetic=(92.76 deg)

3  : pgn=129026 line=Tx 10373289 09 f8 02 03 ff fc f9 49 4c 01 ff ff
source=3: pgn=COG & SOG, Rapid Update(129026): values=COGReference=("0") COG=(108.50 deg) SOG=(3.3200000000000003 m/s)

3  : pgn=129025 line=Tx 10373289 09 f8 01 03 e8 59 6f 1c 13 df fd b6
source=3: pgn=Position, Rapid Update(129025): values=Latitude=(47.705956 deg) Longitude=(-122.4876269 deg)

3  : pgn=129291 line=Tx 10373289 0d f9 0b 03 ff fc 36 4e 21 00 ff ff
source=3: pgn=Set & Drift, Rapid Update(129291): values=SetReference=("0") Set=(114.72 deg) Drift=(0.33 m/s)

1  : pgn=129038 line=Rx 10373340 11 f8 0e 01 e0 1b c1 70 83 e7 15 63
1  : pgn=129038 line=Rx 10373340 11 f8 0e 01 e1 56 0e b7 65 47 68 1c
1  : pgn=129038 line=Rx 10373341 11 f8 0e 01 e2 ee c8 b0 00 00 00 00
1  : pgn=129038 line=Rx 10373341 11 f8 0e 01 e3 00 ff ff ff 7f f0 fe
32 : pgn=128259 line=Rx 10373344 09 f5 03 20 f5 3a 01 ff ff ff ff ff
source=32: pgn=Speed(128259): values=SpeedWaterReferenced=(3.14 m/s) SpeedGroundReferenced=(None) SpeedWaterReferencedType=(None) SpeedDirection=(None)

0  : pgn=127250 line=Rx 10373371 09 f1 12 00 ff 63 3f ff 7f ff 7f fd
source=0: pgn=Vessel Heading(127250): values=Heading=(92.97 deg) Deviation=(None) Variation=(None) Reference=("1")

0  : pgn=127245 line=Rx 10373372 09 f1 0d 00 00 f8 ff 7f 00 00 ff ff
source=0: pgn=Rudder(127245): values=Instance=(0) DirectionOrder=("0") AngleOrder=(None) Position=(0.00 deg)

0  : pgn=65359  line=Rx 10373377 1c ff 4f 00 3b 9f ff ff ff 63 3f ff
source=0: pgn=Seatalk: Pilot Heading(65359): values=ManufacturerCode=(1851) IndustryCode=(4) HeadingTrue=(None) HeadingMagnetic=(92.97 deg)

3  : pgn=129025 line=Tx 10373389 09 f8 01 03 dc 59 6f 1c 62 df fd b6
source=3: pgn=Position, Rapid Update(129025): values=Latitude=(47.7059548 deg) Longitude=(-122.487619 deg)

4  : pgn=65384  line=Rx 10373400 1c ff 68 04 3b 9f 00 00 00 00 00 00
1  : pgn=129038 line=Rx 10373402 11 f8 0e 01 00 1b c1 3a 83 dc 15 d4
source=1: pgn=AIS Class A Position Report(129038): values=MessageID=(0) RepeatIndicator=("0") UserID=(2201665819) Longitude=(0.0 deg) Latitude=(0.0 deg) PositionAccuracy=("0") RAIM=("0") TimeStamp=("0") COG=(0.00 deg) SOG=(0.0 m/s) CommunicationState=(0) AISTransceiverinformation=("0") Heading=(0.00 deg) RateofTurn=(0.00 deg/s) NavStatus=("0") SpecialManeuverIndicator=("0") Spare=(0) SequenceID=(0)

1  : pgn=129038 line=Rx 10373402 11 f8 0e 01 01 ef f9 b6 9b 34 62 1c
source=1: pgn=AIS Class A Position Report(129038): values=MessageID=(1) RepeatIndicator=("0") UserID=(2612460015) Longitude=(0.0 deg) Latitude=(0.0 deg) PositionAccuracy=("0") RAIM=("0") TimeStamp=("0") COG=(0.00 deg) SOG=(0.0 m/s) CommunicationState=(0) AISTransceiverinformation=("0") Heading=(0.00 deg) RateofTurn=(0.00 deg/s) NavStatus=("0") SpecialManeuverIndicator=("0") Spare=(0) SequenceID=(0)

1  : pgn=129038 line=Rx 10373403 11 f8 0e 01 02 ed 08 b6 00 00 00 00
source=1: pgn=AIS Class A Position Report(129038): values=MessageID=(2) RepeatIndicator=("0") UserID=(11929837) Longitude=(0.0 deg) Latitude=(0.0 deg) PositionAccuracy=("0") RAIM=("0") TimeStamp=("0") COG=(0.00 deg) SOG=(0.0 m/s) CommunicationState=(0) AISTransceiverinformation=("0") Heading=(0.00 deg) RateofTurn=(0.00 deg/s) NavStatus=("0") SpecialManeuverIndicator=("0") Spare=(0) SequenceID=(0)

1  : pgn=129038 line=Rx 10373403 11 f8 0e 01 03 00 cd c9 00 00 ff fe
source=1: pgn=AIS Class A Position Report(129038): values=MessageID=(3) RepeatIndicator=("0") UserID=(13225216) Longitude=(0.0 deg) Latitude=(0.0 deg) PositionAccuracy=("0") RAIM=("0") TimeStamp=("0") COG=(0.00 deg) SOG=(0.0 m/s) CommunicationState=(0) AISTransceiverinformation=("0") Heading=(0.00 deg) RateofTurn=(0.00 deg/s) NavStatus=("0") SpecialManeuverIndicator=("0") Spare=(0) SequenceID=(0)

32 : pgn=128259 line=Rx 10373443 09 f5 03 20 f6 3a 01 ff ff ff ff ff
source=32: pgn=Speed(128259): values=SpeedWaterReferenced=(3.14 m/s) SpeedGroundReferenced=(None) SpeedWaterReferencedType=(None) SpeedDirection=(None)

1  : pgn=129038 line=Rx 10373463 11 f8 0e 01 20 1b c1 38 45 e0 15 e8
1  : pgn=129038 line=Rx 10373463 11 f8 0e 01 21 bc 0f b7 a6 f3 67 1c
1  : pgn=129038 line=Rx 10373464 11 f8 0e 01 22 ec 9c 0f 00 00 00 00
1  : pgn=129038 line=Rx 10373464 11 f8 0e 01 23 00 ff ff ff 7f f0 fe
0  : pgn=127250 line=Rx 10373472 09 f1 12 00 ff bd 3f ff 7f ff 7f fd
source=0: pgn=Vessel Heading(127250): values=Heading=(93.49 deg) Deviation=(None) Variation=(None) Reference=("1")

0  : pgn=127245 line=Rx 10373473 09 f1 0d 00 00 f8 ff 7f 00 00 ff ff
source=0: pgn=Rudder(127245): values=Instance=(0) DirectionOrder=("0") AngleOrder=(None) Position=(0.00 deg)

0  : pgn=65359  line=Rx 10373479 1c ff 4f 00 3b 9f ff ff ff bd 3f ff
source=0: pgn=Seatalk: Pilot Heading(65359): values=ManufacturerCode=(1851) IndustryCode=(4) HeadingTrue=(None) HeadingMagnetic=(93.49 deg)

3  : pgn=129026 line=Tx 10373489 09 f8 02 03 ff fc c4 49 4c 01 ff ff
source=3: pgn=COG & SOG, Rapid Update(129026): values=COGReference=("0") COG=(108.20 deg) SOG=(3.3200000000000003 m/s)

3  : pgn=130577 line=Tx 10373490 0d fe 11 03 60 0e c0 b4 c4 49 4c 01
3  : pgn=130577 line=Tx 10373490 0d fe 11 03 61 ff ff ff ff 36 4e 21
3  : pgn=130577 line=Tx 10373490 0d fe 11 03 62 00 ff ff ff ff ff ff
3  : pgn=129025 line=Tx 10373490 09 f8 01 03 dc 59 6f 1c 62 df fd b6
3  : pgn=130306 line=Tx 10373490 09 fd 02 03 ff 13 03 42 cf fa ff ff
source=3: pgn=Wind Data(130306): values=WindSpeed=(7.87 m/s) WindAngle=(304.00 deg) Reference=("2")

32 : pgn=128259 line=Rx 10373543 09 f5 03 20 f7 3f 01 ff ff ff ff ff
source=32: pgn=Speed(128259): values=SpeedWaterReferenced=(3.19 m/s) SpeedGroundReferenced=(None) SpeedWaterReferencedType=(None) SpeedDirection=(None)

1  : pgn=129038 line=Rx 10373556 11 f8 0e 01 40 1b c3 4a 6c de 15 f1
1  : pgn=129038 line=Rx 10373556 11 f8 0e 01 41 59 03 b7 c0 9c 59 1c
1  : pgn=129038 line=Rx 10373557 11 f8 0e 01 42 00 26 91 07 02 00 00
1  : pgn=129038 line=Rx 10373558 11 f8 0e 01 43 00 e6 91 d2 e5 ff fe
0  : pgn=127250 line=Rx 10373571 09 f1 12 00 ff e8 3f ff 7f ff 7f fd
source=0: pgn=Vessel Heading(127250): values=Heading=(93.74 deg) Deviation=(None) Variation=(None) Reference=("1")

0  : pgn=127245 line=Rx 10373572 09 f1 0d 00 00 f8 ff 7f 00 00 ff ff
source=0: pgn=Rudder(127245): values=Instance=(0) DirectionOrder=("0") AngleOrder=(None) Position=(0.00 deg)

0  : pgn=65379  line=Rx 10373577 1c ff 63 00 3b 9f 00 00 00 00 01 ff
source=0: pgn=Seatalk: Pilot Mode(65379): values=ManufacturerCode=(1851) IndustryCode=(4) PilotMode=(0) SubMode=(0) PilotModeData=(0)

0  : pgn=65359  line=Rx 10373577 1c ff 4f 00 3b 9f ff ff ff e8 3f ff
source=0: pgn=Seatalk: Pilot Heading(65359): values=ManufacturerCode=(1851) IndustryCode=(4) HeadingTrue=(None) HeadingMagnetic=(93.74 deg)

1  : pgn=129038 line=Rx 10373586 11 f8 0e 01 60 1b c3 f4 82 dc 15 18
1  : pgn=129038 line=Rx 10373586 11 f8 0e 01 61 a7 f0 b6 00 e1 5c 1c
1  : pgn=129038 line=Rx 10373587 11 f8 0e 01 62 01 5c 22 4b 03 00 00
1  : pgn=129038 line=Rx 10373587 11 f8 0e 01 63 00 d0 24 2e 1a ff fe
0  : pgn=126975 line=Rx 10373589 1d ef ff 00 80 0d 3b 9f f0 81 84 16
3  : pgn=129283 line=Tx 10373590 0d f9 03 03 ff 7f ff ff ff 7f ff ff
source=3: pgn=Cross Track Error(129283): values=XTEmode=(None) NavigationTerminated=("1") XTE=(None)

3  : pgn=129025 line=Tx 10373590 09 f8 01 03 dc 59 6f 1c 62 df fd b6
source=3: pgn=Position, Rapid Update(129025): values=Latitude=(47.7059548 deg) Longitude=(-122.487619 deg)

3  : pgn=128267 line=Tx 10373590 0d f5 0b 03 ff 17 3e 00 00 00 00 ff
source=3: pgn=Water Depth(128267): values=Depth=(158.95000000000002 m) Offset=(0.0 m) Range=(None)

0  : pgn=126975 line=Rx 10373591 1d ef ff 00 81 42 08 00 00 00 02 05
32 : pgn=128259 line=Rx 10373643 09 f5 03 20 f8 2e 01 ff ff ff ff ff
source=32: pgn=Speed(128259): values=SpeedWaterReferenced=(3.02 m/s) SpeedGroundReferenced=(None) SpeedWaterReferencedType=(None) SpeedDirection=(None)

0  : pgn=127250 line=Rx 10373672 09 f1 12 00 ff 2f 40 ff 7f ff 7f fd
source=0: pgn=Vessel Heading(127250): values=Heading=(94.14 deg) Deviation=(None) Variation=(None) Reference=("1")

0  : pgn=127245 line=Rx 10373672 09 f1 0d 00 00 f8 ff 7f 00 00 ff ff
source=0: pgn=Rudder(127245): values=Instance=(0) DirectionOrder=("0") AngleOrder=(None) Position=(0.00 deg)

0  : pgn=65359  line=Rx 10373679 1c ff 4f 00 3b 9f ff ff ff 2f 40 ff
source=0: pgn=Seatalk: Pilot Heading(65359): values=ManufacturerCode=(1851) IndustryCode=(4) HeadingTrue=(None) HeadingMagnetic=(94.14 deg)

0  : pgn=126975 line=Rx 10373682 1d ef ff 00 a0 09 3b 9f f0 81 ae 02
0  : pgn=126975 line=Rx 10373684 1d ef ff 00 a1 00 08 00 ff ff ff ff
3  : pgn=129026 line=Tx 10373690 09 f8 02 03 ff fc 7f 49 4c 01 ff ff
source=3: pgn=COG & SOG, Rapid Update(129026): values=COGReference=("0") COG=(107.80 deg) SOG=(3.3200000000000003 m/s)

3  : pgn=129025 line=Tx 10373690 09 f8 01 03 d0 59 6f 1c ae df fd b6
source=3: pgn=Position, Rapid Update(129025): values=Latitude=(47.7059536 deg) Longitude=(-122.48761139999999 deg)

3  : pgn=129542 line=Tx 10373690 19 fa 06 03 60 0f b4 40 01 00 00 00
3  : pgn=129542 line=Tx 10373690 19 fa 06 03 61 00 00 00 00 00 00 00
3  : pgn=129542 line=Tx 10373690 19 fa 06 03 62 00 00 ff ff ff ff ff
3  : pgn=65364  line=Tx 10373690 1c ff 54 03 3b 9f 13 03 42 cf ff ff
32 : pgn=128259 line=Rx 10373742 09 f5 03 20 f9 29 01 ff ff ff ff ff
source=32: pgn=Speed(128259): values=SpeedWaterReferenced=(2.97 m/s) SpeedGroundReferenced=(None) SpeedWaterReferencedType=(None) SpeedDirection=(None)

0  : pgn=127250 line=Rx 10373771 09 f1 12 00 ff 76 40 ff 7f ff 7f fd
source=0: pgn=Vessel Heading(127250): values=Heading=(94.55 deg) Deviation=(None) Variation=(None) Reference=("1")

0  : pgn=127245 line=Rx 10373772 09 f1 0d 00 00 f8 ff 7f 00 00 ff ff
source=0: pgn=Rudder(127245): values=Instance=(0) DirectionOrder=("0") AngleOrder=(None) Position=(0.00 deg)

0  : pgn=65359  line=Rx 10373778 1c ff 4f 00 3b 9f ff ff ff 76 40 ff
source=0: pgn=Seatalk: Pilot Heading(65359): values=ManufacturerCode=(1851) IndustryCode=(4) HeadingTrue=(None) HeadingMagnetic=(94.55 deg)

3  : pgn=129540 line=Tx 10373790 19 fa 04 03 a0 9f d6 ff 0d 03 97 1a
source=3: pgn=GNSS Sats in View(129540): values=RangeResidualMode=(None) SatsinView=(214) PRN=(None) Elevation=(4.47 deg) Azimuth=(39.00 deg) SNR=(0.0 dB) Rangeresiduals=(0) Status=("0")

3  : pgn=129540 line=Tx 10373790 19 fa 04 03 a1 2e 26 00 00 00 00 00
source=3: pgn=GNSS Sats in View(129540): values=RangeResidualMode=("0") SatsinView=(38) PRN=(0) Elevation=(0.00 deg) Azimuth=(0.00 deg) SNR=(0.0 dB) Rangeresiduals=(0) Status=("0")

3  : pgn=129540 line=Tx 10373790 19 fa 04 03 a2 00 f3 0f ff 1d ad 3c
source=3: pgn=GNSS Sats in View(129540): values=RangeResidualMode=("0") SatsinView=(243) PRN=(15) Elevation=(44.00 deg) Azimuth=(89.00 deg) SNR=(0.0 dB) Rangeresiduals=(0) Status=("0")

3  : pgn=129540 line=Tx 10373790 19 fa 04 03 a3 98 08 00 00 00 00 f5
source=3: pgn=GNSS Sats in View(129540): values=RangeResidualMode=("0") SatsinView=(8) PRN=(0) Elevation=(0.00 deg) Azimuth=(359.36 deg) SNR=(0.0 dB) Rangeresiduals=(0) Status=("0")

3  : pgn=129540 line=Tx 10373790 19 fa 04 03 a4 10 17 13 c2 b8 10 0e
source=3: pgn=GNSS Sats in View(129540): values=RangeResidualMode=("0") SatsinView=(23) PRN=(19) Elevation=(-104.50 deg) Azimuth=(20.63 deg) SNR=(0.0 dB) Rangeresiduals=(0) Status=("0")

3  : pgn=129540 line=Tx 10373790 19 fa 04 03 a5 00 00 00 00 f5 12 c5
source=3: pgn=GNSS Sats in View(129540): values=RangeResidualMode=("0") SatsinView=(0) PRN=(0) Elevation=(-16.13 deg) Azimuth=(289.06 deg) SNR=(0.0 dB) Rangeresiduals=(0) Status=("0")

3  : pgn=129540 line=Tx 10373790 19 fa 04 03 a6 31 f2 93 ac 0d 00 00
source=3: pgn=GNSS Sats in View(129540): values=RangeResidualMode=("1") SatsinView=(242) PRN=(147) Elevation=(20.05 deg) Azimuth=(0.00 deg) SNR=(0.0 dB) Rangeresiduals=(0) Status=("0")

3  : pgn=129540 line=Tx 10373790 19 fa 04 03 a7 00 00 f5 13 69 03 1f
source=3: pgn=GNSS Sats in View(129540): values=RangeResidualMode=("0") SatsinView=(0) PRN=(245) Elevation=(154.12 deg) Azimuth=(45.49 deg) SNR=(0.0 dB) Rangeresiduals=(0) Status=("0")

3  : pgn=129540 line=Tx 10373790 19 fa 04 03 a8 d8 d8 0e 00 00 00 00
source=3: pgn=GNSS Sats in View(129540): values=RangeResidualMode=("0") SatsinView=(216) PRN=(14) Elevation=(0.00 deg) Azimuth=(0.00 deg) SNR=(0.0 dB) Rangeresiduals=(0) Status=("0")

3  : pgn=129540 line=Tx 10373790 19 fa 04 03 a9 f5 15 e8 37 17 22 80
source=3: pgn=GNSS Sats in View(129540): values=RangeResidualMode=("1") SatsinView=(21) PRN=(232) Elevation=(34.05 deg) Azimuth=(187.94 deg) SNR=(0.0 dB) Rangeresiduals=(0) Status=("0")

3  : pgn=129540 line=Tx 10373790 19 fa 04 03 aa 0c 00 00 00 00 f5 16
source=3: pgn=GNSS Sats in View(129540): values=RangeResidualMode=("0") SatsinView=(0) PRN=(0) Elevation=(0.00 deg) Azimuth=(33.67 deg) SNR=(0.0 dB) Rangeresiduals=(0) Status=("0")

3  : pgn=129540 line=Tx 10373792 19 fa 04 03 ab 80 16 7d 9d 74 0e 00
source=3: pgn=GNSS Sats in View(129540): values=RangeResidualMode=("0") SatsinView=(22) PRN=(125) Elevation=(171.05 deg) Azimuth=(0.08 deg) SNR=(0.0 dB) Rangeresiduals=(0) Status=("0")

3  : pgn=129540 line=Tx 10373793 19 fa 04 03 ac 00 00 00 f5 1a ae 0f
source=3: pgn=GNSS Sats in View(129540): values=RangeResidualMode=("0") SatsinView=(0) PRN=(0) Elevation=(39.54 deg) Azimuth=(23.00 deg) SNR=(0.0 dB) Rangeresiduals=(0) Status=("0")

3  : pgn=129540 line=Tx 10373793 19 fa 04 03 ad 5d 1f 54 0b 00 00 00
source=3: pgn=GNSS Sats in View(129540): values=RangeResidualMode=("1") SatsinView=(31) PRN=(84) Elevation=(0.06 deg) Azimuth=(0.00 deg) SNR=(0.0 dB) Rangeresiduals=(0) Status=("0")

3  : pgn=129540 line=Tx 10373794 19 fa 04 03 ae 00 f5 1b d1 15 ab d2
source=3: pgn=GNSS Sats in View(129540): values=RangeResidualMode=("0") SatsinView=(245) PRN=(27) Elevation=(32.00 deg) Azimuth=(309.00 deg) SNR=(0.0 dB) Rangeresiduals=(0) Status=("0")

3  : pgn=129540 line=Tx 10373795 19 fa 04 03 af 10 0e 00 00 00 00 f5
source=3: pgn=GNSS Sats in View(129540): values=RangeResidualMode=("0") SatsinView=(14) PRN=(0) Elevation=(0.00 deg) Azimuth=(359.36 deg) SNR=(0.0 dB) Rangeresiduals=(0) Status=("0")

3  : pgn=129540 line=Tx 10373795 19 fa 04 03 b0 1d 51 0e a1 67 48 0d
source=3: pgn=GNSS Sats in View(129540): values=RangeResidualMode=("1") SatsinView=(81) PRN=(14) Elevation=(152.00 deg) Azimuth=(19.48 deg) SNR=(0.0 dB) Rangeresiduals=(0) Status=("0")

3  : pgn=129540 line=Tx 10373796 19 fa 04 03 b1 00 00 00 00 f5 23 d1
source=3: pgn=GNSS Sats in View(129540): values=RangeResidualMode=("0") SatsinView=(0) PRN=(0) Elevation=(-16.13 deg) Azimuth=(306.76 deg) SNR=(0.0 dB) Rangeresiduals=(0) Status=("0")

3  : pgn=129540 line=Tx 10373797 19 fa 04 03 b2 15 c3 8b 00 00 00 00
source=3: pgn=GNSS Sats in View(129540): values=RangeResidualMode=("1") SatsinView=(195) PRN=(139) Elevation=(0.00 deg) Azimuth=(0.00 deg) SNR=(0.0 dB) Rangeresiduals=(0) Status=("0")

1  : pgn=129038 line=Rx 10373798 11 f8 0e 01 80 1b c1 7e e1 df 15 25
3  : pgn=129540 line=Tx 10373799 19 fa 04 03 b3 00 00 f3 30 2e 17 43
source=3: pgn=GNSS Sats in View(129540): values=RangeResidualMode=("0") SatsinView=(0) PRN=(243) Elevation=(67.75 deg) Azimuth=(98.41 deg) SNR=(0.0 dB) Rangeresiduals=(0) Status=("0")

1  : pgn=129038 line=Rx 10373799 11 f8 0e 01 81 20 0e b7 c4 2d 68 1c
1  : pgn=129038 line=Rx 10373799 11 f8 0e 01 82 01 08 b9 00 00 00 00
1  : pgn=129038 line=Rx 10373800 11 f8 0e 01 83 00 68 03 00 00 f0 fe
3  : pgn=129540 line=Tx 10373801 19 fa 04 03 b4 84 68 10 00 00 00 00
source=3: pgn=GNSS Sats in View(129540): values=RangeResidualMode=("0") SatsinView=(104) PRN=(16) Elevation=(0.00 deg) Azimuth=(0.00 deg) SNR=(0.0 dB) Rangeresiduals=(0) Status=("0")

3  : pgn=129540 line=Tx 10373802 19 fa 04 03 b5 f5 33 80 16 67 6c 54
source=3: pgn=GNSS Sats in View(129540): values=RangeResidualMode=("1") SatsinView=(51) PRN=(128) Elevation=(151.20 deg) Azimuth=(123.83 deg) SNR=(0.0 dB) Rangeresiduals=(0) Status=("0")

3  : pgn=129540 line=Tx 10373802 19 fa 04 03 b6 0b 00 00 00 00 f5 ff
source=3: pgn=GNSS Sats in View(129540): values=RangeResidualMode=(None) SatsinView=(0) PRN=(0) Elevation=(0.00 deg) Azimuth=(375.43 deg) SNR=(0.0 dB) Rangeresiduals=(0) Status=("0")

3  : pgn=129025 line=Tx 10373803 09 f8 01 03 d0 59 6f 1c ae df fd b6
source=3: pgn=Position, Rapid Update(129025): values=Latitude=(47.7059536 deg) Longitude=(-122.48761139999999 deg)

3  : pgn=127258 line=Tx 10373805 19 f1 1a 03 ff f6 12 39 fa 0a ff ff
source=3: pgn=Magnetic Variation(127258): values=Source=("6") Ageofservice=(14610 d) Variation=(16.10 deg)

1  : pgn=129038 line=Rx 10373831 11 f8 0e 01 a0 1b c1 58 92 12 12 cd
1  : pgn=129038 line=Rx 10373831 11 f8 0e 01 a1 44 0e b7 90 44 68 1c
1  : pgn=129038 line=Rx 10373832 11 f8 0e 01 a2 ec 2d 20 05 00 00 00
1  : pgn=129038 line=Rx 10373832 11 f8 0e 01 a3 00 ff ff ff 7f f0 fe
32 : pgn=128259 line=Rx 10373841 09 f5 03 20 fa 2a 01 ff ff ff ff ff
source=32: pgn=Speed(128259): values=SpeedWaterReferenced=(2.98 m/s) SpeedGroundReferenced=(None) SpeedWaterReferencedType=(None) SpeedDirection=(None)

0  : pgn=127250 line=Rx 10373871 09 f1 12 00 ff 92 40 ff 7f ff 7f fd
source=0: pgn=Vessel Heading(127250): values=Heading=(94.71 deg) Deviation=(None) Variation=(None) Reference=("1")

0  : pgn=127245 line=Rx 10373872 09 f1 0d 00 00 f8 ff 7f 00 00 ff ff
source=0: pgn=Rudder(127245): values=Instance=(0) DirectionOrder=("0") AngleOrder=(None) Position=(0.00 deg)

0  : pgn=65359  line=Rx 10373879 1c ff 4f 00 3b 9f ff ff ff 92 40 ff
source=0: pgn=Seatalk: Pilot Heading(65359): values=ManufacturerCode=(1851) IndustryCode=(4) HeadingTrue=(None) HeadingMagnetic=(94.71 deg)

3  : pgn=129026 line=Tx 10373892 09 f8 02 03 ff fc 7f 49 4c 01 ff ff
source=3: pgn=COG & SOG, Rapid Update(129026): values=COGReference=("0") COG=(107.80 deg) SOG=(3.3200000000000003 m/s)

3  : pgn=129025 line=Tx 10373892 09 f8 01 03 d0 59 6f 1c ae df fd b6
source=3: pgn=Position, Rapid Update(129025): values=Latitude=(47.7059536 deg) Longitude=(-122.48761139999999 deg)

32 : pgn=128259 line=Rx 10373943 09 f5 03 20 fb 26 01 ff ff ff ff ff
source=32: pgn=Speed(128259): values=SpeedWaterReferenced=(2.94 m/s) SpeedGroundReferenced=(None) SpeedWaterReferencedType=(None) SpeedDirection=(None)

32 : pgn=130310 line=Rx 10373946 15 fd 06 20 fc ff ff ff ff ff ff ff
source=32: pgn=Environmental Parameters (obsolete)(130310): values=WaterTemperature=(None) OutsideAmbientAirTemperature=(None) AtmosphericPressure=(None)

32 : pgn=128275 line=Rx 10373956 19 f5 13 20 c0 0e ff ff ff ff ff ff
32 : pgn=128275 line=Rx 10373961 19 f5 13 20 c1 7a ae 3c 00 7a ae 3c
32 : pgn=128275 line=Rx 10373966 19 f5 13 20 c2 00 ff ff ff ff ff ff
0  : pgn=127250 line=Rx 10373971 09 f1 12 00 ff b8 40 ff 7f ff 7f fd
source=0: pgn=Vessel Heading(127250): values=Heading=(94.93 deg) Deviation=(None) Variation=(None) Reference=("1")

0  : pgn=127245 line=Rx 10373972 09 f1 0d 00 00 f8 ff 7f 00 00 ff ff
source=0: pgn=Rudder(127245): values=Instance=(0) DirectionOrder=("0") AngleOrder=(None) Position=(0.00 deg)

0  : pgn=65359  line=Rx 10373976 1c ff 4f 00 3b 9f ff ff ff b8 40 ff
source=0: pgn=Seatalk: Pilot Heading(65359): values=ManufacturerCode=(1851) IndustryCode=(4) HeadingTrue=(None) HeadingMagnetic=(94.93 deg)

1  : pgn=59936  line=Rx 10373983 18 ea 20 01 00 ee 00 00 00 00 00 00
3  : pgn=129029 line=Tx 10373992 0d f8 05 03 60 2b b4 06 40 98 7d 18
3  : pgn=129029 line=Tx 10373993 0d f8 05 03 61 2c 00 74 da d7 17 db
3  : pgn=129029 line=Tx 10373993 0d f8 05 03 62 9e 06 00 8c e9 3b cf
3  : pgn=129029 line=Tx 10373993 0d f8 05 03 63 5d 00 ef ff ff ff ff
3  : pgn=129029 line=Tx 10373993 0d f8 05 03 64 ff ff ff 7f 23 fc 09
3  : pgn=129029 line=Tx 10373993 0d f8 05 03 65 4f 00 ff 7f ff ff ff
3  : pgn=129029 line=Tx 10373993 0d f8 05 03 66 7f 00 ff ff ff ff ff
3  : pgn=129025 line=Tx 10373993 09 f8 01 03 b2 59 6f 1c 4e e0 fd b6
source=3: pgn=Position, Rapid Update(129025): values=Latitude=(47.7059506 deg) Longitude=(-122.48759539999999 deg)

3  : pgn=129033 line=Tx 10373993 0d f8 09 03 06 40 98 7d 18 2c 5c fe
source=3: pgn=Time & Date(129033): values=Date=(16390 d) Time=(73980.25200000001 s) LocalOffset=(-25200.0 s)

32 : pgn=128259 line=Rx 10374041 09 f5 03 20 fc 25 01 ff ff ff ff ff
0  : pgn=127250 line=Rx 10374072 09 f1 12 00 ff c7 40 ff 7f ff 7f fd
source=0: pgn=Vessel Heading(127250): values=Heading=(95.01 deg) Deviation=(None) Variation=(None) Reference=("1")

0  : pgn=127245 line=Rx 10374073 09 f1 0d 00 00 f8 ff 7f 00 00 ff ff
source=0: pgn=Rudder(127245): values=Instance=(0) DirectionOrder=("0") AngleOrder=(None) Position=(0.00 deg)

0  : pgn=65359  line=Rx 10374079 1c ff 4f 00 3b 9f ff ff ff c7 40 ff
source=0: pgn=Seatalk: Pilot Heading(65359): values=ManufacturerCode=(1851) IndustryCode=(4) HeadingTrue=(None) HeadingMagnetic=(95.01 deg)

0  : pgn=126975 line=Rx 10374086 1d ef ff 00 c0 08 3b 9f f0 81 9c 91
0  : pgn=126975 line=Rx 10374089 1d ef ff 00 c1 02 00 ff ff ff ff ff
3  : pgn=129026 line=Tx 10374093 09 f8 02 03 ff fc 5c 49 4d 01 ff ff
source=3: pgn=COG & SOG, Rapid Update(129026): values=COGReference=("0") COG=(107.60 deg) SOG=(3.33 m/s)

3  : pgn=129025 line=Tx 10374093 09 f8 01 03 b2 59 6f 1c 4e e0 fd b6
source=3: pgn=Position, Rapid Update(129025): values=Latitude=(47.7059506 deg) Longitude=(-122.48759539999999 deg)

3  : pgn=126992 line=Tx 10374093 0d f0 10 03 ff ff 06 40 98 7d 18 2c
source=3: pgn=System Time(126992): values=Source=(None) Date=(16390 d) Time=(73980.25200000001 s)

1  : pgn=129038 line=Rx 10374133 11 f8 0e 01 c0 1b c1 9a cc e2 15 91
1  : pgn=129038 line=Rx 10374133 11 f8 0e 01 c1 3b 10 b7 27 e4 67 1c
1  : pgn=129038 line=Rx 10374134 11 f8 0e 01 c2 ec 39 10 00 00 00 00
1  : pgn=129038 line=Rx 10374134 11 f8 0e 01 c3 00 ff ff ff 7f f0 fe
32 : pgn=128259 line=Rx 10374140 09 f5 03 20 00 24 01 ff ff ff ff ff
source=32: pgn=Speed(128259): values=SpeedWaterReferenced=(2.92 m/s) SpeedGroundReferenced=(None) SpeedWaterReferencedType=(None) SpeedDirection=(None)

0  : pgn=127250 line=Rx 10374171 09 f1 12 00 ff d5 40 ff 7f ff 7f fd
source=0: pgn=Vessel Heading(127250): values=Heading=(95.09 deg) Deviation=(None) Variation=(None) Reference=("1")

0  : pgn=127245 line=Rx 10374172 09 f1 0d 00 00 f8 ff 7f 00 00 ff ff
source=0: pgn=Rudder(127245): values=Instance=(0) DirectionOrder=("0") AngleOrder=(None) Position=(0.00 deg)

0  : pgn=65359  line=Rx 10374176 1c ff 4f 00 3b 9f ff ff ff d5 40 ff
source=0: pgn=Seatalk: Pilot Heading(65359): values=ManufacturerCode=(1851) IndustryCode=(4) HeadingTrue=(None) HeadingMagnetic=(95.09 deg)

3  : pgn=129025 line=Tx 10374193 09 f8 01 03 9f 59 6f 1c 90 e0 fd b6
source=3: pgn=Position, Rapid Update(129025): values=Latitude=(47.7059487 deg) Longitude=(-122.4875888 deg)

1  : pgn=129793 line=Rx 10374197 1d fb 01 01 00 1a 04 a2 fc 37 00 c2
source=1: pgn=AIS UTC and Date Report(129793): values=MessageID=(0) RepeatIndicator=("0") UserID=(4238476314) Longitude=(0.0 deg) Latitude=(0.0 deg) PositionAccuracy=("0") RAIM=("0") PositionTime=(0.0 s) CommunicationState=(0) AISTransceiverinformation=("0") PositionDate=(0 d) GNSStype=("0") Spare=(0)

1  : pgn=129793 line=Rx 10374197 1d fb 01 01 01 12 19 b7 86 8c 61 1c
source=1: pgn=AIS UTC and Date Report(129793): values=MessageID=(1) RepeatIndicator=("0") UserID=(2260146450) Longitude=(0.0 deg) Latitude=(0.0 deg) PositionAccuracy=("0") RAIM=("0") PositionTime=(0.0 s) CommunicationState=(0) AISTransceiverinformation=("0") PositionDate=(0 d) GNSStype=("0") Spare=(0)

1  : pgn=129793 line=Rx 10374198 1d fb 01 01 02 ff b0 4c 18 2c 00 00
source=1: pgn=AIS UTC and Date Report(129793): values=MessageID=(2) RepeatIndicator=("0") UserID=(407679231) Longitude=(0.0 deg) Latitude=(0.0 deg) PositionAccuracy=("0") RAIM=("0") PositionTime=(0.0 s) CommunicationState=(0) AISTransceiverinformation=("0") PositionDate=(0 d) GNSStype=("0") Spare=(0)

1  : pgn=129793 line=Rx 10374199 1d fb 01 01 03 00 06 40 ff 00 fc ff
source=1: pgn=AIS UTC and Date Report(129793): values=MessageID=(3) RepeatIndicator=("0") UserID=(4282385920) Longitude=(0.0 deg) Latitude=(0.0 deg) PositionAccuracy=("0") RAIM=("0") PositionTime=(0.0 s) CommunicationState=(0) AISTransceiverinformation=("0") PositionDate=(0 d) GNSStype=("0") Spare=(0)

32 : pgn=128259 line=Rx 10374240 09 f5 03 20 01 25 01 ff ff ff ff ff
source=32: pgn=Speed(128259): values=SpeedWaterReferenced=(2.93 m/s) SpeedGroundReferenced=(None) SpeedWaterReferencedType=(None) SpeedDirection=(None)

1  : pgn=129038 line=Rx 10374258 11 f8 0e 01 e0 1b c1 4c 8c df 15 69
1  : pgn=129038 line=Rx 10374258 11 f8 0e 01 e1 aa 05 b7 3b 3a 4f 1c
1  : pgn=129038 line=Rx 10374259 11 f8 0e 01 e2 00 6c 70 a0 01 00 00
1  : pgn=129038 line=Rx 10374259 11 f8 0e 01 e3 00 c3 6d 00 00 f0 fe
0  : pgn=127250 line=Rx 10374271 09 f1 12 00 ff e2 40 ff 7f ff 7f fd
source=0: pgn=Vessel Heading(127250): values=Heading=(95.17 deg) Deviation=(None) Variation=(None) Reference=("1")

0  : pgn=127245 line=Rx 10374272 09 f1 0d 00 00 f8 ff 7f 00 00 ff ff
source=0: pgn=Rudder(127245): values=Instance=(0) DirectionOrder=("0") AngleOrder=(None) Position=(0.00 deg)

0  : pgn=65359  line=Rx 10374279 1c ff 4f 00 3b 9f ff ff ff e2 40 ff
source=0: pgn=Seatalk: Pilot Heading(65359): values=ManufacturerCode=(1851) IndustryCode=(4) HeadingTrue=(None) HeadingMagnetic=(95.17 deg)

3  : pgn=129026 line=Tx 10374293 09 f8 02 03 ff fc 4a 49 4e 01 ff ff
source=3: pgn=COG & SOG, Rapid Update(129026): values=COGReference=("0") COG=(107.50 deg) SOG=(3.34 m/s)

3  : pgn=129025 line=Tx 10374293 09 f8 01 03 9f 59 6f 1c 90 e0 fd b6
source=3: pgn=Position, Rapid Update(129025): values=Latitude=(47.7059487 deg) Longitude=(-122.4875888 deg)

3  : pgn=129291 line=Tx 10374293 0d f9 0b 03 ff fc d9 39 27 00 ff ff
source=3: pgn=Set & Drift, Rapid Update(129291): values=SetReference=("0") Set=(84.85 deg) Drift=(0.39 m/s)

1  : pgn=129038 line=Rx 10374320 11 f8 0e 01 00 1b c1 24 90 db 15 2d
1  : pgn=129038 line=Rx 10374320 11 f8 0e 01 01 90 01 b7 cc 1a 52 1c
1  : pgn=129038 line=Rx 10374321 11 f8 0e 01 02 01 31 8d 72 01 00 00
source=1: pgn=AIS Class A Position Report(129038): values=MessageID=(2) RepeatIndicator=("0") UserID=(1921855745) Longitude=(0.0 deg) Latitude=(0.0 deg) PositionAccuracy=("0") RAIM=("0") TimeStamp=("0") COG=(0.00 deg) SOG=(0.0 m/s) CommunicationState=(0) AISTransceiverinformation=("0") Heading=(0.00 deg) RateofTurn=(0.00 deg/s) NavStatus=("0") SpecialManeuverIndicator=("0") Spare=(0) SequenceID=(0)

1  : pgn=129038 line=Rx 10374322 11 f8 0e 01 03 00 14 8b d2 e5 f0 fe
source=1: pgn=AIS Class A Position Report(129038): values=MessageID=(3) RepeatIndicator=("0") UserID=(3532329984) Longitude=(0.0 deg) Latitude=(0.0 deg) PositionAccuracy=("0") RAIM=("0") TimeStamp=("0") COG=(0.00 deg) SOG=(0.0 m/s) CommunicationState=(0) AISTransceiverinformation=("0") Heading=(0.00 deg) RateofTurn=(0.00 deg/s) NavStatus=("0") SpecialManeuverIndicator=("0") Spare=(0) SequenceID=(0)

32 : pgn=128259 line=Rx 10374339 09 f5 03 20 02 29 01 ff ff ff ff ff
source=32: pgn=Speed(128259): values=SpeedWaterReferenced=(2.97 m/s) SpeedGroundReferenced=(None) SpeedWaterReferencedType=(None) SpeedDirection=(None)

1  : pgn=129041 line=Rx 10374350 11 f8 11 01 20 30 15 76 89 3a 3b ed
1  : pgn=129041 line=Rx 10374350 11 f8 11 01 21 61 e3 b6 67 78 ad 1c
1  : pgn=129041 line=Rx 10374351 11 f8 11 01 22 f4 00 00 00 00 00 00
1  : pgn=129041 line=Rx 10374351 11 f8 11 01 23 ff ff 52 ee ff e1 16
1  : pgn=129041 line=Rx 10374352 11 f8 11 01 24 01 50 53 20 54 53 4c
1  : pgn=129041 line=Rx 10374353 11 f8 11 01 25 20 53 42 20 20 20 20
1  : pgn=129041 line=Rx 10374353 11 f8 11 01 26 20 20 20 20 20 20 20
0  : pgn=127250 line=Rx 10374371 09 f1 12 00 ff e8 40 ff 7f ff 7f fd
source=0: pgn=Vessel Heading(127250): values=Heading=(95.20 deg) Deviation=(None) Variation=(None) Reference=("1")

0  : pgn=127245 line=Rx 10374372 09 f1 0d 00 00 f8 ff 7f 00 00 ff ff
source=0: pgn=Rudder(127245): values=Instance=(0) DirectionOrder=("0") AngleOrder=(None) Position=(0.00 deg)

0  : pgn=65359  line=Rx 10374376 1c ff 4f 00 3b 9f ff ff ff e8 40 ff
source=0: pgn=Seatalk: Pilot Heading(65359): values=ManufacturerCode=(1851) IndustryCode=(4) HeadingTrue=(None) HeadingMagnetic=(95.20 deg)

3  : pgn=129025 line=Tx 10374394 09 f8 01 03 9f 59 6f 1c 90 e0 fd b6
source=3: pgn=Position, Rapid Update(129025): values=Latitude=(47.7059487 deg) Longitude=(-122.4875888 deg)

4  : pgn=65384  line=Rx 10374400 1c ff 68 04 3b 9f 00 00 00 00 00 00
32 : pgn=128259 line=Rx 10374439 09 f5 03 20 03 2a 01 ff ff ff ff ff
source=32: pgn=Speed(128259): values=SpeedWaterReferenced=(2.98 m/s) SpeedGroundReferenced=(None) SpeedWaterReferencedType=(None) SpeedDirection=(None)

0  : pgn=127250 line=Rx 10374471 09 f1 12 00 ff fa 40 ff 7f ff 7f fd
source=0: pgn=Vessel Heading(127250): values=Heading=(95.31 deg) Deviation=(None) Variation=(None) Reference=("1")

0  : pgn=127245 line=Rx 10374472 09 f1 0d 00 00 f8 ff 7f 00 00 ff ff
source=0: pgn=Rudder(127245): values=Instance=(0) DirectionOrder=("0") AngleOrder=(None) Position=(0.00 deg)

1  : pgn=129038 line=Rx 10374473 11 f8 0e 01 20 1b c1 18 97 f4 15 e7
1  : pgn=129038 line=Rx 10374473 11 f8 0e 01 21 81 10 b7 e3 7c 67 1c
1  : pgn=129038 line=Rx 10374474 11 f8 0e 01 22 03 e0 81 00 00 00 00
1  : pgn=129038 line=Rx 10374475 11 f8 0e 01 23 00 ff ff ff 7f f0 fe
0  : pgn=65359  line=Rx 10374481 1c ff 4f 00 3b 9f ff ff ff fa 40 ff
source=0: pgn=Seatalk: Pilot Heading(65359): values=ManufacturerCode=(1851) IndustryCode=(4) HeadingTrue=(None) HeadingMagnetic=(95.31 deg)

3  : pgn=129026 line=Tx 10374494 09 f8 02 03 ff fc f3 48 4e 01 ff ff
source=3: pgn=COG & SOG, Rapid Update(129026): values=COGReference=("0") COG=(107.00 deg) SOG=(3.34 m/s)

3  : pgn=130577 line=Tx 10374494 0d fe 11 03 80 0e c0 b5 f3 48 4e 01
3  : pgn=130577 line=Tx 10374494 0d fe 11 03 81 ff ff ff ff d9 39 27
3  : pgn=130577 line=Tx 10374494 0d fe 11 03 82 00 ff ff ff ff ff ff
3  : pgn=129025 line=Tx 10374494 09 f8 01 03 95 59 6f 1c ce e0 fd b6
3  : pgn=130306 line=Tx 10374494 09 fd 02 03 ff 13 03 42 cf fa ff ff
source=3: pgn=Wind Data(130306): values=WindSpeed=(7.87 m/s) WindAngle=(304.00 deg) Reference=("2")

1  : pgn=129038 line=Rx 10374534 11 f8 0e 01 40 1b c1 32 4f e6 15 44
1  : pgn=129038 line=Rx 10374534 11 f8 0e 01 41 0e 0e b7 3b d8 67 1c
1  : pgn=129038 line=Rx 10374535 11 f8 0e 01 42 06 ce b4 00 00 00 00
1  : pgn=129038 line=Rx 10374535 11 f8 0e 01 43 00 ff ff ff 7f f0 fe
32 : pgn=128259 line=Rx 10374538 09 f5 03 20 04 2d 01 ff ff ff ff ff
source=32: pgn=Speed(128259): values=SpeedWaterReferenced=(3.0100000000000002 m/s) SpeedGroundReferenced=(None) SpeedWaterReferencedType=(None) SpeedDirection=(None)

0  : pgn=127250 line=Rx 10374574 09 f1 12 00 ff 17 41 ff 7f ff 7f fd
source=0: pgn=Vessel Heading(127250): values=Heading=(95.47 deg) Deviation=(None) Variation=(None) Reference=("1")

0  : pgn=127245 line=Rx 10374575 09 f1 0d 00 00 f8 ff 7f 00 00 ff ff
source=0: pgn=Rudder(127245): values=Instance=(0) DirectionOrder=("0") AngleOrder=(None) Position=(0.00 deg)

0  : pgn=65379  line=Rx 10374579 1c ff 63 00 3b 9f 00 00 00 00 01 ff
source=0: pgn=Seatalk: Pilot Mode(65379): values=ManufacturerCode=(1851) IndustryCode=(4) PilotMode=(0) SubMode=(0) PilotModeData=(0)

0  : pgn=65359  line=Rx 10374580 1c ff 4f 00 3b 9f ff ff ff 17 41 ff
source=0: pgn=Seatalk: Pilot Heading(65359): values=ManufacturerCode=(1851) IndustryCode=(4) HeadingTrue=(None) HeadingMagnetic=(95.47 deg)

0  : pgn=126975 line=Rx 10374581 1d ef ff 00 e0 0d 3b 9f f0 81 84 d6
0  : pgn=126975 line=Rx 10374584 1d ef ff 00 e1 42 0b 00 00 00 02 05
3  : pgn=129283 line=Tx 10374595 0d f9 03 03 ff 7f ff ff ff 7f ff ff
source=3: pgn=Cross Track Error(129283): values=XTEmode=(None) NavigationTerminated=("1") XTE=(None)

3  : pgn=129025 line=Tx 10374595 09 f8 01 03 95 59 6f 1c ce e0 fd b6
source=3: pgn=Position, Rapid Update(129025): values=Latitude=(47.705947699999996 deg) Longitude=(-122.4875826 deg)

3  : pgn=128267 line=Tx 10374595 0d f5 0b 03 ff 1d 3e 00 00 00 00 ff
source=3: pgn=Water Depth(128267): values=Depth=(159.01 m) Offset=(0.0 m) Range=(None)

32 : pgn=128259 line=Rx 10374638 09 f5 03 20 05 30 01 ff ff ff ff ff
source=32: pgn=Speed(128259): values=SpeedWaterReferenced=(3.04 m/s) SpeedGroundReferenced=(None) SpeedWaterReferencedType=(None) SpeedDirection=(None)

0  : pgn=127250 line=Rx 10374671 09 f1 12 00 ff 25 41 ff 7f ff 7f fd
source=0: pgn=Vessel Heading(127250): values=Heading=(95.55 deg) Deviation=(None) Variation=(None) Reference=("1")

0  : pgn=127245 line=Rx 10374672 09 f1 0d 00 00 f8 ff 7f 00 00 ff ff
source=0: pgn=Rudder(127245): values=Instance=(0) DirectionOrder=("0") AngleOrder=(None) Position=(0.00 deg)

0  : pgn=65359  line=Rx 10374679 1c ff 4f 00 3b 9f ff ff ff 25 41 ff
source=0: pgn=Seatalk: Pilot Heading(65359): values=ManufacturerCode=(1851) IndustryCode=(4) HeadingTrue=(None) HeadingMagnetic=(95.55 deg)

0  : pgn=126975 line=Rx 10374682 1d ef ff 00 00 09 3b 9f f0 81 ae 02
0  : pgn=126975 line=Rx 10374684 1d ef ff 00 01 00 08 00 ff ff ff ff
3  : pgn=129026 line=Tx 10374696 09 f8 02 03 ff fc f3 48 4e 01 ff ff
source=3: pgn=COG & SOG, Rapid Update(129026): values=COGReference=("0") COG=(107.00 deg) SOG=(3.34 m/s)

3  : pgn=129025 line=Tx 10374696 09 f8 01 03 95 59 6f 1c ce e0 fd b6
source=3: pgn=Position, Rapid Update(129025): values=Latitude=(47.705947699999996 deg) Longitude=(-122.4875826 deg)

3  : pgn=129542 line=Tx 10374696 19 fa 06 03 80 0f b5 3c 01 00 00 00
3  : pgn=129542 line=Tx 10374696 19 fa 06 03 81 00 00 00 00 00 00 00
3  : pgn=129542 line=Tx 10374696 19 fa 06 03 82 00 00 ff ff ff ff ff
3  : pgn=65364  line=Tx 10374696 1c ff 54 03 3b 9f 13 03 42 cf ff ff
32 : pgn=128259 line=Rx 10374737 09 f5 03 20 06 33 01 ff ff ff ff ff
source=32: pgn=Speed(128259): values=SpeedWaterReferenced=(3.0700000000000003 m/s) SpeedGroundReferenced=(None) SpeedWaterReferencedType=(None) SpeedDirection=(None)

1  : pgn=129038 line=Rx 10374747 11 f8 0e 01 60 1b c1 d0 57 e0 15 c4
source=1: pgn=AIS Class A Position Report(129038): values=MessageID=(None) RepeatIndicator=(None) UserID=(4034920447) Longitude=(85.1516414 deg) Latitude=(114.2285903 deg) PositionAccuracy=("0") RAIM=(None) TimeStamp=("3") COG=(268.50 deg) SOG=(553.5500000000001 m/s) CommunicationState=(400487) AISTransceiverinformation=("0") Heading=(265.20 deg) RateofTurn=(0.00 deg/s) NavStatus=("0") SpecialManeuverIndicator=("0") Spare=(0) SequenceID=(0)

1  : pgn=129038 line=Rx 10374747 11 f8 0e 01 61 77 0e b7 94 ba 67 1c
1  : pgn=129038 line=Rx 10374748 11 f8 0e 01 62 00 0b 0e 00 00 00 00
1  : pgn=129038 line=Rx 10374748 11 f8 0e 01 63 00 ff ff ff 7f f0 fe
0  : pgn=127250 line=Rx 10374771 09 f1 12 00 ff 4f 41 ff 7f ff 7f fd
source=0: pgn=Vessel Heading(127250): values=Heading=(95.79 deg) Deviation=(None) Variation=(None) Reference=("1")

0  : pgn=127245 line=Rx 10374772 09 f1 0d 00 00 f8 ff 7f 00 00 ff ff
source=0: pgn=Rudder(127245): values=Instance=(0) DirectionOrder=("0") AngleOrder=(None) Position=(0.00 deg)

1  : pgn=129041 line=Rx 10374778 11 f8 11 01 40 30 55 75 89 3a 3b 6d
1  : pgn=129041 line=Rx 10374778 11 f8 11 01 41 8b 0a b7 5b f8 47 1c
1  : pgn=129041 line=Rx 10374779 11 f8 11 01 42 f4 00 00 00 00 00 00
1  : pgn=129041 line=Rx 10374779 11 f8 11 01 43 ff ff 12 ee ff e1 16
1  : pgn=129041 line=Rx 10374780 11 f8 11 01 44 01 50 53 20 54 53 4c
1  : pgn=129041 line=Rx 10374780 11 f8 11 01 45 20 4c 42 20 54 41 20
1  : pgn=129041 line=Rx 10374781 11 f8 11 01 46 20 20 20 20 20 20 20
0  : pgn=65359  line=Rx 10374782 1c ff 4f 00 3b 9f ff ff ff 4f 41 ff
source=0: pgn=Seatalk: Pilot Heading(65359): values=ManufacturerCode=(1851) IndustryCode=(4) HeadingTrue=(None) HeadingMagnetic=(95.79 deg)

3  : pgn=129540 line=Tx 10374796 19 fa 04 03 c0 9f d7 ff 0d 03 97 1a
source=3: pgn=GNSS Sats in View(129540): values=RangeResidualMode=(None) SatsinView=(215) PRN=(None) Elevation=(4.47 deg) Azimuth=(39.00 deg) SNR=(0.0 dB) Rangeresiduals=(0) Status=("0")

3  : pgn=129540 line=Tx 10374796 19 fa 04 03 c1 2e 26 00 00 00 00 00
source=3: pgn=GNSS Sats in View(129540): values=RangeResidualMode=("0") SatsinView=(38) PRN=(0) Elevation=(0.00 deg) Azimuth=(0.00 deg) SNR=(0.0 dB) Rangeresiduals=(0) Status=("0")

3  : pgn=129540 line=Tx 10374796 19 fa 04 03 c2 00 f3 0f ff 1d ad 3c
source=3: pgn=GNSS Sats in View(129540): values=RangeResidualMode=("0") SatsinView=(243) PRN=(15) Elevation=(44.00 deg) Azimuth=(89.00 deg) SNR=(0.0 dB) Rangeresiduals=(0) Status=("0")

3  : pgn=129540 line=Tx 10374796 19 fa 04 03 c3 28 0a 00 00 00 00 f5
source=3: pgn=GNSS Sats in View(129540): values=RangeResidualMode=("0") SatsinView=(10) PRN=(0) Elevation=(0.00 deg) Azimuth=(359.36 deg) SNR=(0.0 dB) Rangeresiduals=(0) Status=("0")

3  : pgn=129540 line=Tx 10374796 19 fa 04 03 c4 10 17 13 c2 b8 e4 0c
source=3: pgn=GNSS Sats in View(129540): values=RangeResidualMode=("0") SatsinView=(23) PRN=(19) Elevation=(-104.50 deg) Azimuth=(18.91 deg) SNR=(0.0 dB) Rangeresiduals=(0) Status=("0")

3  : pgn=129540 line=Tx 10374796 19 fa 04 03 c5 00 00 00 00 f5 12 c5
source=3: pgn=GNSS Sats in View(129540): values=RangeResidualMode=("0") SatsinView=(0) PRN=(0) Elevation=(-16.13 deg) Azimuth=(289.06 deg) SNR=(0.0 dB) Rangeresiduals=(0) Status=("0")

3  : pgn=129540 line=Tx 10374796 19 fa 04 03 c6 31 f2 93 74 0e 00 00
source=3: pgn=GNSS Sats in View(129540): values=RangeResidualMode=("1") SatsinView=(242) PRN=(147) Elevation=(21.20 deg) Azimuth=(0.00 deg) SNR=(0.0 dB) Rangeresiduals=(0) Status=("0")

3  : pgn=129540 line=Tx 10374796 19 fa 04 03 c7 00 00 f5 13 69 03 1f
source=3: pgn=GNSS Sats in View(129540): values=RangeResidualMode=("0") SatsinView=(0) PRN=(245) Elevation=(154.12 deg) Azimuth=(45.49 deg) SNR=(0.0 dB) Rangeresiduals=(0) Status=("0")

3  : pgn=129540 line=Tx 10374796 19 fa 04 03 c8 d8 d8 0e 00 00 00 00
source=3: pgn=GNSS Sats in View(129540): values=RangeResidualMode=("0") SatsinView=(216) PRN=(14) Elevation=(0.00 deg) Azimuth=(0.00 deg) SNR=(0.0 dB) Rangeresiduals=(0) Status=("0")

3  : pgn=129540 line=Tx 10374796 19 fa 04 03 c9 f5 15 e8 37 17 22 e4
source=3: pgn=GNSS Sats in View(129540): values=RangeResidualMode=("1") SatsinView=(21) PRN=(232) Elevation=(34.05 deg) Azimuth=(334.62 deg) SNR=(0.0 dB) Rangeresiduals=(0) Status=("0")

3  : pgn=129540 line=Tx 10374796 19 fa 04 03 ca 0c 00 00 00 00 f5 16
source=3: pgn=GNSS Sats in View(129540): values=RangeResidualMode=("0") SatsinView=(0) PRN=(0) Elevation=(0.00 deg) Azimuth=(33.67 deg) SNR=(0.0 dB) Rangeresiduals=(0) Status=("0")

3  : pgn=129540 line=Tx 10374797 19 fa 04 03 cb 80 16 7d 9d 68 10 00
source=3: pgn=GNSS Sats in View(129540): values=RangeResidualMode=("0") SatsinView=(22) PRN=(125) Elevation=(153.44 deg) Azimuth=(0.09 deg) SNR=(0.0 dB) Rangeresiduals=(0) Status=("0")

3  : pgn=129540 line=Tx 10374799 19 fa 04 03 cc 00 00 00 f5 1a ae 0f
source=3: pgn=GNSS Sats in View(129540): values=RangeResidualMode=("0") SatsinView=(0) PRN=(0) Elevation=(39.54 deg) Azimuth=(23.00 deg) SNR=(0.0 dB) Rangeresiduals=(0) Status=("0")

3  : pgn=129540 line=Tx 10374800 19 fa 04 03 cd 5d 1f 54 0b 00 00 00
source=3: pgn=GNSS Sats in View(129540): values=RangeResidualMode=("1") SatsinView=(31) PRN=(84) Elevation=(0.06 deg) Azimuth=(0.00 deg) SNR=(0.0 dB) Rangeresiduals=(0) Status=("0")

3  : pgn=129540 line=Tx 10374800 19 fa 04 03 ce 00 f5 1b d1 15 ab d2
source=3: pgn=GNSS Sats in View(129540): values=RangeResidualMode=("0") SatsinView=(245) PRN=(27) Elevation=(32.00 deg) Azimuth=(309.00 deg) SNR=(0.0 dB) Rangeresiduals=(0) Status=("0")

3  : pgn=129540 line=Tx 10374801 19 fa 04 03 cf d8 0e 00 00 00 00 f5
source=3: pgn=GNSS Sats in View(129540): values=RangeResidualMode=("0") SatsinView=(14) PRN=(0) Elevation=(0.00 deg) Azimuth=(359.36 deg) SNR=(0.0 dB) Rangeresiduals=(0) Status=("0")

3  : pgn=129540 line=Tx 10374802 19 fa 04 03 d0 1d 51 0e a1 67 74 0e
source=3: pgn=GNSS Sats in View(129540): values=RangeResidualMode=("1") SatsinView=(81) PRN=(14) Elevation=(152.00 deg) Azimuth=(21.20 deg) SNR=(0.0 dB) Rangeresiduals=(0) Status=("0")

3  : pgn=129540 line=Tx 10374803 19 fa 04 03 d1 00 00 00 00 f5 23 d1
source=3: pgn=GNSS Sats in View(129540): values=RangeResidualMode=("0") SatsinView=(0) PRN=(0) Elevation=(-16.13 deg) Azimuth=(306.76 deg) SNR=(0.0 dB) Rangeresiduals=(0) Status=("0")

3  : pgn=129540 line=Tx 10374803 19 fa 04 03 d2 15 c3 8b 00 00 00 00
source=3: pgn=GNSS Sats in View(129540): values=RangeResidualMode=("1") SatsinView=(195) PRN=(139) Elevation=(0.00 deg) Azimuth=(0.00 deg) SNR=(0.0 dB) Rangeresiduals=(0) Status=("0")

3  : pgn=129540 line=Tx 10374804 19 fa 04 03 d3 00 00 f3 30 2e 17 43
source=3: pgn=GNSS Sats in View(129540): values=RangeResidualMode=("0") SatsinView=(0) PRN=(243) Elevation=(67.75 deg) Azimuth=(98.41 deg) SNR=(0.0 dB) Rangeresiduals=(0) Status=("0")

3  : pgn=129540 line=Tx 10374806 19 fa 04 03 d4 84 cc 10 00 00 00 00
source=3: pgn=GNSS Sats in View(129540): values=RangeResidualMode=("0") SatsinView=(204) PRN=(16) Elevation=(0.00 deg) Azimuth=(0.00 deg) SNR=(0.0 dB) Rangeresiduals=(0) Status=("0")

3  : pgn=129540 line=Tx 10374806 19 fa 04 03 d5 f5 33 80 16 67 6c 10
source=3: pgn=GNSS Sats in View(129540): values=RangeResidualMode=("1") SatsinView=(51) PRN=(128) Elevation=(151.20 deg) Azimuth=(24.09 deg) SNR=(0.0 dB) Rangeresiduals=(0) Status=("0")

3  : pgn=129540 line=Tx 10374807 19 fa 04 03 d6 0e 00 00 00 00 f5 ff
source=3: pgn=GNSS Sats in View(129540): values=RangeResidualMode=("0") SatsinView=(0) PRN=(0) Elevation=(0.00 deg) Azimuth=(375.43 deg) SNR=(0.0 dB) Rangeresiduals=(0) Status=("0")

3  : pgn=129025 line=Tx 10374808 09 f8 01 03 7e 59 6f 1c 66 e1 fd b6
source=3: pgn=Position, Rapid Update(129025): values=Latitude=(47.7059454 deg) Longitude=(-122.48756739999999 deg)

3  : pgn=127258 line=Tx 10374808 19 f1 1a 03 ff f6 12 39 fa 0a ff ff
source=3: pgn=Magnetic Variation(127258): values=Source=("6") Ageofservice=(14610 d) Variation=(16.10 deg)

32 : pgn=128259 line=Rx 10374837 09 f5 03 20 07 35 01 ff ff ff ff ff
source=32: pgn=Speed(128259): values=SpeedWaterReferenced=(3.09 m/s) SpeedGroundReferenced=(None) SpeedWaterReferencedType=(None) SpeedDirection=(None)

0  : pgn=127250 line=Rx 10374871 09 f1 12 00 ff 71 41 ff 7f ff 7f fd
source=0: pgn=Vessel Heading(127250): values=Heading=(95.99 deg) Deviation=(None) Variation=(None) Reference=("1")

0  : pgn=127245 line=Rx 10374872 09 f1 0d 00 00 f8 ff 7f 00 00 ff ff
source=0: pgn=Rudder(127245): values=Instance=(0) DirectionOrder=("0") AngleOrder=(None) Position=(0.00 deg)

0  : pgn=65359  line=Rx 10374878 1c ff 4f 00 3b 9f ff ff ff 71 41 ff
source=0: pgn=Seatalk: Pilot Heading(65359): values=ManufacturerCode=(1851) IndustryCode=(4) HeadingTrue=(None) HeadingMagnetic=(95.99 deg)

3  : pgn=129026 line=Tx 10374896 09 f8 02 03 ff fc 67 48 4f 01 ff ff
source=3: pgn=COG & SOG, Rapid Update(129026): values=COGReference=("0") COG=(106.20 deg) SOG=(3.35 m/s)

3  : pgn=129025 line=Tx 10374896 09 f8 01 03 7e 59 6f 1c 66 e1 fd b6
source=3: pgn=Position, Rapid Update(129025): values=Latitude=(47.7059454 deg) Longitude=(-122.48756739999999 deg)

1  : pgn=129793 line=Rx 10374900 1d fb 01 01 20 1a c4 e3 ff 37 00 79
1  : pgn=129793 line=Rx 10374900 1d fb 01 01 21 73 d0 b6 3a 63 57 1c
1  : pgn=129793 line=Rx 10374901 1d fb 01 01 22 ff c0 73 18 2c 00 00
1  : pgn=129793 line=Rx 10374902 1d fb 01 01 23 00 06 40 ff 00 fc ff
32 : pgn=128259 line=Rx 10374938 09 f5 03 20 08 36 01 ff ff ff ff ff
source=32: pgn=Speed(128259): values=SpeedWaterReferenced=(3.1 m/s) SpeedGroundReferenced=(None) SpeedWaterReferencedType=(None) SpeedDirection=(None)

32 : pgn=130310 line=Rx 10374941 15 fd 06 20 00 ff ff ff ff ff ff ff
source=32: pgn=Environmental Parameters (obsolete)(130310): values=WaterTemperature=(None) OutsideAmbientAirTemperature=(None) AtmosphericPressure=(None)

32 : pgn=128275 line=Rx 10374951 19 f5 13 20 e0 0e ff ff ff ff ff ff
32 : pgn=128275 line=Rx 10374956 19 f5 13 20 e1 7a ae 3c 00 7a ae 3c
32 : pgn=128275 line=Rx 10374961 19 f5 13 20 e2 00 ff ff ff ff ff ff
1  : pgn=129793 line=Rx 10374962 1d fb 01 01 40 1a c4 e3 ff 37 00 79
1  : pgn=129793 line=Rx 10374962 1d fb 01 01 41 73 d0 b6 3a 63 57 1c
1  : pgn=129793 line=Rx 10374963 1d fb 01 01 42 ff c0 73 18 2c 00 00
1  : pgn=129793 line=Rx 10374963 1d fb 01 01 43 00 06 40 ff 00 fc ff
0  : pgn=127250 line=Rx 10374971 09 f1 12 00 ff ab 41 ff 7f ff 7f fd
source=0: pgn=Vessel Heading(127250): values=Heading=(96.32 deg) Deviation=(None) Variation=(None) Reference=("1")

0  : pgn=127245 line=Rx 10374972 09 f1 0d 00 00 f8 ff 7f 00 00 ff ff
source=0: pgn=Rudder(127245): values=Instance=(0) DirectionOrder=("0") AngleOrder=(None) Position=(0.00 deg)

0  : pgn=65359  line=Rx 10374976 1c ff 4f 00 3b 9f ff ff ff ab 41 ff
source=0: pgn=Seatalk: Pilot Heading(65359): values=ManufacturerCode=(1851) IndustryCode=(4) HeadingTrue=(None) HeadingMagnetic=(96.32 deg)

1  : pgn=59936  line=Rx 10374994 18 ea 20 01 00 ee 00 00 00 00 00 00
3  : pgn=129029 line=Tx 10374999 0d f8 05 03 80 2b b5 06 40 da a4 18
3  : pgn=129029 line=Tx 10374999 0d f8 05 03 81 2c 00 6c 69 bc 0b db
3  : pgn=129029 line=Tx 10374999 0d f8 05 03 82 9e 06 00 7c 36 6d 10
3  : pgn=129029 line=Tx 10374999 0d f8 05 03 83 5e 00 ef ff ff ff ff
3  : pgn=129029 line=Tx 10374999 0d f8 05 03 84 ff ff ff 7f 23 fc 09
3  : pgn=129029 line=Tx 10374999 0d f8 05 03 85 4f 00 ff 7f ff ff ff
3  : pgn=129029 line=Tx 10374999 0d f8 05 03 86 7f 00 ff ff ff ff ff
3  : pgn=129025 line=Tx 10374999 09 f8 01 03 7e 59 6f 1c 66 e1 fd b6
source=3: pgn=Position, Rapid Update(129025): values=Latitude=(47.7059454 deg) Longitude=(-122.48756739999999 deg)

3  : pgn=129033 line=Tx 10374999 0d f8 09 03 06 40 da a4 18 2c 5c fe
source=3: pgn=Time & Date(129033): values=Date=(16390 d) Time=(73981.257 s) LocalOffset=(-25200.0 s)

1  : pgn=129793 line=Rx 10375024 1d fb 01 01 60 1a c4 cb fe 37 00 62
1  : pgn=129793 line=Rx 10375024 1d fb 01 01 61 3a 14 b7 5b 77 5d 1c
1  : pgn=129793 line=Rx 10375025 1d fb 01 01 62 ff c0 73 18 2c 00 00
1  : pgn=129793 line=Rx 10375026 1d fb 01 01 63 00 06 40 ff 00 fc ff
32 : pgn=128259 line=Rx 10375036 09 f5 03 20 09 34 01 ff ff ff ff ff
4  : pgn=126975 line=Rx 10375059 1d ef ff 04 e0 07 3b 9f f0 81 90 00
4  : pgn=126975 line=Rx 10375060 1d ef ff 04 e1 03 ff ff ff ff ff ff
0  : pgn=127250 line=Rx 10375072 09 f1 12 00 ff e7 41 ff 7f ff 7f fd
source=0: pgn=Vessel Heading(127250): values=Heading=(96.66 deg) Deviation=(None) Variation=(None) Reference=("1")

0  : pgn=127245 line=Rx 10375073 09 f1 0d 00 00 f8 ff 7f 00 00 ff ff
source=0: pgn=Rudder(127245): values=Instance=(0) DirectionOrder=("0") AngleOrder=(None) Position=(0.00 deg)

0  : pgn=65359  line=Rx 10375079 1c ff 4f 00 3b 9f ff ff ff e7 41 ff
source=0: pgn=Seatalk: Pilot Heading(65359): values=ManufacturerCode=(1851) IndustryCode=(4) HeadingTrue=(None) HeadingMagnetic=(96.66 deg)

0  : pgn=126975 line=Rx 10375081 1d ef ff 00 20 08 3b 9f f0 81 9c 51
0  : pgn=126975 line=Rx 10375082 1d ef ff 00 21 03 00 ff ff ff ff ff
3  : pgn=129026 line=Tx 10375099 09 f8 02 03 ff fc 22 48 4e 01 ff ff
source=3: pgn=COG & SOG, Rapid Update(129026): values=COGReference=("0") COG=(105.80 deg) SOG=(3.34 m/s)

3  : pgn=129025 line=Tx 10375099 09 f8 01 03 71 59 6f 1c b8 e1 fd b6
source=3: pgn=Position, Rapid Update(129025): values=Latitude=(47.705944099999996 deg) Longitude=(-122.48755919999999 deg)

3  : pgn=126992 line=Tx 10375099 0d f0 10 03 ff ff 06 40 da a4 18 2c
source=3: pgn=System Time(126992): values=Source=(None) Date=(16390 d) Time=(73981.257 s)

32 : pgn=128259 line=Rx 10375136 09 f5 03 20 0a 3e 01 ff ff ff ff ff
source=32: pgn=Speed(128259): values=SpeedWaterReferenced=(3.18 m/s) SpeedGroundReferenced=(None) SpeedWaterReferencedType=(None) SpeedDirection=(None)

1  : pgn=129793 line=Rx 10375148 1d fb 01 01 80 1a c4 c8 fe 37 00 97
1  : pgn=129793 line=Rx 10375148 1d fb 01 01 81 0a db b6 07 6b 0a 1d
1  : pgn=129793 line=Rx 10375149 1d fb 01 01 82 ff d0 9a 18 2c 00 00
1  : pgn=129793 line=Rx 10375149 1d fb 01 01 83 00 06 40 ff 00 fc ff
0  : pgn=127250 line=Rx 10375171 09 f1 12 00 ff 06 42 ff 7f ff 7f fd
source=0: pgn=Vessel Heading(127250): values=Heading=(96.84 deg) Deviation=(None) Variation=(None) Reference=("1")

0  : pgn=127245 line=Rx 10375172 09 f1 0d 00 00 f8 ff 7f 00 00 ff ff
source=0: pgn=Rudder(127245): values=Instance=(0) DirectionOrder=("0") AngleOrder=(None) Position=(0.00 deg)

0  : pgn=65359  line=Rx 10375176 1c ff 4f 00 3b 9f ff ff ff 06 42 ff
source=0: pgn=Seatalk: Pilot Heading(65359): values=ManufacturerCode=(1851) IndustryCode=(4) HeadingTrue=(None) HeadingMagnetic=(96.84 deg)

1  : pgn=129038 line=Rx 10375179 11 f8 0e 01 80 1b c1 2c fc df 15 00
1  : pgn=129038 line=Rx 10375179 11 f8 0e 01 81 27 0d b7 9a be 68 1c
1  : pgn=129038 line=Rx 10375180 11 f8 0e 01 82 ec 59 b5 00 00 00 00
1  : pgn=129038 line=Rx 10375181 11 f8 0e 01 83 00 39 37 00 00 f0 fe
3  : pgn=129025 line=Tx 10375199 09 f8 01 03 71 59 6f 1c b8 e1 fd b6
source=3: pgn=Position, Rapid Update(129025): values=Latitude=(47.705944099999996 deg) Longitude=(-122.48755919999999 deg)

32 : pgn=128259 line=Rx 10375235 09 f5 03 20 0b 2d 01 ff ff ff ff ff
source=32: pgn=Speed(128259): values=SpeedWaterReferenced=(3.0100000000000002 m/s) SpeedGroundReferenced=(None) SpeedWaterReferencedType=(None) SpeedDirection=(None)

0  : pgn=127250 line=Rx 10375271 09 f1 12 00 ff 3f 42 ff 7f ff 7f fd
source=0: pgn=Vessel Heading(127250): values=Heading=(97.17 deg) Deviation=(None) Variation=(None) Reference=("1")

0  : pgn=127245 line=Rx 10375272 09 f1 0d 00 00 f8 ff 7f 00 00 ff ff
source=0: pgn=Rudder(127245): values=Instance=(0) DirectionOrder=("0") AngleOrder=(None) Position=(0.00 deg)

0  : pgn=65359  line=Rx 10375279 1c ff 4f 00 3b 9f ff ff ff 3f 42 ff
source=0: pgn=Seatalk: Pilot Heading(65359): values=ManufacturerCode=(1851) IndustryCode=(4) HeadingTrue=(None) HeadingMagnetic=(97.17 deg)

3  : pgn=129026 line=Tx 10375299 09 f8 02 03 ff fc 22 48 4e 01 ff ff
source=3: pgn=COG & SOG, Rapid Update(129026): values=COGReference=("0") COG=(105.80 deg) SOG=(3.34 m/s)

3  : pgn=129025 line=Tx 10375299 09 f8 01 03 63 59 6f 1c 10 e2 fd b6
source=3: pgn=Position, Rapid Update(129025): values=Latitude=(47.7059427 deg) Longitude=(-122.48755039999999 deg)

3  : pgn=129291 line=Tx 10375299 0d f9 0b 03 ff fc 4f 28 29 00 ff ff
source=3: pgn=Set & Drift, Rapid Update(129291): values=SetReference=("0") Set=(59.12 deg) Drift=(0.41000000000000003 m/s)

32 : pgn=128259 line=Rx 10375335 09 f5 03 20 0c 2b 01 ff ff ff ff ff
source=32: pgn=Speed(128259): values=SpeedWaterReferenced=(2.99 m/s) SpeedGroundReferenced=(None) SpeedWaterReferencedType=(None) SpeedDirection=(None)

0  : pgn=127250 line=Rx 10375371 09 f1 12 00 ff 60 42 ff 7f ff 7f fd
source=0: pgn=Vessel Heading(127250): values=Heading=(97.36 deg) Deviation=(None) Variation=(None) Reference=("1")

0  : pgn=127245 line=Rx 10375372 09 f1 0d 00 00 f8 ff 7f 00 00 ff ff
source=0: pgn=Rudder(127245): values=Instance=(0) DirectionOrder=("0") AngleOrder=(None) Position=(0.00 deg)

0  : pgn=65359  line=Rx 10375376 1c ff 4f 00 3b 9f ff ff ff 60 42 ff
source=0: pgn=Seatalk: Pilot Heading(65359): values=ManufacturerCode=(1851) IndustryCode=(4) HeadingTrue=(None) HeadingMagnetic=(97.36 deg)

3  : pgn=129025 line=Tx 10375399 09 f8 01 03 63 59 6f 1c 10 e2 fd b6
source=3: pgn=Position, Rapid Update(129025): values=Latitude=(47.7059427 deg) Longitude=(-122.48755039999999 deg)

4  : pgn=65384  line=Rx 10375400 1c ff 68 04 3b 9f 00 00 00 00 00 00
32 : pgn=128259 line=Rx 10375434 09 f5 03 20 0d 39 01 ff ff ff ff ff
source=32: pgn=Speed(128259): values=SpeedWaterReferenced=(3.13 m/s) SpeedGroundReferenced=(None) SpeedWaterReferencedType=(None) SpeedDirection=(None)

0  : pgn=127250 line=Rx 10375471 09 f1 12 00 ff 90 42 ff 7f ff 7f fd
source=0: pgn=Vessel Heading(127250): values=Heading=(97.63 deg) Deviation=(None) Variation=(None) Reference=("1")

0  : pgn=127245 line=Rx 10375472 09 f1 0d 00 00 f8 ff 7f 00 00 ff ff
source=0: pgn=Rudder(127245): values=Instance=(0) DirectionOrder=("0") AngleOrder=(None) Position=(0.00 deg)

0  : pgn=65359  line=Rx 10375479 1c ff 4f 00 3b 9f ff ff ff 90 42 ff
source=0: pgn=Seatalk: Pilot Heading(65359): values=ManufacturerCode=(1851) IndustryCode=(4) HeadingTrue=(None) HeadingMagnetic=(97.63 deg)

3  : pgn=129026 line=Tx 10375500 09 f8 02 03 ff fc 22 48 4e 01 ff ff
source=3: pgn=COG & SOG, Rapid Update(129026): values=COGReference=("0") COG=(105.80 deg) SOG=(3.34 m/s)

3  : pgn=130577 line=Tx 10375500 0d fe 11 03 a0 0e c0 b6 22 48 4e 01
3  : pgn=130577 line=Tx 10375500 0d fe 11 03 a1 ff ff ff ff 4f 28 29
3  : pgn=130577 line=Tx 10375500 0d fe 11 03 a2 00 ff ff ff ff ff ff
3  : pgn=129025 line=Tx 10375500 09 f8 01 03 63 59 6f 1c 10 e2 fd b6
3  : pgn=130306 line=Tx 10375500 09 fd 02 03 ff 23 03 d9 cb fa ff ff
source=3: pgn=Wind Data(130306): values=WindSpeed=(8.03 m/s) WindAngle=(299.00 deg) Reference=("2")

32 : pgn=128259 line=Rx 10375534 09 f5 03 20 0e 2f 01 ff ff ff ff ff
source=32: pgn=Speed(128259): values=SpeedWaterReferenced=(3.0300000000000002 m/s) SpeedGroundReferenced=(None) SpeedWaterReferencedType=(None) SpeedDirection=(None)

0  : pgn=127250 line=Rx 10375571 09 f1 12 00 ff ba 42 ff 7f ff 7f fd
source=0: pgn=Vessel Heading(127250): values=Heading=(97.87 deg) Deviation=(None) Variation=(None) Reference=("1")

0  : pgn=127245 line=Rx 10375572 09 f1 0d 00 00 f8 ff 7f 00 00 ff ff
source=0: pgn=Rudder(127245): values=Instance=(0) DirectionOrder=("0") AngleOrder=(None) Position=(0.00 deg)

0  : pgn=65379  line=Rx 10375576 1c ff 63 00 3b 9f 00 00 00 00 01 ff
source=0: pgn=Seatalk: Pilot Mode(65379): values=ManufacturerCode=(1851) IndustryCode=(4) PilotMode=(0) SubMode=(0) PilotModeData=(0)

0  : pgn=65359  line=Rx 10375577 1c ff 4f 00 3b 9f ff ff ff ba 42 ff
source=0: pgn=Seatalk: Pilot Heading(65359): values=ManufacturerCode=(1851) IndustryCode=(4) HeadingTrue=(None) HeadingMagnetic=(97.87 deg)

0  : pgn=126975 line=Rx 10375580 1d ef ff 00 40 0d 3b 9f f0 81 84 16
0  : pgn=126975 line=Rx 10375582 1d ef ff 00 41 44 10 00 00 00 02 05
3  : pgn=129283 line=Tx 10375600 0d f9 03 03 ff 7f ff ff ff 7f ff ff
source=3: pgn=Cross Track Error(129283): values=XTEmode=(None) NavigationTerminated=("1") XTE=(None)

3  : pgn=129025 line=Tx 10375600 09 f8 01 03 3f 59 6f 1c bc e2 fd b6
source=3: pgn=Position, Rapid Update(129025): values=Latitude=(47.705939099999995 deg) Longitude=(-122.4875332 deg)

3  : pgn=128267 line=Tx 10375600 0d f5 0b 03 ff 2a 3e 00 00 00 00 ff
source=3: pgn=Water Depth(128267): values=Depth=(159.14000000000001 m) Offset=(0.0 m) Range=(None)

32 : pgn=128259 line=Rx 10375633 09 f5 03 20 0f 33 01 ff ff ff ff ff
source=32: pgn=Speed(128259): values=SpeedWaterReferenced=(3.0700000000000003 m/s) SpeedGroundReferenced=(None) SpeedWaterReferencedType=(None) SpeedDirection=(None)

0  : pgn=127250 line=Rx 10375671 09 f1 12 00 ff c8 42 ff 7f ff 7f fd
source=0: pgn=Vessel Heading(127250): values=Heading=(97.95 deg) Deviation=(None) Variation=(None) Reference=("1")

0  : pgn=127245 line=Rx 10375672 09 f1 0d 00 00 f8 ff 7f 00 00 ff ff
source=0: pgn=Rudder(127245): values=Instance=(0) DirectionOrder=("0") AngleOrder=(None) Position=(0.00 deg)

0  : pgn=65359  line=Rx 10375678 1c ff 4f 00 3b 9f ff ff ff c8 42 ff
source=0: pgn=Seatalk: Pilot Heading(65359): values=ManufacturerCode=(1851) IndustryCode=(4) HeadingTrue=(None) HeadingMagnetic=(97.95 deg)

0  : pgn=126975 line=Rx 10375683 1d ef ff 00 60 09 3b 9f f0 81 ae 02
0  : pgn=126975 line=Rx 10375685 1d ef ff 00 61 00 08 00 ff ff ff ff
1  : pgn=129038 line=Rx 10375695 11 f8 0e 01 a0 1b c1 0e 93 df 15 70
1  : pgn=129038 line=Rx 10375695 11 f8 0e 01 a1 5e 11 b7 ef 2e 5c 1c
1  : pgn=129038 line=Rx 10375696 11 f8 0e 01 a2 07 2f f3 d4 01 00 00
1  : pgn=129038 line=Rx 10375696 11 f8 0e 01 a3 00 ff ff ff 7f f0 fe
3  : pgn=129026 line=Tx 10375700 09 f8 02 03 ff fc 22 48 4f 01 ff ff
source=3: pgn=COG & SOG, Rapid Update(129026): values=COGReference=("0") COG=(105.80 deg) SOG=(3.35 m/s)

3  : pgn=129025 line=Tx 10375700 09 f8 01 03 3f 59 6f 1c bc e2 fd b6
source=3: pgn=Position, Rapid Update(129025): values=Latitude=(47.705939099999995 deg) Longitude=(-122.4875332 deg)

3  : pgn=129542 line=Tx 10375700 19 fa 06 03 a0 0f b6 42 01 00 00 00
3  : pgn=129542 line=Tx 10375700 19 fa 06 03 a1 00 00 00 00 00 00 00
3  : pgn=129542 line=Tx 10375700 19 fa 06 03 a2 00 00 ff ff ff ff ff
3  : pgn=65364  line=Tx 10375700 1c ff 54 03 3b 9f 23 03 d9 cb ff ff
32 : pgn=128259 line=Rx 10375733 09 f5 03 20 10 3e 01 ff ff ff ff ff
source=32: pgn=Speed(128259): values=SpeedWaterReferenced=(3.18 m/s) SpeedGroundReferenced=(None) SpeedWaterReferencedType=(None) SpeedDirection=(None)

0  : pgn=127250 line=Rx 10375771 09 f1 12 00 ff cc 42 ff 7f ff 7f fd
source=0: pgn=Vessel Heading(127250): values=Heading=(97.98 deg) Deviation=(None) Variation=(None) Reference=("1")

0  : pgn=127245 line=Rx 10375772 09 f1 0d 00 00 f8 ff 7f 00 00 ff ff
source=0: pgn=Rudder(127245): values=Instance=(0) DirectionOrder=("0") AngleOrder=(None) Position=(0.00 deg)

0  : pgn=65359  line=Rx 10375777 1c ff 4f 00 3b 9f ff ff ff cc 42 ff
source=0: pgn=Seatalk: Pilot Heading(65359): values=ManufacturerCode=(1851) IndustryCode=(4) HeadingTrue=(None) HeadingMagnetic=(97.98 deg)

3  : pgn=129540 line=Tx 10375801 19 fa 04 03 e0 9f d8 ff 0d 03 97 1a
source=3: pgn=GNSS Sats in View(129540): values=RangeResidualMode=(None) SatsinView=(216) PRN=(None) Elevation=(4.47 deg) Azimuth=(39.00 deg) SNR=(0.0 dB) Rangeresiduals=(0) Status=("0")

3  : pgn=129540 line=Tx 10375801 19 fa 04 03 e1 2e 26 00 00 00 00 00
source=3: pgn=GNSS Sats in View(129540): values=RangeResidualMode=("0") SatsinView=(38) PRN=(0) Elevation=(0.00 deg) Azimuth=(0.00 deg) SNR=(0.0 dB) Rangeresiduals=(0) Status=("0")

3  : pgn=129540 line=Tx 10375801 19 fa 04 03 e2 00 f3 0f ff 1d ad 3c
source=3: pgn=GNSS Sats in View(129540): values=RangeResidualMode=("0") SatsinView=(243) PRN=(15) Elevation=(44.00 deg) Azimuth=(89.00 deg) SNR=(0.0 dB) Rangeresiduals=(0) Status=("0")

3  : pgn=129540 line=Tx 10375801 19 fa 04 03 e3 28 0a 00 00 00 00 f5
source=3: pgn=GNSS Sats in View(129540): values=RangeResidualMode=("0") SatsinView=(10) PRN=(0) Elevation=(0.00 deg) Azimuth=(359.36 deg) SNR=(0.0 dB) Rangeresiduals=(0) Status=("0")

3  : pgn=129540 line=Tx 10375801 19 fa 04 03 e4 10 17 13 c2 b8 e4 0c
source=3: pgn=GNSS Sats in View(129540): values=RangeResidualMode=("0") SatsinView=(23) PRN=(19) Elevation=(-104.50 deg) Azimuth=(18.91 deg) SNR=(0.0 dB) Rangeresiduals=(0) Status=("0")

3  : pgn=129540 line=Tx 10375801 19 fa 04 03 e5 00 00 00 00 f5 12 c5
source=3: pgn=GNSS Sats in View(129540): values=RangeResidualMode=("0") SatsinView=(0) PRN=(0) Elevation=(-16.13 deg) Azimuth=(289.06 deg) SNR=(0.0 dB) Rangeresiduals=(0) Status=("0")

3  : pgn=129540 line=Tx 10375801 19 fa 04 03 e6 31 f2 93 74 0e 00 00
source=3: pgn=GNSS Sats in View(129540): values=RangeResidualMode=("1") SatsinView=(242) PRN=(147) Elevation=(21.20 deg) Azimuth=(0.00 deg) SNR=(0.0 dB) Rangeresiduals=(0) Status=("0")

3  : pgn=129540 line=Tx 10375801 19 fa 04 03 e7 00 00 f5 13 69 03 1f
source=3: pgn=GNSS Sats in View(129540): values=RangeResidualMode=("0") SatsinView=(0) PRN=(245) Elevation=(154.12 deg) Azimuth=(45.49 deg) SNR=(0.0 dB) Rangeresiduals=(0) Status=("0")

3  : pgn=129540 line=Tx 10375801 19 fa 04 03 e8 d8 d8 0e 00 00 00 00
source=3: pgn=GNSS Sats in View(129540): values=RangeResidualMode=("0") SatsinView=(216) PRN=(14) Elevation=(0.00 deg) Azimuth=(0.00 deg) SNR=(0.0 dB) Rangeresiduals=(0) Status=("0")

3  : pgn=129540 line=Tx 10375801 19 fa 04 03 e9 f5 15 e8 37 17 22 e4
source=3: pgn=GNSS Sats in View(129540): values=RangeResidualMode=("1") SatsinView=(21) PRN=(232) Elevation=(34.05 deg) Azimuth=(334.62 deg) SNR=(0.0 dB) Rangeresiduals=(0) Status=("0")

3  : pgn=129540 line=Tx 10375801 19 fa 04 03 ea 0c 00 00 00 00 f5 16
source=3: pgn=GNSS Sats in View(129540): values=RangeResidualMode=("0") SatsinView=(0) PRN=(0) Elevation=(0.00 deg) Azimuth=(33.67 deg) SNR=(0.0 dB) Rangeresiduals=(0) Status=("0")

3  : pgn=129540 line=Tx 10375802 19 fa 04 03 eb 80 16 7d 9d 68 10 00
source=3: pgn=GNSS Sats in View(129540): values=RangeResidualMode=("0") SatsinView=(22) PRN=(125) Elevation=(153.44 deg) Azimuth=(0.09 deg) SNR=(0.0 dB) Rangeresiduals=(0) Status=("0")

3  : pgn=129540 line=Tx 10375803 19 fa 04 03 ec 00 00 00 f5 1a ae 0f
source=3: pgn=GNSS Sats in View(129540): values=RangeResidualMode=("0") SatsinView=(0) PRN=(0) Elevation=(39.54 deg) Azimuth=(23.00 deg) SNR=(0.0 dB) Rangeresiduals=(0) Status=("0")

3  : pgn=129540 line=Tx 10375804 19 fa 04 03 ed 5d 1f 54 0b 00 00 00
source=3: pgn=GNSS Sats in View(129540): values=RangeResidualMode=("1") SatsinView=(31) PRN=(84) Elevation=(0.06 deg) Azimuth=(0.00 deg) SNR=(0.0 dB) Rangeresiduals=(0) Status=("0")

3  : pgn=129540 line=Tx 10375804 19 fa 04 03 ee 00 f5 1b d1 15 ab d2
source=3: pgn=GNSS Sats in View(129540): values=RangeResidualMode=("0") SatsinView=(245) PRN=(27) Elevation=(32.00 deg) Azimuth=(309.00 deg) SNR=(0.0 dB) Rangeresiduals=(0) Status=("0")

3  : pgn=129540 line=Tx 10375805 19 fa 04 03 ef d8 0e 00 00 00 00 f5
source=3: pgn=GNSS Sats in View(129540): values=RangeResidualMode=("0") SatsinView=(14) PRN=(0) Elevation=(0.00 deg) Azimuth=(359.36 deg) SNR=(0.0 dB) Rangeresiduals=(0) Status=("0")

3  : pgn=129540 line=Tx 10375807 19 fa 04 03 f0 1d 51 0e a1 67 74 0e
source=3: pgn=GNSS Sats in View(129540): values=RangeResidualMode=("1") SatsinView=(81) PRN=(14) Elevation=(152.00 deg) Azimuth=(21.20 deg) SNR=(0.0 dB) Rangeresiduals=(0) Status=("0")

3  : pgn=129540 line=Tx 10375808 19 fa 04 03 f1 00 00 00 00 f5 23 d1
source=3: pgn=GNSS Sats in View(129540): values=RangeResidualMode=("0") SatsinView=(0) PRN=(0) Elevation=(-16.13 deg) Azimuth=(306.76 deg) SNR=(0.0 dB) Rangeresiduals=(0) Status=("0")

3  : pgn=129540 line=Tx 10375808 19 fa 04 03 f2 15 c3 8b 00 00 00 00
source=3: pgn=GNSS Sats in View(129540): values=RangeResidualMode=("1") SatsinView=(195) PRN=(139) Elevation=(0.00 deg) Azimuth=(0.00 deg) SNR=(0.0 dB) Rangeresiduals=(0) Status=("0")

3  : pgn=129540 line=Tx 10375809 19 fa 04 03 f3 00 00 f3 30 2e 17 43
source=3: pgn=GNSS Sats in View(129540): values=RangeResidualMode=("0") SatsinView=(0) PRN=(243) Elevation=(67.75 deg) Azimuth=(98.41 deg) SNR=(0.0 dB) Rangeresiduals=(0) Status=("0")

3  : pgn=129540 line=Tx 10375810 19 fa 04 03 f4 84 cc 10 00 00 00 00
source=3: pgn=GNSS Sats in View(129540): values=RangeResidualMode=("0") SatsinView=(204) PRN=(16) Elevation=(0.00 deg) Azimuth=(0.00 deg) SNR=(0.0 dB) Rangeresiduals=(0) Status=("0")

3  : pgn=129540 line=Tx 10375810 19 fa 04 03 f5 f5 33 80 16 67 6c 10
source=3: pgn=GNSS Sats in View(129540): values=RangeResidualMode=("1") SatsinView=(51) PRN=(128) Elevation=(151.20 deg) Azimuth=(24.09 deg) SNR=(0.0 dB) Rangeresiduals=(0) Status=("0")

3  : pgn=129540 line=Tx 10375811 19 fa 04 03 f6 0e 00 00 00 00 f5 ff
source=3: pgn=GNSS Sats in View(129540): values=RangeResidualMode=("0") SatsinView=(0) PRN=(0) Elevation=(0.00 deg) Azimuth=(375.43 deg) SNR=(0.0 dB) Rangeresiduals=(0) Status=("0")

3  : pgn=129025 line=Tx 10375812 09 f8 01 03 2d 59 6f 1c 13 e3 fd b6
source=3: pgn=Position, Rapid Update(129025): values=Latitude=(47.705937299999995 deg) Longitude=(-122.48752449999999 deg)

3  : pgn=127258 line=Tx 10375814 19 f1 1a 03 ff f6 12 39 fa 0a ff ff
source=3: pgn=Magnetic Variation(127258): values=Source=("6") Ageofservice=(14610 d) Variation=(16.10 deg)

32 : pgn=128259 line=Rx 10375832 09 f5 03 20 11 2f 01 ff ff ff ff ff
source=32: pgn=Speed(128259): values=SpeedWaterReferenced=(3.0300000000000002 m/s) SpeedGroundReferenced=(None) SpeedWaterReferencedType=(None) SpeedDirection=(None)

0  : pgn=127250 line=Rx 10375875 09 f1 12 00 ff c6 42 ff 7f ff 7f fd
source=0: pgn=Vessel Heading(127250): values=Heading=(97.94 deg) Deviation=(None) Variation=(None) Reference=("1")

0  : pgn=127245 line=Rx 10375876 09 f1 0d 00 00 f8 ff 7f 00 00 ff ff
source=0: pgn=Rudder(127245): values=Instance=(0) DirectionOrder=("0") AngleOrder=(None) Position=(0.00 deg)

0  : pgn=65359  line=Rx 10375883 1c ff 4f 00 3b 9f ff ff ff c6 42 ff
source=0: pgn=Seatalk: Pilot Heading(65359): values=ManufacturerCode=(1851) IndustryCode=(4) HeadingTrue=(None) HeadingMagnetic=(97.94 deg)

3  : pgn=129026 line=Tx 10375902 09 f8 02 03 ff fc 33 48 51 01 ff ff
source=3: pgn=COG & SOG, Rapid Update(129026): values=COGReference=("0") COG=(105.90 deg) SOG=(3.37 m/s)

3  : pgn=129025 line=Tx 10375902 09 f8 01 03 2d 59 6f 1c 13 e3 fd b6
source=3: pgn=Position, Rapid Update(129025): values=Latitude=(47.705937299999995 deg) Longitude=(-122.48752449999999 deg)

32 : pgn=128259 line=Rx 10375934 09 f5 03 20 12 2a 01 ff ff ff ff ff
source=32: pgn=Speed(128259): values=SpeedWaterReferenced=(2.98 m/s) SpeedGroundReferenced=(None) SpeedWaterReferencedType=(None) SpeedDirection=(None)

32 : pgn=130310 line=Rx 10375937 15 fd 06 20 01 ff ff ff ff ff ff ff
source=32: pgn=Environmental Parameters (obsolete)(130310): values=WaterTemperature=(None) OutsideAmbientAirTemperature=(None) AtmosphericPressure=(None)

32 : pgn=128275 line=Rx 10375946 19 f5 13 20 00 0e ff ff ff ff ff ff
source=32: pgn=Distance Log(128275): values=Date=(3584 d) Time=(None) Log=(0 m) TripLog=(0 m)

32 : pgn=128275 line=Rx 10375951 19 f5 13 20 01 7a ae 3c 00 7a ae 3c
source=32: pgn=Distance Log(128275): values=Date=(31233 d) Time=(204683.58860000002 s) Log=(0 m) TripLog=(0 m)

32 : pgn=128275 line=Rx 10375956 19 f5 13 20 02 00 ff ff ff ff ff ff
source=32: pgn=Distance Log(128275): values=Date=(2 d) Time=(None) Log=(0 m) TripLog=(0 m)

0  : pgn=127250 line=Rx 10375971 09 f1 12 00 ff be 42 ff 7f ff 7f fd
source=0: pgn=Vessel Heading(127250): values=Heading=(97.90 deg) Deviation=(None) Variation=(None) Reference=("1")

0  : pgn=127245 line=Rx 10375972 09 f1 0d 00 00 f8 ff 7f 00 00 ff ff
source=0: pgn=Rudder(127245): values=Instance=(0) DirectionOrder=("0") AngleOrder=(None) Position=(0.00 deg)

0  : pgn=65359  line=Rx 10375976 1c ff 4f 00 3b 9f ff ff ff be 42 ff
source=0: pgn=Seatalk: Pilot Heading(65359): values=ManufacturerCode=(1851) IndustryCode=(4) HeadingTrue=(None) HeadingMagnetic=(97.90 deg)

1  : pgn=59936  line=Rx 10375997 18 ea 20 01 00 ee 00 00 00 00 00 00
3  : pgn=129029 line=Tx 10376002 0d f8 05 03 a0 2b b6 06 40 ae cb 18
3  : pgn=129029 line=Tx 10376002 0d f8 05 03 a1 2c 00 82 6f e0 f8 da
3  : pgn=129029 line=Tx 10376002 0d f8 05 03 a2 9e 06 00 fe 9a 4f 74
3  : pgn=129029 line=Tx 10376002 0d f8 05 03 a3 5e 00 ef ff ff ff ff
3  : pgn=129029 line=Tx 10376002 0d f8 05 03 a4 ff ff ff 7f 23 fc 09
3  : pgn=129029 line=Tx 10376002 0d f8 05 03 a5 4f 00 ff 7f ff ff ff
3  : pgn=129029 line=Tx 10376002 0d f8 05 03 a6 7f 00 ff ff ff ff ff
3  : pgn=129025 line=Tx 10376002 09 f8 01 03 2d 59 6f 1c 13 e3 fd b6
source=3: pgn=Position, Rapid Update(129025): values=Latitude=(47.705937299999995 deg) Longitude=(-122.48752449999999 deg)

3  : pgn=129033 line=Tx 10376002 0d f8 09 03 06 40 ae cb 18 2c 5c fe
source=3: pgn=Time & Date(129033): values=Date=(16390 d) Time=(73982.251 s) LocalOffset=(-25200.0 s)

32 : pgn=128259 line=Rx 10376031 09 f5 03 20 13 2a 01 ff ff ff ff ff
source=32: pgn=Speed(128259): values=SpeedWaterReferenced=(2.98 m/s) SpeedGroundReferenced=(None) SpeedWaterReferencedType=(None) SpeedDirection=(None)

0  : pgn=127250 line=Rx 10376071 09 f1 12 00 ff a8 42 ff 7f ff 7f fd
source=0: pgn=Vessel Heading(127250): values=Heading=(97.77 deg) Deviation=(None) Variation=(None) Reference=("1")

0  : pgn=127245 line=Rx 10376072 09 f1 0d 00 00 f8 ff 7f 00 00 ff ff
source=0: pgn=Rudder(127245): values=Instance=(0) DirectionOrder=("0") AngleOrder=(None) Position=(0.00 deg)

0  : pgn=65359  line=Rx 10376078 1c ff 4f 00 3b 9f ff ff ff a8 42 ff
source=0: pgn=Seatalk: Pilot Heading(65359): values=ManufacturerCode=(1851) IndustryCode=(4) HeadingTrue=(None) HeadingMagnetic=(97.77 deg)

0  : pgn=126975 line=Rx 10376080 1d ef ff 00 80 08 3b 9f f0 81 9c 11
0  : pgn=126975 line=Rx 10376082 1d ef ff 00 81 04 00 ff ff ff ff ff
3  : pgn=129026 line=Tx 10376102 09 f8 02 03 ff fc ff 47 53 01 ff ff
source=3: pgn=COG & SOG, Rapid Update(129026): values=COGReference=("0") COG=(105.60 deg) SOG=(3.39 m/s)

3  : pgn=129025 line=Tx 10376102 09 f8 01 03 26 59 6f 1c 6e e3 fd b6
source=3: pgn=Position, Rapid Update(129025): values=Latitude=(47.7059366 deg) Longitude=(-122.48751539999999 deg)

3  : pgn=126992 line=Tx 10376102 0d f0 10 03 ff ff 06 40 b8 d5 18 2c
source=3: pgn=System Time(126992): values=Source=(None) Date=(16390 d) Time=(73982.508 s)

32 : pgn=128259 line=Rx 10376131 09 f5 03 20 14 2c 01 ff ff ff ff ff
source=32: pgn=Speed(128259): values=SpeedWaterReferenced=(3.0 m/s) SpeedGroundReferenced=(None) SpeedWaterReferencedType=(None) SpeedDirection=(None)

1  : pgn=129038 line=Rx 10376150 11 f8 0e 01 c0 1b c3 24 90 db 15 48
1  : pgn=129038 line=Rx 10376150 11 f8 0e 01 c1 8f 01 b7 9b 19 52 1c
1  : pgn=129038 line=Rx 10376151 11 f8 0e 01 c2 09 d4 8b 6d 01 00 00
1  : pgn=129038 line=Rx 10376151 11 f8 0e 01 c3 00 66 8a d2 e5 f0 fe
0  : pgn=127250 line=Rx 10376171 09 f1 12 00 ff 9e 42 ff 7f ff 7f fd
source=0: pgn=Vessel Heading(127250): values=Heading=(97.71 deg) Deviation=(None) Variation=(None) Reference=("1")

0  : pgn=127245 line=Rx 10376172 09 f1 0d 00 00 f8 ff 7f 00 00 ff ff
source=0: pgn=Rudder(127245): values=Instance=(0) DirectionOrder=("0") AngleOrder=(None) Position=(0.00 deg)

0  : pgn=65359  line=Rx 10376176 1c ff 4f 00 3b 9f ff ff ff 9e 42 ff
source=0: pgn=Seatalk: Pilot Heading(65359): values=ManufacturerCode=(1851) IndustryCode=(4) HeadingTrue=(None) HeadingMagnetic=(97.71 deg)

3  : pgn=129025 line=Tx 10376202 09 f8 01 03 26 59 6f 1c 6e e3 fd b6
source=3: pgn=Position, Rapid Update(129025): values=Latitude=(47.7059366 deg) Longitude=(-122.48751539999999 deg)

32 : pgn=128259 line=Rx 10376230 09 f5 03 20 15 2f 01 ff ff ff ff ff
source=32: pgn=Speed(128259): values=SpeedWaterReferenced=(3.0300000000000002 m/s) SpeedGroundReferenced=(None) SpeedWaterReferencedType=(None) SpeedDirection=(None)

0  : pgn=127250 line=Rx 10376271 09 f1 12 00 ff 99 42 ff 7f ff 7f fd
source=0: pgn=Vessel Heading(127250): values=Heading=(97.68 deg) Deviation=(None) Variation=(None) Reference=("1")

0  : pgn=127245 line=Rx 10376271 09 f1 0d 00 00 f8 ff 7f 00 00 ff ff
source=0: pgn=Rudder(127245): values=Instance=(0) DirectionOrder=("0") AngleOrder=(None) Position=(0.00 deg)

0  : pgn=65359  line=Rx 10376279 1c ff 4f 00 3b 9f ff ff ff 99 42 ff
source=0: pgn=Seatalk: Pilot Heading(65359): values=ManufacturerCode=(1851) IndustryCode=(4) HeadingTrue=(None) HeadingMagnetic=(97.68 deg)

3  : pgn=129026 line=Tx 10376305 09 f8 02 03 ff fc ff 47 53 01 ff ff
source=3: pgn=COG & SOG, Rapid Update(129026): values=COGReference=("0") COG=(105.60 deg) SOG=(3.39 m/s)

3  : pgn=129025 line=Tx 10376305 09 f8 01 03 26 59 6f 1c 6e e3 fd b6
source=3: pgn=Position, Rapid Update(129025): values=Latitude=(47.7059366 deg) Longitude=(-122.48751539999999 deg)

3  : pgn=129291 line=Tx 10376305 0d f9 0b 03 ff fc 30 27 38 00 ff ff
source=3: pgn=Set & Drift, Rapid Update(129291): values=SetReference=("0") Set=(57.48 deg) Drift=(0.56 m/s)

32 : pgn=128259 line=Rx 10376330 09 f5 03 20 16 2e 01 ff ff ff ff ff
source=32: pgn=Speed(128259): values=SpeedWaterReferenced=(3.02 m/s) SpeedGroundReferenced=(None) SpeedWaterReferencedType=(None) SpeedDirection=(None)

0  : pgn=127250 line=Rx 10376371 09 f1 12 00 ff a9 42 ff 7f ff 7f fd
source=0: pgn=Vessel Heading(127250): values=Heading=(97.78 deg) Deviation=(None) Variation=(None) Reference=("1")

0  : pgn=127245 line=Rx 10376372 09 f1 0d 00 00 f8 ff 7f 00 00 ff ff
source=0: pgn=Rudder(127245): values=Instance=(0) DirectionOrder=("0") AngleOrder=(None) Position=(0.00 deg)

0  : pgn=65359  line=Rx 10376376 1c ff 4f 00 3b 9f ff ff ff a9 42 ff
source=0: pgn=Seatalk: Pilot Heading(65359): values=ManufacturerCode=(1851) IndustryCode=(4) HeadingTrue=(None) HeadingMagnetic=(97.78 deg)

1  : pgn=129793 line=Rx 10376393 1d fb 01 01 a0 1a 04 a1 fc 37 00 0b
1  : pgn=129793 line=Rx 10376393 1d fb 01 01 a1 bb e8 b6 25 7a e1 1c
1  : pgn=129793 line=Rx 10376394 1d fb 01 01 a2 ff d0 9a 18 2c 00 00
1  : pgn=129793 line=Rx 10376394 1d fb 01 01 a3 08 06 40 ff 00 fc ff
4  : pgn=65384  line=Rx 10376400 1c ff 68 04 3b 9f 00 00 00 00 00 00
3  : pgn=129025 line=Tx 10376406 09 f8 01 03 ee 58 6f 1c bc e3 fd b6
source=3: pgn=Position, Rapid Update(129025): values=Latitude=(47.705931 deg) Longitude=(-122.4875076 deg)

32 : pgn=128259 line=Rx 10376429 09 f5 03 20 17 2a 01 ff ff ff ff ff
source=32: pgn=Speed(128259): values=SpeedWaterReferenced=(2.98 m/s) SpeedGroundReferenced=(None) SpeedWaterReferencedType=(None) SpeedDirection=(None)

1  : pgn=129038 line=Rx 10376457 11 f8 0e 01 e0 1b c1 78 cf e8 15 cb
1  : pgn=129038 line=Rx 10376457 11 f8 0e 01 e1 74 13 b7 f7 74 5a 1c
1  : pgn=129038 line=Rx 10376458 11 f8 0e 01 e2 0c bd a2 00 00 00 00
1  : pgn=129038 line=Rx 10376458 11 f8 0e 01 e3 00 4f 77 00 00 f0 fe
0  : pgn=127250 line=Rx 10376471 09 f1 12 00 ff b6 42 ff 7f ff 7f fd
source=0: pgn=Vessel Heading(127250): values=Heading=(97.85 deg) Deviation=(None) Variation=(None) Reference=("1")

0  : pgn=127245 line=Rx 10376472 09 f1 0d 00 00 f8 ff 7f 00 00 ff ff
source=0: pgn=Rudder(127245): values=Instance=(0) DirectionOrder=("0") AngleOrder=(None) Position=(0.00 deg)

0  : pgn=65359  line=Rx 10376478 1c ff 4f 00 3b 9f ff ff ff b6 42 ff
source=0: pgn=Seatalk: Pilot Heading(65359): values=ManufacturerCode=(1851) IndustryCode=(4) HeadingTrue=(None) HeadingMagnetic=(97.85 deg)

1  : pgn=129793 line=Rx 10376486 1d fb 01 01 c0 1a 04 a0 fc 37 00 ea
1  : pgn=129793 line=Rx 10376486 1d fb 01 01 c1 6c d0 b6 a1 62 57 1c
1  : pgn=129793 line=Rx 10376487 1d fb 01 01 c2 ff e0 c1 18 2c 00 00
1  : pgn=129793 line=Rx 10376487 1d fb 01 01 c3 00 06 40 ff 00 fc ff
3  : pgn=129026 line=Tx 10376506 09 f8 02 03 ff fc 10 48 53 01 ff ff
source=3: pgn=COG & SOG, Rapid Update(129026): values=COGReference=("0") COG=(105.70 deg) SOG=(3.39 m/s)

3  : pgn=130577 line=Tx 10376506 0d fe 11 03 c0 0e c0 b7 10 48 53 01
3  : pgn=130577 line=Tx 10376506 0d fe 11 03 c1 ff ff ff ff 30 27 38
3  : pgn=130577 line=Tx 10376506 0d fe 11 03 c2 00 ff ff ff ff ff ff
3  : pgn=129025 line=Tx 10376506 09 f8 01 03 ee 58 6f 1c bc e3 fd b6
3  : pgn=130306 line=Tx 10376506 09 fd 02 03 ff 13 03 d9 cb fa ff ff
source=3: pgn=Wind Data(130306): values=WindSpeed=(7.87 m/s) WindAngle=(299.00 deg) Reference=("2")

32 : pgn=128259 line=Rx 10376529 09 f5 03 20 18 32 01 ff ff ff ff ff
source=32: pgn=Speed(128259): values=SpeedWaterReferenced=(3.06 m/s) SpeedGroundReferenced=(None) SpeedWaterReferencedType=(None) SpeedDirection=(None)

0  : pgn=127250 line=Rx 10376571 09 f1 12 00 ff d5 42 ff 7f ff 7f fd
source=0: pgn=Vessel Heading(127250): values=Heading=(98.03 deg) Deviation=(None) Variation=(None) Reference=("1")

0  : pgn=127245 line=Rx 10376572 09 f1 0d 00 00 f8 ff 7f 00 00 ff ff
source=0: pgn=Rudder(127245): values=Instance=(0) DirectionOrder=("0") AngleOrder=(None) Position=(0.00 deg)

0  : pgn=65379  line=Rx 10376576 1c ff 63 00 3b 9f 00 00 00 00 01 ff
source=0: pgn=Seatalk: Pilot Mode(65379): values=ManufacturerCode=(1851) IndustryCode=(4) PilotMode=(0) SubMode=(0) PilotModeData=(0)

0  : pgn=65359  line=Rx 10376577 1c ff 4f 00 3b 9f ff ff ff d5 42 ff
source=0: pgn=Seatalk: Pilot Heading(65359): values=ManufacturerCode=(1851) IndustryCode=(4) HeadingTrue=(None) HeadingMagnetic=(98.03 deg)

0  : pgn=126975 line=Rx 10376580 1d ef ff 00 a0 0d 3b 9f f0 81 84 16
1  : pgn=129038 line=Rx 10376581 11 f8 0e 01 00 1b c1 82 40 e1 15 a0
1  : pgn=129038 line=Rx 10376582 11 f8 0e 01 01 5f 0e b7 0a e5 63 1c
source=1: pgn=AIS Class A Position Report(129038): values=MessageID=(1) RepeatIndicator=("0") UserID=(179768927) Longitude=(0.0 deg) Latitude=(0.0 deg) PositionAccuracy=("0") RAIM=("0") TimeStamp=("0") COG=(0.00 deg) SOG=(0.0 m/s) CommunicationState=(0) AISTransceiverinformation=("0") Heading=(0.00 deg) RateofTurn=(0.00 deg/s) NavStatus=("0") SpecialManeuverIndicator=("0") Spare=(0) SequenceID=(0)

1  : pgn=129038 line=Rx 10376583 11 f8 0e 01 02 08 b9 0e 00 00 00 00
source=1: pgn=AIS Class A Position Report(129038): values=MessageID=(2) RepeatIndicator=("0") UserID=(964872) Longitude=(0.0 deg) Latitude=(0.0 deg) PositionAccuracy=("0") RAIM=("0") TimeStamp=("0") COG=(0.00 deg) SOG=(0.0 m/s) CommunicationState=(0) AISTransceiverinformation=("0") Heading=(0.00 deg) RateofTurn=(0.00 deg/s) NavStatus=("0") SpecialManeuverIndicator=("0") Spare=(0) SequenceID=(0)

1  : pgn=129038 line=Rx 10376583 11 f8 0e 01 03 00 ff ff ff 7f ff fe
source=1: pgn=AIS Class A Position Report(129038): values=MessageID=(3) RepeatIndicator=("0") UserID=(4294967040) Longitude=(0.0 deg) Latitude=(0.0 deg) PositionAccuracy=("0") RAIM=("0") TimeStamp=("0") COG=(0.00 deg) SOG=(0.0 m/s) CommunicationState=(0) AISTransceiverinformation=("0") Heading=(0.00 deg) RateofTurn=(0.00 deg/s) NavStatus=("0") SpecialManeuverIndicator=("0") Spare=(0) SequenceID=(0)

0  : pgn=126975 line=Rx 10376584 1d ef ff 00 a1 44 10 00 00 00 02 05
3  : pgn=129283 line=Tx 10376606 0d f9 03 03 ff 7f ff ff ff 7f ff ff
source=3: pgn=Cross Track Error(129283): values=XTEmode=(None) NavigationTerminated=("1") XTE=(None)

3  : pgn=129025 line=Tx 10376606 09 f8 01 03 ee 58 6f 1c bc e3 fd b6
source=3: pgn=Position, Rapid Update(129025): values=Latitude=(47.705931 deg) Longitude=(-122.4875076 deg)

3  : pgn=128267 line=Tx 10376609 0d f5 0b 03 ff 2a 3e 00 00 00 00 ff
source=3: pgn=Water Depth(128267): values=Depth=(159.14000000000001 m) Offset=(0.0 m) Range=(None)

32 : pgn=128259 line=Rx 10376628 09 f5 03 20 19 23 01 ff ff ff ff ff
source=32: pgn=Speed(128259): values=SpeedWaterReferenced=(2.91 m/s) SpeedGroundReferenced=(None) SpeedWaterReferencedType=(None) SpeedDirection=(None)

0  : pgn=127250 line=Rx 10376671 09 f1 12 00 ff eb 42 ff 7f ff 7f fd
source=0: pgn=Vessel Heading(127250): values=Heading=(98.15 deg) Deviation=(None) Variation=(None) Reference=("1")

0  : pgn=127245 line=Rx 10376672 09 f1 0d 00 00 f8 ff 7f 00 00 ff ff
source=0: pgn=Rudder(127245): values=Instance=(0) DirectionOrder=("0") AngleOrder=(None) Position=(0.00 deg)

1  : pgn=129041 line=Rx 10376672 11 f8 11 01 60 30 15 76 89 3a 3b ed
1  : pgn=129041 line=Rx 10376673 11 f8 11 01 61 61 e3 b6 67 78 ad 1c
1  : pgn=129041 line=Rx 10376673 11 f8 11 01 62 f4 00 00 00 00 00 00
1  : pgn=129041 line=Rx 10376674 11 f8 11 01 63 ff ff 52 ee ff e1 16
1  : pgn=129041 line=Rx 10376674 11 f8 11 01 64 01 50 53 20 54 53 4c
1  : pgn=129041 line=Rx 10376675 11 f8 11 01 65 20 53 42 20 20 20 20
1  : pgn=129041 line=Rx 10376676 11 f8 11 01 66 20 20 20 20 20 20 20
0  : pgn=65359  line=Rx 10376682 1c ff 4f 00 3b 9f ff ff ff eb 42 ff
source=0: pgn=Seatalk: Pilot Heading(65359): values=ManufacturerCode=(1851) IndustryCode=(4) HeadingTrue=(None) HeadingMagnetic=(98.15 deg)

0  : pgn=126975 line=Rx 10376692 1d ef ff 00 c0 09 3b 9f f0 81 ae 02
0  : pgn=126975 line=Rx 10376694 1d ef ff 00 c1 00 08 00 ff ff ff ff
3  : pgn=129026 line=Tx 10376709 09 f8 02 03 ff fc 44 48 52 01 ff ff
source=3: pgn=COG & SOG, Rapid Update(129026): values=COGReference=("0") COG=(106.00 deg) SOG=(3.38 m/s)

3  : pgn=129025 line=Tx 10376709 09 f8 01 03 d8 58 6f 1c 02 e4 fd b6
source=3: pgn=Position, Rapid Update(129025): values=Latitude=(47.705928799999995 deg) Longitude=(-122.48750059999999 deg)

3  : pgn=129542 line=Tx 10376709 19 fa 06 03 c0 0f b7 3c 01 00 00 00
3  : pgn=129542 line=Tx 10376709 19 fa 06 03 c1 00 00 00 00 00 00 00
3  : pgn=129542 line=Tx 10376709 19 fa 06 03 c2 00 00 ff ff ff ff ff
3  : pgn=65364  line=Tx 10376709 1c ff 54 03 3b 9f 13 03 d9 cb ff ff
32 : pgn=128259 line=Rx 10376728 09 f5 03 20 1a 23 01 ff ff ff ff ff
source=32: pgn=Speed(128259): values=SpeedWaterReferenced=(2.91 m/s) SpeedGroundReferenced=(None) SpeedWaterReferencedType=(None) SpeedDirection=(None)

1  : pgn=129038 line=Rx 10376734 11 f8 0e 01 20 1b c1 7c ac df 15 e9
1  : pgn=129038 line=Rx 10376734 11 f8 0e 01 21 7e 0b b7 9b ff 7a 1c
1  : pgn=129038 line=Rx 10376735 11 f8 0e 01 22 0c 5f aa 00 00 00 00
1  : pgn=129038 line=Rx 10376735 11 f8 0e 01 23 00 ff ff ff 7f f0 fe
0  : pgn=127250 line=Rx 10376771 09 f1 12 00 ff 18 43 ff 7f ff 7f fd
source=0: pgn=Vessel Heading(127250): values=Heading=(98.41 deg) Deviation=(None) Variation=(None) Reference=("1")

0  : pgn=127245 line=Rx 10376772 09 f1 0d 00 00 f8 ff 7f 00 00 ff ff
source=0: pgn=Rudder(127245): values=Instance=(0) DirectionOrder=("0") AngleOrder=(None) Position=(0.00 deg)

0  : pgn=65359  line=Rx 10376778 1c ff 4f 00 3b 9f ff ff ff 18 43 ff
source=0: pgn=Seatalk: Pilot Heading(65359): values=ManufacturerCode=(1851) IndustryCode=(4) HeadingTrue=(None) HeadingMagnetic=(98.41 deg)

3  : pgn=129540 line=Tx 10376812 19 fa 04 03 00 9f d9 ff 0d 03 97 1a
source=3: pgn=GNSS Sats in View(129540): values=RangeResidualMode=(None) SatsinView=(217) PRN=(None) Elevation=(4.47 deg) Azimuth=(39.00 deg) SNR=(0.0 dB) Rangeresiduals=(0) Status=("0")

3  : pgn=129540 line=Tx 10376812 19 fa 04 03 01 2e 26 00 00 00 00 00
source=3: pgn=GNSS Sats in View(129540): values=RangeResidualMode=("0") SatsinView=(38) PRN=(0) Elevation=(0.00 deg) Azimuth=(0.00 deg) SNR=(0.0 dB) Rangeresiduals=(0) Status=("0")

3  : pgn=129540 line=Tx 10376813 19 fa 04 03 02 00 f3 0f ff 1d ad 3c
source=3: pgn=GNSS Sats in View(129540): values=RangeResidualMode=("0") SatsinView=(243) PRN=(15) Elevation=(44.00 deg) Azimuth=(89.00 deg) SNR=(0.0 dB) Rangeresiduals=(0) Status=("0")

3  : pgn=129540 line=Tx 10376813 19 fa 04 03 03 80 0c 00 00 00 00 f5
source=3: pgn=GNSS Sats in View(129540): values=RangeResidualMode=("0") SatsinView=(12) PRN=(0) Elevation=(0.00 deg) Azimuth=(359.36 deg) SNR=(0.0 dB) Rangeresiduals=(0) Status=("0")

3  : pgn=129540 line=Tx 10376813 19 fa 04 03 04 10 17 13 c2 b8 80 0c
source=3: pgn=GNSS Sats in View(129540): values=RangeResidualMode=("0") SatsinView=(23) PRN=(19) Elevation=(-104.50 deg) Azimuth=(18.33 deg) SNR=(0.0 dB) Rangeresiduals=(0) Status=("0")

3  : pgn=129540 line=Tx 10376813 19 fa 04 03 05 00 00 00 00 f5 12 c5
source=3: pgn=GNSS Sats in View(129540): values=RangeResidualMode=("0") SatsinView=(0) PRN=(0) Elevation=(-16.13 deg) Azimuth=(289.06 deg) SNR=(0.0 dB) Rangeresiduals=(0) Status=("0")

3  : pgn=129540 line=Tx 10376813 19 fa 04 03 06 31 f2 93 10 0e 00 00
source=3: pgn=GNSS Sats in View(129540): values=RangeResidualMode=("1") SatsinView=(242) PRN=(147) Elevation=(20.63 deg) Azimuth=(0.00 deg) SNR=(0.0 dB) Rangeresiduals=(0) Status=("0")

3  : pgn=129540 line=Tx 10376813 19 fa 04 03 07 00 00 f5 13 69 03 1f
source=3: pgn=GNSS Sats in View(129540): values=RangeResidualMode=("0") SatsinView=(0) PRN=(245) Elevation=(154.12 deg) Azimuth=(45.49 deg) SNR=(0.0 dB) Rangeresiduals=(0) Status=("0")

3  : pgn=129540 line=Tx 10376813 19 fa 04 03 08 d8 3c 0f 00 00 00 00
source=3: pgn=GNSS Sats in View(129540): values=RangeResidualMode=("0") SatsinView=(60) PRN=(15) Elevation=(0.00 deg) Azimuth=(0.00 deg) SNR=(0.0 dB) Rangeresiduals=(0) Status=("0")

3  : pgn=129540 line=Tx 10376813 19 fa 04 03 09 f5 15 e8 37 17 22 48
source=3: pgn=GNSS Sats in View(129540): values=RangeResidualMode=("1") SatsinView=(21) PRN=(232) Elevation=(34.05 deg) Azimuth=(105.80 deg) SNR=(0.0 dB) Rangeresiduals=(0) Status=("0")

3  : pgn=129540 line=Tx 10376813 19 fa 04 03 0a 0d 00 00 00 00 f5 16
source=3: pgn=GNSS Sats in View(129540): values=RangeResidualMode=("1") SatsinView=(0) PRN=(0) Elevation=(0.00 deg) Azimuth=(33.67 deg) SNR=(0.0 dB) Rangeresiduals=(0) Status=("0")

3  : pgn=129540 line=Tx 10376814 19 fa 04 03 0b 80 16 7d 9d ac 0d 00
source=3: pgn=GNSS Sats in View(129540): values=RangeResidualMode=("0") SatsinView=(22) PRN=(125) Elevation=(-122.31 deg) Azimuth=(0.07 deg) SNR=(0.0 dB) Rangeresiduals=(0) Status=("0")

3  : pgn=129540 line=Tx 10376815 19 fa 04 03 0c 00 00 00 f5 1a ae 0f
source=3: pgn=GNSS Sats in View(129540): values=RangeResidualMode=("0") SatsinView=(0) PRN=(0) Elevation=(39.54 deg) Azimuth=(23.00 deg) SNR=(0.0 dB) Rangeresiduals=(0) Status=("0")

3  : pgn=129540 line=Tx 10376816 19 fa 04 03 0d 5d 1f 48 0d 00 00 00
source=3: pgn=GNSS Sats in View(129540): values=RangeResidualMode=("1") SatsinView=(31) PRN=(72) Elevation=(0.07 deg) Azimuth=(0.00 deg) SNR=(0.0 dB) Rangeresiduals=(0) Status=("0")

3  : pgn=129540 line=Tx 10376816 19 fa 04 03 0e 00 f5 1b d1 15 ab d2
source=3: pgn=GNSS Sats in View(129540): values=RangeResidualMode=("0") SatsinView=(245) PRN=(27) Elevation=(32.00 deg) Azimuth=(309.00 deg) SNR=(0.0 dB) Rangeresiduals=(0) Status=("0")

3  : pgn=129540 line=Tx 10376817 19 fa 04 03 0f 8c 0a 00 00 00 00 f5
source=3: pgn=GNSS Sats in View(129540): values=RangeResidualMode=("0") SatsinView=(10) PRN=(0) Elevation=(0.00 deg) Azimuth=(359.36 deg) SNR=(0.0 dB) Rangeresiduals=(0) Status=("0")

3  : pgn=129540 line=Tx 10376818 19 fa 04 03 10 1d 51 0e a1 67 34 08
source=3: pgn=GNSS Sats in View(129540): values=RangeResidualMode=("1") SatsinView=(81) PRN=(14) Elevation=(152.00 deg) Azimuth=(12.03 deg) SNR=(0.0 dB) Rangeresiduals=(0) Status=("0")

3  : pgn=129540 line=Tx 10376818 19 fa 04 03 11 00 00 00 00 f5 23 d1
source=3: pgn=GNSS Sats in View(129540): values=RangeResidualMode=("0") SatsinView=(0) PRN=(0) Elevation=(-16.13 deg) Azimuth=(306.76 deg) SNR=(0.0 dB) Rangeresiduals=(0) Status=("0")

3  : pgn=129540 line=Tx 10376819 19 fa 04 03 12 15 c3 8b 00 00 00 00
source=3: pgn=GNSS Sats in View(129540): values=RangeResidualMode=("1") SatsinView=(195) PRN=(139) Elevation=(0.00 deg) Azimuth=(0.00 deg) SNR=(0.0 dB) Rangeresiduals=(0) Status=("0")

3  : pgn=129540 line=Tx 10376821 19 fa 04 03 13 00 00 f3 30 2e 17 43
source=3: pgn=GNSS Sats in View(129540): values=RangeResidualMode=("0") SatsinView=(0) PRN=(243) Elevation=(67.75 deg) Azimuth=(98.41 deg) SNR=(0.0 dB) Rangeresiduals=(0) Status=("0")

3  : pgn=129540 line=Tx 10376822 19 fa 04 03 14 84 80 0c 00 00 00 00
source=3: pgn=GNSS Sats in View(129540): values=RangeResidualMode=("0") SatsinView=(128) PRN=(12) Elevation=(0.00 deg) Azimuth=(0.00 deg) SNR=(0.0 dB) Rangeresiduals=(0) Status=("0")

3  : pgn=129540 line=Tx 10376822 19 fa 04 03 15 f5 33 80 16 67 6c 48
source=3: pgn=GNSS Sats in View(129540): values=RangeResidualMode=("1") SatsinView=(51) PRN=(128) Elevation=(151.20 deg) Azimuth=(106.23 deg) SNR=(0.0 dB) Rangeresiduals=(0) Status=("0")

3  : pgn=129540 line=Tx 10376823 19 fa 04 03 16 0d 00 00 00 00 f5 ff
source=3: pgn=GNSS Sats in View(129540): values=RangeResidualMode=("1") SatsinView=(0) PRN=(0) Elevation=(0.00 deg) Azimuth=(375.43 deg) SNR=(0.0 dB) Rangeresiduals=(0) Status=("0")

3  : pgn=129025 line=Tx 10376824 09 f8 01 03 d8 58 6f 1c 02 e4 fd b6
source=3: pgn=Position, Rapid Update(129025): values=Latitude=(47.705928799999995 deg) Longitude=(-122.48750059999999 deg)

3  : pgn=127258 line=Tx 10376825 19 f1 1a 03 ff f6 12 39 fa 0a ff ff
source=3: pgn=Magnetic Variation(127258): values=Source=("6") Ageofservice=(14610 d) Variation=(16.10 deg)

32 : pgn=128259 line=Rx 10376827 09 f5 03 20 1b 25 01 ff ff ff ff ff
source=32: pgn=Speed(128259): values=SpeedWaterReferenced=(2.93 m/s) SpeedGroundReferenced=(None) SpeedWaterReferencedType=(None) SpeedDirection=(None)

0  : pgn=127250 line=Rx 10376870 09 f1 12 00 ff 49 43 ff 7f ff 7f fd
source=0: pgn=Vessel Heading(127250): values=Heading=(98.69 deg) Deviation=(None) Variation=(None) Reference=("1")

0  : pgn=127245 line=Rx 10376872 09 f1 0d 00 00 f8 ff 7f 00 00 ff ff
source=0: pgn=Rudder(127245): values=Instance=(0) DirectionOrder=("0") AngleOrder=(None) Position=(0.00 deg)

0  : pgn=65359  line=Rx 10376878 1c ff 4f 00 3b 9f ff ff ff 49 43 ff
source=0: pgn=Seatalk: Pilot Heading(65359): values=ManufacturerCode=(1851) IndustryCode=(4) HeadingTrue=(None) HeadingMagnetic=(98.69 deg)

3  : pgn=129026 line=Tx 10376913 09 f8 02 03 ff fc 79 48 51 01 ff ff
source=3: pgn=COG & SOG, Rapid Update(129026): values=COGReference=("0") COG=(106.30 deg) SOG=(3.37 m/s)

3  : pgn=129025 line=Tx 10376913 09 f8 01 03 af 58 6f 1c 9d e4 fd b6
source=3: pgn=Position, Rapid Update(129025): values=Latitude=(47.7059247 deg) Longitude=(-122.4874851 deg)

32 : pgn=128259 line=Rx 10376929 09 f5 03 20 1c 26 01 ff ff ff ff ff
source=32: pgn=Speed(128259): values=SpeedWaterReferenced=(2.94 m/s) SpeedGroundReferenced=(None) SpeedWaterReferencedType=(None) SpeedDirection=(None)

32 : pgn=130310 line=Rx 10376932 15 fd 06 20 02 ff ff ff ff ff ff ff
source=32: pgn=Environmental Parameters (obsolete)(130310): values=WaterTemperature=(None) OutsideAmbientAirTemperature=(None) AtmosphericPressure=(None)

32 : pgn=128275 line=Rx 10376942 19 f5 13 20 20 0e ff ff ff ff ff ff
32 : pgn=128275 line=Rx 10376947 19 f5 13 20 21 7a ae 3c 00 7a ae 3c
32 : pgn=128275 line=Rx 10376952 19 f5 13 20 22 00 ff ff ff ff ff ff
0  : pgn=127250 line=Rx 10376970 09 f1 12 00 ff 65 43 ff 7f ff 7f fd
source=0: pgn=Vessel Heading(127250): values=Heading=(98.85 deg) Deviation=(None) Variation=(None) Reference=("1")

0  : pgn=127245 line=Rx 10376971 09 f1 0d 00 00 f8 ff 7f 00 00 ff ff
source=0: pgn=Rudder(127245): values=Instance=(0) DirectionOrder=("0") AngleOrder=(None) Position=(0.00 deg)

0  : pgn=65359  line=Rx 10376975 1c ff 4f 00 3b 9f ff ff ff 65 43 ff
source=0: pgn=Seatalk: Pilot Heading(65359): values=ManufacturerCode=(1851) IndustryCode=(4) HeadingTrue=(None) HeadingMagnetic=(98.85 deg)

1  : pgn=59936  line=Rx 10376976 18 ea 20 01 00 ee 00 00 00 00 00 00
3  : pgn=129029 line=Tx 10377013 0d f8 05 03 c0 2b b7 06 40 c8 f2 18
3  : pgn=129029 line=Tx 10377013 0d f8 05 03 c1 2c 00 16 40 8a db da
3  : pgn=129029 line=Tx 10377013 0d f8 05 03 c2 9e 06 00 e2 d5 0b d0
3  : pgn=129029 line=Tx 10377013 0d f8 05 03 c3 5e 00 ef ff ff ff ff
3  : pgn=129029 line=Tx 10377013 0d f8 05 03 c4 ff ff ff 7f 23 fc 09
3  : pgn=129029 line=Tx 10377013 0d f8 05 03 c5 4f 00 ff 7f ff ff ff
3  : pgn=129029 line=Tx 10377013 0d f8 05 03 c6 7f 00 ff ff ff ff ff
3  : pgn=129025 line=Tx 10377013 09 f8 01 03 af 58 6f 1c 9d e4 fd b6
source=3: pgn=Position, Rapid Update(129025): values=Latitude=(47.7059247 deg) Longitude=(-122.4874851 deg)

3  : pgn=129033 line=Tx 10377013 0d f8 09 03 06 40 c8 f2 18 2c 5c fe
source=3: pgn=Time & Date(129033): values=Date=(16390 d) Time=(73983.25200000001 s) LocalOffset=(-25200.0 s)

32 : pgn=128259 line=Rx 10377026 09 f5 03 20 1d 33 01 ff ff ff ff ff
4  : pgn=126975 line=Rx 10377059 1d ef ff 04 00 07 3b 9f f0 81 90 00
4  : pgn=126975 line=Rx 10377060 1d ef ff 04 01 03 ff ff ff ff ff ff
1  : pgn=129038 line=Rx 10377065 11 f8 0e 01 40 1b c1 8c 83 df 15 f4
1  : pgn=129038 line=Rx 10377065 11 f8 0e 01 41 5c 14 b7 4a 29 66 1c
1  : pgn=129038 line=Rx 10377066 11 f8 0e 01 42 00 74 05 0a 00 00 00
1  : pgn=129038 line=Rx 10377066 11 f8 0e 01 43 00 ff ff ff 7f f0 fe
0  : pgn=127250 line=Rx 10377071 09 f1 12 00 ff 84 43 ff 7f ff 7f fd
source=0: pgn=Vessel Heading(127250): values=Heading=(99.03 deg) Deviation=(None) Variation=(None) Reference=("1")

0  : pgn=127245 line=Rx 10377072 09 f1 0d 00 00 f8 ff 7f 00 00 ff ff
source=0: pgn=Rudder(127245): values=Instance=(0) DirectionOrder=("0") AngleOrder=(None) Position=(0.00 deg)

0  : pgn=65359  line=Rx 10377078 1c ff 4f 00 3b 9f ff ff ff 84 43 ff
source=0: pgn=Seatalk: Pilot Heading(65359): values=ManufacturerCode=(1851) IndustryCode=(4) HeadingTrue=(None) HeadingMagnetic=(99.03 deg)

0  : pgn=126975 line=Rx 10377080 1d ef ff 00 e0 08 3b 9f f0 81 9c 91
0  : pgn=126975 line=Rx 10377082 1d ef ff 00 e1 04 00 ff ff ff ff ff
3  : pgn=129026 line=Tx 10377114 09 f8 02 03 ff fc 79 48 51 01 ff ff
source=3: pgn=COG & SOG, Rapid Update(129026): values=COGReference=("0") COG=(106.30 deg) SOG=(3.37 m/s)

3  : pgn=129025 line=Tx 10377114 09 f8 01 03 af 58 6f 1c 9d e4 fd b6
source=3: pgn=Position, Rapid Update(129025): values=Latitude=(47.7059247 deg) Longitude=(-122.4874851 deg)

3  : pgn=126992 line=Tx 10377114 0d f0 10 03 ff ff 06 40 c8 f2 18 2c
source=3: pgn=System Time(126992): values=Source=(None) Date=(16390 d) Time=(73983.25200000001 s)

32 : pgn=128259 line=Rx 10377126 09 f5 03 20 1e 36 01 ff ff ff ff ff
source=32: pgn=Speed(128259): values=SpeedWaterReferenced=(3.1 m/s) SpeedGroundReferenced=(None) SpeedWaterReferencedType=(None) SpeedDirection=(None)

1  : pgn=129038 line=Rx 10377159 11 f8 0e 01 60 1b c1 62 83 dc 15 97
1  : pgn=129038 line=Rx 10377159 11 f8 0e 01 61 e6 f9 b6 73 4c 62 1c
1  : pgn=129038 line=Rx 10377160 11 f8 0e 01 62 0d 64 d2 05 00 00 00
1  : pgn=129038 line=Rx 10377160 11 f8 0e 01 63 00 cd c9 00 00 ff fe
0  : pgn=127250 line=Rx 10377171 09 f1 12 00 ff 91 43 ff 7f ff 7f fd
source=0: pgn=Vessel Heading(127250): values=Heading=(99.10 deg) Deviation=(None) Variation=(None) Reference=("1")

0  : pgn=127245 line=Rx 10377172 09 f1 0d 00 00 f8 ff 7f 00 00 ff ff
source=0: pgn=Rudder(127245): values=Instance=(0) DirectionOrder=("0") AngleOrder=(None) Position=(0.00 deg)

0  : pgn=65359  line=Rx 10377177 1c ff 4f 00 3b 9f ff ff ff 91 43 ff
source=0: pgn=Seatalk: Pilot Heading(65359): values=ManufacturerCode=(1851) IndustryCode=(4) HeadingTrue=(None) HeadingMagnetic=(99.10 deg)

3  : pgn=129025 line=Tx 10377214 09 f8 01 03 9b 58 6f 1c ed e4 fd b6
source=3: pgn=Position, Rapid Update(129025): values=Latitude=(47.705922699999995 deg) Longitude=(-122.48747709999999 deg)

32 : pgn=128259 line=Rx 10377225 09 f5 03 20 1f 3a 01 ff ff ff ff ff
source=32: pgn=Speed(128259): values=SpeedWaterReferenced=(3.14 m/s) SpeedGroundReferenced=(None) SpeedWaterReferencedType=(None) SpeedDirection=(None)

0  : pgn=127250 line=Rx 10377271 09 f1 12 00 ff 9d 43 ff 7f ff 7f fd
source=0: pgn=Vessel Heading(127250): values=Heading=(99.17 deg) Deviation=(None) Variation=(None) Reference=("1")

0  : pgn=127245 line=Rx 10377272 09 f1 0d 00 00 f8 ff 7f 00 00 ff ff
source=0: pgn=Rudder(127245): values=Instance=(0) DirectionOrder=("0") AngleOrder=(None) Position=(0.00 deg)

0  : pgn=65359  line=Rx 10377278 1c ff 4f 00 3b 9f ff ff ff 9d 43 ff
source=0: pgn=Seatalk: Pilot Heading(65359): values=ManufacturerCode=(1851) IndustryCode=(4) HeadingTrue=(None) HeadingMagnetic=(99.17 deg)

1  : pgn=129038 line=Rx 10377280 11 f8 0e 01 80 1b c1 ca 4c e7 15 56
1  : pgn=129038 line=Rx 10377280 11 f8 0e 01 81 a7 d5 b6 ec 0b ad 1c
1  : pgn=129038 line=Rx 10377281 11 f8 0e 01 82 0d f9 22 6e 02 00 00
1  : pgn=129038 line=Rx 10377281 11 f8 0e 01 83 00 68 21 00 00 f0 fe
3  : pgn=129026 line=Tx 10377315 09 f8 02 03 ff fc ad 48 50 01 ff ff
source=3: pgn=COG & SOG, Rapid Update(129026): values=COGReference=("0") COG=(106.60 deg) SOG=(3.36 m/s)

3  : pgn=129025 line=Tx 10377315 09 f8 01 03 9b 58 6f 1c ed e4 fd b6
source=3: pgn=Position, Rapid Update(129025): values=Latitude=(47.705922699999995 deg) Longitude=(-122.48747709999999 deg)

3  : pgn=129291 line=Tx 10377315 0d f9 0b 03 ff fc f2 2a 40 00 ff ff
source=3: pgn=Set & Drift, Rapid Update(129291): values=SetReference=("0") Set=(62.99 deg) Drift=(0.64 m/s)

32 : pgn=128259 line=Rx 10377325 09 f5 03 20 20 3b 01 ff ff ff ff ff
source=32: pgn=Speed(128259): values=SpeedWaterReferenced=(3.15 m/s) SpeedGroundReferenced=(None) SpeedWaterReferencedType=(None) SpeedDirection=(None)

0  : pgn=127250 line=Rx 10377371 09 f1 12 00 ff 97 43 ff 7f ff 7f fd
source=0: pgn=Vessel Heading(127250): values=Heading=(99.14 deg) Deviation=(None) Variation=(None) Reference=("1")

1  : pgn=129039 line=Rx 10377371 11 f8 0f 01 a0 1a 12 f4 0f e1 15 43
0  : pgn=127245 line=Rx 10377372 09 f1 0d 00 00 f8 ff 7f 00 00 ff ff
source=0: pgn=Rudder(127245): values=Instance=(0) DirectionOrder=("0") AngleOrder=(None) Position=(0.00 deg)

1  : pgn=129039 line=Rx 10377372 11 f8 0f 01 a1 5a 0e b7 bc f5 67 1c
1  : pgn=129039 line=Rx 10377373 11 f8 0f 01 a2 0b 00 00 00 00 03 00
1  : pgn=129039 line=Rx 10377373 11 f8 0f 01 a3 00 ff ff 00 fc ff ff
0  : pgn=65359  line=Rx 10377378 1c ff 4f 00 3b 9f ff ff ff 97 43 ff
source=0: pgn=Seatalk: Pilot Heading(65359): values=ManufacturerCode=(1851) IndustryCode=(4) HeadingTrue=(None) HeadingMagnetic=(99.14 deg)

4  : pgn=65384  line=Rx 10377400 1c ff 68 04 3b 9f 00 00 00 00 00 00
3  : pgn=129025 line=Tx 10377415 09 f8 01 03 9b 58 6f 1c ed e4 fd b6
source=3: pgn=Position, Rapid Update(129025): values=Latitude=(47.705922699999995 deg) Longitude=(-122.48747709999999 deg)

32 : pgn=128259 line=Rx 10377424 09 f5 03 20 21 3c 01 ff ff ff ff ff
source=32: pgn=Speed(128259): values=SpeedWaterReferenced=(3.16 m/s) SpeedGroundReferenced=(None) SpeedWaterReferencedType=(None) SpeedDirection=(None)

0  : pgn=127250 line=Rx 10377471 09 f1 12 00 ff 8d 43 ff 7f ff 7f fd
source=0: pgn=Vessel Heading(127250): values=Heading=(99.08 deg) Deviation=(None) Variation=(None) Reference=("1")

0  : pgn=127245 line=Rx 10377472 09 f1 0d 00 00 f8 ff 7f 00 00 ff ff
source=0: pgn=Rudder(127245): values=Instance=(0) DirectionOrder=("0") AngleOrder=(None) Position=(0.00 deg)

0  : pgn=65359  line=Rx 10377478 1c ff 4f 00 3b 9f ff ff ff 8d 43 ff
source=0: pgn=Seatalk: Pilot Heading(65359): values=ManufacturerCode=(1851) IndustryCode=(4) HeadingTrue=(None) HeadingMagnetic=(99.08 deg)

3  : pgn=129026 line=Tx 10377516 09 f8 02 03 ff fc d0 48 50 01 ff ff
source=3: pgn=COG & SOG, Rapid Update(129026): values=COGReference=("0") COG=(106.80 deg) SOG=(3.36 m/s)

3  : pgn=130577 line=Tx 10377516 0d fe 11 03 e0 0e c0 b8 d0 48 50 01
3  : pgn=130577 line=Tx 10377516 0d fe 11 03 e1 ff ff ff ff f2 2a 40
3  : pgn=130577 line=Tx 10377516 0d fe 11 03 e2 00 ff ff ff ff ff ff
3  : pgn=129025 line=Tx 10377516 09 f8 01 03 85 58 6f 1c 3d e5 fd b6
3  : pgn=130306 line=Tx 10377516 09 fd 02 03 ff 13 03 d9 cb fa ff ff
source=3: pgn=Wind Data(130306): values=WindSpeed=(7.87 m/s) WindAngle=(299.00 deg) Reference=("2")

32 : pgn=128259 line=Rx 10377524 09 f5 03 20 22 3b 01 ff ff ff ff ff
source=32: pgn=Speed(128259): values=SpeedWaterReferenced=(3.15 m/s) SpeedGroundReferenced=(None) SpeedWaterReferencedType=(None) SpeedDirection=(None)

1  : pgn=129038 line=Rx 10377554 11 f8 0e 01 a0 1b c1 0e 44 de 15 84
1  : pgn=129038 line=Rx 10377554 11 f8 0e 01 a1 25 10 b7 8f 67 5d 1c
1  : pgn=129038 line=Rx 10377555 11 f8 0e 01 a2 0a 11 00 00 00 00 00
1  : pgn=129038 line=Rx 10377555 11 f8 0e 01 a3 00 41 de 00 00 ff fe
0  : pgn=127250 line=Rx 10377570 09 f1 12 00 ff 72 43 ff 7f ff 7f fd
source=0: pgn=Vessel Heading(127250): values=Heading=(98.93 deg) Deviation=(None) Variation=(None) Reference=("1")

0  : pgn=127245 line=Rx 10377571 09 f1 0d 00 00 f8 ff 7f 00 00 ff ff
source=0: pgn=Rudder(127245): values=Instance=(0) DirectionOrder=("0") AngleOrder=(None) Position=(0.00 deg)

0  : pgn=65379  line=Rx 10377576 1c ff 63 00 3b 9f 00 00 00 00 01 ff
source=0: pgn=Seatalk: Pilot Mode(65379): values=ManufacturerCode=(1851) IndustryCode=(4) PilotMode=(0) SubMode=(0) PilotModeData=(0)

0  : pgn=65359  line=Rx 10377577 1c ff 4f 00 3b 9f ff ff ff 72 43 ff
source=0: pgn=Seatalk: Pilot Heading(65359): values=ManufacturerCode=(1851) IndustryCode=(4) HeadingTrue=(None) HeadingMagnetic=(98.93 deg)

0  : pgn=126975 line=Rx 10377580 1d ef ff 00 00 0d 3b 9f f0 81 84 96
0  : pgn=126975 line=Rx 10377582 1d ef ff 00 01 44 12 00 00 00 02 05
3  : pgn=129283 line=Tx 10377617 0d f9 03 03 ff 7f ff ff ff 7f ff ff
source=3: pgn=Cross Track Error(129283): values=XTEmode=(None) NavigationTerminated=("1") XTE=(None)

3  : pgn=129025 line=Tx 10377617 09 f8 01 03 85 58 6f 1c 3d e5 fd b6
source=3: pgn=Position, Rapid Update(129025): values=Latitude=(47.7059205 deg) Longitude=(-122.4874691 deg)

3  : pgn=128267 line=Tx 10377617 0d f5 0b 03 ff 30 3e 00 00 00 00 ff
source=3: pgn=Water Depth(128267): values=Depth=(159.20000000000002 m) Offset=(0.0 m) Range=(None)

32 : pgn=128259 line=Rx 10377624 09 f5 03 20 23 3c 01 ff ff ff ff ff
source=32: pgn=Speed(128259): values=SpeedWaterReferenced=(3.16 m/s) SpeedGroundReferenced=(None) SpeedWaterReferencedType=(None) SpeedDirection=(None)

0  : pgn=127250 line=Rx 10377673 09 f1 12 00 ff 5a 43 ff 7f ff 7f fd
source=0: pgn=Vessel Heading(127250): values=Heading=(98.79 deg) Deviation=(None) Variation=(None) Reference=("1")

0  : pgn=127245 line=Rx 10377674 09 f1 0d 00 00 f8 ff 7f 00 00 ff ff
source=0: pgn=Rudder(127245): values=Instance=(0) DirectionOrder=("0") AngleOrder=(None) Position=(0.00 deg)

0  : pgn=65359  line=Rx 10377680 1c ff 4f 00 3b 9f ff ff ff 5a 43 ff
source=0: pgn=Seatalk: Pilot Heading(65359): values=ManufacturerCode=(1851) IndustryCode=(4) HeadingTrue=(None) HeadingMagnetic=(98.79 deg)

0  : pgn=126975 line=Rx 10377683 1d ef ff 00 20 09 3b 9f f0 81 ae 02
0  : pgn=126975 line=Rx 10377686 1d ef ff 00 21 00 08 04 ff ff ff ff
1  : pgn=129041 line=Rx 10377706 11 f8 11 01 80 30 15 76 89 3a 3b ed
1  : pgn=129041 line=Rx 10377706 11 f8 11 01 81 61 e3 b6 67 78 ad 1c
1  : pgn=129041 line=Rx 10377707 11 f8 11 01 81 61 e3 b6 67 78 ad 1c
1  : pgn=129039 line=Rx 10377708 11 f8 0f 01 a1 5a 0e b7 bc f5 67 1c
1  : pgn=129039 line=Rx 10377709 11 f8 0f 01 a2 0b 00 00 00 00 03 00
1  : pgn=129039 line=Rx 10377709 11 f8 0f 01 a3 00 ff ff 00 fc ff ff
1  : pgn=129038 line=Rx 10377710 11 f8 0e 01 a0 1b c1 0e 44 de 15 84
1  : pgn=129038 line=Rx 10377710 11 f8 0e 01 a1 25 10 b7 8f 67 5d 1c
1  : pgn=129038 line=Rx 10377711 11 f8 0e 01 a2 0a 11 00 00 00 00 00
1  : pgn=129038 line=Rx 10377711 11 f8 0e 01 a3 00 41 de 00 00 ff fe
1  : pgn=129041 line=Rx 10377713 11 f8 11 01 80 30 15 76 89 3a 3b ed
1  : pgn=129041 line=Rx 10377713 11 f8 11 01 81 61 e3 b6 67 78 ad 1c
3  : pgn=129026 line=Tx 10377718 09 f8 02 03 ff fc 04 49 50 01 ff ff
source=3: pgn=COG & SOG, Rapid Update(129026): values=COGReference=("0") COG=(107.10 deg) SOG=(3.36 m/s)

3  : pgn=129025 line=Tx 10377718 09 f8 01 03 4d 58 6f 1c 94 e5 fd b6
source=3: pgn=Position, Rapid Update(129025): values=Latitude=(47.705914899999996 deg) Longitude=(-122.48746039999999 deg)

3  : pgn=129542 line=Tx 10377718 19 fa 06 03 e0 0f b8 3a 01 00 00 00
3  : pgn=129542 line=Tx 10377718 19 fa 06 03 e1 00 00 00 00 00 00 00
3  : pgn=129542 line=Tx 10377718 19 fa 06 03 e2 00 00 ff ff ff ff ff
3  : pgn=65364  line=Tx 10377718 1c ff 54 03 3b 9f 13 03 e5 cd ff ff
32 : pgn=128259 line=Rx 10377723 09 f5 03 20 24 3f 01 ff ff ff ff ff
source=32: pgn=Speed(128259): values=SpeedWaterReferenced=(3.19 m/s) SpeedGroundReferenced=(None) SpeedWaterReferencedType=(None) SpeedDirection=(None)

1  : pgn=129041 line=Rx 10377739 11 f8 11 01 82 f4 00 00 00 00 00 00
1  : pgn=129041 line=Rx 10377739 11 f8 11 01 83 ff ff 52 ee ff e0 16
1  : pgn=129041 line=Rx 10377740 11 f8 11 01 84 01 50 53 20 54 53 4c
1  : pgn=129041 line=Rx 10377740 11 f8 11 01 85 20 53 42 20 20 20 20
1  : pgn=129041 line=Rx 10377741 11 f8 11 01 86 20 20 20 20 20 20 20
1  : pgn=129038 line=Rx 10377742 11 f8 0e 01 c0 1b c2 02 43 e6 15 de
1  : pgn=129038 line=Rx 10377742 11 f8 0e 01 c1 1c 0e b7 9a 3e 68 1c
1  : pgn=129038 line=Rx 10377743 11 f8 0e 01 c2 0c 4b 16 00 00 00 00
1  : pgn=129038 line=Rx 10377743 11 f8 0e 01 c3 00 ff ff ff 7f ff fe
0  : pgn=127250 line=Rx 10377770 09 f1 12 00 ff 45 43 ff 7f ff 7f fd
source=0: pgn=Vessel Heading(127250): values=Heading=(98.67 deg) Deviation=(None) Variation=(None) Reference=("1")

0  : pgn=127245 line=Rx 10377771 09 f1 0d 00 00 f8 ff 7f 00 00 ff ff
source=0: pgn=Rudder(127245): values=Instance=(0) DirectionOrder=("0") AngleOrder=(None) Position=(0.00 deg)

0  : pgn=65359  line=Rx 10377777 1c ff 4f 00 3b 9f ff ff ff 45 43 ff
source=0: pgn=Seatalk: Pilot Heading(65359): values=ManufacturerCode=(1851) IndustryCode=(4) HeadingTrue=(None) HeadingMagnetic=(98.67 deg)

1  : pgn=129038 line=Rx 10377786 11 f8 0e 01 e0 1b c1 8c a9 e6 15 da
1  : pgn=129038 line=Rx 10377786 11 f8 0e 01 e1 b7 14 b7 3f ba 56 1c
1  : pgn=129038 line=Rx 10377787 11 f8 0e 01 e2 0c ff 0e 00 00 00 00
1  : pgn=129038 line=Rx 10377787 11 f8 0e 01 e3 00 ff ff ff 7f f0 fe
1  : pgn=129794 line=Rx 10377801 19 fb 02 01 80 4b 05 44 d6 e0 15 ff
1  : pgn=129794 line=Rx 10377801 19 fb 02 01 81 ff ff ff 57 44 43 36
1  : pgn=129794 line=Rx 10377802 19 fb 02 01 82 34 34 32 ff 41 47 4c
1  : pgn=129794 line=Rx 10377802 19 fb 02 01 83 45 20 20 20 20 20 20
1  : pgn=129794 line=Rx 10377803 19 fb 02 01 84 20 20 20 20 20 20 20
1  : pgn=129794 line=Rx 10377803 19 fb 02 01 85 20 20 1e 00 00 00 00
1  : pgn=129794 line=Rx 10377804 19 fb 02 01 86 ff ff ff ff ff ff 00
1  : pgn=129794 line=Rx 10377805 19 fb 02 01 87 00 00 00 67 01 ff 4e
1  : pgn=129794 line=Rx 10377805 19 fb 02 01 88 41 43 4f 52 54 45 53
1  : pgn=129794 line=Rx 10377806 19 fb 02 01 89 20 20 20 20 20 20 20
1  : pgn=129794 line=Rx 10377806 19 fb 02 01 8a 20 20 20 20 04 e1 ff
3  : pgn=129540 line=Tx 10377818 19 fa 04 03 20 9f da ff 0d 03 97 1a
source=3: pgn=GNSS Sats in View(129540): values=RangeResidualMode=(None) SatsinView=(218) PRN=(None) Elevation=(4.47 deg) Azimuth=(39.00 deg) SNR=(0.0 dB) Rangeresiduals=(0) Status=("0")

3  : pgn=129540 line=Tx 10377818 19 fa 04 03 21 2e 26 00 00 00 00 00
source=3: pgn=GNSS Sats in View(129540): values=RangeResidualMode=("0") SatsinView=(38) PRN=(0) Elevation=(0.00 deg) Azimuth=(0.00 deg) SNR=(0.0 dB) Rangeresiduals=(0) Status=("0")

3  : pgn=129540 line=Tx 10377819 19 fa 04 03 22 00 f3 0f ff 1d ad 3c
source=3: pgn=GNSS Sats in View(129540): values=RangeResidualMode=("0") SatsinView=(243) PRN=(15) Elevation=(44.00 deg) Azimuth=(89.00 deg) SNR=(0.0 dB) Rangeresiduals=(0) Status=("0")

3  : pgn=129540 line=Tx 10377819 19 fa 04 03 23 80 0c 00 00 00 00 f5
source=3: pgn=GNSS Sats in View(129540): values=RangeResidualMode=("0") SatsinView=(12) PRN=(0) Elevation=(0.00 deg) Azimuth=(359.36 deg) SNR=(0.0 dB) Rangeresiduals=(0) Status=("0")

3  : pgn=129540 line=Tx 10377819 19 fa 04 03 24 10 17 13 c2 b8 80 0c
source=3: pgn=GNSS Sats in View(129540): values=RangeResidualMode=("0") SatsinView=(23) PRN=(19) Elevation=(-104.50 deg) Azimuth=(18.33 deg) SNR=(0.0 dB) Rangeresiduals=(0) Status=("0")

3  : pgn=129540 line=Tx 10377819 19 fa 04 03 25 00 00 00 00 f5 12 c5
source=3: pgn=GNSS Sats in View(129540): values=RangeResidualMode=("0") SatsinView=(0) PRN=(0) Elevation=(-16.13 deg) Azimuth=(289.06 deg) SNR=(0.0 dB) Rangeresiduals=(0) Status=("0")

3  : pgn=129540 line=Tx 10377819 19 fa 04 03 26 31 f2 93 10 0e 00 00
source=3: pgn=GNSS Sats in View(129540): values=RangeResidualMode=("1") SatsinView=(242) PRN=(147) Elevation=(20.63 deg) Azimuth=(0.00 deg) SNR=(0.0 dB) Rangeresiduals=(0) Status=("0")

3  : pgn=129540 line=Tx 10377819 19 fa 04 03 27 00 00 f5 13 69 03 1f
source=3: pgn=GNSS Sats in View(129540): values=RangeResidualMode=("0") SatsinView=(0) PRN=(245) Elevation=(154.12 deg) Azimuth=(45.49 deg) SNR=(0.0 dB) Rangeresiduals=(0) Status=("0")

3  : pgn=129540 line=Tx 10377819 19 fa 04 03 28 d8 3c 0f 00 00 00 00
source=3: pgn=GNSS Sats in View(129540): values=RangeResidualMode=("0") SatsinView=(60) PRN=(15) Elevation=(0.00 deg) Azimuth=(0.00 deg) SNR=(0.0 dB) Rangeresiduals=(0) Status=("0")

3  : pgn=129540 line=Tx 10377819 19 fa 04 03 29 f5 15 e8 37 17 22 48
source=3: pgn=GNSS Sats in View(129540): values=RangeResidualMode=("1") SatsinView=(21) PRN=(232) Elevation=(34.05 deg) Azimuth=(105.80 deg) SNR=(0.0 dB) Rangeresiduals=(0) Status=("0")

3  : pgn=129540 line=Tx 10377819 19 fa 04 03 2a 0d 00 00 00 00 f5 16
source=3: pgn=GNSS Sats in View(129540): values=RangeResidualMode=("1") SatsinView=(0) PRN=(0) Elevation=(0.00 deg) Azimuth=(33.67 deg) SNR=(0.0 dB) Rangeresiduals=(0) Status=("0")

3  : pgn=129540 line=Tx 10377820 19 fa 04 03 2b 80 16 7d 9d ac 0d 00
source=3: pgn=GNSS Sats in View(129540): values=RangeResidualMode=("0") SatsinView=(22) PRN=(125) Elevation=(-122.31 deg) Azimuth=(0.07 deg) SNR=(0.0 dB) Rangeresiduals=(0) Status=("0")

3  : pgn=129540 line=Tx 10377821 19 fa 04 03 2c 00 00 00 f5 1a ae 0f
source=3: pgn=GNSS Sats in View(129540): values=RangeResidualMode=("0") SatsinView=(0) PRN=(0) Elevation=(39.54 deg) Azimuth=(23.00 deg) SNR=(0.0 dB) Rangeresiduals=(0) Status=("0")

3  : pgn=129540 line=Tx 10377821 19 fa 04 03 2d 5d 1f 48 0d 00 00 00
source=3: pgn=GNSS Sats in View(129540): values=RangeResidualMode=("1") SatsinView=(31) PRN=(72) Elevation=(0.07 deg) Azimuth=(0.00 deg) SNR=(0.0 dB) Rangeresiduals=(0) Status=("0")

3  : pgn=129540 line=Tx 10377822 19 fa 04 03 2e 00 f5 1b d1 15 ab d2
source=3: pgn=GNSS Sats in View(129540): values=RangeResidualMode=("0") SatsinView=(245) PRN=(27) Elevation=(32.00 deg) Azimuth=(309.00 deg) SNR=(0.0 dB) Rangeresiduals=(0) Status=("0")

32 : pgn=128259 line=Rx 10377822 09 f5 03 20 25 40 01 ff ff ff ff ff
source=32: pgn=Speed(128259): values=SpeedWaterReferenced=(3.2 m/s) SpeedGroundReferenced=(None) SpeedWaterReferencedType=(None) SpeedDirection=(None)

3  : pgn=129540 line=Tx 10377823 19 fa 04 03 2f 8c 0a 00 00 00 00 f5
source=3: pgn=GNSS Sats in View(129540): values=RangeResidualMode=("0") SatsinView=(10) PRN=(0) Elevation=(0.00 deg) Azimuth=(359.36 deg) SNR=(0.0 dB) Rangeresiduals=(0) Status=("0")

3  : pgn=129540 line=Tx 10377824 19 fa 04 03 30 1d 51 0e a1 67 34 08
source=3: pgn=GNSS Sats in View(129540): values=RangeResidualMode=("1") SatsinView=(81) PRN=(14) Elevation=(152.00 deg) Azimuth=(12.03 deg) SNR=(0.0 dB) Rangeresiduals=(0) Status=("0")

3  : pgn=129540 line=Tx 10377825 19 fa 04 03 31 00 00 00 00 f5 23 d1
source=3: pgn=GNSS Sats in View(129540): values=RangeResidualMode=("0") SatsinView=(0) PRN=(0) Elevation=(-16.13 deg) Azimuth=(306.76 deg) SNR=(0.0 dB) Rangeresiduals=(0) Status=("0")

3  : pgn=129540 line=Tx 10377826 19 fa 04 03 32 15 c3 8b 00 00 00 00
source=3: pgn=GNSS Sats in View(129540): values=RangeResidualMode=("1") SatsinView=(195) PRN=(139) Elevation=(0.00 deg) Azimuth=(0.00 deg) SNR=(0.0 dB) Rangeresiduals=(0) Status=("0")

3  : pgn=129540 line=Tx 10377827 19 fa 04 03 33 00 00 f3 30 2e 17 43
source=3: pgn=GNSS Sats in View(129540): values=RangeResidualMode=("0") SatsinView=(0) PRN=(243) Elevation=(67.75 deg) Azimuth=(98.41 deg) SNR=(0.0 dB) Rangeresiduals=(0) Status=("0")

3  : pgn=129540 line=Tx 10377828 19 fa 04 03 34 84 80 0c 00 00 00 00
source=3: pgn=GNSS Sats in View(129540): values=RangeResidualMode=("0") SatsinView=(128) PRN=(12) Elevation=(0.00 deg) Azimuth=(0.00 deg) SNR=(0.0 dB) Rangeresiduals=(0) Status=("0")

3  : pgn=129540 line=Tx 10377829 19 fa 04 03 35 f5 33 80 16 67 6c 48
source=3: pgn=GNSS Sats in View(129540): values=RangeResidualMode=("1") SatsinView=(51) PRN=(128) Elevation=(151.20 deg) Azimuth=(106.23 deg) SNR=(0.0 dB) Rangeresiduals=(0) Status=("0")

3  : pgn=129540 line=Tx 10377829 19 fa 04 03 36 0d 00 00 00 00 f5 ff
source=3: pgn=GNSS Sats in View(129540): values=RangeResidualMode=("1") SatsinView=(0) PRN=(0) Elevation=(0.00 deg) Azimuth=(375.43 deg) SNR=(0.0 dB) Rangeresiduals=(0) Status=("0")

3  : pgn=129025 line=Tx 10377830 09 f8 01 03 4d 58 6f 1c 94 e5 fd b6
source=3: pgn=Position, Rapid Update(129025): values=Latitude=(47.705914899999996 deg) Longitude=(-122.48746039999999 deg)

3  : pgn=127258 line=Tx 10377831 19 f1 1a 03 ff f6 12 39 fa 0a ff ff
source=3: pgn=Magnetic Variation(127258): values=Source=("6") Ageofservice=(14610 d) Variation=(16.10 deg)

0  : pgn=127250 line=Rx 10377870 09 f1 12 00 ff 2f 43 ff 7f ff 7f fd
source=0: pgn=Vessel Heading(127250): values=Heading=(98.54 deg) Deviation=(None) Variation=(None) Reference=("1")

0  : pgn=127245 line=Rx 10377871 09 f1 0d 00 00 f8 ff 7f 00 00 ff ff
source=0: pgn=Rudder(127245): values=Instance=(0) DirectionOrder=("0") AngleOrder=(None) Position=(0.00 deg)

0  : pgn=65359  line=Rx 10377877 1c ff 4f 00 3b 9f ff ff ff 2f 43 ff
source=0: pgn=Seatalk: Pilot Heading(65359): values=ManufacturerCode=(1851) IndustryCode=(4) HeadingTrue=(None) HeadingMagnetic=(98.54 deg)

3  : pgn=129026 line=Tx 10377919 09 f8 02 03 ff fc 04 49 50 01 ff ff
source=3: pgn=COG & SOG, Rapid Update(129026): values=COGReference=("0") COG=(107.10 deg) SOG=(3.36 m/s)

3  : pgn=129025 line=Tx 10377919 09 f8 01 03 4d 58 6f 1c 94 e5 fd b6
source=3: pgn=Position, Rapid Update(129025): values=Latitude=(47.705914899999996 deg) Longitude=(-122.48746039999999 deg)

32 : pgn=128259 line=Rx 10377924 09 f5 03 20 26 42 01 ff ff ff ff ff
source=32: pgn=Speed(128259): values=SpeedWaterReferenced=(3.22 m/s) SpeedGroundReferenced=(None) SpeedWaterReferencedType=(None) SpeedDirection=(None)

32 : pgn=130310 line=Rx 10377927 15 fd 06 20 03 ff ff ff ff ff ff ff
source=32: pgn=Environmental Parameters (obsolete)(130310): values=WaterTemperature=(None) OutsideAmbientAirTemperature=(None) AtmosphericPressure=(None)

32 : pgn=128275 line=Rx 10377937 19 f5 13 20 40 0e ff ff ff ff ff ff
32 : pgn=128275 line=Rx 10377942 19 f5 13 20 41 7a ae 3c 00 7a ae 3c
32 : pgn=128275 line=Rx 10377947 19 f5 13 20 42 00 ff ff ff ff ff ff
0  : pgn=127250 line=Rx 10377970 09 f1 12 00 ff 21 43 ff 7f ff 7f fd
source=0: pgn=Vessel Heading(127250): values=Heading=(98.46 deg) Deviation=(None) Variation=(None) Reference=("1")

0  : pgn=127245 line=Rx 10377971 09 f1 0d 00 00 f8 ff 7f 00 00 ff ff
source=0: pgn=Rudder(127245): values=Instance=(0) DirectionOrder=("0") AngleOrder=(None) Position=(0.00 deg)

0  : pgn=65359  line=Rx 10377975 1c ff 4f 00 3b 9f ff ff ff 21 43 ff
source=0: pgn=Seatalk: Pilot Heading(65359): values=ManufacturerCode=(1851) IndustryCode=(4) HeadingTrue=(None) HeadingMagnetic=(98.46 deg)

1  : pgn=59936  line=Rx 10377982 18 ea 20 01 00 ee 00 00 00 00 00 00
3  : pgn=129029 line=Tx 10378019 0d f8 05 03 e0 2b b8 06 40 ec 19 19
3  : pgn=129029 line=Tx 10378019 0d f8 05 03 e1 2c 00 3e 46 ab be da
3  : pgn=129029 line=Tx 10378019 0d f8 05 03 e2 9e 06 00 70 4c 63 19
3  : pgn=129029 line=Tx 10378019 0d f8 05 03 e3 5f 00 ef ff ff ff ff
3  : pgn=129029 line=Tx 10378019 0d f8 05 03 e4 ff ff ff 7f 23 fc 09
3  : pgn=129029 line=Tx 10378019 0d f8 05 03 e5 4f 00 ff 7f ff ff ff
3  : pgn=129029 line=Tx 10378019 0d f8 05 03 e6 7f 00 ff ff ff ff ff
3  : pgn=129025 line=Tx 10378019 09 f8 01 03 33 58 6f 1c d8 e5 fd b6
source=3: pgn=Position, Rapid Update(129025): values=Latitude=(47.7059123 deg) Longitude=(-122.4874536 deg)

3  : pgn=129033 line=Tx 10378019 0d f8 09 03 06 40 ec 19 19 2c 5c fe
source=3: pgn=Time & Date(129033): values=Date=(16390 d) Time=(73984.254 s) LocalOffset=(-25200.0 s)

32 : pgn=128259 line=Rx 10378022 09 f5 03 20 27 34 01 ff ff ff ff ff
0  : pgn=127250 line=Rx 10378070 09 f1 12 00 ff 00 43 ff 7f ff 7f fd
source=0: pgn=Vessel Heading(127250): values=Heading=(98.27 deg) Deviation=(None) Variation=(None) Reference=("1")

0  : pgn=127245 line=Rx 10378071 09 f1 0d 00 00 f8 ff 7f 00 00 ff ff
source=0: pgn=Rudder(127245): values=Instance=(0) DirectionOrder=("0") AngleOrder=(None) Position=(0.00 deg)

0  : pgn=65359  line=Rx 10378078 1c ff 4f 00 3b 9f ff ff ff 00 43 ff
source=0: pgn=Seatalk: Pilot Heading(65359): values=ManufacturerCode=(1851) IndustryCode=(4) HeadingTrue=(None) HeadingMagnetic=(98.27 deg)

0  : pgn=126975 line=Rx 10378080 1d ef ff 00 40 08 3b 9f f0 81 9c 51
0  : pgn=126975 line=Rx 10378082 1d ef ff 00 41 04 00 ff ff ff ff ff
1  : pgn=129038 line=Rx 10378103 11 f8 0e 01 00 1b c1 2c 37 e1 15 49
source=1: pgn=AIS Class A Position Report(129038): values=MessageID=(0) RepeatIndicator=("0") UserID=(925679899) Longitude=(0.0 deg) Latitude=(0.0 deg) PositionAccuracy=("0") RAIM=("0") TimeStamp=("0") COG=(0.00 deg) SOG=(0.0 m/s) CommunicationState=(0) AISTransceiverinformation=("0") Heading=(0.00 deg) RateofTurn=(0.00 deg/s) NavStatus=("0") SpecialManeuverIndicator=("0") Spare=(0) SequenceID=(0)

1  : pgn=129038 line=Rx 10378103 11 f8 0e 01 01 65 0c b7 41 28 69 1c
source=1: pgn=AIS Class A Position Report(129038): values=MessageID=(1) RepeatIndicator=("0") UserID=(1102515301) Longitude=(0.0 deg) Latitude=(0.0 deg) PositionAccuracy=("0") RAIM=("0") TimeStamp=("0") COG=(0.00 deg) SOG=(0.0 m/s) CommunicationState=(0) AISTransceiverinformation=("0") Heading=(0.00 deg) RateofTurn=(0.00 deg/s) NavStatus=("0") SpecialManeuverIndicator=("0") Spare=(0) SequenceID=(0)

1  : pgn=129038 line=Rx 10378104 11 f8 0e 01 02 04 00 00 00 00 00 00
source=1: pgn=AIS Class A Position Report(129038): values=MessageID=(2) RepeatIndicator=("0") UserID=(4) Longitude=(0.0 deg) Latitude=(0.0 deg) PositionAccuracy=("0") RAIM=("0") TimeStamp=("0") COG=(0.00 deg) SOG=(0.0 m/s) CommunicationState=(0) AISTransceiverinformation=("0") Heading=(0.00 deg) RateofTurn=(0.00 deg/s) NavStatus=("0") SpecialManeuverIndicator=("0") Spare=(0) SequenceID=(0)

1  : pgn=129038 line=Rx 10378104 11 f8 0e 01 03 00 ff ff ff 7f f0 fe
source=1: pgn=AIS Class A Position Report(129038): values=MessageID=(3) RepeatIndicator=("0") UserID=(4294967040) Longitude=(0.0 deg) Latitude=(0.0 deg) PositionAccuracy=("0") RAIM=("0") TimeStamp=("0") COG=(0.00 deg) SOG=(0.0 m/s) CommunicationState=(0) AISTransceiverinformation=("0") Heading=(0.00 deg) RateofTurn=(0.00 deg/s) NavStatus=("0") SpecialManeuverIndicator=("0") Spare=(0) SequenceID=(0)

3  : pgn=129026 line=Tx 10378119 09 f8 02 03 ff fc 6d 49 4d 01 ff ff
source=3: pgn=COG & SOG, Rapid Update(129026): values=COGReference=("0") COG=(107.70 deg) SOG=(3.33 m/s)

3  : pgn=129025 line=Tx 10378119 09 f8 01 03 33 58 6f 1c d8 e5 fd b6
source=3: pgn=Position, Rapid Update(129025): values=Latitude=(47.7059123 deg) Longitude=(-122.4874536 deg)

3  : pgn=126992 line=Tx 10378119 0d f0 10 03 ff ff 06 40 ec 19 19 2c
source=3: pgn=System Time(126992): values=Source=(None) Date=(16390 d) Time=(73984.254 s)

32 : pgn=128259 line=Rx 10378121 09 f5 03 20 28 2c 01 ff ff ff ff ff
source=32: pgn=Speed(128259): values=SpeedWaterReferenced=(3.0 m/s) SpeedGroundReferenced=(None) SpeedWaterReferencedType=(None) SpeedDirection=(None)

0  : pgn=127250 line=Rx 10378170 09 f1 12 00 ff e7 42 ff 7f ff 7f fd
source=0: pgn=Vessel Heading(127250): values=Heading=(98.13 deg) Deviation=(None) Variation=(None) Reference=("1")

0  : pgn=127245 line=Rx 10378171 09 f1 0d 00 00 f8 ff 7f 00 00 ff ff
source=0: pgn=Rudder(127245): values=Instance=(0) DirectionOrder=("0") AngleOrder=(None) Position=(0.00 deg)

0  : pgn=65359  line=Rx 10378176 1c ff 4f 00 3b 9f ff ff ff e7 42 ff
source=0: pgn=Seatalk: Pilot Heading(65359): values=ManufacturerCode=(1851) IndustryCode=(4) HeadingTrue=(None) HeadingMagnetic=(98.13 deg)

3  : pgn=129025 line=Tx 10378220 09 f8 01 03 33 58 6f 1c d8 e5 fd b6
source=3: pgn=Position, Rapid Update(129025): values=Latitude=(47.7059123 deg) Longitude=(-122.4874536 deg)

32 : pgn=128259 line=Rx 10378221 09 f5 03 20 29 29 01 ff ff ff ff ff
source=32: pgn=Speed(128259): values=SpeedWaterReferenced=(2.97 m/s) SpeedGroundReferenced=(None) SpeedWaterReferencedType=(None) SpeedDirection=(None)

0  : pgn=127250 line=Rx 10378270 09 f1 12 00 ff d9 42 ff 7f ff 7f fd
source=0: pgn=Vessel Heading(127250): values=Heading=(98.05 deg) Deviation=(None) Variation=(None) Reference=("1")

0  : pgn=127245 line=Rx 10378271 09 f1 0d 00 00 f8 ff 7f 00 00 ff ff
source=0: pgn=Rudder(127245): values=Instance=(0) DirectionOrder=("0") AngleOrder=(None) Position=(0.00 deg)

0  : pgn=65359  line=Rx 10378278 1c ff 4f 00 3b 9f ff ff ff d9 42 ff
source=0: pgn=Seatalk: Pilot Heading(65359): values=ManufacturerCode=(1851) IndustryCode=(4) HeadingTrue=(None) HeadingMagnetic=(98.05 deg)

32 : pgn=128259 line=Rx 10378320 09 f5 03 20 2a 22 01 ff ff ff ff ff
source=32: pgn=Speed(128259): values=SpeedWaterReferenced=(2.9 m/s) SpeedGroundReferenced=(None) SpeedWaterReferencedType=(None) SpeedDirection=(None)

3  : pgn=129026 line=Tx 10378321 09 f8 02 03 ff fc d6 49 4b 01 ff ff
source=3: pgn=COG & SOG, Rapid Update(129026): values=COGReference=("0") COG=(108.30 deg) SOG=(3.31 m/s)

3  : pgn=129025 line=Tx 10378321 09 f8 01 03 1c 58 6f 1c 1f e6 fd b6
source=3: pgn=Position, Rapid Update(129025): values=Latitude=(47.705909999999996 deg) Longitude=(-122.48744649999999 deg)

3  : pgn=129291 line=Tx 10378321 0d f9 0b 03 ff fc cb 1a 2e 00 ff ff
source=3: pgn=Set & Drift, Rapid Update(129291): values=SetReference=("0") Set=(39.30 deg) Drift=(0.46 m/s)

0  : pgn=127250 line=Rx 10378370 09 f1 12 00 ff bd 42 ff 7f ff 7f fd
source=0: pgn=Vessel Heading(127250): values=Heading=(97.89 deg) Deviation=(None) Variation=(None) Reference=("1")

0  : pgn=127245 line=Rx 10378373 09 f1 0d 00 00 f8 ff 7f 00 00 ff ff
source=0: pgn=Rudder(127245): values=Instance=(0) DirectionOrder=("0") AngleOrder=(None) Position=(0.00 deg)

0  : pgn=65359  line=Rx 10378375 1c ff 4f 00 3b 9f ff ff ff bd 42 ff
source=0: pgn=Seatalk: Pilot Heading(65359): values=ManufacturerCode=(1851) IndustryCode=(4) HeadingTrue=(None) HeadingMagnetic=(97.89 deg)

4  : pgn=65384  line=Rx 10378400 1c ff 68 04 3b 9f 00 00 00 00 00 00
32 : pgn=128259 line=Rx 10378420 09 f5 03 20 2b 20 01 ff ff ff ff ff
source=32: pgn=Speed(128259): values=SpeedWaterReferenced=(2.88 m/s) SpeedGroundReferenced=(None) SpeedWaterReferencedType=(None) SpeedDirection=(None)

3  : pgn=129025 line=Tx 10378421 09 f8 01 03 1c 58 6f 1c 1f e6 fd b6
source=3: pgn=Position, Rapid Update(129025): values=Latitude=(47.705909999999996 deg) Longitude=(-122.48744649999999 deg)

0  : pgn=127250 line=Rx 10378470 09 f1 12 00 ff ad 42 ff 7f ff 7f fd
source=0: pgn=Vessel Heading(127250): values=Heading=(97.80 deg) Deviation=(None) Variation=(None) Reference=("1")

0  : pgn=127245 line=Rx 10378471 09 f1 0d 00 00 f8 ff 7f 00 00 ff ff
source=0: pgn=Rudder(127245): values=Instance=(0) DirectionOrder=("0") AngleOrder=(None) Position=(0.00 deg)

0  : pgn=65359  line=Rx 10378478 1c ff 4f 00 3b 9f ff ff ff ad 42 ff
source=0: pgn=Seatalk: Pilot Heading(65359): values=ManufacturerCode=(1851) IndustryCode=(4) HeadingTrue=(None) HeadingMagnetic=(97.80 deg)

32 : pgn=128259 line=Rx 10378519 09 f5 03 20 2c 1e 01 ff ff ff ff ff
source=32: pgn=Speed(128259): values=SpeedWaterReferenced=(2.86 m/s) SpeedGroundReferenced=(None) SpeedWaterReferencedType=(None) SpeedDirection=(None)

3  : pgn=129026 line=Tx 10378521 09 f8 02 03 ff fc d6 49 4b 01 ff ff
source=3: pgn=COG & SOG, Rapid Update(129026): values=COGReference=("0") COG=(108.30 deg) SOG=(3.31 m/s)

3  : pgn=130577 line=Tx 10378521 0d fe 11 03 00 0e c0 b9 d6 49 4b 01
source=3: pgn=Direction Data(130577): values=DataMode=("0") COGReference=("0") COG=(272.45 deg) SOG=(189.02 m/s) Heading=(1.90 deg) SpeedthroughWater=(0.0 m/s) Set=(0.00 deg) Drift=(0.0 m/s)

3  : pgn=130577 line=Tx 10378521 0d fe 11 03 01 ff ff ff ff cb 1a 2e
source=3: pgn=Direction Data(130577): values=DataMode=("1") COGReference=("0") COG=(None) SOG=(522.23 m/s) Heading=(67.62 deg) SpeedthroughWater=(0.0 m/s) Set=(0.00 deg) Drift=(0.0 m/s)

3  : pgn=130577 line=Tx 10378521 0d fe 11 03 02 00 ff ff ff ff ff ff
source=3: pgn=Direction Data(130577): values=DataMode=("2") COGReference=("0") COG=(None) SOG=(None) Heading=(None) SpeedthroughWater=(0.0 m/s) Set=(0.00 deg) Drift=(0.0 m/s)

3  : pgn=129025 line=Tx 10378521 09 f8 01 03 1c 58 6f 1c 1f e6 fd b6
source=3: pgn=Position, Rapid Update(129025): values=Latitude=(47.705909999999996 deg) Longitude=(-122.48744649999999 deg)

3  : pgn=130306 line=Tx 10378521 09 fd 02 03 ff 13 03 e5 cd fa ff ff
source=3: pgn=Wind Data(130306): values=WindSpeed=(7.87 m/s) WindAngle=(302.00 deg) Reference=("2")

1  : pgn=129038 line=Rx 10378525 11 f8 0e 01 20 1b c1 a0 c1 e2 15 ad
1  : pgn=129038 line=Rx 10378526 11 f8 0e 01 21 59 14 b7 45 52 66 1c
1  : pgn=129038 line=Rx 10378527 11 f8 0e 01 22 0c 28 0d 00 00 00 00
1  : pgn=129038 line=Rx 10378528 11 f8 0e 01 23 00 ff ff ff 7f f0 fe
1  : pgn=129038 line=Rx 10378558 11 f8 0e 01 40 1b c1 2e 9d e2 15 60
1  : pgn=129038 line=Rx 10378558 11 f8 0e 01 41 75 0c b7 01 e4 68 1c
1  : pgn=129038 line=Rx 10378559 11 f8 0e 01 42 10 85 0b 00 00 00 00
1  : pgn=129038 line=Rx 10378559 11 f8 0e 01 43 00 ff ff ff 7f f0 fe
0  : pgn=127250 line=Rx 10378570 09 f1 12 00 ff 87 42 ff 7f ff 7f fd
source=0: pgn=Vessel Heading(127250): values=Heading=(97.58 deg) Deviation=(None) Variation=(None) Reference=("1")

0  : pgn=127245 line=Rx 10378571 09 f1 0d 00 00 f8 ff 7f 00 00 ff ff
source=0: pgn=Rudder(127245): values=Instance=(0) DirectionOrder=("0") AngleOrder=(None) Position=(0.00 deg)

0  : pgn=65379  line=Rx 10378575 1c ff 63 00 3b 9f 00 00 00 00 01 ff
source=0: pgn=Seatalk: Pilot Mode(65379): values=ManufacturerCode=(1851) IndustryCode=(4) PilotMode=(0) SubMode=(0) PilotModeData=(0)

0  : pgn=65359  line=Rx 10378576 1c ff 4f 00 3b 9f ff ff ff 87 42 ff
source=0: pgn=Seatalk: Pilot Heading(65359): values=ManufacturerCode=(1851) IndustryCode=(4) HeadingTrue=(None) HeadingMagnetic=(97.58 deg)

0  : pgn=126975 line=Rx 10378580 1d ef ff 00 60 0d 3b 9f f0 81 84 d6
0  : pgn=126975 line=Rx 10378582 1d ef ff 00 61 43 0f 00 00 00 02 05
32 : pgn=128259 line=Rx 10378619 09 f5 03 20 2d 1d 01 ff ff ff ff ff
source=32: pgn=Speed(128259): values=SpeedWaterReferenced=(2.85 m/s) SpeedGroundReferenced=(None) SpeedWaterReferencedType=(None) SpeedDirection=(None)

3  : pgn=129283 line=Tx 10378621 0d f9 03 03 ff 7f ff ff ff 7f ff ff
source=3: pgn=Cross Track Error(129283): values=XTEmode=(None) NavigationTerminated=("1") XTE=(None)

3  : pgn=129025 line=Tx 10378622 09 f8 01 03 ef 57 6f 1c b2 e6 fd b6
source=3: pgn=Position, Rapid Update(129025): values=Latitude=(47.7059055 deg) Longitude=(-122.4874318 deg)

3  : pgn=128267 line=Tx 10378622 0d f5 0b 03 ff 33 3e 00 00 00 00 ff
source=3: pgn=Water Depth(128267): values=Depth=(159.23 m) Offset=(0.0 m) Range=(None)

0  : pgn=127250 line=Rx 10378675 09 f1 12 00 ff 6a 42 ff 7f ff 7f fd
source=0: pgn=Vessel Heading(127250): values=Heading=(97.41 deg) Deviation=(None) Variation=(None) Reference=("1")

0  : pgn=127245 line=Rx 10378675 09 f1 0d 00 00 f8 ff 7f 00 00 ff ff
source=0: pgn=Rudder(127245): values=Instance=(0) DirectionOrder=("0") AngleOrder=(None) Position=(0.00 deg)

0  : pgn=65359  line=Rx 10378677 1c ff 4f 00 3b 9f ff ff ff 6a 42 ff
source=0: pgn=Seatalk: Pilot Heading(65359): values=ManufacturerCode=(1851) IndustryCode=(4) HeadingTrue=(None) HeadingMagnetic=(97.41 deg)

0  : pgn=126975 line=Rx 10378681 1d ef ff 00 80 09 3b 9f f0 81 ae 02
0  : pgn=126975 line=Rx 10378683 1d ef ff 00 81 00 08 00 ff ff ff ff
32 : pgn=128259 line=Rx 10378718 09 f5 03 20 2e 1c 01 ff ff ff ff ff
source=32: pgn=Speed(128259): values=SpeedWaterReferenced=(2.84 m/s) SpeedGroundReferenced=(None) SpeedWaterReferencedType=(None) SpeedDirection=(None)

3  : pgn=129026 line=Tx 10378722 09 f8 02 03 ff fc 2d 4a 48 01 ff ff
source=3: pgn=COG & SOG, Rapid Update(129026): values=COGReference=("0") COG=(108.80 deg) SOG=(3.2800000000000002 m/s)

3  : pgn=129025 line=Tx 10378722 09 f8 01 03 ef 57 6f 1c b2 e6 fd b6
source=3: pgn=Position, Rapid Update(129025): values=Latitude=(47.7059055 deg) Longitude=(-122.4874318 deg)

3  : pgn=129542 line=Tx 10378722 19 fa 06 03 00 0f b9 2f 01 00 00 00
source=3: pgn=GNSS Pseudorange Noise Statistics(129542): values=RMSofPositionUncertainty=(47375) STDofMajoraxis=(47) STDofMinoraxis=(1) OrientationofMajoraxis=(0) STDofLatError=(0) STDofLonError=(0) STDofAltError=(0)

3  : pgn=129542 line=Tx 10378722 19 fa 06 03 01 00 00 00 00 00 00 00
source=3: pgn=GNSS Pseudorange Noise Statistics(129542): values=RMSofPositionUncertainty=(0) STDofMajoraxis=(0) STDofMinoraxis=(0) OrientationofMajoraxis=(0) STDofLatError=(0) STDofLonError=(0) STDofAltError=(0)

3  : pgn=129542 line=Tx 10378722 19 fa 06 03 02 00 00 ff ff ff ff ff
source=3: pgn=GNSS Pseudorange Noise Statistics(129542): values=RMSofPositionUncertainty=(0) STDofMajoraxis=(None) STDofMinoraxis=(None) OrientationofMajoraxis=(None) STDofLatError=(None) STDofLonError=(None) STDofAltError=(0)

3  : pgn=65364  line=Tx 10378722 1c ff 54 03 3b 9f 13 03 2b cb ff ff
0  : pgn=127250 line=Rx 10378770 09 f1 12 00 ff 57 42 ff 7f ff 7f fd
source=0: pgn=Vessel Heading(127250): values=Heading=(97.31 deg) Deviation=(None) Variation=(None) Reference=("1")

0  : pgn=127245 line=Rx 10378771 09 f1 0d 00 00 f8 ff 7f 00 00 ff ff
source=0: pgn=Rudder(127245): values=Instance=(0) DirectionOrder=("0") AngleOrder=(None) Position=(0.00 deg)

0  : pgn=65359  line=Rx 10378777 1c ff 4f 00 3b 9f ff ff ff 57 42 ff
source=0: pgn=Seatalk: Pilot Heading(65359): values=ManufacturerCode=(1851) IndustryCode=(4) HeadingTrue=(None) HeadingMagnetic=(97.31 deg)

32 : pgn=128259 line=Rx 10378818 09 f5 03 20 2f 1e 01 ff ff ff ff ff
source=32: pgn=Speed(128259): values=SpeedWaterReferenced=(2.86 m/s) SpeedGroundReferenced=(None) SpeedWaterReferencedType=(None) SpeedDirection=(None)

3  : pgn=129540 line=Tx 10378823 19 fa 04 03 40 9f db ff 0d 03 97 1a
source=3: pgn=GNSS Sats in View(129540): values=RangeResidualMode=(None) SatsinView=(219) PRN=(None) Elevation=(4.47 deg) Azimuth=(39.00 deg) SNR=(0.0 dB) Rangeresiduals=(0) Status=("0")

3  : pgn=129540 line=Tx 10378823 19 fa 04 03 41 2e 26 00 00 00 00 00
source=3: pgn=GNSS Sats in View(129540): values=RangeResidualMode=("0") SatsinView=(38) PRN=(0) Elevation=(0.00 deg) Azimuth=(0.00 deg) SNR=(0.0 dB) Rangeresiduals=(0) Status=("0")

3  : pgn=129540 line=Tx 10378823 19 fa 04 03 42 00 f3 0f ff 1d ad 3c
source=3: pgn=GNSS Sats in View(129540): values=RangeResidualMode=("0") SatsinView=(243) PRN=(15) Elevation=(44.00 deg) Azimuth=(89.00 deg) SNR=(0.0 dB) Rangeresiduals=(0) Status=("0")

3  : pgn=129540 line=Tx 10378823 19 fa 04 03 43 10 0e 00 00 00 00 f5
source=3: pgn=GNSS Sats in View(129540): values=RangeResidualMode=("0") SatsinView=(14) PRN=(0) Elevation=(0.00 deg) Azimuth=(359.36 deg) SNR=(0.0 dB) Rangeresiduals=(0) Status=("0")

3  : pgn=129540 line=Tx 10378823 19 fa 04 03 44 10 17 13 c2 b8 1c 0c
source=3: pgn=GNSS Sats in View(129540): values=RangeResidualMode=("0") SatsinView=(23) PRN=(19) Elevation=(-104.50 deg) Azimuth=(17.76 deg) SNR=(0.0 dB) Rangeresiduals=(0) Status=("0")

3  : pgn=129540 line=Tx 10378823 19 fa 04 03 45 00 00 00 00 f5 12 c5
source=3: pgn=GNSS Sats in View(129540): values=RangeResidualMode=("0") SatsinView=(0) PRN=(0) Elevation=(-16.13 deg) Azimuth=(289.06 deg) SNR=(0.0 dB) Rangeresiduals=(0) Status=("0")

3  : pgn=129540 line=Tx 10378823 19 fa 04 03 46 31 f2 93 e4 0c 00 00
source=3: pgn=GNSS Sats in View(129540): values=RangeResidualMode=("1") SatsinView=(242) PRN=(147) Elevation=(18.91 deg) Azimuth=(0.00 deg) SNR=(0.0 dB) Rangeresiduals=(0) Status=("0")

3  : pgn=129540 line=Tx 10378823 19 fa 04 03 47 00 00 f5 13 69 03 1f
source=3: pgn=GNSS Sats in View(129540): values=RangeResidualMode=("0") SatsinView=(0) PRN=(245) Elevation=(154.12 deg) Azimuth=(45.49 deg) SNR=(0.0 dB) Rangeresiduals=(0) Status=("0")

3  : pgn=129540 line=Tx 10378823 19 fa 04 03 48 d8 d8 0e 00 00 00 00
source=3: pgn=GNSS Sats in View(129540): values=RangeResidualMode=("0") SatsinView=(216) PRN=(14) Elevation=(0.00 deg) Azimuth=(0.00 deg) SNR=(0.0 dB) Rangeresiduals=(0) Status=("0")

3  : pgn=129540 line=Tx 10378823 19 fa 04 03 49 f5 15 e8 37 c5 22 10
source=3: pgn=GNSS Sats in View(129540): values=RangeResidualMode=("1") SatsinView=(21) PRN=(232) Elevation=(-86.22 deg) Azimuth=(23.66 deg) SNR=(0.0 dB) Rangeresiduals=(0) Status=("0")

3  : pgn=129540 line=Tx 10378823 19 fa 04 03 4a 0e 00 00 00 00 f5 16
source=3: pgn=GNSS Sats in View(129540): values=RangeResidualMode=("0") SatsinView=(0) PRN=(0) Elevation=(0.00 deg) Azimuth=(33.67 deg) SNR=(0.0 dB) Rangeresiduals=(0) Status=("0")

3  : pgn=129540 line=Tx 10378824 19 fa 04 03 4b 80 16 7d 9d 74 0e 00
source=3: pgn=GNSS Sats in View(129540): values=RangeResidualMode=("0") SatsinView=(22) PRN=(125) Elevation=(171.05 deg) Azimuth=(0.08 deg) SNR=(0.0 dB) Rangeresiduals=(0) Status=("0")

3  : pgn=129540 line=Tx 10378826 19 fa 04 03 4c 00 00 00 f5 1a ae 0f
source=3: pgn=GNSS Sats in View(129540): values=RangeResidualMode=("0") SatsinView=(0) PRN=(0) Elevation=(39.54 deg) Azimuth=(23.00 deg) SNR=(0.0 dB) Rangeresiduals=(0) Status=("0")

3  : pgn=129540 line=Tx 10378826 19 fa 04 03 4d 5d 1f ac 0d 00 00 00
source=3: pgn=GNSS Sats in View(129540): values=RangeResidualMode=("1") SatsinView=(31) PRN=(172) Elevation=(0.07 deg) Azimuth=(0.00 deg) SNR=(0.0 dB) Rangeresiduals=(0) Status=("0")

3  : pgn=129540 line=Tx 10378827 19 fa 04 03 4e 00 f5 1b d1 15 ab d2
source=3: pgn=GNSS Sats in View(129540): values=RangeResidualMode=("0") SatsinView=(245) PRN=(27) Elevation=(32.00 deg) Azimuth=(309.00 deg) SNR=(0.0 dB) Rangeresiduals=(0) Status=("0")

3  : pgn=129540 line=Tx 10378828 19 fa 04 03 4f 80 0c 00 00 00 00 f5
source=3: pgn=GNSS Sats in View(129540): values=RangeResidualMode=("0") SatsinView=(12) PRN=(0) Elevation=(0.00 deg) Azimuth=(359.36 deg) SNR=(0.0 dB) Rangeresiduals=(0) Status=("0")

3  : pgn=129540 line=Tx 10378829 19 fa 04 03 50 1d 51 0e a1 67 1c 0c
source=3: pgn=GNSS Sats in View(129540): values=RangeResidualMode=("1") SatsinView=(81) PRN=(14) Elevation=(152.00 deg) Azimuth=(17.76 deg) SNR=(0.0 dB) Rangeresiduals=(0) Status=("0")

3  : pgn=129540 line=Tx 10378830 19 fa 04 03 51 00 00 00 00 f5 23 d1
source=3: pgn=GNSS Sats in View(129540): values=RangeResidualMode=("0") SatsinView=(0) PRN=(0) Elevation=(-16.13 deg) Azimuth=(306.76 deg) SNR=(0.0 dB) Rangeresiduals=(0) Status=("0")

3  : pgn=129540 line=Tx 10378831 19 fa 04 03 52 15 c3 8b 00 00 00 00
source=3: pgn=GNSS Sats in View(129540): values=RangeResidualMode=("1") SatsinView=(195) PRN=(139) Elevation=(0.00 deg) Azimuth=(0.00 deg) SNR=(0.0 dB) Rangeresiduals=(0) Status=("0")

3  : pgn=129540 line=Tx 10378831 19 fa 04 03 53 00 00 f3 30 2e 17 43
source=3: pgn=GNSS Sats in View(129540): values=RangeResidualMode=("0") SatsinView=(0) PRN=(243) Elevation=(67.75 deg) Azimuth=(98.41 deg) SNR=(0.0 dB) Rangeresiduals=(0) Status=("0")

3  : pgn=129540 line=Tx 10378832 19 fa 04 03 54 84 e4 0c 00 00 00 00
source=3: pgn=GNSS Sats in View(129540): values=RangeResidualMode=("0") SatsinView=(228) PRN=(12) Elevation=(0.00 deg) Azimuth=(0.00 deg) SNR=(0.0 dB) Rangeresiduals=(0) Status=("0")

3  : pgn=129540 line=Tx 10378834 19 fa 04 03 55 f5 33 80 16 67 6c 74
source=3: pgn=GNSS Sats in View(129540): values=RangeResidualMode=("1") SatsinView=(51) PRN=(128) Elevation=(151.20 deg) Azimuth=(170.76 deg) SNR=(0.0 dB) Rangeresiduals=(0) Status=("0")

3  : pgn=129540 line=Tx 10378834 19 fa 04 03 56 0e 00 00 00 00 f5 ff
source=3: pgn=GNSS Sats in View(129540): values=RangeResidualMode=("0") SatsinView=(0) PRN=(0) Elevation=(0.00 deg) Azimuth=(375.43 deg) SNR=(0.0 dB) Rangeresiduals=(0) Status=("0")

3  : pgn=129025 line=Tx 10378835 09 f8 01 03 d7 57 6f 1c fe e6 fd b6
source=3: pgn=Position, Rapid Update(129025): values=Latitude=(47.7059031 deg) Longitude=(-122.48742419999999 deg)

3  : pgn=127258 line=Tx 10378836 19 f1 1a 03 ff f6 12 39 fa 0a ff ff
source=3: pgn=Magnetic Variation(127258): values=Source=("6") Ageofservice=(14610 d) Variation=(16.10 deg)

1  : pgn=129038 line=Rx 10378861 11 f8 0e 01 60 1b c1 44 d6 e0 15 13
1  : pgn=129038 line=Rx 10378861 11 f8 0e 01 61 ee 0c b7 e5 56 69 1c
1  : pgn=129038 line=Rx 10378862 11 f8 0e 01 62 0e 6d 22 00 00 00 00
1  : pgn=129038 line=Rx 10378863 11 f8 0e 01 63 00 ff ff ff 7f f0 fe
0  : pgn=127250 line=Rx 10378870 09 f1 12 00 ff 31 42 ff 7f ff 7f fd
source=0: pgn=Vessel Heading(127250): values=Heading=(97.09 deg) Deviation=(None) Variation=(None) Reference=("1")

0  : pgn=127245 line=Rx 10378871 09 f1 0d 00 00 f8 ff 7f 00 00 ff ff
source=0: pgn=Rudder(127245): values=Instance=(0) DirectionOrder=("0") AngleOrder=(None) Position=(0.00 deg)

0  : pgn=65359  line=Rx 10378878 1c ff 4f 00 3b 9f ff ff ff 31 42 ff
source=0: pgn=Seatalk: Pilot Heading(65359): values=ManufacturerCode=(1851) IndustryCode=(4) HeadingTrue=(None) HeadingMagnetic=(97.09 deg)

32 : pgn=65368  line=Rx 10378894 1c ff 58 20 3b 9f 35 56 71 ff ff ff
32 : pgn=128259 line=Rx 10378922 09 f5 03 20 30 21 01 ff ff ff ff ff
source=32: pgn=Speed(128259): values=SpeedWaterReferenced=(2.89 m/s) SpeedGroundReferenced=(None) SpeedWaterReferencedType=(None) SpeedDirection=(None)

3  : pgn=129026 line=Tx 10378923 09 f8 02 03 ff fc 73 4a 47 01 ff ff
source=3: pgn=COG & SOG, Rapid Update(129026): values=COGReference=("0") COG=(109.20 deg) SOG=(3.27 m/s)

3  : pgn=129025 line=Tx 10378923 09 f8 01 03 d7 57 6f 1c fe e6 fd b6
source=3: pgn=Position, Rapid Update(129025): values=Latitude=(47.7059031 deg) Longitude=(-122.48742419999999 deg)

32 : pgn=130310 line=Rx 10378925 15 fd 06 20 04 ff ff ff ff ff ff ff
source=32: pgn=Environmental Parameters (obsolete)(130310): values=WaterTemperature=(None) OutsideAmbientAirTemperature=(None) AtmosphericPressure=(None)

32 : pgn=128275 line=Rx 10378933 19 f5 13 20 60 0e ff ff ff ff ff ff
32 : pgn=128275 line=Rx 10378938 19 f5 13 20 61 8c ae 3c 00 8c ae 3c
32 : pgn=128275 line=Rx 10378943 19 f5 13 20 62 00 ff ff ff ff ff ff
32 : pgn=130846 line=Rx 10378953 1d ff 1e 20 a0 0c 3b 9f 04 01 35 56
32 : pgn=130846 line=Rx 10378958 1d ff 1e 20 a1 07 09 15 00 df 04 ff
source=32: pgn=Furuno: Motion Sensor Status Extended(130846): values=ManufacturerCode=(1953) IndustryCode=(0)

0  : pgn=127250 line=Rx 10378974 09 f1 12 00 ff 13 42 ff 7f ff 7f fd
source=0: pgn=Vessel Heading(127250): values=Heading=(96.92 deg) Deviation=(None) Variation=(None) Reference=("1")

0  : pgn=127245 line=Rx 10378975 09 f1 0d 00 00 f8 ff 7f 00 00 ff ff
source=0: pgn=Rudder(127245): values=Instance=(0) DirectionOrder=("0") AngleOrder=(None) Position=(0.00 deg)

0  : pgn=65359  line=Rx 10378979 1c ff 4f 00 3b 9f ff ff ff 13 42 ff
source=0: pgn=Seatalk: Pilot Heading(65359): values=ManufacturerCode=(1851) IndustryCode=(4) HeadingTrue=(None) HeadingMagnetic=(96.92 deg)

1  : pgn=59936  line=Rx 10378980 18 ea 20 01 00 ee 00 00 00 00 00 00
1  : pgn=129038 line=Rx 10379014 11 f8 0e 01 80 1b c1 8e 0b e7 15 4f
1  : pgn=129038 line=Rx 10379014 11 f8 0e 01 81 bf 18 b7 db 44 66 1c
1  : pgn=129038 line=Rx 10379015 11 f8 0e 01 82 16 07 cb 00 00 00 00
1  : pgn=129038 line=Rx 10379015 11 f8 0e 01 83 00 ff ff ff 7f ff fe
32 : pgn=128259 line=Rx 10379018 09 f5 03 20 31 24 01 ff ff ff ff ff
source=32: pgn=Speed(128259): values=SpeedWaterReferenced=(2.92 m/s) SpeedGroundReferenced=(None) SpeedWaterReferencedType=(None) SpeedDirection=(None)

3  : pgn=129029 line=Tx 10379023 0d f8 05 03 00 2b b9 06 40 de 40 19
source=3: pgn=GNSS Position Data(129029): values=Date=(47403 d) Time=(108830.7206 s) Latitude=(0.0 deg) Longitude=(0.0 deg) Altitude=(0.0 m) GNSStype=("0") Method=("0") Integrity=("0") NumberofSVs=(0) HDOP=(0.0) PDOP=(0.0) GeoidalSeparation=(0.0 m) ReferenceStations=(0) ReferenceStationType=("0") ReferenceStationID=(0) AgeofDGNSSCorrections=(0.0 s)

3  : pgn=129029 line=Tx 10379023 0d f8 05 03 01 2c 00 a6 a5 3f a9 da
source=3: pgn=GNSS Position Data(129029): values=Date=(44 d) Time=(283952.0678 s) Latitude=(0.0 deg) Longitude=(0.0 deg) Altitude=(0.0 m) GNSStype=("0") Method=("0") Integrity=("0") NumberofSVs=(0) HDOP=(0.0) PDOP=(0.0) GeoidalSeparation=(0.0 m) ReferenceStations=(0) ReferenceStationType=("0") ReferenceStationID=(0) AgeofDGNSSCorrections=(0.0 s)

3  : pgn=129029 line=Tx 10379024 0d f8 05 03 02 9e 06 00 6c 10 d7 5d
source=3: pgn=GNSS Position Data(129029): values=Date=(1694 d) Time=(360817.7664 s) Latitude=(0.0 deg) Longitude=(0.0 deg) Altitude=(0.0 m) GNSStype=("0") Method=("0") Integrity=("0") NumberofSVs=(0) HDOP=(0.0) PDOP=(0.0) GeoidalSeparation=(0.0 m) ReferenceStations=(0) ReferenceStationType=("0") ReferenceStationID=(0) AgeofDGNSSCorrections=(0.0 s)

3  : pgn=129029 line=Tx 10379024 0d f8 05 03 03 5f 00 ef ff ff ff ff
source=3: pgn=GNSS Position Data(129029): values=Date=(95 d) Time=(429496.7279 s) Latitude=(0.0 deg) Longitude=(0.0 deg) Altitude=(0.0 m) GNSStype=("0") Method=("0") Integrity=("0") NumberofSVs=(0) HDOP=(0.0) PDOP=(0.0) GeoidalSeparation=(0.0 m) ReferenceStations=(0) ReferenceStationType=("0") ReferenceStationID=(0) AgeofDGNSSCorrections=(0.0 s)

3  : pgn=129029 line=Tx 10379024 0d f8 05 03 04 ff ff ff 7f 23 fc 09
source=3: pgn=GNSS Position Data(129029): values=Date=(None) Time=(423018.49590000004 s) Latitude=(0.0 deg) Longitude=(0.0 deg) Altitude=(0.0 m) GNSStype=("0") Method=("0") Integrity=("0") NumberofSVs=(0) HDOP=(0.0) PDOP=(0.0) GeoidalSeparation=(0.0 m) ReferenceStations=(0) ReferenceStationType=("0") ReferenceStationID=(0) AgeofDGNSSCorrections=(0.0 s)

3  : pgn=129029 line=Tx 10379024 0d f8 05 03 05 4f 00 ff 7f ff ff ff
source=3: pgn=GNSS Position Data(129029): values=Date=(79 d) Time=(429493.4527 s) Latitude=(0.0 deg) Longitude=(0.0 deg) Altitude=(0.0 m) GNSStype=("0") Method=("0") Integrity=("0") NumberofSVs=(0) HDOP=(0.0) PDOP=(0.0) GeoidalSeparation=(0.0 m) ReferenceStations=(0) ReferenceStationType=("0") ReferenceStationID=(0) AgeofDGNSSCorrections=(0.0 s)

3  : pgn=129029 line=Tx 10379024 0d f8 05 03 06 7f 00 ff ff ff ff ff
source=3: pgn=GNSS Position Data(129029): values=Date=(127 d) Time=(None) Latitude=(0.0 deg) Longitude=(0.0 deg) Altitude=(0.0 m) GNSStype=("0") Method=("0") Integrity=("0") NumberofSVs=(0) HDOP=(0.0) PDOP=(0.0) GeoidalSeparation=(0.0 m) ReferenceStations=(0) ReferenceStationType=("0") ReferenceStationID=(0) AgeofDGNSSCorrections=(0.0 s)

3  : pgn=129025 line=Tx 10379024 09 f8 01 03 d7 57 6f 1c fe e6 fd b6
source=3: pgn=Position, Rapid Update(129025): values=Latitude=(47.7059031 deg) Longitude=(-122.48742419999999 deg)

3  : pgn=129033 line=Tx 10379024 0d f8 09 03 06 40 de 40 19 2c 5c fe
source=3: pgn=Time & Date(129033): values=Date=(16390 d) Time=(73985.251 s) LocalOffset=(-25200.0 s)

4  : pgn=126975 line=Rx 10379059 1d ef ff 04 20 07 3b 9f f0 81 90 00
4  : pgn=126975 line=Rx 10379059 1d ef ff 04 21 03 ff ff ff ff ff ff
0  : pgn=127250 line=Rx 10379070 09 f1 12 00 ff ff 41 ff 7f ff 7f fd
source=0: pgn=Vessel Heading(127250): values=Heading=(96.80 deg) Deviation=(None) Variation=(None) Reference=("1")

0  : pgn=127245 line=Rx 10379071 09 f1 0d 00 00 f8 ff 7f 00 00 ff ff
source=0: pgn=Rudder(127245): values=Instance=(0) DirectionOrder=("0") AngleOrder=(None) Position=(0.00 deg)

0  : pgn=65359  line=Rx 10379078 1c ff 4f 00 3b 9f ff ff ff ff 41 ff
source=0: pgn=Seatalk: Pilot Heading(65359): values=ManufacturerCode=(1851) IndustryCode=(4) HeadingTrue=(None) HeadingMagnetic=(96.80 deg)

0  : pgn=126975 line=Rx 10379079 1d ef ff 00 a0 08 3b 9f f0 81 9c 91
0  : pgn=126975 line=Rx 10379081 1d ef ff 00 a1 03 00 ff ff ff ff ff
1  : pgn=129038 line=Rx 10379106 11 f8 0e 01 a0 1b c3 f4 82 dc 15 ad
1  : pgn=129038 line=Rx 10379107 11 f8 0e 01 a1 b8 f0 b6 cb e9 5c 1c
1  : pgn=129038 line=Rx 10379108 11 f8 0e 01 a2 15 a8 23 4b 03 00 00
1  : pgn=129038 line=Rx 10379108 11 f8 0e 01 a3 00 dc 26 2e 1a ff fe
32 : pgn=128259 line=Rx 10379117 09 f5 03 20 32 27 01 ff ff ff ff ff
source=32: pgn=Speed(128259): values=SpeedWaterReferenced=(2.95 m/s) SpeedGroundReferenced=(None) SpeedWaterReferencedType=(None) SpeedDirection=(None)

3  : pgn=129026 line=Tx 10379125 09 f8 02 03 ff fc ff 4a 46 01 ff ff
source=3: pgn=COG & SOG, Rapid Update(129026): values=COGReference=("0") COG=(110.00 deg) SOG=(3.2600000000000002 m/s)

3  : pgn=129025 line=Tx 10379125 09 f8 01 03 c0 57 6f 1c 4e e7 fd b6
source=3: pgn=Position, Rapid Update(129025): values=Latitude=(47.705900799999995 deg) Longitude=(-122.4874162 deg)

3  : pgn=126992 line=Tx 10379125 0d f0 10 03 ff ff 06 40 fc 4a 19 2c
source=3: pgn=System Time(126992): values=Source=(None) Date=(16390 d) Time=(73985.51000000001 s)

1  : pgn=129038 line=Rx 10379136 11 f8 0e 01 c0 1b c1 b8 d7 e1 15 b8
1  : pgn=129038 line=Rx 10379136 11 f8 0e 01 c1 56 1f b7 fd c7 66 1c
1  : pgn=129038 line=Rx 10379137 11 f8 0e 01 c2 08 d0 27 b0 01 00 00
1  : pgn=129038 line=Rx 10379137 11 f8 0e 01 c3 00 ff ff ff 7f f5 fe
0  : pgn=127250 line=Rx 10379170 09 f1 12 00 ff f1 41 ff 7f ff 7f fd
source=0: pgn=Vessel Heading(127250): values=Heading=(96.72 deg) Deviation=(None) Variation=(None) Reference=("1")

0  : pgn=127245 line=Rx 10379171 09 f1 0d 00 00 f8 ff 7f 00 00 ff ff
source=0: pgn=Rudder(127245): values=Instance=(0) DirectionOrder=("0") AngleOrder=(None) Position=(0.00 deg)

0  : pgn=65359  line=Rx 10379175 1c ff 4f 00 3b 9f ff ff ff f1 41 ff
source=0: pgn=Seatalk: Pilot Heading(65359): values=ManufacturerCode=(1851) IndustryCode=(4) HeadingTrue=(None) HeadingMagnetic=(96.72 deg)

32 : pgn=128259 line=Rx 10379217 09 f5 03 20 33 2a 01 ff ff ff ff ff
source=32: pgn=Speed(128259): values=SpeedWaterReferenced=(2.98 m/s) SpeedGroundReferenced=(None) SpeedWaterReferencedType=(None) SpeedDirection=(None)

3  : pgn=129025 line=Tx 10379225 09 f8 01 03 c0 57 6f 1c 4e e7 fd b6
source=3: pgn=Position, Rapid Update(129025): values=Latitude=(47.705900799999995 deg) Longitude=(-122.4874162 deg)

1  : pgn=129038 line=Rx 10379228 11 f8 0e 01 e0 1b c1 0a 8c db 15 1e
1  : pgn=129038 line=Rx 10379228 11 f8 0e 01 e1 a7 fc b6 49 ef 51 1c
1  : pgn=129038 line=Rx 10379229 11 f8 0e 01 e2 15 47 dc 24 00 00 00
1  : pgn=129038 line=Rx 10379229 11 f8 0e 01 e3 00 da 8f 00 00 f8 fe
0  : pgn=127250 line=Rx 10379270 09 f1 12 00 ff ee 41 ff 7f ff 7f fd
source=0: pgn=Vessel Heading(127250): values=Heading=(96.70 deg) Deviation=(None) Variation=(None) Reference=("1")

0  : pgn=127245 line=Rx 10379271 09 f1 0d 00 00 f8 ff 7f 00 00 ff ff
source=0: pgn=Rudder(127245): values=Instance=(0) DirectionOrder=("0") AngleOrder=(None) Position=(0.00 deg)

0  : pgn=65359  line=Rx 10379278 1c ff 4f 00 3b 9f ff ff ff ee 41 ff
source=0: pgn=Seatalk: Pilot Heading(65359): values=ManufacturerCode=(1851) IndustryCode=(4) HeadingTrue=(None) HeadingMagnetic=(96.70 deg)

32 : pgn=128259 line=Rx 10379316 09 f5 03 20 34 2a 01 ff ff ff ff ff
source=32: pgn=Speed(128259): values=SpeedWaterReferenced=(2.98 m/s) SpeedGroundReferenced=(None) SpeedWaterReferencedType=(None) SpeedDirection=(None)

3  : pgn=129026 line=Tx 10379326 09 f8 02 03 ff fc 56 4b 44 01 ff ff
source=3: pgn=COG & SOG, Rapid Update(129026): values=COGReference=("0") COG=(110.50 deg) SOG=(3.24 m/s)

3  : pgn=129025 line=Tx 10379326 09 f8 01 03 9e 57 6f 1c 03 e8 fd b6
source=3: pgn=Position, Rapid Update(129025): values=Latitude=(47.7058974 deg) Longitude=(-122.4873981 deg)

3  : pgn=129291 line=Tx 10379326 0d f9 0b 03 ff fc a3 38 2b 00 ff ff
source=3: pgn=Set & Drift, Rapid Update(129291): values=SetReference=("0") Set=(83.07 deg) Drift=(0.43 m/s)

3  : pgn=129044 line=Tx 10379326 19 f8 14 03 c0 14 57 38 34 00 00 00
3  : pgn=129044 line=Tx 10379326 19 f8 14 03 c1 00 00 00 00 00 00 00
3  : pgn=129044 line=Tx 10379326 19 f8 14 03 c2 00 00 00 57 38 34 00
0  : pgn=127250 line=Rx 10379372 09 f1 12 00 ff ef 41 ff 7f ff 7f fd
source=0: pgn=Vessel Heading(127250): values=Heading=(96.71 deg) Deviation=(None) Variation=(None) Reference=("1")

0  : pgn=127245 line=Rx 10379373 09 f1 0d 00 00 f8 ff 7f 00 00 ff ff
source=0: pgn=Rudder(127245): values=Instance=(0) DirectionOrder=("0") AngleOrder=(None) Position=(0.00 deg)

0  : pgn=65359  line=Rx 10379377 1c ff 4f 00 3b 9f ff ff ff ef 41 ff
source=0: pgn=Seatalk: Pilot Heading(65359): values=ManufacturerCode=(1851) IndustryCode=(4) HeadingTrue=(None) HeadingMagnetic=(96.71 deg)

4  : pgn=65384  line=Rx 10379400 1c ff 68 04 3b 9f 00 00 00 00 00 00
1  : pgn=129038 line=Rx 10379409 11 f8 0e 01 00 1b c3 4a 6c de 15 16
1  : pgn=129038 line=Rx 10379409 11 f8 0e 01 01 53 03 b7 00 95 59 1c
1  : pgn=129038 line=Rx 10379410 11 f8 0e 01 02 18 d4 8e 07 02 00 00
source=1: pgn=AIS Class A Position Report(129038): values=MessageID=(2) RepeatIndicator=("0") UserID=(126800920) Longitude=(0.0 deg) Latitude=(0.0 deg) PositionAccuracy=("0") RAIM=("0") TimeStamp=("0") COG=(0.00 deg) SOG=(0.0 m/s) CommunicationState=(0) AISTransceiverinformation=("0") Heading=(0.00 deg) RateofTurn=(0.00 deg/s) NavStatus=("0") SpecialManeuverIndicator=("0") Spare=(0) SequenceID=(0)

1  : pgn=129038 line=Rx 10379410 11 f8 0e 01 03 00 2b 8f d2 e5 ff fe
source=1: pgn=AIS Class A Position Report(129038): values=MessageID=(3) RepeatIndicator=("0") UserID=(3532598016) Longitude=(0.0 deg) Latitude=(0.0 deg) PositionAccuracy=("0") RAIM=("0") TimeStamp=("0") COG=(0.00 deg) SOG=(0.0 m/s) CommunicationState=(0) AISTransceiverinformation=("0") Heading=(0.00 deg) RateofTurn=(0.00 deg/s) NavStatus=("0") SpecialManeuverIndicator=("0") Spare=(0) SequenceID=(0)

32 : pgn=128259 line=Rx 10379416 09 f5 03 20 35 2a 01 ff ff ff ff ff
source=32: pgn=Speed(128259): values=SpeedWaterReferenced=(2.98 m/s) SpeedGroundReferenced=(None) SpeedWaterReferencedType=(None) SpeedDirection=(None)

3  : pgn=129025 line=Tx 10379426 09 f8 01 03 9e 57 6f 1c 03 e8 fd b6
0  : pgn=127250 line=Rx 10379471 09 f1 12 00 ff f0 41 ff 7f ff 7f fd
source=0: pgn=Vessel Heading(127250): values=Heading=(96.72 deg) Deviation=(None) Variation=(None) Reference=("1")

0  : pgn=127245 line=Rx 10379472 09 f1 0d 00 00 f8 ff 7f 00 00 ff ff
source=0: pgn=Rudder(127245): values=Instance=(0) DirectionOrder=("0") AngleOrder=(None) Position=(0.00 deg)

0  : pgn=65359  line=Rx 10379478 1c ff 4f 00 3b 9f ff ff ff f0 41 ff
source=0: pgn=Seatalk: Pilot Heading(65359): values=ManufacturerCode=(1851) IndustryCode=(4) HeadingTrue=(None) HeadingMagnetic=(96.72 deg)

1  : pgn=129038 line=Rx 10379501 11 f8 0e 01 20 1b c1 88 b4 f3 15 1b
1  : pgn=129038 line=Rx 10379501 11 f8 0e 01 21 f9 0d b7 a4 c6 63 1c
1  : pgn=129038 line=Rx 10379502 11 f8 0e 01 22 19 82 ce 00 00 00 00
1  : pgn=129038 line=Rx 10379502 11 f8 0e 01 23 00 09 7a 00 00 f0 fe
32 : pgn=128259 line=Rx 10379515 09 f5 03 20 36 2a 01 ff ff ff ff ff
source=32: pgn=Speed(128259): values=SpeedWaterReferenced=(2.98 m/s) SpeedGroundReferenced=(None) SpeedWaterReferencedType=(None) SpeedDirection=(None)

3  : pgn=129026 line=Tx 10379526 09 f8 02 03 ff fc 56 4b 44 01 ff ff
source=3: pgn=COG & SOG, Rapid Update(129026): values=COGReference=("0") COG=(110.50 deg) SOG=(3.24 m/s)

3  : pgn=130577 line=Tx 10379526 0d fe 11 03 20 0e c0 ba 56 4b 44 01
3  : pgn=130577 line=Tx 10379526 0d fe 11 03 21 ff ff ff ff a3 38 2b
3  : pgn=130577 line=Tx 10379526 0d fe 11 03 22 00 ff ff ff ff ff ff
3  : pgn=129025 line=Tx 10379526 09 f8 01 03 9e 57 6f 1c 03 e8 fd b6
3  : pgn=130306 line=Tx 10379526 09 fd 02 03 ff 13 03 2b cb fa ff ff
source=3: pgn=Wind Data(130306): values=WindSpeed=(7.87 m/s) WindAngle=(298.00 deg) Reference=("2")

0  : pgn=127250 line=Rx 10379570 09 f1 12 00 ff f6 41 ff 7f ff 7f fd
source=0: pgn=Vessel Heading(127250): values=Heading=(96.75 deg) Deviation=(None) Variation=(None) Reference=("1")

0  : pgn=127245 line=Rx 10379571 09 f1 0d 00 00 f8 ff 7f 00 00 ff ff
source=0: pgn=Rudder(127245): values=Instance=(0) DirectionOrder=("0") AngleOrder=(None) Position=(0.00 deg)

0  : pgn=65379  line=Rx 10379575 1c ff 63 00 3b 9f 00 00 00 00 01 ff
source=0: pgn=Seatalk: Pilot Mode(65379): values=ManufacturerCode=(1851) IndustryCode=(4) PilotMode=(0) SubMode=(0) PilotModeData=(0)

0  : pgn=65359  line=Rx 10379576 1c ff 4f 00 3b 9f ff ff ff f6 41 ff
source=0: pgn=Seatalk: Pilot Heading(65359): values=ManufacturerCode=(1851) IndustryCode=(4) HeadingTrue=(None) HeadingMagnetic=(96.75 deg)

0  : pgn=126975 line=Rx 10379579 1d ef ff 00 c0 0d 3b 9f f0 81 84 56
0  : pgn=126975 line=Rx 10379581 1d ef ff 00 c1 43 0d 00 00 00 02 05
1  : pgn=129041 line=Rx 10379594 11 f8 11 01 a0 30 55 75 89 3a 3b 6d
1  : pgn=129041 line=Rx 10379594 11 f8 11 01 a1 8b 0a b7 5b f8 47 1c
1  : pgn=129041 line=Rx 10379595 11 f8 11 01 a2 f4 00 00 00 00 00 00
1  : pgn=129041 line=Rx 10379595 11 f8 11 01 a3 ff ff 12 ee ff e0 16
1  : pgn=129041 line=Rx 10379596 11 f8 11 01 a4 01 50 53 20 54 53 4c
1  : pgn=129041 line=Rx 10379596 11 f8 11 01 a5 20 4c 42 20 54 41 20
1  : pgn=129041 line=Rx 10379597 11 f8 11 01 a6 20 20 20 20 20 20 20
32 : pgn=128259 line=Rx 10379615 09 f5 03 20 37 29 01 ff ff ff ff ff
source=32: pgn=Speed(128259): values=SpeedWaterReferenced=(2.97 m/s) SpeedGroundReferenced=(None) SpeedWaterReferencedType=(None) SpeedDirection=(None)

3  : pgn=129283 line=Tx 10379627 0d f9 03 03 ff 7f ff ff ff 7f ff ff
source=3: pgn=Cross Track Error(129283): values=XTEmode=(None) NavigationTerminated=("1") XTE=(None)

3  : pgn=129025 line=Tx 10379627 09 f8 01 03 84 57 6f 1c 49 e8 fd b6
source=3: pgn=Position, Rapid Update(129025): values=Latitude=(47.705894799999996 deg) Longitude=(-122.4873911 deg)

3  : pgn=128267 line=Tx 10379627 0d f5 0b 03 ff 36 3e 00 00 00 00 ff
source=3: pgn=Water Depth(128267): values=Depth=(159.26 m) Offset=(0.0 m) Range=(None)

1  : pgn=129038 line=Rx 10379655 11 f8 0e 01 40 1b c3 c8 d1 e8 25 88
1  : pgn=129038 line=Rx 10379656 11 f8 0e 01 41 1f 05 b7 d3 0b 2e 1c
1  : pgn=129038 line=Rx 10379656 11 f8 0e 01 42 19 a1 31 05 00 00 00
1  : pgn=129038 line=Rx 10379657 11 f8 0e 01 43 00 5d 01 00 00 f1 fe
0  : pgn=127250 line=Rx 10379670 09 f1 12 00 ff fe 41 ff 7f ff 7f fd
source=0: pgn=Vessel Heading(127250): values=Heading=(96.80 deg) Deviation=(None) Variation=(None) Reference=("1")

0  : pgn=127245 line=Rx 10379671 09 f1 0d 00 00 f8 ff 7f 00 00 ff ff
source=0: pgn=Rudder(127245): values=Instance=(0) DirectionOrder=("0") AngleOrder=(None) Position=(0.00 deg)

0  : pgn=65359  line=Rx 10379678 1c ff 4f 00 3b 9f ff ff ff fe 41 ff
source=0: pgn=Seatalk: Pilot Heading(65359): values=ManufacturerCode=(1851) IndustryCode=(4) HeadingTrue=(None) HeadingMagnetic=(96.80 deg)

0  : pgn=126975 line=Rx 10379681 1d ef ff 00 e0 09 3b 9f f0 81 ae 02
0  : pgn=126975 line=Rx 10379682 1d ef ff 00 e1 00 08 00 ff ff ff ff
32 : pgn=128259 line=Rx 10379714 09 f5 03 20 38 26 01 ff ff ff ff ff
source=32: pgn=Speed(128259): values=SpeedWaterReferenced=(2.94 m/s) SpeedGroundReferenced=(None) SpeedWaterReferencedType=(None) SpeedDirection=(None)

3  : pgn=129026 line=Tx 10379727 09 f8 02 03 ff fc 79 4b 44 01 ff ff
source=3: pgn=COG & SOG, Rapid Update(129026): values=COGReference=("0") COG=(110.70 deg) SOG=(3.24 m/s)

3  : pgn=129025 line=Tx 10379727 09 f8 01 03 84 57 6f 1c 49 e8 fd b6
source=3: pgn=Position, Rapid Update(129025): values=Latitude=(47.705894799999996 deg) Longitude=(-122.4873911 deg)

3  : pgn=129542 line=Tx 10379727 19 fa 06 03 20 0f ba 28 01 00 00 00
3  : pgn=129542 line=Tx 10379727 19 fa 06 03 21 00 00 00 00 00 00 00
3  : pgn=129542 line=Tx 10379727 19 fa 06 03 22 00 00 ff ff ff ff ff
3  : pgn=65364  line=Tx 10379727 1c ff 54 03 3b 9f 13 03 2b cb ff ff
0  : pgn=127250 line=Rx 10379770 09 f1 12 00 ff 06 42 ff 7f ff 7f fd
source=0: pgn=Vessel Heading(127250): values=Heading=(96.84 deg) Deviation=(None) Variation=(None) Reference=("1")

0  : pgn=127245 line=Rx 10379771 09 f1 0d 00 00 f8 ff 7f 00 00 ff ff
source=0: pgn=Rudder(127245): values=Instance=(0) DirectionOrder=("0") AngleOrder=(None) Position=(0.00 deg)

0  : pgn=65359  line=Rx 10379777 1c ff 4f 00 3b 9f ff ff ff 06 42 ff
source=0: pgn=Seatalk: Pilot Heading(65359): values=ManufacturerCode=(1851) IndustryCode=(4) HeadingTrue=(None) HeadingMagnetic=(96.84 deg)

32 : pgn=128259 line=Rx 10379814 09 f5 03 20 39 21 01 ff ff ff ff ff
source=32: pgn=Speed(128259): values=SpeedWaterReferenced=(2.89 m/s) SpeedGroundReferenced=(None) SpeedWaterReferencedType=(None) SpeedDirection=(None)

3  : pgn=129540 line=Tx 10379827 19 fa 04 03 60 9f dc ff 0d 03 97 1a
source=3: pgn=GNSS Sats in View(129540): values=RangeResidualMode=(None) SatsinView=(220) PRN=(None) Elevation=(4.47 deg) Azimuth=(39.00 deg) SNR=(0.0 dB) Rangeresiduals=(0) Status=("0")

3  : pgn=129540 line=Tx 10379827 19 fa 04 03 61 2e 26 00 00 00 00 00
source=3: pgn=GNSS Sats in View(129540): values=RangeResidualMode=("0") SatsinView=(38) PRN=(0) Elevation=(0.00 deg) Azimuth=(0.00 deg) SNR=(0.0 dB) Rangeresiduals=(0) Status=("0")

3  : pgn=129540 line=Tx 10379827 19 fa 04 03 62 00 f3 0f ff 1d ad 3c
source=3: pgn=GNSS Sats in View(129540): values=RangeResidualMode=("0") SatsinView=(243) PRN=(15) Elevation=(44.00 deg) Azimuth=(89.00 deg) SNR=(0.0 dB) Rangeresiduals=(0) Status=("0")

3  : pgn=129540 line=Tx 10379827 19 fa 04 03 63 10 0e 00 00 00 00 f5
source=3: pgn=GNSS Sats in View(129540): values=RangeResidualMode=("0") SatsinView=(14) PRN=(0) Elevation=(0.00 deg) Azimuth=(359.36 deg) SNR=(0.0 dB) Rangeresiduals=(0) Status=("0")

3  : pgn=129540 line=Tx 10379827 19 fa 04 03 64 10 17 13 c2 b8 1c 0c
source=3: pgn=GNSS Sats in View(129540): values=RangeResidualMode=("0") SatsinView=(23) PRN=(19) Elevation=(-104.50 deg) Azimuth=(17.76 deg) SNR=(0.0 dB) Rangeresiduals=(0) Status=("0")

3  : pgn=129540 line=Tx 10379827 19 fa 04 03 65 00 00 00 00 f5 12 c5
source=3: pgn=GNSS Sats in View(129540): values=RangeResidualMode=("0") SatsinView=(0) PRN=(0) Elevation=(-16.13 deg) Azimuth=(289.06 deg) SNR=(0.0 dB) Rangeresiduals=(0) Status=("0")

3  : pgn=129540 line=Tx 10379827 19 fa 04 03 66 31 f2 93 e4 0c 00 00
source=3: pgn=GNSS Sats in View(129540): values=RangeResidualMode=("1") SatsinView=(242) PRN=(147) Elevation=(18.91 deg) Azimuth=(0.00 deg) SNR=(0.0 dB) Rangeresiduals=(0) Status=("0")

3  : pgn=129540 line=Tx 10379828 19 fa 04 03 67 00 00 f5 13 69 03 1f
source=3: pgn=GNSS Sats in View(129540): values=RangeResidualMode=("0") SatsinView=(0) PRN=(245) Elevation=(154.12 deg) Azimuth=(45.49 deg) SNR=(0.0 dB) Rangeresiduals=(0) Status=("0")

3  : pgn=129540 line=Tx 10379828 19 fa 04 03 68 d8 d8 0e 00 00 00 00
source=3: pgn=GNSS Sats in View(129540): values=RangeResidualMode=("0") SatsinView=(216) PRN=(14) Elevation=(0.00 deg) Azimuth=(0.00 deg) SNR=(0.0 dB) Rangeresiduals=(0) Status=("0")

3  : pgn=129540 line=Tx 10379828 19 fa 04 03 69 f5 15 e8 37 c5 22 10
source=3: pgn=GNSS Sats in View(129540): values=RangeResidualMode=("1") SatsinView=(21) PRN=(232) Elevation=(-86.22 deg) Azimuth=(23.66 deg) SNR=(0.0 dB) Rangeresiduals=(0) Status=("0")

3  : pgn=129540 line=Tx 10379828 19 fa 04 03 6a 0e 00 00 00 00 f5 16
source=3: pgn=GNSS Sats in View(129540): values=RangeResidualMode=("0") SatsinView=(0) PRN=(0) Elevation=(0.00 deg) Azimuth=(33.67 deg) SNR=(0.0 dB) Rangeresiduals=(0) Status=("0")

3  : pgn=129540 line=Tx 10379829 19 fa 04 03 6b 80 16 7d 9d 74 0e 00
source=3: pgn=GNSS Sats in View(129540): values=RangeResidualMode=("0") SatsinView=(22) PRN=(125) Elevation=(171.05 deg) Azimuth=(0.08 deg) SNR=(0.0 dB) Rangeresiduals=(0) Status=("0")

3  : pgn=129540 line=Tx 10379830 19 fa 04 03 6c 00 00 00 f5 1a ae 0f
source=3: pgn=GNSS Sats in View(129540): values=RangeResidualMode=("0") SatsinView=(0) PRN=(0) Elevation=(39.54 deg) Azimuth=(23.00 deg) SNR=(0.0 dB) Rangeresiduals=(0) Status=("0")

3  : pgn=129540 line=Tx 10379830 19 fa 04 03 6d 5d 1f ac 0d 00 00 00
source=3: pgn=GNSS Sats in View(129540): values=RangeResidualMode=("1") SatsinView=(31) PRN=(172) Elevation=(0.07 deg) Azimuth=(0.00 deg) SNR=(0.0 dB) Rangeresiduals=(0) Status=("0")

3  : pgn=129540 line=Tx 10379831 19 fa 04 03 6e 00 f5 1b d1 15 ab d2
source=3: pgn=GNSS Sats in View(129540): values=RangeResidualMode=("0") SatsinView=(245) PRN=(27) Elevation=(32.00 deg) Azimuth=(309.00 deg) SNR=(0.0 dB) Rangeresiduals=(0) Status=("0")

3  : pgn=129540 line=Tx 10379832 19 fa 04 03 6f 80 0c 00 00 00 00 f5
source=3: pgn=GNSS Sats in View(129540): values=RangeResidualMode=("0") SatsinView=(12) PRN=(0) Elevation=(0.00 deg) Azimuth=(359.36 deg) SNR=(0.0 dB) Rangeresiduals=(0) Status=("0")

3  : pgn=129540 line=Tx 10379832 19 fa 04 03 70 1d 51 0e a1 67 1c 0c
source=3: pgn=GNSS Sats in View(129540): values=RangeResidualMode=("1") SatsinView=(81) PRN=(14) Elevation=(152.00 deg) Azimuth=(17.76 deg) SNR=(0.0 dB) Rangeresiduals=(0) Status=("0")

3  : pgn=129540 line=Tx 10379833 19 fa 04 03 71 00 00 00 00 f5 23 d1
source=3: pgn=GNSS Sats in View(129540): values=RangeResidualMode=("0") SatsinView=(0) PRN=(0) Elevation=(-16.13 deg) Azimuth=(306.76 deg) SNR=(0.0 dB) Rangeresiduals=(0) Status=("0")

3  : pgn=129540 line=Tx 10379834 19 fa 04 03 72 15 c3 8b 00 00 00 00
source=3: pgn=GNSS Sats in View(129540): values=RangeResidualMode=("1") SatsinView=(195) PRN=(139) Elevation=(0.00 deg) Azimuth=(0.00 deg) SNR=(0.0 dB) Rangeresiduals=(0) Status=("0")

3  : pgn=129540 line=Tx 10379835 19 fa 04 03 73 00 00 f3 30 2e 17 43
source=3: pgn=GNSS Sats in View(129540): values=RangeResidualMode=("0") SatsinView=(0) PRN=(243) Elevation=(67.75 deg) Azimuth=(98.41 deg) SNR=(0.0 dB) Rangeresiduals=(0) Status=("0")

3  : pgn=129540 line=Tx 10379836 19 fa 04 03 74 84 e4 0c 00 00 00 00
source=3: pgn=GNSS Sats in View(129540): values=RangeResidualMode=("0") SatsinView=(228) PRN=(12) Elevation=(0.00 deg) Azimuth=(0.00 deg) SNR=(0.0 dB) Rangeresiduals=(0) Status=("0")

3  : pgn=129540 line=Tx 10379837 19 fa 04 03 75 f5 33 80 16 67 6c 74
source=3: pgn=GNSS Sats in View(129540): values=RangeResidualMode=("1") SatsinView=(51) PRN=(128) Elevation=(151.20 deg) Azimuth=(170.76 deg) SNR=(0.0 dB) Rangeresiduals=(0) Status=("0")

3  : pgn=129540 line=Tx 10379837 19 fa 04 03 76 0e 00 00 00 00 f5 ff
source=3: pgn=GNSS Sats in View(129540): values=RangeResidualMode=("0") SatsinView=(0) PRN=(0) Elevation=(0.00 deg) Azimuth=(375.43 deg) SNR=(0.0 dB) Rangeresiduals=(0) Status=("0")

3  : pgn=129025 line=Tx 10379838 09 f8 01 03 84 57 6f 1c 49 e8 fd b6
source=3: pgn=Position, Rapid Update(129025): values=Latitude=(47.705894799999996 deg) Longitude=(-122.4873911 deg)

3  : pgn=127258 line=Tx 10379839 19 f1 1a 03 ff f6 12 39 fa 0a ff ff
source=3: pgn=Magnetic Variation(127258): values=Source=("6") Ageofservice=(14610 d) Variation=(16.10 deg)

3  : pgn=65311  line=Tx 10379839 1c ff 1f 03 3b 9f ff fa 0a ff ff ff
0  : pgn=127250 line=Rx 10379870 09 f1 12 00 ff 1f 42 ff 7f ff 7f fd
source=0: pgn=Vessel Heading(127250): values=Heading=(96.98 deg) Deviation=(None) Variation=(None) Reference=("1")

0  : pgn=127245 line=Rx 10379871 09 f1 0d 00 00 f8 ff 7f 00 00 ff ff
source=0: pgn=Rudder(127245): values=Instance=(0) DirectionOrder=("0") AngleOrder=(None) Position=(0.00 deg)

0  : pgn=65359  line=Rx 10379877 1c ff 4f 00 3b 9f ff ff ff 1f 42 ff
source=0: pgn=Seatalk: Pilot Heading(65359): values=ManufacturerCode=(1851) IndustryCode=(4) HeadingTrue=(None) HeadingMagnetic=(96.98 deg)

1  : pgn=129038 line=Rx 10379898 11 f8 0e 01 60 1b c1 50 e0 e6 15 3c
1  : pgn=129038 line=Rx 10379899 11 f8 0e 01 61 86 ca b6 5a 73 67 1c
1  : pgn=129038 line=Rx 10379899 11 f8 0e 01 62 14 f5 ee 05 00 00 00
1  : pgn=129038 line=Rx 10379900 11 f8 0e 01 63 00 96 29 2e 1a ff fe
32 : pgn=128259 line=Rx 10379916 09 f5 03 20 3a 1c 01 ff ff ff ff ff
source=32: pgn=Speed(128259): values=SpeedWaterReferenced=(2.84 m/s) SpeedGroundReferenced=(None) SpeedWaterReferencedType=(None) SpeedDirection=(None)

32 : pgn=130310 line=Rx 10379919 15 fd 06 20 05 ff ff ff ff ff ff ff
source=32: pgn=Environmental Parameters (obsolete)(130310): values=WaterTemperature=(None) OutsideAmbientAirTemperature=(None) AtmosphericPressure=(None)

3  : pgn=129026 line=Tx 10379928 09 f8 02 03 ff fc 9c 4b 44 01 ff ff
source=3: pgn=COG & SOG, Rapid Update(129026): values=COGReference=("0") COG=(110.90 deg) SOG=(3.24 m/s)

3  : pgn=129025 line=Tx 10379928 09 f8 01 03 6c 57 6f 1c 90 e8 fd b6
source=3: pgn=Position, Rapid Update(129025): values=Latitude=(47.705892399999996 deg) Longitude=(-122.48738399999999 deg)

32 : pgn=128275 line=Rx 10379929 19 f5 13 20 80 0e ff ff ff ff ff ff
32 : pgn=128275 line=Rx 10379934 19 f5 13 20 81 8c ae 3c 00 8c ae 3c
32 : pgn=128275 line=Rx 10379939 19 f5 13 20 82 00 ff ff ff ff ff ff
1  : pgn=59936  line=Rx 10379958 18 ea 20 01 00 ee 00 00 00 00 00 00
0  : pgn=127250 line=Rx 10379970 09 f1 12 00 ff 38 42 ff 7f ff 7f fd
source=0: pgn=Vessel Heading(127250): values=Heading=(97.13 deg) Deviation=(None) Variation=(None) Reference=("1")

0  : pgn=127245 line=Rx 10379970 09 f1 0d 00 00 f8 ff 7f 00 00 ff ff
source=0: pgn=Rudder(127245): values=Instance=(0) DirectionOrder=("0") AngleOrder=(None) Position=(0.00 deg)

0  : pgn=65359  line=Rx 10379974 1c ff 4f 00 3b 9f ff ff ff 38 42 ff
source=0: pgn=Seatalk: Pilot Heading(65359): values=ManufacturerCode=(1851) IndustryCode=(4) HeadingTrue=(None) HeadingMagnetic=(97.13 deg)

32 : pgn=128259 line=Rx 10380013 09 f5 03 20 3b 0b 01 ff ff ff ff ff
1  : pgn=129038 line=Rx 10380019 11 f8 0e 01 80 1b c1 aa eb e0 15 25
1  : pgn=129038 line=Rx 10380019 11 f8 0e 01 81 20 0e b7 c5 3b 68 1c
1  : pgn=129038 line=Rx 10380020 11 f8 0e 01 82 14 97 0b 00 00 00 00
1  : pgn=129038 line=Rx 10380020 11 f8 0e 01 83 00 ff ff ff 7f f8 fe
3  : pgn=129029 line=Tx 10380028 0d f8 05 03 20 2b ba 06 40 e4 67 19
3  : pgn=129029 line=Tx 10380028 0d f8 05 03 21 2c 00 38 f3 55 90 da
3  : pgn=129029 line=Tx 10380028 0d f8 05 03 22 9e 06 00 a0 21 70 bb
3  : pgn=129029 line=Tx 10380028 0d f8 05 03 23 5f 00 ef ff ff ff ff
3  : pgn=129029 line=Tx 10380028 0d f8 05 03 24 ff ff ff 7f 23 fc 09
3  : pgn=129029 line=Tx 10380028 0d f8 05 03 25 4f 00 ff 7f ff ff ff
3  : pgn=129029 line=Tx 10380028 0d f8 05 03 26 7f 00 ff ff ff ff ff
3  : pgn=129025 line=Tx 10380028 09 f8 01 03 6c 57 6f 1c 90 e8 fd b6
source=3: pgn=Position, Rapid Update(129025): values=Latitude=(47.705892399999996 deg) Longitude=(-122.48738399999999 deg)

3  : pgn=129033 line=Tx 10380028 0d f8 09 03 06 40 e4 67 19 2c 5c fe
source=3: pgn=Time & Date(129033): values=Date=(16390 d) Time=(73986.25 s) LocalOffset=(-25200.0 s)

0  : pgn=127250 line=Rx 10380070 09 f1 12 00 ff 44 42 ff 7f ff 7f fd
source=0: pgn=Vessel Heading(127250): values=Heading=(97.20 deg) Deviation=(None) Variation=(None) Reference=("1")

0  : pgn=127245 line=Rx 10380071 09 f1 0d 00 00 f8 ff 7f 00 00 ff ff
source=0: pgn=Rudder(127245): values=Instance=(0) DirectionOrder=("0") AngleOrder=(None) Position=(0.00 deg)

0  : pgn=65359  line=Rx 10380077 1c ff 4f 00 3b 9f ff ff ff 44 42 ff
source=0: pgn=Seatalk: Pilot Heading(65359): values=ManufacturerCode=(1851) IndustryCode=(4) HeadingTrue=(None) HeadingMagnetic=(97.20 deg)

0  : pgn=126975 line=Rx 10380079 1d ef ff 00 00 08 3b 9f f0 81 9c 91
0  : pgn=126975 line=Rx 10380081 1d ef ff 00 01 03 00 ff ff ff ff ff
32 : pgn=128259 line=Rx 10380113 09 f5 03 20 3c 11 01 ff ff ff ff ff
source=32: pgn=Speed(128259): values=SpeedWaterReferenced=(2.73 m/s) SpeedGroundReferenced=(None) SpeedWaterReferencedType=(None) SpeedDirection=(None)

3  : pgn=129026 line=Tx 10380130 09 f8 02 03 ff fc 9c 4b 44 01 ff ff
source=3: pgn=COG & SOG, Rapid Update(129026): values=COGReference=("0") COG=(110.90 deg) SOG=(3.24 m/s)

3  : pgn=129025 line=Tx 10380130 09 f8 01 03 53 57 6f 1c d8 e8 fd b6
source=3: pgn=Position, Rapid Update(129025): values=Latitude=(47.705889899999995 deg) Longitude=(-122.48737679999999 deg)

3  : pgn=126992 line=Tx 10380131 0d f0 10 03 ff ff 06 40 48 72 19 2c
source=3: pgn=System Time(126992): values=Source=(None) Date=(16390 d) Time=(73986.516 s)

0  : pgn=127250 line=Rx 10380170 09 f1 12 00 ff 52 42 ff 7f ff 7f fd
source=0: pgn=Vessel Heading(127250): values=Heading=(97.28 deg) Deviation=(None) Variation=(None) Reference=("1")

0  : pgn=127245 line=Rx 10380171 09 f1 0d 00 00 f8 ff 7f 00 00 ff ff
source=0: pgn=Rudder(127245): values=Instance=(0) DirectionOrder=("0") AngleOrder=(None) Position=(0.00 deg)

0  : pgn=65359  line=Rx 10380175 1c ff 4f 00 3b 9f ff ff ff 52 42 ff
source=0: pgn=Seatalk: Pilot Heading(65359): values=ManufacturerCode=(1851) IndustryCode=(4) HeadingTrue=(None) HeadingMagnetic=(97.28 deg)

32 : pgn=128259 line=Rx 10380212 09 f5 03 20 3d 13 01 ff ff ff ff ff
source=32: pgn=Speed(128259): values=SpeedWaterReferenced=(2.75 m/s) SpeedGroundReferenced=(None) SpeedWaterReferencedType=(None) SpeedDirection=(None)

3  : pgn=129025 line=Tx 10380230 09 f8 01 03 3a 57 6f 1c 23 e9 fd b6
source=3: pgn=Position, Rapid Update(129025): values=Latitude=(47.705887399999995 deg) Longitude=(-122.4873693 deg)

1  : pgn=129038 line=Rx 10380262 11 f8 0e 01 a0 1b c1 a8 2c e8 15 66
1  : pgn=129038 line=Rx 10380262 11 f8 0e 01 a1 cc 0c b7 ee 76 69 1c
1  : pgn=129038 line=Rx 10380263 11 f8 0e 01 a2 14 16 10 00 00 00 00
1  : pgn=129038 line=Rx 10380263 11 f8 0e 01 a3 00 ff ff ff 7f ff fe
0  : pgn=127250 line=Rx 10380271 09 f1 12 00 ff 53 42 ff 7f ff 7f fd
source=0: pgn=Vessel Heading(127250): values=Heading=(97.28 deg) Deviation=(None) Variation=(None) Reference=("1")

0  : pgn=127245 line=Rx 10380272 09 f1 0d 00 00 f8 ff 7f 00 00 ff ff
source=0: pgn=Rudder(127245): values=Instance=(0) DirectionOrder=("0") AngleOrder=(None) Position=(0.00 deg)

0  : pgn=65359  line=Rx 10380279 1c ff 4f 00 3b 9f ff ff ff 53 42 ff
source=0: pgn=Seatalk: Pilot Heading(65359): values=ManufacturerCode=(1851) IndustryCode=(4) HeadingTrue=(None) HeadingMagnetic=(97.28 deg)

1  : pgn=129038 line=Rx 10380292 11 f8 0e 01 c0 1b c1 da 4c dc 15 bd
1  : pgn=129038 line=Rx 10380294 11 f8 0e 01 c1 88 07 b7 95 64 5f 1c
1  : pgn=129038 line=Rx 10380294 11 f8 0e 01 c2 19 d9 b3 98 03 00 00
1  : pgn=129038 line=Rx 10380294 11 f8 0e 01 c3 00 ab b4 00 00 ff fe
32 : pgn=128259 line=Rx 10380312 09 f5 03 20 3e 15 01 ff ff ff ff ff
source=32: pgn=Speed(128259): values=SpeedWaterReferenced=(2.77 m/s) SpeedGroundReferenced=(None) SpeedWaterReferencedType=(None) SpeedDirection=(None)

3  : pgn=129026 line=Tx 10380330 09 f8 02 03 ff fc e2 4b 44 01 ff ff
source=3: pgn=COG & SOG, Rapid Update(129026): values=COGReference=("0") COG=(111.30 deg) SOG=(3.24 m/s)

3  : pgn=129025 line=Tx 10380330 09 f8 01 03 3a 57 6f 1c 23 e9 fd b6
source=3: pgn=Position, Rapid Update(129025): values=Latitude=(47.705887399999995 deg) Longitude=(-122.4873693 deg)

3  : pgn=129291 line=Tx 10380330 0d f9 0b 03 ff fc 4f 44 3a 00 ff ff
source=3: pgn=Set & Drift, Rapid Update(129291): values=SetReference=("0") Set=(100.19 deg) Drift=(0.58 m/s)

3  : pgn=65362  line=Tx 10380330 1c ff 52 03 3b 9f 90 9d ff ff ff ff
1  : pgn=129038 line=Rx 10380357 11 f8 0e 01 e0 1b c1 4e 83 dc 15 fa
1  : pgn=129038 line=Rx 10380357 11 f8 0e 01 e1 0a 0a b7 9b 19 53 1c
1  : pgn=129038 line=Rx 10380358 11 f8 0e 01 e2 19 f9 2e c0 02 00 00
1  : pgn=129038 line=Rx 10380358 11 f8 0e 01 e3 00 a2 2b 00 00 f0 fe
0  : pgn=127250 line=Rx 10380370 09 f1 12 00 ff 43 42 ff 7f ff 7f fd
source=0: pgn=Vessel Heading(127250): values=Heading=(97.19 deg) Deviation=(None) Variation=(None) Reference=("1")

0  : pgn=127245 line=Rx 10380371 09 f1 0d 00 00 f8 ff 7f 00 00 ff ff
source=0: pgn=Rudder(127245): values=Instance=(0) DirectionOrder=("0") AngleOrder=(None) Position=(0.00 deg)

0  : pgn=65359  line=Rx 10380375 1c ff 4f 00 3b 9f ff ff ff 43 42 ff
source=0: pgn=Seatalk: Pilot Heading(65359): values=ManufacturerCode=(1851) IndustryCode=(4) HeadingTrue=(None) HeadingMagnetic=(97.19 deg)

1  : pgn=129038 line=Rx 10380387 11 f8 0e 01 00 1b c1 8a ff e7 15 60
1  : pgn=129038 line=Rx 10380387 11 f8 0e 01 01 67 0e b7 ae 32 68 1c
1  : pgn=129038 line=Rx 10380388 11 f8 0e 01 02 18 9c 0c 00 00 00 00
source=1: pgn=AIS Class A Position Report(129038): values=MessageID=(2) RepeatIndicator=("0") UserID=(826392) Longitude=(0.0 deg) Latitude=(0.0 deg) PositionAccuracy=("0") RAIM=("0") TimeStamp=("0") COG=(0.00 deg) SOG=(0.0 m/s) CommunicationState=(0) AISTransceiverinformation=("0") Heading=(0.00 deg) RateofTurn=(0.00 deg/s) NavStatus=("0") SpecialManeuverIndicator=("0") Spare=(0) SequenceID=(0)

1  : pgn=129038 line=Rx 10380388 11 f8 0e 01 03 00 ff ff ff 7f ff fe
source=1: pgn=AIS Class A Position Report(129038): values=MessageID=(3) RepeatIndicator=("0") UserID=(4294967040) Longitude=(0.0 deg) Latitude=(0.0 deg) PositionAccuracy=("0") RAIM=("0") TimeStamp=("0") COG=(0.00 deg) SOG=(0.0 m/s) CommunicationState=(0) AISTransceiverinformation=("0") Heading=(0.00 deg) RateofTurn=(0.00 deg/s) NavStatus=("0") SpecialManeuverIndicator=("0") Spare=(0) SequenceID=(0)

4  : pgn=65384  line=Rx 10380400 1c ff 68 04 3b 9f 00 00 00 00 00 00
32 : pgn=128259 line=Rx 10380411 09 f5 03 20 3f 19 01 ff ff ff ff ff
source=32: pgn=Speed(128259): values=SpeedWaterReferenced=(2.81 m/s) SpeedGroundReferenced=(None) SpeedWaterReferencedType=(None) SpeedDirection=(None)

3  : pgn=129025 line=Tx 10380430 09 f8 01 03 1d 57 6f 1c 65 e9 fd b6
source=3: pgn=Position, Rapid Update(129025): values=Latitude=(47.705884499999996 deg) Longitude=(-122.48736269999999 deg)

0  : pgn=127250 line=Rx 10380470 09 f1 12 00 ff 2c 42 ff 7f ff 7f fd
source=0: pgn=Vessel Heading(127250): values=Heading=(97.06 deg) Deviation=(None) Variation=(None) Reference=("1")

0  : pgn=127245 line=Rx 10380471 09 f1 0d 00 00 f8 ff 7f 00 00 ff ff
source=0: pgn=Rudder(127245): values=Instance=(0) DirectionOrder=("0") AngleOrder=(None) Position=(0.00 deg)

0  : pgn=65359  line=Rx 10380477 1c ff 4f 00 3b 9f ff ff ff 2c 42 ff
source=0: pgn=Seatalk: Pilot Heading(65359): values=ManufacturerCode=(1851) IndustryCode=(4) HeadingTrue=(None) HeadingMagnetic=(97.06 deg)

1  : pgn=129038 line=Rx 10380479 11 f8 0e 01 20 1b c1 0e 28 dc 15 d8
1  : pgn=129038 line=Rx 10380479 11 f8 0e 01 21 68 03 b7 50 6f 60 1c
1  : pgn=129038 line=Rx 10380480 11 f8 0e 01 22 1d 0a 38 e0 03 00 00
1  : pgn=129038 line=Rx 10380480 11 f8 0e 01 23 00 2d 35 00 00 f0 fe
32 : pgn=128259 line=Rx 10380511 09 f5 03 20 40 18 01 ff ff ff ff ff
source=32: pgn=Speed(128259): values=SpeedWaterReferenced=(2.8000000000000003 m/s) SpeedGroundReferenced=(None) SpeedWaterReferencedType=(None) SpeedDirection=(None)

3  : pgn=129026 line=Tx 10380530 09 f8 02 03 ff fc 39 4c 44 01 ff ff
source=3: pgn=COG & SOG, Rapid Update(129026): values=COGReference=("0") COG=(111.80 deg) SOG=(3.24 m/s)

3  : pgn=130577 line=Tx 10380530 0d fe 11 03 40 0e c0 bb 39 4c 44 01
3  : pgn=130577 line=Tx 10380530 0d fe 11 03 41 ff ff ff ff 4f 44 3a
3  : pgn=130577 line=Tx 10380530 0d fe 11 03 42 00 ff ff ff ff ff ff
3  : pgn=129025 line=Tx 10380530 09 f8 01 03 1d 57 6f 1c 65 e9 fd b6
3  : pgn=130306 line=Tx 10380530 09 fd 02 03 ff 13 03 c2 c7 fa ff ff
source=3: pgn=Wind Data(130306): values=WindSpeed=(7.87 m/s) WindAngle=(293.00 deg) Reference=("2")

0  : pgn=127250 line=Rx 10380569 09 f1 12 00 ff 1e 42 ff 7f ff 7f fd
source=0: pgn=Vessel Heading(127250): values=Heading=(96.98 deg) Deviation=(None) Variation=(None) Reference=("1")

1  : pgn=129038 line=Rx 10380570 11 f8 0e 01 40 1b c1 fa 6c e7 15 ab
0  : pgn=127245 line=Rx 10380571 09 f1 0d 00 00 f8 ff 7f 00 00 ff ff
source=0: pgn=Rudder(127245): values=Instance=(0) DirectionOrder=("0") AngleOrder=(None) Position=(0.00 deg)

1  : pgn=129038 line=Rx 10380571 11 f8 0e 01 41 b3 0f b7 40 fb 67 1c
1  : pgn=129038 line=Rx 10380572 11 f8 0e 01 42 18 39 10 00 00 00 00
1  : pgn=129038 line=Rx 10380572 11 f8 0e 01 43 00 ff ff ff 7f ff fe
0  : pgn=65379  line=Rx 10380577 1c ff 63 00 3b 9f 00 00 00 00 01 ff
source=0: pgn=Seatalk: Pilot Mode(65379): values=ManufacturerCode=(1851) IndustryCode=(4) PilotMode=(0) SubMode=(0) PilotModeData=(0)

0  : pgn=65359  line=Rx 10380578 1c ff 4f 00 3b 9f ff ff ff 1e 42 ff
source=0: pgn=Seatalk: Pilot Heading(65359): values=ManufacturerCode=(1851) IndustryCode=(4) HeadingTrue=(None) HeadingMagnetic=(96.98 deg)

0  : pgn=126975 line=Rx 10380586 1d ef ff 00 20 0d 3b 9f f0 81 84 96
0  : pgn=126975 line=Rx 10380588 1d ef ff 00 21 43 0e 00 00 00 02 05
32 : pgn=128259 line=Rx 10380610 09 f5 03 20 41 27 01 ff ff ff ff ff
source=32: pgn=Speed(128259): values=SpeedWaterReferenced=(2.95 m/s) SpeedGroundReferenced=(None) SpeedWaterReferencedType=(None) SpeedDirection=(None)

3  : pgn=129283 line=Tx 10380631 0d f9 03 03 ff 7f ff ff ff 7f ff ff
source=3: pgn=Cross Track Error(129283): values=XTEmode=(None) NavigationTerminated=("1") XTE=(None)

3  : pgn=129025 line=Tx 10380631 09 f8 01 03 1d 57 6f 1c 65 e9 fd b6
source=3: pgn=Position, Rapid Update(129025): values=Latitude=(47.705884499999996 deg) Longitude=(-122.48736269999999 deg)

3  : pgn=128267 line=Tx 10380631 0d f5 0b 03 ff 3f 3e 00 00 00 00 ff
source=3: pgn=Water Depth(128267): values=Depth=(159.35 m) Offset=(0.0 m) Range=(None)

1  : pgn=129038 line=Rx 10380632 11 f8 0e 01 60 1b c3 fa 89 e8 15 d0
1  : pgn=129038 line=Rx 10380632 11 f8 0e 01 61 17 13 b7 11 ab 60 1c
1  : pgn=129038 line=Rx 10380633 11 f8 0e 01 62 18 19 d1 81 01 00 00
1  : pgn=129038 line=Rx 10380634 11 f8 0e 01 63 00 41 cf d2 e5 ff fe
0  : pgn=127250 line=Rx 10380670 09 f1 12 00 ff 09 42 ff 7f ff 7f fd
source=0: pgn=Vessel Heading(127250): values=Heading=(96.86 deg) Deviation=(None) Variation=(None) Reference=("1")

0  : pgn=127245 line=Rx 10380670 09 f1 0d 00 00 f8 ff 7f 00 00 ff ff
source=0: pgn=Rudder(127245): values=Instance=(0) DirectionOrder=("0") AngleOrder=(None) Position=(0.00 deg)

0  : pgn=65359  line=Rx 10380677 1c ff 4f 00 3b 9f ff ff ff 09 42 ff
source=0: pgn=Seatalk: Pilot Heading(65359): values=ManufacturerCode=(1851) IndustryCode=(4) HeadingTrue=(None) HeadingMagnetic=(96.86 deg)

0  : pgn=126975 line=Rx 10380680 1d ef ff 00 40 09 3b 9f f0 81 ae 02
0  : pgn=126975 line=Rx 10380682 1d ef ff 00 41 00 08 00 ff ff ff ff
1  : pgn=129038 line=Rx 10380693 11 f8 0e 01 80 1b c1 76 c0 e0 15 8d
1  : pgn=129038 line=Rx 10380693 11 f8 0e 01 81 a6 0c b7 6e 60 69 1c
1  : pgn=129038 line=Rx 10380694 11 f8 0e 01 82 18 ac 72 00 00 00 00
1  : pgn=129038 line=Rx 10380694 11 f8 0e 01 83 00 ff ff ff 7f ff fe
32 : pgn=128259 line=Rx 10380710 09 f5 03 20 42 2a 01 ff ff ff ff ff
source=32: pgn=Speed(128259): values=SpeedWaterReferenced=(2.98 m/s) SpeedGroundReferenced=(None) SpeedWaterReferencedType=(None) SpeedDirection=(None)

3  : pgn=129026 line=Tx 10380732 09 f8 02 03 ff fc 27 4c 44 01 ff ff
source=3: pgn=COG & SOG, Rapid Update(129026): values=COGReference=("0") COG=(111.70 deg) SOG=(3.24 m/s)

3  : pgn=129025 line=Tx 10380732 09 f8 01 03 09 57 6f 1c f9 e9 fd b6
source=3: pgn=Position, Rapid Update(129025): values=Latitude=(47.7058825 deg) Longitude=(-122.48734789999999 deg)

3  : pgn=129542 line=Tx 10380732 19 fa 06 03 40 0f bb 21 01 00 00 00
3  : pgn=129542 line=Tx 10380732 19 fa 06 03 41 00 00 00 00 00 00 00
3  : pgn=129542 line=Tx 10380732 19 fa 06 03 42 00 00 ff ff ff ff ff
3  : pgn=65364  line=Tx 10380732 1c ff 54 03 3b 9f 13 03 c2 c7 ff ff
3  : pgn=130846 line=Tx 10380732 1d ff 1e 03 c0 0c 3b 9f 0b 1a 13 cc
source=3: pgn=Furuno: Motion Sensor Status Extended(130846): values=ManufacturerCode=(1216) IndustryCode=(0)

3  : pgn=130846 line=Tx 10380732 1d ff 1e 03 c1 05 01 40 01 ff ff ff
source=3: pgn=Furuno: Motion Sensor Status Extended(130846): values=ManufacturerCode=(1473) IndustryCode=(0)

0  : pgn=127250 line=Rx 10380772 09 f1 12 00 ff fd 41 ff 7f ff 7f fd
source=0: pgn=Vessel Heading(127250): values=Heading=(96.79 deg) Deviation=(None) Variation=(None) Reference=("1")

0  : pgn=127245 line=Rx 10380773 09 f1 0d 00 00 f8 ff 7f 00 00 ff ff
source=0: pgn=Rudder(127245): values=Instance=(0) DirectionOrder=("0") AngleOrder=(None) Position=(0.00 deg)

0  : pgn=65359  line=Rx 10380779 1c ff 4f 00 3b 9f ff ff ff fd 41 ff
source=0: pgn=Seatalk: Pilot Heading(65359): values=ManufacturerCode=(1851) IndustryCode=(4) HeadingTrue=(None) HeadingMagnetic=(96.79 deg)

32 : pgn=128259 line=Rx 10380809 09 f5 03 20 43 2c 01 ff ff ff ff ff
source=32: pgn=Speed(128259): values=SpeedWaterReferenced=(3.0 m/s) SpeedGroundReferenced=(None) SpeedWaterReferencedType=(None) SpeedDirection=(None)

3  : pgn=129540 line=Tx 10380832 19 fa 04 03 80 9f dd ff 0d 03 97 1a
source=3: pgn=GNSS Sats in View(129540): values=RangeResidualMode=(None) SatsinView=(221) PRN=(None) Elevation=(4.47 deg) Azimuth=(39.00 deg) SNR=(0.0 dB) Rangeresiduals=(0) Status=("0")

3  : pgn=129540 line=Tx 10380832 19 fa 04 03 81 2e 26 00 00 00 00 00
source=3: pgn=GNSS Sats in View(129540): values=RangeResidualMode=("0") SatsinView=(38) PRN=(0) Elevation=(0.00 deg) Azimuth=(0.00 deg) SNR=(0.0 dB) Rangeresiduals=(0) Status=("0")

3  : pgn=129540 line=Tx 10380832 19 fa 04 03 82 00 f3 0f ff 1d ad 3c
source=3: pgn=GNSS Sats in View(129540): values=RangeResidualMode=("0") SatsinView=(243) PRN=(15) Elevation=(44.00 deg) Azimuth=(89.00 deg) SNR=(0.0 dB) Rangeresiduals=(0) Status=("0")

3  : pgn=129540 line=Tx 10380832 19 fa 04 03 83 10 0e 00 00 00 00 f5
source=3: pgn=GNSS Sats in View(129540): values=RangeResidualMode=("0") SatsinView=(14) PRN=(0) Elevation=(0.00 deg) Azimuth=(359.36 deg) SNR=(0.0 dB) Rangeresiduals=(0) Status=("0")

3  : pgn=129540 line=Tx 10380832 19 fa 04 03 84 10 17 13 c2 b8 b8 0b
source=3: pgn=GNSS Sats in View(129540): values=RangeResidualMode=("0") SatsinView=(23) PRN=(19) Elevation=(-104.50 deg) Azimuth=(17.19 deg) SNR=(0.0 dB) Rangeresiduals=(0) Status=("0")

3  : pgn=129540 line=Tx 10380832 19 fa 04 03 85 00 00 00 00 f5 12 c5
source=3: pgn=GNSS Sats in View(129540): values=RangeResidualMode=("0") SatsinView=(0) PRN=(0) Elevation=(-16.13 deg) Azimuth=(289.06 deg) SNR=(0.0 dB) Rangeresiduals=(0) Status=("0")

3  : pgn=129540 line=Tx 10380832 19 fa 04 03 86 31 f2 93 48 0d 00 00
source=3: pgn=GNSS Sats in View(129540): values=RangeResidualMode=("1") SatsinView=(242) PRN=(147) Elevation=(19.48 deg) Azimuth=(0.00 deg) SNR=(0.0 dB) Rangeresiduals=(0) Status=("0")

3  : pgn=129540 line=Tx 10380832 19 fa 04 03 87 00 00 f5 13 69 03 1f
source=3: pgn=GNSS Sats in View(129540): values=RangeResidualMode=("0") SatsinView=(0) PRN=(245) Elevation=(154.12 deg) Azimuth=(45.49 deg) SNR=(0.0 dB) Rangeresiduals=(0) Status=("0")

3  : pgn=129540 line=Tx 10380832 19 fa 04 03 88 d8 d8 0e 00 00 00 00
source=3: pgn=GNSS Sats in View(129540): values=RangeResidualMode=("0") SatsinView=(216) PRN=(14) Elevation=(0.00 deg) Azimuth=(0.00 deg) SNR=(0.0 dB) Rangeresiduals=(0) Status=("0")

3  : pgn=129540 line=Tx 10380832 19 fa 04 03 89 f5 15 e8 37 c5 22 ac
source=3: pgn=GNSS Sats in View(129540): values=RangeResidualMode=("1") SatsinView=(21) PRN=(232) Elevation=(-86.22 deg) Azimuth=(252.48 deg) SNR=(0.0 dB) Rangeresiduals=(0) Status=("0")

3  : pgn=129540 line=Tx 10380832 19 fa 04 03 8a 0d 00 00 00 00 f5 16
source=3: pgn=GNSS Sats in View(129540): values=RangeResidualMode=("1") SatsinView=(0) PRN=(0) Elevation=(0.00 deg) Azimuth=(33.67 deg) SNR=(0.0 dB) Rangeresiduals=(0) Status=("0")

3  : pgn=129540 line=Tx 10380833 19 fa 04 03 8b 80 16 7d 9d ac 0d 00
source=3: pgn=GNSS Sats in View(129540): values=RangeResidualMode=("0") SatsinView=(22) PRN=(125) Elevation=(-122.31 deg) Azimuth=(0.07 deg) SNR=(0.0 dB) Rangeresiduals=(0) Status=("0")

3  : pgn=129540 line=Tx 10380834 19 fa 04 03 8c 00 00 00 f5 1a ae 0f
source=3: pgn=GNSS Sats in View(129540): values=RangeResidualMode=("0") SatsinView=(0) PRN=(0) Elevation=(39.54 deg) Azimuth=(23.00 deg) SNR=(0.0 dB) Rangeresiduals=(0) Status=("0")

3  : pgn=129540 line=Tx 10380835 19 fa 04 03 8d 5d 1f e4 0c 00 00 00
source=3: pgn=GNSS Sats in View(129540): values=RangeResidualMode=("1") SatsinView=(31) PRN=(228) Elevation=(0.07 deg) Azimuth=(0.00 deg) SNR=(0.0 dB) Rangeresiduals=(0) Status=("0")

3  : pgn=129540 line=Tx 10380835 19 fa 04 03 8e 00 f5 1b d1 15 ab d2
source=3: pgn=GNSS Sats in View(129540): values=RangeResidualMode=("0") SatsinView=(245) PRN=(27) Elevation=(32.00 deg) Azimuth=(309.00 deg) SNR=(0.0 dB) Rangeresiduals=(0) Status=("0")

3  : pgn=129540 line=Tx 10380836 19 fa 04 03 8f 10 0e 00 00 00 00 f5
source=3: pgn=GNSS Sats in View(129540): values=RangeResidualMode=("0") SatsinView=(14) PRN=(0) Elevation=(0.00 deg) Azimuth=(359.36 deg) SNR=(0.0 dB) Rangeresiduals=(0) Status=("0")

3  : pgn=129540 line=Tx 10380838 19 fa 04 03 90 1d 51 0e a1 67 1c 0c
source=3: pgn=GNSS Sats in View(129540): values=RangeResidualMode=("1") SatsinView=(81) PRN=(14) Elevation=(152.00 deg) Azimuth=(17.76 deg) SNR=(0.0 dB) Rangeresiduals=(0) Status=("0")

3  : pgn=129540 line=Tx 10380839 19 fa 04 03 91 00 00 00 00 f5 23 d1
source=3: pgn=GNSS Sats in View(129540): values=RangeResidualMode=("0") SatsinView=(0) PRN=(0) Elevation=(-16.13 deg) Azimuth=(306.76 deg) SNR=(0.0 dB) Rangeresiduals=(0) Status=("0")

3  : pgn=129540 line=Tx 10380839 19 fa 04 03 92 15 c3 8b 00 00 00 00
source=3: pgn=GNSS Sats in View(129540): values=RangeResidualMode=("1") SatsinView=(195) PRN=(139) Elevation=(0.00 deg) Azimuth=(0.00 deg) SNR=(0.0 dB) Rangeresiduals=(0) Status=("0")

3  : pgn=129540 line=Tx 10380840 19 fa 04 03 93 00 00 f3 30 2e 17 43
source=3: pgn=GNSS Sats in View(129540): values=RangeResidualMode=("0") SatsinView=(0) PRN=(243) Elevation=(67.75 deg) Azimuth=(98.41 deg) SNR=(0.0 dB) Rangeresiduals=(0) Status=("0")

3  : pgn=129540 line=Tx 10380841 19 fa 04 03 94 84 54 0b 00 00 00 00
source=3: pgn=GNSS Sats in View(129540): values=RangeResidualMode=("0") SatsinView=(84) PRN=(11) Elevation=(0.00 deg) Azimuth=(0.00 deg) SNR=(0.0 dB) Rangeresiduals=(0) Status=("0")

3  : pgn=129540 line=Tx 10380841 19 fa 04 03 95 f5 33 80 16 67 6c f0
source=3: pgn=GNSS Sats in View(129540): values=RangeResidualMode=("1") SatsinView=(51) PRN=(128) Elevation=(151.20 deg) Azimuth=(352.64 deg) SNR=(0.0 dB) Rangeresiduals=(0) Status=("0")

3  : pgn=129540 line=Tx 10380843 19 fa 04 03 96 0a 00 00 00 00 f5 ff
source=3: pgn=GNSS Sats in View(129540): values=RangeResidualMode=("0") SatsinView=(0) PRN=(0) Elevation=(0.00 deg) Azimuth=(375.43 deg) SNR=(0.0 dB) Rangeresiduals=(0) Status=("0")

3  : pgn=129025 line=Tx 10380843 09 f8 01 03 09 57 6f 1c f9 e9 fd b6
source=3: pgn=Position, Rapid Update(129025): values=Latitude=(47.7058825 deg) Longitude=(-122.48734789999999 deg)

3  : pgn=127258 line=Tx 10380844 19 f1 1a 03 ff f6 12 39 fa 0a ff ff
source=3: pgn=Magnetic Variation(127258): values=Source=("6") Ageofservice=(14610 d) Variation=(16.10 deg)

0  : pgn=127250 line=Rx 10380870 09 f1 12 00 ff f7 41 ff 7f ff 7f fd
source=0: pgn=Vessel Heading(127250): values=Heading=(96.76 deg) Deviation=(None) Variation=(None) Reference=("1")

0  : pgn=127245 line=Rx 10380870 09 f1 0d 00 00 f8 ff 7f 00 00 ff ff
source=0: pgn=Rudder(127245): values=Instance=(0) DirectionOrder=("0") AngleOrder=(None) Position=(0.00 deg)

1  : pgn=129038 line=Rx 10380876 11 f8 0e 01 a0 1b c1 12 f9 de 15 2e
1  : pgn=129038 line=Rx 10380876 11 f8 0e 01 a1 85 10 b7 a1 76 67 1c
1  : pgn=129038 line=Rx 10380877 11 f8 0e 01 a2 1b 25 a3 00 00 01 00
1  : pgn=129038 line=Rx 10380877 11 f8 0e 01 a3 08 37 91 00 00 f0 fe
0  : pgn=65359  line=Rx 10380879 1c ff 4f 00 3b 9f ff ff ff f7 41 ff
source=0: pgn=Seatalk: Pilot Heading(65359): values=ManufacturerCode=(1851) IndustryCode=(4) HeadingTrue=(None) HeadingMagnetic=(96.76 deg)

32 : pgn=128259 line=Rx 10380911 09 f5 03 20 44 30 01 ff ff ff ff ff
source=32: pgn=Speed(128259): values=SpeedWaterReferenced=(3.04 m/s) SpeedGroundReferenced=(None) SpeedWaterReferencedType=(None) SpeedDirection=(None)

32 : pgn=130310 line=Rx 10380914 15 fd 06 20 06 ff ff ff ff ff ff ff
source=32: pgn=Environmental Parameters (obsolete)(130310): values=WaterTemperature=(None) OutsideAmbientAirTemperature=(None) AtmosphericPressure=(None)

32 : pgn=128275 line=Rx 10380924 19 f5 13 20 a0 0e ff ff ff ff ff ff
32 : pgn=128275 line=Rx 10380929 19 f5 13 20 a1 8c ae 3c 00 8c ae 3c
3  : pgn=129026 line=Tx 10380932 09 f8 02 03 ff fc 27 4c 44 01 ff ff
source=3: pgn=COG & SOG, Rapid Update(129026): values=COGReference=("0") COG=(111.70 deg) SOG=(3.24 m/s)

3  : pgn=129025 line=Tx 10380932 09 f8 01 03 09 57 6f 1c f9 e9 fd b6
source=3: pgn=Position, Rapid Update(129025): values=Latitude=(47.7058825 deg) Longitude=(-122.48734789999999 deg)

32 : pgn=128275 line=Rx 10380934 19 f5 13 20 a2 00 ff ff ff ff ff ff
1  : pgn=59936  line=Rx 10380966 18 ea 20 01 00 ee 00 00 00 00 00 00
0  : pgn=127250 line=Rx 10380970 09 f1 12 00 ff f0 41 ff 7f ff 7f fd
source=0: pgn=Vessel Heading(127250): values=Heading=(96.72 deg) Deviation=(None) Variation=(None) Reference=("1")

0  : pgn=127245 line=Rx 10380971 09 f1 0d 00 00 f8 ff 7f 00 00 ff ff
source=0: pgn=Rudder(127245): values=Instance=(0) DirectionOrder=("0") AngleOrder=(None) Position=(0.00 deg)

0  : pgn=65359  line=Rx 10380975 1c ff 4f 00 3b 9f ff ff ff f0 41 ff
source=0: pgn=Seatalk: Pilot Heading(65359): values=ManufacturerCode=(1851) IndustryCode=(4) HeadingTrue=(None) HeadingMagnetic=(96.72 deg)

1  : pgn=129038 line=Rx 10380996 11 f8 0e 01 c0 1b c1 84 b4 de 15 68
1  : pgn=129038 line=Rx 10380997 11 f8 0e 01 c1 34 0c b7 b5 63 69 1c
1  : pgn=129038 line=Rx 10380998 11 f8 0e 01 c2 18 8b 1b 05 00 00 00
1  : pgn=129038 line=Rx 10380998 11 f8 0e 01 c3 00 ff ff ff 7f f0 fe
32 : pgn=128259 line=Rx 10381008 09 f5 03 20 45 36 01 ff ff ff ff ff
3  : pgn=129029 line=Tx 10381032 0d f8 05 03 40 2b bb 06 40 26 8f 19
3  : pgn=129029 line=Tx 10381032 0d f8 05 03 41 2c 00 d8 3a 42 76 da
3  : pgn=129029 line=Tx 10381032 0d f8 05 03 42 9e 06 00 22 86 52 1f
3  : pgn=129029 line=Tx 10381032 0d f8 05 03 43 60 00 ef ff ff ff ff
3  : pgn=129029 line=Tx 10381032 0d f8 05 03 44 ff ff ff 7f 23 fc 09
3  : pgn=129029 line=Tx 10381032 0d f8 05 03 45 4f 00 ff 7f ff ff ff
3  : pgn=129029 line=Tx 10381032 0d f8 05 03 46 7f 00 ff ff ff ff ff
3  : pgn=129025 line=Tx 10381032 09 f8 01 03 fc 56 6f 1c 3d ea fd b6
source=3: pgn=Position, Rapid Update(129025): values=Latitude=(47.7058812 deg) Longitude=(-122.4873411 deg)

3  : pgn=129033 line=Tx 10381032 0d f8 09 03 06 40 26 8f 19 2c 5c fe
source=3: pgn=Time & Date(129033): values=Date=(16390 d) Time=(73987.255 s) LocalOffset=(-25200.0 s)

4  : pgn=126975 line=Rx 10381059 1d ef ff 04 40 07 3b 9f f0 81 90 00
4  : pgn=126975 line=Rx 10381059 1d ef ff 04 41 03 ff ff ff ff ff ff
1  : pgn=129038 line=Rx 10381060 11 f8 0e 01 e0 1b c1 f8 9b 13 12 dd
1  : pgn=129038 line=Rx 10381060 11 f8 0e 01 e1 68 0e b7 cc 01 64 1c
1  : pgn=129038 line=Rx 10381061 11 f8 0e 01 e2 1b 48 a0 00 00 00 00
1  : pgn=129038 line=Rx 10381061 11 f8 0e 01 e3 00 ff ff ff 7f f0 fe
0  : pgn=127250 line=Rx 10381070 09 f1 12 00 ff ee 41 ff 7f ff 7f fd
source=0: pgn=Vessel Heading(127250): values=Heading=(96.70 deg) Deviation=(None) Variation=(None) Reference=("1")

0  : pgn=127245 line=Rx 10381071 09 f1 0d 00 00 f8 ff 7f 00 00 ff ff
source=0: pgn=Rudder(127245): values=Instance=(0) DirectionOrder=("0") AngleOrder=(None) Position=(0.00 deg)

0  : pgn=65359  line=Rx 10381077 1c ff 4f 00 3b 9f ff ff ff ee 41 ff
source=0: pgn=Seatalk: Pilot Heading(65359): values=ManufacturerCode=(1851) IndustryCode=(4) HeadingTrue=(None) HeadingMagnetic=(96.70 deg)

0  : pgn=126975 line=Rx 10381086 1d ef ff 00 60 08 3b 9f f0 81 9c 51
0  : pgn=126975 line=Rx 10381088 1d ef ff 00 61 03 00 ff ff ff ff ff
1  : pgn=129038 line=Rx 10381092 11 f8 0e 01 00 1b c1 00 b9 ef 15 4f
1  : pgn=129038 line=Rx 10381092 11 f8 0e 01 01 62 0e b7 d0 a4 63 1c
1  : pgn=129038 line=Rx 10381093 11 f8 0e 01 02 1c 59 a9 00 00 00 00
source=1: pgn=AIS Class A Position Report(129038): values=MessageID=(2) RepeatIndicator=("0") UserID=(11098396) Longitude=(0.0 deg) Latitude=(0.0 deg) PositionAccuracy=("0") RAIM=("0") TimeStamp=("0") COG=(0.00 deg) SOG=(0.0 m/s) CommunicationState=(0) AISTransceiverinformation=("0") Heading=(0.00 deg) RateofTurn=(0.00 deg/s) NavStatus=("0") SpecialManeuverIndicator=("0") Spare=(0) SequenceID=(0)

1  : pgn=129038 line=Rx 10381093 11 f8 0e 01 03 00 c3 7c 00 00 f0 fe
source=1: pgn=AIS Class A Position Report(129038): values=MessageID=(3) RepeatIndicator=("0") UserID=(8176384) Longitude=(0.0 deg) Latitude=(0.0 deg) PositionAccuracy=("0") RAIM=("0") TimeStamp=("0") COG=(0.00 deg) SOG=(0.0 m/s) CommunicationState=(0) AISTransceiverinformation=("0") Heading=(0.00 deg) RateofTurn=(0.00 deg/s) NavStatus=("0") SpecialManeuverIndicator=("0") Spare=(0) SequenceID=(0)

32 : pgn=128259 line=Rx 10381108 09 f5 03 20 46 36 01 ff ff ff ff ff
source=32: pgn=Speed(128259): values=SpeedWaterReferenced=(3.1 m/s) SpeedGroundReferenced=(None) SpeedWaterReferencedType=(None) SpeedDirection=(None)

3  : pgn=129026 line=Tx 10381134 09 f8 02 03 ff fc e2 4b 43 01 ff ff
source=3: pgn=COG & SOG, Rapid Update(129026): values=COGReference=("0") COG=(111.30 deg) SOG=(3.23 m/s)

3  : pgn=129025 line=Tx 10381134 09 f8 01 03 fc 56 6f 1c 3d ea fd b6
source=3: pgn=Position, Rapid Update(129025): values=Latitude=(47.7058812 deg) Longitude=(-122.4873411 deg)

3  : pgn=126992 line=Tx 10381134 0d f0 10 03 ff ff 06 40 26 8f 19 2c
source=3: pgn=System Time(126992): values=Source=(None) Date=(16390 d) Time=(73987.255 s)

0  : pgn=127250 line=Rx 10381170 09 f1 12 00 ff e8 41 ff 7f ff 7f fd
source=0: pgn=Vessel Heading(127250): values=Heading=(96.67 deg) Deviation=(None) Variation=(None) Reference=("1")

0  : pgn=127245 line=Rx 10381170 09 f1 0d 00 00 f8 ff 7f 00 00 ff ff
source=0: pgn=Rudder(127245): values=Instance=(0) DirectionOrder=("0") AngleOrder=(None) Position=(0.00 deg)

0  : pgn=65359  line=Rx 10381175 1c ff 4f 00 3b 9f ff ff ff e8 41 ff
source=0: pgn=Seatalk: Pilot Heading(65359): values=ManufacturerCode=(1851) IndustryCode=(4) HeadingTrue=(None) HeadingMagnetic=(96.67 deg)

32 : pgn=128259 line=Rx 10381208 09 f5 03 20 47 33 01 ff ff ff ff ff
source=32: pgn=Speed(128259): values=SpeedWaterReferenced=(3.0700000000000003 m/s) SpeedGroundReferenced=(None) SpeedWaterReferencedType=(None) SpeedDirection=(None)

1  : pgn=129038 line=Rx 10381214 11 f8 0e 01 20 1b c1 58 f2 20 0d c8
1  : pgn=129038 line=Rx 10381214 11 f8 0e 01 21 85 13 b7 34 4a 5d 1c
1  : pgn=129038 line=Rx 10381215 11 f8 0e 01 22 18 b1 82 25 01 00 00
1  : pgn=129038 line=Rx 10381215 11 f8 0e 01 23 00 14 7c 00 00 f5 fe
3  : pgn=129025 line=Tx 10381234 09 f8 01 03 ef 56 6f 1c 8c ea fd b6
source=3: pgn=Position, Rapid Update(129025): values=Latitude=(47.7058799 deg) Longitude=(-122.4873332 deg)

1  : pgn=129038 line=Rx 10381246 11 f8 0e 01 40 1b c1 e6 1f 26 14 94
1  : pgn=129038 line=Rx 10381246 11 f8 0e 01 41 3b 16 b7 3c 39 66 1c
1  : pgn=129038 line=Rx 10381247 11 f8 0e 01 42 1c 00 00 00 00 00 00
1  : pgn=129038 line=Rx 10381247 11 f8 0e 01 43 00 ff ff ff 7f ff fe
0  : pgn=127250 line=Rx 10381269 09 f1 12 00 ff e6 41 ff 7f ff 7f fd
source=0: pgn=Vessel Heading(127250): values=Heading=(96.66 deg) Deviation=(None) Variation=(None) Reference=("1")

0  : pgn=127245 line=Rx 10381270 09 f1 0d 00 00 f8 ff 7f 00 00 ff ff
source=0: pgn=Rudder(127245): values=Instance=(0) DirectionOrder=("0") AngleOrder=(None) Position=(0.00 deg)

0  : pgn=65359  line=Rx 10381278 1c ff 4f 00 3b 9f ff ff ff e6 41 ff
source=0: pgn=Seatalk: Pilot Heading(65359): values=ManufacturerCode=(1851) IndustryCode=(4) HeadingTrue=(None) HeadingMagnetic=(96.66 deg)

1  : pgn=129041 line=Rx 10381278 11 f8 11 01 c0 30 55 75 89 3a 3b 6d
1  : pgn=129041 line=Rx 10381279 11 f8 11 01 c1 8b 0a b7 5b f8 47 1c
1  : pgn=129041 line=Rx 10381279 11 f8 11 01 c2 f4 00 00 00 00 00 00
1  : pgn=129041 line=Rx 10381280 11 f8 11 01 c3 ff ff 12 ee ff e0 16
1  : pgn=129041 line=Rx 10381280 11 f8 11 01 c4 01 50 53 20 54 53 4c
1  : pgn=129041 line=Rx 10381281 11 f8 11 01 c5 20 4c 42 20 54 41 20
1  : pgn=129041 line=Rx 10381282 11 f8 11 01 c6 20 20 20 20 20 20 20
32 : pgn=128259 line=Rx 10381307 09 f5 03 20 48 2d 01 ff ff ff ff ff
source=32: pgn=Speed(128259): values=SpeedWaterReferenced=(3.0100000000000002 m/s) SpeedGroundReferenced=(None) SpeedWaterReferencedType=(None) SpeedDirection=(None)

1  : pgn=129038 line=Rx 10381308 11 f8 0e 01 60 1b c3 3c bb e8 15 6f
1  : pgn=129038 line=Rx 10381309 11 f8 0e 01 61 31 10 b7 82 81 67 1c
1  : pgn=129038 line=Rx 10381310 11 f8 0e 01 62 1c 00 00 00 00 00 00
1  : pgn=129038 line=Rx 10381310 11 f8 0e 01 63 00 ff ff ff 7f f5 fe
3  : pgn=129026 line=Tx 10381334 09 f8 02 03 ff fc ad 4b 42 01 ff ff
source=3: pgn=COG & SOG, Rapid Update(129026): values=COGReference=("0") COG=(111.00 deg) SOG=(3.22 m/s)

3  : pgn=129025 line=Tx 10381334 09 f8 01 03 ef 56 6f 1c 8c ea fd b6
source=3: pgn=Position, Rapid Update(129025): values=Latitude=(47.7058799 deg) Longitude=(-122.4873332 deg)

3  : pgn=129291 line=Tx 10381334 0d f9 0b 03 ff fc 39 36 10 00 ff ff
source=3: pgn=Set & Drift, Rapid Update(129291): values=SetReference=("0") Set=(79.53 deg) Drift=(0.16 m/s)

0  : pgn=127250 line=Rx 10381369 09 f1 12 00 ff e3 41 ff 7f ff 7f fd
source=0: pgn=Vessel Heading(127250): values=Heading=(96.64 deg) Deviation=(None) Variation=(None) Reference=("1")

0  : pgn=127245 line=Rx 10381370 09 f1 0d 00 00 f8 ff 7f 00 00 ff ff
source=0: pgn=Rudder(127245): values=Instance=(0) DirectionOrder=("0") AngleOrder=(None) Position=(0.00 deg)

0  : pgn=65359  line=Rx 10381375 1c ff 4f 00 3b 9f ff ff ff e3 41 ff
source=0: pgn=Seatalk: Pilot Heading(65359): values=ManufacturerCode=(1851) IndustryCode=(4) HeadingTrue=(None) HeadingMagnetic=(96.64 deg)

4  : pgn=65384  line=Rx 10381400 1c ff 68 04 3b 9f 00 00 00 00 00 00
32 : pgn=128259 line=Rx 10381406 09 f5 03 20 49 2d 01 ff ff ff ff ff
source=32: pgn=Speed(128259): values=SpeedWaterReferenced=(3.0100000000000002 m/s) SpeedGroundReferenced=(None) SpeedWaterReferencedType=(None) SpeedDirection=(None)

3  : pgn=129025 line=Tx 10381434 09 f8 01 03 ef 56 6f 1c 8c ea fd b6
source=3: pgn=Position, Rapid Update(129025): values=Latitude=(47.7058799 deg) Longitude=(-122.4873332 deg)

0  : pgn=127250 line=Rx 10381470 09 f1 12 00 ff d7 41 ff 7f ff 7f fd
source=0: pgn=Vessel Heading(127250): values=Heading=(96.57 deg) Deviation=(None) Variation=(None) Reference=("1")

0  : pgn=127245 line=Rx 10381470 09 f1 0d 00 00 f8 ff 7f 00 00 ff ff
source=0: pgn=Rudder(127245): values=Instance=(0) DirectionOrder=("0") AngleOrder=(None) Position=(0.00 deg)

0  : pgn=65359  line=Rx 10381477 1c ff 4f 00 3b 9f ff ff ff d7 41 ff
source=0: pgn=Seatalk: Pilot Heading(65359): values=ManufacturerCode=(1851) IndustryCode=(4) HeadingTrue=(None) HeadingMagnetic=(96.57 deg)

1  : pgn=129038 line=Rx 10381489 11 f8 0e 01 80 1b c1 be c9 df 15 b4
1  : pgn=129038 line=Rx 10381490 11 f8 0e 01 81 f9 0f b7 fa 05 68 1c
1  : pgn=129038 line=Rx 10381491 11 f8 0e 01 82 20 e5 c7 00 00 00 00
1  : pgn=129038 line=Rx 10381491 11 f8 0e 01 83 00 13 d6 00 00 f0 fe
32 : pgn=128259 line=Rx 10381506 09 f5 03 20 4a 38 01 ff ff ff ff ff
source=32: pgn=Speed(128259): values=SpeedWaterReferenced=(3.12 m/s) SpeedGroundReferenced=(None) SpeedWaterReferencedType=(None) SpeedDirection=(None)

3  : pgn=129026 line=Tx 10381534 09 f8 02 03 ff fc ad 4b 41 01 ff ff
source=3: pgn=COG & SOG, Rapid Update(129026): values=COGReference=("0") COG=(111.00 deg) SOG=(3.21 m/s)

3  : pgn=130577 line=Tx 10381534 0d fe 11 03 60 0e c0 bc ad 4b 41 01
3  : pgn=130577 line=Tx 10381534 0d fe 11 03 61 ff ff ff ff 39 36 10
3  : pgn=130577 line=Tx 10381534 0d fe 11 03 62 00 ff ff ff ff ff ff
3  : pgn=129025 line=Tx 10381534 09 f8 01 03 c8 56 6f 1c 2b eb fd b6
3  : pgn=130306 line=Tx 10381534 09 fd 02 03 ff ff 02 65 c6 fa ff ff
source=3: pgn=Wind Data(130306): values=WindSpeed=(7.67 m/s) WindAngle=(291.00 deg) Reference=("2")

0  : pgn=127250 line=Rx 10381569 09 f1 12 00 ff ce 41 ff 7f ff 7f fd
source=0: pgn=Vessel Heading(127250): values=Heading=(96.52 deg) Deviation=(None) Variation=(None) Reference=("1")

0  : pgn=127245 line=Rx 10381570 09 f1 0d 00 00 f8 ff 7f 00 00 ff ff
source=0: pgn=Rudder(127245): values=Instance=(0) DirectionOrder=("0") AngleOrder=(None) Position=(0.00 deg)

0  : pgn=65379  line=Rx 10381574 1c ff 63 00 3b 9f 00 00 00 00 01 ff
source=0: pgn=Seatalk: Pilot Mode(65379): values=ManufacturerCode=(1851) IndustryCode=(4) PilotMode=(0) SubMode=(0) PilotModeData=(0)

0  : pgn=65359  line=Rx 10381575 1c ff 4f 00 3b 9f ff ff ff ce 41 ff
source=0: pgn=Seatalk: Pilot Heading(65359): values=ManufacturerCode=(1851) IndustryCode=(4) HeadingTrue=(None) HeadingMagnetic=(96.52 deg)

0  : pgn=126975 line=Rx 10381584 1d ef ff 00 80 0d 3b 9f f0 81 84 56
0  : pgn=126975 line=Rx 10381586 1d ef ff 00 81 43 0d 00 00 00 02 05
32 : pgn=128259 line=Rx 10381605 09 f5 03 20 4b 1f 01 ff ff ff ff ff
source=32: pgn=Speed(128259): values=SpeedWaterReferenced=(2.87 m/s) SpeedGroundReferenced=(None) SpeedWaterReferencedType=(None) SpeedDirection=(None)

3  : pgn=129283 line=Tx 10381641 0d f9 03 03 ff 7f ff ff ff 7f ff ff
source=3: pgn=Cross Track Error(129283): values=XTEmode=(None) NavigationTerminated=("1") XTE=(None)

3  : pgn=129025 line=Tx 10381641 09 f8 01 03 c8 56 6f 1c 2b eb fd b6
source=3: pgn=Position, Rapid Update(129025): values=Latitude=(47.705875999999996 deg) Longitude=(-122.4873173 deg)

3  : pgn=128267 line=Tx 10381641 0d f5 0b 03 ff 48 3e 00 00 00 00 ff
source=3: pgn=Water Depth(128267): values=Depth=(159.44 m) Offset=(0.0 m) Range=(None)

0  : pgn=127250 line=Rx 10381670 09 f1 12 00 ff ae 41 ff 7f ff 7f fd
source=0: pgn=Vessel Heading(127250): values=Heading=(96.34 deg) Deviation=(None) Variation=(None) Reference=("1")

0  : pgn=127245 line=Rx 10381670 09 f1 0d 00 00 f8 ff 7f 00 00 ff ff
source=0: pgn=Rudder(127245): values=Instance=(0) DirectionOrder=("0") AngleOrder=(None) Position=(0.00 deg)

0  : pgn=65359  line=Rx 10381677 1c ff 4f 00 3b 9f ff ff ff ae 41 ff
source=0: pgn=Seatalk: Pilot Heading(65359): values=ManufacturerCode=(1851) IndustryCode=(4) HeadingTrue=(None) HeadingMagnetic=(96.34 deg)

0  : pgn=126975 line=Rx 10381680 1d ef ff 00 a0 09 3b 9f f0 81 ae 02
0  : pgn=126975 line=Rx 10381682 1d ef ff 00 a1 00 08 00 ff ff ff ff
32 : pgn=128259 line=Rx 10381705 09 f5 03 20 4c 1e 01 ff ff ff ff ff
source=32: pgn=Speed(128259): values=SpeedWaterReferenced=(2.86 m/s) SpeedGroundReferenced=(None) SpeedWaterReferencedType=(None) SpeedDirection=(None)

3  : pgn=129026 line=Tx 10381741 09 f8 02 03 ff fc ad 4b 41 01 ff ff
source=3: pgn=COG & SOG, Rapid Update(129026): values=COGReference=("0") COG=(111.00 deg) SOG=(3.21 m/s)

3  : pgn=129025 line=Tx 10381741 09 f8 01 03 c8 56 6f 1c 2b eb fd b6
source=3: pgn=Position, Rapid Update(129025): values=Latitude=(47.705875999999996 deg) Longitude=(-122.4873173 deg)

3  : pgn=129542 line=Tx 10381741 19 fa 06 03 60 0f bc 1a 01 00 00 00
3  : pgn=129542 line=Tx 10381741 19 fa 06 03 61 00 00 00 00 00 00 00
3  : pgn=129542 line=Tx 10381741 19 fa 06 03 62 00 00 ff ff ff ff ff
3  : pgn=65364  line=Tx 10381741 1c ff 54 03 3b 9f ff 02 65 c6 ff ff
0  : pgn=127250 line=Rx 10381774 09 f1 12 00 ff 84 41 ff 7f ff 7f fd
source=0: pgn=Vessel Heading(127250): values=Heading=(96.10 deg) Deviation=(None) Variation=(None) Reference=("1")

0  : pgn=127245 line=Rx 10381775 09 f1 0d 00 00 f8 ff 7f 00 00 ff ff
source=0: pgn=Rudder(127245): values=Instance=(0) DirectionOrder=("0") AngleOrder=(None) Position=(0.00 deg)

0  : pgn=65359  line=Rx 10381781 1c ff 4f 00 3b 9f ff ff ff 84 41 ff
source=0: pgn=Seatalk: Pilot Heading(65359): values=ManufacturerCode=(1851) IndustryCode=(4) HeadingTrue=(None) HeadingMagnetic=(96.10 deg)

0  : pgn=126975 line=Rx 10381785 1d ef ff 00 c0 07 3b 9f f0 81 90 10
0  : pgn=126975 line=Rx 10381787 1d ef ff 00 c1 05 ff ff ff ff ff ff
1  : pgn=129038 line=Rx 10381790 11 f8 0e 01 a0 1b c1 14 8c db 15 c1
1  : pgn=129038 line=Rx 10381791 11 f8 0e 01 a1 69 0d b7 18 bf 7f 1c
1  : pgn=129038 line=Rx 10381791 11 f8 0e 01 a2 21 b3 46 05 00 00 00
1  : pgn=129038 line=Rx 10381792 11 f8 0e 01 a3 00 f3 48 00 00 ff fe
32 : pgn=128259 line=Rx 10381804 09 f5 03 20 4d 1c 01 ff ff ff ff ff
source=32: pgn=Speed(128259): values=SpeedWaterReferenced=(2.84 m/s) SpeedGroundReferenced=(None) SpeedWaterReferencedType=(None) SpeedDirection=(None)

3  : pgn=129540 line=Tx 10381841 19 fa 04 03 a0 9f de ff 0d 03 97 1a
source=3: pgn=GNSS Sats in View(129540): values=RangeResidualMode=(None) SatsinView=(222) PRN=(None) Elevation=(4.47 deg) Azimuth=(39.00 deg) SNR=(0.0 dB) Rangeresiduals=(0) Status=("0")

3  : pgn=129540 line=Tx 10381841 19 fa 04 03 a1 2e 26 00 00 00 00 00
source=3: pgn=GNSS Sats in View(129540): values=RangeResidualMode=("0") SatsinView=(38) PRN=(0) Elevation=(0.00 deg) Azimuth=(0.00 deg) SNR=(0.0 dB) Rangeresiduals=(0) Status=("0")

3  : pgn=129540 line=Tx 10381841 19 fa 04 03 a2 00 f3 0f ff 1d ad 3c
source=3: pgn=GNSS Sats in View(129540): values=RangeResidualMode=("0") SatsinView=(243) PRN=(15) Elevation=(44.00 deg) Azimuth=(89.00 deg) SNR=(0.0 dB) Rangeresiduals=(0) Status=("0")

3  : pgn=129540 line=Tx 10381841 19 fa 04 03 a3 10 0e 00 00 00 00 f5
source=3: pgn=GNSS Sats in View(129540): values=RangeResidualMode=("0") SatsinView=(14) PRN=(0) Elevation=(0.00 deg) Azimuth=(359.36 deg) SNR=(0.0 dB) Rangeresiduals=(0) Status=("0")

3  : pgn=129540 line=Tx 10381841 19 fa 04 03 a4 10 17 13 c2 b8 b8 0b
source=3: pgn=GNSS Sats in View(129540): values=RangeResidualMode=("0") SatsinView=(23) PRN=(19) Elevation=(-104.50 deg) Azimuth=(17.19 deg) SNR=(0.0 dB) Rangeresiduals=(0) Status=("0")

3  : pgn=129540 line=Tx 10381841 19 fa 04 03 a5 00 00 00 00 f5 12 c5
source=3: pgn=GNSS Sats in View(129540): values=RangeResidualMode=("0") SatsinView=(0) PRN=(0) Elevation=(-16.13 deg) Azimuth=(289.06 deg) SNR=(0.0 dB) Rangeresiduals=(0) Status=("0")

3  : pgn=129540 line=Tx 10381841 19 fa 04 03 a6 31 f2 93 48 0d 00 00
source=3: pgn=GNSS Sats in View(129540): values=RangeResidualMode=("1") SatsinView=(242) PRN=(147) Elevation=(19.48 deg) Azimuth=(0.00 deg) SNR=(0.0 dB) Rangeresiduals=(0) Status=("0")

3  : pgn=129540 line=Tx 10381841 19 fa 04 03 a7 00 00 f5 13 69 03 1f
source=3: pgn=GNSS Sats in View(129540): values=RangeResidualMode=("0") SatsinView=(0) PRN=(245) Elevation=(154.12 deg) Azimuth=(45.49 deg) SNR=(0.0 dB) Rangeresiduals=(0) Status=("0")

3  : pgn=129540 line=Tx 10381841 19 fa 04 03 a8 d8 d8 0e 00 00 00 00
source=3: pgn=GNSS Sats in View(129540): values=RangeResidualMode=("0") SatsinView=(216) PRN=(14) Elevation=(0.00 deg) Azimuth=(0.00 deg) SNR=(0.0 dB) Rangeresiduals=(0) Status=("0")

3  : pgn=129540 line=Tx 10381841 19 fa 04 03 a9 f5 15 e8 37 c5 22 ac
source=3: pgn=GNSS Sats in View(129540): values=RangeResidualMode=("1") SatsinView=(21) PRN=(232) Elevation=(-86.22 deg) Azimuth=(252.48 deg) SNR=(0.0 dB) Rangeresiduals=(0) Status=("0")

3  : pgn=129540 line=Tx 10381841 19 fa 04 03 aa 0d 00 00 00 00 f5 16
source=3: pgn=GNSS Sats in View(129540): values=RangeResidualMode=("1") SatsinView=(0) PRN=(0) Elevation=(0.00 deg) Azimuth=(33.67 deg) SNR=(0.0 dB) Rangeresiduals=(0) Status=("0")

3  : pgn=129540 line=Tx 10381842 19 fa 04 03 ab 80 16 7d 9d ac 0d 00
source=3: pgn=GNSS Sats in View(129540): values=RangeResidualMode=("0") SatsinView=(22) PRN=(125) Elevation=(-122.31 deg) Azimuth=(0.07 deg) SNR=(0.0 dB) Rangeresiduals=(0) Status=("0")

3  : pgn=129540 line=Tx 10381844 19 fa 04 03 ac 00 00 00 f5 1a ae 0f
source=3: pgn=GNSS Sats in View(129540): values=RangeResidualMode=("0") SatsinView=(0) PRN=(0) Elevation=(39.54 deg) Azimuth=(23.00 deg) SNR=(0.0 dB) Rangeresiduals=(0) Status=("0")

3  : pgn=129540 line=Tx 10381845 19 fa 04 03 ad 5d 1f e4 0c 00 00 00
source=3: pgn=GNSS Sats in View(129540): values=RangeResidualMode=("1") SatsinView=(31) PRN=(228) Elevation=(0.07 deg) Azimuth=(0.00 deg) SNR=(0.0 dB) Rangeresiduals=(0) Status=("0")

3  : pgn=129540 line=Tx 10381845 19 fa 04 03 ae 00 f5 1b d1 15 ab d2
source=3: pgn=GNSS Sats in View(129540): values=RangeResidualMode=("0") SatsinView=(245) PRN=(27) Elevation=(32.00 deg) Azimuth=(309.00 deg) SNR=(0.0 dB) Rangeresiduals=(0) Status=("0")

3  : pgn=129540 line=Tx 10381846 19 fa 04 03 af 10 0e 00 00 00 00 f5
source=3: pgn=GNSS Sats in View(129540): values=RangeResidualMode=("0") SatsinView=(14) PRN=(0) Elevation=(0.00 deg) Azimuth=(359.36 deg) SNR=(0.0 dB) Rangeresiduals=(0) Status=("0")

3  : pgn=129540 line=Tx 10381847 19 fa 04 03 b0 1d 51 0e a1 67 1c 0c
source=3: pgn=GNSS Sats in View(129540): values=RangeResidualMode=("1") SatsinView=(81) PRN=(14) Elevation=(152.00 deg) Azimuth=(17.76 deg) SNR=(0.0 dB) Rangeresiduals=(0) Status=("0")

3  : pgn=129540 line=Tx 10381848 19 fa 04 03 b1 00 00 00 00 f5 23 d1
source=3: pgn=GNSS Sats in View(129540): values=RangeResidualMode=("0") SatsinView=(0) PRN=(0) Elevation=(-16.13 deg) Azimuth=(306.76 deg) SNR=(0.0 dB) Rangeresiduals=(0) Status=("0")

3  : pgn=129540 line=Tx 10381848 19 fa 04 03 b2 15 c3 8b 00 00 00 00
source=3: pgn=GNSS Sats in View(129540): values=RangeResidualMode=("1") SatsinView=(195) PRN=(139) Elevation=(0.00 deg) Azimuth=(0.00 deg) SNR=(0.0 dB) Rangeresiduals=(0) Status=("0")

3  : pgn=129540 line=Tx 10381849 19 fa 04 03 b3 00 00 f3 30 2e 17 43
source=3: pgn=GNSS Sats in View(129540): values=RangeResidualMode=("0") SatsinView=(0) PRN=(243) Elevation=(67.75 deg) Azimuth=(98.41 deg) SNR=(0.0 dB) Rangeresiduals=(0) Status=("0")

3  : pgn=129540 line=Tx 10381850 19 fa 04 03 b4 84 54 0b 00 00 00 00
source=3: pgn=GNSS Sats in View(129540): values=RangeResidualMode=("0") SatsinView=(84) PRN=(11) Elevation=(0.00 deg) Azimuth=(0.00 deg) SNR=(0.0 dB) Rangeresiduals=(0) Status=("0")

3  : pgn=129540 line=Tx 10381852 19 fa 04 03 b5 f5 33 80 16 67 6c f0
source=3: pgn=GNSS Sats in View(129540): values=RangeResidualMode=("1") SatsinView=(51) PRN=(128) Elevation=(151.20 deg) Azimuth=(352.64 deg) SNR=(0.0 dB) Rangeresiduals=(0) Status=("0")

3  : pgn=129540 line=Tx 10381852 19 fa 04 03 b6 0a 00 00 00 00 f5 ff
source=3: pgn=GNSS Sats in View(129540): values=RangeResidualMode=("0") SatsinView=(0) PRN=(0) Elevation=(0.00 deg) Azimuth=(375.43 deg) SNR=(0.0 dB) Rangeresiduals=(0) Status=("0")

1  : pgn=129038 line=Rx 10381852 11 f8 0e 01 c0 1b c1 ec 10 e8 15 ec
1  : pgn=129038 line=Rx 10381852 11 f8 0e 01 c1 5f 0e b7 59 ec 67 1c
1  : pgn=129038 line=Rx 10381853 11 f8 0e 01 c2 1c 00 00 00 00 00 00
1  : pgn=129038 line=Rx 10381854 11 f8 0e 01 c3 00 ff ff ff 7f f0 fe
3  : pgn=129025 line=Tx 10381855 09 f8 01 03 b1 56 6f 1c 76 eb fd b6
source=3: pgn=Position, Rapid Update(129025): values=Latitude=(47.7058737 deg) Longitude=(-122.48730979999999 deg)

3  : pgn=127258 line=Tx 10381856 19 f1 1a 03 ff f6 12 39 fa 0a ff ff
source=3: pgn=Magnetic Variation(127258): values=Source=("6") Ageofservice=(14610 d) Variation=(16.10 deg)

0  : pgn=127250 line=Rx 10381873 09 f1 12 00 ff 71 41 ff 7f ff 7f fd
source=0: pgn=Vessel Heading(127250): values=Heading=(95.99 deg) Deviation=(None) Variation=(None) Reference=("1")

0  : pgn=127245 line=Rx 10381874 09 f1 0d 00 00 f8 ff 7f 00 00 ff ff
source=0: pgn=Rudder(127245): values=Instance=(0) DirectionOrder=("0") AngleOrder=(None) Position=(0.00 deg)

0  : pgn=65359  line=Rx 10381881 1c ff 4f 00 3b 9f ff ff ff 71 41 ff
source=0: pgn=Seatalk: Pilot Heading(65359): values=ManufacturerCode=(1851) IndustryCode=(4) HeadingTrue=(None) HeadingMagnetic=(95.99 deg)

32 : pgn=128259 line=Rx 10381906 09 f5 03 20 4e 1a 01 ff ff ff ff ff
source=32: pgn=Speed(128259): values=SpeedWaterReferenced=(2.82 m/s) SpeedGroundReferenced=(None) SpeedWaterReferencedType=(None) SpeedDirection=(None)

32 : pgn=130310 line=Rx 10381909 15 fd 06 20 07 ff ff ff ff ff ff ff
source=32: pgn=Environmental Parameters (obsolete)(130310): values=WaterTemperature=(None) OutsideAmbientAirTemperature=(None) AtmosphericPressure=(None)

32 : pgn=128275 line=Rx 10381919 19 f5 13 20 c0 0e ff ff ff ff ff ff
32 : pgn=128275 line=Rx 10381924 19 f5 13 20 c1 8c ae 3c 00 8c ae 3c
32 : pgn=128275 line=Rx 10381929 19 f5 13 20 c2 00 ff ff ff ff ff ff
3  : pgn=129026 line=Tx 10381942 09 f8 02 03 ff fc bf 4b 42 01 ff ff
source=3: pgn=COG & SOG, Rapid Update(129026): values=COGReference=("0") COG=(111.10 deg) SOG=(3.22 m/s)

3  : pgn=129025 line=Tx 10381942 09 f8 01 03 b1 56 6f 1c 76 eb fd b6
source=3: pgn=Position, Rapid Update(129025): values=Latitude=(47.7058737 deg) Longitude=(-122.48730979999999 deg)

1  : pgn=59936  line=Rx 10381942 18 ea 20 01 00 ee 00 00 00 00 00 00
0  : pgn=127250 line=Rx 10381972 09 f1 12 00 ff 49 41 ff 7f ff 7f fd
source=0: pgn=Vessel Heading(127250): values=Heading=(95.76 deg) Deviation=(None) Variation=(None) Reference=("1")

0  : pgn=127245 line=Rx 10381972 09 f1 0d 00 00 f8 ff 7f 00 00 ff ff
source=0: pgn=Rudder(127245): values=Instance=(0) DirectionOrder=("0") AngleOrder=(None) Position=(0.00 deg)

0  : pgn=65359  line=Rx 10381977 1c ff 4f 00 3b 9f ff ff ff 49 41 ff
source=0: pgn=Seatalk: Pilot Heading(65359): values=ManufacturerCode=(1851) IndustryCode=(4) HeadingTrue=(None) HeadingMagnetic=(95.76 deg)

32 : pgn=128259 line=Rx 10382004 09 f5 03 20 4f 1a 01 ff ff ff ff ff
3  : pgn=129029 line=Tx 10382042 0d f8 05 03 60 2b bc 06 40 4a c0 19
3  : pgn=129029 line=Tx 10382042 0d f8 05 03 61 2c 00 40 9a d6 60 da
3  : pgn=129029 line=Tx 10382042 0d f8 05 03 62 9e 06 00 64 91 c1 7b
3  : pgn=129029 line=Tx 10382042 0d f8 05 03 63 60 00 ef ff ff ff ff
3  : pgn=129029 line=Tx 10382042 0d f8 05 03 64 ff ff ff 7f 23 fc 09
3  : pgn=129029 line=Tx 10382042 0d f8 05 03 65 4f 00 ff 7f ff ff ff
3  : pgn=129029 line=Tx 10382042 0d f8 05 03 66 7f 00 ff ff ff ff ff
3  : pgn=129025 line=Tx 10382042 09 f8 01 03 a0 56 6f 1c ca eb fd b6
source=3: pgn=Position, Rapid Update(129025): values=Latitude=(47.705872 deg) Longitude=(-122.48730139999999 deg)

3  : pgn=129033 line=Tx 10382042 0d f8 09 03 06 40 4a c0 19 2c 5c fe
source=3: pgn=Time & Date(129033): values=Date=(16390 d) Time=(73988.513 s) LocalOffset=(-25200.0 s)

0  : pgn=127250 line=Rx 10382081 09 f1 12 00 ff 18 41 ff 7f ff 7f fd
source=0: pgn=Vessel Heading(127250): values=Heading=(95.48 deg) Deviation=(None) Variation=(None) Reference=("1")

0  : pgn=127245 line=Rx 10382082 09 f1 0d 00 00 f8 ff 7f 00 00 ff ff
source=0: pgn=Rudder(127245): values=Instance=(0) DirectionOrder=("0") AngleOrder=(None) Position=(0.00 deg)

0  : pgn=65359  line=Rx 10382088 1c ff 4f 00 3b 9f ff ff ff 18 41 ff
source=0: pgn=Seatalk: Pilot Heading(65359): values=ManufacturerCode=(1851) IndustryCode=(4) HeadingTrue=(None) HeadingMagnetic=(95.48 deg)

0  : pgn=126975 line=Rx 10382090 1d ef ff 00 e0 08 3b 9f f0 81 9c d1
0  : pgn=126975 line=Rx 10382092 1d ef ff 00 e1 02 00 ff ff ff ff ff
32 : pgn=128259 line=Rx 10382103 09 f5 03 20 50 19 01 ff ff ff ff ff
source=32: pgn=Speed(128259): values=SpeedWaterReferenced=(2.81 m/s) SpeedGroundReferenced=(None) SpeedWaterReferencedType=(None) SpeedDirection=(None)

3  : pgn=129026 line=Tx 10382148 09 f8 02 03 ff fc ad 4b 44 01 ff ff
source=3: pgn=COG & SOG, Rapid Update(129026): values=COGReference=("0") COG=(111.00 deg) SOG=(3.24 m/s)

3  : pgn=129025 line=Tx 10382148 09 f8 01 03 a0 56 6f 1c ca eb fd b6
source=3: pgn=Position, Rapid Update(129025): values=Latitude=(47.705872 deg) Longitude=(-122.48730139999999 deg)

3  : pgn=126992 line=Tx 10382148 0d f0 10 03 ff ff 06 40 4a c0 19 2c
source=3: pgn=System Time(126992): values=Source=(None) Date=(16390 d) Time=(73988.513 s)

1  : pgn=129038 line=Rx 10382154 11 f8 0e 01 e0 1b c1 18 6d e7 15 e2
1  : pgn=129038 line=Rx 10382154 11 f8 0e 01 e1 b1 0f b7 04 f9 67 1c
1  : pgn=129038 line=Rx 10382155 11 f8 0e 01 e2 1c 39 0d 00 00 00 00
1  : pgn=129038 line=Rx 10382155 11 f8 0e 01 e3 00 ff ff ff 7f f0 fe
0  : pgn=127250 line=Rx 10382178 09 f1 12 00 ff 00 41 ff 7f ff 7f fd
source=0: pgn=Vessel Heading(127250): values=Heading=(95.34 deg) Deviation=(None) Variation=(None) Reference=("1")

0  : pgn=127245 line=Rx 10382179 09 f1 0d 00 00 f8 ff 7f 00 00 ff ff
source=0: pgn=Rudder(127245): values=Instance=(0) DirectionOrder=("0") AngleOrder=(None) Position=(0.00 deg)

0  : pgn=65359  line=Rx 10382184 1c ff 4f 00 3b 9f ff ff ff 00 41 ff
source=0: pgn=Seatalk: Pilot Heading(65359): values=ManufacturerCode=(1851) IndustryCode=(4) HeadingTrue=(None) HeadingMagnetic=(95.34 deg)

1  : pgn=129038 line=Rx 10382186 11 f8 0e 01 00 1b c1 40 3c e6 15 b1
1  : pgn=129038 line=Rx 10382186 11 f8 0e 01 01 91 0d b7 b5 e3 68 1c
1  : pgn=129038 line=Rx 10382187 11 f8 0e 01 02 22 d3 b8 00 00 00 00
source=1: pgn=AIS Class A Position Report(129038): values=MessageID=(2) RepeatIndicator=("0") UserID=(12112674) Longitude=(0.0 deg) Latitude=(0.0 deg) PositionAccuracy=("0") RAIM=("0") TimeStamp=("0") COG=(0.00 deg) SOG=(0.0 m/s) CommunicationState=(0) AISTransceiverinformation=("0") Heading=(0.00 deg) RateofTurn=(0.00 deg/s) NavStatus=("0") SpecialManeuverIndicator=("0") Spare=(0) SequenceID=(0)

1  : pgn=129038 line=Rx 10382187 11 f8 0e 01 03 00 ff ff ff 7f f0 fe
source=1: pgn=AIS Class A Position Report(129038): values=MessageID=(3) RepeatIndicator=("0") UserID=(4294967040) Longitude=(0.0 deg) Latitude=(0.0 deg) PositionAccuracy=("0") RAIM=("0") TimeStamp=("0") COG=(0.00 deg) SOG=(0.0 m/s) CommunicationState=(0) AISTransceiverinformation=("0") Heading=(0.00 deg) RateofTurn=(0.00 deg/s) NavStatus=("0") SpecialManeuverIndicator=("0") Spare=(0) SequenceID=(0)

32 : pgn=128259 line=Rx 10382203 09 f5 03 20 51 19 01 ff ff ff ff ff
source=32: pgn=Speed(128259): values=SpeedWaterReferenced=(2.81 m/s) SpeedGroundReferenced=(None) SpeedWaterReferencedType=(None) SpeedDirection=(None)

3  : pgn=129025 line=Tx 10382249 09 f8 01 03 a0 56 6f 1c ca eb fd b6
source=3: pgn=Position, Rapid Update(129025): values=Latitude=(47.705872 deg) Longitude=(-122.48730139999999 deg)

0  : pgn=127250 line=Rx 10382269 09 f1 12 00 ff c8 40 ff 7f ff 7f fd
source=0: pgn=Vessel Heading(127250): values=Heading=(95.02 deg) Deviation=(None) Variation=(None) Reference=("1")

0  : pgn=127245 line=Rx 10382270 09 f1 0d 00 00 f8 ff 7f 00 00 ff ff
source=0: pgn=Rudder(127245): values=Instance=(0) DirectionOrder=("0") AngleOrder=(None) Position=(0.00 deg)

0  : pgn=65359  line=Rx 10382277 1c ff 4f 00 3b 9f ff ff ff c8 40 ff
source=0: pgn=Seatalk: Pilot Heading(65359): values=ManufacturerCode=(1851) IndustryCode=(4) HeadingTrue=(None) HeadingMagnetic=(95.02 deg)

32 : pgn=128259 line=Rx 10382302 09 f5 03 20 52 18 01 ff ff ff ff ff
source=32: pgn=Speed(128259): values=SpeedWaterReferenced=(2.8000000000000003 m/s) SpeedGroundReferenced=(None) SpeedWaterReferencedType=(None) SpeedDirection=(None)

1  : pgn=129038 line=Rx 10382306 11 f8 0e 01 20 1b c1 00 c6 e2 15 23
1  : pgn=129038 line=Rx 10382307 11 f8 0e 01 21 50 13 b7 d1 c0 5d 1c
1  : pgn=129038 line=Rx 10382308 11 f8 0e 01 22 22 5a a6 00 00 00 00
1  : pgn=129038 line=Rx 10382308 11 f8 0e 01 23 00 ff ff ff 7f f0 fe
3  : pgn=129026 line=Tx 10382349 09 f8 02 03 ff fc e2 4b 46 01 ff ff
source=3: pgn=COG & SOG, Rapid Update(129026): values=COGReference=("0") COG=(111.30 deg) SOG=(3.2600000000000002 m/s)

3  : pgn=129025 line=Tx 10382349 09 f8 01 03 72 56 6f 1c 57 ec fd b6
source=3: pgn=Position, Rapid Update(129025): values=Latitude=(47.705867399999995 deg) Longitude=(-122.48728729999999 deg)

3  : pgn=129291 line=Tx 10382349 0d f9 0b 03 ff fc 44 49 2a 00 ff ff
source=3: pgn=Set & Drift, Rapid Update(129291): values=SetReference=("0") Set=(107.46 deg) Drift=(0.42 m/s)

0  : pgn=127250 line=Rx 10382376 09 f1 12 00 ff a9 40 ff 7f ff 7f fd
source=0: pgn=Vessel Heading(127250): values=Heading=(94.84 deg) Deviation=(None) Variation=(None) Reference=("1")

0  : pgn=127245 line=Rx 10382377 09 f1 0d 00 00 f8 ff 7f 00 00 ff ff
source=0: pgn=Rudder(127245): values=Instance=(0) DirectionOrder=("0") AngleOrder=(None) Position=(0.00 deg)

0  : pgn=65359  line=Rx 10382381 1c ff 4f 00 3b 9f ff ff ff a9 40 ff
source=0: pgn=Seatalk: Pilot Heading(65359): values=ManufacturerCode=(1851) IndustryCode=(4) HeadingTrue=(None) HeadingMagnetic=(94.84 deg)

0  : pgn=126975 line=Rx 10382390 1d ef ff 00 00 0d 3b 9f f0 81 a4 56
0  : pgn=126975 line=Rx 10382392 1d ef ff 00 01 46 03 05 ff ff ff ff
4  : pgn=65384  line=Rx 10382399 1c ff 68 04 3b 9f 00 00 00 00 00 00
1  : pgn=129038 line=Rx 10382400 11 f8 0e 01 40 1b c3 4a 6c de 15 36
1  : pgn=129038 line=Rx 10382400 11 f8 0e 01 41 4f 03 b7 61 90 59 1c
1  : pgn=129038 line=Rx 10382401 11 f8 0e 01 42 24 ce 8d 02 02 00 00
1  : pgn=129038 line=Rx 10382402 11 f8 0e 01 43 00 ce 8d d2 e5 ff fe
32 : pgn=128259 line=Rx 10382403 09 f5 03 20 53 19 01 ff ff ff ff ff
source=32: pgn=Speed(128259): values=SpeedWaterReferenced=(2.81 m/s) SpeedGroundReferenced=(None) SpeedWaterReferencedType=(None) SpeedDirection=(None)

3  : pgn=129025 line=Tx 10382449 09 f8 01 03 72 56 6f 1c 57 ec fd b6
source=3: pgn=Position, Rapid Update(129025): values=Latitude=(47.705867399999995 deg) Longitude=(-122.48728729999999 deg)

0  : pgn=127250 line=Rx 10382470 09 f1 12 00 ff 74 40 ff 7f ff 7f fd
source=0: pgn=Vessel Heading(127250): values=Heading=(94.54 deg) Deviation=(None) Variation=(None) Reference=("1")

0  : pgn=127245 line=Rx 10382470 09 f1 0d 00 00 f8 ff 7f 00 00 ff ff
source=0: pgn=Rudder(127245): values=Instance=(0) DirectionOrder=("0") AngleOrder=(None) Position=(0.00 deg)

0  : pgn=65359  line=Rx 10382477 1c ff 4f 00 3b 9f ff ff ff 74 40 ff
source=0: pgn=Seatalk: Pilot Heading(65359): values=ManufacturerCode=(1851) IndustryCode=(4) HeadingTrue=(None) HeadingMagnetic=(94.54 deg)

32 : pgn=128259 line=Rx 10382501 09 f5 03 20 54 1a 01 ff ff ff ff ff
source=32: pgn=Speed(128259): values=SpeedWaterReferenced=(2.82 m/s) SpeedGroundReferenced=(None) SpeedWaterReferencedType=(None) SpeedDirection=(None)

3  : pgn=129026 line=Tx 10382549 09 f8 02 03 ff fc e2 4b 46 01 ff ff
source=3: pgn=COG & SOG, Rapid Update(129026): values=COGReference=("0") COG=(111.30 deg) SOG=(3.2600000000000002 m/s)

3  : pgn=130577 line=Tx 10382549 0d fe 11 03 80 0e c0 bd e2 4b 46 01
3  : pgn=130577 line=Tx 10382549 0d fe 11 03 81 ff ff ff ff 44 49 2a
3  : pgn=130577 line=Tx 10382549 0d fe 11 03 82 00 ff ff ff ff ff ff
3  : pgn=129025 line=Tx 10382550 09 f8 01 03 72 56 6f 1c 57 ec fd b6
3  : pgn=130306 line=Tx 10382550 09 fd 02 03 ff 13 03 1f c9 fa ff ff
source=3: pgn=Wind Data(130306): values=WindSpeed=(7.87 m/s) WindAngle=(295.00 deg) Reference=("2")

1  : pgn=129038 line=Rx 10382555 11 f8 0e 01 60 1b c1 38 45 e0 15 cd
1  : pgn=129038 line=Rx 10382556 11 f8 0e 01 61 bd 0f b7 f3 f3 67 1c
1  : pgn=129038 line=Rx 10382557 11 f8 0e 01 62 20 dc 0e 00 00 00 00
1  : pgn=129038 line=Rx 10382557 11 f8 0e 01 63 00 ff ff ff 7f f0 fe
1  : pgn=129038 line=Rx 10382587 11 f8 0e 01 80 1b c1 e0 d6 dd 15 8a
1  : pgn=129038 line=Rx 10382588 11 f8 0e 01 81 b7 0d b7 2c ef 63 1c
1  : pgn=129038 line=Rx 10382588 11 f8 0e 01 82 29 45 2a 00 00 00 00
1  : pgn=129038 line=Rx 10382589 11 f8 0e 01 83 00 12 f4 00 00 f0 fe
0  : pgn=127250 line=Rx 10382591 09 f1 12 00 ff 34 40 ff 7f ff 7f fd
source=0: pgn=Vessel Heading(127250): values=Heading=(94.17 deg) Deviation=(None) Variation=(None) Reference=("1")

0  : pgn=127245 line=Rx 10382591 09 f1 0d 00 00 f8 ff 7f 00 00 ff ff
source=0: pgn=Rudder(127245): values=Instance=(0) DirectionOrder=("0") AngleOrder=(None) Position=(0.00 deg)

0  : pgn=65379  line=Rx 10382596 1c ff 63 00 3b 9f 00 00 00 00 01 ff
source=0: pgn=Seatalk: Pilot Mode(65379): values=ManufacturerCode=(1851) IndustryCode=(4) PilotMode=(0) SubMode=(0) PilotModeData=(0)

0  : pgn=65359  line=Rx 10382596 1c ff 4f 00 3b 9f ff ff ff 34 40 ff
source=0: pgn=Seatalk: Pilot Heading(65359): values=ManufacturerCode=(1851) IndustryCode=(4) HeadingTrue=(None) HeadingMagnetic=(94.17 deg)

0  : pgn=126975 line=Rx 10382598 1d ef ff 00 20 0d 3b 9f f0 81 84 16
0  : pgn=126975 line=Rx 10382601 1d ef ff 00 21 42 08 00 00 00 02 05
32 : pgn=128259 line=Rx 10382601 09 f5 03 20 55 1c 01 ff ff ff ff ff
source=32: pgn=Speed(128259): values=SpeedWaterReferenced=(2.84 m/s) SpeedGroundReferenced=(None) SpeedWaterReferencedType=(None) SpeedDirection=(None)

3  : pgn=129283 line=Tx 10382650 0d f9 03 03 ff 7f ff ff ff 7f ff ff
source=3: pgn=Cross Track Error(129283): values=XTEmode=(None) NavigationTerminated=("1") XTE=(None)

3  : pgn=129025 line=Tx 10382650 09 f8 01 03 54 56 6f 1c a4 ec fd b6
source=3: pgn=Position, Rapid Update(129025): values=Latitude=(47.705864399999996 deg) Longitude=(-122.4872796 deg)

3  : pgn=128267 line=Tx 10382650 0d f5 0b 03 ff 4e 3e 00 00 00 00 ff
source=3: pgn=Water Depth(128267): values=Depth=(159.5 m) Offset=(0.0 m) Range=(None)

0  : pgn=127250 line=Rx 10382669 09 f1 12 00 ff 24 40 ff 7f ff 7f fd
source=0: pgn=Vessel Heading(127250): values=Heading=(94.08 deg) Deviation=(None) Variation=(None) Reference=("1")

0  : pgn=127245 line=Rx 10382670 09 f1 0d 00 00 f8 ff 7f 00 00 ff ff
source=0: pgn=Rudder(127245): values=Instance=(0) DirectionOrder=("0") AngleOrder=(None) Position=(0.00 deg)

0  : pgn=65359  line=Rx 10382677 1c ff 4f 00 3b 9f ff ff ff 24 40 ff
source=0: pgn=Seatalk: Pilot Heading(65359): values=ManufacturerCode=(1851) IndustryCode=(4) HeadingTrue=(None) HeadingMagnetic=(94.08 deg)

0  : pgn=126975 line=Rx 10382680 1d ef ff 00 40 09 3b 9f f0 81 ae 02
1  : pgn=129038 line=Rx 10382681 11 f8 0e 01 a0 1b c1 0e 29 e0 15 49
1  : pgn=129038 line=Rx 10382682 11 f8 0e 01 a1 bf 0c b7 af 5f 69 1c
1  : pgn=129038 line=Rx 10382682 11 f8 0e 01 a2 18 94 83 00 00 01 00
1  : pgn=129038 line=Rx 10382683 11 f8 0e 01 a3 08 ff ff ff 7f f0 fe
0  : pgn=126975 line=Rx 10382683 1d ef ff 00 41 00 08 00 ff ff ff ff
32 : pgn=128259 line=Rx 10382700 09 f5 03 20 56 1c 01 ff ff ff ff ff
source=32: pgn=Speed(128259): values=SpeedWaterReferenced=(2.84 m/s) SpeedGroundReferenced=(None) SpeedWaterReferencedType=(None) SpeedDirection=(None)

1  : pgn=129038 line=Rx 10382740 11 f8 0e 01 c0 1b c1 95 05 06 16 27
1  : pgn=129038 line=Rx 10382741 11 f8 0e 01 c1 5a d7 b6 5d b1 73 1c
1  : pgn=129038 line=Rx 10382741 11 f8 0e 01 c2 21 99 bd 00 00 00 00
1  : pgn=129038 line=Rx 10382742 11 f8 0e 01 c3 00 ff ff ff 7f f0 fe
3  : pgn=129026 line=Tx 10382750 09 f8 02 03 ff fc 16 4c 46 01 ff ff
source=3: pgn=COG & SOG, Rapid Update(129026): values=COGReference=("0") COG=(111.60 deg) SOG=(3.2600000000000002 m/s)

3  : pgn=129025 line=Tx 10382750 09 f8 01 03 54 56 6f 1c a4 ec fd b6
source=3: pgn=Position, Rapid Update(129025): values=Latitude=(47.705864399999996 deg) Longitude=(-122.4872796 deg)

3  : pgn=129542 line=Tx 10382750 19 fa 06 03 80 0f bd 1e 01 00 00 00
3  : pgn=129542 line=Tx 10382750 19 fa 06 03 81 00 00 00 00 00 00 00
3  : pgn=129542 line=Tx 10382750 19 fa 06 03 82 00 00 ff ff ff ff ff
3  : pgn=65364  line=Tx 10382750 1c ff 54 03 3b 9f 13 03 1f c9 ff ff
0  : pgn=127250 line=Rx 10382779 09 f1 12 00 ff fe 3f ff 7f ff 7f fd
source=0: pgn=Vessel Heading(127250): values=Heading=(93.86 deg) Deviation=(None) Variation=(None) Reference=("1")

0  : pgn=127245 line=Rx 10382780 09 f1 0d 00 00 f8 ff 7f 00 00 ff ff
source=0: pgn=Rudder(127245): values=Instance=(0) DirectionOrder=("0") AngleOrder=(None) Position=(0.00 deg)

0  : pgn=65359  line=Rx 10382786 1c ff 4f 00 3b 9f ff ff ff fe 3f ff
source=0: pgn=Seatalk: Pilot Heading(65359): values=ManufacturerCode=(1851) IndustryCode=(4) HeadingTrue=(None) HeadingMagnetic=(93.86 deg)

32 : pgn=128259 line=Rx 10382800 09 f5 03 20 57 1d 01 ff ff ff ff ff
source=32: pgn=Speed(128259): values=SpeedWaterReferenced=(2.85 m/s) SpeedGroundReferenced=(None) SpeedWaterReferencedType=(None) SpeedDirection=(None)

1  : pgn=129038 line=Rx 10382802 11 f8 0e 01 e0 1b c1 18 97 f4 15 e7
1  : pgn=129038 line=Rx 10382803 11 f8 0e 01 e1 81 10 b7 e3 7c 67 1c
1  : pgn=129038 line=Rx 10382804 11 f8 0e 01 e2 23 f7 79 00 00 00 00
1  : pgn=129038 line=Rx 10382804 11 f8 0e 01 e3 00 ff ff ff 7f f0 fe
3  : pgn=129540 line=Tx 10382851 19 fa 04 03 c0 9f df ff 0d 03 97 1a
source=3: pgn=GNSS Sats in View(129540): values=RangeResidualMode=(None) SatsinView=(223) PRN=(None) Elevation=(4.47 deg) Azimuth=(39.00 deg) SNR=(0.0 dB) Rangeresiduals=(0) Status=("0")

3  : pgn=129540 line=Tx 10382851 19 fa 04 03 c1 2e 26 00 00 00 00 00
source=3: pgn=GNSS Sats in View(129540): values=RangeResidualMode=("0") SatsinView=(38) PRN=(0) Elevation=(0.00 deg) Azimuth=(0.00 deg) SNR=(0.0 dB) Rangeresiduals=(0) Status=("0")

3  : pgn=129540 line=Tx 10382851 19 fa 04 03 c2 00 f3 0f ff 1d ad 3c
source=3: pgn=GNSS Sats in View(129540): values=RangeResidualMode=("0") SatsinView=(243) PRN=(15) Elevation=(44.00 deg) Azimuth=(89.00 deg) SNR=(0.0 dB) Rangeresiduals=(0) Status=("0")

3  : pgn=129540 line=Tx 10382851 19 fa 04 03 c3 b8 0b 00 00 00 00 f5
source=3: pgn=GNSS Sats in View(129540): values=RangeResidualMode=("0") SatsinView=(11) PRN=(0) Elevation=(0.00 deg) Azimuth=(359.36 deg) SNR=(0.0 dB) Rangeresiduals=(0) Status=("0")

3  : pgn=129540 line=Tx 10382851 19 fa 04 03 c4 10 17 13 c2 b8 1c 0c
source=3: pgn=GNSS Sats in View(129540): values=RangeResidualMode=("0") SatsinView=(23) PRN=(19) Elevation=(-104.50 deg) Azimuth=(17.76 deg) SNR=(0.0 dB) Rangeresiduals=(0) Status=("0")

3  : pgn=129540 line=Tx 10382851 19 fa 04 03 c5 00 00 00 00 f5 12 c5
source=3: pgn=GNSS Sats in View(129540): values=RangeResidualMode=("0") SatsinView=(0) PRN=(0) Elevation=(-16.13 deg) Azimuth=(289.06 deg) SNR=(0.0 dB) Rangeresiduals=(0) Status=("0")

3  : pgn=129540 line=Tx 10382851 19 fa 04 03 c6 31 f2 93 74 0e 00 00
source=3: pgn=GNSS Sats in View(129540): values=RangeResidualMode=("1") SatsinView=(242) PRN=(147) Elevation=(21.20 deg) Azimuth=(0.00 deg) SNR=(0.0 dB) Rangeresiduals=(0) Status=("0")

3  : pgn=129540 line=Tx 10382851 19 fa 04 03 c7 00 00 f5 13 69 03 1f
source=3: pgn=GNSS Sats in View(129540): values=RangeResidualMode=("0") SatsinView=(0) PRN=(245) Elevation=(154.12 deg) Azimuth=(45.49 deg) SNR=(0.0 dB) Rangeresiduals=(0) Status=("0")

3  : pgn=129540 line=Tx 10382851 19 fa 04 03 c8 d8 10 0e 00 00 00 00
source=3: pgn=GNSS Sats in View(129540): values=RangeResidualMode=("0") SatsinView=(16) PRN=(14) Elevation=(0.00 deg) Azimuth=(0.00 deg) SNR=(0.0 dB) Rangeresiduals=(0) Status=("0")

3  : pgn=129540 line=Tx 10382851 19 fa 04 03 c9 f5 15 e8 37 c5 22 10
source=3: pgn=GNSS Sats in View(129540): values=RangeResidualMode=("1") SatsinView=(21) PRN=(232) Elevation=(-86.22 deg) Azimuth=(23.66 deg) SNR=(0.0 dB) Rangeresiduals=(0) Status=("0")

3  : pgn=129540 line=Tx 10382851 19 fa 04 03 ca 0e 00 00 00 00 f5 16
source=3: pgn=GNSS Sats in View(129540): values=RangeResidualMode=("0") SatsinView=(0) PRN=(0) Elevation=(0.00 deg) Azimuth=(33.67 deg) SNR=(0.0 dB) Rangeresiduals=(0) Status=("0")

3  : pgn=129540 line=Tx 10382854 19 fa 04 03 cb 80 16 7d 9d 10 0e 00
source=3: pgn=GNSS Sats in View(129540): values=RangeResidualMode=("0") SatsinView=(22) PRN=(125) Elevation=(24.37 deg) Azimuth=(0.08 deg) SNR=(0.0 dB) Rangeresiduals=(0) Status=("0")

3  : pgn=129540 line=Tx 10382855 19 fa 04 03 cc 00 00 00 f5 1a ae 0f
source=3: pgn=GNSS Sats in View(129540): values=RangeResidualMode=("0") SatsinView=(0) PRN=(0) Elevation=(39.54 deg) Azimuth=(23.00 deg) SNR=(0.0 dB) Rangeresiduals=(0) Status=("0")

3  : pgn=129540 line=Tx 10382855 19 fa 04 03 cd 5d 1f ac 0d 00 00 00
source=3: pgn=GNSS Sats in View(129540): values=RangeResidualMode=("1") SatsinView=(31) PRN=(172) Elevation=(0.07 deg) Azimuth=(0.00 deg) SNR=(0.0 dB) Rangeresiduals=(0) Status=("0")

3  : pgn=129540 line=Tx 10382856 19 fa 04 03 ce 00 f5 1b d1 15 ab d2
source=3: pgn=GNSS Sats in View(129540): values=RangeResidualMode=("0") SatsinView=(245) PRN=(27) Elevation=(32.00 deg) Azimuth=(309.00 deg) SNR=(0.0 dB) Rangeresiduals=(0) Status=("0")

3  : pgn=129540 line=Tx 10382857 19 fa 04 03 cf 48 0d 00 00 00 00 f5
source=3: pgn=GNSS Sats in View(129540): values=RangeResidualMode=("0") SatsinView=(13) PRN=(0) Elevation=(0.00 deg) Azimuth=(359.36 deg) SNR=(0.0 dB) Rangeresiduals=(0) Status=("0")

3  : pgn=129540 line=Tx 10382859 19 fa 04 03 d0 1d 51 0e a1 67 28 0a
source=3: pgn=GNSS Sats in View(129540): values=RangeResidualMode=("1") SatsinView=(81) PRN=(14) Elevation=(152.00 deg) Azimuth=(14.90 deg) SNR=(0.0 dB) Rangeresiduals=(0) Status=("0")

3  : pgn=129540 line=Tx 10382859 19 fa 04 03 d1 00 00 00 00 f5 23 d1
source=3: pgn=GNSS Sats in View(129540): values=RangeResidualMode=("0") SatsinView=(0) PRN=(0) Elevation=(-16.13 deg) Azimuth=(306.76 deg) SNR=(0.0 dB) Rangeresiduals=(0) Status=("0")

3  : pgn=129540 line=Tx 10382860 19 fa 04 03 d2 15 c3 8b 00 00 00 00
source=3: pgn=GNSS Sats in View(129540): values=RangeResidualMode=("1") SatsinView=(195) PRN=(139) Elevation=(0.00 deg) Azimuth=(0.00 deg) SNR=(0.0 dB) Rangeresiduals=(0) Status=("0")

3  : pgn=129540 line=Tx 10382861 19 fa 04 03 d3 00 00 f3 30 2e 17 43
source=3: pgn=GNSS Sats in View(129540): values=RangeResidualMode=("0") SatsinView=(0) PRN=(243) Elevation=(67.75 deg) Azimuth=(98.41 deg) SNR=(0.0 dB) Rangeresiduals=(0) Status=("0")

3  : pgn=129540 line=Tx 10382862 19 fa 04 03 d4 84 10 0e 00 00 00 00
source=3: pgn=GNSS Sats in View(129540): values=RangeResidualMode=("0") SatsinView=(16) PRN=(14) Elevation=(0.00 deg) Azimuth=(0.00 deg) SNR=(0.0 dB) Rangeresiduals=(0) Status=("0")

3  : pgn=129540 line=Tx 10382862 19 fa 04 03 d5 f5 33 80 16 67 6c 80
source=3: pgn=GNSS Sats in View(129540): values=RangeResidualMode=("1") SatsinView=(51) PRN=(128) Elevation=(151.20 deg) Azimuth=(188.37 deg) SNR=(0.0 dB) Rangeresiduals=(0) Status=("0")

3  : pgn=129540 line=Tx 10382863 19 fa 04 03 d6 0c 00 00 00 00 f5 ff
source=3: pgn=GNSS Sats in View(129540): values=RangeResidualMode=("0") SatsinView=(0) PRN=(0) Elevation=(0.00 deg) Azimuth=(375.43 deg) SNR=(0.0 dB) Rangeresiduals=(0) Status=("0")

3  : pgn=129025 line=Tx 10382864 09 f8 01 03 39 56 6f 1c e8 ec fd b6
source=3: pgn=Position, Rapid Update(129025): values=Latitude=(47.7058617 deg) Longitude=(-122.4872728 deg)

3  : pgn=127258 line=Tx 10382864 19 f1 1a 03 ff f6 12 39 fa 0a ff ff
source=3: pgn=Magnetic Variation(127258): values=Source=("6") Ageofservice=(14610 d) Variation=(16.10 deg)

1  : pgn=129038 line=Rx 10382865 11 f8 0e 01 00 1b c1 c6 60 e6 15 97
source=1: pgn=AIS Class A Position Report(129038): values=MessageID=(0) RepeatIndicator=("0") UserID=(1623638299) Longitude=(0.0 deg) Latitude=(0.0 deg) PositionAccuracy=("0") RAIM=("0") TimeStamp=("0") COG=(0.00 deg) SOG=(0.0 m/s) CommunicationState=(0) AISTransceiverinformation=("0") Heading=(0.00 deg) RateofTurn=(0.00 deg/s) NavStatus=("0") SpecialManeuverIndicator=("0") Spare=(0) SequenceID=(0)

1  : pgn=129038 line=Rx 10382866 11 f8 0e 01 01 73 0d b7 f8 9d 68 1c
source=1: pgn=AIS Class A Position Report(129038): values=MessageID=(1) RepeatIndicator=("0") UserID=(4172746099) Longitude=(0.0 deg) Latitude=(0.0 deg) PositionAccuracy=("0") RAIM=("0") TimeStamp=("0") COG=(0.00 deg) SOG=(0.0 m/s) CommunicationState=(0) AISTransceiverinformation=("0") Heading=(0.00 deg) RateofTurn=(0.00 deg/s) NavStatus=("0") SpecialManeuverIndicator=("0") Spare=(0) SequenceID=(0)

1  : pgn=129038 line=Rx 10382866 11 f8 0e 01 02 26 36 b8 00 00 00 00
source=1: pgn=AIS Class A Position Report(129038): values=MessageID=(2) RepeatIndicator=("0") UserID=(12072486) Longitude=(0.0 deg) Latitude=(0.0 deg) PositionAccuracy=("0") RAIM=("0") TimeStamp=("0") COG=(0.00 deg) SOG=(0.0 m/s) CommunicationState=(0) AISTransceiverinformation=("0") Heading=(0.00 deg) RateofTurn=(0.00 deg/s) NavStatus=("0") SpecialManeuverIndicator=("0") Spare=(0) SequenceID=(0)

1  : pgn=129038 line=Rx 10382867 11 f8 0e 01 03 00 d1 15 00 00 f0 fe
source=1: pgn=AIS Class A Position Report(129038): values=MessageID=(3) RepeatIndicator=("0") UserID=(1429760) Longitude=(0.0 deg) Latitude=(0.0 deg) PositionAccuracy=("0") RAIM=("0") TimeStamp=("0") COG=(0.00 deg) SOG=(0.0 m/s) CommunicationState=(0) AISTransceiverinformation=("0") Heading=(0.00 deg) RateofTurn=(0.00 deg/s) NavStatus=("0") SpecialManeuverIndicator=("0") Spare=(0) SequenceID=(0)

0  : pgn=127250 line=Rx 10382882 09 f1 12 00 ff f3 3f ff 7f ff 7f fd
source=0: pgn=Vessel Heading(127250): values=Heading=(93.80 deg) Deviation=(None) Variation=(None) Reference=("1")

0  : pgn=127245 line=Rx 10382883 09 f1 0d 00 00 f8 ff 7f 00 00 ff ff
source=0: pgn=Rudder(127245): values=Instance=(0) DirectionOrder=("0") AngleOrder=(None) Position=(0.00 deg)

0  : pgn=65359  line=Rx 10382889 1c ff 4f 00 3b 9f ff ff ff f3 3f ff
source=0: pgn=Seatalk: Pilot Heading(65359): values=ManufacturerCode=(1851) IndustryCode=(4) HeadingTrue=(None) HeadingMagnetic=(93.80 deg)

32 : pgn=128259 line=Rx 10382901 09 f5 03 20 58 1c 01 ff ff ff ff ff
source=32: pgn=Speed(128259): values=SpeedWaterReferenced=(2.84 m/s) SpeedGroundReferenced=(None) SpeedWaterReferencedType=(None) SpeedDirection=(None)

32 : pgn=130310 line=Rx 10382904 15 fd 06 20 08 ff ff ff ff ff ff ff
source=32: pgn=Environmental Parameters (obsolete)(130310): values=WaterTemperature=(None) OutsideAmbientAirTemperature=(None) AtmosphericPressure=(None)

32 : pgn=128275 line=Rx 10382914 19 f5 13 20 e0 0e ff ff ff ff ff ff
32 : pgn=128275 line=Rx 10382919 19 f5 13 20 e1 8c ae 3c 00 8c ae 3c
32 : pgn=128275 line=Rx 10382924 19 f5 13 20 e2 00 ff ff ff ff ff ff
1  : pgn=129038 line=Rx 10382925 11 f8 0e 01 20 1b c1 58 92 12 12 30
1  : pgn=129038 line=Rx 10382926 11 f8 0e 01 21 47 0e b7 6a 44 68 1c
1  : pgn=129038 line=Rx 10382927 11 f8 0e 01 22 20 ff 1a 05 00 00 00
1  : pgn=129038 line=Rx 10382927 11 f8 0e 01 23 00 ff ff ff 7f f0 fe
3  : pgn=129026 line=Tx 10382953 09 f8 02 03 ff fc 6d 4c 46 01 ff ff
source=3: pgn=COG & SOG, Rapid Update(129026): values=COGReference=("0") COG=(112.10 deg) SOG=(3.2600000000000002 m/s)

3  : pgn=129025 line=Tx 10382953 09 f8 01 03 39 56 6f 1c e8 ec fd b6
source=3: pgn=Position, Rapid Update(129025): values=Latitude=(47.7058617 deg) Longitude=(-122.4872728 deg)

1  : pgn=59936  line=Rx 10382955 18 ea 20 01 00 ee 00 00 00 00 00 00
0  : pgn=127250 line=Rx 10382980 09 f1 12 00 ff f0 3f ff 7f ff 7f fd
source=0: pgn=Vessel Heading(127250): values=Heading=(93.78 deg) Deviation=(None) Variation=(None) Reference=("1")

0  : pgn=127245 line=Rx 10382981 09 f1 0d 00 00 f8 ff 7f 00 00 ff ff
source=0: pgn=Rudder(127245): values=Instance=(0) DirectionOrder=("0") AngleOrder=(None) Position=(0.00 deg)

0  : pgn=65359  line=Rx 10382985 1c ff 4f 00 3b 9f ff ff ff f0 3f ff
source=0: pgn=Seatalk: Pilot Heading(65359): values=ManufacturerCode=(1851) IndustryCode=(4) HeadingTrue=(None) HeadingMagnetic=(93.78 deg)

1  : pgn=129038 line=Rx 10382987 11 f8 0e 01 40 1b c1 3a 83 dc 15 20
1  : pgn=129038 line=Rx 10382988 11 f8 0e 01 41 f0 f9 b6 29 34 62 1c
1  : pgn=129038 line=Rx 10382989 11 f8 0e 01 42 25 08 b6 05 00 00 00
1  : pgn=129038 line=Rx 10382989 11 f8 0e 01 43 00 cd c9 00 00 ff fe
32 : pgn=128259 line=Rx 10382999 09 f5 03 20 59 1c 01 ff ff ff ff ff
1  : pgn=129038 line=Rx 10383050 11 f8 0e 01 60 1b c1 14 fd dd 15 4a
1  : pgn=129038 line=Rx 10383051 11 f8 0e 01 61 ec 0c b7 2b d3 68 1c
1  : pgn=129038 line=Rx 10383051 11 f8 0e 01 62 20 e0 9c 00 00 01 00
1  : pgn=129038 line=Rx 10383052 11 f8 0e 01 63 08 5b 4c 00 00 ff fe
3  : pgn=129029 line=Tx 10383054 0d f8 05 03 80 2b bd 06 40 28 dd 19
3  : pgn=129029 line=Tx 10383054 0d f8 05 03 81 2c 00 fa 52 db 48 da
3  : pgn=129029 line=Tx 10383054 0d f8 05 03 82 9e 06 00 10 7f 58 be
3  : pgn=129029 line=Tx 10383054 0d f8 05 03 83 60 00 ef ff ff ff ff
3  : pgn=129029 line=Tx 10383054 0d f8 05 03 84 ff ff ff 7f 23 fc 09
3  : pgn=129029 line=Tx 10383054 0d f8 05 03 85 4f 00 ff 7f ff ff ff
3  : pgn=129029 line=Tx 10383054 0d f8 05 03 86 7f 00 ff ff ff ff ff
3  : pgn=129025 line=Tx 10383054 09 f8 01 03 39 56 6f 1c e8 ec fd b6
source=3: pgn=Position, Rapid Update(129025): values=Latitude=(47.7058617 deg) Longitude=(-122.4872728 deg)

3  : pgn=129033 line=Tx 10383054 0d f8 09 03 06 40 28 dd 19 2c 5c fe
source=3: pgn=Time & Date(129033): values=Date=(16390 d) Time=(73989.25200000001 s) LocalOffset=(-25200.0 s)

4  : pgn=126975 line=Rx 10383058 1d ef ff 04 60 07 3b 9f f0 81 90 00
4  : pgn=126975 line=Rx 10383060 1d ef ff 04 61 03 ff ff ff ff ff ff
1  : pgn=129038 line=Rx 10383084 11 f8 0e 01 80 1b c1 a8 e4 f8 15 bc
1  : pgn=129038 line=Rx 10383084 11 f8 0e 01 81 31 10 b7 84 e9 67 1c
1  : pgn=129038 line=Rx 10383085 11 f8 0e 01 82 fc c5 0d 00 00 00 00
1  : pgn=129038 line=Rx 10383085 11 f8 0e 01 83 00 ff ff ff 7f f0 fe
0  : pgn=127250 line=Rx 10383088 09 f1 12 00 ff f5 3f ff 7f ff 7f fd
source=0: pgn=Vessel Heading(127250): values=Heading=(93.81 deg) Deviation=(None) Variation=(None) Reference=("1")

0  : pgn=127245 line=Rx 10383089 09 f1 0d 00 00 f8 ff 7f 00 00 ff ff
source=0: pgn=Rudder(127245): values=Instance=(0) DirectionOrder=("0") AngleOrder=(None) Position=(0.00 deg)

0  : pgn=65359  line=Rx 10383095 1c ff 4f 00 3b 9f ff ff ff f5 3f ff
source=0: pgn=Seatalk: Pilot Heading(65359): values=ManufacturerCode=(1851) IndustryCode=(4) HeadingTrue=(None) HeadingMagnetic=(93.81 deg)

32 : pgn=128259 line=Rx 10383098 09 f5 03 20 5a 1c 01 ff ff ff ff ff
source=32: pgn=Speed(128259): values=SpeedWaterReferenced=(2.84 m/s) SpeedGroundReferenced=(None) SpeedWaterReferencedType=(None) SpeedDirection=(None)

0  : pgn=126975 line=Rx 10383111 1d ef ff 00 60 08 3b 9f f0 81 9c 11
0  : pgn=126975 line=Rx 10383113 1d ef ff 00 61 02 00 ff ff ff ff ff
3  : pgn=129026 line=Tx 10383154 09 f8 02 03 ff fc c4 4c 47 01 ff ff
source=3: pgn=COG & SOG, Rapid Update(129026): values=COGReference=("0") COG=(112.60 deg) SOG=(3.27 m/s)

3  : pgn=129025 line=Tx 10383154 09 f8 01 03 09 56 6f 1c 81 ed fd b6
source=3: pgn=Position, Rapid Update(129025): values=Latitude=(47.7058569 deg) Longitude=(-122.4872575 deg)

3  : pgn=126992 line=Tx 10383154 0d f0 10 03 ff ff 06 40 32 e7 19 2c
source=3: pgn=System Time(126992): values=Source=(None) Date=(16390 d) Time=(73989.509 s)

0  : pgn=127250 line=Rx 10383183 09 f1 12 00 ff fa 3f ff 7f ff 7f fd
source=0: pgn=Vessel Heading(127250): values=Heading=(93.84 deg) Deviation=(None) Variation=(None) Reference=("1")

0  : pgn=127245 line=Rx 10383184 09 f1 0d 00 00 f8 ff 7f 00 00 ff ff
source=0: pgn=Rudder(127245): values=Instance=(0) DirectionOrder=("0") AngleOrder=(None) Position=(0.00 deg)

0  : pgn=65359  line=Rx 10383189 1c ff 4f 00 3b 9f ff ff ff fa 3f ff
source=0: pgn=Seatalk: Pilot Heading(65359): values=ManufacturerCode=(1851) IndustryCode=(4) HeadingTrue=(None) HeadingMagnetic=(93.84 deg)

32 : pgn=128259 line=Rx 10383198 09 f5 03 20 5b 1d 01 ff ff ff ff ff
source=32: pgn=Speed(128259): values=SpeedWaterReferenced=(2.85 m/s) SpeedGroundReferenced=(None) SpeedWaterReferencedType=(None) SpeedDirection=(None)

1  : pgn=129038 line=Rx 10383204 11 f8 0e 01 a0 1b c1 70 80 32 14 f2
1  : pgn=129038 line=Rx 10383206 11 f8 0e 01 a1 21 14 b7 fa ea 57 1c
1  : pgn=129038 line=Rx 10383206 11 f8 0e 01 a2 28 71 8c 00 00 00 00
1  : pgn=129038 line=Rx 10383206 11 f8 0e 01 a3 00 15 6d 00 00 f0 fe
3  : pgn=129025 line=Tx 10383254 09 f8 01 03 09 56 6f 1c 81 ed fd b6
source=3: pgn=Position, Rapid Update(129025): values=Latitude=(47.7058569 deg) Longitude=(-122.4872575 deg)

0  : pgn=127250 line=Rx 10383269 09 f1 12 00 ff 11 40 ff 7f ff 7f fd
source=0: pgn=Vessel Heading(127250): values=Heading=(93.97 deg) Deviation=(None) Variation=(None) Reference=("1")

0  : pgn=127245 line=Rx 10383270 09 f1 0d 00 00 f8 ff 7f 00 00 ff ff
source=0: pgn=Rudder(127245): values=Instance=(0) DirectionOrder=("0") AngleOrder=(None) Position=(0.00 deg)

0  : pgn=65359  line=Rx 10383277 1c ff 4f 00 3b 9f ff ff ff 11 40 ff
source=0: pgn=Seatalk: Pilot Heading(65359): values=ManufacturerCode=(1851) IndustryCode=(4) HeadingTrue=(None) HeadingMagnetic=(93.97 deg)

32 : pgn=128259 line=Rx 10383297 09 f5 03 20 5c 29 01 ff ff ff ff ff
source=32: pgn=Speed(128259): values=SpeedWaterReferenced=(2.97 m/s) SpeedGroundReferenced=(None) SpeedWaterReferencedType=(None) SpeedDirection=(None)

1  : pgn=129809 line=Rx 10383298 19 fb 11 01 c0 19 18 1e ad 27 14 43
1  : pgn=129809 line=Rx 10383298 19 fb 11 01 c1 3a 2f 45 53 43 20 20
1  : pgn=129809 line=Rx 10383299 19 fb 11 01 c2 20 20 20 20 20 20 20
1  : pgn=129809 line=Rx 10383300 19 fb 11 01 c3 20 20 20 20 20 ff ff
1  : pgn=130842 line=Rx 10383300 19 ff 1a 01 c0 1d 41 9f 00 00 00 1e
1  : pgn=130842 line=Rx 10383301 19 ff 1a 01 c1 ad 27 14 43 3a 2f 45
1  : pgn=130842 line=Rx 10383301 19 ff 1a 01 c2 53 43 20 20 20 20 20
1  : pgn=130842 line=Rx 10383302 19 ff 1a 01 c3 20 20 20 20 20 20 20
1  : pgn=130842 line=Rx 10383302 19 ff 1a 01 c4 20 20 ff ff ff ff ff
3  : pgn=129026 line=Tx 10383355 09 f8 02 03 ff fc c4 4c 47 01 ff ff
source=3: pgn=COG & SOG, Rapid Update(129026): values=COGReference=("0") COG=(112.60 deg) SOG=(3.27 m/s)

3  : pgn=129025 line=Tx 10383355 09 f8 01 03 09 56 6f 1c 81 ed fd b6
source=3: pgn=Position, Rapid Update(129025): values=Latitude=(47.7058569 deg) Longitude=(-122.4872575 deg)

3  : pgn=129291 line=Tx 10383355 0d f9 0b 03 ff fc 09 56 2c 00 ff ff
source=3: pgn=Set & Drift, Rapid Update(129291): values=SetReference=("0") Set=(126.19 deg) Drift=(0.44 m/s)

0  : pgn=127250 line=Rx 10383384 09 f1 12 00 ff 20 40 ff 7f ff 7f fd
source=0: pgn=Vessel Heading(127250): values=Heading=(94.06 deg) Deviation=(None) Variation=(None) Reference=("1")

0  : pgn=127245 line=Rx 10383385 09 f1 0d 00 00 f8 ff 7f 00 00 ff ff
source=0: pgn=Rudder(127245): values=Instance=(0) DirectionOrder=("0") AngleOrder=(None) Position=(0.00 deg)

0  : pgn=65359  line=Rx 10383390 1c ff 4f 00 3b 9f ff ff ff 20 40 ff
source=0: pgn=Seatalk: Pilot Heading(65359): values=ManufacturerCode=(1851) IndustryCode=(4) HeadingTrue=(None) HeadingMagnetic=(94.06 deg)

32 : pgn=128259 line=Rx 10383397 09 f5 03 20 5d 1c 01 ff ff ff ff ff
source=32: pgn=Speed(128259): values=SpeedWaterReferenced=(2.84 m/s) SpeedGroundReferenced=(None) SpeedWaterReferencedType=(None) SpeedDirection=(None)

4  : pgn=65384  line=Rx 10383399 1c ff 68 04 3b 9f 00 00 00 00 00 00
1  : pgn=129038 line=Rx 10383450 11 f8 0e 01 c0 1b c1 7e e1 df 15 d9
1  : pgn=129038 line=Rx 10383451 11 f8 0e 01 c1 1f 0e b7 ea 2d 68 1c
1  : pgn=129038 line=Rx 10383451 11 f8 0e 01 c2 29 93 e0 00 00 00 00
1  : pgn=129038 line=Rx 10383452 11 f8 0e 01 c3 00 17 04 00 00 f0 fe
3  : pgn=129025 line=Tx 10383455 09 f8 01 03 fd 55 6f 1c c2 ed fd b6
source=3: pgn=Position, Rapid Update(129025): values=Latitude=(47.7058557 deg) Longitude=(-122.487251 deg)

0  : pgn=127250 line=Rx 10383469 09 f1 12 00 ff 30 40 ff 7f ff 7f fd
source=0: pgn=Vessel Heading(127250): values=Heading=(94.15 deg) Deviation=(None) Variation=(None) Reference=("1")

0  : pgn=127245 line=Rx 10383470 09 f1 0d 00 00 f8 ff 7f 00 00 ff ff
source=0: pgn=Rudder(127245): values=Instance=(0) DirectionOrder=("0") AngleOrder=(None) Position=(0.00 deg)

0  : pgn=65359  line=Rx 10383477 1c ff 4f 00 3b 9f ff ff ff 30 40 ff
source=0: pgn=Seatalk: Pilot Heading(65359): values=ManufacturerCode=(1851) IndustryCode=(4) HeadingTrue=(None) HeadingMagnetic=(94.15 deg)

1  : pgn=129038 line=Rx 10383480 11 f8 0e 01 e0 1b c1 9a cc e2 15 91
1  : pgn=129038 line=Rx 10383481 11 f8 0e 01 e1 3b 10 b7 73 e4 67 1c
1  : pgn=129038 line=Rx 10383481 11 f8 0e 01 e2 24 28 13 00 00 00 00
1  : pgn=129038 line=Rx 10383482 11 f8 0e 01 e3 00 ff ff ff 7f f0 fe
32 : pgn=128259 line=Rx 10383496 09 f5 03 20 5e 1a 01 ff ff ff ff ff
source=32: pgn=Speed(128259): values=SpeedWaterReferenced=(2.82 m/s) SpeedGroundReferenced=(None) SpeedWaterReferencedType=(None) SpeedDirection=(None)

3  : pgn=129026 line=Tx 10383555 09 f8 02 03 ff fc f9 4c 47 01 ff ff
source=3: pgn=COG & SOG, Rapid Update(129026): values=COGReference=("0") COG=(112.90 deg) SOG=(3.27 m/s)

3  : pgn=130577 line=Tx 10383555 0d fe 11 03 a0 0e c0 be f9 4c 47 01
3  : pgn=130577 line=Tx 10383555 0d fe 11 03 a1 ff ff ff ff 09 56 2c
3  : pgn=130577 line=Tx 10383555 0d fe 11 03 a2 00 ff ff ff ff ff ff
3  : pgn=129025 line=Tx 10383555 09 f8 01 03 fd 55 6f 1c c2 ed fd b6
3  : pgn=130306 line=Tx 10383555 09 fd 02 03 ff 13 03 7c ca fa ff ff
source=3: pgn=Wind Data(130306): values=WindSpeed=(7.87 m/s) WindAngle=(297.00 deg) Reference=("2")

0  : pgn=127250 line=Rx 10383589 09 f1 12 00 ff 3d 40 ff 7f ff 7f fd
source=0: pgn=Vessel Heading(127250): values=Heading=(94.22 deg) Deviation=(None) Variation=(None) Reference=("1")

0  : pgn=127245 line=Rx 10383590 09 f1 0d 00 00 f8 ff 7f 00 00 ff ff
source=0: pgn=Rudder(127245): values=Instance=(0) DirectionOrder=("0") AngleOrder=(None) Position=(0.00 deg)

0  : pgn=65379  line=Rx 10383595 1c ff 63 00 3b 9f 00 00 00 00 01 ff
source=0: pgn=Seatalk: Pilot Mode(65379): values=ManufacturerCode=(1851) IndustryCode=(4) PilotMode=(0) SubMode=(0) PilotModeData=(0)

0  : pgn=65359  line=Rx 10383596 1c ff 4f 00 3b 9f ff ff ff 3d 40 ff
source=0: pgn=Seatalk: Pilot Heading(65359): values=ManufacturerCode=(1851) IndustryCode=(4) HeadingTrue=(None) HeadingMagnetic=(94.22 deg)

32 : pgn=128259 line=Rx 10383596 09 f5 03 20 5f 19 01 ff ff ff ff ff
source=32: pgn=Speed(128259): values=SpeedWaterReferenced=(2.81 m/s) SpeedGroundReferenced=(None) SpeedWaterReferencedType=(None) SpeedDirection=(None)

0  : pgn=126975 line=Rx 10383600 1d ef ff 00 80 0d 3b 9f f0 81 84 16
0  : pgn=126975 line=Rx 10383601 1d ef ff 00 81 42 08 00 00 00 02 05
3  : pgn=129283 line=Tx 10383660 0d f9 03 03 ff 7f ff ff ff 7f ff ff
source=3: pgn=Cross Track Error(129283): values=XTEmode=(None) NavigationTerminated=("1") XTE=(None)

3  : pgn=129025 line=Tx 10383660 09 f8 01 03 e3 55 6f 1c 0f ee fd b6
source=3: pgn=Position, Rapid Update(129025): values=Latitude=(47.7058531 deg) Longitude=(-122.48724329999999 deg)

3  : pgn=128267 line=Tx 10383660 0d f5 0b 03 ff 57 3e 00 00 00 00 ff
source=3: pgn=Water Depth(128267): values=Depth=(159.59 m) Offset=(0.0 m) Range=(None)

0  : pgn=127250 line=Rx 10383671 09 f1 12 00 ff 40 40 ff 7f ff 7f fd
source=0: pgn=Vessel Heading(127250): values=Heading=(94.24 deg) Deviation=(None) Variation=(None) Reference=("1")

0  : pgn=127245 line=Rx 10383672 09 f1 0d 00 00 f8 ff 7f 00 00 ff ff
source=0: pgn=Rudder(127245): values=Instance=(0) DirectionOrder=("0") AngleOrder=(None) Position=(0.00 deg)

0  : pgn=65359  line=Rx 10383678 1c ff 4f 00 3b 9f ff ff ff 40 40 ff
source=0: pgn=Seatalk: Pilot Heading(65359): values=ManufacturerCode=(1851) IndustryCode=(4) HeadingTrue=(None) HeadingMagnetic=(94.24 deg)

0  : pgn=126975 line=Rx 10383688 1d ef ff 00 a0 09 3b 9f f0 81 ae 02
0  : pgn=126975 line=Rx 10383691 1d ef ff 00 a1 00 08 04 ff ff ff ff
1  : pgn=129794 line=Rx 10383693 19 fb 02 01 a0 4b 05 d0 05 2f 14 04
1  : pgn=129794 line=Rx 10383694 19 fb 02 01 a1 63 f4 30 57 44 47 32
1  : pgn=129794 line=Rx 10383694 19 fb 02 01 a2 32 31 35 41 4c 41 53
1  : pgn=129794 line=Rx 10383695 19 fb 02 01 a3 4b 41 20 50 52 4f 56
1  : pgn=129794 line=Rx 10383695 19 fb 02 01 a4 49 44 45 52 20 20 20
1  : pgn=129794 line=Rx 10383696 19 fb 02 01 a5 20 20 1e 00 00 00 00
1  : pgn=129794 line=Rx 10383696 19 fb 02 01 a6 ff ff ff ff ff ff 00
1  : pgn=129794 line=Rx 10383697 19 fb 02 01 a7 00 00 00 ff ff ff 4e
1  : pgn=129794 line=Rx 10383698 19 fb 02 01 a8 41 43 4f 52 54 45 53
1  : pgn=129794 line=Rx 10383698 19 fb 02 01 a9 20 20 20 20 20 20 20
1  : pgn=129794 line=Rx 10383699 19 fb 02 01 aa 20 20 20 20 05 e0 ff
32 : pgn=128259 line=Rx 10383699 09 f5 03 20 60 1a 01 ff ff ff ff ff
source=32: pgn=Speed(128259): values=SpeedWaterReferenced=(2.82 m/s) SpeedGroundReferenced=(None) SpeedWaterReferencedType=(None) SpeedDirection=(None)

3  : pgn=129026 line=Tx 10383760 09 f8 02 03 ff fc 2d 4d 48 01 ff ff
source=3: pgn=COG & SOG, Rapid Update(129026): values=COGReference=("0") COG=(113.20 deg) SOG=(3.2800000000000002 m/s)

3  : pgn=129025 line=Tx 10383760 09 f8 01 03 e3 55 6f 1c 0f ee fd b6
source=3: pgn=Position, Rapid Update(129025): values=Latitude=(47.7058531 deg) Longitude=(-122.48724329999999 deg)

3  : pgn=129542 line=Tx 10383760 19 fa 06 03 a0 0f be 30 01 00 00 00
3  : pgn=129542 line=Tx 10383760 19 fa 06 03 a1 00 00 00 00 00 00 00
3  : pgn=129542 line=Tx 10383760 19 fa 06 03 a2 00 00 ff ff ff ff ff
3  : pgn=65364  line=Tx 10383760 1c ff 54 03 3b 9f 13 03 7c ca ff ff
0  : pgn=127250 line=Rx 10383788 09 f1 12 00 ff 44 40 ff 7f ff 7f fd
source=0: pgn=Vessel Heading(127250): values=Heading=(94.26 deg) Deviation=(None) Variation=(None) Reference=("1")

0  : pgn=127245 line=Rx 10383789 09 f1 0d 00 00 f8 ff 7f 00 00 ff ff
source=0: pgn=Rudder(127245): values=Instance=(0) DirectionOrder=("0") AngleOrder=(None) Position=(0.00 deg)

32 : pgn=128259 line=Rx 10383795 09 f5 03 20 61 1f 01 ff ff ff ff ff
source=32: pgn=Speed(128259): values=SpeedWaterReferenced=(2.87 m/s) SpeedGroundReferenced=(None) SpeedWaterReferencedType=(None) SpeedDirection=(None)

0  : pgn=65359  line=Rx 10383795 1c ff 4f 00 3b 9f ff ff ff 44 40 ff
source=0: pgn=Seatalk: Pilot Heading(65359): values=ManufacturerCode=(1851) IndustryCode=(4) HeadingTrue=(None) HeadingMagnetic=(94.26 deg)

3  : pgn=129540 line=Tx 10383860 19 fa 04 03 e0 9f e0 ff 0d 03 97 1a
source=3: pgn=GNSS Sats in View(129540): values=RangeResidualMode=(None) SatsinView=(224) PRN=(None) Elevation=(4.47 deg) Azimuth=(39.00 deg) SNR=(0.0 dB) Rangeresiduals=(0) Status=("0")

3  : pgn=129540 line=Tx 10383860 19 fa 04 03 e1 2e 26 00 00 00 00 00
source=3: pgn=GNSS Sats in View(129540): values=RangeResidualMode=("0") SatsinView=(38) PRN=(0) Elevation=(0.00 deg) Azimuth=(0.00 deg) SNR=(0.0 dB) Rangeresiduals=(0) Status=("0")

3  : pgn=129540 line=Tx 10383860 19 fa 04 03 e2 00 f3 0f ff 1d ad 3c
source=3: pgn=GNSS Sats in View(129540): values=RangeResidualMode=("0") SatsinView=(243) PRN=(15) Elevation=(44.00 deg) Azimuth=(89.00 deg) SNR=(0.0 dB) Rangeresiduals=(0) Status=("0")

3  : pgn=129540 line=Tx 10383860 19 fa 04 03 e3 b8 0b 00 00 00 00 f5
source=3: pgn=GNSS Sats in View(129540): values=RangeResidualMode=("0") SatsinView=(11) PRN=(0) Elevation=(0.00 deg) Azimuth=(359.36 deg) SNR=(0.0 dB) Rangeresiduals=(0) Status=("0")

3  : pgn=129540 line=Tx 10383860 19 fa 04 03 e4 10 17 13 c2 b8 1c 0c
source=3: pgn=GNSS Sats in View(129540): values=RangeResidualMode=("0") SatsinView=(23) PRN=(19) Elevation=(-104.50 deg) Azimuth=(17.76 deg) SNR=(0.0 dB) Rangeresiduals=(0) Status=("0")

3  : pgn=129540 line=Tx 10383860 19 fa 04 03 e5 00 00 00 00 f5 12 c5
source=3: pgn=GNSS Sats in View(129540): values=RangeResidualMode=("0") SatsinView=(0) PRN=(0) Elevation=(-16.13 deg) Azimuth=(289.06 deg) SNR=(0.0 dB) Rangeresiduals=(0) Status=("0")

3  : pgn=129540 line=Tx 10383860 19 fa 04 03 e6 31 f2 93 74 0e 00 00
source=3: pgn=GNSS Sats in View(129540): values=RangeResidualMode=("1") SatsinView=(242) PRN=(147) Elevation=(21.20 deg) Azimuth=(0.00 deg) SNR=(0.0 dB) Rangeresiduals=(0) Status=("0")

3  : pgn=129540 line=Tx 10383860 19 fa 04 03 e7 00 00 f5 13 69 03 1f
source=3: pgn=GNSS Sats in View(129540): values=RangeResidualMode=("0") SatsinView=(0) PRN=(245) Elevation=(154.12 deg) Azimuth=(45.49 deg) SNR=(0.0 dB) Rangeresiduals=(0) Status=("0")

3  : pgn=129540 line=Tx 10383860 19 fa 04 03 e8 d8 10 0e 00 00 00 00
source=3: pgn=GNSS Sats in View(129540): values=RangeResidualMode=("0") SatsinView=(16) PRN=(14) Elevation=(0.00 deg) Azimuth=(0.00 deg) SNR=(0.0 dB) Rangeresiduals=(0) Status=("0")

3  : pgn=129540 line=Tx 10383860 19 fa 04 03 e9 f5 15 e8 37 c5 22 10
source=3: pgn=GNSS Sats in View(129540): values=RangeResidualMode=("1") SatsinView=(21) PRN=(232) Elevation=(-86.22 deg) Azimuth=(23.66 deg) SNR=(0.0 dB) Rangeresiduals=(0) Status=("0")

3  : pgn=129540 line=Tx 10383860 19 fa 04 03 ea 0e 00 00 00 00 f5 16
source=3: pgn=GNSS Sats in View(129540): values=RangeResidualMode=("0") SatsinView=(0) PRN=(0) Elevation=(0.00 deg) Azimuth=(33.67 deg) SNR=(0.0 dB) Rangeresiduals=(0) Status=("0")

3  : pgn=129540 line=Tx 10383862 19 fa 04 03 eb 80 16 7d 9d 10 0e 00
source=3: pgn=GNSS Sats in View(129540): values=RangeResidualMode=("0") SatsinView=(22) PRN=(125) Elevation=(24.37 deg) Azimuth=(0.08 deg) SNR=(0.0 dB) Rangeresiduals=(0) Status=("0")

3  : pgn=129540 line=Tx 10383863 19 fa 04 03 ec 00 00 00 f5 1a ae 0f
source=3: pgn=GNSS Sats in View(129540): values=RangeResidualMode=("0") SatsinView=(0) PRN=(0) Elevation=(39.54 deg) Azimuth=(23.00 deg) SNR=(0.0 dB) Rangeresiduals=(0) Status=("0")

3  : pgn=129540 line=Tx 10383864 19 fa 04 03 ed 5d 1f ac 0d 00 00 00
source=3: pgn=GNSS Sats in View(129540): values=RangeResidualMode=("1") SatsinView=(31) PRN=(172) Elevation=(0.07 deg) Azimuth=(0.00 deg) SNR=(0.0 dB) Rangeresiduals=(0) Status=("0")

3  : pgn=129540 line=Tx 10383864 19 fa 04 03 ee 00 f5 1b d1 15 ab d2
source=3: pgn=GNSS Sats in View(129540): values=RangeResidualMode=("0") SatsinView=(245) PRN=(27) Elevation=(32.00 deg) Azimuth=(309.00 deg) SNR=(0.0 dB) Rangeresiduals=(0) Status=("0")

3  : pgn=129540 line=Tx 10383865 19 fa 04 03 ef 48 0d 00 00 00 00 f5
source=3: pgn=GNSS Sats in View(129540): values=RangeResidualMode=("0") SatsinView=(13) PRN=(0) Elevation=(0.00 deg) Azimuth=(359.36 deg) SNR=(0.0 dB) Rangeresiduals=(0) Status=("0")

3  : pgn=129540 line=Tx 10383866 19 fa 04 03 f0 1d 51 0e a1 67 28 0a
source=3: pgn=GNSS Sats in View(129540): values=RangeResidualMode=("1") SatsinView=(81) PRN=(14) Elevation=(152.00 deg) Azimuth=(14.90 deg) SNR=(0.0 dB) Rangeresiduals=(0) Status=("0")

3  : pgn=129540 line=Tx 10383867 19 fa 04 03 f1 00 00 00 00 f5 23 d1
source=3: pgn=GNSS Sats in View(129540): values=RangeResidualMode=("0") SatsinView=(0) PRN=(0) Elevation=(-16.13 deg) Azimuth=(306.76 deg) SNR=(0.0 dB) Rangeresiduals=(0) Status=("0")

3  : pgn=129540 line=Tx 10383867 19 fa 04 03 f2 15 c3 8b 00 00 00 00
source=3: pgn=GNSS Sats in View(129540): values=RangeResidualMode=("1") SatsinView=(195) PRN=(139) Elevation=(0.00 deg) Azimuth=(0.00 deg) SNR=(0.0 dB) Rangeresiduals=(0) Status=("0")

3  : pgn=129540 line=Tx 10383868 19 fa 04 03 f3 00 00 f3 30 2e 17 43
source=3: pgn=GNSS Sats in View(129540): values=RangeResidualMode=("0") SatsinView=(0) PRN=(243) Elevation=(67.75 deg) Azimuth=(98.41 deg) SNR=(0.0 dB) Rangeresiduals=(0) Status=("0")

3  : pgn=129540 line=Tx 10383870 19 fa 04 03 f4 84 10 0e 00 00 00 00
source=3: pgn=GNSS Sats in View(129540): values=RangeResidualMode=("0") SatsinView=(16) PRN=(14) Elevation=(0.00 deg) Azimuth=(0.00 deg) SNR=(0.0 dB) Rangeresiduals=(0) Status=("0")

3  : pgn=129540 line=Tx 10383871 19 fa 04 03 f5 f5 33 80 16 67 6c 80
source=3: pgn=GNSS Sats in View(129540): values=RangeResidualMode=("1") SatsinView=(51) PRN=(128) Elevation=(151.20 deg) Azimuth=(188.37 deg) SNR=(0.0 dB) Rangeresiduals=(0) Status=("0")

3  : pgn=129540 line=Tx 10383871 19 fa 04 03 f6 0c 00 00 00 00 f5 ff
source=3: pgn=GNSS Sats in View(129540): values=RangeResidualMode=("0") SatsinView=(0) PRN=(0) Elevation=(0.00 deg) Azimuth=(375.43 deg) SNR=(0.0 dB) Rangeresiduals=(0) Status=("0")

3  : pgn=129025 line=Tx 10383872 09 f8 01 03 e3 55 6f 1c 0f ee fd b6
source=3: pgn=Position, Rapid Update(129025): values=Latitude=(47.7058531 deg) Longitude=(-122.48724329999999 deg)

3  : pgn=127258 line=Tx 10383873 19 f1 1a 03 ff f6 12 39 fa 0a ff ff
source=3: pgn=Magnetic Variation(127258): values=Source=("6") Ageofservice=(14610 d) Variation=(16.10 deg)

0  : pgn=127250 line=Rx 10383890 09 f1 12 00 ff 2f 40 ff 7f ff 7f fd
source=0: pgn=Vessel Heading(127250): values=Heading=(94.14 deg) Deviation=(None) Variation=(None) Reference=("1")

0  : pgn=127245 line=Rx 10383890 09 f1 0d 00 00 f8 ff 7f 00 00 ff ff
source=0: pgn=Rudder(127245): values=Instance=(0) DirectionOrder=("0") AngleOrder=(None) Position=(0.00 deg)

32 : pgn=128259 line=Rx 10383897 09 f5 03 20 62 24 01 ff ff ff ff ff
source=32: pgn=Speed(128259): values=SpeedWaterReferenced=(2.92 m/s) SpeedGroundReferenced=(None) SpeedWaterReferencedType=(None) SpeedDirection=(None)

0  : pgn=65359  line=Rx 10383897 1c ff 4f 00 3b 9f ff ff ff 2f 40 ff
source=0: pgn=Seatalk: Pilot Heading(65359): values=ManufacturerCode=(1851) IndustryCode=(4) HeadingTrue=(None) HeadingMagnetic=(94.14 deg)

32 : pgn=130310 line=Rx 10383899 15 fd 06 20 09 ff ff ff ff ff ff ff
source=32: pgn=Environmental Parameters (obsolete)(130310): values=WaterTemperature=(None) OutsideAmbientAirTemperature=(None) AtmosphericPressure=(None)

32 : pgn=128275 line=Rx 10383910 19 f5 13 20 00 0e ff ff ff ff ff ff
source=32: pgn=Distance Log(128275): values=Date=(3584 d) Time=(None) Log=(0 m) TripLog=(0 m)

32 : pgn=128275 line=Rx 10383914 19 f5 13 20 01 8c ae 3c 00 8c ae 3c
source=32: pgn=Distance Log(128275): values=Date=(35841 d) Time=(234882.5774 s) Log=(0 m) TripLog=(0 m)

32 : pgn=128275 line=Rx 10383919 19 f5 13 20 02 00 ff ff ff ff ff ff
source=32: pgn=Distance Log(128275): values=Date=(2 d) Time=(None) Log=(0 m) TripLog=(0 m)

1  : pgn=59936  line=Rx 10383932 18 ea 20 01 00 ee 00 00 00 00 00 00
3  : pgn=129026 line=Tx 10383961 09 f8 02 03 ff fc 73 4d 49 01 ff ff
source=3: pgn=COG & SOG, Rapid Update(129026): values=COGReference=("0") COG=(113.60 deg) SOG=(3.29 m/s)

3  : pgn=129025 line=Tx 10383961 09 f8 01 03 b6 55 6f 1c b3 ee fd b6
source=3: pgn=Position, Rapid Update(129025): values=Latitude=(47.705848599999996 deg) Longitude=(-122.4872269 deg)

0  : pgn=127250 line=Rx 10383973 09 f1 12 00 ff 23 40 ff 7f ff 7f fd
source=0: pgn=Vessel Heading(127250): values=Heading=(94.07 deg) Deviation=(None) Variation=(None) Reference=("1")

0  : pgn=127245 line=Rx 10383974 09 f1 0d 00 00 f8 ff 7f 00 00 ff ff
source=0: pgn=Rudder(127245): values=Instance=(0) DirectionOrder=("0") AngleOrder=(None) Position=(0.00 deg)

0  : pgn=65359  line=Rx 10383978 1c ff 4f 00 3b 9f ff ff ff 23 40 ff
source=0: pgn=Seatalk: Pilot Heading(65359): values=ManufacturerCode=(1851) IndustryCode=(4) HeadingTrue=(None) HeadingMagnetic=(94.07 deg)

1  : pgn=129038 line=Rx 10383993 11 f8 0e 01 00 1b c1 b8 8e e4 15 54
source=1: pgn=AIS Class A Position Report(129038): values=MessageID=(0) RepeatIndicator=("0") UserID=(2394472731) Longitude=(0.0 deg) Latitude=(0.0 deg) PositionAccuracy=("0") RAIM=("0") TimeStamp=("0") COG=(0.00 deg) SOG=(0.0 m/s) CommunicationState=(0) AISTransceiverinformation=("0") Heading=(0.00 deg) RateofTurn=(0.00 deg/s) NavStatus=("0") SpecialManeuverIndicator=("0") Spare=(0) SequenceID=(0)

1  : pgn=129038 line=Rx 10383994 11 f8 0e 01 01 16 16 b7 fe 2f 64 1c
source=1: pgn=AIS Class A Position Report(129038): values=MessageID=(1) RepeatIndicator=("0") UserID=(4273411606) Longitude=(0.0 deg) Latitude=(0.0 deg) PositionAccuracy=("0") RAIM=("0") TimeStamp=("0") COG=(0.00 deg) SOG=(0.0 m/s) CommunicationState=(0) AISTransceiverinformation=("0") Heading=(0.00 deg) RateofTurn=(0.00 deg/s) NavStatus=("0") SpecialManeuverIndicator=("0") Spare=(0) SequenceID=(0)

1  : pgn=129038 line=Rx 10383994 11 f8 0e 01 02 26 20 8a 00 00 00 00
source=1: pgn=AIS Class A Position Report(129038): values=MessageID=(2) RepeatIndicator=("0") UserID=(9052198) Longitude=(0.0 deg) Latitude=(0.0 deg) PositionAccuracy=("0") RAIM=("0") TimeStamp=("0") COG=(0.00 deg) SOG=(0.0 m/s) CommunicationState=(0) AISTransceiverinformation=("0") Heading=(0.00 deg) RateofTurn=(0.00 deg/s) NavStatus=("0") SpecialManeuverIndicator=("0") Spare=(0) SequenceID=(0)

1  : pgn=129038 line=Rx 10383995 11 f8 0e 01 03 00 ff ff ff 7f f0 fe
source=1: pgn=AIS Class A Position Report(129038): values=MessageID=(3) RepeatIndicator=("0") UserID=(4294967040) Longitude=(0.0 deg) Latitude=(0.0 deg) PositionAccuracy=("0") RAIM=("0") TimeStamp=("0") COG=(0.00 deg) SOG=(0.0 m/s) CommunicationState=(0) AISTransceiverinformation=("0") Heading=(0.00 deg) RateofTurn=(0.00 deg/s) NavStatus=("0") SpecialManeuverIndicator=("0") Spare=(0) SequenceID=(0)

32 : pgn=128259 line=Rx 10383996 09 f5 03 20 63 2a 01 ff ff ff ff ff
source=32: pgn=Speed(128259): values=SpeedWaterReferenced=(2.98 m/s) SpeedGroundReferenced=(None) SpeedWaterReferencedType=(None) SpeedDirection=(None)

3  : pgn=129029 line=Tx 10384061 0d f8 05 03 a0 2b be 06 40 38 04 1a
3  : pgn=129029 line=Tx 10384061 0d f8 05 03 a1 2c 00 9c 1d 5b 2a da
3  : pgn=129029 line=Tx 10384061 0d f8 05 03 a2 9e 06 00 3e 07 37 29
3  : pgn=129029 line=Tx 10384061 0d f8 05 03 a3 61 00 ef ff ff ff ff
3  : pgn=129029 line=Tx 10384061 0d f8 05 03 a4 ff ff ff 7f 23 fc 09
3  : pgn=129029 line=Tx 10384061 0d f8 05 03 a5 4f 00 ff 7f ff ff ff
3  : pgn=129029 line=Tx 10384061 0d f8 05 03 a6 7f 00 ff ff ff ff ff
3  : pgn=129025 line=Tx 10384061 09 f8 01 03 b6 55 6f 1c b3 ee fd b6
source=3: pgn=Position, Rapid Update(129025): values=Latitude=(47.705848599999996 deg) Longitude=(-122.4872269 deg)

3  : pgn=129033 line=Tx 10384061 0d f8 09 03 06 40 38 04 1a 2c 5c fe
source=3: pgn=Time & Date(129033): values=Date=(16390 d) Time=(73990.25200000001 s) LocalOffset=(-25200.0 s)

0  : pgn=127250 line=Rx 10384085 09 f1 12 00 ff 07 40 ff 7f ff 7f fd
source=0: pgn=Vessel Heading(127250): values=Heading=(93.91 deg) Deviation=(None) Variation=(None) Reference=("1")

0  : pgn=127245 line=Rx 10384086 09 f1 0d 00 00 f8 ff 7f 00 00 ff ff
source=0: pgn=Rudder(127245): values=Instance=(0) DirectionOrder=("0") AngleOrder=(None) Position=(0.00 deg)

0  : pgn=65359  line=Rx 10384093 1c ff 4f 00 3b 9f ff ff ff 07 40 ff
source=0: pgn=Seatalk: Pilot Heading(65359): values=ManufacturerCode=(1851) IndustryCode=(4) HeadingTrue=(None) HeadingMagnetic=(93.91 deg)

32 : pgn=128259 line=Rx 10384094 09 f5 03 20 64 2a 01 ff ff ff ff ff
source=32: pgn=Speed(128259): values=SpeedWaterReferenced=(2.98 m/s) SpeedGroundReferenced=(None) SpeedWaterReferencedType=(None) SpeedDirection=(None)

0  : pgn=126975 line=Rx 10384096 1d ef ff 00 c0 08 3b 9f f0 81 9c 11
0  : pgn=126975 line=Rx 10384098 1d ef ff 00 c1 02 00 ff ff ff ff ff
1  : pgn=129038 line=Rx 10384147 11 f8 0e 01 20 1b c1 d0 57 e0 15 2b
1  : pgn=129038 line=Rx 10384147 11 f8 0e 01 21 77 0e b7 2d bb 67 1c
1  : pgn=129038 line=Rx 10384147 11 f8 0e 01 22 24 a2 0d 00 00 00 00
1  : pgn=129038 line=Rx 10384148 11 f8 0e 01 23 00 ff ff ff 7f f0 fe
3  : pgn=129026 line=Tx 10384162 09 f8 02 03 ff fc 73 4d 49 01 ff ff
source=3: pgn=COG & SOG, Rapid Update(129026): values=COGReference=("0") COG=(113.60 deg) SOG=(3.29 m/s)

3  : pgn=129025 line=Tx 10384162 09 f8 01 03 b6 55 6f 1c b3 ee fd b6
source=3: pgn=Position, Rapid Update(129025): values=Latitude=(47.705848599999996 deg) Longitude=(-122.4872269 deg)

3  : pgn=126992 line=Tx 10384162 0d f0 10 03 ff ff 06 40 38 04 1a 2c
source=3: pgn=System Time(126992): values=Source=(None) Date=(16390 d) Time=(73990.25200000001 s)

0  : pgn=127250 line=Rx 10384176 09 f1 12 00 ff fc 3f ff 7f ff 7f fd
source=0: pgn=Vessel Heading(127250): values=Heading=(93.85 deg) Deviation=(None) Variation=(None) Reference=("1")

0  : pgn=127245 line=Rx 10384177 09 f1 0d 00 00 f8 ff 7f 00 00 ff ff
source=0: pgn=Rudder(127245): values=Instance=(0) DirectionOrder=("0") AngleOrder=(None) Position=(0.00 deg)

0  : pgn=65359  line=Rx 10384182 1c ff 4f 00 3b 9f ff ff ff fc 3f ff
source=0: pgn=Seatalk: Pilot Heading(65359): values=ManufacturerCode=(1851) IndustryCode=(4) HeadingTrue=(None) HeadingMagnetic=(93.85 deg)

32 : pgn=128259 line=Rx 10384193 09 f5 03 20 65 2e 01 ff ff ff ff ff
source=32: pgn=Speed(128259): values=SpeedWaterReferenced=(3.02 m/s) SpeedGroundReferenced=(None) SpeedWaterReferencedType=(None) SpeedDirection=(None)

3  : pgn=129025 line=Tx 10384262 09 f8 01 03 ce 55 6f 1c 24 ef fd b6
source=3: pgn=Position, Rapid Update(129025): values=Latitude=(47.705850999999996 deg) Longitude=(-122.4872156 deg)

0  : pgn=127250 line=Rx 10384270 09 f1 12 00 ff ef 3f ff 7f ff 7f fd
source=0: pgn=Vessel Heading(127250): values=Heading=(93.78 deg) Deviation=(None) Variation=(None) Reference=("1")

0  : pgn=127245 line=Rx 10384271 09 f1 0d 00 00 f8 ff 7f 00 00 ff ff
source=0: pgn=Rudder(127245): values=Instance=(0) DirectionOrder=("0") AngleOrder=(None) Position=(0.00 deg)

0  : pgn=65359  line=Rx 10384279 1c ff 4f 00 3b 9f ff ff ff ef 3f ff
source=0: pgn=Seatalk: Pilot Heading(65359): values=ManufacturerCode=(1851) IndustryCode=(4) HeadingTrue=(None) HeadingMagnetic=(93.78 deg)

32 : pgn=128259 line=Rx 10384293 09 f5 03 20 66 30 01 ff ff ff ff ff
source=32: pgn=Speed(128259): values=SpeedWaterReferenced=(3.04 m/s) SpeedGroundReferenced=(None) SpeedWaterReferencedType=(None) SpeedDirection=(None)

3  : pgn=129026 line=Tx 10384362 09 f8 02 03 ff fc 0a 4d 4b 01 ff ff
source=3: pgn=COG & SOG, Rapid Update(129026): values=COGReference=("0") COG=(113.00 deg) SOG=(3.31 m/s)

3  : pgn=129025 line=Tx 10384362 09 f8 01 03 ce 55 6f 1c 24 ef fd b6
source=3: pgn=Position, Rapid Update(129025): values=Latitude=(47.705850999999996 deg) Longitude=(-122.4872156 deg)

3  : pgn=129291 line=Tx 10384362 0d f9 0b 03 ff fc 87 62 25 00 ff ff
source=3: pgn=Set & Drift, Rapid Update(129291): values=SetReference=("0") Set=(144.52 deg) Drift=(0.37 m/s)

0  : pgn=127250 line=Rx 10384375 09 f1 12 00 ff ef 3f ff 7f ff 7f fd
source=0: pgn=Vessel Heading(127250): values=Heading=(93.78 deg) Deviation=(None) Variation=(None) Reference=("1")

0  : pgn=127245 line=Rx 10384376 09 f1 0d 00 00 f8 ff 7f 00 00 ff ff
source=0: pgn=Rudder(127245): values=Instance=(0) DirectionOrder=("0") AngleOrder=(None) Position=(0.00 deg)

0  : pgn=65359  line=Rx 10384380 1c ff 4f 00 3b 9f ff ff ff ef 3f ff
source=0: pgn=Seatalk: Pilot Heading(65359): values=ManufacturerCode=(1851) IndustryCode=(4) HeadingTrue=(None) HeadingMagnetic=(93.78 deg)

32 : pgn=128259 line=Rx 10384392 09 f5 03 20 67 34 01 ff ff ff ff ff
source=32: pgn=Speed(128259): values=SpeedWaterReferenced=(3.08 m/s) SpeedGroundReferenced=(None) SpeedWaterReferencedType=(None) SpeedDirection=(None)

4  : pgn=65384  line=Rx 10384399 1c ff 68 04 3b 9f 00 00 00 00 00 00
3  : pgn=129025 line=Tx 10384463 09 f8 01 03 ce 55 6f 1c 24 ef fd b6
source=3: pgn=Position, Rapid Update(129025): values=Latitude=(47.705850999999996 deg) Longitude=(-122.4872156 deg)

0  : pgn=127250 line=Rx 10384472 09 f1 12 00 ff f3 3f ff 7f ff 7f fd
source=0: pgn=Vessel Heading(127250): values=Heading=(93.80 deg) Deviation=(None) Variation=(None) Reference=("1")

0  : pgn=127245 line=Rx 10384473 09 f1 0d 00 00 f8 ff 7f 00 00 ff ff
source=0: pgn=Rudder(127245): values=Instance=(0) DirectionOrder=("0") AngleOrder=(None) Position=(0.00 deg)

0  : pgn=65359  line=Rx 10384479 1c ff 4f 00 3b 9f ff ff ff f3 3f ff
source=0: pgn=Seatalk: Pilot Heading(65359): values=ManufacturerCode=(1851) IndustryCode=(4) HeadingTrue=(None) HeadingMagnetic=(93.80 deg)

32 : pgn=128259 line=Rx 10384492 09 f5 03 20 68 36 01 ff ff ff ff ff
source=32: pgn=Speed(128259): values=SpeedWaterReferenced=(3.1 m/s) SpeedGroundReferenced=(None) SpeedWaterReferencedType=(None) SpeedDirection=(None)

3  : pgn=129026 line=Tx 10384563 09 f8 02 03 ff fc 90 4c 4c 01 ff ff
source=3: pgn=COG & SOG, Rapid Update(129026): values=COGReference=("0") COG=(112.30 deg) SOG=(3.3200000000000003 m/s)

3  : pgn=130577 line=Tx 10384563 0d fe 11 03 c0 0e c0 bf 90 4c 4c 01
3  : pgn=130577 line=Tx 10384563 0d fe 11 03 c1 ff ff ff ff 87 62 25
3  : pgn=130577 line=Tx 10384563 0d fe 11 03 c2 00 ff ff ff ff ff ff
3  : pgn=129025 line=Tx 10384563 09 f8 01 03 c2 55 6f 1c c4 ef fd b6
3  : pgn=130306 line=Tx 10384563 09 fd 02 03 ff 13 03 36 cd fa ff ff
source=3: pgn=Wind Data(130306): values=WindSpeed=(7.87 m/s) WindAngle=(301.00 deg) Reference=("2")

0  : pgn=127250 line=Rx 10384582 09 f1 12 00 ff 05 40 ff 7f ff 7f fd
source=0: pgn=Vessel Heading(127250): values=Heading=(93.90 deg) Deviation=(None) Variation=(None) Reference=("1")

0  : pgn=127245 line=Rx 10384583 09 f1 0d 00 00 f8 ff 7f 00 00 ff ff
source=0: pgn=Rudder(127245): values=Instance=(0) DirectionOrder=("0") AngleOrder=(None) Position=(0.00 deg)

0  : pgn=65379  line=Rx 10384587 1c ff 63 00 3b 9f 00 00 00 00 01 ff
source=0: pgn=Seatalk: Pilot Mode(65379): values=ManufacturerCode=(1851) IndustryCode=(4) PilotMode=(0) SubMode=(0) PilotModeData=(0)

0  : pgn=65359  line=Rx 10384588 1c ff 4f 00 3b 9f ff ff ff 05 40 ff
source=0: pgn=Seatalk: Pilot Heading(65359): values=ManufacturerCode=(1851) IndustryCode=(4) HeadingTrue=(None) HeadingMagnetic=(93.90 deg)

32 : pgn=128259 line=Rx 10384591 09 f5 03 20 69 38 01 ff ff ff ff ff
source=32: pgn=Speed(128259): values=SpeedWaterReferenced=(3.12 m/s) SpeedGroundReferenced=(None) SpeedWaterReferencedType=(None) SpeedDirection=(None)

0  : pgn=126975 line=Rx 10384610 1d ef ff 00 e0 0d 3b 9f f0 81 84 16
0  : pgn=126975 line=Rx 10384612 1d ef ff 00 e1 42 08 00 00 00 02 05
3  : pgn=129283 line=Tx 10384664 0d f9 03 03 ff 7f ff ff ff 7f ff ff
source=3: pgn=Cross Track Error(129283): values=XTEmode=(None) NavigationTerminated=("1") XTE=(None)

3  : pgn=129025 line=Tx 10384664 09 f8 01 03 c2 55 6f 1c c4 ef fd b6
source=3: pgn=Position, Rapid Update(129025): values=Latitude=(47.705849799999996 deg) Longitude=(-122.4871996 deg)

3  : pgn=128267 line=Tx 10384664 0d f5 0b 03 ff 60 3e 00 00 00 00 ff
source=3: pgn=Water Depth(128267): values=Depth=(159.68 m) Offset=(0.0 m) Range=(None)

0  : pgn=127250 line=Rx 10384674 09 f1 12 00 ff 0f 40 ff 7f ff 7f fd
source=0: pgn=Vessel Heading(127250): values=Heading=(93.96 deg) Deviation=(None) Variation=(None) Reference=("1")

0  : pgn=127245 line=Rx 10384675 09 f1 0d 00 00 f8 ff 7f 00 00 ff ff
source=0: pgn=Rudder(127245): values=Instance=(0) DirectionOrder=("0") AngleOrder=(None) Position=(0.00 deg)

0  : pgn=65359  line=Rx 10384681 1c ff 4f 00 3b 9f ff ff ff 0f 40 ff
source=0: pgn=Seatalk: Pilot Heading(65359): values=ManufacturerCode=(1851) IndustryCode=(4) HeadingTrue=(None) HeadingMagnetic=(93.96 deg)

32 : pgn=128259 line=Rx 10384691 09 f5 03 20 6a 36 01 ff ff ff ff ff
source=32: pgn=Speed(128259): values=SpeedWaterReferenced=(3.1 m/s) SpeedGroundReferenced=(None) SpeedWaterReferencedType=(None) SpeedDirection=(None)

0  : pgn=126975 line=Rx 10384694 1d ef ff 00 00 09 3b 9f f0 81 ae 02
0  : pgn=126975 line=Rx 10384696 1d ef ff 00 01 00 08 04 ff ff ff ff
3  : pgn=129026 line=Tx 10384764 09 f8 02 03 ff fc 27 4c 4b 01 ff ff
source=3: pgn=COG & SOG, Rapid Update(129026): values=COGReference=("0") COG=(111.70 deg) SOG=(3.31 m/s)

3  : pgn=129025 line=Tx 10384764 09 f8 01 03 b1 55 6f 1c 0f f0 fd b6
source=3: pgn=Position, Rapid Update(129025): values=Latitude=(47.7058481 deg) Longitude=(-122.4871921 deg)

3  : pgn=129542 line=Tx 10384764 19 fa 06 03 c0 0f bf 35 01 00 00 00
3  : pgn=129542 line=Tx 10384764 19 fa 06 03 c1 00 00 00 00 00 00 00
3  : pgn=129542 line=Tx 10384764 19 fa 06 03 c2 00 00 ff ff ff ff ff
3  : pgn=65364  line=Tx 10384764 1c ff 54 03 3b 9f 13 03 36 cd ff ff
0  : pgn=127250 line=Rx 10384778 09 f1 12 00 ff 2a 40 ff 7f ff 7f fd
source=0: pgn=Vessel Heading(127250): values=Heading=(94.11 deg) Deviation=(None) Variation=(None) Reference=("1")

0  : pgn=127245 line=Rx 10384778 09 f1 0d 00 00 f8 ff 7f 00 00 ff ff
source=0: pgn=Rudder(127245): values=Instance=(0) DirectionOrder=("0") AngleOrder=(None) Position=(0.00 deg)

0  : pgn=65359  line=Rx 10384784 1c ff 4f 00 3b 9f ff ff ff 2a 40 ff
source=0: pgn=Seatalk: Pilot Heading(65359): values=ManufacturerCode=(1851) IndustryCode=(4) HeadingTrue=(None) HeadingMagnetic=(94.11 deg)

32 : pgn=128259 line=Rx 10384790 09 f5 03 20 6b 3b 01 ff ff ff ff ff
source=32: pgn=Speed(128259): values=SpeedWaterReferenced=(3.15 m/s) SpeedGroundReferenced=(None) SpeedWaterReferencedType=(None) SpeedDirection=(None)

3  : pgn=129540 line=Tx 10384865 19 fa 04 03 00 9f e1 ff 0d 03 97 1a
source=3: pgn=GNSS Sats in View(129540): values=RangeResidualMode=(None) SatsinView=(225) PRN=(None) Elevation=(4.47 deg) Azimuth=(39.00 deg) SNR=(0.0 dB) Rangeresiduals=(0) Status=("0")

3  : pgn=129540 line=Tx 10384865 19 fa 04 03 01 2e 26 00 00 00 00 00
source=3: pgn=GNSS Sats in View(129540): values=RangeResidualMode=("0") SatsinView=(38) PRN=(0) Elevation=(0.00 deg) Azimuth=(0.00 deg) SNR=(0.0 dB) Rangeresiduals=(0) Status=("0")

3  : pgn=129540 line=Tx 10384865 19 fa 04 03 02 00 f3 0f ff 1d ad 3c
source=3: pgn=GNSS Sats in View(129540): values=RangeResidualMode=("0") SatsinView=(243) PRN=(15) Elevation=(44.00 deg) Azimuth=(89.00 deg) SNR=(0.0 dB) Rangeresiduals=(0) Status=("0")

3  : pgn=129540 line=Tx 10384865 19 fa 04 03 03 98 08 00 00 00 00 f5
source=3: pgn=GNSS Sats in View(129540): values=RangeResidualMode=("0") SatsinView=(8) PRN=(0) Elevation=(0.00 deg) Azimuth=(359.36 deg) SNR=(0.0 dB) Rangeresiduals=(0) Status=("0")

3  : pgn=129540 line=Tx 10384865 19 fa 04 03 04 10 17 13 c2 b8 8c 0a
source=3: pgn=GNSS Sats in View(129540): values=RangeResidualMode=("0") SatsinView=(23) PRN=(19) Elevation=(-104.50 deg) Azimuth=(15.47 deg) SNR=(0.0 dB) Rangeresiduals=(0) Status=("0")

3  : pgn=129540 line=Tx 10384865 19 fa 04 03 05 00 00 00 00 f5 12 c5
source=3: pgn=GNSS Sats in View(129540): values=RangeResidualMode=("0") SatsinView=(0) PRN=(0) Elevation=(-16.13 deg) Azimuth=(289.06 deg) SNR=(0.0 dB) Rangeresiduals=(0) Status=("0")

3  : pgn=129540 line=Tx 10384865 19 fa 04 03 06 31 f2 93 ac 0d 00 00
source=3: pgn=GNSS Sats in View(129540): values=RangeResidualMode=("1") SatsinView=(242) PRN=(147) Elevation=(20.05 deg) Azimuth=(0.00 deg) SNR=(0.0 dB) Rangeresiduals=(0) Status=("0")

3  : pgn=129540 line=Tx 10384865 19 fa 04 03 07 00 00 f5 13 69 03 1f
source=3: pgn=GNSS Sats in View(129540): values=RangeResidualMode=("0") SatsinView=(0) PRN=(245) Elevation=(154.12 deg) Azimuth=(45.49 deg) SNR=(0.0 dB) Rangeresiduals=(0) Status=("0")

3  : pgn=129540 line=Tx 10384865 19 fa 04 03 08 d8 74 0e 00 00 00 00
source=3: pgn=GNSS Sats in View(129540): values=RangeResidualMode=("0") SatsinView=(116) PRN=(14) Elevation=(0.00 deg) Azimuth=(0.00 deg) SNR=(0.0 dB) Rangeresiduals=(0) Status=("0")

3  : pgn=129540 line=Tx 10384865 19 fa 04 03 09 f5 15 e8 37 c5 22 10
source=3: pgn=GNSS Sats in View(129540): values=RangeResidualMode=("1") SatsinView=(21) PRN=(232) Elevation=(-86.22 deg) Azimuth=(23.66 deg) SNR=(0.0 dB) Rangeresiduals=(0) Status=("0")

3  : pgn=129540 line=Tx 10384865 19 fa 04 03 0a 0e 00 00 00 00 f5 16
source=3: pgn=GNSS Sats in View(129540): values=RangeResidualMode=("0") SatsinView=(0) PRN=(0) Elevation=(0.00 deg) Azimuth=(33.67 deg) SNR=(0.0 dB) Rangeresiduals=(0) Status=("0")

3  : pgn=129540 line=Tx 10384866 19 fa 04 03 0b 80 16 7d 9d 48 0d 00
source=3: pgn=GNSS Sats in View(129540): values=RangeResidualMode=("0") SatsinView=(22) PRN=(125) Elevation=(106.51 deg) Azimuth=(0.07 deg) SNR=(0.0 dB) Rangeresiduals=(0) Status=("0")

3  : pgn=129540 line=Tx 10384867 19 fa 04 03 0c 00 00 00 f5 1a ae 0f
source=3: pgn=GNSS Sats in View(129540): values=RangeResidualMode=("0") SatsinView=(0) PRN=(0) Elevation=(39.54 deg) Azimuth=(23.00 deg) SNR=(0.0 dB) Rangeresiduals=(0) Status=("0")

3  : pgn=129540 line=Tx 10384868 19 fa 04 03 0d 5d 1f b8 0b 00 00 00
source=3: pgn=GNSS Sats in View(129540): values=RangeResidualMode=("1") SatsinView=(31) PRN=(184) Elevation=(0.06 deg) Azimuth=(0.00 deg) SNR=(0.0 dB) Rangeresiduals=(0) Status=("0")

3  : pgn=129540 line=Tx 10384868 19 fa 04 03 0e 00 f5 1b d1 15 ab d2
source=3: pgn=GNSS Sats in View(129540): values=RangeResidualMode=("0") SatsinView=(245) PRN=(27) Elevation=(32.00 deg) Azimuth=(309.00 deg) SNR=(0.0 dB) Rangeresiduals=(0) Status=("0")

3  : pgn=129540 line=Tx 10384869 19 fa 04 03 0f 1c 0c 00 00 00 00 f5
source=3: pgn=GNSS Sats in View(129540): values=RangeResidualMode=("0") SatsinView=(12) PRN=(0) Elevation=(0.00 deg) Azimuth=(359.36 deg) SNR=(0.0 dB) Rangeresiduals=(0) Status=("0")

3  : pgn=129540 line=Tx 10384870 19 fa 04 03 10 1d 51 0e a1 67 e4 0c
source=3: pgn=GNSS Sats in View(129540): values=RangeResidualMode=("1") SatsinView=(81) PRN=(14) Elevation=(152.00 deg) Azimuth=(18.91 deg) SNR=(0.0 dB) Rangeresiduals=(0) Status=("0")

3  : pgn=129540 line=Tx 10384872 19 fa 04 03 11 00 00 00 00 f5 23 d1
source=3: pgn=GNSS Sats in View(129540): values=RangeResidualMode=("0") SatsinView=(0) PRN=(0) Elevation=(-16.13 deg) Azimuth=(306.76 deg) SNR=(0.0 dB) Rangeresiduals=(0) Status=("0")

3  : pgn=129540 line=Tx 10384872 19 fa 04 03 12 15 c3 8b 00 00 00 00
source=3: pgn=GNSS Sats in View(129540): values=RangeResidualMode=("1") SatsinView=(195) PRN=(139) Elevation=(0.00 deg) Azimuth=(0.00 deg) SNR=(0.0 dB) Rangeresiduals=(0) Status=("0")

3  : pgn=129540 line=Tx 10384873 19 fa 04 03 13 00 00 f3 30 2e 17 43
source=3: pgn=GNSS Sats in View(129540): values=RangeResidualMode=("0") SatsinView=(0) PRN=(243) Elevation=(67.75 deg) Azimuth=(98.41 deg) SNR=(0.0 dB) Rangeresiduals=(0) Status=("0")

0  : pgn=127250 line=Rx 10384873 09 f1 12 00 ff 4a 40 ff 7f ff 7f fd
source=0: pgn=Vessel Heading(127250): values=Heading=(94.30 deg) Deviation=(None) Variation=(None) Reference=("1")

3  : pgn=129540 line=Tx 10384874 19 fa 04 03 14 84 d8 0e 00 00 00 00
source=3: pgn=GNSS Sats in View(129540): values=RangeResidualMode=("0") SatsinView=(216) PRN=(14) Elevation=(0.00 deg) Azimuth=(0.00 deg) SNR=(0.0 dB) Rangeresiduals=(0) Status=("0")

0  : pgn=127245 line=Rx 10384875 09 f1 0d 00 00 f8 ff 7f 00 00 ff ff
source=0: pgn=Rudder(127245): values=Instance=(0) DirectionOrder=("0") AngleOrder=(None) Position=(0.00 deg)

3  : pgn=129540 line=Tx 10384875 19 fa 04 03 15 f5 33 80 16 67 6c e4
source=3: pgn=GNSS Sats in View(129540): values=RangeResidualMode=("1") SatsinView=(51) PRN=(128) Elevation=(151.20 deg) Azimuth=(335.04 deg) SNR=(0.0 dB) Rangeresiduals=(0) Status=("0")

3  : pgn=129540 line=Tx 10384876 19 fa 04 03 16 0c 00 00 00 00 f5 ff
source=3: pgn=GNSS Sats in View(129540): values=RangeResidualMode=("0") SatsinView=(0) PRN=(0) Elevation=(0.00 deg) Azimuth=(375.43 deg) SNR=(0.0 dB) Rangeresiduals=(0) Status=("0")

3  : pgn=129025 line=Tx 10384877 09 f8 01 03 b1 55 6f 1c 0f f0 fd b6
source=3: pgn=Position, Rapid Update(129025): values=Latitude=(47.7058481 deg) Longitude=(-122.4871921 deg)

3  : pgn=127258 line=Tx 10384877 19 f1 1a 03 ff f6 12 39 fa 0a ff ff
source=3: pgn=Magnetic Variation(127258): values=Source=("6") Ageofservice=(14610 d) Variation=(16.10 deg)

32 : pgn=128259 line=Rx 10384892 09 f5 03 20 6c 2b 01 ff ff ff ff ff
source=32: pgn=Speed(128259): values=SpeedWaterReferenced=(2.99 m/s) SpeedGroundReferenced=(None) SpeedWaterReferencedType=(None) SpeedDirection=(None)

32 : pgn=130310 line=Rx 10384895 15 fd 06 20 0a ff ff ff ff ff ff ff
source=32: pgn=Environmental Parameters (obsolete)(130310): values=WaterTemperature=(None) OutsideAmbientAirTemperature=(None) AtmosphericPressure=(None)

0  : pgn=65359  line=Rx 10384897 1c ff 4f 00 3b 9f ff ff ff 4a 40 ff
source=0: pgn=Seatalk: Pilot Heading(65359): values=ManufacturerCode=(1851) IndustryCode=(4) HeadingTrue=(None) HeadingMagnetic=(94.30 deg)

1  : pgn=129038 line=Rx 10384903 11 f8 0e 01 40 1b c1 70 83 e7 15 63
1  : pgn=129038 line=Rx 10384903 11 f8 0e 01 41 56 0e b7 65 47 68 1c
1  : pgn=129038 line=Rx 10384904 11 f8 0e 01 42 2a fc b0 00 00 00 00
1  : pgn=129038 line=Rx 10384904 11 f8 0e 01 43 00 ff ff ff 7f f0 fe
1  : pgn=129041 line=Rx 10384905 11 f8 11 01 e0 30 15 76 89 3a 3b ed
1  : pgn=129041 line=Rx 10384905 11 f8 11 01 e1 61 e3 b6 67 78 ad 1c
1  : pgn=129041 line=Rx 10384906 11 f8 11 01 e2 f4 00 00 00 00 00 00
1  : pgn=129041 line=Rx 10384906 11 f8 11 01 e3 ff ff 52 ee ff e1 16
1  : pgn=129041 line=Rx 10384907 11 f8 11 01 e4 01 50 53 20 54 53 4c
1  : pgn=129041 line=Rx 10384908 11 f8 11 01 e5 20 53 42 20 20 20 20
1  : pgn=129041 line=Rx 10384908 11 f8 11 01 e6 20 20 20 20 20 20 20
32 : pgn=128275 line=Rx 10384909 19 f5 13 20 20 0e ff ff ff ff ff ff
32 : pgn=128275 line=Rx 10384912 19 f5 13 20 21 8c ae 3c 00 8c ae 3c
32 : pgn=128275 line=Rx 10384915 19 f5 13 20 22 00 ff ff ff ff ff ff
1  : pgn=59936  line=Rx 10384932 18 ea 20 01 00 ee 00 00 00 00 00 00
1  : pgn=129038 line=Rx 10384933 11 f8 0e 01 60 1b c1 2a ef df 15 b4
1  : pgn=129038 line=Rx 10384933 11 f8 0e 01 61 91 14 b7 2b 95 63 1c
1  : pgn=129038 line=Rx 10384934 11 f8 0e 01 62 2a a5 b6 00 00 00 00
1  : pgn=129038 line=Rx 10384934 11 f8 0e 01 63 00 ff ff ff 7f f0 fe
3  : pgn=129026 line=Tx 10384965 09 f8 02 03 ff fc 27 4c 4b 01 ff ff
source=3: pgn=COG & SOG, Rapid Update(129026): values=COGReference=("0") COG=(111.70 deg) SOG=(3.31 m/s)

3  : pgn=129025 line=Tx 10384965 09 f8 01 03 b1 55 6f 1c 0f f0 fd b6
source=3: pgn=Position, Rapid Update(129025): values=Latitude=(47.7058481 deg) Longitude=(-122.4871921 deg)

0  : pgn=127250 line=Rx 10384976 09 f1 12 00 ff 59 40 ff 7f ff 7f fd
source=0: pgn=Vessel Heading(127250): values=Heading=(94.38 deg) Deviation=(None) Variation=(None) Reference=("1")

0  : pgn=127245 line=Rx 10384977 09 f1 0d 00 00 f8 ff 7f 00 00 ff ff
source=0: pgn=Rudder(127245): values=Instance=(0) DirectionOrder=("0") AngleOrder=(None) Position=(0.00 deg)

0  : pgn=65359  line=Rx 10384981 1c ff 4f 00 3b 9f ff ff ff 59 40 ff
source=0: pgn=Seatalk: Pilot Heading(65359): values=ManufacturerCode=(1851) IndustryCode=(4) HeadingTrue=(None) HeadingMagnetic=(94.38 deg)

32 : pgn=128259 line=Rx 10384989 09 f5 03 20 6d 32 01 ff ff ff ff ff
4  : pgn=126975 line=Rx 10385058 1d ef ff 04 80 07 3b 9f f0 81 90 00
4  : pgn=126975 line=Rx 10385059 1d ef ff 04 81 03 ff ff ff ff ff ff
3  : pgn=129029 line=Tx 10385066 0d f8 05 03 c0 2b bf 06 40 3e 35 1a
3  : pgn=129029 line=Tx 10385066 0d f8 05 03 c1 2c 00 d4 05 b3 25 da
3  : pgn=129029 line=Tx 10385066 0d f8 05 03 c2 9e 06 00 8a 06 55 8d
3  : pgn=129029 line=Tx 10385066 0d f8 05 03 c3 61 00 ef ff ff ff ff
3  : pgn=129029 line=Tx 10385066 0d f8 05 03 c4 ff ff ff 7f 23 fc 09
3  : pgn=129029 line=Tx 10385066 0d f8 05 03 c5 4f 00 ff 7f ff ff ff
3  : pgn=129029 line=Tx 10385066 0d f8 05 03 c6 7f 00 ff ff ff ff ff
3  : pgn=129025 line=Tx 10385066 09 f8 01 03 a2 55 6f 1c 61 f0 fd b6
source=3: pgn=Position, Rapid Update(129025): values=Latitude=(47.7058466 deg) Longitude=(-122.48718389999999 deg)

3  : pgn=129033 line=Tx 10385066 0d f8 09 03 06 40 3e 35 1a 2c 5c fe
source=3: pgn=Time & Date(129033): values=Date=(16390 d) Time=(73991.507 s) LocalOffset=(-25200.0 s)

0  : pgn=127250 line=Rx 10385072 09 f1 12 00 ff 6f 40 ff 7f ff 7f fd
source=0: pgn=Vessel Heading(127250): values=Heading=(94.51 deg) Deviation=(None) Variation=(None) Reference=("1")

1  : pgn=129793 line=Rx 10385084 1d fb 01 01 e0 1a 04 a2 fc 37 00 29
1  : pgn=129793 line=Rx 10385084 1d fb 01 01 e1 12 19 b7 ac 8c 61 1c
1  : pgn=129793 line=Rx 10385085 1d fb 01 01 e2 ff 50 d3 19 2c 00 00
1  : pgn=129793 line=Rx 10385085 1d fb 01 01 e3 00 06 40 ff 00 fc ff
32 : pgn=128259 line=Rx 10385089 09 f5 03 20 6e 29 01 ff ff ff ff ff
source=32: pgn=Speed(128259): values=SpeedWaterReferenced=(2.97 m/s) SpeedGroundReferenced=(None) SpeedWaterReferencedType=(None) SpeedDirection=(None)

0  : pgn=127245 line=Rx 10385089 09 f1 0d 00 00 f8 ff 7f 00 00 ff ff
source=0: pgn=Rudder(127245): values=Instance=(0) DirectionOrder=("0") AngleOrder=(None) Position=(0.00 deg)

0  : pgn=65359  line=Rx 10385098 1c ff 4f 00 3b 9f ff ff ff 6f 40 ff
source=0: pgn=Seatalk: Pilot Heading(65359): values=ManufacturerCode=(1851) IndustryCode=(4) HeadingTrue=(None) HeadingMagnetic=(94.51 deg)

0  : pgn=126975 line=Rx 10385100 1d ef ff 00 20 08 3b 9f f0 81 9c 51
0  : pgn=126975 line=Rx 10385102 1d ef ff 00 21 02 00 ff ff ff ff ff
32 : pgn=65368  line=Rx 10385121 1c ff 58 20 3b 9f 35 56 71 ff ff ff
32 : pgn=65368  line=Rx 10385124 1c ff 58 20 3b 9f 35 56 71 ff ff ff
3  : pgn=129026 line=Tx 10385166 09 f8 02 03 ff fc e2 4b 4b 01 ff ff
source=3: pgn=COG & SOG, Rapid Update(129026): values=COGReference=("0") COG=(111.30 deg) SOG=(3.31 m/s)

3  : pgn=129025 line=Tx 10385166 09 f8 01 03 a2 55 6f 1c 61 f0 fd b6
source=3: pgn=Position, Rapid Update(129025): values=Latitude=(47.7058466 deg) Longitude=(-122.48718389999999 deg)

3  : pgn=126992 line=Tx 10385166 0d f0 10 03 ff ff 06 40 3e 35 1a 2c
source=3: pgn=System Time(126992): values=Source=(None) Date=(16390 d) Time=(73991.507 s)

0  : pgn=127250 line=Rx 10385183 09 f1 12 00 ff 7f 40 ff 7f ff 7f fd
source=0: pgn=Vessel Heading(127250): values=Heading=(94.60 deg) Deviation=(None) Variation=(None) Reference=("1")

0  : pgn=127245 line=Rx 10385183 09 f1 0d 00 00 f8 ff 7f 00 00 ff ff
source=0: pgn=Rudder(127245): values=Instance=(0) DirectionOrder=("0") AngleOrder=(None) Position=(0.00 deg)

0  : pgn=65359  line=Rx 10385188 1c ff 4f 00 3b 9f ff ff ff 7f 40 ff
source=0: pgn=Seatalk: Pilot Heading(65359): values=ManufacturerCode=(1851) IndustryCode=(4) HeadingTrue=(None) HeadingMagnetic=(94.60 deg)

32 : pgn=128259 line=Rx 10385188 09 f5 03 20 6f 2a 01 ff ff ff ff ff
source=32: pgn=Speed(128259): values=SpeedWaterReferenced=(2.98 m/s) SpeedGroundReferenced=(None) SpeedWaterReferencedType=(None) SpeedDirection=(None)

1  : pgn=129039 line=Rx 10385205 11 f8 0f 01 c0 1a 12 bc 53 e9 15 4e
1  : pgn=129039 line=Rx 10385206 11 f8 0f 01 c1 02 fa b6 ae c7 61 1c
1  : pgn=129039 line=Rx 10385206 11 f8 0f 01 c2 24 cd de 00 00 03 00
1  : pgn=129039 line=Rx 10385207 11 f8 0f 01 c3 00 ff ff 00 fc ff ff
1  : pgn=129038 line=Rx 10385268 11 f8 0e 01 80 1b c1 d0 8a f8 15 29
3  : pgn=129025 line=Tx 10385268 09 f8 01 03 a2 55 6f 1c 61 f0 fd b6
source=3: pgn=Position, Rapid Update(129025): values=Latitude=(47.7058466 deg) Longitude=(-122.48718389999999 deg)

1  : pgn=129038 line=Rx 10385269 11 f8 0e 01 81 96 0c b7 26 56 69 1c
0  : pgn=127250 line=Rx 10385269 09 f1 12 00 ff 82 40 ff 7f ff 7f fd
source=0: pgn=Vessel Heading(127250): values=Heading=(94.62 deg) Deviation=(None) Variation=(None) Reference=("1")

1  : pgn=129038 line=Rx 10385270 11 f8 0e 01 82 28 a2 01 00 00 00 00
1  : pgn=129038 line=Rx 10385271 11 f8 0e 01 83 00 ff ff ff 7f f0 fe
0  : pgn=127245 line=Rx 10385275 09 f1 0d 00 00 f8 ff 7f 00 00 ff ff
source=0: pgn=Rudder(127245): values=Instance=(0) DirectionOrder=("0") AngleOrder=(None) Position=(0.00 deg)

0  : pgn=65359  line=Rx 10385282 1c ff 4f 00 3b 9f ff ff ff 82 40 ff
source=0: pgn=Seatalk: Pilot Heading(65359): values=ManufacturerCode=(1851) IndustryCode=(4) HeadingTrue=(None) HeadingMagnetic=(94.62 deg)

32 : pgn=128259 line=Rx 10385288 09 f5 03 20 70 2b 01 ff ff ff ff ff
source=32: pgn=Speed(128259): values=SpeedWaterReferenced=(2.99 m/s) SpeedGroundReferenced=(None) SpeedWaterReferencedType=(None) SpeedDirection=(None)

0  : pgn=127250 line=Rx 10385369 09 f1 12 00 ff 80 40 ff 7f ff 7f fd
source=0: pgn=Vessel Heading(127250): values=Heading=(94.61 deg) Deviation=(None) Variation=(None) Reference=("1")

0  : pgn=127245 line=Rx 10385369 09 f1 0d 00 00 f8 ff 7f 00 00 ff ff
source=0: pgn=Rudder(127245): values=Instance=(0) DirectionOrder=("0") AngleOrder=(None) Position=(0.00 deg)

3  : pgn=129026 line=Tx 10385370 09 f8 02 03 ff fc 9c 4b 4b 01 ff ff
source=3: pgn=COG & SOG, Rapid Update(129026): values=COGReference=("0") COG=(110.90 deg) SOG=(3.31 m/s)

3  : pgn=129025 line=Tx 10385370 09 f8 01 03 7f 55 6f 1c 08 f1 fd b6
source=3: pgn=Position, Rapid Update(129025): values=Latitude=(47.705843099999996 deg) Longitude=(-122.48716719999999 deg)

3  : pgn=129291 line=Tx 10385370 0d f9 0b 03 ff fc 29 4f 23 00 ff ff
source=3: pgn=Set & Drift, Rapid Update(129291): values=SetReference=("0") Set=(116.11 deg) Drift=(0.35000000000000003 m/s)

0  : pgn=65359  line=Rx 10385382 1c ff 4f 00 3b 9f ff ff ff 80 40 ff
source=0: pgn=Seatalk: Pilot Heading(65359): values=ManufacturerCode=(1851) IndustryCode=(4) HeadingTrue=(None) HeadingMagnetic=(94.61 deg)

32 : pgn=128259 line=Rx 10385387 09 f5 03 20 71 2d 01 ff ff ff ff ff
source=32: pgn=Speed(128259): values=SpeedWaterReferenced=(3.0100000000000002 m/s) SpeedGroundReferenced=(None) SpeedWaterReferencedType=(None) SpeedDirection=(None)

4  : pgn=65384  line=Rx 10385399 1c ff 68 04 3b 9f 00 00 00 00 00 00
0  : pgn=127250 line=Rx 10385469 09 f1 12 00 ff 83 40 ff 7f ff 7f fd
source=0: pgn=Vessel Heading(127250): values=Heading=(94.62 deg) Deviation=(None) Variation=(None) Reference=("1")

0  : pgn=127245 line=Rx 10385470 09 f1 0d 00 00 f8 ff 7f 00 00 ff ff
source=0: pgn=Rudder(127245): values=Instance=(0) DirectionOrder=("0") AngleOrder=(None) Position=(0.00 deg)

3  : pgn=129025 line=Tx 10385471 09 f8 01 03 7f 55 6f 1c 08 f1 fd b6
source=3: pgn=Position, Rapid Update(129025): values=Latitude=(47.705843099999996 deg) Longitude=(-122.48716719999999 deg)

0  : pgn=65359  line=Rx 10385480 1c ff 4f 00 3b 9f ff ff ff 83 40 ff
source=0: pgn=Seatalk: Pilot Heading(65359): values=ManufacturerCode=(1851) IndustryCode=(4) HeadingTrue=(None) HeadingMagnetic=(94.62 deg)

32 : pgn=128259 line=Rx 10385487 09 f5 03 20 72 2f 01 ff ff ff ff ff
source=32: pgn=Speed(128259): values=SpeedWaterReferenced=(3.0300000000000002 m/s) SpeedGroundReferenced=(None) SpeedWaterReferencedType=(None) SpeedDirection=(None)

1  : pgn=129038 line=Rx 10385540 11 f8 0e 01 a0 1b c1 0e 93 df 15 f3
1  : pgn=129038 line=Rx 10385541 11 f8 0e 01 a1 5c 11 b7 e0 3e 5c 1c
1  : pgn=129038 line=Rx 10385541 11 f8 0e 01 a2 2f fb f2 c4 01 00 00
1  : pgn=129038 line=Rx 10385542 11 f8 0e 01 a3 00 ff ff ff 7f f0 fe
0  : pgn=127250 line=Rx 10385568 09 f1 12 00 ff 8f 40 ff 7f ff 7f fd
source=0: pgn=Vessel Heading(127250): values=Heading=(94.69 deg) Deviation=(None) Variation=(None) Reference=("1")

0  : pgn=127245 line=Rx 10385569 09 f1 0d 00 00 f8 ff 7f 00 00 ff ff
source=0: pgn=Rudder(127245): values=Instance=(0) DirectionOrder=("0") AngleOrder=(None) Position=(0.00 deg)

3  : pgn=129026 line=Tx 10385572 09 f8 02 03 ff fc 79 4b 4c 01 ff ff
source=3: pgn=COG & SOG, Rapid Update(129026): values=COGReference=("0") COG=(110.70 deg) SOG=(3.3200000000000003 m/s)

3  : pgn=130577 line=Tx 10385572 0d fe 11 03 e0 0e c0 c0 79 4b 4c 01
3  : pgn=130577 line=Tx 10385572 0d fe 11 03 e1 ff ff ff ff 29 4f 23
3  : pgn=130577 line=Tx 10385572 0d fe 11 03 e2 00 ff ff ff ff ff ff
3  : pgn=129025 line=Tx 10385572 09 f8 01 03 6e 55 6f 1c 5c f1 fd b6
3  : pgn=130306 line=Tx 10385572 09 fd 02 03 ff 13 03 ce c9 fa ff ff
source=3: pgn=Wind Data(130306): values=WindSpeed=(7.87 m/s) WindAngle=(296.00 deg) Reference=("2")

1  : pgn=129038 line=Rx 10385573 11 f8 0e 01 c0 1b c1 28 71 e0 15 d8
1  : pgn=129038 line=Rx 10385574 11 f8 0e 01 c1 6b 0e b7 be 29 68 1c
1  : pgn=129038 line=Rx 10385575 11 f8 0e 01 c2 2c a6 86 00 00 00 00
1  : pgn=129038 line=Rx 10385576 11 f8 0e 01 c3 00 ff ff ff 7f f0 fe
32 : pgn=128259 line=Rx 10385586 09 f5 03 20 73 34 01 ff ff ff ff ff
source=32: pgn=Speed(128259): values=SpeedWaterReferenced=(3.08 m/s) SpeedGroundReferenced=(None) SpeedWaterReferencedType=(None) SpeedDirection=(None)

0  : pgn=65379  line=Rx 10385590 1c ff 63 00 3b 9f 00 00 00 00 01 ff
source=0: pgn=Seatalk: Pilot Mode(65379): values=ManufacturerCode=(1851) IndustryCode=(4) PilotMode=(0) SubMode=(0) PilotModeData=(0)

0  : pgn=65359  line=Rx 10385591 1c ff 4f 00 3b 9f ff ff ff 8f 40 ff
source=0: pgn=Seatalk: Pilot Heading(65359): values=ManufacturerCode=(1851) IndustryCode=(4) HeadingTrue=(None) HeadingMagnetic=(94.69 deg)

0  : pgn=126975 line=Rx 10385608 1d ef ff 00 40 0d 3b 9f f0 81 84 56
0  : pgn=126975 line=Rx 10385610 1d ef ff 00 41 42 09 00 00 00 02 05
0  : pgn=127250 line=Rx 10385669 09 f1 12 00 ff a6 40 ff 7f ff 7f fd
source=0: pgn=Vessel Heading(127250): values=Heading=(94.82 deg) Deviation=(None) Variation=(None) Reference=("1")

0  : pgn=127245 line=Rx 10385671 09 f1 0d 00 00 f8 ff 7f 00 00 ff ff
source=0: pgn=Rudder(127245): values=Instance=(0) DirectionOrder=("0") AngleOrder=(None) Position=(0.00 deg)

3  : pgn=129283 line=Tx 10385675 0d f9 03 03 ff 7f ff ff ff 7f ff ff
source=3: pgn=Cross Track Error(129283): values=XTEmode=(None) NavigationTerminated=("1") XTE=(None)

3  : pgn=129025 line=Tx 10385675 09 f8 01 03 6e 55 6f 1c 5c f1 fd b6
source=3: pgn=Position, Rapid Update(129025): values=Latitude=(47.7058414 deg) Longitude=(-122.48715879999999 deg)

3  : pgn=128267 line=Tx 10385675 0d f5 0b 03 ff 70 3e 00 00 00 00 ff
source=3: pgn=Water Depth(128267): values=Depth=(159.84 m) Offset=(0.0 m) Range=(None)

0  : pgn=65359  line=Rx 10385677 1c ff 4f 00 3b 9f ff ff ff a6 40 ff
source=0: pgn=Seatalk: Pilot Heading(65359): values=ManufacturerCode=(1851) IndustryCode=(4) HeadingTrue=(None) HeadingMagnetic=(94.82 deg)

0  : pgn=126975 line=Rx 10385685 1d ef ff 00 60 09 3b 9f f0 81 ae 02
32 : pgn=128259 line=Rx 10385686 09 f5 03 20 74 37 01 ff ff ff ff ff
source=32: pgn=Speed(128259): values=SpeedWaterReferenced=(3.11 m/s) SpeedGroundReferenced=(None) SpeedWaterReferencedType=(None) SpeedDirection=(None)

0  : pgn=126975 line=Rx 10385687 1d ef ff 00 61 00 08 00 ff ff ff ff
0  : pgn=127250 line=Rx 10385768 09 f1 12 00 ff b2 40 ff 7f ff 7f fd
source=0: pgn=Vessel Heading(127250): values=Heading=(94.89 deg) Deviation=(None) Variation=(None) Reference=("1")

0  : pgn=127245 line=Rx 10385771 09 f1 0d 00 00 f8 ff 7f 00 00 ff ff
source=0: pgn=Rudder(127245): values=Instance=(0) DirectionOrder=("0") AngleOrder=(None) Position=(0.00 deg)

0  : pgn=65359  line=Rx 10385775 1c ff 4f 00 3b 9f ff ff ff b2 40 ff
source=0: pgn=Seatalk: Pilot Heading(65359): values=ManufacturerCode=(1851) IndustryCode=(4) HeadingTrue=(None) HeadingMagnetic=(94.89 deg)

3  : pgn=129026 line=Tx 10385776 09 f8 02 03 ff fc 79 4b 4c 01 ff ff
source=3: pgn=COG & SOG, Rapid Update(129026): values=COGReference=("0") COG=(110.70 deg) SOG=(3.3200000000000003 m/s)

3  : pgn=129025 line=Tx 10385776 09 f8 01 03 6e 55 6f 1c 5c f1 fd b6
source=3: pgn=Position, Rapid Update(129025): values=Latitude=(47.7058414 deg) Longitude=(-122.48715879999999 deg)

3  : pgn=129542 line=Tx 10385776 19 fa 06 03 e0 0f c0 3c 01 00 00 00
3  : pgn=129542 line=Tx 10385776 19 fa 06 03 e1 00 00 00 00 00 00 00
3  : pgn=129542 line=Tx 10385776 19 fa 06 03 e2 00 00 ff ff ff ff ff
3  : pgn=65364  line=Tx 10385776 1c ff 54 03 3b 9f 13 03 ce c9 ff ff
32 : pgn=128259 line=Rx 10385785 09 f5 03 20 75 3b 01 ff ff ff ff ff
source=32: pgn=Speed(128259): values=SpeedWaterReferenced=(3.15 m/s) SpeedGroundReferenced=(None) SpeedWaterReferencedType=(None) SpeedDirection=(None)

0  : pgn=127250 line=Rx 10385869 09 f1 12 00 ff c3 40 ff 7f ff 7f fd
source=0: pgn=Vessel Heading(127250): values=Heading=(94.99 deg) Deviation=(None) Variation=(None) Reference=("1")

0  : pgn=127245 line=Rx 10385869 09 f1 0d 00 00 f8 ff 7f 00 00 ff ff
source=0: pgn=Rudder(127245): values=Instance=(0) DirectionOrder=("0") AngleOrder=(None) Position=(0.00 deg)

0  : pgn=65359  line=Rx 10385876 1c ff 4f 00 3b 9f ff ff ff c3 40 ff
source=0: pgn=Seatalk: Pilot Heading(65359): values=ManufacturerCode=(1851) IndustryCode=(4) HeadingTrue=(None) HeadingMagnetic=(94.99 deg)

3  : pgn=129540 line=Tx 10385876 19 fa 04 03 20 9f e2 ff 0d 03 97 1a
source=3: pgn=GNSS Sats in View(129540): values=RangeResidualMode=(None) SatsinView=(226) PRN=(None) Elevation=(4.47 deg) Azimuth=(39.00 deg) SNR=(0.0 dB) Rangeresiduals=(0) Status=("0")

3  : pgn=129540 line=Tx 10385876 19 fa 04 03 21 2e 26 00 00 00 00 00
source=3: pgn=GNSS Sats in View(129540): values=RangeResidualMode=("0") SatsinView=(38) PRN=(0) Elevation=(0.00 deg) Azimuth=(0.00 deg) SNR=(0.0 dB) Rangeresiduals=(0) Status=("0")

3  : pgn=129540 line=Tx 10385876 19 fa 04 03 22 00 f3 0f ff 1d ad 3c
source=3: pgn=GNSS Sats in View(129540): values=RangeResidualMode=("0") SatsinView=(243) PRN=(15) Elevation=(44.00 deg) Azimuth=(89.00 deg) SNR=(0.0 dB) Rangeresiduals=(0) Status=("0")

3  : pgn=129540 line=Tx 10385876 19 fa 04 03 23 98 08 00 00 00 00 f5
source=3: pgn=GNSS Sats in View(129540): values=RangeResidualMode=("0") SatsinView=(8) PRN=(0) Elevation=(0.00 deg) Azimuth=(359.36 deg) SNR=(0.0 dB) Rangeresiduals=(0) Status=("0")

3  : pgn=129540 line=Tx 10385877 19 fa 04 03 24 10 17 13 c2 b8 8c 0a
source=3: pgn=GNSS Sats in View(129540): values=RangeResidualMode=("0") SatsinView=(23) PRN=(19) Elevation=(-104.50 deg) Azimuth=(15.47 deg) SNR=(0.0 dB) Rangeresiduals=(0) Status=("0")

3  : pgn=129540 line=Tx 10385877 19 fa 04 03 25 00 00 00 00 f5 12 c5
source=3: pgn=GNSS Sats in View(129540): values=RangeResidualMode=("0") SatsinView=(0) PRN=(0) Elevation=(-16.13 deg) Azimuth=(289.06 deg) SNR=(0.0 dB) Rangeresiduals=(0) Status=("0")

3  : pgn=129540 line=Tx 10385877 19 fa 04 03 26 31 f2 93 ac 0d 00 00
source=3: pgn=GNSS Sats in View(129540): values=RangeResidualMode=("1") SatsinView=(242) PRN=(147) Elevation=(20.05 deg) Azimuth=(0.00 deg) SNR=(0.0 dB) Rangeresiduals=(0) Status=("0")

3  : pgn=129540 line=Tx 10385877 19 fa 04 03 27 00 00 f5 13 69 03 1f
source=3: pgn=GNSS Sats in View(129540): values=RangeResidualMode=("0") SatsinView=(0) PRN=(245) Elevation=(154.12 deg) Azimuth=(45.49 deg) SNR=(0.0 dB) Rangeresiduals=(0) Status=("0")

3  : pgn=129540 line=Tx 10385877 19 fa 04 03 28 d8 74 0e 00 00 00 00
source=3: pgn=GNSS Sats in View(129540): values=RangeResidualMode=("0") SatsinView=(116) PRN=(14) Elevation=(0.00 deg) Azimuth=(0.00 deg) SNR=(0.0 dB) Rangeresiduals=(0) Status=("0")

3  : pgn=129540 line=Tx 10385877 19 fa 04 03 29 f5 15 e8 37 c5 22 10
source=3: pgn=GNSS Sats in View(129540): values=RangeResidualMode=("1") SatsinView=(21) PRN=(232) Elevation=(-86.22 deg) Azimuth=(23.66 deg) SNR=(0.0 dB) Rangeresiduals=(0) Status=("0")

3  : pgn=129540 line=Tx 10385877 19 fa 04 03 2a 0e 00 00 00 00 f5 16
source=3: pgn=GNSS Sats in View(129540): values=RangeResidualMode=("0") SatsinView=(0) PRN=(0) Elevation=(0.00 deg) Azimuth=(33.67 deg) SNR=(0.0 dB) Rangeresiduals=(0) Status=("0")

3  : pgn=129540 line=Tx 10385878 19 fa 04 03 2b 80 16 7d 9d 48 0d 00
source=3: pgn=GNSS Sats in View(129540): values=RangeResidualMode=("0") SatsinView=(22) PRN=(125) Elevation=(106.51 deg) Azimuth=(0.07 deg) SNR=(0.0 dB) Rangeresiduals=(0) Status=("0")

3  : pgn=129540 line=Tx 10385879 19 fa 04 03 2c 00 00 00 f5 1a ae 0f
source=3: pgn=GNSS Sats in View(129540): values=RangeResidualMode=("0") SatsinView=(0) PRN=(0) Elevation=(39.54 deg) Azimuth=(23.00 deg) SNR=(0.0 dB) Rangeresiduals=(0) Status=("0")

3  : pgn=129540 line=Tx 10385880 19 fa 04 03 2d 5d 1f b8 0b 00 00 00
source=3: pgn=GNSS Sats in View(129540): values=RangeResidualMode=("1") SatsinView=(31) PRN=(184) Elevation=(0.06 deg) Azimuth=(0.00 deg) SNR=(0.0 dB) Rangeresiduals=(0) Status=("0")

3  : pgn=129540 line=Tx 10385880 19 fa 04 03 2e 00 f5 1b d1 15 ab d2
source=3: pgn=GNSS Sats in View(129540): values=RangeResidualMode=("0") SatsinView=(245) PRN=(27) Elevation=(32.00 deg) Azimuth=(309.00 deg) SNR=(0.0 dB) Rangeresiduals=(0) Status=("0")

3  : pgn=129540 line=Tx 10385881 19 fa 04 03 2f 1c 0c 00 00 00 00 f5
source=3: pgn=GNSS Sats in View(129540): values=RangeResidualMode=("0") SatsinView=(12) PRN=(0) Elevation=(0.00 deg) Azimuth=(359.36 deg) SNR=(0.0 dB) Rangeresiduals=(0) Status=("0")

3  : pgn=129540 line=Tx 10385882 19 fa 04 03 30 1d 51 0e a1 67 e4 0c
source=3: pgn=GNSS Sats in View(129540): values=RangeResidualMode=("1") SatsinView=(81) PRN=(14) Elevation=(152.00 deg) Azimuth=(18.91 deg) SNR=(0.0 dB) Rangeresiduals=(0) Status=("0")

3  : pgn=129540 line=Tx 10385883 19 fa 04 03 31 00 00 00 00 f5 23 d1
source=3: pgn=GNSS Sats in View(129540): values=RangeResidualMode=("0") SatsinView=(0) PRN=(0) Elevation=(-16.13 deg) Azimuth=(306.76 deg) SNR=(0.0 dB) Rangeresiduals=(0) Status=("0")

3  : pgn=129540 line=Tx 10385883 19 fa 04 03 32 15 c3 8b 00 00 00 00
source=3: pgn=GNSS Sats in View(129540): values=RangeResidualMode=("1") SatsinView=(195) PRN=(139) Elevation=(0.00 deg) Azimuth=(0.00 deg) SNR=(0.0 dB) Rangeresiduals=(0) Status=("0")

3  : pgn=129540 line=Tx 10385884 19 fa 04 03 33 00 00 f3 30 2e 17 43
source=3: pgn=GNSS Sats in View(129540): values=RangeResidualMode=("0") SatsinView=(0) PRN=(243) Elevation=(67.75 deg) Azimuth=(98.41 deg) SNR=(0.0 dB) Rangeresiduals=(0) Status=("0")

3  : pgn=129540 line=Tx 10385886 19 fa 04 03 34 84 d8 0e 00 00 00 00
source=3: pgn=GNSS Sats in View(129540): values=RangeResidualMode=("0") SatsinView=(216) PRN=(14) Elevation=(0.00 deg) Azimuth=(0.00 deg) SNR=(0.0 dB) Rangeresiduals=(0) Status=("0")

3  : pgn=129540 line=Tx 10385886 19 fa 04 03 35 f5 33 80 16 67 6c e4
source=3: pgn=GNSS Sats in View(129540): values=RangeResidualMode=("1") SatsinView=(51) PRN=(128) Elevation=(151.20 deg) Azimuth=(335.04 deg) SNR=(0.0 dB) Rangeresiduals=(0) Status=("0")

3  : pgn=129540 line=Tx 10385887 19 fa 04 03 36 0c 00 00 00 00 f5 ff
source=3: pgn=GNSS Sats in View(129540): values=RangeResidualMode=("0") SatsinView=(0) PRN=(0) Elevation=(0.00 deg) Azimuth=(375.43 deg) SNR=(0.0 dB) Rangeresiduals=(0) Status=("0")

32 : pgn=128259 line=Rx 10385887 09 f5 03 20 76 3b 01 ff ff ff ff ff
source=32: pgn=Speed(128259): values=SpeedWaterReferenced=(3.15 m/s) SpeedGroundReferenced=(None) SpeedWaterReferencedType=(None) SpeedDirection=(None)

3  : pgn=129025 line=Tx 10385888 09 f8 01 03 62 55 6f 1c b2 f1 fd b6
source=3: pgn=Position, Rapid Update(129025): values=Latitude=(47.7058402 deg) Longitude=(-122.48715019999999 deg)

3  : pgn=127258 line=Tx 10385889 19 f1 1a 03 ff f6 12 39 fa 0a ff ff
source=3: pgn=Magnetic Variation(127258): values=Source=("6") Ageofservice=(14610 d) Variation=(16.10 deg)

32 : pgn=130310 line=Rx 10385891 15 fd 06 20 0b ff ff ff ff ff ff ff
source=32: pgn=Environmental Parameters (obsolete)(130310): values=WaterTemperature=(None) OutsideAmbientAirTemperature=(None) AtmosphericPressure=(None)

32 : pgn=128275 line=Rx 10385900 19 f5 13 20 40 0e ff ff ff ff ff ff
32 : pgn=128275 line=Rx 10385905 19 f5 13 20 41 a3 ae 3c 00 a3 ae 3c
32 : pgn=128275 line=Rx 10385910 19 f5 13 20 42 00 ff ff ff ff ff ff
1  : pgn=59936  line=Rx 10385933 18 ea 20 01 00 ee 00 00 00 00 00 00
0  : pgn=127250 line=Rx 10385968 09 f1 12 00 ff c9 40 ff 7f ff 7f fd
source=0: pgn=Vessel Heading(127250): values=Heading=(95.03 deg) Deviation=(None) Variation=(None) Reference=("1")

0  : pgn=127245 line=Rx 10385969 09 f1 0d 00 00 f8 ff 7f 00 00 ff ff
source=0: pgn=Rudder(127245): values=Instance=(0) DirectionOrder=("0") AngleOrder=(None) Position=(0.00 deg)

0  : pgn=65359  line=Rx 10385973 1c ff 4f 00 3b 9f ff ff ff c9 40 ff
source=0: pgn=Seatalk: Pilot Heading(65359): values=ManufacturerCode=(1851) IndustryCode=(4) HeadingTrue=(None) HeadingMagnetic=(95.03 deg)

3  : pgn=129026 line=Tx 10385977 09 f8 02 03 ff fc 33 4b 4d 01 ff ff
source=3: pgn=COG & SOG, Rapid Update(129026): values=COGReference=("0") COG=(110.30 deg) SOG=(3.33 m/s)

3  : pgn=129025 line=Tx 10385977 09 f8 01 03 62 55 6f 1c b2 f1 fd b6
source=3: pgn=Position, Rapid Update(129025): values=Latitude=(47.7058402 deg) Longitude=(-122.48715019999999 deg)

32 : pgn=128259 line=Rx 10385985 09 f5 03 20 77 3a 01 ff ff ff ff ff
1  : pgn=129038 line=Rx 10386026 11 f8 0e 01 e0 1b c1 2c fc df 15 00
1  : pgn=129038 line=Rx 10386027 11 f8 0e 01 e1 27 0d b7 c1 be 68 1c
1  : pgn=129038 line=Rx 10386027 11 f8 0e 01 e2 28 59 b5 00 00 00 00
1  : pgn=129038 line=Rx 10386028 11 f8 0e 01 e3 00 39 37 00 00 f0 fe
0  : pgn=127250 line=Rx 10386068 09 f1 12 00 ff db 40 ff 7f ff 7f fd
source=0: pgn=Vessel Heading(127250): values=Heading=(95.13 deg) Deviation=(None) Variation=(None) Reference=("1")

0  : pgn=127245 line=Rx 10386069 09 f1 0d 00 00 f8 ff 7f 00 00 ff ff
source=0: pgn=Rudder(127245): values=Instance=(0) DirectionOrder=("0") AngleOrder=(None) Position=(0.00 deg)

0  : pgn=65359  line=Rx 10386076 1c ff 4f 00 3b 9f ff ff ff db 40 ff
source=0: pgn=Seatalk: Pilot Heading(65359): values=ManufacturerCode=(1851) IndustryCode=(4) HeadingTrue=(None) HeadingMagnetic=(95.13 deg)

3  : pgn=129029 line=Tx 10386077 0d f8 05 03 e0 2b c0 06 40 6c 5c 1a
3  : pgn=129029 line=Tx 10386077 0d f8 05 03 e1 2c 00 48 dc 89 13 da
3  : pgn=129029 line=Tx 10386077 0d f8 05 03 e2 9e 06 00 bc 94 5a ef
3  : pgn=129029 line=Tx 10386077 0d f8 05 03 e3 61 00 ef ff ff ff ff
3  : pgn=129029 line=Tx 10386077 0d f8 05 03 e4 ff ff ff 7f 23 fc 09
3  : pgn=129029 line=Tx 10386077 0d f8 05 03 e5 4f 00 ff 7f ff ff ff
3  : pgn=129029 line=Tx 10386077 0d f8 05 03 e6 7f 00 ff ff ff ff ff
3  : pgn=129025 line=Tx 10386077 09 f8 01 03 54 55 6f 1c 06 f2 fd b6
source=3: pgn=Position, Rapid Update(129025): values=Latitude=(47.705838799999995 deg) Longitude=(-122.48714179999999 deg)

3  : pgn=129033 line=Tx 10386077 0d f8 09 03 06 40 6c 5c 1a 2c 5c fe
source=3: pgn=Time & Date(129033): values=Date=(16390 d) Time=(73992.51000000001 s) LocalOffset=(-25200.0 s)

0  : pgn=126975 line=Rx 10386078 1d ef ff 00 80 08 3b 9f f0 81 9c 91
0  : pgn=126975 line=Rx 10386080 1d ef ff 00 81 02 00 ff ff ff ff ff
32 : pgn=128259 line=Rx 10386084 09 f5 03 20 78 36 01 ff ff ff ff ff
source=32: pgn=Speed(128259): values=SpeedWaterReferenced=(3.1 m/s) SpeedGroundReferenced=(None) SpeedWaterReferencedType=(None) SpeedDirection=(None)

1  : pgn=129038 line=Rx 10386086 11 f8 0e 01 00 1b c1 e0 bd e2 15 ad
source=1: pgn=AIS Class A Position Report(129038): values=MessageID=(0) RepeatIndicator=("0") UserID=(3185623323) Longitude=(0.0 deg) Latitude=(0.0 deg) PositionAccuracy=("0") RAIM=("0") TimeStamp=("0") COG=(0.00 deg) SOG=(0.0 m/s) CommunicationState=(0) AISTransceiverinformation=("0") Heading=(0.00 deg) RateofTurn=(0.00 deg/s) NavStatus=("0") SpecialManeuverIndicator=("0") Spare=(0) SequenceID=(0)

1  : pgn=129038 line=Rx 10386087 11 f8 0e 01 01 2c 15 b7 fe dc 63 1c
source=1: pgn=AIS Class A Position Report(129038): values=MessageID=(1) RepeatIndicator=("0") UserID=(4273411372) Longitude=(0.0 deg) Latitude=(0.0 deg) PositionAccuracy=("0") RAIM=("0") TimeStamp=("0") COG=(0.00 deg) SOG=(0.0 m/s) CommunicationState=(0) AISTransceiverinformation=("0") Heading=(0.00 deg) RateofTurn=(0.00 deg/s) NavStatus=("0") SpecialManeuverIndicator=("0") Spare=(0) SequenceID=(0)

1  : pgn=129038 line=Rx 10386087 11 f8 0e 01 02 2b 41 de 9a 00 00 00
source=1: pgn=AIS Class A Position Report(129038): values=MessageID=(2) RepeatIndicator=("0") UserID=(2598256939) Longitude=(0.0 deg) Latitude=(0.0 deg) PositionAccuracy=("0") RAIM=("0") TimeStamp=("0") COG=(0.00 deg) SOG=(0.0 m/s) CommunicationState=(0) AISTransceiverinformation=("0") Heading=(0.00 deg) RateofTurn=(0.00 deg/s) NavStatus=("0") SpecialManeuverIndicator=("0") Spare=(0) SequenceID=(0)

1  : pgn=129038 line=Rx 10386088 11 f8 0e 01 03 00 ff ff ff 7f f0 fe
source=1: pgn=AIS Class A Position Report(129038): values=MessageID=(3) RepeatIndicator=("0") UserID=(4294967040) Longitude=(0.0 deg) Latitude=(0.0 deg) PositionAccuracy=("0") RAIM=("0") TimeStamp=("0") COG=(0.00 deg) SOG=(0.0 m/s) CommunicationState=(0) AISTransceiverinformation=("0") Heading=(0.00 deg) RateofTurn=(0.00 deg/s) NavStatus=("0") SpecialManeuverIndicator=("0") Spare=(0) SequenceID=(0)

1  : pgn=129038 line=Rx 10386147 11 f8 0e 01 20 1b c1 82 40 e1 15 6f
1  : pgn=129038 line=Rx 10386148 11 f8 0e 01 21 5e 0e b7 7c e5 63 1c
1  : pgn=129038 line=Rx 10386148 11 f8 0e 01 22 2c 45 0c 00 00 00 00
1  : pgn=129038 line=Rx 10386149 11 f8 0e 01 23 00 ff ff ff 7f ff fe
0  : pgn=127250 line=Rx 10386168 09 f1 12 00 ff f2 40 ff 7f ff 7f fd
source=0: pgn=Vessel Heading(127250): values=Heading=(95.26 deg) Deviation=(None) Variation=(None) Reference=("1")

0  : pgn=127245 line=Rx 10386169 09 f1 0d 00 00 f8 ff 7f 00 00 ff ff
source=0: pgn=Rudder(127245): values=Instance=(0) DirectionOrder=("0") AngleOrder=(None) Position=(0.00 deg)

0  : pgn=65359  line=Rx 10386174 1c ff 4f 00 3b 9f ff ff ff f2 40 ff
source=0: pgn=Seatalk: Pilot Heading(65359): values=ManufacturerCode=(1851) IndustryCode=(4) HeadingTrue=(None) HeadingMagnetic=(95.26 deg)

3  : pgn=129026 line=Tx 10386179 09 f8 02 03 ff fc dc 4a 4d 01 ff ff
source=3: pgn=COG & SOG, Rapid Update(129026): values=COGReference=("0") COG=(109.80 deg) SOG=(3.33 m/s)

3  : pgn=129025 line=Tx 10386179 09 f8 01 03 54 55 6f 1c 06 f2 fd b6
source=3: pgn=Position, Rapid Update(129025): values=Latitude=(47.705838799999995 deg) Longitude=(-122.48714179999999 deg)

3  : pgn=126992 line=Tx 10386179 0d f0 10 03 ff ff 06 40 6c 5c 1a 2c
source=3: pgn=System Time(126992): values=Source=(None) Date=(16390 d) Time=(73992.51000000001 s)

32 : pgn=128259 line=Rx 10386184 09 f5 03 20 79 32 01 ff ff ff ff ff
source=32: pgn=Speed(128259): values=SpeedWaterReferenced=(3.06 m/s) SpeedGroundReferenced=(None) SpeedWaterReferencedType=(None) SpeedDirection=(None)

0  : pgn=127250 line=Rx 10386268 09 f1 12 00 ff f9 40 ff 7f ff 7f fd
source=0: pgn=Vessel Heading(127250): values=Heading=(95.30 deg) Deviation=(None) Variation=(None) Reference=("1")

0  : pgn=127245 line=Rx 10386269 09 f1 0d 00 00 f8 ff 7f 00 00 ff ff
source=0: pgn=Rudder(127245): values=Instance=(0) DirectionOrder=("0") AngleOrder=(None) Position=(0.00 deg)

1  : pgn=129793 line=Rx 10386270 1d fb 01 01 00 1a 04 a1 fc 37 00 bf
source=1: pgn=AIS UTC and Date Report(129793): values=MessageID=(0) RepeatIndicator=("0") UserID=(4238410778) Longitude=(0.0 deg) Latitude=(0.0 deg) PositionAccuracy=("0") RAIM=("0") PositionTime=(0.0 s) CommunicationState=(0) AISTransceiverinformation=("0") PositionDate=(0 d) GNSStype=("0") Spare=(0)

1  : pgn=129793 line=Rx 10386271 1d fb 01 01 01 ba e8 b6 be 7a e1 1c
source=1: pgn=AIS UTC and Date Report(129793): values=MessageID=(1) RepeatIndicator=("0") UserID=(3199658170) Longitude=(0.0 deg) Latitude=(0.0 deg) PositionAccuracy=("0") RAIM=("0") PositionTime=(0.0 s) CommunicationState=(0) AISTransceiverinformation=("0") PositionDate=(0 d) GNSStype=("0") Spare=(0)

1  : pgn=129793 line=Rx 10386272 1d fb 01 01 02 ff 70 21 1a 2c 00 00
source=1: pgn=AIS UTC and Date Report(129793): values=MessageID=(2) RepeatIndicator=("0") UserID=(438399231) Longitude=(0.0 deg) Latitude=(0.0 deg) PositionAccuracy=("0") RAIM=("0") PositionTime=(0.0 s) CommunicationState=(0) AISTransceiverinformation=("0") PositionDate=(0 d) GNSStype=("0") Spare=(0)

1  : pgn=129793 line=Rx 10386272 1d fb 01 01 03 08 06 40 ff 00 fc ff
source=1: pgn=AIS UTC and Date Report(129793): values=MessageID=(3) RepeatIndicator=("0") UserID=(4282385928) Longitude=(0.0 deg) Latitude=(0.0 deg) PositionAccuracy=("0") RAIM=("0") PositionTime=(0.0 s) CommunicationState=(0) AISTransceiverinformation=("0") PositionDate=(0 d) GNSStype=("0") Spare=(0)

3  : pgn=129025 line=Tx 10386279 09 f8 01 03 54 55 6f 1c 06 f2 fd b6
source=3: pgn=Position, Rapid Update(129025): values=Latitude=(47.705838799999995 deg) Longitude=(-122.48714179999999 deg)

0  : pgn=65359  line=Rx 10386279 1c ff 4f 00 3b 9f ff ff ff f9 40 ff
source=0: pgn=Seatalk: Pilot Heading(65359): values=ManufacturerCode=(1851) IndustryCode=(4) HeadingTrue=(None) HeadingMagnetic=(95.30 deg)

32 : pgn=128259 line=Rx 10386283 09 f5 03 20 7a 2d 01 ff ff ff ff ff
source=32: pgn=Speed(128259): values=SpeedWaterReferenced=(3.0100000000000002 m/s) SpeedGroundReferenced=(None) SpeedWaterReferencedType=(None) SpeedDirection=(None)

0  : pgn=127250 line=Rx 10386368 09 f1 12 00 ff 02 41 ff 7f ff 7f fd
source=0: pgn=Vessel Heading(127250): values=Heading=(95.35 deg) Deviation=(None) Variation=(None) Reference=("1")

0  : pgn=127245 line=Rx 10386369 09 f1 0d 00 00 f8 ff 7f 00 00 ff ff
source=0: pgn=Rudder(127245): values=Instance=(0) DirectionOrder=("0") AngleOrder=(None) Position=(0.00 deg)

0  : pgn=65359  line=Rx 10386373 1c ff 4f 00 3b 9f ff ff ff 02 41 ff
source=0: pgn=Seatalk: Pilot Heading(65359): values=ManufacturerCode=(1851) IndustryCode=(4) HeadingTrue=(None) HeadingMagnetic=(95.35 deg)

3  : pgn=129026 line=Tx 10386383 09 f8 02 03 ff fc dc 4a 4d 01 ff ff
source=3: pgn=COG & SOG, Rapid Update(129026): values=COGReference=("0") COG=(109.80 deg) SOG=(3.33 m/s)

3  : pgn=129025 line=Tx 10386383 09 f8 01 03 42 55 6f 1c 54 f2 fd b6
source=3: pgn=Position, Rapid Update(129025): values=Latitude=(47.705836999999995 deg) Longitude=(-122.487134 deg)

3  : pgn=129291 line=Tx 10386383 0d f9 0b 03 ff fc 6d 3e 1c 00 ff ff
source=3: pgn=Set & Drift, Rapid Update(129291): values=SetReference=("0") Set=(91.56 deg) Drift=(0.28 m/s)

32 : pgn=128259 line=Rx 10386383 09 f5 03 20 7b 2b 01 ff ff ff ff ff
source=32: pgn=Speed(128259): values=SpeedWaterReferenced=(2.99 m/s) SpeedGroundReferenced=(None) SpeedWaterReferencedType=(None) SpeedDirection=(None)

4  : pgn=65384  line=Rx 10386399 1c ff 68 04 3b 9f 00 00 00 00 00 00
0  : pgn=127250 line=Rx 10386469 09 f1 12 00 ff 05 41 ff 7f ff 7f fd
source=0: pgn=Vessel Heading(127250): values=Heading=(95.37 deg) Deviation=(None) Variation=(None) Reference=("1")

0  : pgn=127245 line=Rx 10386470 09 f1 0d 00 00 f8 ff 7f 00 00 ff ff
source=0: pgn=Rudder(127245): values=Instance=(0) DirectionOrder=("0") AngleOrder=(None) Position=(0.00 deg)

0  : pgn=65359  line=Rx 10386477 1c ff 4f 00 3b 9f ff ff ff 05 41 ff
source=0: pgn=Seatalk: Pilot Heading(65359): values=ManufacturerCode=(1851) IndustryCode=(4) HeadingTrue=(None) HeadingMagnetic=(95.37 deg)

32 : pgn=128259 line=Rx 10386482 09 f5 03 20 7c 36 01 ff ff ff ff ff
source=32: pgn=Speed(128259): values=SpeedWaterReferenced=(3.1 m/s) SpeedGroundReferenced=(None) SpeedWaterReferencedType=(None) SpeedDirection=(None)

3  : pgn=129025 line=Tx 10386482 09 f8 01 03 30 55 6f 1c a8 f2 fd b6
source=3: pgn=Position, Rapid Update(129025): values=Latitude=(47.705835199999996 deg) Longitude=(-122.4871256 deg)

1  : pgn=129038 line=Rx 10386483 11 f8 0e 01 40 1b c1 fe 82 dc 15 ea
1  : pgn=129038 line=Rx 10386483 11 f8 0e 01 41 62 14 b7 05 7d 5f 1c
1  : pgn=129038 line=Rx 10386484 11 f8 0e 01 42 31 02 b8 00 00 00 00
1  : pgn=129038 line=Rx 10386485 11 f8 0e 01 43 00 39 37 00 00 ff fe
1  : pgn=129041 line=Rx 10386513 11 f8 11 01 00 30 55 75 89 3a 3b 6d
source=1: pgn=AIS Aids to Navigation (AtoN) Report(129041): values=MessageID=(0) RepeatIndicator=("0") UserID=(2306168112) Longitude=(0.0 deg) Latitude=(0.0 deg) PositionAccuracy=("0") RAIM=("0") TimeStamp=("0") Length/Diameter=(0.0 m) Beam/Diameter=(0.0 m) PositionReferencefromStarboardEdge=(0.0 m) PositionReferencefromTrueNorthFacingEdge=(0.0 m) AtoNType=("0") OffPositionIndicator=("0") VirtualAtoNFlag=("0") AssignedModeFlag=("0") Spare=(0) PositionFixingDeviceType=("0") AtoNStatus=(0) AISTransceiverinformation=("0") AtoNName=(None)

1  : pgn=129041 line=Rx 10386514 11 f8 11 01 01 8b 0a b7 5b f8 47 1c
source=1: pgn=AIS Aids to Navigation (AtoN) Report(129041): values=MessageID=(1) RepeatIndicator=("0") UserID=(1538722443) Longitude=(0.0 deg) Latitude=(0.0 deg) PositionAccuracy=("0") RAIM=("0") TimeStamp=("0") Length/Diameter=(0.0 m) Beam/Diameter=(0.0 m) PositionReferencefromStarboardEdge=(0.0 m) PositionReferencefromTrueNorthFacingEdge=(0.0 m) AtoNType=("0") OffPositionIndicator=("0") VirtualAtoNFlag=("0") AssignedModeFlag=("0") Spare=(0) PositionFixingDeviceType=("0") AtoNStatus=(0) AISTransceiverinformation=("0") AtoNName=(None)

1  : pgn=129041 line=Rx 10386514 11 f8 11 01 02 f4 00 00 00 00 00 00
source=1: pgn=AIS Aids to Navigation (AtoN) Report(129041): values=MessageID=(2) RepeatIndicator=("0") UserID=(244) Longitude=(0.0 deg) Latitude=(0.0 deg) PositionAccuracy=("0") RAIM=("0") TimeStamp=("0") Length/Diameter=(0.0 m) Beam/Diameter=(0.0 m) PositionReferencefromStarboardEdge=(0.0 m) PositionReferencefromTrueNorthFacingEdge=(0.0 m) AtoNType=("0") OffPositionIndicator=("0") VirtualAtoNFlag=("0") AssignedModeFlag=("0") Spare=(0) PositionFixingDeviceType=("0") AtoNStatus=(0) AISTransceiverinformation=("0") AtoNName=(None)

1  : pgn=129041 line=Rx 10386515 11 f8 11 01 03 ff ff 12 ee ff e0 16
source=1: pgn=AIS Aids to Navigation (AtoN) Report(129041): values=MessageID=(3) RepeatIndicator=("0") UserID=(3994222591) Longitude=(0.0 deg) Latitude=(0.0 deg) PositionAccuracy=("0") RAIM=("0") TimeStamp=("0") Length/Diameter=(0.0 m) Beam/Diameter=(0.0 m) PositionReferencefromStarboardEdge=(0.0 m) PositionReferencefromTrueNorthFacingEdge=(0.0 m) AtoNType=("0") OffPositionIndicator=("0") VirtualAtoNFlag=("0") AssignedModeFlag=("0") Spare=(0) PositionFixingDeviceType=("0") AtoNStatus=(0) AISTransceiverinformation=("0") AtoNName=(None)

1  : pgn=129041 line=Rx 10386515 11 f8 11 01 04 01 50 53 20 54 53 4c
source=1: pgn=AIS Aids to Navigation (AtoN) Report(129041): values=MessageID=(4) RepeatIndicator=("0") UserID=(542330881) Longitude=(0.0 deg) Latitude=(0.0 deg) PositionAccuracy=("0") RAIM=("0") TimeStamp=("0") Length/Diameter=(0.0 m) Beam/Diameter=(0.0 m) PositionReferencefromStarboardEdge=(0.0 m) PositionReferencefromTrueNorthFacingEdge=(0.0 m) AtoNType=("0") OffPositionIndicator=("0") VirtualAtoNFlag=("0") AssignedModeFlag=("0") Spare=(0) PositionFixingDeviceType=("0") AtoNStatus=(0) AISTransceiverinformation=("0") AtoNName=(None)

1  : pgn=129041 line=Rx 10386516 11 f8 11 01 05 20 4c 42 20 54 41 20
source=1: pgn=AIS Aids to Navigation (AtoN) Report(129041): values=MessageID=(5) RepeatIndicator=("0") UserID=(541215776) Longitude=(0.0 deg) Latitude=(0.0 deg) PositionAccuracy=("0") RAIM=("0") TimeStamp=("0") Length/Diameter=(0.0 m) Beam/Diameter=(0.0 m) PositionReferencefromStarboardEdge=(0.0 m) PositionReferencefromTrueNorthFacingEdge=(0.0 m) AtoNType=("0") OffPositionIndicator=("0") VirtualAtoNFlag=("0") AssignedModeFlag=("0") Spare=(0) PositionFixingDeviceType=("0") AtoNStatus=(0) AISTransceiverinformation=("0") AtoNName=(None)

1  : pgn=129041 line=Rx 10386517 11 f8 11 01 06 20 20 20 20 20 20 20
source=1: pgn=AIS Aids to Navigation (AtoN) Report(129041): values=MessageID=(6) RepeatIndicator=("0") UserID=(538976288) Longitude=(0.0 deg) Latitude=(0.0 deg) PositionAccuracy=("0") RAIM=("0") TimeStamp=("0") Length/Diameter=(0.0 m) Beam/Diameter=(0.0 m) PositionReferencefromStarboardEdge=(0.0 m) PositionReferencefromTrueNorthFacingEdge=(0.0 m) AtoNType=("0") OffPositionIndicator=("0") VirtualAtoNFlag=("0") AssignedModeFlag=("0") Spare=(0) PositionFixingDeviceType=("0") AtoNStatus=(0) AISTransceiverinformation=("0") AtoNName=(None)

0  : pgn=127250 line=Rx 10386568 09 f1 12 00 ff 0b 41 ff 7f ff 7f fd
source=0: pgn=Vessel Heading(127250): values=Heading=(95.40 deg) Deviation=(None) Variation=(None) Reference=("1")

0  : pgn=127245 line=Rx 10386569 09 f1 0d 00 00 f8 ff 7f 00 00 ff ff
source=0: pgn=Rudder(127245): values=Instance=(0) DirectionOrder=("0") AngleOrder=(None) Position=(0.00 deg)

0  : pgn=65379  line=Rx 10386573 1c ff 63 00 3b 9f 00 00 00 00 01 ff
source=0: pgn=Seatalk: Pilot Mode(65379): values=ManufacturerCode=(1851) IndustryCode=(4) PilotMode=(0) SubMode=(0) PilotModeData=(0)

0  : pgn=65359  line=Rx 10386574 1c ff 4f 00 3b 9f ff ff ff 0b 41 ff
source=0: pgn=Seatalk: Pilot Heading(65359): values=ManufacturerCode=(1851) IndustryCode=(4) HeadingTrue=(None) HeadingMagnetic=(95.40 deg)

1  : pgn=129038 line=Rx 10386577 11 f8 0e 01 60 1b c1 7c ac df 15 e9
1  : pgn=129038 line=Rx 10386578 11 f8 0e 01 61 7e 0b b7 9b ff 7a 1c
1  : pgn=129038 line=Rx 10386578 11 f8 0e 01 62 30 d4 a9 05 00 00 00
1  : pgn=129038 line=Rx 10386579 11 f8 0e 01 63 00 ff ff ff 7f f0 fe
1  : pgn=129038 line=Rx 10386579 11 f8 0e 01 80 1b c1 da 4c dc 15 21
1  : pgn=129038 line=Rx 10386580 11 f8 0e 01 81 6c 07 b7 0d 62 5f 1c
1  : pgn=129038 line=Rx 10386580 11 f8 0e 01 82 35 1f b4 98 03 00 00
1  : pgn=129038 line=Rx 10386581 11 f8 0e 01 83 00 fc b3 00 00 ff fe
32 : pgn=128259 line=Rx 10386582 09 f5 03 20 7d 2a 01 ff ff ff ff ff
source=32: pgn=Speed(128259): values=SpeedWaterReferenced=(2.98 m/s) SpeedGroundReferenced=(None) SpeedWaterReferencedType=(None) SpeedDirection=(None)

0  : pgn=126975 line=Rx 10386582 1d ef ff 00 a0 0d 3b 9f f0 81 84 d6
3  : pgn=129026 line=Tx 10386583 09 f8 02 03 ff fc 96 4a 4e 01 ff ff
source=3: pgn=COG & SOG, Rapid Update(129026): values=COGReference=("0") COG=(109.40 deg) SOG=(3.34 m/s)

3  : pgn=130577 line=Tx 10386583 0d fe 11 03 00 0e c0 c1 96 4a 4e 01
source=3: pgn=Direction Data(130577): values=DataMode=("0") COGReference=("0") COG=(284.19 deg) SOG=(190.94 m/s) Heading=(1.91 deg) SpeedthroughWater=(0.0 m/s) Set=(0.00 deg) Drift=(0.0 m/s)

3  : pgn=130577 line=Tx 10386583 0d fe 11 03 01 ff ff ff ff 6d 3e 1c
source=3: pgn=Direction Data(130577): values=DataMode=("1") COGReference=("0") COG=(None) SOG=(281.59000000000003 m/s) Heading=(41.42 deg) SpeedthroughWater=(0.0 m/s) Set=(0.00 deg) Drift=(0.0 m/s)

3  : pgn=130577 line=Tx 10386583 0d fe 11 03 02 00 ff ff ff ff ff ff
source=3: pgn=Direction Data(130577): values=DataMode=("2") COGReference=("0") COG=(None) SOG=(None) Heading=(None) SpeedthroughWater=(0.0 m/s) Set=(0.00 deg) Drift=(0.0 m/s)

3  : pgn=129025 line=Tx 10386583 09 f8 01 03 30 55 6f 1c a8 f2 fd b6
source=3: pgn=Position, Rapid Update(129025): values=Latitude=(47.705835199999996 deg) Longitude=(-122.4871256 deg)

3  : pgn=130306 line=Tx 10386583 09 fd 02 03 ff 23 03 ce c9 fa ff ff
source=3: pgn=Wind Data(130306): values=WindSpeed=(8.03 m/s) WindAngle=(296.00 deg) Reference=("2")

0  : pgn=126975 line=Rx 10386598 1d ef ff 00 a1 42 0b 00 00 00 02 05
1  : pgn=129038 line=Rx 10386638 11 f8 0e 01 a0 1b c3 3c bb e8 15 d7
1  : pgn=129038 line=Rx 10386638 11 f8 0e 01 a1 30 10 b7 ce 81 67 1c
1  : pgn=129038 line=Rx 10386638 11 f8 0e 01 a2 30 24 f1 00 00 00 00
1  : pgn=129038 line=Rx 10386639 11 f8 0e 01 a3 00 ff ff ff 7f f5 fe
0  : pgn=127250 line=Rx 10386668 09 f1 12 00 ff 0c 41 ff 7f ff 7f fd
source=0: pgn=Vessel Heading(127250): values=Heading=(95.41 deg) Deviation=(None) Variation=(None) Reference=("1")

0  : pgn=127245 line=Rx 10386669 09 f1 0d 00 00 f8 ff 7f 00 00 ff ff
source=0: pgn=Rudder(127245): values=Instance=(0) DirectionOrder=("0") AngleOrder=(None) Position=(0.00 deg)

0  : pgn=65359  line=Rx 10386676 1c ff 4f 00 3b 9f ff ff ff 0c 41 ff
source=0: pgn=Seatalk: Pilot Heading(65359): values=ManufacturerCode=(1851) IndustryCode=(4) HeadingTrue=(None) HeadingMagnetic=(95.41 deg)

0  : pgn=126975 line=Rx 10386679 1d ef ff 00 c0 09 3b 9f f0 81 ae 02
0  : pgn=126975 line=Rx 10386681 1d ef ff 00 c1 00 08 00 ff ff ff ff
32 : pgn=128259 line=Rx 10386681 09 f5 03 20 7e 27 01 ff ff ff ff ff
source=32: pgn=Speed(128259): values=SpeedWaterReferenced=(2.95 m/s) SpeedGroundReferenced=(None) SpeedWaterReferencedType=(None) SpeedDirection=(None)

3  : pgn=129283 line=Tx 10386683 0d f9 03 03 ff 7f ff ff ff 7f ff ff
source=3: pgn=Cross Track Error(129283): values=XTEmode=(None) NavigationTerminated=("1") XTE=(None)

3  : pgn=129025 line=Tx 10386683 09 f8 01 03 1c 55 6f 1c ed f2 fd b6
source=3: pgn=Position, Rapid Update(129025): values=Latitude=(47.7058332 deg) Longitude=(-122.4871187 deg)

3  : pgn=128267 line=Tx 10386683 0d f5 0b 03 ff 7c 3e 00 00 00 00 ff
source=3: pgn=Water Depth(128267): values=Depth=(159.96 m) Offset=(0.0 m) Range=(None)

0  : pgn=127250 line=Rx 10386768 09 f1 12 00 ff 0b 41 ff 7f ff 7f fd
source=0: pgn=Vessel Heading(127250): values=Heading=(95.40 deg) Deviation=(None) Variation=(None) Reference=("1")

0  : pgn=127245 line=Rx 10386769 09 f1 0d 00 00 f8 ff 7f 00 00 ff ff
source=0: pgn=Rudder(127245): values=Instance=(0) DirectionOrder=("0") AngleOrder=(None) Position=(0.00 deg)

0  : pgn=65359  line=Rx 10386775 1c ff 4f 00 3b 9f ff ff ff 0b 41 ff
source=0: pgn=Seatalk: Pilot Heading(65359): values=ManufacturerCode=(1851) IndustryCode=(4) HeadingTrue=(None) HeadingMagnetic=(95.40 deg)

32 : pgn=128259 line=Rx 10386780 09 f5 03 20 7f 2a 01 ff ff ff ff ff
source=32: pgn=Speed(128259): values=SpeedWaterReferenced=(2.98 m/s) SpeedGroundReferenced=(None) SpeedWaterReferencedType=(None) SpeedDirection=(None)

3  : pgn=129026 line=Tx 10386784 09 f8 02 03 ff fc 62 4a 4f 01 ff ff
source=3: pgn=COG & SOG, Rapid Update(129026): values=COGReference=("0") COG=(109.10 deg) SOG=(3.35 m/s)

3  : pgn=129025 line=Tx 10386784 09 f8 01 03 1c 55 6f 1c ed f2 fd b6
source=3: pgn=Position, Rapid Update(129025): values=Latitude=(47.7058332 deg) Longitude=(-122.4871187 deg)

3  : pgn=129542 line=Tx 10386784 19 fa 06 03 00 0f c1 45 01 00 00 00
source=3: pgn=GNSS Pseudorange Noise Statistics(129542): values=RMSofPositionUncertainty=(49423) STDofMajoraxis=(69) STDofMinoraxis=(1) OrientationofMajoraxis=(0) STDofLatError=(0) STDofLonError=(0) STDofAltError=(0)

3  : pgn=129542 line=Tx 10386784 19 fa 06 03 01 00 00 00 00 00 00 00
source=3: pgn=GNSS Pseudorange Noise Statistics(129542): values=RMSofPositionUncertainty=(0) STDofMajoraxis=(0) STDofMinoraxis=(0) OrientationofMajoraxis=(0) STDofLatError=(0) STDofLonError=(0) STDofAltError=(0)

3  : pgn=129542 line=Tx 10386784 19 fa 06 03 02 00 00 ff ff ff ff ff
source=3: pgn=GNSS Pseudorange Noise Statistics(129542): values=RMSofPositionUncertainty=(0) STDofMajoraxis=(None) STDofMinoraxis=(None) OrientationofMajoraxis=(None) STDofLatError=(None) STDofLonError=(None) STDofAltError=(0)

3  : pgn=65364  line=Tx 10386784 1c ff 54 03 3b 9f 23 03 ce c9 ff ff
0  : pgn=127250 line=Rx 10386868 09 f1 12 00 ff 0c 41 ff 7f ff 7f fd
source=0: pgn=Vessel Heading(127250): values=Heading=(95.41 deg) Deviation=(None) Variation=(None) Reference=("1")

0  : pgn=127245 line=Rx 10386869 09 f1 0d 00 00 f8 ff 7f 00 00 ff ff
source=0: pgn=Rudder(127245): values=Instance=(0) DirectionOrder=("0") AngleOrder=(None) Position=(0.00 deg)

0  : pgn=65359  line=Rx 10386876 1c ff 4f 00 3b 9f ff ff ff 0c 41 ff
source=0: pgn=Seatalk: Pilot Heading(65359): values=ManufacturerCode=(1851) IndustryCode=(4) HeadingTrue=(None) HeadingMagnetic=(95.41 deg)

32 : pgn=128259 line=Rx 10386882 09 f5 03 20 80 2b 01 ff ff ff ff ff
source=32: pgn=Speed(128259): values=SpeedWaterReferenced=(2.99 m/s) SpeedGroundReferenced=(None) SpeedWaterReferencedType=(None) SpeedDirection=(None)

3  : pgn=129540 line=Tx 10386884 19 fa 04 03 40 9f e3 ff 0d 03 97 1a
source=3: pgn=GNSS Sats in View(129540): values=RangeResidualMode=(None) SatsinView=(227) PRN=(None) Elevation=(4.47 deg) Azimuth=(39.00 deg) SNR=(0.0 dB) Rangeresiduals=(0) Status=("0")

3  : pgn=129540 line=Tx 10386884 19 fa 04 03 41 2e 26 00 00 00 00 00
source=3: pgn=GNSS Sats in View(129540): values=RangeResidualMode=("0") SatsinView=(38) PRN=(0) Elevation=(0.00 deg) Azimuth=(0.00 deg) SNR=(0.0 dB) Rangeresiduals=(0) Status=("0")

3  : pgn=129540 line=Tx 10386884 19 fa 04 03 42 00 f3 0f ff 1d ad 3c
source=3: pgn=GNSS Sats in View(129540): values=RangeResidualMode=("0") SatsinView=(243) PRN=(15) Elevation=(44.00 deg) Azimuth=(89.00 deg) SNR=(0.0 dB) Rangeresiduals=(0) Status=("0")

3  : pgn=129540 line=Tx 10386884 19 fa 04 03 43 e4 0c 00 00 00 00 f5
source=3: pgn=GNSS Sats in View(129540): values=RangeResidualMode=("0") SatsinView=(12) PRN=(0) Elevation=(0.00 deg) Azimuth=(359.36 deg) SNR=(0.0 dB) Rangeresiduals=(0) Status=("0")

3  : pgn=129540 line=Tx 10386884 19 fa 04 03 44 10 17 13 c2 b8 ac 0d
source=3: pgn=GNSS Sats in View(129540): values=RangeResidualMode=("0") SatsinView=(23) PRN=(19) Elevation=(-104.50 deg) Azimuth=(20.05 deg) SNR=(0.0 dB) Rangeresiduals=(0) Status=("0")

3  : pgn=129540 line=Tx 10386884 19 fa 04 03 45 00 00 00 00 f5 12 c5
source=3: pgn=GNSS Sats in View(129540): values=RangeResidualMode=("0") SatsinView=(0) PRN=(0) Elevation=(-16.13 deg) Azimuth=(289.06 deg) SNR=(0.0 dB) Rangeresiduals=(0) Status=("0")

3  : pgn=129540 line=Tx 10386884 19 fa 04 03 46 31 f2 93 d8 0e 00 00
source=3: pgn=GNSS Sats in View(129540): values=RangeResidualMode=("1") SatsinView=(242) PRN=(147) Elevation=(21.77 deg) Azimuth=(0.00 deg) SNR=(0.0 dB) Rangeresiduals=(0) Status=("0")

3  : pgn=129540 line=Tx 10386884 19 fa 04 03 47 00 00 f5 13 69 03 1f
source=3: pgn=GNSS Sats in View(129540): values=RangeResidualMode=("0") SatsinView=(0) PRN=(245) Elevation=(154.12 deg) Azimuth=(45.49 deg) SNR=(0.0 dB) Rangeresiduals=(0) Status=("0")

3  : pgn=129540 line=Tx 10386884 19 fa 04 03 48 d8 3c 0f 00 00 00 00
source=3: pgn=GNSS Sats in View(129540): values=RangeResidualMode=("0") SatsinView=(60) PRN=(15) Elevation=(0.00 deg) Azimuth=(0.00 deg) SNR=(0.0 dB) Rangeresiduals=(0) Status=("0")

3  : pgn=129540 line=Tx 10386884 19 fa 04 03 49 f5 15 e8 37 c5 22 10
source=3: pgn=GNSS Sats in View(129540): values=RangeResidualMode=("1") SatsinView=(21) PRN=(232) Elevation=(-86.22 deg) Azimuth=(23.66 deg) SNR=(0.0 dB) Rangeresiduals=(0) Status=("0")

3  : pgn=129540 line=Tx 10386884 19 fa 04 03 4a 0e 00 00 00 00 f5 16
source=3: pgn=GNSS Sats in View(129540): values=RangeResidualMode=("0") SatsinView=(0) PRN=(0) Elevation=(0.00 deg) Azimuth=(33.67 deg) SNR=(0.0 dB) Rangeresiduals=(0) Status=("0")

3  : pgn=129540 line=Tx 10386885 19 fa 04 03 4b 80 16 7d 9d 80 0c 00
source=3: pgn=GNSS Sats in View(129540): values=RangeResidualMode=("0") SatsinView=(22) PRN=(125) Elevation=(-186.85 deg) Azimuth=(0.07 deg) SNR=(0.0 dB) Rangeresiduals=(0) Status=("0")

32 : pgn=130310 line=Rx 10386885 15 fd 06 20 0c ff ff ff ff ff ff ff
source=32: pgn=Environmental Parameters (obsolete)(130310): values=WaterTemperature=(None) OutsideAmbientAirTemperature=(None) AtmosphericPressure=(None)

3  : pgn=129540 line=Tx 10386886 19 fa 04 03 4c 00 00 00 f5 1a ae 0f
source=3: pgn=GNSS Sats in View(129540): values=RangeResidualMode=("0") SatsinView=(0) PRN=(0) Elevation=(39.54 deg) Azimuth=(23.00 deg) SNR=(0.0 dB) Rangeresiduals=(0) Status=("0")

3  : pgn=129540 line=Tx 10386887 19 fa 04 03 4d 5d 1f 1c 0c 00 00 00
source=3: pgn=GNSS Sats in View(129540): values=RangeResidualMode=("1") SatsinView=(31) PRN=(28) Elevation=(0.07 deg) Azimuth=(0.00 deg) SNR=(0.0 dB) Rangeresiduals=(0) Status=("0")

3  : pgn=129540 line=Tx 10386888 19 fa 04 03 4e 00 f5 1b d1 15 ab d2
source=3: pgn=GNSS Sats in View(129540): values=RangeResidualMode=("0") SatsinView=(245) PRN=(27) Elevation=(32.00 deg) Azimuth=(309.00 deg) SNR=(0.0 dB) Rangeresiduals=(0) Status=("0")

3  : pgn=129540 line=Tx 10386888 19 fa 04 03 4f 74 0e 00 00 00 00 f5
source=3: pgn=GNSS Sats in View(129540): values=RangeResidualMode=("0") SatsinView=(14) PRN=(0) Elevation=(0.00 deg) Azimuth=(359.36 deg) SNR=(0.0 dB) Rangeresiduals=(0) Status=("0")

3  : pgn=129540 line=Tx 10386889 19 fa 04 03 50 1d 51 0e a1 67 48 0d
source=3: pgn=GNSS Sats in View(129540): values=RangeResidualMode=("1") SatsinView=(81) PRN=(14) Elevation=(152.00 deg) Azimuth=(19.48 deg) SNR=(0.0 dB) Rangeresiduals=(0) Status=("0")

3  : pgn=129540 line=Tx 10386891 19 fa 04 03 51 00 00 00 00 f5 23 d1
source=3: pgn=GNSS Sats in View(129540): values=RangeResidualMode=("0") SatsinView=(0) PRN=(0) Elevation=(-16.13 deg) Azimuth=(306.76 deg) SNR=(0.0 dB) Rangeresiduals=(0) Status=("0")

3  : pgn=129540 line=Tx 10386892 19 fa 04 03 52 15 c3 8b 00 00 00 00
source=3: pgn=GNSS Sats in View(129540): values=RangeResidualMode=("1") SatsinView=(195) PRN=(139) Elevation=(0.00 deg) Azimuth=(0.00 deg) SNR=(0.0 dB) Rangeresiduals=(0) Status=("0")

3  : pgn=129540 line=Tx 10386892 19 fa 04 03 53 00 00 f3 30 2e 17 43
source=3: pgn=GNSS Sats in View(129540): values=RangeResidualMode=("0") SatsinView=(0) PRN=(243) Elevation=(67.75 deg) Azimuth=(98.41 deg) SNR=(0.0 dB) Rangeresiduals=(0) Status=("0")

3  : pgn=129540 line=Tx 10386893 19 fa 04 03 54 84 b8 0b 00 00 00 00
source=3: pgn=GNSS Sats in View(129540): values=RangeResidualMode=("0") SatsinView=(184) PRN=(11) Elevation=(0.00 deg) Azimuth=(0.00 deg) SNR=(0.0 dB) Rangeresiduals=(0) Status=("0")

3  : pgn=129540 line=Tx 10386894 19 fa 04 03 55 f5 33 80 16 67 6c 10
source=3: pgn=GNSS Sats in View(129540): values=RangeResidualMode=("1") SatsinView=(51) PRN=(128) Elevation=(151.20 deg) Azimuth=(24.09 deg) SNR=(0.0 dB) Rangeresiduals=(0) Status=("0")

3  : pgn=129540 line=Tx 10386894 19 fa 04 03 56 0e 00 00 00 00 f5 ff
source=3: pgn=GNSS Sats in View(129540): values=RangeResidualMode=("0") SatsinView=(0) PRN=(0) Elevation=(0.00 deg) Azimuth=(375.43 deg) SNR=(0.0 dB) Rangeresiduals=(0) Status=("0")

3  : pgn=129025 line=Tx 10386895 09 f8 01 03 1c 55 6f 1c ed f2 fd b6
source=3: pgn=Position, Rapid Update(129025): values=Latitude=(47.7058332 deg) Longitude=(-122.4871187 deg)

32 : pgn=128275 line=Rx 10386895 19 f5 13 20 60 0e ff ff ff ff ff ff
3  : pgn=127258 line=Tx 10386897 19 f1 1a 03 ff f6 12 39 fa 0a ff ff
source=3: pgn=Magnetic Variation(127258): values=Source=("6") Ageofservice=(14610 d) Variation=(16.10 deg)

32 : pgn=128275 line=Rx 10386900 19 f5 13 20 61 a3 ae 3c 00 a3 ae 3c
32 : pgn=128275 line=Rx 10386905 19 f5 13 20 62 00 ff ff ff ff ff ff
1  : pgn=59936  line=Rx 10386938 18 ea 20 01 00 ee 00 00 00 00 00 00
0  : pgn=127250 line=Rx 10386971 09 f1 12 00 ff 06 41 ff 7f ff 7f fd
source=0: pgn=Vessel Heading(127250): values=Heading=(95.37 deg) Deviation=(None) Variation=(None) Reference=("1")

0  : pgn=127245 line=Rx 10386971 09 f1 0d 00 00 f8 ff 7f 00 00 ff ff
source=0: pgn=Rudder(127245): values=Instance=(0) DirectionOrder=("0") AngleOrder=(None) Position=(0.00 deg)

0  : pgn=65359  line=Rx 10386975 1c ff 4f 00 3b 9f ff ff ff 06 41 ff
source=0: pgn=Seatalk: Pilot Heading(65359): values=ManufacturerCode=(1851) IndustryCode=(4) HeadingTrue=(None) HeadingMagnetic=(95.37 deg)

32 : pgn=128259 line=Rx 10386980 09 f5 03 20 81 2b 01 ff ff ff ff ff
3  : pgn=129026 line=Tx 10386984 09 f8 02 03 ff fc 50 4a 4e 01 ff ff
source=3: pgn=COG & SOG, Rapid Update(129026): values=COGReference=("0") COG=(109.00 deg) SOG=(3.34 m/s)

3  : pgn=129025 line=Tx 10386984 09 f8 01 03 e7 54 6f 1c 7b f3 fd b6
source=3: pgn=Position, Rapid Update(129025): values=Latitude=(47.705827899999996 deg) Longitude=(-122.4871045 deg)

1  : pgn=129038 line=Rx 10387029 11 f8 0e 01 c0 1b c1 78 cf e8 15 7f
1  : pgn=129038 line=Rx 10387030 11 f8 0e 01 c1 74 13 b7 1d 75 5a 1c
1  : pgn=129038 line=Rx 10387030 11 f8 0e 01 c2 34 08 ad 00 00 00 00
1  : pgn=129038 line=Rx 10387031 11 f8 0e 01 c3 00 4f 77 00 00 f0 fe
4  : pgn=126975 line=Rx 10387058 1d ef ff 04 a0 07 3b 9f f0 81 90 00
4  : pgn=126975 line=Rx 10387059 1d ef ff 04 a1 03 ff ff ff ff ff ff
0  : pgn=127250 line=Rx 10387068 09 f1 12 00 ff 03 41 ff 7f ff 7f fd
source=0: pgn=Vessel Heading(127250): values=Heading=(95.36 deg) Deviation=(None) Variation=(None) Reference=("1")

0  : pgn=127245 line=Rx 10387069 09 f1 0d 00 00 f8 ff 7f 00 00 ff ff
source=0: pgn=Rudder(127245): values=Instance=(0) DirectionOrder=("0") AngleOrder=(None) Position=(0.00 deg)

0  : pgn=65359  line=Rx 10387075 1c ff 4f 00 3b 9f ff ff ff 03 41 ff
source=0: pgn=Seatalk: Pilot Heading(65359): values=ManufacturerCode=(1851) IndustryCode=(4) HeadingTrue=(None) HeadingMagnetic=(95.36 deg)

0  : pgn=126975 line=Rx 10387078 1d ef ff 00 e0 08 3b 9f f0 81 9c d1
32 : pgn=128259 line=Rx 10387079 09 f5 03 20 82 2a 01 ff ff ff ff ff
source=32: pgn=Speed(128259): values=SpeedWaterReferenced=(2.98 m/s) SpeedGroundReferenced=(None) SpeedWaterReferencedType=(None) SpeedDirection=(None)

0  : pgn=126975 line=Rx 10387080 1d ef ff 00 e1 02 00 ff ff ff ff ff
3  : pgn=129029 line=Tx 10387084 0d f8 05 03 00 2b c1 06 40 54 79 1a
source=3: pgn=GNSS Position Data(129029): values=Date=(49451 d) Time=(203556.45500000002 s) Latitude=(0.0 deg) Longitude=(0.0 deg) Altitude=(0.0 m) GNSStype=("0") Method=("0") Integrity=("0") NumberofSVs=(0) HDOP=(0.0) PDOP=(0.0) GeoidalSeparation=(0.0 m) ReferenceStations=(0) ReferenceStationType=("0") ReferenceStationID=(0) AgeofDGNSSCorrections=(0.0 s)

3  : pgn=129029 line=Tx 10387084 0d f8 05 03 01 2c 00 46 f4 28 fa d9
source=3: pgn=GNSS Position Data(129029): values=Date=(44 d) Time=(419698.79740000004 s) Latitude=(0.0 deg) Longitude=(0.0 deg) Altitude=(0.0 m) GNSStype=("0") Method=("0") Integrity=("0") NumberofSVs=(0) HDOP=(0.0) PDOP=(0.0) GeoidalSeparation=(0.0 m) ReferenceStations=(0) ReferenceStationType=("0") ReferenceStationID=(0) AgeofDGNSSCorrections=(0.0 s)

3  : pgn=129029 line=Tx 10387084 0d f8 05 03 02 9e 06 00 0e 1d 33 46
source=3: pgn=GNSS Position Data(129029): values=Date=(1694 d) Time=(85754.2144 s) Latitude=(0.0 deg) Longitude=(0.0 deg) Altitude=(0.0 m) GNSStype=("0") Method=("0") Integrity=("0") NumberofSVs=(0) HDOP=(0.0) PDOP=(0.0) GeoidalSeparation=(0.0 m) ReferenceStations=(0) ReferenceStationType=("0") ReferenceStationID=(0) AgeofDGNSSCorrections=(0.0 s)

3  : pgn=129029 line=Tx 10387084 0d f8 05 03 03 62 00 ef ff ff ff ff
source=3: pgn=GNSS Position Data(129029): values=Date=(98 d) Time=(429496.7279 s) Latitude=(0.0 deg) Longitude=(0.0 deg) Altitude=(0.0 m) GNSStype=("0") Method=("0") Integrity=("0") NumberofSVs=(0) HDOP=(0.0) PDOP=(0.0) GeoidalSeparation=(0.0 m) ReferenceStations=(0) ReferenceStationType=("0") ReferenceStationID=(0) AgeofDGNSSCorrections=(0.0 s)

3  : pgn=129029 line=Tx 10387084 0d f8 05 03 04 ff ff ff 7f 23 fc 09
source=3: pgn=GNSS Position Data(129029): values=Date=(None) Time=(423018.49590000004 s) Latitude=(0.0 deg) Longitude=(0.0 deg) Altitude=(0.0 m) GNSStype=("0") Method=("0") Integrity=("0") NumberofSVs=(0) HDOP=(0.0) PDOP=(0.0) GeoidalSeparation=(0.0 m) ReferenceStations=(0) ReferenceStationType=("0") ReferenceStationID=(0) AgeofDGNSSCorrections=(0.0 s)

3  : pgn=129029 line=Tx 10387084 0d f8 05 03 05 4f 00 ff 7f ff ff ff
source=3: pgn=GNSS Position Data(129029): values=Date=(79 d) Time=(429493.4527 s) Latitude=(0.0 deg) Longitude=(0.0 deg) Altitude=(0.0 m) GNSStype=("0") Method=("0") Integrity=("0") NumberofSVs=(0) HDOP=(0.0) PDOP=(0.0) GeoidalSeparation=(0.0 m) ReferenceStations=(0) ReferenceStationType=("0") ReferenceStationID=(0) AgeofDGNSSCorrections=(0.0 s)

3  : pgn=129029 line=Tx 10387084 0d f8 05 03 06 7f 00 ff ff ff ff ff
source=3: pgn=GNSS Position Data(129029): values=Date=(127 d) Time=(None) Latitude=(0.0 deg) Longitude=(0.0 deg) Altitude=(0.0 m) GNSStype=("0") Method=("0") Integrity=("0") NumberofSVs=(0) HDOP=(0.0) PDOP=(0.0) GeoidalSeparation=(0.0 m) ReferenceStations=(0) ReferenceStationType=("0") ReferenceStationID=(0) AgeofDGNSSCorrections=(0.0 s)

3  : pgn=129025 line=Tx 10387084 09 f8 01 03 e7 54 6f 1c 7b f3 fd b6
source=3: pgn=Position, Rapid Update(129025): values=Latitude=(47.705827899999996 deg) Longitude=(-122.4871045 deg)

3  : pgn=129033 line=Tx 10387084 0d f8 09 03 06 40 54 79 1a 2c 5c fe
source=3: pgn=Time & Date(129033): values=Date=(16390 d) Time=(73993.25 s) LocalOffset=(-25200.0 s)

0  : pgn=127250 line=Rx 10387168 09 f1 12 00 ff f4 40 ff 7f ff 7f fd
source=0: pgn=Vessel Heading(127250): values=Heading=(95.27 deg) Deviation=(None) Variation=(None) Reference=("1")

0  : pgn=127245 line=Rx 10387169 09 f1 0d 00 00 f8 ff 7f 00 00 ff ff
source=0: pgn=Rudder(127245): values=Instance=(0) DirectionOrder=("0") AngleOrder=(None) Position=(0.00 deg)

0  : pgn=65359  line=Rx 10387173 1c ff 4f 00 3b 9f ff ff ff f4 40 ff
source=0: pgn=Seatalk: Pilot Heading(65359): values=ManufacturerCode=(1851) IndustryCode=(4) HeadingTrue=(None) HeadingMagnetic=(95.27 deg)

32 : pgn=128259 line=Rx 10387179 09 f5 03 20 83 2b 01 ff ff ff ff ff
source=32: pgn=Speed(128259): values=SpeedWaterReferenced=(2.99 m/s) SpeedGroundReferenced=(None) SpeedWaterReferencedType=(None) SpeedDirection=(None)

3  : pgn=129026 line=Tx 10387185 09 f8 02 03 ff fc 50 4a 4e 01 ff ff
source=3: pgn=COG & SOG, Rapid Update(129026): values=COGReference=("0") COG=(109.00 deg) SOG=(3.34 m/s)

3  : pgn=129025 line=Tx 10387185 09 f8 01 03 e7 54 6f 1c 7b f3 fd b6
source=3: pgn=Position, Rapid Update(129025): values=Latitude=(47.705827899999996 deg) Longitude=(-122.4871045 deg)

3  : pgn=126992 line=Tx 10387185 0d f0 10 03 ff ff 06 40 12 84 1a 2c
source=3: pgn=System Time(126992): values=Source=(None) Date=(16390 d) Time=(73993.52500000001 s)

0  : pgn=127250 line=Rx 10387268 09 f1 12 00 ff eb 40 ff 7f ff 7f fd
source=0: pgn=Vessel Heading(127250): values=Heading=(95.22 deg) Deviation=(None) Variation=(None) Reference=("1")

0  : pgn=127245 line=Rx 10387269 09 f1 0d 00 00 f8 ff 7f 00 00 ff ff
source=0: pgn=Rudder(127245): values=Instance=(0) DirectionOrder=("0") AngleOrder=(None) Position=(0.00 deg)

0  : pgn=65359  line=Rx 10387276 1c ff 4f 00 3b 9f ff ff ff eb 40 ff
source=0: pgn=Seatalk: Pilot Heading(65359): values=ManufacturerCode=(1851) IndustryCode=(4) HeadingTrue=(None) HeadingMagnetic=(95.22 deg)

32 : pgn=128259 line=Rx 10387278 09 f5 03 20 84 2d 01 ff ff ff ff ff
source=32: pgn=Speed(128259): values=SpeedWaterReferenced=(3.0100000000000002 m/s) SpeedGroundReferenced=(None) SpeedWaterReferencedType=(None) SpeedDirection=(None)

3  : pgn=129025 line=Tx 10387285 09 f8 01 03 d2 54 6f 1c c1 f3 fd b6
source=3: pgn=Position, Rapid Update(129025): values=Latitude=(47.7058258 deg) Longitude=(-122.48709749999999 deg)

1  : pgn=129038 line=Rx 10387334 11 f8 0e 01 e0 1b c1 d0 05 2f 14 46
1  : pgn=129038 line=Rx 10387335 11 f8 0e 01 e1 2d 16 b7 e8 80 64 1c
1  : pgn=129038 line=Rx 10387335 11 f8 0e 01 e2 34 c1 d6 00 00 00 00
1  : pgn=129038 line=Rx 10387336 11 f8 0e 01 e3 00 4d c2 00 00 ff fe
0  : pgn=127250 line=Rx 10387368 09 f1 12 00 ff d4 40 ff 7f ff 7f fd
source=0: pgn=Vessel Heading(127250): values=Heading=(95.09 deg) Deviation=(None) Variation=(None) Reference=("1")

0  : pgn=127245 line=Rx 10387369 09 f1 0d 00 00 f8 ff 7f 00 00 ff ff
source=0: pgn=Rudder(127245): values=Instance=(0) DirectionOrder=("0") AngleOrder=(None) Position=(0.00 deg)

0  : pgn=65359  line=Rx 10387373 1c ff 4f 00 3b 9f ff ff ff d4 40 ff
source=0: pgn=Seatalk: Pilot Heading(65359): values=ManufacturerCode=(1851) IndustryCode=(4) HeadingTrue=(None) HeadingMagnetic=(95.09 deg)

32 : pgn=128259 line=Rx 10387378 09 f5 03 20 85 2e 01 ff ff ff ff ff
source=32: pgn=Speed(128259): values=SpeedWaterReferenced=(3.02 m/s) SpeedGroundReferenced=(None) SpeedWaterReferencedType=(None) SpeedDirection=(None)

3  : pgn=129026 line=Tx 10387386 09 f8 02 03 ff fc 62 4a 4d 01 ff ff
source=3: pgn=COG & SOG, Rapid Update(129026): values=COGReference=("0") COG=(109.10 deg) SOG=(3.33 m/s)

3  : pgn=129025 line=Tx 10387386 09 f8 01 03 d2 54 6f 1c c1 f3 fd b6
source=3: pgn=Position, Rapid Update(129025): values=Latitude=(47.7058258 deg) Longitude=(-122.48709749999999 deg)

3  : pgn=129291 line=Tx 10387386 0d f9 0b 03 ff fc 77 3d 24 00 ff ff
source=3: pgn=Set & Drift, Rapid Update(129291): values=SetReference=("0") Set=(90.15 deg) Drift=(0.36 m/s)

4  : pgn=65384  line=Rx 10387399 1c ff 68 04 3b 9f 00 00 00 00 00 00
0  : pgn=127250 line=Rx 10387469 09 f1 12 00 ff c1 40 ff 7f ff 7f fd
source=0: pgn=Vessel Heading(127250): values=Heading=(94.98 deg) Deviation=(None) Variation=(None) Reference=("1")

0  : pgn=127245 line=Rx 10387469 09 f1 0d 00 00 f8 ff 7f 00 00 ff ff
source=0: pgn=Rudder(127245): values=Instance=(0) DirectionOrder=("0") AngleOrder=(None) Position=(0.00 deg)

0  : pgn=65359  line=Rx 10387476 1c ff 4f 00 3b 9f ff ff ff c1 40 ff
source=0: pgn=Seatalk: Pilot Heading(65359): values=ManufacturerCode=(1851) IndustryCode=(4) HeadingTrue=(None) HeadingMagnetic=(94.98 deg)

32 : pgn=128259 line=Rx 10387477 09 f5 03 20 86 2d 01 ff ff ff ff ff
source=32: pgn=Speed(128259): values=SpeedWaterReferenced=(3.0100000000000002 m/s) SpeedGroundReferenced=(None) SpeedWaterReferencedType=(None) SpeedDirection=(None)

3  : pgn=129025 line=Tx 10387486 09 f8 01 03 bc 54 6f 1c fe f3 fd b6
source=3: pgn=Position, Rapid Update(129025): values=Latitude=(47.705823599999995 deg) Longitude=(-122.4870914 deg)

1  : pgn=129038 line=Rx 10387516 11 f8 0e 01 00 1b c1 8c a9 e6 15 73
source=1: pgn=AIS Class A Position Report(129038): values=MessageID=(0) RepeatIndicator=("0") UserID=(2844573979) Longitude=(0.0 deg) Latitude=(0.0 deg) PositionAccuracy=("0") RAIM=("0") TimeStamp=("0") COG=(0.00 deg) SOG=(0.0 m/s) CommunicationState=(0) AISTransceiverinformation=("0") Heading=(0.00 deg) RateofTurn=(0.00 deg/s) NavStatus=("0") SpecialManeuverIndicator=("0") Spare=(0) SequenceID=(0)

1  : pgn=129038 line=Rx 10387517 11 f8 0e 01 01 b8 14 b7 19 ba 56 1c
source=1: pgn=AIS Class A Position Report(129038): values=MessageID=(1) RepeatIndicator=("0") UserID=(431428792) Longitude=(0.0 deg) Latitude=(0.0 deg) PositionAccuracy=("0") RAIM=("0") TimeStamp=("0") COG=(0.00 deg) SOG=(0.0 m/s) CommunicationState=(0) AISTransceiverinformation=("0") Heading=(0.00 deg) RateofTurn=(0.00 deg/s) NavStatus=("0") SpecialManeuverIndicator=("0") Spare=(0) SequenceID=(0)

1  : pgn=129038 line=Rx 10387517 11 f8 0e 01 02 30 45 0f 00 00 00 00
source=1: pgn=AIS Class A Position Report(129038): values=MessageID=(2) RepeatIndicator=("0") UserID=(1000752) Longitude=(0.0 deg) Latitude=(0.0 deg) PositionAccuracy=("0") RAIM=("0") TimeStamp=("0") COG=(0.00 deg) SOG=(0.0 m/s) CommunicationState=(0) AISTransceiverinformation=("0") Heading=(0.00 deg) RateofTurn=(0.00 deg/s) NavStatus=("0") SpecialManeuverIndicator=("0") Spare=(0) SequenceID=(0)

1  : pgn=129038 line=Rx 10387518 11 f8 0e 01 03 00 ff ff ff 7f f0 fe
source=1: pgn=AIS Class A Position Report(129038): values=MessageID=(3) RepeatIndicator=("0") UserID=(4294967040) Longitude=(0.0 deg) Latitude=(0.0 deg) PositionAccuracy=("0") RAIM=("0") TimeStamp=("0") COG=(0.00 deg) SOG=(0.0 m/s) CommunicationState=(0) AISTransceiverinformation=("0") Heading=(0.00 deg) RateofTurn=(0.00 deg/s) NavStatus=("0") SpecialManeuverIndicator=("0") Spare=(0) SequenceID=(0)

0  : pgn=127250 line=Rx 10387568 09 f1 12 00 ff b6 40 ff 7f ff 7f fd
source=0: pgn=Vessel Heading(127250): values=Heading=(94.92 deg) Deviation=(None) Variation=(None) Reference=("1")

0  : pgn=127245 line=Rx 10387569 09 f1 0d 00 00 f8 ff 7f 00 00 ff ff
source=0: pgn=Rudder(127245): values=Instance=(0) DirectionOrder=("0") AngleOrder=(None) Position=(0.00 deg)

0  : pgn=65379  line=Rx 10387573 1c ff 63 00 3b 9f 00 00 00 00 01 ff
source=0: pgn=Seatalk: Pilot Mode(65379): values=ManufacturerCode=(1851) IndustryCode=(4) PilotMode=(0) SubMode=(0) PilotModeData=(0)

0  : pgn=65359  line=Rx 10387574 1c ff 4f 00 3b 9f ff ff ff b6 40 ff
source=0: pgn=Seatalk: Pilot Heading(65359): values=ManufacturerCode=(1851) IndustryCode=(4) HeadingTrue=(None) HeadingMagnetic=(94.92 deg)

32 : pgn=128259 line=Rx 10387577 09 f5 03 20 87 2a 01 ff ff ff ff ff
source=32: pgn=Speed(128259): values=SpeedWaterReferenced=(2.98 m/s) SpeedGroundReferenced=(None) SpeedWaterReferencedType=(None) SpeedDirection=(None)

0  : pgn=126975 line=Rx 10387578 1d ef ff 00 00 0d 3b 9f f0 81 84 96
0  : pgn=126975 line=Rx 10387580 1d ef ff 00 01 42 0a 00 00 00 02 05
3  : pgn=129026 line=Tx 10387587 09 f8 02 03 ff fc 84 4a 4c 01 ff ff
source=3: pgn=COG & SOG, Rapid Update(129026): values=COGReference=("0") COG=(109.30 deg) SOG=(3.3200000000000003 m/s)

3  : pgn=130577 line=Tx 10387587 0d fe 11 03 20 0e c0 c2 84 4a 4c 01
3  : pgn=130577 line=Tx 10387587 0d fe 11 03 21 ff ff ff ff 77 3d 24
3  : pgn=130577 line=Tx 10387587 0d fe 11 03 22 00 ff ff ff ff ff ff
3  : pgn=129025 line=Tx 10387587 09 f8 01 03 bc 54 6f 1c fe f3 fd b6
3  : pgn=130306 line=Tx 10387587 09 fd 02 03 ff 23 03 1f c9 fa ff ff
source=3: pgn=Wind Data(130306): values=WindSpeed=(8.03 m/s) WindAngle=(295.00 deg) Reference=("2")

1  : pgn=129038 line=Rx 10387609 11 f8 0e 01 20 1b c1 50 c6 e2 15 ff
1  : pgn=129038 line=Rx 10387610 11 f8 0e 01 21 ff ff 7f ff ff ff 7f
1  : pgn=129038 line=Rx 10387610 11 f8 0e 01 22 fc ff ff ff ff 01 00
1  : pgn=129038 line=Rx 10387611 11 f8 0e 01 23 08 ff ff ff 7f f0 fe
0  : pgn=127250 line=Rx 10387668 09 f1 12 00 ff a5 40 ff 7f ff 7f fd
source=0: pgn=Vessel Heading(127250): values=Heading=(94.82 deg) Deviation=(None) Variation=(None) Reference=("1")

0  : pgn=127245 line=Rx 10387669 09 f1 0d 00 00 f8 ff 7f 00 00 ff ff
source=0: pgn=Rudder(127245): values=Instance=(0) DirectionOrder=("0") AngleOrder=(None) Position=(0.00 deg)

0  : pgn=65359  line=Rx 10387676 1c ff 4f 00 3b 9f ff ff ff a5 40 ff
source=0: pgn=Seatalk: Pilot Heading(65359): values=ManufacturerCode=(1851) IndustryCode=(4) HeadingTrue=(None) HeadingMagnetic=(94.82 deg)

32 : pgn=128259 line=Rx 10387676 09 f5 03 20 88 2b 01 ff ff ff ff ff
source=32: pgn=Speed(128259): values=SpeedWaterReferenced=(2.99 m/s) SpeedGroundReferenced=(None) SpeedWaterReferencedType=(None) SpeedDirection=(None)

0  : pgn=126975 line=Rx 10387681 1d ef ff 00 20 09 3b 9f f0 81 ae 02
0  : pgn=126975 line=Rx 10387682 1d ef ff 00 21 00 08 00 ff ff ff ff
3  : pgn=129283 line=Tx 10387687 0d f9 03 03 ff 7f ff ff ff 7f ff ff
source=3: pgn=Cross Track Error(129283): values=XTEmode=(None) NavigationTerminated=("1") XTE=(None)

3  : pgn=129025 line=Tx 10387687 09 f8 01 03 bc 54 6f 1c fe f3 fd b6
source=3: pgn=Position, Rapid Update(129025): values=Latitude=(47.705823599999995 deg) Longitude=(-122.4870914 deg)

3  : pgn=128267 line=Tx 10387687 0d f5 0b 03 ff 88 3e 00 00 00 00 ff
source=3: pgn=Water Depth(128267): values=Depth=(160.08 m) Offset=(0.0 m) Range=(None)

1  : pgn=129038 line=Rx 10387759 11 f8 0e 01 40 1b c1 8c 83 df 15 41
1  : pgn=129038 line=Rx 10387760 11 f8 0e 01 41 5d 14 b7 96 29 66 1c
1  : pgn=129038 line=Rx 10387760 11 f8 0e 01 42 28 08 b9 00 00 00 00
1  : pgn=129038 line=Rx 10387761 11 f8 0e 01 43 00 ff ff ff 7f f0 fe
0  : pgn=127250 line=Rx 10387768 09 f1 12 00 ff 99 40 ff 7f ff 7f fd
source=0: pgn=Vessel Heading(127250): values=Heading=(94.75 deg) Deviation=(None) Variation=(None) Reference=("1")

0  : pgn=127245 line=Rx 10387769 09 f1 0d 00 00 f8 ff 7f 00 00 ff ff
source=0: pgn=Rudder(127245): values=Instance=(0) DirectionOrder=("0") AngleOrder=(None) Position=(0.00 deg)

0  : pgn=65359  line=Rx 10387775 1c ff 4f 00 3b 9f ff ff ff 99 40 ff
source=0: pgn=Seatalk: Pilot Heading(65359): values=ManufacturerCode=(1851) IndustryCode=(4) HeadingTrue=(None) HeadingMagnetic=(94.75 deg)

32 : pgn=128259 line=Rx 10387776 09 f5 03 20 89 29 01 ff ff ff ff ff
source=32: pgn=Speed(128259): values=SpeedWaterReferenced=(2.97 m/s) SpeedGroundReferenced=(None) SpeedWaterReferencedType=(None) SpeedDirection=(None)

3  : pgn=129026 line=Tx 10387787 09 f8 02 03 ff fc a7 4a 4b 01 ff ff
source=3: pgn=COG & SOG, Rapid Update(129026): values=COGReference=("0") COG=(109.50 deg) SOG=(3.31 m/s)

3  : pgn=129025 line=Tx 10387787 09 f8 01 03 91 54 6f 1c 9c f4 fd b6
source=3: pgn=Position, Rapid Update(129025): values=Latitude=(47.705819299999995 deg) Longitude=(-122.4870756 deg)

3  : pgn=129542 line=Tx 10387787 19 fa 06 03 20 0f c2 36 01 00 00 00
3  : pgn=129542 line=Tx 10387787 19 fa 06 03 21 00 00 00 00 00 00 00
3  : pgn=129542 line=Tx 10387787 19 fa 06 03 22 00 00 ff ff ff ff ff
3  : pgn=65364  line=Tx 10387787 1c ff 54 03 3b 9f 23 03 1f c9 ff ff
1  : pgn=129038 line=Rx 10387854 11 f8 0e 01 60 1b c3 24 90 db 15 89
1  : pgn=129038 line=Rx 10387854 11 f8 0e 01 61 87 01 b7 bf 0b 52 1c
1  : pgn=129038 line=Rx 10387855 11 f8 0e 01 62 39 fd 86 58 01 00 00
1  : pgn=129038 line=Rx 10387856 11 f8 0e 01 63 00 a0 85 d2 e5 f0 fe
0  : pgn=127250 line=Rx 10387868 09 f1 12 00 ff 80 40 ff 7f ff 7f fd
source=0: pgn=Vessel Heading(127250): values=Heading=(94.61 deg) Deviation=(None) Variation=(None) Reference=("1")

0  : pgn=127245 line=Rx 10387869 09 f1 0d 00 00 f8 ff 7f 00 00 ff ff
source=0: pgn=Rudder(127245): values=Instance=(0) DirectionOrder=("0") AngleOrder=(None) Position=(0.00 deg)

0  : pgn=65359  line=Rx 10387875 1c ff 4f 00 3b 9f ff ff ff 80 40 ff
source=0: pgn=Seatalk: Pilot Heading(65359): values=ManufacturerCode=(1851) IndustryCode=(4) HeadingTrue=(None) HeadingMagnetic=(94.61 deg)

32 : pgn=128259 line=Rx 10387878 09 f5 03 20 8a 32 01 ff ff ff ff ff
source=32: pgn=Speed(128259): values=SpeedWaterReferenced=(3.06 m/s) SpeedGroundReferenced=(None) SpeedWaterReferencedType=(None) SpeedDirection=(None)

32 : pgn=130310 line=Rx 10387881 15 fd 06 20 0d ff ff ff ff ff ff ff
source=32: pgn=Environmental Parameters (obsolete)(130310): values=WaterTemperature=(None) OutsideAmbientAirTemperature=(None) AtmosphericPressure=(None)

3  : pgn=129540 line=Tx 10387888 19 fa 04 03 60 9f e4 ff 0d 03 97 1a
source=3: pgn=GNSS Sats in View(129540): values=RangeResidualMode=(None) SatsinView=(228) PRN=(None) Elevation=(4.47 deg) Azimuth=(39.00 deg) SNR=(0.0 dB) Rangeresiduals=(0) Status=("0")

3  : pgn=129540 line=Tx 10387888 19 fa 04 03 61 2e 26 00 00 00 00 00
source=3: pgn=GNSS Sats in View(129540): values=RangeResidualMode=("0") SatsinView=(38) PRN=(0) Elevation=(0.00 deg) Azimuth=(0.00 deg) SNR=(0.0 dB) Rangeresiduals=(0) Status=("0")

3  : pgn=129540 line=Tx 10387888 19 fa 04 03 62 00 f3 0f ff 1d ad 3c
source=3: pgn=GNSS Sats in View(129540): values=RangeResidualMode=("0") SatsinView=(243) PRN=(15) Elevation=(44.00 deg) Azimuth=(89.00 deg) SNR=(0.0 dB) Rangeresiduals=(0) Status=("0")

3  : pgn=129540 line=Tx 10387888 19 fa 04 03 63 e4 0c 00 00 00 00 f5
source=3: pgn=GNSS Sats in View(129540): values=RangeResidualMode=("0") SatsinView=(12) PRN=(0) Elevation=(0.00 deg) Azimuth=(359.36 deg) SNR=(0.0 dB) Rangeresiduals=(0) Status=("0")

3  : pgn=129540 line=Tx 10387888 19 fa 04 03 64 10 17 13 c2 b8 ac 0d
source=3: pgn=GNSS Sats in View(129540): values=RangeResidualMode=("0") SatsinView=(23) PRN=(19) Elevation=(-104.50 deg) Azimuth=(20.05 deg) SNR=(0.0 dB) Rangeresiduals=(0) Status=("0")

3  : pgn=129540 line=Tx 10387888 19 fa 04 03 65 00 00 00 00 f5 12 c5
source=3: pgn=GNSS Sats in View(129540): values=RangeResidualMode=("0") SatsinView=(0) PRN=(0) Elevation=(-16.13 deg) Azimuth=(289.06 deg) SNR=(0.0 dB) Rangeresiduals=(0) Status=("0")

3  : pgn=129540 line=Tx 10387888 19 fa 04 03 66 31 f2 93 d8 0e 00 00
source=3: pgn=GNSS Sats in View(129540): values=RangeResidualMode=("1") SatsinView=(242) PRN=(147) Elevation=(21.77 deg) Azimuth=(0.00 deg) SNR=(0.0 dB) Rangeresiduals=(0) Status=("0")

3  : pgn=129540 line=Tx 10387888 19 fa 04 03 67 00 00 f5 13 69 03 1f
source=3: pgn=GNSS Sats in View(129540): values=RangeResidualMode=("0") SatsinView=(0) PRN=(245) Elevation=(154.12 deg) Azimuth=(45.49 deg) SNR=(0.0 dB) Rangeresiduals=(0) Status=("0")

3  : pgn=129540 line=Tx 10387888 19 fa 04 03 68 d8 3c 0f 00 00 00 00
source=3: pgn=GNSS Sats in View(129540): values=RangeResidualMode=("0") SatsinView=(60) PRN=(15) Elevation=(0.00 deg) Azimuth=(0.00 deg) SNR=(0.0 dB) Rangeresiduals=(0) Status=("0")

3  : pgn=129540 line=Tx 10387888 19 fa 04 03 69 f5 15 e8 37 c5 22 10
source=3: pgn=GNSS Sats in View(129540): values=RangeResidualMode=("1") SatsinView=(21) PRN=(232) Elevation=(-86.22 deg) Azimuth=(23.66 deg) SNR=(0.0 dB) Rangeresiduals=(0) Status=("0")

3  : pgn=129540 line=Tx 10387888 19 fa 04 03 6a 0e 00 00 00 00 f5 16
source=3: pgn=GNSS Sats in View(129540): values=RangeResidualMode=("0") SatsinView=(0) PRN=(0) Elevation=(0.00 deg) Azimuth=(33.67 deg) SNR=(0.0 dB) Rangeresiduals=(0) Status=("0")

3  : pgn=129540 line=Tx 10387889 19 fa 04 03 6b 80 16 7d 9d 80 0c 00
source=3: pgn=GNSS Sats in View(129540): values=RangeResidualMode=("0") SatsinView=(22) PRN=(125) Elevation=(-186.85 deg) Azimuth=(0.07 deg) SNR=(0.0 dB) Rangeresiduals=(0) Status=("0")

3  : pgn=129540 line=Tx 10387890 19 fa 04 03 6c 00 00 00 f5 1a ae 0f
source=3: pgn=GNSS Sats in View(129540): values=RangeResidualMode=("0") SatsinView=(0) PRN=(0) Elevation=(39.54 deg) Azimuth=(23.00 deg) SNR=(0.0 dB) Rangeresiduals=(0) Status=("0")

3  : pgn=129540 line=Tx 10387890 19 fa 04 03 6d 5d 1f 1c 0c 00 00 00
source=3: pgn=GNSS Sats in View(129540): values=RangeResidualMode=("1") SatsinView=(31) PRN=(28) Elevation=(0.07 deg) Azimuth=(0.00 deg) SNR=(0.0 dB) Rangeresiduals=(0) Status=("0")

32 : pgn=128275 line=Rx 10387891 19 f5 13 20 80 0e ff ff ff ff ff ff
3  : pgn=129540 line=Tx 10387892 19 fa 04 03 6e 00 f5 1b d1 15 ab d2
source=3: pgn=GNSS Sats in View(129540): values=RangeResidualMode=("0") SatsinView=(245) PRN=(27) Elevation=(32.00 deg) Azimuth=(309.00 deg) SNR=(0.0 dB) Rangeresiduals=(0) Status=("0")

3  : pgn=129540 line=Tx 10387893 19 fa 04 03 6f 74 0e 00 00 00 00 f5
source=3: pgn=GNSS Sats in View(129540): values=RangeResidualMode=("0") SatsinView=(14) PRN=(0) Elevation=(0.00 deg) Azimuth=(359.36 deg) SNR=(0.0 dB) Rangeresiduals=(0) Status=("0")

3  : pgn=129540 line=Tx 10387894 19 fa 04 03 70 1d 51 0e a1 67 48 0d
source=3: pgn=GNSS Sats in View(129540): values=RangeResidualMode=("1") SatsinView=(81) PRN=(14) Elevation=(152.00 deg) Azimuth=(19.48 deg) SNR=(0.0 dB) Rangeresiduals=(0) Status=("0")

3  : pgn=129540 line=Tx 10387894 19 fa 04 03 71 00 00 00 00 f5 23 d1
source=3: pgn=GNSS Sats in View(129540): values=RangeResidualMode=("0") SatsinView=(0) PRN=(0) Elevation=(-16.13 deg) Azimuth=(306.76 deg) SNR=(0.0 dB) Rangeresiduals=(0) Status=("0")

3  : pgn=129540 line=Tx 10387895 19 fa 04 03 72 15 c3 8b 00 00 00 00
source=3: pgn=GNSS Sats in View(129540): values=RangeResidualMode=("1") SatsinView=(195) PRN=(139) Elevation=(0.00 deg) Azimuth=(0.00 deg) SNR=(0.0 dB) Rangeresiduals=(0) Status=("0")

32 : pgn=128275 line=Rx 10387896 19 f5 13 20 81 a3 ae 3c 00 a3 ae 3c
3  : pgn=129540 line=Tx 10387897 19 fa 04 03 73 00 00 f3 30 2e 17 43
source=3: pgn=GNSS Sats in View(129540): values=RangeResidualMode=("0") SatsinView=(0) PRN=(243) Elevation=(67.75 deg) Azimuth=(98.41 deg) SNR=(0.0 dB) Rangeresiduals=(0) Status=("0")

3  : pgn=129540 line=Tx 10387898 19 fa 04 03 74 84 b8 0b 00 00 00 00
source=3: pgn=GNSS Sats in View(129540): values=RangeResidualMode=("0") SatsinView=(184) PRN=(11) Elevation=(0.00 deg) Azimuth=(0.00 deg) SNR=(0.0 dB) Rangeresiduals=(0) Status=("0")

3  : pgn=129540 line=Tx 10387898 19 fa 04 03 75 f5 33 80 16 67 6c 10
source=3: pgn=GNSS Sats in View(129540): values=RangeResidualMode=("1") SatsinView=(51) PRN=(128) Elevation=(151.20 deg) Azimuth=(24.09 deg) SNR=(0.0 dB) Rangeresiduals=(0) Status=("0")

3  : pgn=129540 line=Tx 10387899 19 fa 04 03 76 0e 00 00 00 00 f5 ff
source=3: pgn=GNSS Sats in View(129540): values=RangeResidualMode=("0") SatsinView=(0) PRN=(0) Elevation=(0.00 deg) Azimuth=(375.43 deg) SNR=(0.0 dB) Rangeresiduals=(0) Status=("0")

3  : pgn=129025 line=Tx 10387900 09 f8 01 03 91 54 6f 1c 9c f4 fd b6
source=3: pgn=Position, Rapid Update(129025): values=Latitude=(47.705819299999995 deg) Longitude=(-122.4870756 deg)

3  : pgn=127258 line=Tx 10387900 19 f1 1a 03 ff f6 12 39 fa 0a ff ff
source=3: pgn=Magnetic Variation(127258): values=Source=("6") Ageofservice=(14610 d) Variation=(16.10 deg)

32 : pgn=128275 line=Rx 10387901 19 f5 13 20 82 00 ff ff ff ff ff ff
1  : pgn=59936  line=Rx 10387914 18 ea 20 01 00 ee 00 00 00 00 00 00
0  : pgn=127250 line=Rx 10387968 09 f1 12 00 ff 62 40 ff 7f ff 7f fd
source=0: pgn=Vessel Heading(127250): values=Heading=(94.43 deg) Deviation=(None) Variation=(None) Reference=("1")

0  : pgn=127245 line=Rx 10387969 09 f1 0d 00 00 f8 ff 7f 00 00 ff ff
source=0: pgn=Rudder(127245): values=Instance=(0) DirectionOrder=("0") AngleOrder=(None) Position=(0.00 deg)

0  : pgn=65359  line=Rx 10387973 1c ff 4f 00 3b 9f ff ff ff 62 40 ff
source=0: pgn=Seatalk: Pilot Heading(65359): values=ManufacturerCode=(1851) IndustryCode=(4) HeadingTrue=(None) HeadingMagnetic=(94.43 deg)

32 : pgn=128259 line=Rx 10387975 09 f5 03 20 8b 2b 01 ff ff ff ff ff
3  : pgn=129026 line=Tx 10387988 09 f8 02 03 ff fc a7 4a 4b 01 ff ff
source=3: pgn=COG & SOG, Rapid Update(129026): values=COGReference=("0") COG=(109.50 deg) SOG=(3.31 m/s)

3  : pgn=129025 line=Tx 10387988 09 f8 01 03 91 54 6f 1c 9c f4 fd b6
source=3: pgn=Position, Rapid Update(129025): values=Latitude=(47.705819299999995 deg) Longitude=(-122.4870756 deg)

0  : pgn=127250 line=Rx 10388068 09 f1 12 00 ff 51 40 ff 7f ff 7f fd
source=0: pgn=Vessel Heading(127250): values=Heading=(94.34 deg) Deviation=(None) Variation=(None) Reference=("1")

0  : pgn=127245 line=Rx 10388069 09 f1 0d 00 00 f8 ff 7f 00 00 ff ff
source=0: pgn=Rudder(127245): values=Instance=(0) DirectionOrder=("0") AngleOrder=(None) Position=(0.00 deg)

32 : pgn=128259 line=Rx 10388075 09 f5 03 20 8c 2c 01 ff ff ff ff ff
source=32: pgn=Speed(128259): values=SpeedWaterReferenced=(3.0 m/s) SpeedGroundReferenced=(None) SpeedWaterReferencedType=(None) SpeedDirection=(None)

0  : pgn=65359  line=Rx 10388075 1c ff 4f 00 3b 9f ff ff ff 51 40 ff
source=0: pgn=Seatalk: Pilot Heading(65359): values=ManufacturerCode=(1851) IndustryCode=(4) HeadingTrue=(None) HeadingMagnetic=(94.34 deg)

0  : pgn=126975 line=Rx 10388081 1d ef ff 00 40 08 3b 9f f0 81 9c 51
0  : pgn=126975 line=Rx 10388082 1d ef ff 00 41 02 00 ff ff ff ff ff
3  : pgn=129029 line=Tx 10388088 0d f8 05 03 20 2b c2 06 40 78 a0 1a
3  : pgn=129029 line=Tx 10388088 0d f8 05 03 21 2c 00 6c 77 b6 e1 d9
3  : pgn=129029 line=Tx 10388088 0d f8 05 03 22 9e 06 00 f4 da 82 9d
3  : pgn=129029 line=Tx 10388088 0d f8 05 03 23 62 00 ef ff ff ff ff
3  : pgn=129029 line=Tx 10388088 0d f8 05 03 24 ff ff ff 7f 23 fc 09
3  : pgn=129029 line=Tx 10388088 0d f8 05 03 25 4f 00 ff 7f ff ff ff
3  : pgn=129029 line=Tx 10388088 0d f8 05 03 26 7f 00 ff ff ff ff ff
3  : pgn=129025 line=Tx 10388088 09 f8 01 03 7e 54 6f 1c f2 f4 fd b6
source=3: pgn=Position, Rapid Update(129025): values=Latitude=(47.7058174 deg) Longitude=(-122.487067 deg)

3  : pgn=129033 line=Tx 10388088 0d f8 09 03 06 40 78 a0 1a 2c 5c fe
source=3: pgn=Time & Date(129033): values=Date=(16390 d) Time=(73994.25200000001 s) LocalOffset=(-25200.0 s)

0  : pgn=127250 line=Rx 10388168 09 f1 12 00 ff 46 40 ff 7f ff 7f fd
source=0: pgn=Vessel Heading(127250): values=Heading=(94.27 deg) Deviation=(None) Variation=(None) Reference=("1")

0  : pgn=127245 line=Rx 10388169 09 f1 0d 00 00 f8 ff 7f 00 00 ff ff
source=0: pgn=Rudder(127245): values=Instance=(0) DirectionOrder=("0") AngleOrder=(None) Position=(0.00 deg)

0  : pgn=65359  line=Rx 10388173 1c ff 4f 00 3b 9f ff ff ff 46 40 ff
source=0: pgn=Seatalk: Pilot Heading(65359): values=ManufacturerCode=(1851) IndustryCode=(4) HeadingTrue=(None) HeadingMagnetic=(94.27 deg)

32 : pgn=128259 line=Rx 10388174 09 f5 03 20 8d 2f 01 ff ff ff ff ff
source=32: pgn=Speed(128259): values=SpeedWaterReferenced=(3.0300000000000002 m/s) SpeedGroundReferenced=(None) SpeedWaterReferencedType=(None) SpeedDirection=(None)

3  : pgn=129026 line=Tx 10388189 09 f8 02 03 ff fc ca 4a 4b 01 ff ff
source=3: pgn=COG & SOG, Rapid Update(129026): values=COGReference=("0") COG=(109.70 deg) SOG=(3.31 m/s)

3  : pgn=129025 line=Tx 10388189 09 f8 01 03 7e 54 6f 1c f2 f4 fd b6
source=3: pgn=Position, Rapid Update(129025): values=Latitude=(47.7058174 deg) Longitude=(-122.487067 deg)

3  : pgn=126992 line=Tx 10388189 0d f0 10 03 ff ff 06 40 78 a0 1a 2c
source=3: pgn=System Time(126992): values=Source=(None) Date=(16390 d) Time=(73994.25200000001 s)

0  : pgn=127250 line=Rx 10388272 09 f1 12 00 ff 46 40 ff 7f ff 7f fd
source=0: pgn=Vessel Heading(127250): values=Heading=(94.27 deg) Deviation=(None) Variation=(None) Reference=("1")

0  : pgn=127245 line=Rx 10388273 09 f1 0d 00 00 f8 ff 7f 00 00 ff ff
source=0: pgn=Rudder(127245): values=Instance=(0) DirectionOrder=("0") AngleOrder=(None) Position=(0.00 deg)

32 : pgn=128259 line=Rx 10388274 09 f5 03 20 8e 34 01 ff ff ff ff ff
source=32: pgn=Speed(128259): values=SpeedWaterReferenced=(3.08 m/s) SpeedGroundReferenced=(None) SpeedWaterReferencedType=(None) SpeedDirection=(None)

0  : pgn=65359  line=Rx 10388283 1c ff 4f 00 3b 9f ff ff ff 46 40 ff
source=0: pgn=Seatalk: Pilot Heading(65359): values=ManufacturerCode=(1851) IndustryCode=(4) HeadingTrue=(None) HeadingMagnetic=(94.27 deg)

3  : pgn=129025 line=Tx 10388289 09 f8 01 03 68 54 6f 1c 41 f5 fd b6
source=3: pgn=Position, Rapid Update(129025): values=Latitude=(47.705815199999996 deg) Longitude=(-122.4870591 deg)

1  : pgn=129041 line=Rx 10388304 11 f8 11 01 20 30 15 76 89 3a 3b ed
1  : pgn=129041 line=Rx 10388305 11 f8 11 01 21 61 e3 b6 67 78 ad 1c
1  : pgn=129041 line=Rx 10388305 11 f8 11 01 22 f4 00 00 00 00 00 00
1  : pgn=129041 line=Rx 10388306 11 f8 11 01 23 ff ff 52 ee ff e0 16
1  : pgn=129041 line=Rx 10388306 11 f8 11 01 24 01 50 53 20 54 53 4c
1  : pgn=129041 line=Rx 10388307 11 f8 11 01 25 20 53 42 20 20 20 20
1  : pgn=129041 line=Rx 10388308 11 f8 11 01 26 20 20 20 20 20 20 20
0  : pgn=127250 line=Rx 10388368 09 f1 12 00 ff 48 40 ff 7f ff 7f fd
source=0: pgn=Vessel Heading(127250): values=Heading=(94.29 deg) Deviation=(None) Variation=(None) Reference=("1")

0  : pgn=127245 line=Rx 10388369 09 f1 0d 00 00 f8 ff 7f 00 00 ff ff
source=0: pgn=Rudder(127245): values=Instance=(0) DirectionOrder=("0") AngleOrder=(None) Position=(0.00 deg)

0  : pgn=65359  line=Rx 10388373 1c ff 4f 00 3b 9f ff ff ff 48 40 ff
source=0: pgn=Seatalk: Pilot Heading(65359): values=ManufacturerCode=(1851) IndustryCode=(4) HeadingTrue=(None) HeadingMagnetic=(94.29 deg)

32 : pgn=128259 line=Rx 10388373 09 f5 03 20 8f 37 01 ff ff ff ff ff
source=32: pgn=Speed(128259): values=SpeedWaterReferenced=(3.11 m/s) SpeedGroundReferenced=(None) SpeedWaterReferencedType=(None) SpeedDirection=(None)

3  : pgn=129026 line=Tx 10388390 09 f8 02 03 ff fc ed 4a 4b 01 ff ff
source=3: pgn=COG & SOG, Rapid Update(129026): values=COGReference=("0") COG=(109.90 deg) SOG=(3.31 m/s)

3  : pgn=129025 line=Tx 10388390 09 f8 01 03 68 54 6f 1c 41 f5 fd b6
source=3: pgn=Position, Rapid Update(129025): values=Latitude=(47.705815199999996 deg) Longitude=(-122.4870591 deg)

3  : pgn=129291 line=Tx 10388390 0d f9 0b 03 ff fc f1 46 1c 00 ff ff
source=3: pgn=Set & Drift, Rapid Update(129291): values=SetReference=("0") Set=(104.05 deg) Drift=(0.28 m/s)

4  : pgn=65384  line=Rx 10388399 1c ff 68 04 3b 9f 00 00 00 00 00 00
0  : pgn=127250 line=Rx 10388468 09 f1 12 00 ff 4f 40 ff 7f ff 7f fd
source=0: pgn=Vessel Heading(127250): values=Heading=(94.33 deg) Deviation=(None) Variation=(None) Reference=("1")

0  : pgn=127245 line=Rx 10388469 09 f1 0d 00 00 f8 ff 7f 00 00 ff ff
source=0: pgn=Rudder(127245): values=Instance=(0) DirectionOrder=("0") AngleOrder=(None) Position=(0.00 deg)

32 : pgn=128259 line=Rx 10388473 09 f5 03 20 90 3a 01 ff ff ff ff ff
source=32: pgn=Speed(128259): values=SpeedWaterReferenced=(3.14 m/s) SpeedGroundReferenced=(None) SpeedWaterReferencedType=(None) SpeedDirection=(None)

0  : pgn=65359  line=Rx 10388478 1c ff 4f 00 3b 9f ff ff ff 4f 40 ff
source=0: pgn=Seatalk: Pilot Heading(65359): values=ManufacturerCode=(1851) IndustryCode=(4) HeadingTrue=(None) HeadingMagnetic=(94.33 deg)

3  : pgn=129025 line=Tx 10388490 09 f8 01 03 68 54 6f 1c 41 f5 fd b6
source=3: pgn=Position, Rapid Update(129025): values=Latitude=(47.705815199999996 deg) Longitude=(-122.4870591 deg)

0  : pgn=127250 line=Rx 10388568 09 f1 12 00 ff 55 40 ff 7f ff 7f fd
source=0: pgn=Vessel Heading(127250): values=Heading=(94.36 deg) Deviation=(None) Variation=(None) Reference=("1")

0  : pgn=127245 line=Rx 10388568 09 f1 0d 00 00 f8 ff 7f 00 00 ff ff
source=0: pgn=Rudder(127245): values=Instance=(0) DirectionOrder=("0") AngleOrder=(None) Position=(0.00 deg)

32 : pgn=128259 line=Rx 10388572 09 f5 03 20 91 3b 01 ff ff ff ff ff
source=32: pgn=Speed(128259): values=SpeedWaterReferenced=(3.15 m/s) SpeedGroundReferenced=(None) SpeedWaterReferencedType=(None) SpeedDirection=(None)

0  : pgn=65379  line=Rx 10388573 1c ff 63 00 3b 9f 00 00 00 00 01 ff
source=0: pgn=Seatalk: Pilot Mode(65379): values=ManufacturerCode=(1851) IndustryCode=(4) PilotMode=(0) SubMode=(0) PilotModeData=(0)

0  : pgn=65359  line=Rx 10388576 1c ff 4f 00 3b 9f ff ff ff 55 40 ff
source=0: pgn=Seatalk: Pilot Heading(65359): values=ManufacturerCode=(1851) IndustryCode=(4) HeadingTrue=(None) HeadingMagnetic=(94.36 deg)

3  : pgn=129026 line=Tx 10388590 09 f8 02 03 ff fc 10 4b 4a 01 ff ff
source=3: pgn=COG & SOG, Rapid Update(129026): values=COGReference=("0") COG=(110.10 deg) SOG=(3.3000000000000003 m/s)

3  : pgn=130577 line=Tx 10388590 0d fe 11 03 40 0e c0 c3 10 4b 4a 01
3  : pgn=130577 line=Tx 10388590 0d fe 11 03 41 ff ff ff ff f1 46 1c
3  : pgn=130577 line=Tx 10388590 0d fe 11 03 42 00 ff ff ff ff ff ff
3  : pgn=129025 line=Tx 10388590 09 f8 01 03 49 54 6f 1c f5 f5 fd b6
3  : pgn=130306 line=Tx 10388590 09 fd 02 03 ff 23 03 14 c7 fa ff ff
source=3: pgn=Wind Data(130306): values=WindSpeed=(8.03 m/s) WindAngle=(292.00 deg) Reference=("2")

1  : pgn=129038 line=Rx 10388605 11 f8 0e 01 80 1b c1 2c 37 e1 15 49
1  : pgn=129038 line=Rx 10388606 11 f8 0e 01 81 65 0c b7 41 28 69 1c
1  : pgn=129038 line=Rx 10388606 11 f8 0e 01 82 2c 00 00 00 00 00 00
1  : pgn=129038 line=Rx 10388607 11 f8 0e 01 83 00 ff ff ff 7f f0 fe
0  : pgn=126975 line=Rx 10388623 1d ef ff 00 60 0d 3b 9f f0 81 84 56
0  : pgn=126975 line=Rx 10388625 1d ef ff 00 61 42 09 00 00 00 02 05
0  : pgn=127250 line=Rx 10388668 09 f1 12 00 ff 66 40 ff 7f ff 7f fd
source=0: pgn=Vessel Heading(127250): values=Heading=(94.46 deg) Deviation=(None) Variation=(None) Reference=("1")

0  : pgn=127245 line=Rx 10388669 09 f1 0d 00 00 f8 ff 7f 00 00 ff ff
source=0: pgn=Rudder(127245): values=Instance=(0) DirectionOrder=("0") AngleOrder=(None) Position=(0.00 deg)

32 : pgn=128259 line=Rx 10388672 09 f5 03 20 92 3c 01 ff ff ff ff ff
source=32: pgn=Speed(128259): values=SpeedWaterReferenced=(3.16 m/s) SpeedGroundReferenced=(None) SpeedWaterReferencedType=(None) SpeedDirection=(None)

0  : pgn=65359  line=Rx 10388677 1c ff 4f 00 3b 9f ff ff ff 66 40 ff
source=0: pgn=Seatalk: Pilot Heading(65359): values=ManufacturerCode=(1851) IndustryCode=(4) HeadingTrue=(None) HeadingMagnetic=(94.46 deg)

0  : pgn=126975 line=Rx 10388686 1d ef ff 00 80 09 3b 9f f0 81 ae 02
0  : pgn=126975 line=Rx 10388688 1d ef ff 00 81 00 08 00 ff ff ff ff
3  : pgn=129283 line=Tx 10388690 0d f9 03 03 ff 7f ff ff ff 7f ff ff
source=3: pgn=Cross Track Error(129283): values=XTEmode=(None) NavigationTerminated=("1") XTE=(None)

3  : pgn=129025 line=Tx 10388690 09 f8 01 03 49 54 6f 1c f5 f5 fd b6
source=3: pgn=Position, Rapid Update(129025): values=Latitude=(47.705812099999996 deg) Longitude=(-122.4870411 deg)

3  : pgn=128267 line=Tx 10388690 0d f5 0b 03 ff 91 3e 00 00 00 00 ff
source=3: pgn=Water Depth(128267): values=Depth=(160.17000000000002 m) Offset=(0.0 m) Range=(None)

1  : pgn=129041 line=Rx 10388756 11 f8 11 01 40 30 55 75 89 3a 3b 6d
1  : pgn=129041 line=Rx 10388757 11 f8 11 01 41 8b 0a b7 5b f8 47 1c
1  : pgn=129041 line=Rx 10388757 11 f8 11 01 42 f4 00 00 00 00 00 00
1  : pgn=129041 line=Rx 10388758 11 f8 11 01 43 ff ff 12 ee ff e1 16
1  : pgn=129041 line=Rx 10388758 11 f8 11 01 44 01 50 53 20 54 53 4c
1  : pgn=129041 line=Rx 10388759 11 f8 11 01 45 20 4c 42 20 54 41 20
1  : pgn=129041 line=Rx 10388759 11 f8 11 01 46 20 20 20 20 20 20 20
32 : pgn=128259 line=Rx 10388771 09 f5 03 20 93 36 01 ff ff ff ff ff
source=32: pgn=Speed(128259): values=SpeedWaterReferenced=(3.1 m/s) SpeedGroundReferenced=(None) SpeedWaterReferencedType=(None) SpeedDirection=(None)

0  : pgn=127250 line=Rx 10388772 09 f1 12 00 ff 7c 40 ff 7f ff 7f fd
source=0: pgn=Vessel Heading(127250): values=Heading=(94.58 deg) Deviation=(None) Variation=(None) Reference=("1")

0  : pgn=127245 line=Rx 10388774 09 f1 0d 00 00 f8 ff 7f 00 00 ff ff
source=0: pgn=Rudder(127245): values=Instance=(0) DirectionOrder=("0") AngleOrder=(None) Position=(0.00 deg)

0  : pgn=65359  line=Rx 10388780 1c ff 4f 00 3b 9f ff ff ff 7c 40 ff
source=0: pgn=Seatalk: Pilot Heading(65359): values=ManufacturerCode=(1851) IndustryCode=(4) HeadingTrue=(None) HeadingMagnetic=(94.58 deg)

3  : pgn=129026 line=Tx 10388791 09 f8 02 03 ff fc 10 4b 4a 01 ff ff
source=3: pgn=COG & SOG, Rapid Update(129026): values=COGReference=("0") COG=(110.10 deg) SOG=(3.3000000000000003 m/s)

3  : pgn=129025 line=Tx 10388791 09 f8 01 03 49 54 6f 1c f5 f5 fd b6
source=3: pgn=Position, Rapid Update(129025): values=Latitude=(47.705812099999996 deg) Longitude=(-122.4870411 deg)

3  : pgn=129542 line=Tx 10388791 19 fa 06 03 40 0f c3 2c 01 00 00 00
3  : pgn=129542 line=Tx 10388791 19 fa 06 03 41 00 00 00 00 00 00 00
3  : pgn=129542 line=Tx 10388791 19 fa 06 03 42 00 00 ff ff ff ff ff
3  : pgn=65364  line=Tx 10388791 1c ff 54 03 3b 9f 23 03 14 c7 ff ff
0  : pgn=127250 line=Rx 10388868 09 f1 12 00 ff 8a 40 ff 7f ff 7f fd
source=0: pgn=Vessel Heading(127250): values=Heading=(94.66 deg) Deviation=(None) Variation=(None) Reference=("1")

0  : pgn=127245 line=Rx 10388869 09 f1 0d 00 00 f8 ff 7f 00 00 ff ff
source=0: pgn=Rudder(127245): values=Instance=(0) DirectionOrder=("0") AngleOrder=(None) Position=(0.00 deg)

32 : pgn=128259 line=Rx 10388874 09 f5 03 20 94 32 01 ff ff ff ff ff
source=32: pgn=Speed(128259): values=SpeedWaterReferenced=(3.06 m/s) SpeedGroundReferenced=(None) SpeedWaterReferencedType=(None) SpeedDirection=(None)

32 : pgn=130310 line=Rx 10388877 15 fd 06 20 0e ff ff ff ff ff ff ff
source=32: pgn=Environmental Parameters (obsolete)(130310): values=WaterTemperature=(None) OutsideAmbientAirTemperature=(None) AtmosphericPressure=(None)

0  : pgn=65359  line=Rx 10388877 1c ff 4f 00 3b 9f ff ff ff 8a 40 ff
source=0: pgn=Seatalk: Pilot Heading(65359): values=ManufacturerCode=(1851) IndustryCode=(4) HeadingTrue=(None) HeadingMagnetic=(94.66 deg)

32 : pgn=128275 line=Rx 10388886 19 f5 13 20 a0 0e ff ff ff ff ff ff
32 : pgn=128275 line=Rx 10388891 19 f5 13 20 a1 a3 ae 3c 00 a3 ae 3c
3  : pgn=129540 line=Tx 10388891 19 fa 04 03 80 9f e5 ff 0d 03 97 1a
source=3: pgn=GNSS Sats in View(129540): values=RangeResidualMode=(None) SatsinView=(229) PRN=(None) Elevation=(4.47 deg) Azimuth=(39.00 deg) SNR=(0.0 dB) Rangeresiduals=(0) Status=("0")

3  : pgn=129540 line=Tx 10388891 19 fa 04 03 81 2e 26 00 00 00 00 00
source=3: pgn=GNSS Sats in View(129540): values=RangeResidualMode=("0") SatsinView=(38) PRN=(0) Elevation=(0.00 deg) Azimuth=(0.00 deg) SNR=(0.0 dB) Rangeresiduals=(0) Status=("0")

3  : pgn=129540 line=Tx 10388891 19 fa 04 03 82 00 f3 0f ff 1d ad 3c
source=3: pgn=GNSS Sats in View(129540): values=RangeResidualMode=("0") SatsinView=(243) PRN=(15) Elevation=(44.00 deg) Azimuth=(89.00 deg) SNR=(0.0 dB) Rangeresiduals=(0) Status=("0")

3  : pgn=129540 line=Tx 10388891 19 fa 04 03 83 d8 0e 00 00 00 00 f5
source=3: pgn=GNSS Sats in View(129540): values=RangeResidualMode=("0") SatsinView=(14) PRN=(0) Elevation=(0.00 deg) Azimuth=(359.36 deg) SNR=(0.0 dB) Rangeresiduals=(0) Status=("0")

3  : pgn=129540 line=Tx 10388891 19 fa 04 03 84 10 17 13 c2 b8 e4 0c
source=3: pgn=GNSS Sats in View(129540): values=RangeResidualMode=("0") SatsinView=(23) PRN=(19) Elevation=(-104.50 deg) Azimuth=(18.91 deg) SNR=(0.0 dB) Rangeresiduals=(0) Status=("0")

3  : pgn=129540 line=Tx 10388891 19 fa 04 03 85 00 00 00 00 f5 12 c5
source=3: pgn=GNSS Sats in View(129540): values=RangeResidualMode=("0") SatsinView=(0) PRN=(0) Elevation=(-16.13 deg) Azimuth=(289.06 deg) SNR=(0.0 dB) Rangeresiduals=(0) Status=("0")

3  : pgn=129540 line=Tx 10388891 19 fa 04 03 86 31 f2 93 1c 0c 00 00
source=3: pgn=GNSS Sats in View(129540): values=RangeResidualMode=("1") SatsinView=(242) PRN=(147) Elevation=(17.76 deg) Azimuth=(0.00 deg) SNR=(0.0 dB) Rangeresiduals=(0) Status=("0")

3  : pgn=129540 line=Tx 10388891 19 fa 04 03 87 00 00 f5 13 69 03 1f
source=3: pgn=GNSS Sats in View(129540): values=RangeResidualMode=("0") SatsinView=(0) PRN=(245) Elevation=(154.12 deg) Azimuth=(45.49 deg) SNR=(0.0 dB) Rangeresiduals=(0) Status=("0")

3  : pgn=129540 line=Tx 10388891 19 fa 04 03 88 d8 3c 0f 00 00 00 00
source=3: pgn=GNSS Sats in View(129540): values=RangeResidualMode=("0") SatsinView=(60) PRN=(15) Elevation=(0.00 deg) Azimuth=(0.00 deg) SNR=(0.0 dB) Rangeresiduals=(0) Status=("0")

3  : pgn=129540 line=Tx 10388891 19 fa 04 03 89 f5 15 e8 37 c5 22 10
source=3: pgn=GNSS Sats in View(129540): values=RangeResidualMode=("1") SatsinView=(21) PRN=(232) Elevation=(-86.22 deg) Azimuth=(23.66 deg) SNR=(0.0 dB) Rangeresiduals=(0) Status=("0")

3  : pgn=129540 line=Tx 10388891 19 fa 04 03 8a 0e 00 00 00 00 f5 16
source=3: pgn=GNSS Sats in View(129540): values=RangeResidualMode=("0") SatsinView=(0) PRN=(0) Elevation=(0.00 deg) Azimuth=(33.67 deg) SNR=(0.0 dB) Rangeresiduals=(0) Status=("0")

3  : pgn=129540 line=Tx 10388892 19 fa 04 03 8b 80 16 7d 9d 10 0e 00
source=3: pgn=GNSS Sats in View(129540): values=RangeResidualMode=("0") SatsinView=(22) PRN=(125) Elevation=(24.37 deg) Azimuth=(0.08 deg) SNR=(0.0 dB) Rangeresiduals=(0) Status=("0")

3  : pgn=129540 line=Tx 10388893 19 fa 04 03 8c 00 00 00 f5 1a ae 0f
source=3: pgn=GNSS Sats in View(129540): values=RangeResidualMode=("0") SatsinView=(0) PRN=(0) Elevation=(39.54 deg) Azimuth=(23.00 deg) SNR=(0.0 dB) Rangeresiduals=(0) Status=("0")

3  : pgn=129540 line=Tx 10388893 19 fa 04 03 8d 5d 1f 80 0c 00 00 00
source=3: pgn=GNSS Sats in View(129540): values=RangeResidualMode=("1") SatsinView=(31) PRN=(128) Elevation=(0.07 deg) Azimuth=(0.00 deg) SNR=(0.0 dB) Rangeresiduals=(0) Status=("0")

3  : pgn=129540 line=Tx 10388895 19 fa 04 03 8e 00 f5 1b d1 15 ab d2
source=3: pgn=GNSS Sats in View(129540): values=RangeResidualMode=("0") SatsinView=(245) PRN=(27) Elevation=(32.00 deg) Azimuth=(309.00 deg) SNR=(0.0 dB) Rangeresiduals=(0) Status=("0")

32 : pgn=128275 line=Rx 10388896 19 f5 13 20 a2 00 ff ff ff ff ff ff
3  : pgn=129540 line=Tx 10388896 19 fa 04 03 8f 48 0d 00 00 00 00 f5
source=3: pgn=GNSS Sats in View(129540): values=RangeResidualMode=("0") SatsinView=(13) PRN=(0) Elevation=(0.00 deg) Azimuth=(359.36 deg) SNR=(0.0 dB) Rangeresiduals=(0) Status=("0")

3  : pgn=129540 line=Tx 10388897 19 fa 04 03 90 1d 51 0e a1 67 80 0c
source=3: pgn=GNSS Sats in View(129540): values=RangeResidualMode=("1") SatsinView=(81) PRN=(14) Elevation=(152.00 deg) Azimuth=(18.33 deg) SNR=(0.0 dB) Rangeresiduals=(0) Status=("0")

3  : pgn=129540 line=Tx 10388897 19 fa 04 03 91 00 00 00 00 f5 23 d1
source=3: pgn=GNSS Sats in View(129540): values=RangeResidualMode=("0") SatsinView=(0) PRN=(0) Elevation=(-16.13 deg) Azimuth=(306.76 deg) SNR=(0.0 dB) Rangeresiduals=(0) Status=("0")

3  : pgn=129540 line=Tx 10388898 19 fa 04 03 92 15 c3 8b 00 00 00 00
source=3: pgn=GNSS Sats in View(129540): values=RangeResidualMode=("1") SatsinView=(195) PRN=(139) Elevation=(0.00 deg) Azimuth=(0.00 deg) SNR=(0.0 dB) Rangeresiduals=(0) Status=("0")

3  : pgn=129540 line=Tx 10388899 19 fa 04 03 93 00 00 f3 30 2e 17 43
source=3: pgn=GNSS Sats in View(129540): values=RangeResidualMode=("0") SatsinView=(0) PRN=(243) Elevation=(67.75 deg) Azimuth=(98.41 deg) SNR=(0.0 dB) Rangeresiduals=(0) Status=("0")

3  : pgn=129540 line=Tx 10388899 19 fa 04 03 94 84 10 0e 00 00 00 00
source=3: pgn=GNSS Sats in View(129540): values=RangeResidualMode=("0") SatsinView=(16) PRN=(14) Elevation=(0.00 deg) Azimuth=(0.00 deg) SNR=(0.0 dB) Rangeresiduals=(0) Status=("0")

3  : pgn=129540 line=Tx 10388901 19 fa 04 03 95 f5 33 80 16 67 6c e4
source=3: pgn=GNSS Sats in View(129540): values=RangeResidualMode=("1") SatsinView=(51) PRN=(128) Elevation=(151.20 deg) Azimuth=(335.04 deg) SNR=(0.0 dB) Rangeresiduals=(0) Status=("0")

3  : pgn=129540 line=Tx 10388902 19 fa 04 03 96 0c 00 00 00 00 f5 ff
source=3: pgn=GNSS Sats in View(129540): values=RangeResidualMode=("0") SatsinView=(0) PRN=(0) Elevation=(0.00 deg) Azimuth=(375.43 deg) SNR=(0.0 dB) Rangeresiduals=(0) Status=("0")

3  : pgn=129025 line=Tx 10388902 09 f8 01 03 35 54 6f 1c 43 f6 fd b6
source=3: pgn=Position, Rapid Update(129025): values=Latitude=(47.7058101 deg) Longitude=(-122.4870333 deg)

3  : pgn=127258 line=Tx 10388903 19 f1 1a 03 ff f6 12 39 fa 0a ff ff
source=3: pgn=Magnetic Variation(127258): values=Source=("6") Ageofservice=(14610 d) Variation=(16.10 deg)

32 : pgn=130846 line=Rx 10388906 1d ff 1e 20 c0 0c 3b 9f 04 01 35 56
32 : pgn=130846 line=Rx 10388911 1d ff 1e 20 c1 07 09 15 00 df 04 ff
source=32: pgn=Furuno: Motion Sensor Status Extended(130846): values=ManufacturerCode=(1985) IndustryCode=(0)

1  : pgn=59936  line=Rx 10388938 18 ea 20 01 00 ee 00 00 00 00 00 00
0  : pgn=127250 line=Rx 10388968 09 f1 12 00 ff ae 40 ff 7f ff 7f fd
source=0: pgn=Vessel Heading(127250): values=Heading=(94.87 deg) Deviation=(None) Variation=(None) Reference=("1")

0  : pgn=127245 line=Rx 10388969 09 f1 0d 00 00 f8 ff 7f 00 00 ff ff
source=0: pgn=Rudder(127245): values=Instance=(0) DirectionOrder=("0") AngleOrder=(None) Position=(0.00 deg)

32 : pgn=128259 line=Rx 10388970 09 f5 03 20 95 3b 01 ff ff ff ff ff
source=32: pgn=Speed(128259): values=SpeedWaterReferenced=(3.15 m/s) SpeedGroundReferenced=(None) SpeedWaterReferencedType=(None) SpeedDirection=(None)

0  : pgn=65359  line=Rx 10388975 1c ff 4f 00 3b 9f ff ff ff ae 40 ff
source=0: pgn=Seatalk: Pilot Heading(65359): values=ManufacturerCode=(1851) IndustryCode=(4) HeadingTrue=(None) HeadingMagnetic=(94.87 deg)

3  : pgn=129026 line=Tx 10388991 09 f8 02 03 ff fc 10 4b 49 01 ff ff
source=3: pgn=COG & SOG, Rapid Update(129026): values=COGReference=("0") COG=(110.10 deg) SOG=(3.29 m/s)

3  : pgn=129025 line=Tx 10388991 09 f8 01 03 35 54 6f 1c 43 f6 fd b6
source=3: pgn=Position, Rapid Update(129025): values=Latitude=(47.7058101 deg) Longitude=(-122.4870333 deg)

4  : pgn=126975 line=Rx 10389058 1d ef ff 04 c0 07 3b 9f f0 81 90 00
4  : pgn=126975 line=Rx 10389058 1d ef ff 04 c1 03 ff ff ff ff ff ff
0  : pgn=127250 line=Rx 10389067 09 f1 12 00 ff c4 40 ff 7f ff 7f fd
source=0: pgn=Vessel Heading(127250): values=Heading=(95.00 deg) Deviation=(None) Variation=(None) Reference=("1")

0  : pgn=127245 line=Rx 10389068 09 f1 0d 00 00 f8 ff 7f 00 00 ff ff
source=0: pgn=Rudder(127245): values=Instance=(0) DirectionOrder=("0") AngleOrder=(None) Position=(0.00 deg)

32 : pgn=128259 line=Rx 10389070 09 f5 03 20 96 30 01 ff ff ff ff ff
source=32: pgn=Speed(128259): values=SpeedWaterReferenced=(3.04 m/s) SpeedGroundReferenced=(None) SpeedWaterReferencedType=(None) SpeedDirection=(None)

0  : pgn=65359  line=Rx 10389078 1c ff 4f 00 3b 9f ff ff ff c4 40 ff
source=0: pgn=Seatalk: Pilot Heading(65359): values=ManufacturerCode=(1851) IndustryCode=(4) HeadingTrue=(None) HeadingMagnetic=(95.00 deg)

3  : pgn=129029 line=Tx 10389091 0d f8 05 03 40 2b c3 06 40 a6 d1 1a
3  : pgn=129029 line=Tx 10389091 0d f8 05 03 41 2c 00 18 36 e5 ca d9
3  : pgn=129029 line=Tx 10389091 0d f8 05 03 42 9e 06 00 e4 8c 81 fc
3  : pgn=129029 line=Tx 10389091 0d f8 05 03 43 62 00 ef ff ff ff ff
3  : pgn=129029 line=Tx 10389091 0d f8 05 03 44 ff ff ff 7f 23 fc 09
3  : pgn=129029 line=Tx 10389091 0d f8 05 03 45 4f 00 ff 7f ff ff ff
3  : pgn=129029 line=Tx 10389091 0d f8 05 03 46 7f 00 ff ff ff ff ff
3  : pgn=129025 line=Tx 10389091 09 f8 01 03 1c 54 6f 1c 8a f6 fd b6
source=3: pgn=Position, Rapid Update(129025): values=Latitude=(47.7058076 deg) Longitude=(-122.48702619999999 deg)

3  : pgn=129033 line=Tx 10389091 0d f8 09 03 06 40 a6 d1 1a 2c 5c fe
source=3: pgn=Time & Date(129033): values=Date=(16390 d) Time=(73995.511 s) LocalOffset=(-25200.0 s)

0  : pgn=126975 line=Rx 10389092 1d ef ff 00 a0 08 3b 9f f0 81 9c 91
0  : pgn=126975 line=Rx 10389094 1d ef ff 00 a1 02 00 ff ff ff ff ff
1  : pgn=129038 line=Rx 10389150 11 f8 0e 01 a0 1b c1 d0 26 df 15 51
1  : pgn=129038 line=Rx 10389151 11 f8 0e 01 a1 f7 0d b7 e5 eb 63 1c
1  : pgn=129038 line=Rx 10389151 11 f8 0e 01 a2 3c 4e 95 00 00 00 00
1  : pgn=129038 line=Rx 10389152 11 f8 0e 01 a3 00 09 7a 00 00 f0 fe
0  : pgn=127250 line=Rx 10389167 09 f1 12 00 ff db 40 ff 7f ff 7f fd
source=0: pgn=Vessel Heading(127250): values=Heading=(95.13 deg) Deviation=(None) Variation=(None) Reference=("1")

0  : pgn=127245 line=Rx 10389168 09 f1 0d 00 00 f8 ff 7f 00 00 ff ff
source=0: pgn=Rudder(127245): values=Instance=(0) DirectionOrder=("0") AngleOrder=(None) Position=(0.00 deg)

32 : pgn=128259 line=Rx 10389169 09 f5 03 20 97 33 01 ff ff ff ff ff
source=32: pgn=Speed(128259): values=SpeedWaterReferenced=(3.0700000000000003 m/s) SpeedGroundReferenced=(None) SpeedWaterReferencedType=(None) SpeedDirection=(None)

0  : pgn=65359  line=Rx 10389175 1c ff 4f 00 3b 9f ff ff ff db 40 ff
source=0: pgn=Seatalk: Pilot Heading(65359): values=ManufacturerCode=(1851) IndustryCode=(4) HeadingTrue=(None) HeadingMagnetic=(95.13 deg)

3  : pgn=129026 line=Tx 10389192 09 f8 02 03 ff fc 33 4b 49 01 ff ff
source=3: pgn=COG & SOG, Rapid Update(129026): values=COGReference=("0") COG=(110.30 deg) SOG=(3.29 m/s)

3  : pgn=129025 line=Tx 10389192 09 f8 01 03 1c 54 6f 1c 8a f6 fd b6
source=3: pgn=Position, Rapid Update(129025): values=Latitude=(47.7058076 deg) Longitude=(-122.48702619999999 deg)

3  : pgn=126992 line=Tx 10389192 0d f0 10 03 ff ff 06 40 a6 d1 1a 2c
source=3: pgn=System Time(126992): values=Source=(None) Date=(16390 d) Time=(73995.511 s)

1  : pgn=129038 line=Rx 10389241 11 f8 0e 01 c0 1b c1 44 d6 e0 15 96
1  : pgn=129038 line=Rx 10389242 11 f8 0e 01 c1 ec 0c b7 57 57 69 1c
1  : pgn=129038 line=Rx 10389242 11 f8 0e 01 c2 36 b5 e9 00 00 00 00
1  : pgn=129038 line=Rx 10389243 11 f8 0e 01 c3 00 ff ff ff 7f f0 fe
0  : pgn=127250 line=Rx 10389267 09 f1 12 00 ff d6 40 ff 7f ff 7f fd
source=0: pgn=Vessel Heading(127250): values=Heading=(95.10 deg) Deviation=(None) Variation=(None) Reference=("1")

0  : pgn=127245 line=Rx 10389268 09 f1 0d 00 00 f8 ff 7f 00 00 ff ff
source=0: pgn=Rudder(127245): values=Instance=(0) DirectionOrder=("0") AngleOrder=(None) Position=(0.00 deg)

32 : pgn=128259 line=Rx 10389269 09 f5 03 20 98 30 01 ff ff ff ff ff
source=32: pgn=Speed(128259): values=SpeedWaterReferenced=(3.04 m/s) SpeedGroundReferenced=(None) SpeedWaterReferencedType=(None) SpeedDirection=(None)

1  : pgn=129038 line=Rx 10389273 11 f8 0e 01 e0 1b c1 a8 2c e8 15 e4
1  : pgn=129038 line=Rx 10389274 11 f8 0e 01 e1 cd 0c b7 6c 78 69 1c
1  : pgn=129038 line=Rx 10389274 11 f8 0e 01 e2 38 39 10 00 00 00 00
1  : pgn=129038 line=Rx 10389275 11 f8 0e 01 e3 00 ff ff ff 7f ff fe
0  : pgn=65359  line=Rx 10389280 1c ff 4f 00 3b 9f ff ff ff d6 40 ff
source=0: pgn=Seatalk: Pilot Heading(65359): values=ManufacturerCode=(1851) IndustryCode=(4) HeadingTrue=(None) HeadingMagnetic=(95.10 deg)

3  : pgn=129025 line=Tx 10389292 09 f8 01 03 1c 54 6f 1c 8a f6 fd b6
source=3: pgn=Position, Rapid Update(129025): values=Latitude=(47.7058076 deg) Longitude=(-122.48702619999999 deg)

0  : pgn=127250 line=Rx 10389367 09 f1 12 00 ff c5 40 ff 7f ff 7f fd
source=0: pgn=Vessel Heading(127250): values=Heading=(95.00 deg) Deviation=(None) Variation=(None) Reference=("1")

32 : pgn=128259 line=Rx 10389368 09 f5 03 20 99 2e 01 ff ff ff ff ff
source=32: pgn=Speed(128259): values=SpeedWaterReferenced=(3.02 m/s) SpeedGroundReferenced=(None) SpeedWaterReferencedType=(None) SpeedDirection=(None)

0  : pgn=127245 line=Rx 10389369 09 f1 0d 00 00 f8 ff 7f 00 00 ff ff
source=0: pgn=Rudder(127245): values=Instance=(0) DirectionOrder=("0") AngleOrder=(None) Position=(0.00 deg)

0  : pgn=65359  line=Rx 10389375 1c ff 4f 00 3b 9f ff ff ff c5 40 ff
source=0: pgn=Seatalk: Pilot Heading(65359): values=ManufacturerCode=(1851) IndustryCode=(4) HeadingTrue=(None) HeadingMagnetic=(95.00 deg)

3  : pgn=129026 line=Tx 10389392 09 f8 02 03 ff fc 44 4b 49 01 ff ff
source=3: pgn=COG & SOG, Rapid Update(129026): values=COGReference=("0") COG=(110.40 deg) SOG=(3.29 m/s)

3  : pgn=129025 line=Tx 10389392 09 f8 01 03 f5 53 6f 1c 42 f7 fd b6
source=3: pgn=Position, Rapid Update(129025): values=Latitude=(47.7058037 deg) Longitude=(-122.4870078 deg)

3  : pgn=129291 line=Tx 10389392 0d f9 0b 03 ff fc 0b 43 16 00 ff ff
source=3: pgn=Set & Drift, Rapid Update(129291): values=SetReference=("0") Set=(98.34 deg) Drift=(0.22 m/s)

3  : pgn=129044 line=Tx 10389392 19 f8 14 03 e0 14 57 38 34 00 00 00
3  : pgn=129044 line=Tx 10389392 19 f8 14 03 e1 00 00 00 00 00 00 00
3  : pgn=129044 line=Tx 10389392 19 f8 14 03 e2 00 00 00 57 38 34 00
4  : pgn=65384  line=Rx 10389399 1c ff 68 04 3b 9f 00 00 00 00 00 00
1  : pgn=129038 line=Rx 10389427 11 f8 0e 01 00 1b c1 70 64 01 16 e6
source=1: pgn=AIS Class A Position Report(129038): values=MessageID=(0) RepeatIndicator=("0") UserID=(1685111067) Longitude=(0.0 deg) Latitude=(0.0 deg) PositionAccuracy=("0") RAIM=("0") TimeStamp=("0") COG=(0.00 deg) SOG=(0.0 m/s) CommunicationState=(0) AISTransceiverinformation=("0") Heading=(0.00 deg) RateofTurn=(0.00 deg/s) NavStatus=("0") SpecialManeuverIndicator=("0") Spare=(0) SequenceID=(0)

1  : pgn=129038 line=Rx 10389428 11 f8 0e 01 01 35 0c b7 cd 46 69 1c
source=1: pgn=AIS Class A Position Report(129038): values=MessageID=(1) RepeatIndicator=("0") UserID=(3451325493) Longitude=(0.0 deg) Latitude=(0.0 deg) PositionAccuracy=("0") RAIM=("0") TimeStamp=("0") COG=(0.00 deg) SOG=(0.0 m/s) CommunicationState=(0) AISTransceiverinformation=("0") Heading=(0.00 deg) RateofTurn=(0.00 deg/s) NavStatus=("0") SpecialManeuverIndicator=("0") Spare=(0) SequenceID=(0)

1  : pgn=129038 line=Rx 10389428 11 f8 0e 01 02 38 48 be 00 00 01 00
source=1: pgn=AIS Class A Position Report(129038): values=MessageID=(2) RepeatIndicator=("0") UserID=(12470328) Longitude=(0.0 deg) Latitude=(0.0 deg) PositionAccuracy=("0") RAIM=("0") TimeStamp=("0") COG=(0.00 deg) SOG=(0.0 m/s) CommunicationState=(0) AISTransceiverinformation=("0") Heading=(0.00 deg) RateofTurn=(0.00 deg/s) NavStatus=("0") SpecialManeuverIndicator=("0") Spare=(0) SequenceID=(0)

1  : pgn=129038 line=Rx 10389429 11 f8 0e 01 03 08 fd 77 fd ff f0 fe
source=1: pgn=AIS Class A Position Report(129038): values=MessageID=(3) RepeatIndicator=("0") UserID=(4252499208) Longitude=(0.0 deg) Latitude=(0.0 deg) PositionAccuracy=("0") RAIM=("0") TimeStamp=("0") COG=(0.00 deg) SOG=(0.0 m/s) CommunicationState=(0) AISTransceiverinformation=("0") Heading=(0.00 deg) RateofTurn=(0.00 deg/s) NavStatus=("0") SpecialManeuverIndicator=("0") Spare=(0) SequenceID=(0)

32 : pgn=128259 line=Rx 10389468 09 f5 03 20 9a 2f 01 ff ff ff ff ff
source=32: pgn=Speed(128259): values=SpeedWaterReferenced=(3.0300000000000002 m/s) SpeedGroundReferenced=(None) SpeedWaterReferencedType=(None) SpeedDirection=(None)

0  : pgn=127250 line=Rx 10389468 09 f1 12 00 ff 98 40 ff 7f ff 7f fd
source=0: pgn=Vessel Heading(127250): values=Heading=(94.74 deg) Deviation=(None) Variation=(None) Reference=("1")

0  : pgn=127245 line=Rx 10389471 09 f1 0d 00 00 f8 ff 7f 00 00 ff ff
source=0: pgn=Rudder(127245): values=Instance=(0) DirectionOrder=("0") AngleOrder=(None) Position=(0.00 deg)

0  : pgn=65359  line=Rx 10389477 1c ff 4f 00 3b 9f ff ff ff 98 40 ff
source=0: pgn=Seatalk: Pilot Heading(65359): values=ManufacturerCode=(1851) IndustryCode=(4) HeadingTrue=(None) HeadingMagnetic=(94.74 deg)

3  : pgn=129025 line=Tx 10389493 09 f8 01 03 f5 53 6f 1c 42 f7 fd b6
1  : pgn=129038 line=Rx 10389519 11 f8 0e 01 20 1b c3 4a 6c de 15 77
1  : pgn=129038 line=Rx 10389519 11 f8 0e 01 21 47 03 b7 e8 84 59 1c
1  : pgn=129038 line=Rx 10389520 11 f8 0e 01 22 40 1a 89 02 02 00 00
1  : pgn=129038 line=Rx 10389520 11 f8 0e 01 23 00 a0 85 d2 e5 ff fe
32 : pgn=128259 line=Rx 10389567 09 f5 03 20 9b 34 01 ff ff ff ff ff
source=32: pgn=Speed(128259): values=SpeedWaterReferenced=(3.08 m/s) SpeedGroundReferenced=(None) SpeedWaterReferencedType=(None) SpeedDirection=(None)

0  : pgn=127250 line=Rx 10389571 09 f1 12 00 ff 80 40 ff 7f ff 7f fd
source=0: pgn=Vessel Heading(127250): values=Heading=(94.61 deg) Deviation=(None) Variation=(None) Reference=("1")

0  : pgn=127245 line=Rx 10389571 09 f1 0d 00 00 f8 ff 7f 00 00 ff ff
source=0: pgn=Rudder(127245): values=Instance=(0) DirectionOrder=("0") AngleOrder=(None) Position=(0.00 deg)

0  : pgn=65379  line=Rx 10389576 1c ff 63 00 3b 9f 00 00 00 00 01 ff
source=0: pgn=Seatalk: Pilot Mode(65379): values=ManufacturerCode=(1851) IndustryCode=(4) PilotMode=(0) SubMode=(0) PilotModeData=(0)

0  : pgn=65359  line=Rx 10389577 1c ff 4f 00 3b 9f ff ff ff 80 40 ff
source=0: pgn=Seatalk: Pilot Heading(65359): values=ManufacturerCode=(1851) IndustryCode=(4) HeadingTrue=(None) HeadingMagnetic=(94.61 deg)

3  : pgn=129026 line=Tx 10389593 09 f8 02 03 ff fc 44 4b 49 01 ff ff
source=3: pgn=COG & SOG, Rapid Update(129026): values=COGReference=("0") COG=(110.40 deg) SOG=(3.29 m/s)

3  : pgn=130577 line=Tx 10389593 0d fe 11 03 60 0e c0 c4 44 4b 49 01
3  : pgn=130577 line=Tx 10389593 0d fe 11 03 61 ff ff ff ff 0b 43 16
3  : pgn=130577 line=Tx 10389593 0d fe 11 03 62 00 ff ff ff ff ff ff
3  : pgn=129025 line=Tx 10389594 09 f8 01 03 f5 53 6f 1c 42 f7 fd b6
3  : pgn=130306 line=Tx 10389594 09 fd 02 03 ff 23 03 14 c7 fa ff ff
source=3: pgn=Wind Data(130306): values=WindSpeed=(8.03 m/s) WindAngle=(292.00 deg) Reference=("2")

0  : pgn=126975 line=Rx 10389595 1d ef ff 00 c0 0d 3b 9f f0 81 84 56
0  : pgn=126975 line=Rx 10389609 1d ef ff 00 c1 42 09 00 00 00 02 05
32 : pgn=128259 line=Rx 10389667 09 f5 03 20 9c 3a 01 ff ff ff ff ff
source=32: pgn=Speed(128259): values=SpeedWaterReferenced=(3.14 m/s) SpeedGroundReferenced=(None) SpeedWaterReferencedType=(None) SpeedDirection=(None)

0  : pgn=127250 line=Rx 10389670 09 f1 12 00 ff 55 40 ff 7f ff 7f fd
source=0: pgn=Vessel Heading(127250): values=Heading=(94.36 deg) Deviation=(None) Variation=(None) Reference=("1")

0  : pgn=127245 line=Rx 10389671 09 f1 0d 00 00 f8 ff 7f 00 00 ff ff
source=0: pgn=Rudder(127245): values=Instance=(0) DirectionOrder=("0") AngleOrder=(None) Position=(0.00 deg)

0  : pgn=65359  line=Rx 10389677 1c ff 4f 00 3b 9f ff ff ff 55 40 ff
source=0: pgn=Seatalk: Pilot Heading(65359): values=ManufacturerCode=(1851) IndustryCode=(4) HeadingTrue=(None) HeadingMagnetic=(94.36 deg)

0  : pgn=126975 line=Rx 10389688 1d ef ff 00 e0 09 3b 9f f0 81 ae 02
0  : pgn=126975 line=Rx 10389689 1d ef ff 00 e1 00 08 00 ff ff ff ff
3  : pgn=129283 line=Tx 10389695 0d f9 03 03 ff 7f ff ff ff 7f ff ff
source=3: pgn=Cross Track Error(129283): values=XTEmode=(None) NavigationTerminated=("1") XTE=(None)

3  : pgn=129025 line=Tx 10389695 09 f8 01 03 e0 53 6f 1c 9a f7 fd b6
source=3: pgn=Position, Rapid Update(129025): values=Latitude=(47.7058016 deg) Longitude=(-122.486999 deg)

3  : pgn=128267 line=Tx 10389695 0d f5 0b 03 ff a0 3e 00 00 00 00 ff
source=3: pgn=Water Depth(128267): values=Depth=(160.32 m) Offset=(0.0 m) Range=(None)

32 : pgn=128259 line=Rx 10389766 09 f5 03 20 9d 3f 01 ff ff ff ff ff
source=32: pgn=Speed(128259): values=SpeedWaterReferenced=(3.19 m/s) SpeedGroundReferenced=(None) SpeedWaterReferencedType=(None) SpeedDirection=(None)

0  : pgn=127250 line=Rx 10389770 09 f1 12 00 ff 45 40 ff 7f ff 7f fd
source=0: pgn=Vessel Heading(127250): values=Heading=(94.27 deg) Deviation=(None) Variation=(None) Reference=("1")

0  : pgn=127245 line=Rx 10389770 09 f1 0d 00 00 f8 ff 7f 00 00 ff ff
source=0: pgn=Rudder(127245): values=Instance=(0) DirectionOrder=("0") AngleOrder=(None) Position=(0.00 deg)

0  : pgn=65359  line=Rx 10389776 1c ff 4f 00 3b 9f ff ff ff 45 40 ff
source=0: pgn=Seatalk: Pilot Heading(65359): values=ManufacturerCode=(1851) IndustryCode=(4) HeadingTrue=(None) HeadingMagnetic=(94.27 deg)

1  : pgn=129039 line=Rx 10389791 11 f8 0f 01 e0 1a 12 dc 0e e6 15 b4
1  : pgn=129039 line=Rx 10389792 11 f8 0f 01 e1 91 13 b7 b7 25 66 1c
1  : pgn=129039 line=Rx 10389792 11 f8 0f 01 e2 3f 0f 54 2f 01 03 00
1  : pgn=129039 line=Rx 10389793 11 f8 0f 01 e3 08 ff ff 00 fc ff ff
3  : pgn=129026 line=Tx 10389795 09 f8 02 03 ff fc 67 4b 4a 01 ff ff
source=3: pgn=COG & SOG, Rapid Update(129026): values=COGReference=("0") COG=(110.60 deg) SOG=(3.3000000000000003 m/s)

3  : pgn=129025 line=Tx 10389795 09 f8 01 03 e0 53 6f 1c 9a f7 fd b6
source=3: pgn=Position, Rapid Update(129025): values=Latitude=(47.7058016 deg) Longitude=(-122.486999 deg)

3  : pgn=129542 line=Tx 10389795 19 fa 06 03 60 0f c4 26 01 00 00 00
3  : pgn=129542 line=Tx 10389795 19 fa 06 03 61 00 00 00 00 00 00 00
3  : pgn=129542 line=Tx 10389795 19 fa 06 03 62 00 00 ff ff ff ff ff
3  : pgn=65364  line=Tx 10389795 1c ff 54 03 3b 9f 23 03 88 cc ff ff
0  : pgn=127250 line=Rx 10389867 09 f1 12 00 ff 45 40 ff 7f ff 7f fd
source=0: pgn=Vessel Heading(127250): values=Heading=(94.27 deg) Deviation=(None) Variation=(None) Reference=("1")

32 : pgn=128259 line=Rx 10389868 09 f5 03 20 9e 44 01 ff ff ff ff ff
source=32: pgn=Speed(128259): values=SpeedWaterReferenced=(3.24 m/s) SpeedGroundReferenced=(None) SpeedWaterReferencedType=(None) SpeedDirection=(None)

0  : pgn=127245 line=Rx 10389868 09 f1 0d 00 00 f8 ff 7f 00 00 ff ff
source=0: pgn=Rudder(127245): values=Instance=(0) DirectionOrder=("0") AngleOrder=(None) Position=(0.00 deg)

32 : pgn=130310 line=Rx 10389871 15 fd 06 20 0f ff ff ff ff ff ff ff
source=32: pgn=Environmental Parameters (obsolete)(130310): values=WaterTemperature=(None) OutsideAmbientAirTemperature=(None) AtmosphericPressure=(None)

0  : pgn=65359  line=Rx 10389878 1c ff 4f 00 3b 9f ff ff ff 45 40 ff
source=0: pgn=Seatalk: Pilot Heading(65359): values=ManufacturerCode=(1851) IndustryCode=(4) HeadingTrue=(None) HeadingMagnetic=(94.27 deg)

32 : pgn=128275 line=Rx 10389881 19 f5 13 20 c0 0e ff ff ff ff ff ff
1  : pgn=129038 line=Rx 10389883 11 f8 0e 01 40 1b c1 aa eb e0 15 72
1  : pgn=129038 line=Rx 10389883 11 f8 0e 01 41 20 0e b7 c5 3b 68 1c
1  : pgn=129038 line=Rx 10389884 11 f8 0e 01 42 3c 97 0b 00 00 00 00
1  : pgn=129038 line=Rx 10389885 11 f8 0e 01 43 00 ff ff ff 7f f8 fe
32 : pgn=128275 line=Rx 10389886 19 f5 13 20 c1 a3 ae 3c 00 a3 ae 3c
32 : pgn=128275 line=Rx 10389891 19 f5 13 20 c2 00 ff ff ff ff ff ff
3  : pgn=129540 line=Tx 10389899 19 fa 04 03 a0 9f e6 ff 0d 03 97 1a
source=3: pgn=GNSS Sats in View(129540): values=RangeResidualMode=(None) SatsinView=(230) PRN=(None) Elevation=(4.47 deg) Azimuth=(39.00 deg) SNR=(0.0 dB) Rangeresiduals=(0) Status=("0")

3  : pgn=129540 line=Tx 10389899 19 fa 04 03 a1 2e 26 00 00 00 00 00
source=3: pgn=GNSS Sats in View(129540): values=RangeResidualMode=("0") SatsinView=(38) PRN=(0) Elevation=(0.00 deg) Azimuth=(0.00 deg) SNR=(0.0 dB) Rangeresiduals=(0) Status=("0")

3  : pgn=129540 line=Tx 10389899 19 fa 04 03 a2 00 f3 0f ff 1d ad 3c
source=3: pgn=GNSS Sats in View(129540): values=RangeResidualMode=("0") SatsinView=(243) PRN=(15) Elevation=(44.00 deg) Azimuth=(89.00 deg) SNR=(0.0 dB) Rangeresiduals=(0) Status=("0")

3  : pgn=129540 line=Tx 10389899 19 fa 04 03 a3 d8 0e 00 00 00 00 f5
source=3: pgn=GNSS Sats in View(129540): values=RangeResidualMode=("0") SatsinView=(14) PRN=(0) Elevation=(0.00 deg) Azimuth=(359.36 deg) SNR=(0.0 dB) Rangeresiduals=(0) Status=("0")

3  : pgn=129540 line=Tx 10389899 19 fa 04 03 a4 10 17 13 c2 b8 e4 0c
source=3: pgn=GNSS Sats in View(129540): values=RangeResidualMode=("0") SatsinView=(23) PRN=(19) Elevation=(-104.50 deg) Azimuth=(18.91 deg) SNR=(0.0 dB) Rangeresiduals=(0) Status=("0")

3  : pgn=129540 line=Tx 10389899 19 fa 04 03 a5 00 00 00 00 f5 12 c5
source=3: pgn=GNSS Sats in View(129540): values=RangeResidualMode=("0") SatsinView=(0) PRN=(0) Elevation=(-16.13 deg) Azimuth=(289.06 deg) SNR=(0.0 dB) Rangeresiduals=(0) Status=("0")

3  : pgn=129540 line=Tx 10389899 19 fa 04 03 a6 31 f2 93 1c 0c 00 00
source=3: pgn=GNSS Sats in View(129540): values=RangeResidualMode=("1") SatsinView=(242) PRN=(147) Elevation=(17.76 deg) Azimuth=(0.00 deg) SNR=(0.0 dB) Rangeresiduals=(0) Status=("0")

3  : pgn=129540 line=Tx 10389899 19 fa 04 03 a7 00 00 f5 13 69 03 1f
source=3: pgn=GNSS Sats in View(129540): values=RangeResidualMode=("0") SatsinView=(0) PRN=(245) Elevation=(154.12 deg) Azimuth=(45.49 deg) SNR=(0.0 dB) Rangeresiduals=(0) Status=("0")

3  : pgn=129540 line=Tx 10389899 19 fa 04 03 a8 d8 3c 0f 00 00 00 00
source=3: pgn=GNSS Sats in View(129540): values=RangeResidualMode=("0") SatsinView=(60) PRN=(15) Elevation=(0.00 deg) Azimuth=(0.00 deg) SNR=(0.0 dB) Rangeresiduals=(0) Status=("0")

3  : pgn=129540 line=Tx 10389899 19 fa 04 03 a9 f5 15 e8 37 c5 22 10
source=3: pgn=GNSS Sats in View(129540): values=RangeResidualMode=("1") SatsinView=(21) PRN=(232) Elevation=(-86.22 deg) Azimuth=(23.66 deg) SNR=(0.0 dB) Rangeresiduals=(0) Status=("0")

3  : pgn=129540 line=Tx 10389899 19 fa 04 03 aa 0e 00 00 00 00 f5 16
source=3: pgn=GNSS Sats in View(129540): values=RangeResidualMode=("0") SatsinView=(0) PRN=(0) Elevation=(0.00 deg) Azimuth=(33.67 deg) SNR=(0.0 dB) Rangeresiduals=(0) Status=("0")

3  : pgn=129540 line=Tx 10389900 19 fa 04 03 ab 80 16 7d 9d 10 0e 00
source=3: pgn=GNSS Sats in View(129540): values=RangeResidualMode=("0") SatsinView=(22) PRN=(125) Elevation=(24.37 deg) Azimuth=(0.08 deg) SNR=(0.0 dB) Rangeresiduals=(0) Status=("0")

3  : pgn=129540 line=Tx 10389901 19 fa 04 03 ac 00 00 00 f5 1a ae 0f
source=3: pgn=GNSS Sats in View(129540): values=RangeResidualMode=("0") SatsinView=(0) PRN=(0) Elevation=(39.54 deg) Azimuth=(23.00 deg) SNR=(0.0 dB) Rangeresiduals=(0) Status=("0")

3  : pgn=129540 line=Tx 10389902 19 fa 04 03 ad 5d 1f 80 0c 00 00 00
source=3: pgn=GNSS Sats in View(129540): values=RangeResidualMode=("1") SatsinView=(31) PRN=(128) Elevation=(0.07 deg) Azimuth=(0.00 deg) SNR=(0.0 dB) Rangeresiduals=(0) Status=("0")

3  : pgn=129540 line=Tx 10389902 19 fa 04 03 ae 00 f5 1b d1 15 ab d2
source=3: pgn=GNSS Sats in View(129540): values=RangeResidualMode=("0") SatsinView=(245) PRN=(27) Elevation=(32.00 deg) Azimuth=(309.00 deg) SNR=(0.0 dB) Rangeresiduals=(0) Status=("0")

3  : pgn=129540 line=Tx 10389903 19 fa 04 03 af 48 0d 00 00 00 00 f5
source=3: pgn=GNSS Sats in View(129540): values=RangeResidualMode=("0") SatsinView=(13) PRN=(0) Elevation=(0.00 deg) Azimuth=(359.36 deg) SNR=(0.0 dB) Rangeresiduals=(0) Status=("0")

3  : pgn=129540 line=Tx 10389904 19 fa 04 03 b0 1d 51 0e a1 67 80 0c
source=3: pgn=GNSS Sats in View(129540): values=RangeResidualMode=("1") SatsinView=(81) PRN=(14) Elevation=(152.00 deg) Azimuth=(18.33 deg) SNR=(0.0 dB) Rangeresiduals=(0) Status=("0")

3  : pgn=129540 line=Tx 10389904 19 fa 04 03 b1 00 00 00 00 f5 23 d1
source=3: pgn=GNSS Sats in View(129540): values=RangeResidualMode=("0") SatsinView=(0) PRN=(0) Elevation=(-16.13 deg) Azimuth=(306.76 deg) SNR=(0.0 dB) Rangeresiduals=(0) Status=("0")

3  : pgn=129540 line=Tx 10389906 19 fa 04 03 b2 15 c3 8b 00 00 00 00
source=3: pgn=GNSS Sats in View(129540): values=RangeResidualMode=("1") SatsinView=(195) PRN=(139) Elevation=(0.00 deg) Azimuth=(0.00 deg) SNR=(0.0 dB) Rangeresiduals=(0) Status=("0")

3  : pgn=129540 line=Tx 10389907 19 fa 04 03 b3 00 00 f3 30 2e 17 43
source=3: pgn=GNSS Sats in View(129540): values=RangeResidualMode=("0") SatsinView=(0) PRN=(243) Elevation=(67.75 deg) Azimuth=(98.41 deg) SNR=(0.0 dB) Rangeresiduals=(0) Status=("0")

3  : pgn=129540 line=Tx 10389908 19 fa 04 03 b4 84 10 0e 00 00 00 00
source=3: pgn=GNSS Sats in View(129540): values=RangeResidualMode=("0") SatsinView=(16) PRN=(14) Elevation=(0.00 deg) Azimuth=(0.00 deg) SNR=(0.0 dB) Rangeresiduals=(0) Status=("0")

3  : pgn=129540 line=Tx 10389908 19 fa 04 03 b5 f5 33 80 16 67 6c e4
source=3: pgn=GNSS Sats in View(129540): values=RangeResidualMode=("1") SatsinView=(51) PRN=(128) Elevation=(151.20 deg) Azimuth=(335.04 deg) SNR=(0.0 dB) Rangeresiduals=(0) Status=("0")

3  : pgn=129540 line=Tx 10389909 19 fa 04 03 b6 0c 00 00 00 00 f5 ff
source=3: pgn=GNSS Sats in View(129540): values=RangeResidualMode=("0") SatsinView=(0) PRN=(0) Elevation=(0.00 deg) Azimuth=(375.43 deg) SNR=(0.0 dB) Rangeresiduals=(0) Status=("0")

3  : pgn=129025 line=Tx 10389910 09 f8 01 03 e0 53 6f 1c 9a f7 fd b6
source=3: pgn=Position, Rapid Update(129025): values=Latitude=(47.7058016 deg) Longitude=(-122.486999 deg)

3  : pgn=127258 line=Tx 10389911 19 f1 1a 03 ff f6 12 39 fa 0a ff ff
source=3: pgn=Magnetic Variation(127258): values=Source=("6") Ageofservice=(14610 d) Variation=(16.10 deg)

3  : pgn=65311  line=Tx 10389911 1c ff 1f 03 3b 9f ff fa 0a ff ff ff
1  : pgn=59936  line=Rx 10389911 18 ea 20 01 00 ee 00 00 00 00 00 00
1  : pgn=129038 line=Rx 10389944 11 f8 0e 01 60 1b c1 7c 61 df 15 96
1  : pgn=129038 line=Rx 10389945 11 f8 0e 01 61 65 0f b7 2c 61 68 1c
1  : pgn=129038 line=Rx 10389945 11 f8 0e 01 62 3c 6e 13 00 00 00 00
1  : pgn=129038 line=Rx 10389946 11 f8 0e 01 63 00 ff ff ff 7f f0 fe
32 : pgn=128259 line=Rx 10389965 09 f5 03 20 9f 42 01 ff ff ff ff ff
0  : pgn=127250 line=Rx 10389969 09 f1 12 00 ff 52 40 ff 7f ff 7f fd
source=0: pgn=Vessel Heading(127250): values=Heading=(94.34 deg) Deviation=(None) Variation=(None) Reference=("1")

0  : pgn=127245 line=Rx 10389970 09 f1 0d 00 00 f8 ff 7f 00 00 ff ff
source=0: pgn=Rudder(127245): values=Instance=(0) DirectionOrder=("0") AngleOrder=(None) Position=(0.00 deg)

0  : pgn=65359  line=Rx 10389974 1c ff 4f 00 3b 9f ff ff ff 52 40 ff
source=0: pgn=Seatalk: Pilot Heading(65359): values=ManufacturerCode=(1851) IndustryCode=(4) HeadingTrue=(None) HeadingMagnetic=(94.34 deg)

3  : pgn=129026 line=Tx 10389999 09 f8 02 03 ff fc 8a 4b 4b 01 ff ff
source=3: pgn=COG & SOG, Rapid Update(129026): values=COGReference=("0") COG=(110.80 deg) SOG=(3.31 m/s)

3  : pgn=129025 line=Tx 10389999 09 f8 01 03 ad 53 6f 1c 29 f8 fd b6
source=3: pgn=Position, Rapid Update(129025): values=Latitude=(47.7057965 deg) Longitude=(-122.4869847 deg)

32 : pgn=128259 line=Rx 10390065 09 f5 03 20 a0 3c 01 ff ff ff ff ff
source=32: pgn=Speed(128259): values=SpeedWaterReferenced=(3.16 m/s) SpeedGroundReferenced=(None) SpeedWaterReferencedType=(None) SpeedDirection=(None)

0  : pgn=127250 line=Rx 10390072 09 f1 12 00 ff 74 40 ff 7f ff 7f fd
source=0: pgn=Vessel Heading(127250): values=Heading=(94.54 deg) Deviation=(None) Variation=(None) Reference=("1")

0  : pgn=127245 line=Rx 10390073 09 f1 0d 00 00 f8 ff 7f 00 00 ff ff
source=0: pgn=Rudder(127245): values=Instance=(0) DirectionOrder=("0") AngleOrder=(None) Position=(0.00 deg)

0  : pgn=65359  line=Rx 10390079 1c ff 4f 00 3b 9f ff ff ff 74 40 ff
source=0: pgn=Seatalk: Pilot Heading(65359): values=ManufacturerCode=(1851) IndustryCode=(4) HeadingTrue=(None) HeadingMagnetic=(94.54 deg)

0  : pgn=126975 line=Rx 10390086 1d ef ff 00 00 08 3b 9f f0 81 9c 51
0  : pgn=126975 line=Rx 10390089 1d ef ff 00 01 02 00 ff ff ff ff ff
3  : pgn=129029 line=Tx 10390099 0d f8 05 03 60 2b c4 06 40 98 ee 1a
3  : pgn=129029 line=Tx 10390099 0d f8 05 03 61 2c 00 82 18 0d b1 d9
3  : pgn=129029 line=Tx 10390099 0d f8 05 03 62 9e 06 00 5a 7a 21 5d
3  : pgn=129029 line=Tx 10390099 0d f8 05 03 63 63 00 ef ff ff ff ff
3  : pgn=129029 line=Tx 10390099 0d f8 05 03 64 ff ff ff 7f 23 fc 09
3  : pgn=129029 line=Tx 10390099 0d f8 05 03 65 4f 00 ff 7f ff ff ff
3  : pgn=129029 line=Tx 10390099 0d f8 05 03 66 7f 00 ff ff ff ff ff
3  : pgn=129025 line=Tx 10390099 09 f8 01 03 ad 53 6f 1c 29 f8 fd b6
source=3: pgn=Position, Rapid Update(129025): values=Latitude=(47.7057965 deg) Longitude=(-122.4869847 deg)

3  : pgn=129033 line=Tx 10390099 0d f8 09 03 06 40 98 ee 1a 2c 5c fe
source=3: pgn=Time & Date(129033): values=Date=(16390 d) Time=(73996.25200000001 s) LocalOffset=(-25200.0 s)

32 : pgn=128259 line=Rx 10390164 09 f5 03 20 a1 3e 01 ff ff ff ff ff
source=32: pgn=Speed(128259): values=SpeedWaterReferenced=(3.18 m/s) SpeedGroundReferenced=(None) SpeedWaterReferencedType=(None) SpeedDirection=(None)

0  : pgn=127250 line=Rx 10390170 09 f1 12 00 ff 8b 40 ff 7f ff 7f fd
source=0: pgn=Vessel Heading(127250): values=Heading=(94.67 deg) Deviation=(None) Variation=(None) Reference=("1")

0  : pgn=127245 line=Rx 10390170 09 f1 0d 00 00 f8 ff 7f 00 00 ff ff
source=0: pgn=Rudder(127245): values=Instance=(0) DirectionOrder=("0") AngleOrder=(None) Position=(0.00 deg)

0  : pgn=65359  line=Rx 10390175 1c ff 4f 00 3b 9f ff ff ff 8b 40 ff
source=0: pgn=Seatalk: Pilot Heading(65359): values=ManufacturerCode=(1851) IndustryCode=(4) HeadingTrue=(None) HeadingMagnetic=(94.67 deg)

3  : pgn=129026 line=Tx 10390199 09 f8 02 03 ff fc ad 4b 49 01 ff ff
source=3: pgn=COG & SOG, Rapid Update(129026): values=COGReference=("0") COG=(111.00 deg) SOG=(3.29 m/s)

3  : pgn=129025 line=Tx 10390199 09 f8 01 03 9c 53 6f 1c 76 f8 fd b6
source=3: pgn=Position, Rapid Update(129025): values=Latitude=(47.7057948 deg) Longitude=(-122.486977 deg)

3  : pgn=126992 line=Tx 10390199 0d f0 10 03 ff ff 06 40 f6 f9 1a 2c
source=3: pgn=System Time(126992): values=Source=(None) Date=(16390 d) Time=(73996.543 s)

32 : pgn=128259 line=Rx 10390264 09 f5 03 20 a2 30 01 ff ff ff ff ff
source=32: pgn=Speed(128259): values=SpeedWaterReferenced=(3.04 m/s) SpeedGroundReferenced=(None) SpeedWaterReferencedType=(None) SpeedDirection=(None)

0  : pgn=127250 line=Rx 10390270 09 f1 12 00 ff bd 40 ff 7f ff 7f fd
source=0: pgn=Vessel Heading(127250): values=Heading=(94.96 deg) Deviation=(None) Variation=(None) Reference=("1")

0  : pgn=127245 line=Rx 10390270 09 f1 0d 00 00 f8 ff 7f 00 00 ff ff
source=0: pgn=Rudder(127245): values=Instance=(0) DirectionOrder=("0") AngleOrder=(None) Position=(0.00 deg)

0  : pgn=65359  line=Rx 10390278 1c ff 4f 00 3b 9f ff ff ff bd 40 ff
source=0: pgn=Seatalk: Pilot Heading(65359): values=ManufacturerCode=(1851) IndustryCode=(4) HeadingTrue=(None) HeadingMagnetic=(94.96 deg)

3  : pgn=129025 line=Tx 10390300 09 f8 01 03 9c 53 6f 1c 76 f8 fd b6
source=3: pgn=Position, Rapid Update(129025): values=Latitude=(47.7057948 deg) Longitude=(-122.486977 deg)

1  : pgn=129038 line=Rx 10390307 11 f8 0e 01 80 1b c1 aa 4a dc 15 22
1  : pgn=129038 line=Rx 10390307 11 f8 0e 01 81 6f 14 b7 fa 5f 66 1c
1  : pgn=129038 line=Rx 10390308 11 f8 0e 01 82 3c 74 05 00 00 00 00
1  : pgn=129038 line=Rx 10390309 11 f8 0e 01 83 00 ff ff ff 7f f0 fe
32 : pgn=128259 line=Rx 10390364 09 f5 03 20 a3 33 01 ff ff ff ff ff
source=32: pgn=Speed(128259): values=SpeedWaterReferenced=(3.0700000000000003 m/s) SpeedGroundReferenced=(None) SpeedWaterReferencedType=(None) SpeedDirection=(None)

0  : pgn=127250 line=Rx 10390370 09 f1 12 00 ff db 40 ff 7f ff 7f fd
source=0: pgn=Vessel Heading(127250): values=Heading=(95.13 deg) Deviation=(None) Variation=(None) Reference=("1")

0  : pgn=127245 line=Rx 10390371 09 f1 0d 00 00 f8 ff 7f 00 00 ff ff
source=0: pgn=Rudder(127245): values=Instance=(0) DirectionOrder=("0") AngleOrder=(None) Position=(0.00 deg)

0  : pgn=65359  line=Rx 10390375 1c ff 4f 00 3b 9f ff ff ff db 40 ff
source=0: pgn=Seatalk: Pilot Heading(65359): values=ManufacturerCode=(1851) IndustryCode=(4) HeadingTrue=(None) HeadingMagnetic=(95.13 deg)

1  : pgn=129038 line=Rx 10390397 11 f8 0e 01 a0 1b c1 50 e0 e6 15 3c
1  : pgn=129038 line=Rx 10390398 11 f8 0e 01 a1 86 ca b6 5a 73 67 1c
1  : pgn=129038 line=Rx 10390398 11 f8 0e 01 a2 3c 98 de 05 00 00 00
1  : pgn=129038 line=Rx 10390399 11 f8 0e 01 a3 00 a2 2b 2e 1a ff fe
4  : pgn=65384  line=Rx 10390400 1c ff 68 04 3b 9f 00 00 00 00 00 00
3  : pgn=129026 line=Tx 10390403 09 f8 02 03 ff fc ad 4b 49 01 ff ff
source=3: pgn=COG & SOG, Rapid Update(129026): values=COGReference=("0") COG=(111.00 deg) SOG=(3.29 m/s)

3  : pgn=129025 line=Tx 10390403 09 f8 01 03 9c 53 6f 1c 76 f8 fd b6
source=3: pgn=Position, Rapid Update(129025): values=Latitude=(47.7057948 deg) Longitude=(-122.486977 deg)

3  : pgn=129291 line=Tx 10390403 0d f9 0b 03 ff fc 74 4b 19 00 ff ff
source=3: pgn=Set & Drift, Rapid Update(129291): values=SetReference=("0") Set=(110.67 deg) Drift=(0.25 m/s)

3  : pgn=65362  line=Tx 10390403 1c ff 52 03 3b 9f 90 9d ff ff ff ff
32 : pgn=128259 line=Rx 10390463 09 f5 03 20 a4 42 01 ff ff ff ff ff
source=32: pgn=Speed(128259): values=SpeedWaterReferenced=(3.22 m/s) SpeedGroundReferenced=(None) SpeedWaterReferencedType=(None) SpeedDirection=(None)

0  : pgn=127250 line=Rx 10390470 09 f1 12 00 ff 19 41 ff 7f ff 7f fd
source=0: pgn=Vessel Heading(127250): values=Heading=(95.48 deg) Deviation=(None) Variation=(None) Reference=("1")

0  : pgn=127245 line=Rx 10390470 09 f1 0d 00 00 f8 ff 7f 00 00 ff ff
source=0: pgn=Rudder(127245): values=Instance=(0) DirectionOrder=("0") AngleOrder=(None) Position=(0.00 deg)

0  : pgn=65359  line=Rx 10390477 1c ff 4f 00 3b 9f ff ff ff 19 41 ff
source=0: pgn=Seatalk: Pilot Heading(65359): values=ManufacturerCode=(1851) IndustryCode=(4) HeadingTrue=(None) HeadingMagnetic=(95.48 deg)

3  : pgn=129025 line=Tx 10390504 09 f8 01 03 84 53 6f 1c c0 f8 fd b6
source=3: pgn=Position, Rapid Update(129025): values=Latitude=(47.7057924 deg) Longitude=(-122.4869696 deg)

1  : pgn=129038 line=Rx 10390521 11 f8 0e 01 c0 1b c1 2e 9d e2 15 ad
1  : pgn=129038 line=Rx 10390521 11 f8 0e 01 c1 75 0c b7 01 e4 68 1c
1  : pgn=129038 line=Rx 10390522 11 f8 0e 01 c2 3c 85 0b 00 00 00 00
1  : pgn=129038 line=Rx 10390522 11 f8 0e 01 c3 00 ff ff ff 7f f0 fe
32 : pgn=128259 line=Rx 10390563 09 f5 03 20 a5 3a 01 ff ff ff ff ff
source=32: pgn=Speed(128259): values=SpeedWaterReferenced=(3.14 m/s) SpeedGroundReferenced=(None) SpeedWaterReferencedType=(None) SpeedDirection=(None)

0  : pgn=127250 line=Rx 10390569 09 f1 12 00 ff 40 41 ff 7f ff 7f fd
source=0: pgn=Vessel Heading(127250): values=Heading=(95.71 deg) Deviation=(None) Variation=(None) Reference=("1")

0  : pgn=127245 line=Rx 10390570 09 f1 0d 00 00 f8 ff 7f 00 00 ff ff
source=0: pgn=Rudder(127245): values=Instance=(0) DirectionOrder=("0") AngleOrder=(None) Position=(0.00 deg)

0  : pgn=65379  line=Rx 10390574 1c ff 63 00 3b 9f 00 00 00 00 01 ff
source=0: pgn=Seatalk: Pilot Mode(65379): values=ManufacturerCode=(1851) IndustryCode=(4) PilotMode=(0) SubMode=(0) PilotModeData=(0)

0  : pgn=65359  line=Rx 10390575 1c ff 4f 00 3b 9f ff ff ff 40 41 ff
source=0: pgn=Seatalk: Pilot Heading(65359): values=ManufacturerCode=(1851) IndustryCode=(4) HeadingTrue=(None) HeadingMagnetic=(95.71 deg)

0  : pgn=126975 line=Rx 10390588 1d ef ff 00 20 0d 3b 9f f0 81 84 d6
0  : pgn=126975 line=Rx 10390590 1d ef ff 00 21 42 0b 00 00 00 02 05
3  : pgn=129026 line=Tx 10390604 09 f8 02 03 ff fc e2 4b 48 01 ff ff
source=3: pgn=COG & SOG, Rapid Update(129026): values=COGReference=("0") COG=(111.30 deg) SOG=(3.2800000000000002 m/s)

3  : pgn=130577 line=Tx 10390604 0d fe 11 03 80 0e c0 c5 e2 4b 48 01
3  : pgn=130577 line=Tx 10390604 0d fe 11 03 81 ff ff ff ff 74 4b 19
3  : pgn=130577 line=Tx 10390604 0d fe 11 03 82 00 ff ff ff ff ff ff
3  : pgn=129025 line=Tx 10390604 09 f8 01 03 84 53 6f 1c c0 f8 fd b6
3  : pgn=130306 line=Tx 10390604 09 fd 02 03 ff 23 03 88 cc fa ff ff
source=3: pgn=Wind Data(130306): values=WindSpeed=(8.03 m/s) WindAngle=(300.00 deg) Reference=("2")

1  : pgn=129041 line=Rx 10390639 11 f8 11 01 60 30 15 76 89 3a 3b ed
1  : pgn=129041 line=Rx 10390640 11 f8 11 01 61 61 e3 b6 67 78 ad 1c
1  : pgn=129041 line=Rx 10390640 11 f8 11 01 62 f4 00 00 00 00 00 00
1  : pgn=129041 line=Rx 10390641 11 f8 11 01 63 ff ff 52 ee ff e1 16
1  : pgn=129041 line=Rx 10390641 11 f8 11 01 64 01 50 53 20 54 53 4c
1  : pgn=129041 line=Rx 10390642 11 f8 11 01 65 20 53 42 20 20 20 20
1  : pgn=129041 line=Rx 10390642 11 f8 11 01 66 20 20 20 20 20 20 20
32 : pgn=128259 line=Rx 10390662 09 f5 03 20 a6 48 01 ff ff ff ff ff
source=32: pgn=Speed(128259): values=SpeedWaterReferenced=(3.2800000000000002 m/s) SpeedGroundReferenced=(None) SpeedWaterReferencedType=(None) SpeedDirection=(None)

0  : pgn=127250 line=Rx 10390668 09 f1 12 00 ff 45 41 ff 7f ff 7f fd
source=0: pgn=Vessel Heading(127250): values=Heading=(95.74 deg) Deviation=(None) Variation=(None) Reference=("1")

0  : pgn=127245 line=Rx 10390669 09 f1 0d 00 00 f8 ff 7f 00 00 ff ff
source=0: pgn=Rudder(127245): values=Instance=(0) DirectionOrder=("0") AngleOrder=(None) Position=(0.00 deg)

0  : pgn=65359  line=Rx 10390676 1c ff 4f 00 3b 9f ff ff ff 45 41 ff
source=0: pgn=Seatalk: Pilot Heading(65359): values=ManufacturerCode=(1851) IndustryCode=(4) HeadingTrue=(None) HeadingMagnetic=(95.74 deg)

0  : pgn=126975 line=Rx 10390684 1d ef ff 00 40 09 3b 9f f0 81 ae 02
0  : pgn=126975 line=Rx 10390687 1d ef ff 00 41 00 08 00 ff ff ff ff
3  : pgn=129283 line=Tx 10390705 0d f9 03 03 ff 7f ff ff ff 7f ff ff
source=3: pgn=Cross Track Error(129283): values=XTEmode=(None) NavigationTerminated=("1") XTE=(None)

3  : pgn=129025 line=Tx 10390705 09 f8 01 03 84 53 6f 1c c0 f8 fd b6
source=3: pgn=Position, Rapid Update(129025): values=Latitude=(47.7057924 deg) Longitude=(-122.4869696 deg)

3  : pgn=128267 line=Tx 10390705 0d f5 0b 03 ff b0 3e 00 00 00 00 ff
source=3: pgn=Water Depth(128267): values=Depth=(160.48 m) Offset=(0.0 m) Range=(None)

32 : pgn=128259 line=Rx 10390762 09 f5 03 20 a7 3b 01 ff ff ff ff ff
source=32: pgn=Speed(128259): values=SpeedWaterReferenced=(3.15 m/s) SpeedGroundReferenced=(None) SpeedWaterReferencedType=(None) SpeedDirection=(None)

0  : pgn=127250 line=Rx 10390768 09 f1 12 00 ff 2a 41 ff 7f ff 7f fd
source=0: pgn=Vessel Heading(127250): values=Heading=(95.58 deg) Deviation=(None) Variation=(None) Reference=("1")

0  : pgn=127245 line=Rx 10390769 09 f1 0d 00 00 f8 ff 7f 00 00 ff ff
source=0: pgn=Rudder(127245): values=Instance=(0) DirectionOrder=("0") AngleOrder=(None) Position=(0.00 deg)

0  : pgn=65359  line=Rx 10390775 1c ff 4f 00 3b 9f ff ff ff 2a 41 ff
source=0: pgn=Seatalk: Pilot Heading(65359): values=ManufacturerCode=(1851) IndustryCode=(4) HeadingTrue=(None) HeadingMagnetic=(95.58 deg)

3  : pgn=129026 line=Tx 10390806 09 f8 02 03 ff fc 04 4c 48 01 ff ff
source=3: pgn=COG & SOG, Rapid Update(129026): values=COGReference=("0") COG=(111.50 deg) SOG=(3.2800000000000002 m/s)

3  : pgn=129025 line=Tx 10390806 09 f8 01 03 5b 53 6f 1c 65 f9 fd b6
source=3: pgn=Position, Rapid Update(129025): values=Latitude=(47.705788299999995 deg) Longitude=(-122.4869531 deg)

3  : pgn=129542 line=Tx 10390806 19 fa 06 03 80 0f c5 2d 01 00 00 00
3  : pgn=129542 line=Tx 10390806 19 fa 06 03 81 00 00 00 00 00 00 00
3  : pgn=129542 line=Tx 10390806 19 fa 06 03 82 00 00 ff ff ff ff ff
3  : pgn=65364  line=Tx 10390806 1c ff 54 03 3b 9f 23 03 7c ca ff ff
3  : pgn=130846 line=Tx 10390806 1d ff 1e 03 e0 0c 3b 9f 0b 1a 13 cc
source=3: pgn=Furuno: Motion Sensor Status Extended(130846): values=ManufacturerCode=(1248) IndustryCode=(0)

3  : pgn=130846 line=Tx 10390806 1d ff 1e 03 e1 05 01 40 01 ff ff ff
source=3: pgn=Furuno: Motion Sensor Status Extended(130846): values=ManufacturerCode=(1505) IndustryCode=(0)

32 : pgn=128259 line=Rx 10390863 09 f5 03 20 a8 37 01 ff ff ff ff ff
source=32: pgn=Speed(128259): values=SpeedWaterReferenced=(3.11 m/s) SpeedGroundReferenced=(None) SpeedWaterReferencedType=(None) SpeedDirection=(None)

32 : pgn=130310 line=Rx 10390866 15 fd 06 20 10 ff ff ff ff ff ff ff
source=32: pgn=Environmental Parameters (obsolete)(130310): values=WaterTemperature=(None) OutsideAmbientAirTemperature=(None) AtmosphericPressure=(None)

0  : pgn=127250 line=Rx 10390870 09 f1 12 00 ff 07 41 ff 7f ff 7f fd
source=0: pgn=Vessel Heading(127250): values=Heading=(95.38 deg) Deviation=(None) Variation=(None) Reference=("1")

0  : pgn=127245 line=Rx 10390871 09 f1 0d 00 00 f8 ff 7f 00 00 ff ff
source=0: pgn=Rudder(127245): values=Instance=(0) DirectionOrder=("0") AngleOrder=(None) Position=(0.00 deg)

32 : pgn=128275 line=Rx 10390876 19 f5 13 20 e0 0e ff ff ff ff ff ff
0  : pgn=65359  line=Rx 10390878 1c ff 4f 00 3b 9f ff ff ff 07 41 ff
source=0: pgn=Seatalk: Pilot Heading(65359): values=ManufacturerCode=(1851) IndustryCode=(4) HeadingTrue=(None) HeadingMagnetic=(95.38 deg)

32 : pgn=128275 line=Rx 10390881 19 f5 13 20 e1 a3 ae 3c 00 a3 ae 3c
32 : pgn=128275 line=Rx 10390886 19 f5 13 20 e2 00 ff ff ff ff ff ff
1  : pgn=59936  line=Rx 10390910 18 ea 20 01 00 ee 00 00 00 00 00 00
3  : pgn=129540 line=Tx 10390910 19 fa 04 03 c0 9f e7 ff 0d 03 97 1a
source=3: pgn=GNSS Sats in View(129540): values=RangeResidualMode=(None) SatsinView=(231) PRN=(None) Elevation=(4.47 deg) Azimuth=(39.00 deg) SNR=(0.0 dB) Rangeresiduals=(0) Status=("0")

3  : pgn=129540 line=Tx 10390910 19 fa 04 03 c1 2e 26 00 00 00 00 00
source=3: pgn=GNSS Sats in View(129540): values=RangeResidualMode=("0") SatsinView=(38) PRN=(0) Elevation=(0.00 deg) Azimuth=(0.00 deg) SNR=(0.0 dB) Rangeresiduals=(0) Status=("0")

3  : pgn=129540 line=Tx 10390910 19 fa 04 03 c2 00 f3 0f ff 1d ad 3c
source=3: pgn=GNSS Sats in View(129540): values=RangeResidualMode=("0") SatsinView=(243) PRN=(15) Elevation=(44.00 deg) Azimuth=(89.00 deg) SNR=(0.0 dB) Rangeresiduals=(0) Status=("0")

3  : pgn=129540 line=Tx 10390910 19 fa 04 03 c3 74 0e 00 00 00 00 f5
source=3: pgn=GNSS Sats in View(129540): values=RangeResidualMode=("0") SatsinView=(14) PRN=(0) Elevation=(0.00 deg) Azimuth=(359.36 deg) SNR=(0.0 dB) Rangeresiduals=(0) Status=("0")

3  : pgn=129540 line=Tx 10390910 19 fa 04 03 c4 10 17 13 c2 b8 e4 0c
source=3: pgn=GNSS Sats in View(129540): values=RangeResidualMode=("0") SatsinView=(23) PRN=(19) Elevation=(-104.50 deg) Azimuth=(18.91 deg) SNR=(0.0 dB) Rangeresiduals=(0) Status=("0")

3  : pgn=129540 line=Tx 10390910 19 fa 04 03 c5 00 00 00 00 f5 12 c5
source=3: pgn=GNSS Sats in View(129540): values=RangeResidualMode=("0") SatsinView=(0) PRN=(0) Elevation=(-16.13 deg) Azimuth=(289.06 deg) SNR=(0.0 dB) Rangeresiduals=(0) Status=("0")

3  : pgn=129540 line=Tx 10390910 19 fa 04 03 c6 31 f2 93 ac 0d 00 00
source=3: pgn=GNSS Sats in View(129540): values=RangeResidualMode=("1") SatsinView=(242) PRN=(147) Elevation=(20.05 deg) Azimuth=(0.00 deg) SNR=(0.0 dB) Rangeresiduals=(0) Status=("0")

3  : pgn=129540 line=Tx 10390910 19 fa 04 03 c7 00 00 f5 13 69 03 1f
source=3: pgn=GNSS Sats in View(129540): values=RangeResidualMode=("0") SatsinView=(0) PRN=(245) Elevation=(154.12 deg) Azimuth=(45.49 deg) SNR=(0.0 dB) Rangeresiduals=(0) Status=("0")

3  : pgn=129540 line=Tx 10390910 19 fa 04 03 c8 d8 d8 0e 00 00 00 00
source=3: pgn=GNSS Sats in View(129540): values=RangeResidualMode=("0") SatsinView=(216) PRN=(14) Elevation=(0.00 deg) Azimuth=(0.00 deg) SNR=(0.0 dB) Rangeresiduals=(0) Status=("0")

3  : pgn=129540 line=Tx 10390910 19 fa 04 03 c9 f5 15 e8 37 c5 22 10
source=3: pgn=GNSS Sats in View(129540): values=RangeResidualMode=("1") SatsinView=(21) PRN=(232) Elevation=(-86.22 deg) Azimuth=(23.66 deg) SNR=(0.0 dB) Rangeresiduals=(0) Status=("0")

3  : pgn=129540 line=Tx 10390910 19 fa 04 03 ca 0e 00 00 00 00 f5 16
source=3: pgn=GNSS Sats in View(129540): values=RangeResidualMode=("0") SatsinView=(0) PRN=(0) Elevation=(0.00 deg) Azimuth=(33.67 deg) SNR=(0.0 dB) Rangeresiduals=(0) Status=("0")

3  : pgn=129540 line=Tx 10390911 19 fa 04 03 cb 80 16 7d 9d 10 0e 00
source=3: pgn=GNSS Sats in View(129540): values=RangeResidualMode=("0") SatsinView=(22) PRN=(125) Elevation=(24.37 deg) Azimuth=(0.08 deg) SNR=(0.0 dB) Rangeresiduals=(0) Status=("0")

3  : pgn=129540 line=Tx 10390912 19 fa 04 03 cc 00 00 00 f5 1a ae 0f
source=3: pgn=GNSS Sats in View(129540): values=RangeResidualMode=("0") SatsinView=(0) PRN=(0) Elevation=(39.54 deg) Azimuth=(23.00 deg) SNR=(0.0 dB) Rangeresiduals=(0) Status=("0")

3  : pgn=129540 line=Tx 10390913 19 fa 04 03 cd 5d 1f b8 0b 00 00 00
source=3: pgn=GNSS Sats in View(129540): values=RangeResidualMode=("1") SatsinView=(31) PRN=(184) Elevation=(0.06 deg) Azimuth=(0.00 deg) SNR=(0.0 dB) Rangeresiduals=(0) Status=("0")

3  : pgn=129540 line=Tx 10390913 19 fa 04 03 ce 00 f5 1b d1 15 ab d2
source=3: pgn=GNSS Sats in View(129540): values=RangeResidualMode=("0") SatsinView=(245) PRN=(27) Elevation=(32.00 deg) Azimuth=(309.00 deg) SNR=(0.0 dB) Rangeresiduals=(0) Status=("0")

3  : pgn=129540 line=Tx 10390915 19 fa 04 03 cf ac 0d 00 00 00 00 f5
source=3: pgn=GNSS Sats in View(129540): values=RangeResidualMode=("0") SatsinView=(13) PRN=(0) Elevation=(0.00 deg) Azimuth=(359.36 deg) SNR=(0.0 dB) Rangeresiduals=(0) Status=("0")

3  : pgn=129540 line=Tx 10390916 19 fa 04 03 d0 1d 51 0e a1 67 e4 0c
source=3: pgn=GNSS Sats in View(129540): values=RangeResidualMode=("1") SatsinView=(81) PRN=(14) Elevation=(152.00 deg) Azimuth=(18.91 deg) SNR=(0.0 dB) Rangeresiduals=(0) Status=("0")

3  : pgn=129540 line=Tx 10390917 19 fa 04 03 d1 00 00 00 00 f5 23 d1
source=3: pgn=GNSS Sats in View(129540): values=RangeResidualMode=("0") SatsinView=(0) PRN=(0) Elevation=(-16.13 deg) Azimuth=(306.76 deg) SNR=(0.0 dB) Rangeresiduals=(0) Status=("0")

3  : pgn=129540 line=Tx 10390917 19 fa 04 03 d2 15 c3 8b 00 00 00 00
source=3: pgn=GNSS Sats in View(129540): values=RangeResidualMode=("1") SatsinView=(195) PRN=(139) Elevation=(0.00 deg) Azimuth=(0.00 deg) SNR=(0.0 dB) Rangeresiduals=(0) Status=("0")

3  : pgn=129540 line=Tx 10390918 19 fa 04 03 d3 00 00 f3 30 2e 17 43
source=3: pgn=GNSS Sats in View(129540): values=RangeResidualMode=("0") SatsinView=(0) PRN=(243) Elevation=(67.75 deg) Azimuth=(98.41 deg) SNR=(0.0 dB) Rangeresiduals=(0) Status=("0")

3  : pgn=129540 line=Tx 10390919 19 fa 04 03 d4 84 10 0e 00 00 00 00
source=3: pgn=GNSS Sats in View(129540): values=RangeResidualMode=("0") SatsinView=(16) PRN=(14) Elevation=(0.00 deg) Azimuth=(0.00 deg) SNR=(0.0 dB) Rangeresiduals=(0) Status=("0")

3  : pgn=129540 line=Tx 10390920 19 fa 04 03 d5 f5 33 80 16 67 6c 1c
source=3: pgn=GNSS Sats in View(129540): values=RangeResidualMode=("1") SatsinView=(51) PRN=(128) Elevation=(151.20 deg) Azimuth=(41.69 deg) SNR=(0.0 dB) Rangeresiduals=(0) Status=("0")

3  : pgn=129540 line=Tx 10390920 19 fa 04 03 d6 0c 00 00 00 00 f5 ff
source=3: pgn=GNSS Sats in View(129540): values=RangeResidualMode=("0") SatsinView=(0) PRN=(0) Elevation=(0.00 deg) Azimuth=(375.43 deg) SNR=(0.0 dB) Rangeresiduals=(0) Status=("0")

3  : pgn=129025 line=Tx 10390922 09 f8 01 03 5b 53 6f 1c 65 f9 fd b6
source=3: pgn=Position, Rapid Update(129025): values=Latitude=(47.705788299999995 deg) Longitude=(-122.4869531 deg)

3  : pgn=127258 line=Tx 10390923 19 f1 1a 03 ff f6 12 39 fa 0a ff ff
source=3: pgn=Magnetic Variation(127258): values=Source=("6") Ageofservice=(14610 d) Variation=(16.10 deg)

32 : pgn=128259 line=Rx 10390967 09 f5 03 20 a9 39 01 ff ff ff ff ff
0  : pgn=127250 line=Rx 10390967 09 f1 12 00 ff 9d 40 ff 7f ff 7f fd
source=0: pgn=Vessel Heading(127250): values=Heading=(94.77 deg) Deviation=(None) Variation=(None) Reference=("1")

0  : pgn=127245 line=Rx 10390970 09 f1 0d 00 00 f8 ff 7f 00 00 ff ff
source=0: pgn=Rudder(127245): values=Instance=(0) DirectionOrder=("0") AngleOrder=(None) Position=(0.00 deg)

32 : pgn=65368  line=Rx 10390971 1c ff 58 20 3b 9f 35 56 71 ff ff ff
1  : pgn=129038 line=Rx 10390972 11 f8 0e 01 e0 1b c1 e6 1f 26 14 94
1  : pgn=129038 line=Rx 10390973 11 f8 0e 01 e1 3b 16 b7 16 39 66 1c
1  : pgn=129038 line=Rx 10390973 11 f8 0e 01 e2 40 00 00 00 00 00 00
1  : pgn=129038 line=Rx 10390976 11 f8 0e 01 e3 00 ff ff ff 7f ff fe
0  : pgn=65359  line=Rx 10390977 1c ff 4f 00 3b 9f ff ff ff 9d 40 ff
source=0: pgn=Seatalk: Pilot Heading(65359): values=ManufacturerCode=(1851) IndustryCode=(4) HeadingTrue=(None) HeadingMagnetic=(94.77 deg)

3  : pgn=129026 line=Tx 10391010 09 f8 02 03 ff fc 39 4c 4a 01 ff ff
source=3: pgn=COG & SOG, Rapid Update(129026): values=COGReference=("0") COG=(111.80 deg) SOG=(3.3000000000000003 m/s)

3  : pgn=129025 line=Tx 10391010 09 f8 01 03 44 53 6f 1c ba f9 fd b6
source=3: pgn=Position, Rapid Update(129025): values=Latitude=(47.705785999999996 deg) Longitude=(-122.4869446 deg)

4  : pgn=126975 line=Rx 10391058 1d ef ff 04 e0 07 3b 9f f0 81 90 00
4  : pgn=126975 line=Rx 10391058 1d ef ff 04 e1 03 ff ff ff ff ff ff
32 : pgn=128259 line=Rx 10391061 09 f5 03 20 aa 3c 01 ff ff ff ff ff
source=32: pgn=Speed(128259): values=SpeedWaterReferenced=(3.16 m/s) SpeedGroundReferenced=(None) SpeedWaterReferencedType=(None) SpeedDirection=(None)

1  : pgn=129038 line=Rx 10391064 11 f8 0e 01 00 1b c1 8a ff e7 15 2e
source=1: pgn=AIS Class A Position Report(129038): values=MessageID=(0) RepeatIndicator=("0") UserID=(4287283483) Longitude=(0.0 deg) Latitude=(0.0 deg) PositionAccuracy=("0") RAIM=("0") TimeStamp=("0") COG=(0.00 deg) SOG=(0.0 m/s) CommunicationState=(0) AISTransceiverinformation=("0") Heading=(0.00 deg) RateofTurn=(0.00 deg/s) NavStatus=("0") SpecialManeuverIndicator=("0") Spare=(0) SequenceID=(0)

1  : pgn=129038 line=Rx 10391064 11 f8 0e 01 01 66 0e b7 e5 30 68 1c
source=1: pgn=AIS Class A Position Report(129038): values=MessageID=(1) RepeatIndicator=("0") UserID=(3853979238) Longitude=(0.0 deg) Latitude=(0.0 deg) PositionAccuracy=("0") RAIM=("0") TimeStamp=("0") COG=(0.00 deg) SOG=(0.0 m/s) CommunicationState=(0) AISTransceiverinformation=("0") Heading=(0.00 deg) RateofTurn=(0.00 deg/s) NavStatus=("0") SpecialManeuverIndicator=("0") Spare=(0) SequenceID=(0)

1  : pgn=129038 line=Rx 10391065 11 f8 0e 01 02 40 9c 0c 00 00 00 00
source=1: pgn=AIS Class A Position Report(129038): values=MessageID=(2) RepeatIndicator=("0") UserID=(826432) Longitude=(0.0 deg) Latitude=(0.0 deg) PositionAccuracy=("0") RAIM=("0") TimeStamp=("0") COG=(0.00 deg) SOG=(0.0 m/s) CommunicationState=(0) AISTransceiverinformation=("0") Heading=(0.00 deg) RateofTurn=(0.00 deg/s) NavStatus=("0") SpecialManeuverIndicator=("0") Spare=(0) SequenceID=(0)

1  : pgn=129038 line=Rx 10391065 11 f8 0e 01 03 00 ff ff ff 7f ff fe
source=1: pgn=AIS Class A Position Report(129038): values=MessageID=(3) RepeatIndicator=("0") UserID=(4294967040) Longitude=(0.0 deg) Latitude=(0.0 deg) PositionAccuracy=("0") RAIM=("0") TimeStamp=("0") COG=(0.00 deg) SOG=(0.0 m/s) CommunicationState=(0) AISTransceiverinformation=("0") Heading=(0.00 deg) RateofTurn=(0.00 deg/s) NavStatus=("0") SpecialManeuverIndicator=("0") Spare=(0) SequenceID=(0)

0  : pgn=127250 line=Rx 10391075 09 f1 12 00 ff 39 40 ff 7f ff 7f fd
source=0: pgn=Vessel Heading(127250): values=Heading=(94.20 deg) Deviation=(None) Variation=(None) Reference=("1")

0  : pgn=127245 line=Rx 10391076 09 f1 0d 00 00 f8 ff 7f 00 00 ff ff
source=0: pgn=Rudder(127245): values=Instance=(0) DirectionOrder=("0") AngleOrder=(None) Position=(0.00 deg)

0  : pgn=65359  line=Rx 10391082 1c ff 4f 00 3b 9f ff ff ff 39 40 ff
source=0: pgn=Seatalk: Pilot Heading(65359): values=ManufacturerCode=(1851) IndustryCode=(4) HeadingTrue=(None) HeadingMagnetic=(94.20 deg)

0  : pgn=126975 line=Rx 10391084 1d ef ff 00 60 08 3b 9f f0 81 9c 11
0  : pgn=126975 line=Rx 10391086 1d ef ff 00 61 02 00 ff ff ff ff ff
3  : pgn=129029 line=Tx 10391111 0d f8 05 03 80 2b c5 06 40 9e 15 1b
3  : pgn=129029 line=Tx 10391111 0d f8 05 03 81 2c 00 a8 9b 9a 98 d9
3  : pgn=129029 line=Tx 10391111 0d f8 05 03 82 9e 06 00 c4 f0 7e ba
3  : pgn=129029 line=Tx 10391111 0d f8 05 03 83 63 00 ef ff ff ff ff
3  : pgn=129029 line=Tx 10391111 0d f8 05 03 84 ff ff ff 7f 23 fc 09
3  : pgn=129029 line=Tx 10391111 0d f8 05 03 85 4f 00 ff 7f ff ff ff
3  : pgn=129029 line=Tx 10391111 0d f8 05 03 86 7f 00 ff ff ff ff ff
3  : pgn=129025 line=Tx 10391111 09 f8 01 03 44 53 6f 1c ba f9 fd b6
source=3: pgn=Position, Rapid Update(129025): values=Latitude=(47.705785999999996 deg) Longitude=(-122.4869446 deg)

3  : pgn=129033 line=Tx 10391111 0d f8 09 03 06 40 9e 15 1b 2c 5c fe
source=3: pgn=Time & Date(129033): values=Date=(16390 d) Time=(73997.251 s) LocalOffset=(-25200.0 s)

1  : pgn=129038 line=Rx 10391157 11 f8 0e 01 20 1b c1 12 f9 de 15 2e
1  : pgn=129038 line=Rx 10391157 11 f8 0e 01 21 85 10 b7 a1 76 67 1c
1  : pgn=129038 line=Rx 10391158 11 f8 0e 01 22 43 14 8e 00 00 01 00
1  : pgn=129038 line=Rx 10391159 11 f8 0e 01 23 08 37 91 00 00 f0 fe
32 : pgn=128259 line=Rx 10391160 09 f5 03 20 ab 41 01 ff ff ff ff ff
source=32: pgn=Speed(128259): values=SpeedWaterReferenced=(3.21 m/s) SpeedGroundReferenced=(None) SpeedWaterReferencedType=(None) SpeedDirection=(None)

0  : pgn=127250 line=Rx 10391170 09 f1 12 00 ff f5 3f ff 7f ff 7f fd
source=0: pgn=Vessel Heading(127250): values=Heading=(93.81 deg) Deviation=(None) Variation=(None) Reference=("1")

0  : pgn=127245 line=Rx 10391171 09 f1 0d 00 00 f8 ff 7f 00 00 ff ff
source=0: pgn=Rudder(127245): values=Instance=(0) DirectionOrder=("0") AngleOrder=(None) Position=(0.00 deg)

0  : pgn=65359  line=Rx 10391176 1c ff 4f 00 3b 9f ff ff ff f5 3f ff
source=0: pgn=Seatalk: Pilot Heading(65359): values=ManufacturerCode=(1851) IndustryCode=(4) HeadingTrue=(None) HeadingMagnetic=(93.81 deg)

3  : pgn=129026 line=Tx 10391211 09 f8 02 03 ff fc 39 4c 4a 01 ff ff
source=3: pgn=COG & SOG, Rapid Update(129026): values=COGReference=("0") COG=(111.80 deg) SOG=(3.3000000000000003 m/s)

3  : pgn=129025 line=Tx 10391211 09 f8 01 03 44 53 6f 1c ba f9 fd b6
source=3: pgn=Position, Rapid Update(129025): values=Latitude=(47.705785999999996 deg) Longitude=(-122.4869446 deg)

3  : pgn=126992 line=Tx 10391211 0d f0 10 03 ff ff 06 40 9e 15 1b 2c
source=3: pgn=System Time(126992): values=Source=(None) Date=(16390 d) Time=(73997.251 s)

32 : pgn=128259 line=Rx 10391260 09 f5 03 20 ac 45 01 ff ff ff ff ff
source=32: pgn=Speed(128259): values=SpeedWaterReferenced=(3.25 m/s) SpeedGroundReferenced=(None) SpeedWaterReferencedType=(None) SpeedDirection=(None)

0  : pgn=127250 line=Rx 10391272 09 f1 12 00 ff a2 3f ff 7f ff 7f fd
source=0: pgn=Vessel Heading(127250): values=Heading=(93.33 deg) Deviation=(None) Variation=(None) Reference=("1")

0  : pgn=127245 line=Rx 10391273 09 f1 0d 00 00 f8 ff 7f 00 00 ff ff
source=0: pgn=Rudder(127245): values=Instance=(0) DirectionOrder=("0") AngleOrder=(None) Position=(0.00 deg)

0  : pgn=65359  line=Rx 10391280 1c ff 4f 00 3b 9f ff ff ff a2 3f ff
source=0: pgn=Seatalk: Pilot Heading(65359): values=ManufacturerCode=(1851) IndustryCode=(4) HeadingTrue=(None) HeadingMagnetic=(93.33 deg)

3  : pgn=129025 line=Tx 10391311 09 f8 01 03 2a 53 6f 1c 06 fa fd b6
source=3: pgn=Position, Rapid Update(129025): values=Latitude=(47.7057834 deg) Longitude=(-122.486937 deg)

32 : pgn=128259 line=Rx 10391359 09 f5 03 20 ad 42 01 ff ff ff ff ff
source=32: pgn=Speed(128259): values=SpeedWaterReferenced=(3.22 m/s) SpeedGroundReferenced=(None) SpeedWaterReferencedType=(None) SpeedDirection=(None)

0  : pgn=127250 line=Rx 10391382 09 f1 12 00 ff 55 3f ff 7f ff 7f fd
source=0: pgn=Vessel Heading(127250): values=Heading=(92.89 deg) Deviation=(None) Variation=(None) Reference=("1")

0  : pgn=127245 line=Rx 10391383 09 f1 0d 00 00 f8 ff 7f 00 00 ff ff
source=0: pgn=Rudder(127245): values=Instance=(0) DirectionOrder=("0") AngleOrder=(None) Position=(0.00 deg)

0  : pgn=65359  line=Rx 10391387 1c ff 4f 00 3b 9f ff ff ff 55 3f ff
source=0: pgn=Seatalk: Pilot Heading(65359): values=ManufacturerCode=(1851) IndustryCode=(4) HeadingTrue=(None) HeadingMagnetic=(92.89 deg)

4  : pgn=65384  line=Rx 10391399 1c ff 68 04 3b 9f 00 00 00 00 00 00
3  : pgn=129026 line=Tx 10391412 09 f8 02 03 ff fc 6d 4c 4b 01 ff ff
source=3: pgn=COG & SOG, Rapid Update(129026): values=COGReference=("0") COG=(112.10 deg) SOG=(3.31 m/s)

3  : pgn=129025 line=Tx 10391412 09 f8 01 03 2a 53 6f 1c 06 fa fd b6
source=3: pgn=Position, Rapid Update(129025): values=Latitude=(47.7057834 deg) Longitude=(-122.486937 deg)

3  : pgn=129291 line=Tx 10391412 0d f9 0b 03 ff fc dd 79 11 00 ff ff
source=3: pgn=Set & Drift, Rapid Update(129291): values=SetReference=("0") Set=(178.75 deg) Drift=(0.17 m/s)

32 : pgn=128259 line=Rx 10391459 09 f5 03 20 ae 39 01 ff ff ff ff ff
source=32: pgn=Speed(128259): values=SpeedWaterReferenced=(3.13 m/s) SpeedGroundReferenced=(None) SpeedWaterReferencedType=(None) SpeedDirection=(None)

0  : pgn=127250 line=Rx 10391471 09 f1 12 00 ff 3a 3f ff 7f ff 7f fd
source=0: pgn=Vessel Heading(127250): values=Heading=(92.74 deg) Deviation=(None) Variation=(None) Reference=("1")

0  : pgn=127245 line=Rx 10391472 09 f1 0d 00 00 f8 ff 7f 00 00 ff ff
source=0: pgn=Rudder(127245): values=Instance=(0) DirectionOrder=("0") AngleOrder=(None) Position=(0.00 deg)

0  : pgn=65359  line=Rx 10391479 1c ff 4f 00 3b 9f ff ff ff 3a 3f ff
source=0: pgn=Seatalk: Pilot Heading(65359): values=ManufacturerCode=(1851) IndustryCode=(4) HeadingTrue=(None) HeadingMagnetic=(92.74 deg)

3  : pgn=129025 line=Tx 10391512 09 f8 01 03 2a 53 6f 1c 06 fa fd b6
source=3: pgn=Position, Rapid Update(129025): values=Latitude=(47.7057834 deg) Longitude=(-122.486937 deg)

32 : pgn=128259 line=Rx 10391558 09 f5 03 20 af 34 01 ff ff ff ff ff
source=32: pgn=Speed(128259): values=SpeedWaterReferenced=(3.08 m/s) SpeedGroundReferenced=(None) SpeedWaterReferencedType=(None) SpeedDirection=(None)

0  : pgn=127250 line=Rx 10391576 09 f1 12 00 ff 1d 3f ff 7f ff 7f fd
source=0: pgn=Vessel Heading(127250): values=Heading=(92.57 deg) Deviation=(None) Variation=(None) Reference=("1")

0  : pgn=127245 line=Rx 10391577 09 f1 0d 00 00 f8 ff 7f 00 00 ff ff
source=0: pgn=Rudder(127245): values=Instance=(0) DirectionOrder=("0") AngleOrder=(None) Position=(0.00 deg)

0  : pgn=65379  line=Rx 10391581 1c ff 63 00 3b 9f 00 00 00 00 01 ff
source=0: pgn=Seatalk: Pilot Mode(65379): values=ManufacturerCode=(1851) IndustryCode=(4) PilotMode=(0) SubMode=(0) PilotModeData=(0)

0  : pgn=65359  line=Rx 10391582 1c ff 4f 00 3b 9f ff ff ff 1d 3f ff
source=0: pgn=Seatalk: Pilot Heading(65359): values=ManufacturerCode=(1851) IndustryCode=(4) HeadingTrue=(None) HeadingMagnetic=(92.57 deg)

0  : pgn=126975 line=Rx 10391584 1d ef ff 00 80 0d 3b 9f f0 81 84 56
0  : pgn=126975 line=Rx 10391585 1d ef ff 00 81 41 05 00 00 00 02 05
3  : pgn=129026 line=Tx 10391612 09 f8 02 03 ff fc c4 4c 4b 01 ff ff
source=3: pgn=COG & SOG, Rapid Update(129026): values=COGReference=("0") COG=(112.60 deg) SOG=(3.31 m/s)

3  : pgn=130577 line=Tx 10391612 0d fe 11 03 a0 0e c0 c6 c4 4c 4b 01
3  : pgn=130577 line=Tx 10391612 0d fe 11 03 a1 ff ff ff ff dd 79 11
3  : pgn=130577 line=Tx 10391612 0d fe 11 03 a2 00 ff ff ff ff ff ff
3  : pgn=129025 line=Tx 10391612 09 f8 01 03 22 53 6f 1c a2 fa fd b6
3  : pgn=130306 line=Tx 10391612 09 fd 02 03 ff 23 03 7c ca fa ff ff
source=3: pgn=Wind Data(130306): values=WindSpeed=(8.03 m/s) WindAngle=(297.00 deg) Reference=("2")

32 : pgn=128259 line=Rx 10391658 09 f5 03 20 b0 30 01 ff ff ff ff ff
source=32: pgn=Speed(128259): values=SpeedWaterReferenced=(3.04 m/s) SpeedGroundReferenced=(None) SpeedWaterReferencedType=(None) SpeedDirection=(None)

0  : pgn=127250 line=Rx 10391668 09 f1 12 00 ff 11 3f ff 7f ff 7f fd
source=0: pgn=Vessel Heading(127250): values=Heading=(92.50 deg) Deviation=(None) Variation=(None) Reference=("1")

0  : pgn=127245 line=Rx 10391669 09 f1 0d 00 00 f8 ff 7f 00 00 ff ff
source=0: pgn=Rudder(127245): values=Instance=(0) DirectionOrder=("0") AngleOrder=(None) Position=(0.00 deg)

0  : pgn=65359  line=Rx 10391675 1c ff 4f 00 3b 9f ff ff ff 11 3f ff
source=0: pgn=Seatalk: Pilot Heading(65359): values=ManufacturerCode=(1851) IndustryCode=(4) HeadingTrue=(None) HeadingMagnetic=(92.50 deg)

0  : pgn=126975 line=Rx 10391686 1d ef ff 00 a0 09 3b 9f f0 81 ae 02
0  : pgn=126975 line=Rx 10391687 1d ef ff 00 a1 00 08 00 ff ff ff ff
3  : pgn=129283 line=Tx 10391712 0d f9 03 03 ff 7f ff ff ff 7f ff ff
source=3: pgn=Cross Track Error(129283): values=XTEmode=(None) NavigationTerminated=("1") XTE=(None)

3  : pgn=129025 line=Tx 10391712 09 f8 01 03 22 53 6f 1c a2 fa fd b6
source=3: pgn=Position, Rapid Update(129025): values=Latitude=(47.7057826 deg) Longitude=(-122.4869214 deg)

3  : pgn=128267 line=Tx 10391712 0d f5 0b 03 ff b9 3e 00 00 00 00 ff
source=3: pgn=Water Depth(128267): values=Depth=(160.57 m) Offset=(0.0 m) Range=(None)

32 : pgn=128259 line=Rx 10391757 09 f5 03 20 b1 2e 01 ff ff ff ff ff
source=32: pgn=Speed(128259): values=SpeedWaterReferenced=(3.02 m/s) SpeedGroundReferenced=(None) SpeedWaterReferencedType=(None) SpeedDirection=(None)

0  : pgn=127250 line=Rx 10391775 09 f1 12 00 ff 0a 3f ff 7f ff 7f fd
source=0: pgn=Vessel Heading(127250): values=Heading=(92.46 deg) Deviation=(None) Variation=(None) Reference=("1")

0  : pgn=127245 line=Rx 10391776 09 f1 0d 00 00 f8 ff 7f 00 00 ff ff
source=0: pgn=Rudder(127245): values=Instance=(0) DirectionOrder=("0") AngleOrder=(None) Position=(0.00 deg)

0  : pgn=65359  line=Rx 10391782 1c ff 4f 00 3b 9f ff ff ff 0a 3f ff
source=0: pgn=Seatalk: Pilot Heading(65359): values=ManufacturerCode=(1851) IndustryCode=(4) HeadingTrue=(None) HeadingMagnetic=(92.46 deg)

0  : pgn=126975 line=Rx 10391786 1d ef ff 00 c0 07 3b 9f f0 81 90 10
0  : pgn=126975 line=Rx 10391788 1d ef ff 00 c1 05 ff ff ff ff ff ff
3  : pgn=129026 line=Tx 10391813 09 f8 02 03 ff fc 7f 4c 4a 01 ff ff
source=3: pgn=COG & SOG, Rapid Update(129026): values=COGReference=("0") COG=(112.20 deg) SOG=(3.3000000000000003 m/s)

3  : pgn=129025 line=Tx 10391813 09 f8 01 03 19 53 6f 1c f7 fa fd b6
source=3: pgn=Position, Rapid Update(129025): values=Latitude=(47.705781699999996 deg) Longitude=(-122.4869129 deg)

3  : pgn=129542 line=Tx 10391813 19 fa 06 03 a0 0f c6 39 01 00 00 00
3  : pgn=129542 line=Tx 10391813 19 fa 06 03 a1 00 00 00 00 00 00 00
3  : pgn=129542 line=Tx 10391813 19 fa 06 03 a2 00 00 ff ff ff ff ff
3  : pgn=65364  line=Tx 10391813 1c ff 54 03 3b 9f 23 03 7c ca ff ff
32 : pgn=128259 line=Rx 10391859 09 f5 03 20 b2 38 01 ff ff ff ff ff
source=32: pgn=Speed(128259): values=SpeedWaterReferenced=(3.12 m/s) SpeedGroundReferenced=(None) SpeedWaterReferencedType=(None) SpeedDirection=(None)

32 : pgn=130310 line=Rx 10391862 15 fd 06 20 11 ff ff ff ff ff ff ff
source=32: pgn=Environmental Parameters (obsolete)(130310): values=WaterTemperature=(None) OutsideAmbientAirTemperature=(None) AtmosphericPressure=(None)

32 : pgn=128275 line=Rx 10391872 19 f5 13 20 00 0e ff ff ff ff ff ff
source=32: pgn=Distance Log(128275): values=Date=(3584 d) Time=(None) Log=(0 m) TripLog=(0 m)

0  : pgn=127250 line=Rx 10391876 09 f1 12 00 ff 16 3f ff 7f ff 7f fd
source=0: pgn=Vessel Heading(127250): values=Heading=(92.53 deg) Deviation=(None) Variation=(None) Reference=("1")

0  : pgn=127245 line=Rx 10391877 09 f1 0d 00 00 f8 ff 7f 00 00 ff ff
source=0: pgn=Rudder(127245): values=Instance=(0) DirectionOrder=("0") AngleOrder=(None) Position=(0.00 deg)

32 : pgn=128275 line=Rx 10391877 19 f5 13 20 01 b5 ae 3c 00 b5 ae 3c
source=32: pgn=Distance Log(128275): values=Date=(46337 d) Time=(303669.163 s) Log=(0 m) TripLog=(0 m)

32 : pgn=128275 line=Rx 10391882 19 f5 13 20 02 00 ff ff ff ff ff ff
source=32: pgn=Distance Log(128275): values=Date=(2 d) Time=(None) Log=(0 m) TripLog=(0 m)

0  : pgn=65359  line=Rx 10391884 1c ff 4f 00 3b 9f ff ff ff 16 3f ff
source=0: pgn=Seatalk: Pilot Heading(65359): values=ManufacturerCode=(1851) IndustryCode=(4) HeadingTrue=(None) HeadingMagnetic=(92.53 deg)

1  : pgn=59936  line=Rx 10391908 18 ea 20 01 00 ee 00 00 00 00 00 00
3  : pgn=129540 line=Tx 10391913 19 fa 04 03 e0 9f e8 ff 0d 03 97 1a
source=3: pgn=GNSS Sats in View(129540): values=RangeResidualMode=(None) SatsinView=(232) PRN=(None) Elevation=(4.47 deg) Azimuth=(39.00 deg) SNR=(0.0 dB) Rangeresiduals=(0) Status=("0")

3  : pgn=129540 line=Tx 10391913 19 fa 04 03 e1 2e 26 00 00 00 00 00
source=3: pgn=GNSS Sats in View(129540): values=RangeResidualMode=("0") SatsinView=(38) PRN=(0) Elevation=(0.00 deg) Azimuth=(0.00 deg) SNR=(0.0 dB) Rangeresiduals=(0) Status=("0")

3  : pgn=129540 line=Tx 10391913 19 fa 04 03 e2 00 f3 0f ff 1d ad 3c
source=3: pgn=GNSS Sats in View(129540): values=RangeResidualMode=("0") SatsinView=(243) PRN=(15) Elevation=(44.00 deg) Azimuth=(89.00 deg) SNR=(0.0 dB) Rangeresiduals=(0) Status=("0")

3  : pgn=129540 line=Tx 10391913 19 fa 04 03 e3 74 0e 00 00 00 00 f5
source=3: pgn=GNSS Sats in View(129540): values=RangeResidualMode=("0") SatsinView=(14) PRN=(0) Elevation=(0.00 deg) Azimuth=(359.36 deg) SNR=(0.0 dB) Rangeresiduals=(0) Status=("0")

3  : pgn=129540 line=Tx 10391913 19 fa 04 03 e4 10 17 13 c2 b8 e4 0c
source=3: pgn=GNSS Sats in View(129540): values=RangeResidualMode=("0") SatsinView=(23) PRN=(19) Elevation=(-104.50 deg) Azimuth=(18.91 deg) SNR=(0.0 dB) Rangeresiduals=(0) Status=("0")

3  : pgn=129540 line=Tx 10391913 19 fa 04 03 e5 00 00 00 00 f5 12 c5
source=3: pgn=GNSS Sats in View(129540): values=RangeResidualMode=("0") SatsinView=(0) PRN=(0) Elevation=(-16.13 deg) Azimuth=(289.06 deg) SNR=(0.0 dB) Rangeresiduals=(0) Status=("0")

3  : pgn=129540 line=Tx 10391913 19 fa 04 03 e6 31 f2 93 ac 0d 00 00
source=3: pgn=GNSS Sats in View(129540): values=RangeResidualMode=("1") SatsinView=(242) PRN=(147) Elevation=(20.05 deg) Azimuth=(0.00 deg) SNR=(0.0 dB) Rangeresiduals=(0) Status=("0")

3  : pgn=129540 line=Tx 10391913 19 fa 04 03 e7 00 00 f5 13 69 03 1f
source=3: pgn=GNSS Sats in View(129540): values=RangeResidualMode=("0") SatsinView=(0) PRN=(245) Elevation=(154.12 deg) Azimuth=(45.49 deg) SNR=(0.0 dB) Rangeresiduals=(0) Status=("0")

3  : pgn=129540 line=Tx 10391913 19 fa 04 03 e8 d8 d8 0e 00 00 00 00
source=3: pgn=GNSS Sats in View(129540): values=RangeResidualMode=("0") SatsinView=(216) PRN=(14) Elevation=(0.00 deg) Azimuth=(0.00 deg) SNR=(0.0 dB) Rangeresiduals=(0) Status=("0")

3  : pgn=129540 line=Tx 10391913 19 fa 04 03 e9 f5 15 e8 37 c5 22 10
source=3: pgn=GNSS Sats in View(129540): values=RangeResidualMode=("1") SatsinView=(21) PRN=(232) Elevation=(-86.22 deg) Azimuth=(23.66 deg) SNR=(0.0 dB) Rangeresiduals=(0) Status=("0")

3  : pgn=129540 line=Tx 10391913 19 fa 04 03 ea 0e 00 00 00 00 f5 16
source=3: pgn=GNSS Sats in View(129540): values=RangeResidualMode=("0") SatsinView=(0) PRN=(0) Elevation=(0.00 deg) Azimuth=(33.67 deg) SNR=(0.0 dB) Rangeresiduals=(0) Status=("0")

3  : pgn=129540 line=Tx 10391914 19 fa 04 03 eb 80 16 7d 9d 10 0e 00
source=3: pgn=GNSS Sats in View(129540): values=RangeResidualMode=("0") SatsinView=(22) PRN=(125) Elevation=(24.37 deg) Azimuth=(0.08 deg) SNR=(0.0 dB) Rangeresiduals=(0) Status=("0")

3  : pgn=129540 line=Tx 10391915 19 fa 04 03 ec 00 00 00 f5 1a ae 0f
source=3: pgn=GNSS Sats in View(129540): values=RangeResidualMode=("0") SatsinView=(0) PRN=(0) Elevation=(39.54 deg) Azimuth=(23.00 deg) SNR=(0.0 dB) Rangeresiduals=(0) Status=("0")

3  : pgn=129540 line=Tx 10391917 19 fa 04 03 ed 5d 1f b8 0b 00 00 00
source=3: pgn=GNSS Sats in View(129540): values=RangeResidualMode=("1") SatsinView=(31) PRN=(184) Elevation=(0.06 deg) Azimuth=(0.00 deg) SNR=(0.0 dB) Rangeresiduals=(0) Status=("0")

3  : pgn=129540 line=Tx 10391917 19 fa 04 03 ee 00 f5 1b d1 15 ab d2
source=3: pgn=GNSS Sats in View(129540): values=RangeResidualMode=("0") SatsinView=(245) PRN=(27) Elevation=(32.00 deg) Azimuth=(309.00 deg) SNR=(0.0 dB) Rangeresiduals=(0) Status=("0")

3  : pgn=129540 line=Tx 10391918 19 fa 04 03 ef ac 0d 00 00 00 00 f5
source=3: pgn=GNSS Sats in View(129540): values=RangeResidualMode=("0") SatsinView=(13) PRN=(0) Elevation=(0.00 deg) Azimuth=(359.36 deg) SNR=(0.0 dB) Rangeresiduals=(0) Status=("0")

3  : pgn=129540 line=Tx 10391919 19 fa 04 03 f0 1d 51 0e a1 67 e4 0c
source=3: pgn=GNSS Sats in View(129540): values=RangeResidualMode=("1") SatsinView=(81) PRN=(14) Elevation=(152.00 deg) Azimuth=(18.91 deg) SNR=(0.0 dB) Rangeresiduals=(0) Status=("0")

3  : pgn=129540 line=Tx 10391919 19 fa 04 03 f1 00 00 00 00 f5 23 d1
source=3: pgn=GNSS Sats in View(129540): values=RangeResidualMode=("0") SatsinView=(0) PRN=(0) Elevation=(-16.13 deg) Azimuth=(306.76 deg) SNR=(0.0 dB) Rangeresiduals=(0) Status=("0")

3  : pgn=129540 line=Tx 10391920 19 fa 04 03 f2 15 c3 8b 00 00 00 00
source=3: pgn=GNSS Sats in View(129540): values=RangeResidualMode=("1") SatsinView=(195) PRN=(139) Elevation=(0.00 deg) Azimuth=(0.00 deg) SNR=(0.0 dB) Rangeresiduals=(0) Status=("0")

3  : pgn=129540 line=Tx 10391921 19 fa 04 03 f3 00 00 f3 30 2e 17 43
source=3: pgn=GNSS Sats in View(129540): values=RangeResidualMode=("0") SatsinView=(0) PRN=(243) Elevation=(67.75 deg) Azimuth=(98.41 deg) SNR=(0.0 dB) Rangeresiduals=(0) Status=("0")

3  : pgn=129540 line=Tx 10391922 19 fa 04 03 f4 84 10 0e 00 00 00 00
source=3: pgn=GNSS Sats in View(129540): values=RangeResidualMode=("0") SatsinView=(16) PRN=(14) Elevation=(0.00 deg) Azimuth=(0.00 deg) SNR=(0.0 dB) Rangeresiduals=(0) Status=("0")

3  : pgn=129540 line=Tx 10391922 19 fa 04 03 f5 f5 33 80 16 67 6c 1c
source=3: pgn=GNSS Sats in View(129540): values=RangeResidualMode=("1") SatsinView=(51) PRN=(128) Elevation=(151.20 deg) Azimuth=(41.69 deg) SNR=(0.0 dB) Rangeresiduals=(0) Status=("0")

3  : pgn=129540 line=Tx 10391923 19 fa 04 03 f6 0c 00 00 00 00 f5 ff
source=3: pgn=GNSS Sats in View(129540): values=RangeResidualMode=("0") SatsinView=(0) PRN=(0) Elevation=(0.00 deg) Azimuth=(375.43 deg) SNR=(0.0 dB) Rangeresiduals=(0) Status=("0")

3  : pgn=129025 line=Tx 10391925 09 f8 01 03 19 53 6f 1c f7 fa fd b6
source=3: pgn=Position, Rapid Update(129025): values=Latitude=(47.705781699999996 deg) Longitude=(-122.4869129 deg)

3  : pgn=127258 line=Tx 10391926 19 f1 1a 03 ff f6 12 39 fa 0a ff ff
source=3: pgn=Magnetic Variation(127258): values=Source=("6") Ageofservice=(14610 d) Variation=(16.10 deg)

1  : pgn=129038 line=Rx 10391940 11 f8 0e 01 40 1b c1 14 8c db 15 0e
1  : pgn=129038 line=Rx 10391941 11 f8 0e 01 41 6a 0d b7 a6 be 7f 1c
1  : pgn=129038 line=Rx 10391941 11 f8 0e 01 42 45 b3 46 00 00 00 00
1  : pgn=129038 line=Rx 10391942 11 f8 0e 01 43 00 f3 48 00 00 ff fe
32 : pgn=128259 line=Rx 10391957 09 f5 03 20 b3 2d 01 ff ff ff ff ff
source=32: pgn=Speed(128259): values=SpeedWaterReferenced=(3.0100000000000002 m/s) SpeedGroundReferenced=(None) SpeedWaterReferencedType=(None) SpeedDirection=(None)

1  : pgn=129038 line=Rx 10391972 11 f8 0e 01 60 1b c1 76 c0 e0 15 41
1  : pgn=129038 line=Rx 10391973 11 f8 0e 01 61 a6 0c b7 94 60 69 1c
1  : pgn=129038 line=Rx 10391973 11 f8 0e 01 62 40 ac 72 00 00 00 00
1  : pgn=129038 line=Rx 10391974 11 f8 0e 01 63 00 ff ff ff 7f ff fe
0  : pgn=127250 line=Rx 10391980 09 f1 12 00 ff 1c 3f ff 7f ff 7f fd
source=0: pgn=Vessel Heading(127250): values=Heading=(92.57 deg) Deviation=(None) Variation=(None) Reference=("1")

0  : pgn=127245 line=Rx 10391980 09 f1 0d 00 00 f8 ff 7f 00 00 ff ff
source=0: pgn=Rudder(127245): values=Instance=(0) DirectionOrder=("0") AngleOrder=(None) Position=(0.00 deg)

0  : pgn=65359  line=Rx 10391985 1c ff 4f 00 3b 9f ff ff ff 1c 3f ff
source=0: pgn=Seatalk: Pilot Heading(65359): values=ManufacturerCode=(1851) IndustryCode=(4) HeadingTrue=(None) HeadingMagnetic=(92.57 deg)

3  : pgn=129026 line=Tx 10392013 09 f8 02 03 ff fc 7f 4c 4a 01 ff ff
source=3: pgn=COG & SOG, Rapid Update(129026): values=COGReference=("0") COG=(112.20 deg) SOG=(3.3000000000000003 m/s)

3  : pgn=129025 line=Tx 10392013 09 f8 01 03 19 53 6f 1c f7 fa fd b6
source=3: pgn=Position, Rapid Update(129025): values=Latitude=(47.705781699999996 deg) Longitude=(-122.4869129 deg)

1  : pgn=129038 line=Rx 10392034 11 f8 0e 01 80 1b c1 00 b9 ef 15 4f
1  : pgn=129038 line=Rx 10392035 11 f8 0e 01 81 62 0e b7 aa a4 63 1c
1  : pgn=129038 line=Rx 10392035 11 f8 0e 01 82 44 77 a5 00 00 00 00
1  : pgn=129038 line=Rx 10392036 11 f8 0e 01 83 00 c3 7c 00 00 f0 fe
32 : pgn=128259 line=Rx 10392056 09 f5 03 20 b4 34 01 ff ff ff ff ff
source=32: pgn=Speed(128259): values=SpeedWaterReferenced=(3.08 m/s) SpeedGroundReferenced=(None) SpeedWaterReferencedType=(None) SpeedDirection=(None)

1  : pgn=129038 line=Rx 10392064 11 f8 0e 01 a0 1b c1 be c9 df 15 b4
1  : pgn=129038 line=Rx 10392064 11 f8 0e 01 a1 f9 0f b7 fa 05 68 1c
1  : pgn=129038 line=Rx 10392065 11 f8 0e 01 a2 48 02 a3 00 00 00 00
1  : pgn=129038 line=Rx 10392065 11 f8 0e 01 a3 00 13 d6 00 00 f0 fe
0  : pgn=127250 line=Rx 10392070 09 f1 12 00 ff 20 3f ff 7f ff 7f fd
source=0: pgn=Vessel Heading(127250): values=Heading=(92.59 deg) Deviation=(None) Variation=(None) Reference=("1")

0  : pgn=127245 line=Rx 10392071 09 f1 0d 00 00 f8 ff 7f 00 00 ff ff
source=0: pgn=Rudder(127245): values=Instance=(0) DirectionOrder=("0") AngleOrder=(None) Position=(0.00 deg)

0  : pgn=65359  line=Rx 10392078 1c ff 4f 00 3b 9f ff ff ff 20 3f ff
source=0: pgn=Seatalk: Pilot Heading(65359): values=ManufacturerCode=(1851) IndustryCode=(4) HeadingTrue=(None) HeadingMagnetic=(92.59 deg)

0  : pgn=126975 line=Rx 10392079 1d ef ff 00 e0 08 3b 9f f0 81 9c 51
0  : pgn=126975 line=Rx 10392081 1d ef ff 00 e1 01 00 ff ff ff ff ff
3  : pgn=129029 line=Tx 10392114 0d f8 05 03 a0 2b c6 06 40 fe 46 1b
3  : pgn=129029 line=Tx 10392114 0d f8 05 03 a1 2c 00 50 54 a2 8a d9
3  : pgn=129029 line=Tx 10392114 0d f8 05 03 a2 9e 06 00 f8 01 18 18
3  : pgn=129029 line=Tx 10392114 0d f8 05 03 a3 64 00 ef ff ff ff ff
3  : pgn=129029 line=Tx 10392114 0d f8 05 03 a4 ff ff ff 7f 23 fc 09
3  : pgn=129029 line=Tx 10392114 0d f8 05 03 a5 4f 00 ff 7f ff ff ff
3  : pgn=129029 line=Tx 10392114 0d f8 05 03 a6 7f 00 ff ff ff ff ff
3  : pgn=129025 line=Tx 10392114 09 f8 01 03 08 53 6f 1c 4c fb fd b6
source=3: pgn=Position, Rapid Update(129025): values=Latitude=(47.70578 deg) Longitude=(-122.4869044 deg)

3  : pgn=129033 line=Tx 10392114 0d f8 09 03 06 40 fe 46 1b 2c 5c fe
source=3: pgn=Time & Date(129033): values=Date=(16390 d) Time=(73998.515 s) LocalOffset=(-25200.0 s)

32 : pgn=128259 line=Rx 10392156 09 f5 03 20 b5 43 01 ff ff ff ff ff
source=32: pgn=Speed(128259): values=SpeedWaterReferenced=(3.23 m/s) SpeedGroundReferenced=(None) SpeedWaterReferencedType=(None) SpeedDirection=(None)

0  : pgn=127250 line=Rx 10392167 09 f1 12 00 ff 17 3f ff 7f ff 7f fd
source=0: pgn=Vessel Heading(127250): values=Heading=(92.54 deg) Deviation=(None) Variation=(None) Reference=("1")

0  : pgn=127245 line=Rx 10392168 09 f1 0d 00 00 f8 ff 7f 00 00 ff ff
source=0: pgn=Rudder(127245): values=Instance=(0) DirectionOrder=("0") AngleOrder=(None) Position=(0.00 deg)

0  : pgn=65359  line=Rx 10392172 1c ff 4f 00 3b 9f ff ff ff 17 3f ff
source=0: pgn=Seatalk: Pilot Heading(65359): values=ManufacturerCode=(1851) IndustryCode=(4) HeadingTrue=(None) HeadingMagnetic=(92.54 deg)

3  : pgn=129026 line=Tx 10392214 09 f8 02 03 ff fc 39 4c 49 01 ff ff
source=3: pgn=COG & SOG, Rapid Update(129026): values=COGReference=("0") COG=(111.80 deg) SOG=(3.29 m/s)

3  : pgn=129025 line=Tx 10392214 09 f8 01 03 08 53 6f 1c 4c fb fd b6
source=3: pgn=Position, Rapid Update(129025): values=Latitude=(47.70578 deg) Longitude=(-122.4869044 deg)

3  : pgn=126992 line=Tx 10392214 0d f0 10 03 ff ff 06 40 fe 46 1b 2c
source=3: pgn=System Time(126992): values=Source=(None) Date=(16390 d) Time=(73998.515 s)

1  : pgn=129794 line=Rx 10392217 19 fb 02 01 c0 4b 05 9c 2c e0 15 ff
1  : pgn=129794 line=Rx 10392218 19 fb 02 01 c1 ff ff ff 57 54 4b 36
1  : pgn=129794 line=Rx 10392218 19 fb 02 01 c2 38 33 31 ff 4c 41 53
1  : pgn=129794 line=Rx 10392219 19 fb 02 01 c3 4b 41 20 50 52 4f 56
1  : pgn=129794 line=Rx 10392219 19 fb 02 01 c4 49 44 45 52 20 20 20
1  : pgn=129794 line=Rx 10392220 19 fb 02 01 c5 20 20 3c 68 01 c8 00
1  : pgn=129794 line=Rx 10392220 19 fb 02 01 c6 ff ff ff ff ff ff 00
1  : pgn=129794 line=Rx 10392221 19 fb 02 01 c7 00 00 00 c8 00 ff 4e
1  : pgn=129794 line=Rx 10392221 19 fb 02 01 c8 41 43 4f 52 54 45 53
1  : pgn=129794 line=Rx 10392222 19 fb 02 01 c9 20 20 20 20 20 20 20
1  : pgn=129794 line=Rx 10392223 19 fb 02 01 ca 20 20 20 20 44 e1 ff
32 : pgn=128259 line=Rx 10392255 09 f5 03 20 b6 3a 01 ff ff ff ff ff
source=32: pgn=Speed(128259): values=SpeedWaterReferenced=(3.14 m/s) SpeedGroundReferenced=(None) SpeedWaterReferencedType=(None) SpeedDirection=(None)

0  : pgn=127250 line=Rx 10392267 09 f1 12 00 ff eb 3e ff 7f ff 7f fd
source=0: pgn=Vessel Heading(127250): values=Heading=(92.29 deg) Deviation=(None) Variation=(None) Reference=("1")

0  : pgn=127245 line=Rx 10392268 09 f1 0d 00 00 f8 ff 7f 00 00 ff ff
source=0: pgn=Rudder(127245): values=Instance=(0) DirectionOrder=("0") AngleOrder=(None) Position=(0.00 deg)

0  : pgn=65359  line=Rx 10392275 1c ff 4f 00 3b 9f ff ff ff eb 3e ff
source=0: pgn=Seatalk: Pilot Heading(65359): values=ManufacturerCode=(1851) IndustryCode=(4) HeadingTrue=(None) HeadingMagnetic=(92.29 deg)

3  : pgn=129025 line=Tx 10392315 09 f8 01 03 08 53 6f 1c 4c fb fd b6
source=3: pgn=Position, Rapid Update(129025): values=Latitude=(47.70578 deg) Longitude=(-122.4869044 deg)

32 : pgn=128259 line=Rx 10392355 09 f5 03 20 b7 3b 01 ff ff ff ff ff
source=32: pgn=Speed(128259): values=SpeedWaterReferenced=(3.15 m/s) SpeedGroundReferenced=(None) SpeedWaterReferencedType=(None) SpeedDirection=(None)

0  : pgn=127250 line=Rx 10392377 09 f1 12 00 ff b3 3e ff 7f ff 7f fd
source=0: pgn=Vessel Heading(127250): values=Heading=(91.97 deg) Deviation=(None) Variation=(None) Reference=("1")

0  : pgn=127245 line=Rx 10392378 09 f1 0d 00 00 f8 ff 7f 00 00 ff ff
source=0: pgn=Rudder(127245): values=Instance=(0) DirectionOrder=("0") AngleOrder=(None) Position=(0.00 deg)

0  : pgn=65359  line=Rx 10392382 1c ff 4f 00 3b 9f ff ff ff b3 3e ff
source=0: pgn=Seatalk: Pilot Heading(65359): values=ManufacturerCode=(1851) IndustryCode=(4) HeadingTrue=(None) HeadingMagnetic=(91.97 deg)

4  : pgn=65384  line=Rx 10392399 1c ff 68 04 3b 9f 00 00 00 00 00 00
1  : pgn=129038 line=Rx 10392399 11 f8 0e 01 c0 1b c1 0e 28 dc 15 77
1  : pgn=129038 line=Rx 10392400 11 f8 0e 01 c1 a1 03 b7 87 74 60 1c
1  : pgn=129038 line=Rx 10392400 11 f8 0e 01 c2 49 0a 38 e0 03 00 00
1  : pgn=129038 line=Rx 10392401 11 f8 0e 01 c3 00 dc 35 00 00 f0 fe
3  : pgn=129026 line=Tx 10392416 09 f8 02 03 ff fc f3 4b 49 01 ff ff
source=3: pgn=COG & SOG, Rapid Update(129026): values=COGReference=("0") COG=(111.40 deg) SOG=(3.29 m/s)

3  : pgn=129025 line=Tx 10392416 09 f8 01 03 d9 52 6f 1c f3 fb fd b6
source=3: pgn=Position, Rapid Update(129025): values=Latitude=(47.7057753 deg) Longitude=(-122.4868877 deg)

3  : pgn=129291 line=Tx 10392416 0d f9 0b 03 ff fc c9 6a 16 00 ff ff
source=3: pgn=Set & Drift, Rapid Update(129291): values=SetReference=("0") Set=(156.63 deg) Drift=(0.22 m/s)

32 : pgn=128259 line=Rx 10392454 09 f5 03 20 b8 3a 01 ff ff ff ff ff
source=32: pgn=Speed(128259): values=SpeedWaterReferenced=(3.14 m/s) SpeedGroundReferenced=(None) SpeedWaterReferencedType=(None) SpeedDirection=(None)

0  : pgn=127250 line=Rx 10392468 09 f1 12 00 ff 89 3e ff 7f ff 7f fd
source=0: pgn=Vessel Heading(127250): values=Heading=(91.72 deg) Deviation=(None) Variation=(None) Reference=("1")

0  : pgn=127245 line=Rx 10392468 09 f1 0d 00 00 f8 ff 7f 00 00 ff ff
source=0: pgn=Rudder(127245): values=Instance=(0) DirectionOrder=("0") AngleOrder=(None) Position=(0.00 deg)

0  : pgn=65359  line=Rx 10392475 1c ff 4f 00 3b 9f ff ff ff 89 3e ff
source=0: pgn=Seatalk: Pilot Heading(65359): values=ManufacturerCode=(1851) IndustryCode=(4) HeadingTrue=(None) HeadingMagnetic=(91.72 deg)

3  : pgn=129025 line=Tx 10392516 09 f8 01 03 d9 52 6f 1c f3 fb fd b6
source=3: pgn=Position, Rapid Update(129025): values=Latitude=(47.7057753 deg) Longitude=(-122.4868877 deg)

1  : pgn=129038 line=Rx 10392552 11 f8 0e 01 e0 1b c1 ec 10 e8 15 a0
1  : pgn=129038 line=Rx 10392552 11 f8 0e 01 e1 5f 0e b7 33 ec 67 1c
1  : pgn=129038 line=Rx 10392553 11 f8 0e 01 e2 48 00 00 00 00 00 00
1  : pgn=129038 line=Rx 10392553 11 f8 0e 01 e3 00 ff ff ff 7f f0 fe
32 : pgn=128259 line=Rx 10392554 09 f5 03 20 b9 3c 01 ff ff ff ff ff
source=32: pgn=Speed(128259): values=SpeedWaterReferenced=(3.16 m/s) SpeedGroundReferenced=(None) SpeedWaterReferencedType=(None) SpeedDirection=(None)

0  : pgn=127250 line=Rx 10392572 09 f1 12 00 ff 39 3e ff 7f ff 7f fd
source=0: pgn=Vessel Heading(127250): values=Heading=(91.27 deg) Deviation=(None) Variation=(None) Reference=("1")

0  : pgn=127245 line=Rx 10392572 09 f1 0d 00 00 f8 ff 7f 00 00 ff ff
source=0: pgn=Rudder(127245): values=Instance=(0) DirectionOrder=("0") AngleOrder=(None) Position=(0.00 deg)

0  : pgn=65379  line=Rx 10392577 1c ff 63 00 3b 9f 00 00 00 00 01 ff
source=0: pgn=Seatalk: Pilot Mode(65379): values=ManufacturerCode=(1851) IndustryCode=(4) PilotMode=(0) SubMode=(0) PilotModeData=(0)

0  : pgn=65359  line=Rx 10392578 1c ff 4f 00 3b 9f ff ff ff 39 3e ff
source=0: pgn=Seatalk: Pilot Heading(65359): values=ManufacturerCode=(1851) IndustryCode=(4) HeadingTrue=(None) HeadingMagnetic=(91.27 deg)

0  : pgn=126975 line=Rx 10392579 1d ef ff 00 00 0d 3b 9f f0 81 84 d6
0  : pgn=126975 line=Rx 10392581 1d ef ff 00 01 40 03 00 00 00 02 05
1  : pgn=129038 line=Rx 10392613 11 f8 0e 01 00 1b c1 fa f5 db 15 cf
source=1: pgn=AIS Class A Position Report(129038): values=MessageID=(0) RepeatIndicator=("0") UserID=(4126851355) Longitude=(0.0 deg) Latitude=(0.0 deg) PositionAccuracy=("0") RAIM=("0") TimeStamp=("0") COG=(0.00 deg) SOG=(0.0 m/s) CommunicationState=(0) AISTransceiverinformation=("0") Heading=(0.00 deg) RateofTurn=(0.00 deg/s) NavStatus=("0") SpecialManeuverIndicator=("0") Spare=(0) SequenceID=(0)

1  : pgn=129038 line=Rx 10392613 11 f8 0e 01 01 ce 18 b7 eb 42 66 1c
source=1: pgn=AIS Class A Position Report(129038): values=MessageID=(1) RepeatIndicator=("0") UserID=(3954645198) Longitude=(0.0 deg) Latitude=(0.0 deg) PositionAccuracy=("0") RAIM=("0") TimeStamp=("0") COG=(0.00 deg) SOG=(0.0 m/s) CommunicationState=(0) AISTransceiverinformation=("0") Heading=(0.00 deg) RateofTurn=(0.00 deg/s) NavStatus=("0") SpecialManeuverIndicator=("0") Spare=(0) SequenceID=(0)

1  : pgn=129038 line=Rx 10392614 11 f8 0e 01 02 4d ce b4 00 00 00 00
source=1: pgn=AIS Class A Position Report(129038): values=MessageID=(2) RepeatIndicator=("0") UserID=(11849293) Longitude=(0.0 deg) Latitude=(0.0 deg) PositionAccuracy=("0") RAIM=("0") TimeStamp=("0") COG=(0.00 deg) SOG=(0.0 m/s) CommunicationState=(0) AISTransceiverinformation=("0") Heading=(0.00 deg) RateofTurn=(0.00 deg/s) NavStatus=("0") SpecialManeuverIndicator=("0") Spare=(0) SequenceID=(0)

1  : pgn=129038 line=Rx 10392615 11 f8 0e 01 03 00 a1 3a 00 00 f0 fe
source=1: pgn=AIS Class A Position Report(129038): values=MessageID=(3) RepeatIndicator=("0") UserID=(3842304) Longitude=(0.0 deg) Latitude=(0.0 deg) PositionAccuracy=("0") RAIM=("0") TimeStamp=("0") COG=(0.00 deg) SOG=(0.0 m/s) CommunicationState=(0) AISTransceiverinformation=("0") Heading=(0.00 deg) RateofTurn=(0.00 deg/s) NavStatus=("0") SpecialManeuverIndicator=("0") Spare=(0) SequenceID=(0)

3  : pgn=129026 line=Tx 10392617 09 f8 02 03 ff fc f3 4b 49 01 ff ff
source=3: pgn=COG & SOG, Rapid Update(129026): values=COGReference=("0") COG=(111.40 deg) SOG=(3.29 m/s)

3  : pgn=130577 line=Tx 10392617 0d fe 11 03 c0 0e c0 c7 f3 4b 49 01
3  : pgn=130577 line=Tx 10392617 0d fe 11 03 c1 ff ff ff ff c9 6a 16
3  : pgn=130577 line=Tx 10392617 0d fe 11 03 c2 00 ff ff ff ff ff ff
3  : pgn=129025 line=Tx 10392617 09 f8 01 03 c0 52 6f 1c 3c fc fd b6
3  : pgn=130306 line=Tx 10392617 09 fd 02 03 ff 23 03 1f c9 fa ff ff
source=3: pgn=Wind Data(130306): values=WindSpeed=(8.03 m/s) WindAngle=(295.00 deg) Reference=("2")

32 : pgn=128259 line=Rx 10392653 09 f5 03 20 ba 41 01 ff ff ff ff ff
source=32: pgn=Speed(128259): values=SpeedWaterReferenced=(3.21 m/s) SpeedGroundReferenced=(None) SpeedWaterReferencedType=(None) SpeedDirection=(None)

0  : pgn=127250 line=Rx 10392668 09 f1 12 00 ff 0f 3e ff 7f ff 7f fd
source=0: pgn=Vessel Heading(127250): values=Heading=(91.03 deg) Deviation=(None) Variation=(None) Reference=("1")

0  : pgn=127245 line=Rx 10392668 09 f1 0d 00 00 f8 ff 7f 00 00 ff ff
source=0: pgn=Rudder(127245): values=Instance=(0) DirectionOrder=("0") AngleOrder=(None) Position=(0.00 deg)

0  : pgn=65359  line=Rx 10392675 1c ff 4f 00 3b 9f ff ff ff 0f 3e ff
source=0: pgn=Seatalk: Pilot Heading(65359): values=ManufacturerCode=(1851) IndustryCode=(4) HeadingTrue=(None) HeadingMagnetic=(91.03 deg)

1  : pgn=129038 line=Rx 10392676 11 f8 0e 01 20 1b c1 da 4c dc 15 85
1  : pgn=129038 line=Rx 10392676 11 f8 0e 01 21 4f 07 b7 f7 5f 5f 1c
1  : pgn=129038 line=Rx 10392677 11 f8 0e 01 22 4d fc b3 9d 03 00 00
1  : pgn=129038 line=Rx 10392677 11 f8 0e 01 23 00 fc b3 00 00 ff fe
0  : pgn=126975 line=Rx 10392686 1d ef ff 00 20 09 3b 9f f0 81 ae 02
0  : pgn=126975 line=Rx 10392688 1d ef ff 00 21 00 08 00 ff ff ff ff
1  : pgn=129038 line=Rx 10392705 11 f8 0e 01 40 1b c1 95 05 06 16 27
1  : pgn=129038 line=Rx 10392706 11 f8 0e 01 41 5a d7 b6 83 b1 73 1c
1  : pgn=129038 line=Rx 10392706 11 f8 0e 01 42 49 ce b7 00 00 00 00
1  : pgn=129038 line=Rx 10392707 11 f8 0e 01 43 00 ff ff ff 7f f0 fe
3  : pgn=129283 line=Tx 10392719 0d f9 03 03 ff 7f ff ff ff 7f ff ff
source=3: pgn=Cross Track Error(129283): values=XTEmode=(None) NavigationTerminated=("1") XTE=(None)

3  : pgn=129025 line=Tx 10392719 09 f8 01 03 c0 52 6f 1c 3c fc fd b6
source=3: pgn=Position, Rapid Update(129025): values=Latitude=(47.7057728 deg) Longitude=(-122.48688039999999 deg)

3  : pgn=128267 line=Tx 10392719 0d f5 0b 03 ff c5 3e 00 00 00 00 ff
source=3: pgn=Water Depth(128267): values=Depth=(160.69 m) Offset=(0.0 m) Range=(None)

1  : pgn=129038 line=Rx 10392739 11 f8 0e 01 60 1b c1 c6 60 e6 15 e3
1  : pgn=129038 line=Rx 10392739 11 f8 0e 01 61 73 0d b7 d2 9d 68 1c
1  : pgn=129038 line=Rx 10392740 11 f8 0e 01 62 4e 7c b8 00 00 00 00
1  : pgn=129038 line=Rx 10392740 11 f8 0e 01 63 00 d1 15 00 00 f0 fe
32 : pgn=128259 line=Rx 10392752 09 f5 03 20 bb 3c 01 ff ff ff ff ff
source=32: pgn=Speed(128259): values=SpeedWaterReferenced=(3.16 m/s) SpeedGroundReferenced=(None) SpeedWaterReferencedType=(None) SpeedDirection=(None)

0  : pgn=127250 line=Rx 10392770 09 f1 12 00 ff b7 3d ff 7f ff 7f fd
source=0: pgn=Vessel Heading(127250): values=Heading=(90.52 deg) Deviation=(None) Variation=(None) Reference=("1")

0  : pgn=127245 line=Rx 10392771 09 f1 0d 00 00 f8 ff 7f 00 00 ff ff
source=0: pgn=Rudder(127245): values=Instance=(0) DirectionOrder=("0") AngleOrder=(None) Position=(0.00 deg)

0  : pgn=65359  line=Rx 10392777 1c ff 4f 00 3b 9f ff ff ff b7 3d ff
source=0: pgn=Seatalk: Pilot Heading(65359): values=ManufacturerCode=(1851) IndustryCode=(4) HeadingTrue=(None) HeadingMagnetic=(90.52 deg)

3  : pgn=129026 line=Tx 10392819 09 f8 02 03 ff fc f3 4b 49 01 ff ff
source=3: pgn=COG & SOG, Rapid Update(129026): values=COGReference=("0") COG=(111.40 deg) SOG=(3.29 m/s)

3  : pgn=129025 line=Tx 10392819 09 f8 01 03 c0 52 6f 1c 3c fc fd b6
source=3: pgn=Position, Rapid Update(129025): values=Latitude=(47.7057728 deg) Longitude=(-122.48688039999999 deg)

3  : pgn=129542 line=Tx 10392819 19 fa 06 03 c0 0f c7 44 01 00 00 00
3  : pgn=129542 line=Tx 10392819 19 fa 06 03 c1 00 00 00 00 00 00 00
3  : pgn=129542 line=Tx 10392819 19 fa 06 03 c2 00 00 ff ff ff ff ff
3  : pgn=65364  line=Tx 10392819 1c ff 54 03 3b 9f 23 03 1f c9 ff ff
32 : pgn=128259 line=Rx 10392854 09 f5 03 20 bc 4a 01 ff ff ff ff ff
source=32: pgn=Speed(128259): values=SpeedWaterReferenced=(3.3000000000000003 m/s) SpeedGroundReferenced=(None) SpeedWaterReferencedType=(None) SpeedDirection=(None)

32 : pgn=130310 line=Rx 10392857 15 fd 06 20 12 ff ff ff ff ff ff ff
source=32: pgn=Environmental Parameters (obsolete)(130310): values=WaterTemperature=(None) OutsideAmbientAirTemperature=(None) AtmosphericPressure=(None)

32 : pgn=128275 line=Rx 10392867 19 f5 13 20 20 0e ff ff ff ff ff ff
0  : pgn=127250 line=Rx 10392868 09 f1 12 00 ff 60 3d ff 7f ff 7f fd
source=0: pgn=Vessel Heading(127250): values=Heading=(90.02 deg) Deviation=(None) Variation=(None) Reference=("1")

0  : pgn=127245 line=Rx 10392869 09 f1 0d 00 00 f8 ff 7f 00 00 ff ff
source=0: pgn=Rudder(127245): values=Instance=(0) DirectionOrder=("0") AngleOrder=(None) Position=(0.00 deg)

32 : pgn=128275 line=Rx 10392872 19 f5 13 20 21 b5 ae 3c 00 b5 ae 3c
0  : pgn=65359  line=Rx 10392876 1c ff 4f 00 3b 9f ff ff ff 60 3d ff
source=0: pgn=Seatalk: Pilot Heading(65359): values=ManufacturerCode=(1851) IndustryCode=(4) HeadingTrue=(None) HeadingMagnetic=(90.02 deg)

32 : pgn=128275 line=Rx 10392877 19 f5 13 20 22 00 ff ff ff ff ff ff
1  : pgn=59936  line=Rx 10392888 18 ea 20 01 00 ee 00 00 00 00 00 00
3  : pgn=129540 line=Tx 10392919 19 fa 04 03 00 9f e9 ff 0d 03 97 1a
source=3: pgn=GNSS Sats in View(129540): values=RangeResidualMode=(None) SatsinView=(233) PRN=(None) Elevation=(4.47 deg) Azimuth=(39.00 deg) SNR=(0.0 dB) Rangeresiduals=(0) Status=("0")

3  : pgn=129540 line=Tx 10392920 19 fa 04 03 01 2e 26 00 00 00 00 00
source=3: pgn=GNSS Sats in View(129540): values=RangeResidualMode=("0") SatsinView=(38) PRN=(0) Elevation=(0.00 deg) Azimuth=(0.00 deg) SNR=(0.0 dB) Rangeresiduals=(0) Status=("0")

3  : pgn=129540 line=Tx 10392920 19 fa 04 03 02 00 f3 0f ff 1d ad 3c
source=3: pgn=GNSS Sats in View(129540): values=RangeResidualMode=("0") SatsinView=(243) PRN=(15) Elevation=(44.00 deg) Azimuth=(89.00 deg) SNR=(0.0 dB) Rangeresiduals=(0) Status=("0")

3  : pgn=129540 line=Tx 10392920 19 fa 04 03 03 80 0c 00 00 00 00 f5
source=3: pgn=GNSS Sats in View(129540): values=RangeResidualMode=("0") SatsinView=(12) PRN=(0) Elevation=(0.00 deg) Azimuth=(359.36 deg) SNR=(0.0 dB) Rangeresiduals=(0) Status=("0")

3  : pgn=129540 line=Tx 10392920 19 fa 04 03 04 10 17 13 c2 b8 ac 0d
source=3: pgn=GNSS Sats in View(129540): values=RangeResidualMode=("0") SatsinView=(23) PRN=(19) Elevation=(-104.50 deg) Azimuth=(20.05 deg) SNR=(0.0 dB) Rangeresiduals=(0) Status=("0")

3  : pgn=129540 line=Tx 10392920 19 fa 04 03 05 00 00 00 00 f5 12 c5
source=3: pgn=GNSS Sats in View(129540): values=RangeResidualMode=("0") SatsinView=(0) PRN=(0) Elevation=(-16.13 deg) Azimuth=(289.06 deg) SNR=(0.0 dB) Rangeresiduals=(0) Status=("0")

3  : pgn=129540 line=Tx 10392920 19 fa 04 03 06 31 f2 93 48 0d 00 00
source=3: pgn=GNSS Sats in View(129540): values=RangeResidualMode=("1") SatsinView=(242) PRN=(147) Elevation=(19.48 deg) Azimuth=(0.00 deg) SNR=(0.0 dB) Rangeresiduals=(0) Status=("0")

3  : pgn=129540 line=Tx 10392920 19 fa 04 03 07 00 00 f5 13 69 03 1f
source=3: pgn=GNSS Sats in View(129540): values=RangeResidualMode=("0") SatsinView=(0) PRN=(245) Elevation=(154.12 deg) Azimuth=(45.49 deg) SNR=(0.0 dB) Rangeresiduals=(0) Status=("0")

3  : pgn=129540 line=Tx 10392920 19 fa 04 03 08 d8 f0 0a 00 00 00 00
source=3: pgn=GNSS Sats in View(129540): values=RangeResidualMode=("0") SatsinView=(240) PRN=(10) Elevation=(0.00 deg) Azimuth=(0.00 deg) SNR=(0.0 dB) Rangeresiduals=(0) Status=("0")

3  : pgn=129540 line=Tx 10392920 19 fa 04 03 09 f5 15 e8 37 c5 22 3c
source=3: pgn=GNSS Sats in View(129540): values=RangeResidualMode=("1") SatsinView=(21) PRN=(232) Elevation=(-86.22 deg) Azimuth=(88.20 deg) SNR=(0.0 dB) Rangeresiduals=(0) Status=("0")

3  : pgn=129540 line=Tx 10392920 19 fa 04 03 0a 0f 00 00 00 00 f5 16
source=3: pgn=GNSS Sats in View(129540): values=RangeResidualMode=(None) SatsinView=(0) PRN=(0) Elevation=(0.00 deg) Azimuth=(33.67 deg) SNR=(0.0 dB) Rangeresiduals=(0) Status=("0")

3  : pgn=129540 line=Tx 10392921 19 fa 04 03 0b 80 16 7d 9d 04 10 00
source=3: pgn=GNSS Sats in View(129540): values=RangeResidualMode=("0") SatsinView=(22) PRN=(125) Elevation=(6.77 deg) Azimuth=(0.09 deg) SNR=(0.0 dB) Rangeresiduals=(0) Status=("0")

3  : pgn=129540 line=Tx 10392922 19 fa 04 03 0c 00 00 00 f5 1a ae 0f
source=3: pgn=GNSS Sats in View(129540): values=RangeResidualMode=("0") SatsinView=(0) PRN=(0) Elevation=(39.54 deg) Azimuth=(23.00 deg) SNR=(0.0 dB) Rangeresiduals=(0) Status=("0")

3  : pgn=129540 line=Tx 10392923 19 fa 04 03 0d 5d 1f 1c 0c 00 00 00
source=3: pgn=GNSS Sats in View(129540): values=RangeResidualMode=("1") SatsinView=(31) PRN=(28) Elevation=(0.07 deg) Azimuth=(0.00 deg) SNR=(0.0 dB) Rangeresiduals=(0) Status=("0")

3  : pgn=129540 line=Tx 10392923 19 fa 04 03 0e 00 f5 1b d1 15 ab d2
source=3: pgn=GNSS Sats in View(129540): values=RangeResidualMode=("0") SatsinView=(245) PRN=(27) Elevation=(32.00 deg) Azimuth=(309.00 deg) SNR=(0.0 dB) Rangeresiduals=(0) Status=("0")

3  : pgn=129540 line=Tx 10392924 19 fa 04 03 0f e4 0c 00 00 00 00 f5
source=3: pgn=GNSS Sats in View(129540): values=RangeResidualMode=("0") SatsinView=(12) PRN=(0) Elevation=(0.00 deg) Azimuth=(359.36 deg) SNR=(0.0 dB) Rangeresiduals=(0) Status=("0")

3  : pgn=129540 line=Tx 10392925 19 fa 04 03 10 1d 51 0e a1 67 b8 0b
source=3: pgn=GNSS Sats in View(129540): values=RangeResidualMode=("1") SatsinView=(81) PRN=(14) Elevation=(152.00 deg) Azimuth=(17.19 deg) SNR=(0.0 dB) Rangeresiduals=(0) Status=("0")

3  : pgn=129540 line=Tx 10392925 19 fa 04 03 11 00 00 00 00 f5 23 d1
source=3: pgn=GNSS Sats in View(129540): values=RangeResidualMode=("0") SatsinView=(0) PRN=(0) Elevation=(-16.13 deg) Azimuth=(306.76 deg) SNR=(0.0 dB) Rangeresiduals=(0) Status=("0")

3  : pgn=129540 line=Tx 10392926 19 fa 04 03 12 15 c3 8b 00 00 00 00
source=3: pgn=GNSS Sats in View(129540): values=RangeResidualMode=("1") SatsinView=(195) PRN=(139) Elevation=(0.00 deg) Azimuth=(0.00 deg) SNR=(0.0 dB) Rangeresiduals=(0) Status=("0")

3  : pgn=129540 line=Tx 10392928 19 fa 04 03 13 00 00 f3 30 2e 17 43
source=3: pgn=GNSS Sats in View(129540): values=RangeResidualMode=("0") SatsinView=(0) PRN=(243) Elevation=(67.75 deg) Azimuth=(98.41 deg) SNR=(0.0 dB) Rangeresiduals=(0) Status=("0")

3  : pgn=129540 line=Tx 10392929 19 fa 04 03 14 84 f0 0a 00 00 00 00
source=3: pgn=GNSS Sats in View(129540): values=RangeResidualMode=("0") SatsinView=(240) PRN=(10) Elevation=(0.00 deg) Azimuth=(0.00 deg) SNR=(0.0 dB) Rangeresiduals=(0) Status=("0")

3  : pgn=129540 line=Tx 10392929 19 fa 04 03 15 f5 33 80 16 67 6c 00
source=3: pgn=GNSS Sats in View(129540): values=RangeResidualMode=("1") SatsinView=(51) PRN=(128) Elevation=(151.20 deg) Azimuth=(0.62 deg) SNR=(0.0 dB) Rangeresiduals=(0) Status=("0")

3  : pgn=129540 line=Tx 10392930 19 fa 04 03 16 00 00 00 00 00 f3 ff
source=3: pgn=GNSS Sats in View(129540): values=RangeResidualMode=("0") SatsinView=(0) PRN=(0) Elevation=(0.00 deg) Azimuth=(375.42 deg) SNR=(0.0 dB) Rangeresiduals=(0) Status=("0")

3  : pgn=129025 line=Tx 10392931 09 f8 01 03 ac 52 6f 1c 90 fc fd b6
source=3: pgn=Position, Rapid Update(129025): values=Latitude=(47.705770799999996 deg) Longitude=(-122.48687199999999 deg)

3  : pgn=127258 line=Tx 10392932 19 f1 1a 03 ff f6 12 39 fa 0a ff ff
source=3: pgn=Magnetic Variation(127258): values=Source=("6") Ageofservice=(14610 d) Variation=(16.10 deg)

32 : pgn=128259 line=Rx 10392952 09 f5 03 20 bd 45 01 ff ff ff ff ff
0  : pgn=127250 line=Rx 10392973 09 f1 12 00 ff 3b 3d ff 7f ff 7f fd
source=0: pgn=Vessel Heading(127250): values=Heading=(89.81 deg) Deviation=(None) Variation=(None) Reference=("1")

0  : pgn=127245 line=Rx 10392973 09 f1 0d 00 00 f8 ff 7f 00 00 ff ff
source=0: pgn=Rudder(127245): values=Instance=(0) DirectionOrder=("0") AngleOrder=(None) Position=(0.00 deg)

0  : pgn=65359  line=Rx 10392978 1c ff 4f 00 3b 9f ff ff ff 3b 3d ff
source=0: pgn=Seatalk: Pilot Heading(65359): values=ManufacturerCode=(1851) IndustryCode=(4) HeadingTrue=(None) HeadingMagnetic=(89.81 deg)

1  : pgn=129041 line=Rx 10392979 11 f8 11 01 80 30 55 75 89 3a 3b 6d
1  : pgn=129041 line=Rx 10392979 11 f8 11 01 81 8b 0a b7 5b f8 47 1c
1  : pgn=129041 line=Rx 10392980 11 f8 11 01 82 f4 00 00 00 00 00 00
1  : pgn=129041 line=Rx 10392981 11 f8 11 01 83 ff ff 12 ee ff e1 16
1  : pgn=129041 line=Rx 10392981 11 f8 11 01 84 01 50 53 20 54 53 4c
1  : pgn=129041 line=Rx 10392982 11 f8 11 01 85 20 4c 42 20 54 41 20
1  : pgn=129041 line=Rx 10392982 11 f8 11 01 86 20 20 20 20 20 20 20
3  : pgn=129026 line=Tx 10393020 09 f8 02 03 ff fc f3 4b 49 01 ff ff
source=3: pgn=COG & SOG, Rapid Update(129026): values=COGReference=("0") COG=(111.40 deg) SOG=(3.29 m/s)

3  : pgn=129025 line=Tx 10393020 09 f8 01 03 ac 52 6f 1c 90 fc fd b6
source=3: pgn=Position, Rapid Update(129025): values=Latitude=(47.705770799999996 deg) Longitude=(-122.48687199999999 deg)

32 : pgn=128259 line=Rx 10393051 09 f5 03 20 be 41 01 ff ff ff ff ff
source=32: pgn=Speed(128259): values=SpeedWaterReferenced=(3.21 m/s) SpeedGroundReferenced=(None) SpeedWaterReferencedType=(None) SpeedDirection=(None)

4  : pgn=126975 line=Rx 10393057 1d ef ff 04 00 07 3b 9f f0 81 90 00
4  : pgn=126975 line=Rx 10393058 1d ef ff 04 01 03 ff ff ff ff ff ff
0  : pgn=127250 line=Rx 10393067 09 f1 12 00 ff 00 3d ff 7f ff 7f fd
source=0: pgn=Vessel Heading(127250): values=Heading=(89.47 deg) Deviation=(None) Variation=(None) Reference=("1")

0  : pgn=127245 line=Rx 10393067 09 f1 0d 00 00 f8 ff 7f 00 00 ff ff
source=0: pgn=Rudder(127245): values=Instance=(0) DirectionOrder=("0") AngleOrder=(None) Position=(0.00 deg)

0  : pgn=65359  line=Rx 10393074 1c ff 4f 00 3b 9f ff ff ff 00 3d ff
source=0: pgn=Seatalk: Pilot Heading(65359): values=ManufacturerCode=(1851) IndustryCode=(4) HeadingTrue=(None) HeadingMagnetic=(89.47 deg)

0  : pgn=126975 line=Rx 10393076 1d ef ff 00 40 08 3b 9f f0 81 9c c1
0  : pgn=126975 line=Rx 10393078 1d ef ff 00 41 2c 00 ff ff ff ff ff
3  : pgn=129029 line=Tx 10393120 0d f8 05 03 c0 2b c7 06 40 be 63 1b
3  : pgn=129029 line=Tx 10393120 0d f8 05 03 c1 2c 00 b8 b3 36 75 d9
3  : pgn=129029 line=Tx 10393120 0d f8 05 03 c2 9e 06 00 a0 e9 87 63
3  : pgn=129029 line=Tx 10393120 0d f8 05 03 c3 64 00 ef ff ff ff ff
3  : pgn=129029 line=Tx 10393120 0d f8 05 03 c4 ff ff ff 7f 23 fc 09
3  : pgn=129029 line=Tx 10393120 0d f8 05 03 c5 4f 00 ff 7f ff ff ff
3  : pgn=129029 line=Tx 10393120 0d f8 05 03 c6 7f 00 ff ff ff ff ff
3  : pgn=129025 line=Tx 10393120 09 f8 01 03 ac 52 6f 1c 90 fc fd b6
source=3: pgn=Position, Rapid Update(129025): values=Latitude=(47.705770799999996 deg) Longitude=(-122.48687199999999 deg)

3  : pgn=129033 line=Tx 10393120 0d f8 09 03 06 40 be 63 1b 2c 5c fe
source=3: pgn=Time & Date(129033): values=Date=(16390 d) Time=(73999.251 s) LocalOffset=(-25200.0 s)

1  : pgn=129038 line=Rx 10393132 11 f8 0e 01 80 1b c1 9a cc e2 15 2f
1  : pgn=129038 line=Rx 10393133 11 f8 0e 01 81 39 10 b7 cb e5 67 1c
1  : pgn=129038 line=Rx 10393133 11 f8 0e 01 82 48 62 14 00 00 00 00
1  : pgn=129038 line=Rx 10393134 11 f8 0e 01 83 00 ff ff ff 7f f0 fe
32 : pgn=128259 line=Rx 10393151 09 f5 03 20 bf 3b 01 ff ff ff ff ff
source=32: pgn=Speed(128259): values=SpeedWaterReferenced=(3.15 m/s) SpeedGroundReferenced=(None) SpeedWaterReferencedType=(None) SpeedDirection=(None)

0  : pgn=127250 line=Rx 10393170 09 f1 12 00 ff df 3c ff 7f ff 7f fd
source=0: pgn=Vessel Heading(127250): values=Heading=(89.28 deg) Deviation=(None) Variation=(None) Reference=("1")

0  : pgn=127245 line=Rx 10393171 09 f1 0d 00 00 f8 ff 7f 00 00 ff ff
source=0: pgn=Rudder(127245): values=Instance=(0) DirectionOrder=("0") AngleOrder=(None) Position=(0.00 deg)

0  : pgn=65359  line=Rx 10393175 1c ff 4f 00 3b 9f ff ff ff df 3c ff
source=0: pgn=Seatalk: Pilot Heading(65359): values=ManufacturerCode=(1851) IndustryCode=(4) HeadingTrue=(None) HeadingMagnetic=(89.28 deg)

3  : pgn=129026 line=Tx 10393221 09 f8 02 03 ff fc 04 4c 48 01 ff ff
source=3: pgn=COG & SOG, Rapid Update(129026): values=COGReference=("0") COG=(111.50 deg) SOG=(3.2800000000000002 m/s)

3  : pgn=129025 line=Tx 10393221 09 f8 01 03 7d 52 6f 1c 2a fd fd b6
source=3: pgn=Position, Rapid Update(129025): values=Latitude=(47.7057661 deg) Longitude=(-122.4868566 deg)

3  : pgn=126992 line=Tx 10393221 0d f0 10 03 ff ff 06 40 04 6e 1b 2c
source=3: pgn=System Time(126992): values=Source=(None) Date=(16390 d) Time=(73999.51400000001 s)

32 : pgn=128259 line=Rx 10393250 09 f5 03 20 c0 42 01 ff ff ff ff ff
source=32: pgn=Speed(128259): values=SpeedWaterReferenced=(3.22 m/s) SpeedGroundReferenced=(None) SpeedWaterReferencedType=(None) SpeedDirection=(None)

1  : pgn=129038 line=Rx 10393254 11 f8 0e 01 a0 1b c1 3a 83 dc 15 6c
1  : pgn=129038 line=Rx 10393254 11 f8 0e 01 a1 f0 f9 b6 dd 33 62 1c
1  : pgn=129038 line=Rx 10393255 11 f8 0e 01 a2 4d 08 b6 00 00 00 00
1  : pgn=129038 line=Rx 10393256 11 f8 0e 01 a3 00 1f c9 00 00 ff fe
0  : pgn=127250 line=Rx 10393267 09 f1 12 00 ff d6 3c ff 7f ff 7f fd
source=0: pgn=Vessel Heading(127250): values=Heading=(89.23 deg) Deviation=(None) Variation=(None) Reference=("1")

0  : pgn=127245 line=Rx 10393267 09 f1 0d 00 00 f8 ff 7f 00 00 ff ff
source=0: pgn=Rudder(127245): values=Instance=(0) DirectionOrder=("0") AngleOrder=(None) Position=(0.00 deg)

0  : pgn=65359  line=Rx 10393275 1c ff 4f 00 3b 9f ff ff ff d6 3c ff
source=0: pgn=Seatalk: Pilot Heading(65359): values=ManufacturerCode=(1851) IndustryCode=(4) HeadingTrue=(None) HeadingMagnetic=(89.23 deg)

1  : pgn=129038 line=Rx 10393318 11 f8 0e 01 c0 1b c1 38 45 e0 15 50
1  : pgn=129038 line=Rx 10393319 11 f8 0e 01 c1 bc 0f b7 f3 f3 67 1c
1  : pgn=129038 line=Rx 10393319 11 f8 0e 01 c2 4c 6e 0d 00 00 00 00
1  : pgn=129038 line=Rx 10393320 11 f8 0e 01 c3 00 ff ff ff 7f f0 fe
1  : pgn=129038 line=Rx 10393321 11 f8 0e 01 e0 1b c1 0e 29 e0 15 49
1  : pgn=129038 line=Rx 10393321 11 f8 0e 01 e1 bf 0c b7 af 5f 69 1c
1  : pgn=129038 line=Rx 10393322 11 f8 0e 01 e2 40 43 66 00 00 01 00
3  : pgn=129025 line=Tx 10393322 09 f8 01 03 7d 52 6f 1c 2a fd fd b6
source=3: pgn=Position, Rapid Update(129025): values=Latitude=(47.7057661 deg) Longitude=(-122.4868566 deg)

1  : pgn=129038 line=Rx 10393322 11 f8 0e 01 e3 08 ff ff ff 7f f0 fe
32 : pgn=128259 line=Rx 10393350 09 f5 03 20 c1 38 01 ff ff ff ff ff
source=32: pgn=Speed(128259): values=SpeedWaterReferenced=(3.12 m/s) SpeedGroundReferenced=(None) SpeedWaterReferencedType=(None) SpeedDirection=(None)

0  : pgn=127250 line=Rx 10393370 09 f1 12 00 ff d5 3c ff 7f ff 7f fd
source=0: pgn=Vessel Heading(127250): values=Heading=(89.23 deg) Deviation=(None) Variation=(None) Reference=("1")

0  : pgn=127245 line=Rx 10393371 09 f1 0d 00 00 f8 ff 7f 00 00 ff ff
source=0: pgn=Rudder(127245): values=Instance=(0) DirectionOrder=("0") AngleOrder=(None) Position=(0.00 deg)

0  : pgn=65359  line=Rx 10393376 1c ff 4f 00 3b 9f ff ff ff d5 3c ff
source=0: pgn=Seatalk: Pilot Heading(65359): values=ManufacturerCode=(1851) IndustryCode=(4) HeadingTrue=(None) HeadingMagnetic=(89.23 deg)

4  : pgn=65384  line=Rx 10393398 1c ff 68 04 3b 9f 00 00 00 00 00 00
3  : pgn=129026 line=Tx 10393437 09 f8 02 03 ff fc 04 4c 47 01 ff ff
source=3: pgn=COG & SOG, Rapid Update(129026): values=COGReference=("0") COG=(111.50 deg) SOG=(3.27 m/s)

3  : pgn=129025 line=Tx 10393437 09 f8 01 03 6a 52 6f 1c 7a fd fd b6
source=3: pgn=Position, Rapid Update(129025): values=Latitude=(47.7057642 deg) Longitude=(-122.48684859999999 deg)

3  : pgn=129291 line=Tx 10393437 0d f9 0b 03 ff fc 77 75 25 00 ff ff
source=3: pgn=Set & Drift, Rapid Update(129291): values=SetReference=("0") Set=(172.29 deg) Drift=(0.37 m/s)

32 : pgn=128259 line=Rx 10393449 09 f5 03 20 c2 34 01 ff ff ff ff ff
source=32: pgn=Speed(128259): values=SpeedWaterReferenced=(3.08 m/s) SpeedGroundReferenced=(None) SpeedWaterReferencedType=(None) SpeedDirection=(None)

1  : pgn=129810 line=Rx 10393469 19 fb 12 01 00 21 18 a2 43 e1 15 1e
source=1: pgn=AIS Class B static data (msg 24 Part B)(129810): values=MessageID=(0) RepeatIndicator=("0") UserID=(1134696481) Typeofship=("97") VendorID=(0) Callsign=(0) Length=(0.0 m) Beam=(0.0 m) PositionreferencefromStarboard=(0.0 m) PositionreferencefromBow=(0.0 m) MothershipUserID=(0) Spare=(0) AISTransceiverinformation=("0") SequenceID=(0)

1  : pgn=129810 line=Rx 10393470 19 fb 12 01 01 31 0c c3 43 4c 20 20
source=1: pgn=AIS Class B static data (msg 24 Part B)(129810): values=MessageID=(1) RepeatIndicator=("0") UserID=(1136856113) Typeofship=("76") VendorID=(0) Callsign=(0) Length=(0.0 m) Beam=(0.0 m) PositionreferencefromStarboard=(0.0 m) PositionreferencefromBow=(0.0 m) MothershipUserID=(0) Spare=(0) AISTransceiverinformation=("0") SequenceID=(0)

1  : pgn=129810 line=Rx 10393470 19 fb 12 01 02 57 44 43 38 32 37 38
source=1: pgn=AIS Class B static data (msg 24 Part B)(129810): values=MessageID=(2) RepeatIndicator=("0") UserID=(943932503) Typeofship=("50") VendorID=(0) Callsign=(0) Length=(0.0 m) Beam=(0.0 m) PositionreferencefromStarboard=(0.0 m) PositionreferencefromBow=(0.0 m) MothershipUserID=(0) Spare=(0) AISTransceiverinformation=("0") SequenceID=(0)

1  : pgn=129810 line=Rx 10393471 19 fb 12 01 03 90 01 5a 00 28 00 78
source=1: pgn=AIS Class B static data (msg 24 Part B)(129810): values=MessageID=(3) RepeatIndicator=("0") UserID=(5898640) Typeofship=("40") VendorID=(0) Callsign=(0) Length=(0.0 m) Beam=(0.0 m) PositionreferencefromStarboard=(0.0 m) PositionreferencefromBow=(0.0 m) MothershipUserID=(0) Spare=(0) AISTransceiverinformation=("0") SequenceID=(0)

1  : pgn=129810 line=Rx 10393471 19 fb 12 01 04 00 00 00 00 00 07 ff
source=1: pgn=AIS Class B static data (msg 24 Part B)(129810): values=MessageID=(4) RepeatIndicator=("0") UserID=(0) Typeofship=("0") VendorID=(0) Callsign=(0) Length=(0.0 m) Beam=(0.0 m) PositionreferencefromStarboard=(0.0 m) PositionreferencefromBow=(0.0 m) MothershipUserID=(0) Spare=(0) AISTransceiverinformation=("0") SequenceID=(0)

1  : pgn=130842 line=Rx 10393472 19 ff 1a 01 e0 24 41 9f 01 00 00 a2
1  : pgn=130842 line=Rx 10393472 19 ff 1a 01 e1 43 e1 15 00 31 0c c3
1  : pgn=130842 line=Rx 10393473 19 ff 1a 01 e2 43 4c 20 20 57 44 43
1  : pgn=130842 line=Rx 10393473 19 ff 1a 01 e3 38 32 37 38 90 01 5a
1  : pgn=130842 line=Rx 10393474 19 ff 1a 01 e4 00 28 00 78 00 00 00
1  : pgn=130842 line=Rx 10393475 19 ff 1a 01 e5 00 00 ff ff ff ff ff
0  : pgn=127250 line=Rx 10393482 09 f1 12 00 ff da 3c ff 7f ff 7f fd
source=0: pgn=Vessel Heading(127250): values=Heading=(89.26 deg) Deviation=(None) Variation=(None) Reference=("1")

0  : pgn=127245 line=Rx 10393483 09 f1 0d 00 00 f8 ff 7f 00 00 ff ff
source=0: pgn=Rudder(127245): values=Instance=(0) DirectionOrder=("0") AngleOrder=(None) Position=(0.00 deg)

0  : pgn=65359  line=Rx 10393490 1c ff 4f 00 3b 9f ff ff ff da 3c ff
source=0: pgn=Seatalk: Pilot Heading(65359): values=ManufacturerCode=(1851) IndustryCode=(4) HeadingTrue=(None) HeadingMagnetic=(89.26 deg)

3  : pgn=129025 line=Tx 10393537 09 f8 01 03 6a 52 6f 1c 7a fd fd b6
source=3: pgn=Position, Rapid Update(129025): values=Latitude=(47.7057642 deg) Longitude=(-122.48684859999999 deg)

32 : pgn=128259 line=Rx 10393549 09 f5 03 20 c3 38 01 ff ff ff ff ff
source=32: pgn=Speed(128259): values=SpeedWaterReferenced=(3.12 m/s) SpeedGroundReferenced=(None) SpeedWaterReferencedType=(None) SpeedDirection=(None)

1  : pgn=129038 line=Rx 10393562 11 f8 0e 01 00 1b c1 d0 57 e0 15 fa
1  : pgn=129038 line=Rx 10393562 11 f8 0e 01 01 75 0e b7 e0 ba 67 1c
source=1: pgn=AIS Class A Position Report(129038): values=MessageID=(1) RepeatIndicator=("0") UserID=(3770093173) Longitude=(0.0 deg) Latitude=(0.0 deg) PositionAccuracy=("0") RAIM=("0") TimeStamp=("0") COG=(0.00 deg) SOG=(0.0 m/s) CommunicationState=(0) AISTransceiverinformation=("0") Heading=(0.00 deg) RateofTurn=(0.00 deg/s) NavStatus=("0") SpecialManeuverIndicator=("0") Spare=(0) SequenceID=(0)

1  : pgn=129038 line=Rx 10393563 11 f8 0e 01 02 4c 5c 0d 00 00 00 00
source=1: pgn=AIS Class A Position Report(129038): values=MessageID=(2) RepeatIndicator=("0") UserID=(875596) Longitude=(0.0 deg) Latitude=(0.0 deg) PositionAccuracy=("0") RAIM=("0") TimeStamp=("0") COG=(0.00 deg) SOG=(0.0 m/s) CommunicationState=(0) AISTransceiverinformation=("0") Heading=(0.00 deg) RateofTurn=(0.00 deg/s) NavStatus=("0") SpecialManeuverIndicator=("0") Spare=(0) SequenceID=(0)

1  : pgn=129038 line=Rx 10393564 11 f8 0e 01 03 00 ff ff ff 7f f0 fe
source=1: pgn=AIS Class A Position Report(129038): values=MessageID=(3) RepeatIndicator=("0") UserID=(4294967040) Longitude=(0.0 deg) Latitude=(0.0 deg) PositionAccuracy=("0") RAIM=("0") TimeStamp=("0") COG=(0.00 deg) SOG=(0.0 m/s) CommunicationState=(0) AISTransceiverinformation=("0") Heading=(0.00 deg) RateofTurn=(0.00 deg/s) NavStatus=("0") SpecialManeuverIndicator=("0") Spare=(0) SequenceID=(0)

1  : pgn=129038 line=Rx 10393564 11 f8 0e 01 20 1b c1 4c 8c df 15 70
1  : pgn=129038 line=Rx 10393565 11 f8 0e 01 21 b5 05 b7 69 1f 4f 1c
1  : pgn=129038 line=Rx 10393565 11 f8 0e 01 22 4c 38 70 a0 01 00 00
1  : pgn=129038 line=Rx 10393566 11 f8 0e 01 23 00 c3 6d 00 00 f0 fe
0  : pgn=127250 line=Rx 10393571 09 f1 12 00 ff fe 3c ff 7f ff 7f fd
source=0: pgn=Vessel Heading(127250): values=Heading=(89.46 deg) Deviation=(None) Variation=(None) Reference=("1")

0  : pgn=127245 line=Rx 10393571 09 f1 0d 00 00 f8 ff 7f 00 00 ff ff
source=0: pgn=Rudder(127245): values=Instance=(0) DirectionOrder=("0") AngleOrder=(None) Position=(0.00 deg)

0  : pgn=65379  line=Rx 10393576 1c ff 63 00 3b 9f 00 00 00 00 01 ff
source=0: pgn=Seatalk: Pilot Mode(65379): values=ManufacturerCode=(1851) IndustryCode=(4) PilotMode=(0) SubMode=(0) PilotModeData=(0)

0  : pgn=65359  line=Rx 10393577 1c ff 4f 00 3b 9f ff ff ff fe 3c ff
source=0: pgn=Seatalk: Pilot Heading(65359): values=ManufacturerCode=(1851) IndustryCode=(4) HeadingTrue=(None) HeadingMagnetic=(89.46 deg)

0  : pgn=126975 line=Rx 10393579 1d ef ff 00 60 0d 3b 9f f0 81 84 c6
0  : pgn=126975 line=Rx 10393581 1d ef ff 00 61 2c b3 00 00 00 02 05
1  : pgn=129038 line=Rx 10393595 11 f8 0e 01 40 1b c1 a8 e4 f8 15 0d
1  : pgn=129038 line=Rx 10393595 11 f8 0e 01 41 2f 10 b7 c6 e8 67 1c
1  : pgn=129038 line=Rx 10393596 11 f8 0e 01 42 fc 51 0e 00 00 00 00
1  : pgn=129038 line=Rx 10393597 11 f8 0e 01 43 00 ff ff ff 7f f0 fe
3  : pgn=129026 line=Tx 10393638 09 f8 02 03 ff fc 04 4c 47 01 ff ff
source=3: pgn=COG & SOG, Rapid Update(129026): values=COGReference=("0") COG=(111.50 deg) SOG=(3.27 m/s)

3  : pgn=130577 line=Tx 10393638 0d fe 11 03 e0 0e c0 c8 04 4c 47 01
3  : pgn=130577 line=Tx 10393638 0d fe 11 03 e1 ff ff ff ff 77 75 25
3  : pgn=130577 line=Tx 10393638 0d fe 11 03 e2 00 ff ff ff ff ff ff
3  : pgn=129025 line=Tx 10393638 09 f8 01 03 6a 52 6f 1c 7a fd fd b6
3  : pgn=130306 line=Tx 10393638 09 fd 02 03 ff 23 03 93 ce fa ff ff
source=3: pgn=Wind Data(130306): values=WindSpeed=(8.03 m/s) WindAngle=(303.00 deg) Reference=("2")

32 : pgn=128259 line=Rx 10393648 09 f5 03 20 c4 29 01 ff ff ff ff ff
source=32: pgn=Speed(128259): values=SpeedWaterReferenced=(2.97 m/s) SpeedGroundReferenced=(None) SpeedWaterReferencedType=(None) SpeedDirection=(None)

1  : pgn=129038 line=Rx 10393656 11 f8 0e 01 60 1b c3 04 b6 79 1c dc
1  : pgn=129038 line=Rx 10393656 11 f8 0e 01 61 5a 0f b7 4d 34 5e 1c
1  : pgn=129038 line=Rx 10393657 11 f8 0e 01 62 4c 45 1b 00 00 00 00
1  : pgn=129038 line=Rx 10393658 11 f8 0e 01 63 00 d8 e9 00 00 f1 fe
0  : pgn=127250 line=Rx 10393682 09 f1 12 00 ff 42 3d ff 7f ff 7f fd
source=0: pgn=Vessel Heading(127250): values=Heading=(89.85 deg) Deviation=(None) Variation=(None) Reference=("1")

0  : pgn=127245 line=Rx 10393683 09 f1 0d 00 00 f8 ff 7f 00 00 ff ff
source=0: pgn=Rudder(127245): values=Instance=(0) DirectionOrder=("0") AngleOrder=(None) Position=(0.00 deg)

0  : pgn=65359  line=Rx 10393689 1c ff 4f 00 3b 9f ff ff ff 42 3d ff
source=0: pgn=Seatalk: Pilot Heading(65359): values=ManufacturerCode=(1851) IndustryCode=(4) HeadingTrue=(None) HeadingMagnetic=(89.85 deg)

0  : pgn=126975 line=Rx 10393693 1d ef ff 00 80 09 3b 9f f0 81 ae 02
0  : pgn=126975 line=Rx 10393695 1d ef ff 00 81 00 08 04 ff ff ff ff
1  : pgn=129038 line=Rx 10393719 11 f8 0e 01 80 1b c1 70 83 e7 15 17
1  : pgn=129038 line=Rx 10393720 11 f8 0e 01 81 56 0e b7 3f 47 68 1c
1  : pgn=129038 line=Rx 10393720 11 f8 0e 01 82 52 42 b1 00 00 00 00
1  : pgn=129038 line=Rx 10393721 11 f8 0e 01 83 00 ff ff ff 7f f0 fe
3  : pgn=129283 line=Tx 10393738 0d f9 03 03 ff 7f ff ff ff 7f ff ff
source=3: pgn=Cross Track Error(129283): values=XTEmode=(None) NavigationTerminated=("1") XTE=(None)

3  : pgn=129025 line=Tx 10393738 09 f8 01 03 58 52 6f 1c ca fd fd b6
source=3: pgn=Position, Rapid Update(129025): values=Latitude=(47.7057624 deg) Longitude=(-122.4868406 deg)

3  : pgn=128267 line=Tx 10393738 0d f5 0b 03 ff d7 3e 00 00 00 00 ff
source=3: pgn=Water Depth(128267): values=Depth=(160.87 m) Offset=(0.0 m) Range=(None)

32 : pgn=128259 line=Rx 10393748 09 f5 03 20 c5 27 01 ff ff ff ff ff
source=32: pgn=Speed(128259): values=SpeedWaterReferenced=(2.95 m/s) SpeedGroundReferenced=(None) SpeedWaterReferencedType=(None) SpeedDirection=(None)

0  : pgn=127250 line=Rx 10393766 09 f1 12 00 ff 5a 3d ff 7f ff 7f fd
source=0: pgn=Vessel Heading(127250): values=Heading=(89.99 deg) Deviation=(None) Variation=(None) Reference=("1")

0  : pgn=127245 line=Rx 10393767 09 f1 0d 00 00 f8 ff 7f 00 00 ff ff
source=0: pgn=Rudder(127245): values=Instance=(0) DirectionOrder=("0") AngleOrder=(None) Position=(0.00 deg)

0  : pgn=65359  line=Rx 10393773 1c ff 4f 00 3b 9f ff ff ff 5a 3d ff
source=0: pgn=Seatalk: Pilot Heading(65359): values=ManufacturerCode=(1851) IndustryCode=(4) HeadingTrue=(None) HeadingMagnetic=(89.99 deg)

1  : pgn=129793 line=Rx 10393782 1d fb 01 01 20 1a 04 a2 fc 37 00 29
1  : pgn=129793 line=Rx 10393782 1d fb 01 01 21 12 19 b7 d2 8c 61 1c
1  : pgn=129793 line=Rx 10393783 1d fb 01 01 22 ff f0 59 1b 2c 00 00
1  : pgn=129793 line=Rx 10393784 1d fb 01 01 23 08 06 40 ff 00 fc ff
3  : pgn=129026 line=Tx 10393838 09 f8 02 03 ff fc f3 4b 46 01 ff ff
source=3: pgn=COG & SOG, Rapid Update(129026): values=COGReference=("0") COG=(111.40 deg) SOG=(3.2600000000000002 m/s)

3  : pgn=129025 line=Tx 10393838 09 f8 01 03 58 52 6f 1c ca fd fd b6
source=3: pgn=Position, Rapid Update(129025): values=Latitude=(47.7057624 deg) Longitude=(-122.4868406 deg)

3  : pgn=129542 line=Tx 10393838 19 fa 06 03 e0 0f c8 5c 01 00 00 00
3  : pgn=129542 line=Tx 10393838 19 fa 06 03 e1 00 00 00 00 00 00 00
3  : pgn=129542 line=Tx 10393838 19 fa 06 03 e2 00 00 ff ff ff ff ff
3  : pgn=65364  line=Tx 10393838 1c ff 54 03 3b 9f 23 03 93 ce ff ff
32 : pgn=128259 line=Rx 10393849 09 f5 03 20 c6 2a 01 ff ff ff ff ff
source=32: pgn=Speed(128259): values=SpeedWaterReferenced=(2.98 m/s) SpeedGroundReferenced=(None) SpeedWaterReferencedType=(None) SpeedDirection=(None)

32 : pgn=130310 line=Rx 10393852 15 fd 06 20 13 ff ff ff ff ff ff ff
source=32: pgn=Environmental Parameters (obsolete)(130310): values=WaterTemperature=(None) OutsideAmbientAirTemperature=(None) AtmosphericPressure=(None)

32 : pgn=128275 line=Rx 10393862 19 f5 13 20 40 0e ff ff ff ff ff ff
32 : pgn=128275 line=Rx 10393867 19 f5 13 20 41 b5 ae 3c 00 b5 ae 3c
32 : pgn=128275 line=Rx 10393872 19 f5 13 20 42 00 ff ff ff ff ff ff
0  : pgn=127250 line=Rx 10393878 09 f1 12 00 ff 92 3d ff 7f ff 7f fd
source=0: pgn=Vessel Heading(127250): values=Heading=(90.31 deg) Deviation=(None) Variation=(None) Reference=("1")

0  : pgn=127245 line=Rx 10393879 09 f1 0d 00 00 f8 ff 7f 00 00 ff ff
source=0: pgn=Rudder(127245): values=Instance=(0) DirectionOrder=("0") AngleOrder=(None) Position=(0.00 deg)

0  : pgn=65359  line=Rx 10393886 1c ff 4f 00 3b 9f ff ff ff 92 3d ff
source=0: pgn=Seatalk: Pilot Heading(65359): values=ManufacturerCode=(1851) IndustryCode=(4) HeadingTrue=(None) HeadingMagnetic=(90.31 deg)

1  : pgn=59936  line=Rx 10393901 18 ea 20 01 00 ee 00 00 00 00 00 00
3  : pgn=129540 line=Tx 10393939 19 fa 04 03 20 9f ea ff 0d 03 97 1a
source=3: pgn=GNSS Sats in View(129540): values=RangeResidualMode=(None) SatsinView=(234) PRN=(None) Elevation=(4.47 deg) Azimuth=(39.00 deg) SNR=(0.0 dB) Rangeresiduals=(0) Status=("0")

3  : pgn=129540 line=Tx 10393939 19 fa 04 03 21 2e 26 00 00 00 00 00
source=3: pgn=GNSS Sats in View(129540): values=RangeResidualMode=("0") SatsinView=(38) PRN=(0) Elevation=(0.00 deg) Azimuth=(0.00 deg) SNR=(0.0 dB) Rangeresiduals=(0) Status=("0")

3  : pgn=129540 line=Tx 10393939 19 fa 04 03 22 00 f3 0f ff 1d ad 3c
source=3: pgn=GNSS Sats in View(129540): values=RangeResidualMode=("0") SatsinView=(243) PRN=(15) Elevation=(44.00 deg) Azimuth=(89.00 deg) SNR=(0.0 dB) Rangeresiduals=(0) Status=("0")

3  : pgn=129540 line=Tx 10393939 19 fa 04 03 23 80 0c 00 00 00 00 f5
source=3: pgn=GNSS Sats in View(129540): values=RangeResidualMode=("0") SatsinView=(12) PRN=(0) Elevation=(0.00 deg) Azimuth=(359.36 deg) SNR=(0.0 dB) Rangeresiduals=(0) Status=("0")

3  : pgn=129540 line=Tx 10393939 19 fa 04 03 24 10 17 13 c2 b8 ac 0d
source=3: pgn=GNSS Sats in View(129540): values=RangeResidualMode=("0") SatsinView=(23) PRN=(19) Elevation=(-104.50 deg) Azimuth=(20.05 deg) SNR=(0.0 dB) Rangeresiduals=(0) Status=("0")

3  : pgn=129540 line=Tx 10393939 19 fa 04 03 25 00 00 00 00 f5 12 c5
source=3: pgn=GNSS Sats in View(129540): values=RangeResidualMode=("0") SatsinView=(0) PRN=(0) Elevation=(-16.13 deg) Azimuth=(289.06 deg) SNR=(0.0 dB) Rangeresiduals=(0) Status=("0")

3  : pgn=129540 line=Tx 10393939 19 fa 04 03 26 31 f2 93 48 0d 00 00
source=3: pgn=GNSS Sats in View(129540): values=RangeResidualMode=("1") SatsinView=(242) PRN=(147) Elevation=(19.48 deg) Azimuth=(0.00 deg) SNR=(0.0 dB) Rangeresiduals=(0) Status=("0")

3  : pgn=129540 line=Tx 10393939 19 fa 04 03 27 00 00 f5 13 69 03 1f
source=3: pgn=GNSS Sats in View(129540): values=RangeResidualMode=("0") SatsinView=(0) PRN=(245) Elevation=(154.12 deg) Azimuth=(45.49 deg) SNR=(0.0 dB) Rangeresiduals=(0) Status=("0")

3  : pgn=129540 line=Tx 10393939 19 fa 04 03 28 d8 f0 0a 00 00 00 00
source=3: pgn=GNSS Sats in View(129540): values=RangeResidualMode=("0") SatsinView=(240) PRN=(10) Elevation=(0.00 deg) Azimuth=(0.00 deg) SNR=(0.0 dB) Rangeresiduals=(0) Status=("0")

3  : pgn=129540 line=Tx 10393939 19 fa 04 03 29 f5 15 e8 37 c5 22 3c
source=3: pgn=GNSS Sats in View(129540): values=RangeResidualMode=("1") SatsinView=(21) PRN=(232) Elevation=(-86.22 deg) Azimuth=(88.20 deg) SNR=(0.0 dB) Rangeresiduals=(0) Status=("0")

3  : pgn=129540 line=Tx 10393939 19 fa 04 03 2a 0f 00 00 00 00 f5 16
source=3: pgn=GNSS Sats in View(129540): values=RangeResidualMode=(None) SatsinView=(0) PRN=(0) Elevation=(0.00 deg) Azimuth=(33.67 deg) SNR=(0.0 dB) Rangeresiduals=(0) Status=("0")

3  : pgn=129540 line=Tx 10393940 19 fa 04 03 2b 80 16 7d 9d 04 10 00
source=3: pgn=GNSS Sats in View(129540): values=RangeResidualMode=("0") SatsinView=(22) PRN=(125) Elevation=(6.77 deg) Azimuth=(0.09 deg) SNR=(0.0 dB) Rangeresiduals=(0) Status=("0")

3  : pgn=129540 line=Tx 10393941 19 fa 04 03 2c 00 00 00 f5 1a ae 0f
source=3: pgn=GNSS Sats in View(129540): values=RangeResidualMode=("0") SatsinView=(0) PRN=(0) Elevation=(39.54 deg) Azimuth=(23.00 deg) SNR=(0.0 dB) Rangeresiduals=(0) Status=("0")

3  : pgn=129540 line=Tx 10393943 19 fa 04 03 2d 5d 1f 1c 0c 00 00 00
source=3: pgn=GNSS Sats in View(129540): values=RangeResidualMode=("1") SatsinView=(31) PRN=(28) Elevation=(0.07 deg) Azimuth=(0.00 deg) SNR=(0.0 dB) Rangeresiduals=(0) Status=("0")

3  : pgn=129540 line=Tx 10393943 19 fa 04 03 2e 00 f5 1b d1 15 ab d2
source=3: pgn=GNSS Sats in View(129540): values=RangeResidualMode=("0") SatsinView=(245) PRN=(27) Elevation=(32.00 deg) Azimuth=(309.00 deg) SNR=(0.0 dB) Rangeresiduals=(0) Status=("0")

3  : pgn=129540 line=Tx 10393944 19 fa 04 03 2f e4 0c 00 00 00 00 f5
source=3: pgn=GNSS Sats in View(129540): values=RangeResidualMode=("0") SatsinView=(12) PRN=(0) Elevation=(0.00 deg) Azimuth=(359.36 deg) SNR=(0.0 dB) Rangeresiduals=(0) Status=("0")

3  : pgn=129540 line=Tx 10393945 19 fa 04 03 30 1d 51 0e a1 67 b8 0b
source=3: pgn=GNSS Sats in View(129540): values=RangeResidualMode=("1") SatsinView=(81) PRN=(14) Elevation=(152.00 deg) Azimuth=(17.19 deg) SNR=(0.0 dB) Rangeresiduals=(0) Status=("0")

3  : pgn=129540 line=Tx 10393945 19 fa 04 03 31 00 00 00 00 f5 23 d1
source=3: pgn=GNSS Sats in View(129540): values=RangeResidualMode=("0") SatsinView=(0) PRN=(0) Elevation=(-16.13 deg) Azimuth=(306.76 deg) SNR=(0.0 dB) Rangeresiduals=(0) Status=("0")

3  : pgn=129540 line=Tx 10393946 19 fa 04 03 32 15 c3 8b 00 00 00 00
source=3: pgn=GNSS Sats in View(129540): values=RangeResidualMode=("1") SatsinView=(195) PRN=(139) Elevation=(0.00 deg) Azimuth=(0.00 deg) SNR=(0.0 dB) Rangeresiduals=(0) Status=("0")

32 : pgn=128259 line=Rx 10393947 09 f5 03 20 c7 2b 01 ff ff ff ff ff
3  : pgn=129540 line=Tx 10393948 19 fa 04 03 33 00 00 f3 30 2e 17 43
source=3: pgn=GNSS Sats in View(129540): values=RangeResidualMode=("0") SatsinView=(0) PRN=(243) Elevation=(67.75 deg) Azimuth=(98.41 deg) SNR=(0.0 dB) Rangeresiduals=(0) Status=("0")

3  : pgn=129540 line=Tx 10393949 19 fa 04 03 34 84 f0 0a 00 00 00 00
source=3: pgn=GNSS Sats in View(129540): values=RangeResidualMode=("0") SatsinView=(240) PRN=(10) Elevation=(0.00 deg) Azimuth=(0.00 deg) SNR=(0.0 dB) Rangeresiduals=(0) Status=("0")

3  : pgn=129540 line=Tx 10393949 19 fa 04 03 35 f5 33 80 16 67 6c 00
source=3: pgn=GNSS Sats in View(129540): values=RangeResidualMode=("1") SatsinView=(51) PRN=(128) Elevation=(151.20 deg) Azimuth=(0.62 deg) SNR=(0.0 dB) Rangeresiduals=(0) Status=("0")

3  : pgn=129540 line=Tx 10393950 19 fa 04 03 36 00 00 00 00 00 f3 ff
source=3: pgn=GNSS Sats in View(129540): values=RangeResidualMode=("0") SatsinView=(0) PRN=(0) Elevation=(0.00 deg) Azimuth=(375.42 deg) SNR=(0.0 dB) Rangeresiduals=(0) Status=("0")

3  : pgn=129025 line=Tx 10393951 09 f8 01 03 58 52 6f 1c ca fd fd b6
source=3: pgn=Position, Rapid Update(129025): values=Latitude=(47.7057624 deg) Longitude=(-122.4868406 deg)

3  : pgn=127258 line=Tx 10393952 19 f1 1a 03 ff f6 12 39 fa 0a ff ff
source=3: pgn=Magnetic Variation(127258): values=Source=("6") Ageofservice=(14610 d) Variation=(16.10 deg)

0  : pgn=127250 line=Rx 10393972 09 f1 12 00 ff a1 3d ff 7f ff 7f fd
source=0: pgn=Vessel Heading(127250): values=Heading=(90.40 deg) Deviation=(None) Variation=(None) Reference=("1")

0  : pgn=127245 line=Rx 10393972 09 f1 0d 00 00 f8 ff 7f 00 00 ff ff
source=0: pgn=Rudder(127245): values=Instance=(0) DirectionOrder=("0") AngleOrder=(None) Position=(0.00 deg)

0  : pgn=65359  line=Rx 10393976 1c ff 4f 00 3b 9f ff ff ff a1 3d ff
source=0: pgn=Seatalk: Pilot Heading(65359): values=ManufacturerCode=(1851) IndustryCode=(4) HeadingTrue=(None) HeadingMagnetic=(90.40 deg)

3  : pgn=129026 line=Tx 10394039 09 f8 02 03 ff fc d0 4b 47 01 ff ff
source=3: pgn=COG & SOG, Rapid Update(129026): values=COGReference=("0") COG=(111.20 deg) SOG=(3.27 m/s)

3  : pgn=129025 line=Tx 10394039 09 f8 01 03 56 52 6f 1c 84 fe fd b6
source=3: pgn=Position, Rapid Update(129025): values=Latitude=(47.705762199999995 deg) Longitude=(-122.48682199999999 deg)

32 : pgn=128259 line=Rx 10394046 09 f5 03 20 c8 37 01 ff ff ff ff ff
source=32: pgn=Speed(128259): values=SpeedWaterReferenced=(3.11 m/s) SpeedGroundReferenced=(None) SpeedWaterReferencedType=(None) SpeedDirection=(None)

0  : pgn=127250 line=Rx 10394069 09 f1 12 00 ff ab 3d ff 7f ff 7f fd
source=0: pgn=Vessel Heading(127250): values=Heading=(90.45 deg) Deviation=(None) Variation=(None) Reference=("1")

0  : pgn=127245 line=Rx 10394070 09 f1 0d 00 00 f8 ff 7f 00 00 ff ff
source=0: pgn=Rudder(127245): values=Instance=(0) DirectionOrder=("0") AngleOrder=(None) Position=(0.00 deg)

0  : pgn=65359  line=Rx 10394076 1c ff 4f 00 3b 9f ff ff ff ab 3d ff
source=0: pgn=Seatalk: Pilot Heading(65359): values=ManufacturerCode=(1851) IndustryCode=(4) HeadingTrue=(None) HeadingMagnetic=(90.45 deg)

0  : pgn=126975 line=Rx 10394078 1d ef ff 00 a0 08 3b 9f f0 81 9c 51
0  : pgn=126975 line=Rx 10394080 1d ef ff 00 a1 00 00 ff ff ff ff ff
3  : pgn=129029 line=Tx 10394140 0d f8 05 03 e0 2b c8 06 40 ce 8a 1b
3  : pgn=129029 line=Tx 10394140 0d f8 05 03 e1 2c 00 dc b3 30 61 d9
3  : pgn=129029 line=Tx 10394140 0d f8 05 03 e2 9e 06 00 28 3c f2 d7
3  : pgn=129029 line=Tx 10394140 0d f8 05 03 e3 64 00 ef ff ff ff ff
3  : pgn=129029 line=Tx 10394140 0d f8 05 03 e4 ff ff ff 7f 23 fc 09
3  : pgn=129029 line=Tx 10394140 0d f8 05 03 e5 4f 00 ff 7f ff ff ff
3  : pgn=129029 line=Tx 10394140 0d f8 05 03 e6 7f 00 ff ff ff ff ff
3  : pgn=129025 line=Tx 10394140 09 f8 01 03 56 52 6f 1c 84 fe fd b6
source=3: pgn=Position, Rapid Update(129025): values=Latitude=(47.705762199999995 deg) Longitude=(-122.48682199999999 deg)

3  : pgn=129033 line=Tx 10394140 0d f8 09 03 06 40 ce 8a 1b 2c 5c fe
source=3: pgn=Time & Date(129033): values=Date=(16390 d) Time=(74000.251 s) LocalOffset=(-25200.0 s)

32 : pgn=128259 line=Rx 10394146 09 f5 03 20 c9 29 01 ff ff ff ff ff
source=32: pgn=Speed(128259): values=SpeedWaterReferenced=(2.97 m/s) SpeedGroundReferenced=(None) SpeedWaterReferencedType=(None) SpeedDirection=(None)

0  : pgn=127250 line=Rx 10394186 09 f1 12 00 ff 7d 3d ff 7f ff 7f fd
source=0: pgn=Vessel Heading(127250): values=Heading=(90.19 deg) Deviation=(None) Variation=(None) Reference=("1")

0  : pgn=127245 line=Rx 10394187 09 f1 0d 00 00 f8 ff 7f 00 00 ff ff
source=0: pgn=Rudder(127245): values=Instance=(0) DirectionOrder=("0") AngleOrder=(None) Position=(0.00 deg)

0  : pgn=65359  line=Rx 10394191 1c ff 4f 00 3b 9f ff ff ff 7d 3d ff
source=0: pgn=Seatalk: Pilot Heading(65359): values=ManufacturerCode=(1851) IndustryCode=(4) HeadingTrue=(None) HeadingMagnetic=(90.19 deg)

1  : pgn=129810 line=Rx 10394204 19 fb 12 01 20 21 18 1e ad 27 14 25
1  : pgn=129810 line=Rx 10394204 19 fb 12 01 21 a0 44 17 0d 13 01 6a
1  : pgn=129810 line=Rx 10394205 19 fb 12 01 22 57 44 47 37 32 32 32
1  : pgn=129810 line=Rx 10394205 19 fb 12 01 23 82 00 28 00 1e 00 64
1  : pgn=129810 line=Rx 10394206 19 fb 12 01 24 00 00 00 00 00 bb ff
1  : pgn=130842 line=Rx 10394207 19 ff 1a 01 00 24 41 9f 01 00 00 1e
1  : pgn=130842 line=Rx 10394207 19 ff 1a 01 01 ad 27 14 00 a0 44 17
source=1: pgn=Simnet: AIS Class B static data (msg 24 Part B)(130842): values=ManufacturerCode=(1281) IndustryCode=(5) MessageID=(39) RepeatIndicator=("0") D=(20) E=(0) UserID=(0) Typeofship=("0") VendorID=(0) Callsign=(0) Length=(0.0 m) Beam=(0.0 m) PositionreferencefromStarboard=(0.0 m) PositionreferencefromBow=(0.0 m) MothershipUserID=(0) Spare=(0)

1  : pgn=130842 line=Rx 10394208 19 ff 1a 01 02 0d 13 01 6a 57 44 47
source=1: pgn=Simnet: AIS Class B static data (msg 24 Part B)(130842): values=ManufacturerCode=(1282) IndustryCode=(0) MessageID=(19) RepeatIndicator=("0") D=(1) E=(106) UserID=(0) Typeofship=("0") VendorID=(0) Callsign=(0) Length=(0.0 m) Beam=(0.0 m) PositionreferencefromStarboard=(0.0 m) PositionreferencefromBow=(0.0 m) MothershipUserID=(0) Spare=(0)

1  : pgn=130842 line=Rx 10394208 19 ff 1a 01 03 37 32 32 32 82 00 28
source=1: pgn=Simnet: AIS Class B static data (msg 24 Part B)(130842): values=ManufacturerCode=(1795) IndustryCode=(1) MessageID=(50) RepeatIndicator=("0") D=(50) E=(50) UserID=(0) Typeofship=("0") VendorID=(0) Callsign=(0) Length=(0.0 m) Beam=(0.0 m) PositionreferencefromStarboard=(0.0 m) PositionreferencefromBow=(0.0 m) MothershipUserID=(0) Spare=(0)

1  : pgn=130842 line=Rx 10394209 19 ff 1a 01 04 00 1e 00 64 00 00 00
source=1: pgn=Simnet: AIS Class B static data (msg 24 Part B)(130842): values=ManufacturerCode=(4) IndustryCode=(0) MessageID=(30) RepeatIndicator=("0") D=(0) E=(100) UserID=(0) Typeofship=("0") VendorID=(0) Callsign=(0) Length=(0.0 m) Beam=(0.0 m) PositionreferencefromStarboard=(0.0 m) PositionreferencefromBow=(0.0 m) MothershipUserID=(0) Spare=(0)

1  : pgn=130842 line=Rx 10394209 19 ff 1a 01 05 00 00 ff ff ff ff ff
source=1: pgn=Simnet: AIS Class B static data (msg 24 Part B)(130842): values=ManufacturerCode=(5) IndustryCode=(0) MessageID=(0) RepeatIndicator=("0") D=(None) E=(None) UserID=(0) Typeofship=("0") VendorID=(0) Callsign=(0) Length=(0.0 m) Beam=(0.0 m) PositionreferencefromStarboard=(0.0 m) PositionreferencefromBow=(0.0 m) MothershipUserID=(0) Spare=(0)

3  : pgn=129026 line=Tx 10394240 09 f8 02 03 ff fc 79 4b 47 01 ff ff
source=3: pgn=COG & SOG, Rapid Update(129026): values=COGReference=("0") COG=(110.70 deg) SOG=(3.27 m/s)

3  : pgn=129025 line=Tx 10394240 09 f8 01 03 3c 52 6f 1c d8 fe fd b6
source=3: pgn=Position, Rapid Update(129025): values=Latitude=(47.7057596 deg) Longitude=(-122.48681359999999 deg)

3  : pgn=126992 line=Tx 10394240 0d f0 10 03 ff ff 06 40 3c 95 1b 2c
source=3: pgn=System Time(126992): values=Source=(None) Date=(16390 d) Time=(74000.518 s)

32 : pgn=128259 line=Rx 10394245 09 f5 03 20 ca 29 01 ff ff ff ff ff
source=32: pgn=Speed(128259): values=SpeedWaterReferenced=(2.97 m/s) SpeedGroundReferenced=(None) SpeedWaterReferencedType=(None) SpeedDirection=(None)

0  : pgn=127250 line=Rx 10394271 09 f1 12 00 ff 67 3d ff 7f ff 7f fd
source=0: pgn=Vessel Heading(127250): values=Heading=(90.06 deg) Deviation=(None) Variation=(None) Reference=("1")

0  : pgn=127245 line=Rx 10394272 09 f1 0d 00 00 f8 ff 7f 00 00 ff ff
source=0: pgn=Rudder(127245): values=Instance=(0) DirectionOrder=("0") AngleOrder=(None) Position=(0.00 deg)

0  : pgn=65359  line=Rx 10394279 1c ff 4f 00 3b 9f ff ff ff 67 3d ff
source=0: pgn=Seatalk: Pilot Heading(65359): values=ManufacturerCode=(1851) IndustryCode=(4) HeadingTrue=(None) HeadingMagnetic=(90.06 deg)

1  : pgn=129038 line=Rx 10394327 11 f8 0e 01 a0 1b c1 b8 8e e4 15 07
1  : pgn=129038 line=Rx 10394327 11 f8 0e 01 a1 16 16 b7 4a 30 64 1c
1  : pgn=129038 line=Rx 10394328 11 f8 0e 01 a2 4e 20 8a 00 00 00 00
1  : pgn=129038 line=Rx 10394328 11 f8 0e 01 a3 00 ff ff ff 7f f0 fe
3  : pgn=129025 line=Tx 10394340 09 f8 01 03 3c 52 6f 1c d8 fe fd b6
source=3: pgn=Position, Rapid Update(129025): values=Latitude=(47.7057596 deg) Longitude=(-122.48681359999999 deg)

32 : pgn=128259 line=Rx 10394345 09 f5 03 20 cb 2a 01 ff ff ff ff ff
source=32: pgn=Speed(128259): values=SpeedWaterReferenced=(2.98 m/s) SpeedGroundReferenced=(None) SpeedWaterReferencedType=(None) SpeedDirection=(None)

1  : pgn=129038 line=Rx 10394360 11 f8 0e 01 c0 1b c1 7e e1 df 15 d9
1  : pgn=129038 line=Rx 10394360 11 f8 0e 01 c1 1f 0e b7 ea 2d 68 1c
1  : pgn=129038 line=Rx 10394361 11 f8 0e 01 c2 51 0e b4 00 00 00 00
1  : pgn=129038 line=Rx 10394361 11 f8 0e 01 c3 00 68 03 00 00 f0 fe
0  : pgn=127250 line=Rx 10394366 09 f1 12 00 ff 23 3d ff 7f ff 7f fd
source=0: pgn=Vessel Heading(127250): values=Heading=(89.67 deg) Deviation=(None) Variation=(None) Reference=("1")

0  : pgn=127245 line=Rx 10394368 09 f1 0d 00 00 f8 ff 7f 00 00 ff ff
source=0: pgn=Rudder(127245): values=Instance=(0) DirectionOrder=("0") AngleOrder=(None) Position=(0.00 deg)

0  : pgn=65359  line=Rx 10394371 1c ff 4f 00 3b 9f ff ff ff 23 3d ff
source=0: pgn=Seatalk: Pilot Heading(65359): values=ManufacturerCode=(1851) IndustryCode=(4) HeadingTrue=(None) HeadingMagnetic=(89.67 deg)

4  : pgn=65384  line=Rx 10394398 1c ff 68 04 3b 9f 00 00 00 00 00 00
1  : pgn=129039 line=Rx 10394420 11 f8 0f 01 00 1a 12 36 21 e8 15 df
1  : pgn=129039 line=Rx 10394420 11 f8 0f 01 01 a3 0e b7 ed c9 67 1c
source=1: pgn=AIS Class B Position Report(129039): values=MessageID=(1) RepeatIndicator=("0") UserID=(3988197027) Longitude=(0.0 deg) Latitude=(0.0 deg) PositionAccuracy=("0") RAIM=("0") TimeStamp=("0") COG=(0.00 deg) SOG=(0.0 m/s) CommunicationState=(0) AISTransceiverinformation=("0") Heading=(0.00 deg) RegionalApplication=(0) RegionalApplicationB=(0) Unittype=("0") IntegratedDisplay=("0") DSC=("0") Band=("0") CanhandleMsg22=("0") AISmode=("0") AIScommunicationstate=("0")

1  : pgn=129039 line=Rx 10394421 11 f8 0f 01 02 53 14 82 00 00 03 00
source=1: pgn=AIS Class B Position Report(129039): values=MessageID=(2) RepeatIndicator=("0") UserID=(8524883) Longitude=(0.0 deg) Latitude=(0.0 deg) PositionAccuracy=("0") RAIM=("0") TimeStamp=("0") COG=(0.00 deg) SOG=(0.0 m/s) CommunicationState=(0) AISTransceiverinformation=("0") Heading=(0.00 deg) RegionalApplication=(0) RegionalApplicationB=(0) Unittype=("0") IntegratedDisplay=("0") DSC=("0") Band=("0") CanhandleMsg22=("0") AISmode=("0") AIScommunicationstate=("0")

1  : pgn=129039 line=Rx 10394421 11 f8 0f 01 03 00 ff ff 00 fc ff ff
source=1: pgn=AIS Class B Position Report(129039): values=MessageID=(3) RepeatIndicator=("0") UserID=(16776960) Longitude=(0.0 deg) Latitude=(0.0 deg) PositionAccuracy=("0") RAIM=("0") TimeStamp=("0") COG=(0.00 deg) SOG=(0.0 m/s) CommunicationState=(0) AISTransceiverinformation=("0") Heading=(0.00 deg) RegionalApplication=(0) RegionalApplicationB=(0) Unittype=("0") IntegratedDisplay=("0") DSC=("0") Band=("0") CanhandleMsg22=("0") AISmode=("0") AIScommunicationstate=("0")

3  : pgn=129026 line=Tx 10394440 09 f8 02 03 ff fc 79 4b 47 01 ff ff
source=3: pgn=COG & SOG, Rapid Update(129026): values=COGReference=("0") COG=(110.70 deg) SOG=(3.27 m/s)

3  : pgn=129025 line=Tx 10394440 09 f8 01 03 3c 52 6f 1c d8 fe fd b6
source=3: pgn=Position, Rapid Update(129025): values=Latitude=(47.7057596 deg) Longitude=(-122.48681359999999 deg)

3  : pgn=129291 line=Tx 10394440 0d f9 0b 03 ff fc 4e 66 27 00 ff ff
source=3: pgn=Set & Drift, Rapid Update(129291): values=SetReference=("0") Set=(150.06 deg) Drift=(0.39 m/s)

32 : pgn=128259 line=Rx 10394444 09 f5 03 20 cc 32 01 ff ff ff ff ff
source=32: pgn=Speed(128259): values=SpeedWaterReferenced=(3.06 m/s) SpeedGroundReferenced=(None) SpeedWaterReferencedType=(None) SpeedDirection=(None)

0  : pgn=127250 line=Rx 10394476 09 f1 12 00 ff d5 3c ff 7f ff 7f fd
source=0: pgn=Vessel Heading(127250): values=Heading=(89.23 deg) Deviation=(None) Variation=(None) Reference=("1")

0  : pgn=127245 line=Rx 10394477 09 f1 0d 00 00 f8 ff 7f 00 00 ff ff
source=0: pgn=Rudder(127245): values=Instance=(0) DirectionOrder=("0") AngleOrder=(None) Position=(0.00 deg)

0  : pgn=65359  line=Rx 10394484 1c ff 4f 00 3b 9f ff ff ff d5 3c ff
source=0: pgn=Seatalk: Pilot Heading(65359): values=ManufacturerCode=(1851) IndustryCode=(4) HeadingTrue=(None) HeadingMagnetic=(89.23 deg)

3  : pgn=129025 line=Tx 10394540 09 f8 01 03 07 52 6f 1c 6b ff fd b6
source=3: pgn=Position, Rapid Update(129025): values=Latitude=(47.705754299999995 deg) Longitude=(-122.4867989 deg)

32 : pgn=128259 line=Rx 10394544 09 f5 03 20 cd 2c 01 ff ff ff ff ff
source=32: pgn=Speed(128259): values=SpeedWaterReferenced=(3.0 m/s) SpeedGroundReferenced=(None) SpeedWaterReferencedType=(None) SpeedDirection=(None)

0  : pgn=127250 line=Rx 10394566 09 f1 12 00 ff b8 3c ff 7f ff 7f fd
source=0: pgn=Vessel Heading(127250): values=Heading=(89.06 deg) Deviation=(None) Variation=(None) Reference=("1")

0  : pgn=127245 line=Rx 10394567 09 f1 0d 00 00 f8 ff 7f 00 00 ff ff
source=0: pgn=Rudder(127245): values=Instance=(0) DirectionOrder=("0") AngleOrder=(None) Position=(0.00 deg)

0  : pgn=65379  line=Rx 10394571 1c ff 63 00 3b 9f 00 00 00 00 01 ff
source=0: pgn=Seatalk: Pilot Mode(65379): values=ManufacturerCode=(1851) IndustryCode=(4) PilotMode=(0) SubMode=(0) PilotModeData=(0)

0  : pgn=65359  line=Rx 10394572 1c ff 4f 00 3b 9f ff ff ff b8 3c ff
source=0: pgn=Seatalk: Pilot Heading(65359): values=ManufacturerCode=(1851) IndustryCode=(4) HeadingTrue=(None) HeadingMagnetic=(89.06 deg)

0  : pgn=126975 line=Rx 10394576 1d ef ff 00 c0 0d 3b 9f f0 81 84 86
0  : pgn=126975 line=Rx 10394578 1d ef ff 00 c1 2c b2 00 00 00 02 05
3  : pgn=129026 line=Tx 10394641 09 f8 02 03 ff fc 44 4b 47 01 ff ff
source=3: pgn=COG & SOG, Rapid Update(129026): values=COGReference=("0") COG=(110.40 deg) SOG=(3.27 m/s)

3  : pgn=130577 line=Tx 10394641 0d fe 11 03 00 0e c0 c9 44 4b 47 01
source=3: pgn=Direction Data(130577): values=DataMode=("0") COGReference=("0") COG=(295.92 deg) SOG=(192.68 m/s) Heading=(1.87 deg) SpeedthroughWater=(0.0 m/s) Set=(0.00 deg) Drift=(0.0 m/s)

3  : pgn=130577 line=Tx 10394641 0d fe 11 03 01 ff ff ff ff 4e 66 27
source=3: pgn=Direction Data(130577): values=DataMode=("1") COGReference=("0") COG=(None) SOG=(202.23000000000002 m/s) Heading=(57.79 deg) SpeedthroughWater=(0.0 m/s) Set=(0.00 deg) Drift=(0.0 m/s)

3  : pgn=130577 line=Tx 10394641 0d fe 11 03 02 00 ff ff ff ff ff ff
source=3: pgn=Direction Data(130577): values=DataMode=("2") COGReference=("0") COG=(None) SOG=(None) Heading=(None) SpeedthroughWater=(0.0 m/s) Set=(0.00 deg) Drift=(0.0 m/s)

3  : pgn=129025 line=Tx 10394641 09 f8 01 03 07 52 6f 1c 6b ff fd b6
source=3: pgn=Position, Rapid Update(129025): values=Latitude=(47.705754299999995 deg) Longitude=(-122.4867989 deg)

3  : pgn=130306 line=Tx 10394641 09 fd 02 03 ff 23 03 88 cc fa ff ff
source=3: pgn=Wind Data(130306): values=WindSpeed=(8.03 m/s) WindAngle=(300.00 deg) Reference=("2")

32 : pgn=128259 line=Rx 10394644 09 f5 03 20 ce 3b 01 ff ff ff ff ff
source=32: pgn=Speed(128259): values=SpeedWaterReferenced=(3.15 m/s) SpeedGroundReferenced=(None) SpeedWaterReferencedType=(None) SpeedDirection=(None)

0  : pgn=127250 line=Rx 10394683 09 f1 12 00 ff 8d 3c ff 7f ff 7f fd
source=0: pgn=Vessel Heading(127250): values=Heading=(88.81 deg) Deviation=(None) Variation=(None) Reference=("1")

0  : pgn=127245 line=Rx 10394684 09 f1 0d 00 00 f8 ff 7f 00 00 ff ff
source=0: pgn=Rudder(127245): values=Instance=(0) DirectionOrder=("0") AngleOrder=(None) Position=(0.00 deg)

0  : pgn=65359  line=Rx 10394690 1c ff 4f 00 3b 9f ff ff ff 8d 3c ff
source=0: pgn=Seatalk: Pilot Heading(65359): values=ManufacturerCode=(1851) IndustryCode=(4) HeadingTrue=(None) HeadingMagnetic=(88.81 deg)

0  : pgn=126975 line=Rx 10394693 1d ef ff 00 e0 09 3b 9f f0 81 ae 02
0  : pgn=126975 line=Rx 10394695 1d ef ff 00 e1 00 08 00 ff ff ff ff
3  : pgn=129283 line=Tx 10394741 0d f9 03 03 ff 7f ff ff ff 7f ff ff
source=3: pgn=Cross Track Error(129283): values=XTEmode=(None) NavigationTerminated=("1") XTE=(None)

3  : pgn=129025 line=Tx 10394741 09 f8 01 03 07 52 6f 1c 6b ff fd b6
source=3: pgn=Position, Rapid Update(129025): values=Latitude=(47.705754299999995 deg) Longitude=(-122.4867989 deg)

3  : pgn=128267 line=Tx 10394741 0d f5 0b 03 ff e7 3e 00 00 00 00 ff
source=3: pgn=Water Depth(128267): values=Depth=(161.03 m) Offset=(0.0 m) Range=(None)

32 : pgn=128259 line=Rx 10394743 09 f5 03 20 cf 38 01 ff ff ff ff ff
source=32: pgn=Speed(128259): values=SpeedWaterReferenced=(3.12 m/s) SpeedGroundReferenced=(None) SpeedWaterReferencedType=(None) SpeedDirection=(None)

1  : pgn=129041 line=Rx 10394755 11 f8 11 01 a0 30 55 75 89 3a 3b 6d
1  : pgn=129041 line=Rx 10394755 11 f8 11 01 a1 8b 0a b7 5b f8 47 1c
1  : pgn=129041 line=Rx 10394756 11 f8 11 01 a2 f4 00 00 00 00 00 00
1  : pgn=129041 line=Rx 10394756 11 f8 11 01 a3 ff ff 12 ee ff e0 16
1  : pgn=129041 line=Rx 10394757 11 f8 11 01 a4 01 50 53 20 54 53 4c
1  : pgn=129041 line=Rx 10394758 11 f8 11 01 a5 20 4c 42 20 54 41 20
1  : pgn=129041 line=Rx 10394758 11 f8 11 01 a6 20 20 20 20 20 20 20
0  : pgn=127250 line=Rx 10394768 09 f1 12 00 ff 89 3c ff 7f ff 7f fd
source=0: pgn=Vessel Heading(127250): values=Heading=(88.79 deg) Deviation=(None) Variation=(None) Reference=("1")

0  : pgn=127245 line=Rx 10394769 09 f1 0d 00 00 f8 ff 7f 00 00 ff ff
source=0: pgn=Rudder(127245): values=Instance=(0) DirectionOrder=("0") AngleOrder=(None) Position=(0.00 deg)

0  : pgn=65359  line=Rx 10394775 1c ff 4f 00 3b 9f ff ff ff 89 3c ff
source=0: pgn=Seatalk: Pilot Heading(65359): values=ManufacturerCode=(1851) IndustryCode=(4) HeadingTrue=(None) HeadingMagnetic=(88.79 deg)

1  : pgn=129793 line=Rx 10394818 1d fb 01 01 40 1a c4 e3 ff 37 00 48
1  : pgn=129793 line=Rx 10394818 1d fb 01 01 41 72 d0 b6 2f 62 57 1c
1  : pgn=129793 line=Rx 10394819 1d fb 01 01 42 ff 00 81 1b 2c 00 00
1  : pgn=129793 line=Rx 10394819 1d fb 01 01 43 00 06 40 ff 00 fc ff
3  : pgn=129026 line=Tx 10394841 09 f8 02 03 ff fc 33 4b 46 01 ff ff
source=3: pgn=COG & SOG, Rapid Update(129026): values=COGReference=("0") COG=(110.30 deg) SOG=(3.2600000000000002 m/s)

3  : pgn=129025 line=Tx 10394841 09 f8 01 03 ef 51 6f 1c b2 ff fd b6
source=3: pgn=Position, Rapid Update(129025): values=Latitude=(47.705751899999996 deg) Longitude=(-122.48679179999999 deg)

3  : pgn=129542 line=Tx 10394841 19 fa 06 03 00 0f c9 50 01 00 00 00
source=3: pgn=GNSS Pseudorange Noise Statistics(129542): values=RMSofPositionUncertainty=(51471) STDofMajoraxis=(80) STDofMinoraxis=(1) OrientationofMajoraxis=(0) STDofLatError=(0) STDofLonError=(0) STDofAltError=(0)

3  : pgn=129542 line=Tx 10394841 19 fa 06 03 01 00 00 00 00 00 00 00
source=3: pgn=GNSS Pseudorange Noise Statistics(129542): values=RMSofPositionUncertainty=(0) STDofMajoraxis=(0) STDofMinoraxis=(0) OrientationofMajoraxis=(0) STDofLatError=(0) STDofLonError=(0) STDofAltError=(0)

3  : pgn=129542 line=Tx 10394841 19 fa 06 03 02 00 00 ff ff ff ff ff
source=3: pgn=GNSS Pseudorange Noise Statistics(129542): values=RMSofPositionUncertainty=(0) STDofMajoraxis=(None) STDofMinoraxis=(None) OrientationofMajoraxis=(None) STDofLatError=(None) STDofLonError=(None) STDofAltError=(0)

3  : pgn=65364  line=Tx 10394841 1c ff 54 03 3b 9f 23 03 88 cc ff ff
32 : pgn=128259 line=Rx 10394845 09 f5 03 20 d0 3b 01 ff ff ff ff ff
source=32: pgn=Speed(128259): values=SpeedWaterReferenced=(3.15 m/s) SpeedGroundReferenced=(None) SpeedWaterReferencedType=(None) SpeedDirection=(None)

32 : pgn=130310 line=Rx 10394848 15 fd 06 20 14 ff ff ff ff ff ff ff
source=32: pgn=Environmental Parameters (obsolete)(130310): values=WaterTemperature=(None) OutsideAmbientAirTemperature=(None) AtmosphericPressure=(None)

32 : pgn=128275 line=Rx 10394858 19 f5 13 20 60 0e ff ff ff ff ff ff
32 : pgn=128275 line=Rx 10394863 19 f5 13 20 61 b5 ae 3c 00 b5 ae 3c
32 : pgn=128275 line=Rx 10394868 19 f5 13 20 62 00 ff ff ff ff ff ff
0  : pgn=127250 line=Rx 10394873 09 f1 12 00 ff 90 3c ff 7f ff 7f fd
source=0: pgn=Vessel Heading(127250): values=Heading=(88.83 deg) Deviation=(None) Variation=(None) Reference=("1")

0  : pgn=127245 line=Rx 10394874 09 f1 0d 00 00 f8 ff 7f 00 00 ff ff
source=0: pgn=Rudder(127245): values=Instance=(0) DirectionOrder=("0") AngleOrder=(None) Position=(0.00 deg)

0  : pgn=65359  line=Rx 10394880 1c ff 4f 00 3b 9f ff ff ff 90 3c ff
source=0: pgn=Seatalk: Pilot Heading(65359): values=ManufacturerCode=(1851) IndustryCode=(4) HeadingTrue=(None) HeadingMagnetic=(88.83 deg)

1  : pgn=59936  line=Rx 10394912 18 ea 20 01 00 ee 00 00 00 00 00 00
1  : pgn=129793 line=Rx 10394912 1d fb 01 01 60 1a c4 e3 ff 37 00 48
1  : pgn=129793 line=Rx 10394913 1d fb 01 01 61 72 d0 b6 2f 62 57 1c
1  : pgn=129793 line=Rx 10394913 1d fb 01 01 62 ff 00 81 1b 2c 00 00
1  : pgn=129793 line=Rx 10394914 1d fb 01 01 63 00 06 40 ff 00 fc ff
3  : pgn=129540 line=Tx 10394941 19 fa 04 03 40 9f eb ff 0d 03 97 1a
source=3: pgn=GNSS Sats in View(129540): values=RangeResidualMode=(None) SatsinView=(235) PRN=(None) Elevation=(4.47 deg) Azimuth=(39.00 deg) SNR=(0.0 dB) Rangeresiduals=(0) Status=("0")

3  : pgn=129540 line=Tx 10394941 19 fa 04 03 41 2e 26 00 00 00 00 00
source=3: pgn=GNSS Sats in View(129540): values=RangeResidualMode=("0") SatsinView=(38) PRN=(0) Elevation=(0.00 deg) Azimuth=(0.00 deg) SNR=(0.0 dB) Rangeresiduals=(0) Status=("0")

3  : pgn=129540 line=Tx 10394941 19 fa 04 03 42 00 f3 0f ff 1d ad 3c
source=3: pgn=GNSS Sats in View(129540): values=RangeResidualMode=("0") SatsinView=(243) PRN=(15) Elevation=(44.00 deg) Azimuth=(89.00 deg) SNR=(0.0 dB) Rangeresiduals=(0) Status=("0")

3  : pgn=129540 line=Tx 10394941 19 fa 04 03 43 1c 0c 00 00 00 00 f5
source=3: pgn=GNSS Sats in View(129540): values=RangeResidualMode=("0") SatsinView=(12) PRN=(0) Elevation=(0.00 deg) Azimuth=(359.36 deg) SNR=(0.0 dB) Rangeresiduals=(0) Status=("0")

3  : pgn=129540 line=Tx 10394941 19 fa 04 03 44 10 17 13 c2 b8 1c 0c
source=3: pgn=GNSS Sats in View(129540): values=RangeResidualMode=("0") SatsinView=(23) PRN=(19) Elevation=(-104.50 deg) Azimuth=(17.76 deg) SNR=(0.0 dB) Rangeresiduals=(0) Status=("0")

3  : pgn=129540 line=Tx 10394941 19 fa 04 03 45 00 00 00 00 f5 12 c5
source=3: pgn=GNSS Sats in View(129540): values=RangeResidualMode=("0") SatsinView=(0) PRN=(0) Elevation=(-16.13 deg) Azimuth=(289.06 deg) SNR=(0.0 dB) Rangeresiduals=(0) Status=("0")

3  : pgn=129540 line=Tx 10394941 19 fa 04 03 46 31 f2 93 10 0e 00 00
source=3: pgn=GNSS Sats in View(129540): values=RangeResidualMode=("1") SatsinView=(242) PRN=(147) Elevation=(20.63 deg) Azimuth=(0.00 deg) SNR=(0.0 dB) Rangeresiduals=(0) Status=("0")

3  : pgn=129540 line=Tx 10394941 19 fa 04 03 47 00 00 f5 13 69 03 1f
source=3: pgn=GNSS Sats in View(129540): values=RangeResidualMode=("0") SatsinView=(0) PRN=(245) Elevation=(154.12 deg) Azimuth=(45.49 deg) SNR=(0.0 dB) Rangeresiduals=(0) Status=("0")

3  : pgn=129540 line=Tx 10394941 19 fa 04 03 48 d8 b8 0b 00 00 00 00
source=3: pgn=GNSS Sats in View(129540): values=RangeResidualMode=("0") SatsinView=(184) PRN=(11) Elevation=(0.00 deg) Azimuth=(0.00 deg) SNR=(0.0 dB) Rangeresiduals=(0) Status=("0")

3  : pgn=129540 line=Tx 10394941 19 fa 04 03 49 f5 15 e8 37 c5 22 3c
source=3: pgn=GNSS Sats in View(129540): values=RangeResidualMode=("1") SatsinView=(21) PRN=(232) Elevation=(-86.22 deg) Azimuth=(88.20 deg) SNR=(0.0 dB) Rangeresiduals=(0) Status=("0")

3  : pgn=129540 line=Tx 10394941 19 fa 04 03 4a 0f 00 00 00 00 f5 16
source=3: pgn=GNSS Sats in View(129540): values=RangeResidualMode=(None) SatsinView=(0) PRN=(0) Elevation=(0.00 deg) Azimuth=(33.67 deg) SNR=(0.0 dB) Rangeresiduals=(0) Status=("0")

3  : pgn=129540 line=Tx 10394942 19 fa 04 03 4b 80 16 7d 9d 04 10 00
source=3: pgn=GNSS Sats in View(129540): values=RangeResidualMode=("0") SatsinView=(22) PRN=(125) Elevation=(6.77 deg) Azimuth=(0.09 deg) SNR=(0.0 dB) Rangeresiduals=(0) Status=("0")

32 : pgn=128259 line=Rx 10394943 09 f5 03 20 d1 29 01 ff ff ff ff ff
3  : pgn=129540 line=Tx 10394944 19 fa 04 03 4c 00 00 00 f5 1a ae 0f
source=3: pgn=GNSS Sats in View(129540): values=RangeResidualMode=("0") SatsinView=(0) PRN=(0) Elevation=(39.54 deg) Azimuth=(23.00 deg) SNR=(0.0 dB) Rangeresiduals=(0) Status=("0")

3  : pgn=129540 line=Tx 10394945 19 fa 04 03 4d 5d 1f c4 09 00 00 00
source=3: pgn=GNSS Sats in View(129540): values=RangeResidualMode=("1") SatsinView=(31) PRN=(196) Elevation=(0.05 deg) Azimuth=(0.00 deg) SNR=(0.0 dB) Rangeresiduals=(0) Status=("0")

3  : pgn=129540 line=Tx 10394946 19 fa 04 03 4e 00 f5 1b d1 15 ab d2
source=3: pgn=GNSS Sats in View(129540): values=RangeResidualMode=("0") SatsinView=(245) PRN=(27) Elevation=(32.00 deg) Azimuth=(309.00 deg) SNR=(0.0 dB) Rangeresiduals=(0) Status=("0")

3  : pgn=129540 line=Tx 10394947 19 fa 04 03 4f e4 0c 00 00 00 00 f5
source=3: pgn=GNSS Sats in View(129540): values=RangeResidualMode=("0") SatsinView=(12) PRN=(0) Elevation=(0.00 deg) Azimuth=(359.36 deg) SNR=(0.0 dB) Rangeresiduals=(0) Status=("0")

3  : pgn=129540 line=Tx 10394947 19 fa 04 03 50 1d 51 0e a1 67 b8 0b
source=3: pgn=GNSS Sats in View(129540): values=RangeResidualMode=("1") SatsinView=(81) PRN=(14) Elevation=(152.00 deg) Azimuth=(17.19 deg) SNR=(0.0 dB) Rangeresiduals=(0) Status=("0")

3  : pgn=129540 line=Tx 10394948 19 fa 04 03 51 00 00 00 00 f5 23 d1
source=3: pgn=GNSS Sats in View(129540): values=RangeResidualMode=("0") SatsinView=(0) PRN=(0) Elevation=(-16.13 deg) Azimuth=(306.76 deg) SNR=(0.0 dB) Rangeresiduals=(0) Status=("0")

1  : pgn=129793 line=Rx 10394949 1d fb 01 01 80 1a c4 e1 ff 37 00 30
3  : pgn=129540 line=Tx 10394949 19 fa 04 03 52 15 c3 8b 00 00 00 00
source=3: pgn=GNSS Sats in View(129540): values=RangeResidualMode=("1") SatsinView=(195) PRN=(139) Elevation=(0.00 deg) Azimuth=(0.00 deg) SNR=(0.0 dB) Rangeresiduals=(0) Status=("0")

1  : pgn=129793 line=Rx 10394950 1d fb 01 01 81 1a 0f b7 3b cc 3e 1c
3  : pgn=129540 line=Tx 10394950 19 fa 04 03 53 00 00 f3 30 2e 17 43
source=3: pgn=GNSS Sats in View(129540): values=RangeResidualMode=("0") SatsinView=(0) PRN=(243) Elevation=(67.75 deg) Azimuth=(98.41 deg) SNR=(0.0 dB) Rangeresiduals=(0) Status=("0")

1  : pgn=129793 line=Rx 10394951 1d fb 01 01 82 ff 00 81 1b 2c 00 00
3  : pgn=129540 line=Tx 10394951 19 fa 04 03 54 84 80 0c 00 00 00 00
source=3: pgn=GNSS Sats in View(129540): values=RangeResidualMode=("0") SatsinView=(128) PRN=(12) Elevation=(0.00 deg) Azimuth=(0.00 deg) SNR=(0.0 dB) Rangeresiduals=(0) Status=("0")

1  : pgn=129793 line=Rx 10394952 1d fb 01 01 83 00 06 40 ff 00 fc ff
3  : pgn=129540 line=Tx 10394953 19 fa 04 03 55 f5 33 80 16 67 6c 54
source=3: pgn=GNSS Sats in View(129540): values=RangeResidualMode=("1") SatsinView=(51) PRN=(128) Elevation=(151.20 deg) Azimuth=(123.83 deg) SNR=(0.0 dB) Rangeresiduals=(0) Status=("0")

3  : pgn=129540 line=Tx 10394954 19 fa 04 03 56 0b 00 00 00 00 f5 ff
source=3: pgn=GNSS Sats in View(129540): values=RangeResidualMode=(None) SatsinView=(0) PRN=(0) Elevation=(0.00 deg) Azimuth=(375.43 deg) SNR=(0.0 dB) Rangeresiduals=(0) Status=("0")

3  : pgn=129025 line=Tx 10394954 09 f8 01 03 ef 51 6f 1c b2 ff fd b6
source=3: pgn=Position, Rapid Update(129025): values=Latitude=(47.705751899999996 deg) Longitude=(-122.48679179999999 deg)

3  : pgn=127258 line=Tx 10394955 19 f1 1a 03 ff f6 12 39 fa 0a ff ff
source=3: pgn=Magnetic Variation(127258): values=Source=("6") Ageofservice=(14610 d) Variation=(16.10 deg)

1  : pgn=129793 line=Rx 10394974 1d fb 01 01 a0 1a c4 e2 ff 37 00 6f
1  : pgn=129793 line=Rx 10394975 1d fb 01 01 a1 58 fa b6 fd c6 31 1c
1  : pgn=129793 line=Rx 10394975 1d fb 01 01 a2 ff 00 81 1b 2c 00 00
1  : pgn=129793 line=Rx 10394976 1d fb 01 01 a3 08 06 40 ff 00 fc ff
0  : pgn=127250 line=Rx 10394983 09 f1 12 00 ff c4 3c ff 7f ff 7f fd
source=0: pgn=Vessel Heading(127250): values=Heading=(89.13 deg) Deviation=(None) Variation=(None) Reference=("1")

0  : pgn=127245 line=Rx 10394984 09 f1 0d 00 00 f8 ff 7f 00 00 ff ff
source=0: pgn=Rudder(127245): values=Instance=(0) DirectionOrder=("0") AngleOrder=(None) Position=(0.00 deg)

0  : pgn=65359  line=Rx 10394988 1c ff 4f 00 3b 9f ff ff ff c4 3c ff
source=0: pgn=Seatalk: Pilot Heading(65359): values=ManufacturerCode=(1851) IndustryCode=(4) HeadingTrue=(None) HeadingMagnetic=(89.13 deg)

1  : pgn=129793 line=Rx 10395004 1d fb 01 01 c0 1a c4 cb fe 37 00 ae
1  : pgn=129793 line=Rx 10395004 1d fb 01 01 c1 3a 14 b7 50 76 5d 1c
1  : pgn=129793 line=Rx 10395005 1d fb 01 01 c2 ff 00 81 1b 2c 00 00
1  : pgn=129793 line=Rx 10395005 1d fb 01 01 c3 00 06 40 ff 00 fc ff
3  : pgn=129026 line=Tx 10395041 09 f8 02 03 ff fc dc 4a 46 01 ff ff
source=3: pgn=COG & SOG, Rapid Update(129026): values=COGReference=("0") COG=(109.80 deg) SOG=(3.2600000000000002 m/s)

3  : pgn=129025 line=Tx 10395041 09 f8 01 03 e9 51 6f 1c 09 00 fe b6
source=3: pgn=Position, Rapid Update(129025): values=Latitude=(47.705751299999996 deg) Longitude=(-122.4867831 deg)

32 : pgn=128259 line=Rx 10395042 09 f5 03 20 d2 27 01 ff ff ff ff ff
source=32: pgn=Speed(128259): values=SpeedWaterReferenced=(2.95 m/s) SpeedGroundReferenced=(None) SpeedWaterReferencedType=(None) SpeedDirection=(None)

4  : pgn=126975 line=Rx 10395057 1d ef ff 04 20 07 3b 9f f0 81 90 00
4  : pgn=126975 line=Rx 10395058 1d ef ff 04 21 03 ff ff ff ff ff ff
1  : pgn=129793 line=Rx 10395068 1d fb 01 01 e0 1a c4 c5 fe 37 00 47
1  : pgn=129793 line=Rx 10395069 1d fb 01 01 e1 ab f7 b6 00 c3 8e 1c
1  : pgn=129793 line=Rx 10395070 1d fb 01 01 e2 ff 10 a8 1b 2c 00 00
1  : pgn=129793 line=Rx 10395070 1d fb 01 01 e3 08 06 40 ff 00 fc ff
0  : pgn=127250 line=Rx 10395074 09 f1 12 00 ff dd 3c ff 7f ff 7f fd
source=0: pgn=Vessel Heading(127250): values=Heading=(89.27 deg) Deviation=(None) Variation=(None) Reference=("1")

0  : pgn=127245 line=Rx 10395075 09 f1 0d 00 00 f8 ff 7f 00 00 ff ff
source=0: pgn=Rudder(127245): values=Instance=(0) DirectionOrder=("0") AngleOrder=(None) Position=(0.00 deg)

0  : pgn=65359  line=Rx 10395082 1c ff 4f 00 3b 9f ff ff ff dd 3c ff
source=0: pgn=Seatalk: Pilot Heading(65359): values=ManufacturerCode=(1851) IndustryCode=(4) HeadingTrue=(None) HeadingMagnetic=(89.27 deg)

0  : pgn=126975 line=Rx 10395083 1d ef ff 00 00 08 3b 9f f0 81 9c c1
0  : pgn=126975 line=Rx 10395085 1d ef ff 00 01 2c 00 ff ff ff ff ff
32 : pgn=128259 line=Rx 10395142 09 f5 03 20 d3 25 01 ff ff ff ff ff
source=32: pgn=Speed(128259): values=SpeedWaterReferenced=(2.93 m/s) SpeedGroundReferenced=(None) SpeedWaterReferencedType=(None) SpeedDirection=(None)

3  : pgn=129029 line=Tx 10395142 0d f8 05 03 00 2b c9 06 40 de bb 1b
source=3: pgn=GNSS Position Data(129029): values=Date=(51499 d) Time=(315190.47740000003 s) Latitude=(0.0 deg) Longitude=(0.0 deg) Altitude=(0.0 m) GNSStype=("0") Method=("0") Integrity=("0") NumberofSVs=(0) HDOP=(0.0) PDOP=(0.0) GeoidalSeparation=(0.0 m) ReferenceStations=(0) ReferenceStationType=("0") ReferenceStationID=(0) AgeofDGNSSCorrections=(0.0 s)

3  : pgn=129029 line=Tx 10395142 0d f8 05 03 01 2c 00 da cb cf 47 d9
source=3: pgn=GNSS Position Data(129029): values=Date=(44 d) Time=(120480.04740000001 s) Latitude=(0.0 deg) Longitude=(0.0 deg) Altitude=(0.0 m) GNSStype=("0") Method=("0") Integrity=("0") NumberofSVs=(0) HDOP=(0.0) PDOP=(0.0) GeoidalSeparation=(0.0 m) ReferenceStations=(0) ReferenceStationType=("0") ReferenceStationID=(0) AgeofDGNSSCorrections=(0.0 s)

3  : pgn=129029 line=Tx 10395142 0d f8 05 03 02 9e 06 00 1a 71 84 32
source=3: pgn=GNSS Position Data(129029): values=Date=(1694 d) Time=(222200.4736 s) Latitude=(0.0 deg) Longitude=(0.0 deg) Altitude=(0.0 m) GNSStype=("0") Method=("0") Integrity=("0") NumberofSVs=(0) HDOP=(0.0) PDOP=(0.0) GeoidalSeparation=(0.0 m) ReferenceStations=(0) ReferenceStationType=("0") ReferenceStationID=(0) AgeofDGNSSCorrections=(0.0 s)

3  : pgn=129029 line=Tx 10395142 0d f8 05 03 03 65 00 ef ff ff ff ff
source=3: pgn=GNSS Position Data(129029): values=Date=(101 d) Time=(429496.7279 s) Latitude=(0.0 deg) Longitude=(0.0 deg) Altitude=(0.0 m) GNSStype=("0") Method=("0") Integrity=("0") NumberofSVs=(0) HDOP=(0.0) PDOP=(0.0) GeoidalSeparation=(0.0 m) ReferenceStations=(0) ReferenceStationType=("0") ReferenceStationID=(0) AgeofDGNSSCorrections=(0.0 s)

3  : pgn=129029 line=Tx 10395142 0d f8 05 03 04 ff ff ff 7f 23 fc 09
source=3: pgn=GNSS Position Data(129029): values=Date=(None) Time=(423018.49590000004 s) Latitude=(0.0 deg) Longitude=(0.0 deg) Altitude=(0.0 m) GNSStype=("0") Method=("0") Integrity=("0") NumberofSVs=(0) HDOP=(0.0) PDOP=(0.0) GeoidalSeparation=(0.0 m) ReferenceStations=(0) ReferenceStationType=("0") ReferenceStationID=(0) AgeofDGNSSCorrections=(0.0 s)

3  : pgn=129029 line=Tx 10395142 0d f8 05 03 05 4f 00 ff 7f ff ff ff
source=3: pgn=GNSS Position Data(129029): values=Date=(79 d) Time=(429493.4527 s) Latitude=(0.0 deg) Longitude=(0.0 deg) Altitude=(0.0 m) GNSStype=("0") Method=("0") Integrity=("0") NumberofSVs=(0) HDOP=(0.0) PDOP=(0.0) GeoidalSeparation=(0.0 m) ReferenceStations=(0) ReferenceStationType=("0") ReferenceStationID=(0) AgeofDGNSSCorrections=(0.0 s)

3  : pgn=129029 line=Tx 10395142 0d f8 05 03 06 7f 00 ff ff ff ff ff
source=3: pgn=GNSS Position Data(129029): values=Date=(127 d) Time=(None) Latitude=(0.0 deg) Longitude=(0.0 deg) Altitude=(0.0 m) GNSStype=("0") Method=("0") Integrity=("0") NumberofSVs=(0) HDOP=(0.0) PDOP=(0.0) GeoidalSeparation=(0.0 m) ReferenceStations=(0) ReferenceStationType=("0") ReferenceStationID=(0) AgeofDGNSSCorrections=(0.0 s)

3  : pgn=129025 line=Tx 10395142 09 f8 01 03 e9 51 6f 1c 09 00 fe b6
source=3: pgn=Position, Rapid Update(129025): values=Latitude=(47.705751299999996 deg) Longitude=(-122.4867831 deg)

3  : pgn=129033 line=Tx 10395142 0d f8 09 03 06 40 de bb 1b 2c 5c fe
source=3: pgn=Time & Date(129033): values=Date=(16390 d) Time=(74001.507 s) LocalOffset=(-25200.0 s)

0  : pgn=127250 line=Rx 10395185 09 f1 12 00 ff 38 3d ff 7f ff 7f fd
source=0: pgn=Vessel Heading(127250): values=Heading=(89.79 deg) Deviation=(None) Variation=(None) Reference=("1")

0  : pgn=127245 line=Rx 10395186 09 f1 0d 00 00 f8 ff 7f 00 00 ff ff
source=0: pgn=Rudder(127245): values=Instance=(0) DirectionOrder=("0") AngleOrder=(None) Position=(0.00 deg)

0  : pgn=65359  line=Rx 10395190 1c ff 4f 00 3b 9f ff ff ff 38 3d ff
source=0: pgn=Seatalk: Pilot Heading(65359): values=ManufacturerCode=(1851) IndustryCode=(4) HeadingTrue=(None) HeadingMagnetic=(89.79 deg)

32 : pgn=128259 line=Rx 10395241 09 f5 03 20 d4 29 01 ff ff ff ff ff
source=32: pgn=Speed(128259): values=SpeedWaterReferenced=(2.97 m/s) SpeedGroundReferenced=(None) SpeedWaterReferencedType=(None) SpeedDirection=(None)

3  : pgn=129026 line=Tx 10395242 09 f8 02 03 ff fc dc 4a 46 01 ff ff
source=3: pgn=COG & SOG, Rapid Update(129026): values=COGReference=("0") COG=(109.80 deg) SOG=(3.2600000000000002 m/s)

3  : pgn=129025 line=Tx 10395242 09 f8 01 03 e9 51 6f 1c 09 00 fe b6
source=3: pgn=Position, Rapid Update(129025): values=Latitude=(47.705751299999996 deg) Longitude=(-122.4867831 deg)

3  : pgn=126992 line=Tx 10395242 0d f0 10 03 ff ff 06 40 de bb 1b 2c
source=3: pgn=System Time(126992): values=Source=(None) Date=(16390 d) Time=(74001.507 s)

1  : pgn=129038 line=Rx 10395250 11 f8 0e 01 e0 1b c1 2a ef df 15 b4
1  : pgn=129038 line=Rx 10395250 11 f8 0e 01 e1 91 14 b7 51 95 63 1c
1  : pgn=129038 line=Rx 10395251 11 f8 0e 01 e2 5a 0e b7 00 00 00 00
1  : pgn=129038 line=Rx 10395251 11 f8 0e 01 e3 00 ff ff ff 7f f0 fe
0  : pgn=127250 line=Rx 10395276 09 f1 12 00 ff 55 3d ff 7f ff 7f fd
source=0: pgn=Vessel Heading(127250): values=Heading=(89.96 deg) Deviation=(None) Variation=(None) Reference=("1")

0  : pgn=127245 line=Rx 10395277 09 f1 0d 00 00 f8 ff 7f 00 00 ff ff
source=0: pgn=Rudder(127245): values=Instance=(0) DirectionOrder=("0") AngleOrder=(None) Position=(0.00 deg)

0  : pgn=65359  line=Rx 10395285 1c ff 4f 00 3b 9f ff ff ff 55 3d ff
source=0: pgn=Seatalk: Pilot Heading(65359): values=ManufacturerCode=(1851) IndustryCode=(4) HeadingTrue=(None) HeadingMagnetic=(89.96 deg)

32 : pgn=128259 line=Rx 10395341 09 f5 03 20 d5 2a 01 ff ff ff ff ff
source=32: pgn=Speed(128259): values=SpeedWaterReferenced=(2.98 m/s) SpeedGroundReferenced=(None) SpeedWaterReferencedType=(None) SpeedDirection=(None)

3  : pgn=129025 line=Tx 10395343 09 f8 01 03 d4 51 6f 1c b9 00 fe b6
source=3: pgn=Position, Rapid Update(129025): values=Latitude=(47.7057492 deg) Longitude=(-122.48676549999999 deg)

0  : pgn=127250 line=Rx 10395366 09 f1 12 00 ff ae 3d ff 7f ff 7f fd
source=0: pgn=Vessel Heading(127250): values=Heading=(90.47 deg) Deviation=(None) Variation=(None) Reference=("1")

0  : pgn=127245 line=Rx 10395367 09 f1 0d 00 00 f8 ff 7f 00 00 ff ff
source=0: pgn=Rudder(127245): values=Instance=(0) DirectionOrder=("0") AngleOrder=(None) Position=(0.00 deg)

0  : pgn=65359  line=Rx 10395372 1c ff 4f 00 3b 9f ff ff ff ae 3d ff
source=0: pgn=Seatalk: Pilot Heading(65359): values=ManufacturerCode=(1851) IndustryCode=(4) HeadingTrue=(None) HeadingMagnetic=(90.47 deg)

4  : pgn=65384  line=Rx 10395398 1c ff 68 04 3b 9f 00 00 00 00 00 00
32 : pgn=128259 line=Rx 10395440 09 f5 03 20 d6 30 01 ff ff ff ff ff
source=32: pgn=Speed(128259): values=SpeedWaterReferenced=(3.04 m/s) SpeedGroundReferenced=(None) SpeedWaterReferencedType=(None) SpeedDirection=(None)

3  : pgn=129026 line=Tx 10395444 09 f8 02 03 ff fc 62 4a 46 01 ff ff
source=3: pgn=COG & SOG, Rapid Update(129026): values=COGReference=("0") COG=(109.10 deg) SOG=(3.2600000000000002 m/s)

3  : pgn=129025 line=Tx 10395444 09 f8 01 03 d4 51 6f 1c b9 00 fe b6
source=3: pgn=Position, Rapid Update(129025): values=Latitude=(47.7057492 deg) Longitude=(-122.48676549999999 deg)

3  : pgn=129291 line=Tx 10395444 0d f9 0b 03 ff fc b6 5f 1b 00 ff ff
source=3: pgn=Set & Drift, Rapid Update(129291): values=SetReference=("0") Set=(140.39 deg) Drift=(0.27 m/s)

0  : pgn=127250 line=Rx 10395485 09 f1 12 00 ff fa 3d ff 7f ff 7f fd
source=0: pgn=Vessel Heading(127250): values=Heading=(90.91 deg) Deviation=(None) Variation=(None) Reference=("1")

0  : pgn=127245 line=Rx 10395486 09 f1 0d 00 00 f8 ff 7f 00 00 ff ff
source=0: pgn=Rudder(127245): values=Instance=(0) DirectionOrder=("0") AngleOrder=(None) Position=(0.00 deg)

0  : pgn=65359  line=Rx 10395493 1c ff 4f 00 3b 9f ff ff ff fa 3d ff
source=0: pgn=Seatalk: Pilot Heading(65359): values=ManufacturerCode=(1851) IndustryCode=(4) HeadingTrue=(None) HeadingMagnetic=(90.91 deg)

32 : pgn=128259 line=Rx 10395539 09 f5 03 20 d7 35 01 ff ff ff ff ff
source=32: pgn=Speed(128259): values=SpeedWaterReferenced=(3.09 m/s) SpeedGroundReferenced=(None) SpeedWaterReferencedType=(None) SpeedDirection=(None)

3  : pgn=129025 line=Tx 10395544 09 f8 01 03 d4 51 6f 1c b9 00 fe b6
source=3: pgn=Position, Rapid Update(129025): values=Latitude=(47.7057492 deg) Longitude=(-122.48676549999999 deg)

0  : pgn=127250 line=Rx 10395566 09 f1 12 00 ff 0a 3e ff 7f ff 7f fd
source=0: pgn=Vessel Heading(127250): values=Heading=(91.00 deg) Deviation=(None) Variation=(None) Reference=("1")

0  : pgn=127245 line=Rx 10395567 09 f1 0d 00 00 f8 ff 7f 00 00 ff ff
source=0: pgn=Rudder(127245): values=Instance=(0) DirectionOrder=("0") AngleOrder=(None) Position=(0.00 deg)

0  : pgn=65379  line=Rx 10395571 1c ff 63 00 3b 9f 00 00 00 00 01 ff
source=0: pgn=Seatalk: Pilot Mode(65379): values=ManufacturerCode=(1851) IndustryCode=(4) PilotMode=(0) SubMode=(0) PilotModeData=(0)

0  : pgn=65359  line=Rx 10395572 1c ff 4f 00 3b 9f ff ff ff 0a 3e ff
source=0: pgn=Seatalk: Pilot Heading(65359): values=ManufacturerCode=(1851) IndustryCode=(4) HeadingTrue=(None) HeadingMagnetic=(91.00 deg)

0  : pgn=126975 line=Rx 10395576 1d ef ff 00 20 0d 3b 9f f0 81 84 96
0  : pgn=126975 line=Rx 10395577 1d ef ff 00 21 40 02 00 00 00 02 05
32 : pgn=128259 line=Rx 10395639 09 f5 03 20 d8 37 01 ff ff ff ff ff
source=32: pgn=Speed(128259): values=SpeedWaterReferenced=(3.11 m/s) SpeedGroundReferenced=(None) SpeedWaterReferencedType=(None) SpeedDirection=(None)

3  : pgn=129026 line=Tx 10395649 09 f8 02 03 ff fc 0a 4a 47 01 ff ff
source=3: pgn=COG & SOG, Rapid Update(129026): values=COGReference=("0") COG=(108.60 deg) SOG=(3.27 m/s)

3  : pgn=130577 line=Tx 10395649 0d fe 11 03 20 0e c0 ca 0a 4a 47 01
3  : pgn=130577 line=Tx 10395649 0d fe 11 03 21 ff ff ff ff b6 5f 1b
3  : pgn=130577 line=Tx 10395649 0d fe 11 03 22 00 ff ff ff ff ff ff
3  : pgn=129025 line=Tx 10395649 09 f8 01 03 bf 51 6f 1c 18 01 fe b6
3  : pgn=130306 line=Tx 10395649 09 fd 02 03 ff 37 03 ce c9 fa ff ff
source=3: pgn=Wind Data(130306): values=WindSpeed=(8.23 m/s) WindAngle=(296.00 deg) Reference=("2")

0  : pgn=126975 line=Rx 10395681 1d ef ff 00 40 09 3b 9f f0 81 ae 02
0  : pgn=126975 line=Rx 10395682 1d ef ff 00 41 00 08 00 ff ff ff ff
0  : pgn=127250 line=Rx 10395691 09 f1 12 00 ff 31 3e ff 7f ff 7f fd
source=0: pgn=Vessel Heading(127250): values=Heading=(91.22 deg) Deviation=(None) Variation=(None) Reference=("1")

0  : pgn=127245 line=Rx 10395691 09 f1 0d 00 00 f8 ff 7f 00 00 ff ff
source=0: pgn=Rudder(127245): values=Instance=(0) DirectionOrder=("0") AngleOrder=(None) Position=(0.00 deg)

0  : pgn=65359  line=Rx 10395698 1c ff 4f 00 3b 9f ff ff ff 31 3e ff
source=0: pgn=Seatalk: Pilot Heading(65359): values=ManufacturerCode=(1851) IndustryCode=(4) HeadingTrue=(None) HeadingMagnetic=(91.22 deg)

32 : pgn=128259 line=Rx 10395738 09 f5 03 20 d9 3a 01 ff ff ff ff ff
source=32: pgn=Speed(128259): values=SpeedWaterReferenced=(3.14 m/s) SpeedGroundReferenced=(None) SpeedWaterReferencedType=(None) SpeedDirection=(None)

3  : pgn=129283 line=Tx 10395749 0d f9 03 03 ff 7f ff ff ff 7f ff ff
source=3: pgn=Cross Track Error(129283): values=XTEmode=(None) NavigationTerminated=("1") XTE=(None)

3  : pgn=129025 line=Tx 10395749 09 f8 01 03 bf 51 6f 1c 18 01 fe b6
source=3: pgn=Position, Rapid Update(129025): values=Latitude=(47.705747099999996 deg) Longitude=(-122.486756 deg)

3  : pgn=128267 line=Tx 10395749 0d f5 0b 03 ff ea 3e 00 00 00 00 ff
source=3: pgn=Water Depth(128267): values=Depth=(161.06 m) Offset=(0.0 m) Range=(None)

1  : pgn=129038 line=Rx 10395764 11 f8 0e 01 00 1b c1 ca 4c e7 15 1b
source=1: pgn=AIS Class A Position Report(129038): values=MessageID=(0) RepeatIndicator=("0") UserID=(1288356123) Longitude=(0.0 deg) Latitude=(0.0 deg) PositionAccuracy=("0") RAIM=("0") TimeStamp=("0") COG=(0.00 deg) SOG=(0.0 m/s) CommunicationState=(0) AISTransceiverinformation=("0") Heading=(0.00 deg) RateofTurn=(0.00 deg/s) NavStatus=("0") SpecialManeuverIndicator=("0") Spare=(0) SequenceID=(0)

1  : pgn=129038 line=Rx 10395764 11 f8 0e 01 01 d9 d5 b6 58 27 ad 1c
source=1: pgn=AIS Class A Position Report(129038): values=MessageID=(1) RepeatIndicator=("0") UserID=(1488377305) Longitude=(0.0 deg) Latitude=(0.0 deg) PositionAccuracy=("0") RAIM=("0") TimeStamp=("0") COG=(0.00 deg) SOG=(0.0 m/s) CommunicationState=(0) AISTransceiverinformation=("0") Heading=(0.00 deg) RateofTurn=(0.00 deg/s) NavStatus=("0") SpecialManeuverIndicator=("0") Spare=(0) SequenceID=(0)

1  : pgn=129038 line=Rx 10395765 11 f8 0e 01 02 59 5c 22 88 02 00 00
source=1: pgn=AIS Class A Position Report(129038): values=MessageID=(2) RepeatIndicator=("0") UserID=(2283953241) Longitude=(0.0 deg) Latitude=(0.0 deg) PositionAccuracy=("0") RAIM=("0") TimeStamp=("0") COG=(0.00 deg) SOG=(0.0 m/s) CommunicationState=(0) AISTransceiverinformation=("0") Heading=(0.00 deg) RateofTurn=(0.00 deg/s) NavStatus=("0") SpecialManeuverIndicator=("0") Spare=(0) SequenceID=(0)

1  : pgn=129038 line=Rx 10395765 11 f8 0e 01 03 00 68 21 00 00 f0 fe
source=1: pgn=AIS Class A Position Report(129038): values=MessageID=(3) RepeatIndicator=("0") UserID=(2189312) Longitude=(0.0 deg) Latitude=(0.0 deg) PositionAccuracy=("0") RAIM=("0") TimeStamp=("0") COG=(0.00 deg) SOG=(0.0 m/s) CommunicationState=(0) AISTransceiverinformation=("0") Heading=(0.00 deg) RateofTurn=(0.00 deg/s) NavStatus=("0") SpecialManeuverIndicator=("0") Spare=(0) SequenceID=(0)

0  : pgn=127250 line=Rx 10395769 09 f1 12 00 ff 40 3e ff 7f ff 7f fd
source=0: pgn=Vessel Heading(127250): values=Heading=(91.31 deg) Deviation=(None) Variation=(None) Reference=("1")

0  : pgn=127245 line=Rx 10395770 09 f1 0d 00 00 f8 ff 7f 00 00 ff ff
source=0: pgn=Rudder(127245): values=Instance=(0) DirectionOrder=("0") AngleOrder=(None) Position=(0.00 deg)

0  : pgn=65359  line=Rx 10395776 1c ff 4f 00 3b 9f ff ff ff 40 3e ff
source=0: pgn=Seatalk: Pilot Heading(65359): values=ManufacturerCode=(1851) IndustryCode=(4) HeadingTrue=(None) HeadingMagnetic=(91.31 deg)

32 : pgn=128259 line=Rx 10395840 09 f5 03 20 da 3e 01 ff ff ff ff ff
source=32: pgn=Speed(128259): values=SpeedWaterReferenced=(3.18 m/s) SpeedGroundReferenced=(None) SpeedWaterReferencedType=(None) SpeedDirection=(None)

32 : pgn=130310 line=Rx 10395843 15 fd 06 20 15 ff ff ff ff ff ff ff
source=32: pgn=Environmental Parameters (obsolete)(130310): values=WaterTemperature=(None) OutsideAmbientAirTemperature=(None) AtmosphericPressure=(None)

